INFO: [v++ 60-1548] Creating build summary session with primary output /home/ulisses/Projects/ursa/exp/output-stationary/vitis/hls_ursa_vanilla/mxm_execute_ursa/mxm_execute_ursa.hlscompile_summary, at Thu Aug 20 13:57:26 2026
INFO: [v++ 82-31] Launching vitis_hls: vitis_hls -nolog -run csynth -work_dir /home/ulisses/Projects/ursa/exp/output-stationary/vitis/hls_ursa_vanilla/mxm_execute_ursa -config /home/ulisses/Projects/ursa/exp/output-stationary/vitis/hls_ursa_vanilla/hls_config.cfg -cmdlineconfig /home/ulisses/Projects/ursa/exp/output-stationary/vitis/hls_ursa_vanilla/mxm_execute_ursa/hls/config.cmdline

****** Vitis HLS - High-Level Synthesis from C, C++ and OpenCL v2023.2 (64-bit)
  **** SW Build 4023990 on Oct 11 2023
  **** IP Build 4028589 on Sat Oct 14 00:45:43 MDT 2023
  **** SharedData Build 4025554 on Tue Oct 10 17:18:54 MDT 2023
    ** Copyright 1986-2022 Xilinx, Inc. All Rights Reserved.
    ** Copyright 2022-2023 Advanced Micro Devices, Inc. All Rights Reserved.

source /opt/Xilinx/Vitis_HLS/2023.2/scripts/vitis_hls/hls.tcl -notrace
INFO: [HLS 200-10] Running '/opt/Xilinx/Vitis_HLS/2023.2/bin/unwrapped/lnx64.o/vitis_hls'
INFO: [HLS 200-10] For user 'ulisses' on host 'ulisses-thinkpad' (Linux_x86_64 version 6.8.0-136-generic) on Thu Aug 20 13:57:27 -03 2026
INFO: [HLS 200-10] On os Ubuntu 22.04.5 LTS
INFO: [HLS 200-10] In directory '/home/ulisses/Projects/ursa/exp/output-stationary/vitis/hls_ursa_vanilla'
INFO: [HLS 200-1909] Reading HLS ini file /home/ulisses/Projects/ursa/exp/output-stationary/vitis/hls_ursa_vanilla/hls_config.cfg
INFO: [HLS 200-1909] Reading HLS ini file /home/ulisses/Projects/ursa/exp/output-stationary/vitis/hls_ursa_vanilla/mxm_execute_ursa/hls/config.cmdline
INFO: [HLS 200-2005] Using work_dir /home/ulisses/Projects/ursa/exp/output-stationary/vitis/hls_ursa_vanilla/mxm_execute_ursa 
INFO: [HLS 200-1510] Running: open_project /home/ulisses/Projects/ursa/exp/output-stationary/vitis/hls_ursa_vanilla/mxm_execute_ursa -diskless 
INFO: [HLS 200-1510] Running: open_solution hls 
INFO: [HLS 200-1505] Using default flow_target 'vivado'
Resolution: For help on HLS 200-1505 see docs.xilinx.com/access/sources/dita/topic?Doc_Version=2023.2%20English&url=ug1448-hls-guidance&resourceid=200-1505.html
INFO: [HLS 200-1510] Running: apply_ini /home/ulisses/Projects/ursa/exp/output-stationary/vitis/hls_ursa_vanilla/hls_config.cfg 
INFO: [HLS 200-1909] Reading HLS ini file /home/ulisses/Projects/ursa/exp/output-stationary/vitis/hls_ursa_vanilla/hls_config.cfg
INFO: [HLS 200-1465] Applying ini 'syn.file=/home/ulisses/Projects/ursa/exp/output-stationary/vitis_component/inp_data/hls_src/core/shell.h' at /home/ulisses/Projects/ursa/exp/output-stationary/vitis/hls_ursa_vanilla/hls_config.cfg(7)
INFO: [HLS 200-10] Adding design file '/home/ulisses/Projects/ursa/exp/output-stationary/vitis_component/inp_data/hls_src/core/shell.h' to the project
INFO: [HLS 200-1465] Applying ini 'syn.file=/home/ulisses/Projects/ursa/exp/output-stationary/vitis_component/inp_data/hls_src/core/shell.cpp' at /home/ulisses/Projects/ursa/exp/output-stationary/vitis/hls_ursa_vanilla/hls_config.cfg(8)
INFO: [HLS 200-10] Adding design file '/home/ulisses/Projects/ursa/exp/output-stationary/vitis_component/inp_data/hls_src/core/shell.cpp' to the project
INFO: [HLS 200-1465] Applying ini 'syn.file=/home/ulisses/Projects/ursa/exp/output-stationary/vitis_component/inp_data/hls_src/core/sa.h' at /home/ulisses/Projects/ursa/exp/output-stationary/vitis/hls_ursa_vanilla/hls_config.cfg(9)
INFO: [HLS 200-10] Adding design file '/home/ulisses/Projects/ursa/exp/output-stationary/vitis_component/inp_data/hls_src/core/sa.h' to the project
INFO: [HLS 200-1465] Applying ini 'syn.file=/home/ulisses/Projects/ursa/exp/output-stationary/vitis_component/inp_data/hls_src/core/sa.cpp' at /home/ulisses/Projects/ursa/exp/output-stationary/vitis/hls_ursa_vanilla/hls_config.cfg(10)
INFO: [HLS 200-10] Adding design file '/home/ulisses/Projects/ursa/exp/output-stationary/vitis_component/inp_data/hls_src/core/sa.cpp' to the project
INFO: [HLS 200-1465] Applying ini 'syn.file=/home/ulisses/Projects/ursa/exp/output-stationary/vitis_component/inp_data/hls_src/core/pe.h' at /home/ulisses/Projects/ursa/exp/output-stationary/vitis/hls_ursa_vanilla/hls_config.cfg(11)
INFO: [HLS 200-10] Adding design file '/home/ulisses/Projects/ursa/exp/output-stationary/vitis_component/inp_data/hls_src/core/pe.h' to the project
INFO: [HLS 200-1465] Applying ini 'syn.file=/home/ulisses/Projects/ursa/exp/output-stationary/vitis_component/inp_data/hls_src/core/pe.cpp' at /home/ulisses/Projects/ursa/exp/output-stationary/vitis/hls_ursa_vanilla/hls_config.cfg(12)
INFO: [HLS 200-10] Adding design file '/home/ulisses/Projects/ursa/exp/output-stationary/vitis_component/inp_data/hls_src/core/pe.cpp' to the project
INFO: [HLS 200-1465] Applying ini 'syn.file=/home/ulisses/Projects/ursa/exp/output-stationary/vitis_component/inp_data/hls_src/settings.h' at /home/ulisses/Projects/ursa/exp/output-stationary/vitis/hls_ursa_vanilla/hls_config.cfg(13)
INFO: [HLS 200-10] Adding design file '/home/ulisses/Projects/ursa/exp/output-stationary/vitis_component/inp_data/hls_src/settings.h' to the project
INFO: [HLS 200-1465] Applying ini 'tb.file=/home/ulisses/Projects/ursa/exp/output-stationary/vitis_component/inp_data/hls_tb/simple_mxm/tb_main.cpp' at /home/ulisses/Projects/ursa/exp/output-stationary/vitis/hls_ursa_vanilla/hls_config.cfg(14)
INFO: [HLS 200-10] Adding test bench file '/home/ulisses/Projects/ursa/exp/output-stationary/vitis_component/inp_data/hls_tb/simple_mxm/tb_main.cpp' to the project
INFO: [HLS 200-1465] Applying ini 'tb.file=/home/ulisses/Projects/ursa/exp/output-stationary/vitis_component/inp_data/hls_tb/simple_mxm/matrices.h' at /home/ulisses/Projects/ursa/exp/output-stationary/vitis/hls_ursa_vanilla/hls_config.cfg(15)
INFO: [HLS 200-10] Adding test bench file '/home/ulisses/Projects/ursa/exp/output-stationary/vitis_component/inp_data/hls_tb/simple_mxm/matrices.h' to the project
INFO: [HLS 200-1465] Applying ini 'tb.file=/home/ulisses/Projects/ursa/exp/output-stationary/vitis_component/inp_data/hls_tb/simple_mxm/matrices.cpp' at /home/ulisses/Projects/ursa/exp/output-stationary/vitis/hls_ursa_vanilla/hls_config.cfg(16)
INFO: [HLS 200-10] Adding test bench file '/home/ulisses/Projects/ursa/exp/output-stationary/vitis_component/inp_data/hls_tb/simple_mxm/matrices.cpp' to the project
INFO: [HLS 200-1465] Applying ini 'syn.top=mxm_execute_ursa' at /home/ulisses/Projects/ursa/exp/output-stationary/vitis/hls_ursa_vanilla/hls_config.cfg(17)
INFO: [HLS 200-1465] Applying ini 'flow_target=vivado' at /home/ulisses/Projects/ursa/exp/output-stationary/vitis/hls_ursa_vanilla/hls_config.cfg(4)
INFO: [HLS 200-1505] Using flow_target 'vivado'
Resolution: For help on HLS 200-1505 see docs.xilinx.com/access/sources/dita/topic?Doc_Version=2023.2%20English&url=ug1448-hls-guidance&resourceid=200-1505.html
INFO: [HLS 200-1465] Applying ini 'part=xc7z020clg484-1' at /home/ulisses/Projects/ursa/exp/output-stationary/vitis/hls_ursa_vanilla/hls_config.cfg(1)
INFO: [HLS 200-1611] Setting target device to 'xc7z020-clg484-1'
INFO: [HLS 200-1465] Applying ini 'clock=10' at /home/ulisses/Projects/ursa/exp/output-stationary/vitis/hls_ursa_vanilla/hls_config.cfg(18)
INFO: [SYN 201-201] Setting up clock 'default' with a period of 10ns.
INFO: [HLS 200-1465] Applying ini 'package.ip.display_name=ursa_vanilla_8x8' at /home/ulisses/Projects/ursa/exp/output-stationary/vitis/hls_ursa_vanilla/hls_config.cfg(22)
INFO: [HLS 200-1465] Applying ini 'package.output.format=ip_catalog' at /home/ulisses/Projects/ursa/exp/output-stationary/vitis/hls_ursa_vanilla/hls_config.cfg(5)
INFO: [HLS 200-1465] Applying ini 'syn.interface.m_axi_addr64=0' at /home/ulisses/Projects/ursa/exp/output-stationary/vitis/hls_ursa_vanilla/hls_config.cfg(21)
INFO: [HLS 200-1465] Applying ini 'syn.interface.m_axi_max_bitwidth=32' at /home/ulisses/Projects/ursa/exp/output-stationary/vitis/hls_ursa_vanilla/hls_config.cfg(20)
INFO: [HLS 200-1510] Running: apply_ini /home/ulisses/Projects/ursa/exp/output-stationary/vitis/hls_ursa_vanilla/mxm_execute_ursa/hls/config.cmdline 
INFO: [HLS 200-1909] Reading HLS ini file /home/ulisses/Projects/ursa/exp/output-stationary/vitis/hls_ursa_vanilla/mxm_execute_ursa/hls/config.cmdline
INFO: [HLS 200-1510] Running: csynth_design 
INFO: [HLS 200-111] Finished File checks and directory preparation: CPU user time: 0.06 seconds. CPU system time: 0.01 seconds. Elapsed time: 0.07 seconds; current allocated memory: 274.418 MB.
INFO: [HLS 200-10] Analyzing design file '/home/ulisses/Projects/ursa/exp/output-stationary/vitis_component/inp_data/hls_src/core/pe.cpp' ... 
WARNING: [HLS 207-5583] '#pragma HLS unroll' can only be applied inside loop body (/home/ulisses/Projects/ursa/exp/output-stationary/vitis_component/inp_data/hls_src/core/pe.cpp:16:9)
INFO: [HLS 200-10] Analyzing design file '/home/ulisses/Projects/ursa/exp/output-stationary/vitis_component/inp_data/hls_src/core/sa.cpp' ... 
INFO: [HLS 200-10] Analyzing design file '/home/ulisses/Projects/ursa/exp/output-stationary/vitis_component/inp_data/hls_src/core/shell.cpp' ... 
WARNING: [HLS 207-5571] Only 'for' loop or function body support the dataflow pragma (/home/ulisses/Projects/ursa/exp/output-stationary/vitis_component/inp_data/hls_src/core/shell.cpp:126:9)
INFO: [HLS 200-111] Finished Source Code Analysis and Preprocessing: CPU user time: 7.47 seconds. CPU system time: 1.89 seconds. Elapsed time: 9.35 seconds; current allocated memory: 277.410 MB.
INFO: [HLS 200-777] Using interface defaults for 'Vivado' flow target.
INFO: [HLS 200-1995] There were 861 instructions in the design after the 'Compile/Link' phase of compilation. See the Design Size Report for more details: /home/ulisses/Projects/ursa/exp/output-stationary/vitis/hls_ursa_vanilla/mxm_execute_ursa/hls/syn/report/csynth_design_size.rpt
INFO: [HLS 200-1995] There were 2,783 instructions in the design after the 'Unroll/Inline (step 1)' phase of compilation. See the Design Size Report for more details: /home/ulisses/Projects/ursa/exp/output-stationary/vitis/hls_ursa_vanilla/mxm_execute_ursa/hls/syn/report/csynth_design_size.rpt
INFO: [HLS 200-1995] There were 2,494 instructions in the design after the 'Unroll/Inline (step 2)' phase of compilation. See the Design Size Report for more details: /home/ulisses/Projects/ursa/exp/output-stationary/vitis/hls_ursa_vanilla/mxm_execute_ursa/hls/syn/report/csynth_design_size.rpt
INFO: [HLS 200-1995] There were 2,536 instructions in the design after the 'Unroll/Inline (step 3)' phase of compilation. See the Design Size Report for more details: /home/ulisses/Projects/ursa/exp/output-stationary/vitis/hls_ursa_vanilla/mxm_execute_ursa/hls/syn/report/csynth_design_size.rpt
INFO: [HLS 200-1995] There were 2,422 instructions in the design after the 'Unroll/Inline (step 4)' phase of compilation. See the Design Size Report for more details: /home/ulisses/Projects/ursa/exp/output-stationary/vitis/hls_ursa_vanilla/mxm_execute_ursa/hls/syn/report/csynth_design_size.rpt
INFO: [HLS 200-1995] There were 2,543 instructions in the design after the 'Array/Struct (step 1)' phase of compilation. See the Design Size Report for more details: /home/ulisses/Projects/ursa/exp/output-stationary/vitis/hls_ursa_vanilla/mxm_execute_ursa/hls/syn/report/csynth_design_size.rpt
INFO: [HLS 200-1995] There were 2,543 instructions in the design after the 'Array/Struct (step 2)' phase of compilation. See the Design Size Report for more details: /home/ulisses/Projects/ursa/exp/output-stationary/vitis/hls_ursa_vanilla/mxm_execute_ursa/hls/syn/report/csynth_design_size.rpt
INFO: [HLS 200-1995] There were 2,543 instructions in the design after the 'Array/Struct (step 3)' phase of compilation. See the Design Size Report for more details: /home/ulisses/Projects/ursa/exp/output-stationary/vitis/hls_ursa_vanilla/mxm_execute_ursa/hls/syn/report/csynth_design_size.rpt
INFO: [HLS 200-1995] There were 2,543 instructions in the design after the 'Array/Struct (step 4)' phase of compilation. See the Design Size Report for more details: /home/ulisses/Projects/ursa/exp/output-stationary/vitis/hls_ursa_vanilla/mxm_execute_ursa/hls/syn/report/csynth_design_size.rpt
INFO: [HLS 200-1995] There were 2,414 instructions in the design after the 'Array/Struct (step 5)' phase of compilation. See the Design Size Report for more details: /home/ulisses/Projects/ursa/exp/output-stationary/vitis/hls_ursa_vanilla/mxm_execute_ursa/hls/syn/report/csynth_design_size.rpt
INFO: [HLS 200-1995] There were 2,407 instructions in the design after the 'Performance (step 1)' phase of compilation. See the Design Size Report for more details: /home/ulisses/Projects/ursa/exp/output-stationary/vitis/hls_ursa_vanilla/mxm_execute_ursa/hls/syn/report/csynth_design_size.rpt
INFO: [HLS 200-1995] There were 1,929 instructions in the design after the 'Performance (step 2)' phase of compilation. See the Design Size Report for more details: /home/ulisses/Projects/ursa/exp/output-stationary/vitis/hls_ursa_vanilla/mxm_execute_ursa/hls/syn/report/csynth_design_size.rpt
INFO: [HLS 200-1995] There were 1,955 instructions in the design after the 'Performance (step 3)' phase of compilation. See the Design Size Report for more details: /home/ulisses/Projects/ursa/exp/output-stationary/vitis/hls_ursa_vanilla/mxm_execute_ursa/hls/syn/report/csynth_design_size.rpt
INFO: [HLS 200-1995] There were 1,955 instructions in the design after the 'Performance (step 4)' phase of compilation. See the Design Size Report for more details: /home/ulisses/Projects/ursa/exp/output-stationary/vitis/hls_ursa_vanilla/mxm_execute_ursa/hls/syn/report/csynth_design_size.rpt
INFO: [HLS 200-1995] There were 2,009 instructions in the design after the 'HW Transforms (step 1)' phase of compilation. See the Design Size Report for more details: /home/ulisses/Projects/ursa/exp/output-stationary/vitis/hls_ursa_vanilla/mxm_execute_ursa/hls/syn/report/csynth_design_size.rpt
INFO: [HLS 200-1995] There were 1,984 instructions in the design after the 'HW Transforms (step 2)' phase of compilation. See the Design Size Report for more details: /home/ulisses/Projects/ursa/exp/output-stationary/vitis/hls_ursa_vanilla/mxm_execute_ursa/hls/syn/report/csynth_design_size.rpt
INFO: [HLS 214-377] Adding 'mxm_execute_ursa(signed char*, unsigned short, unsigned char*, unsigned short, int*, unsigned short)::sa' into disaggregation list because there's array-partition pragma applied on the struct field (/home/ulisses/Projects/ursa/exp/output-stationary/vitis_component/inp_data/hls_src/core/shell.cpp:127:2)
INFO: [HLS 214-210] Disaggregating variable 'mxm_execute_ursa(signed char*, unsigned short, unsigned char*, unsigned short, int*, unsigned short)::sa' (/home/ulisses/Projects/ursa/exp/output-stationary/vitis_component/inp_data/hls_src/core/shell.cpp:122:0)
Resolution: For help on HLS 214-210 see docs.xilinx.com/access/sources/dita/topic?Doc_Version=2023.2%20English&url=ug1448-hls-guidance&resourceid=214-210.html
INFO: [HLS 214-291] Loop 'VITIS_LOOP_28_1' is marked as complete unroll implied by the pipeline pragma (/home/ulisses/Projects/ursa/exp/output-stationary/vitis_component/inp_data/hls_src/core/sa.cpp:28:19)
INFO: [HLS 214-291] Loop 'VITIS_LOOP_30_2' is marked as complete unroll implied by the pipeline pragma (/home/ulisses/Projects/ursa/exp/output-stationary/vitis_component/inp_data/hls_src/core/sa.cpp:30:19)
INFO: [HLS 214-291] Loop 'VITIS_LOOP_88_1' is marked as complete unroll implied by the pipeline pragma (/home/ulisses/Projects/ursa/exp/output-stationary/vitis_component/inp_data/hls_src/core/sa.cpp:88:19)
INFO: [HLS 214-291] Loop 'VITIS_LOOP_90_2' is marked as complete unroll implied by the pipeline pragma (/home/ulisses/Projects/ursa/exp/output-stationary/vitis_component/inp_data/hls_src/core/sa.cpp:90:19)
INFO: [HLS 214-291] Loop 'VITIS_LOOP_76_6' is marked as complete unroll implied by the pipeline pragma (/home/ulisses/Projects/ursa/exp/output-stationary/vitis_component/inp_data/hls_src/core/sa.cpp:76:21)
INFO: [HLS 214-291] Loop 'VITIS_LOOP_78_7' is marked as complete unroll implied by the pipeline pragma (/home/ulisses/Projects/ursa/exp/output-stationary/vitis_component/inp_data/hls_src/core/sa.cpp:78:19)
INFO: [HLS 214-291] Loop 'VITIS_LOOP_67_4' is marked as complete unroll implied by the pipeline pragma (/home/ulisses/Projects/ursa/exp/output-stationary/vitis_component/inp_data/hls_src/core/sa.cpp:67:21)
INFO: [HLS 214-291] Loop 'VITIS_LOOP_69_5' is marked as complete unroll implied by the pipeline pragma (/home/ulisses/Projects/ursa/exp/output-stationary/vitis_component/inp_data/hls_src/core/sa.cpp:69:19)
INFO: [HLS 214-291] Loop 'VITIS_LOOP_58_2' is marked as complete unroll implied by the pipeline pragma (/home/ulisses/Projects/ursa/exp/output-stationary/vitis_component/inp_data/hls_src/core/sa.cpp:58:21)
INFO: [HLS 214-291] Loop 'VITIS_LOOP_60_3' is marked as complete unroll implied by the pipeline pragma (/home/ulisses/Projects/ursa/exp/output-stationary/vitis_component/inp_data/hls_src/core/sa.cpp:60:19)
INFO: [HLS 214-291] Loop 'VITIS_LOOP_51_1' is marked as complete unroll implied by the pipeline pragma (/home/ulisses/Projects/ursa/exp/output-stationary/vitis_component/inp_data/hls_src/core/sa.cpp:51:19)
INFO: [HLS 214-291] Loop 'VITIS_LOOP_68_1' is marked as complete unroll implied by the pipeline pragma (/home/ulisses/Projects/ursa/exp/output-stationary/vitis_component/inp_data/hls_src/core/shell.cpp:68:19)
INFO: [HLS 214-291] Loop 'VITIS_LOOP_42_1' is marked as complete unroll implied by the pipeline pragma (/home/ulisses/Projects/ursa/exp/output-stationary/vitis_component/inp_data/hls_src/core/shell.cpp:42:19)
INFO: [HLS 214-291] Loop 'VITIS_LOOP_14_1' is marked as complete unroll implied by the pipeline pragma (/home/ulisses/Projects/ursa/exp/output-stationary/vitis_component/inp_data/hls_src/core/shell.cpp:14:19)
INFO: [HLS 214-186] Unrolling loop 'VITIS_LOOP_28_1' (/home/ulisses/Projects/ursa/exp/output-stationary/vitis_component/inp_data/hls_src/core/sa.cpp:28:19) in function 'sa_reset' completely with a factor of 8 (/home/ulisses/Projects/ursa/exp/output-stationary/vitis_component/inp_data/hls_src/core/sa.cpp:25:0)
INFO: [HLS 214-186] Unrolling loop 'VITIS_LOOP_30_2' (/home/ulisses/Projects/ursa/exp/output-stationary/vitis_component/inp_data/hls_src/core/sa.cpp:30:19) in function 'sa_reset' completely with a factor of 8 (/home/ulisses/Projects/ursa/exp/output-stationary/vitis_component/inp_data/hls_src/core/sa.cpp:25:0)
INFO: [HLS 214-186] Unrolling loop 'VITIS_LOOP_88_1' (/home/ulisses/Projects/ursa/exp/output-stationary/vitis_component/inp_data/hls_src/core/sa.cpp:88:19) in function 'sa_store' completely with a factor of 8 (/home/ulisses/Projects/ursa/exp/output-stationary/vitis_component/inp_data/hls_src/core/sa.cpp:85:0)
INFO: [HLS 214-186] Unrolling loop 'VITIS_LOOP_90_2' (/home/ulisses/Projects/ursa/exp/output-stationary/vitis_component/inp_data/hls_src/core/sa.cpp:90:19) in function 'sa_store' completely with a factor of 8 (/home/ulisses/Projects/ursa/exp/output-stationary/vitis_component/inp_data/hls_src/core/sa.cpp:85:0)
INFO: [HLS 214-186] Unrolling loop 'VITIS_LOOP_76_6' (/home/ulisses/Projects/ursa/exp/output-stationary/vitis_component/inp_data/hls_src/core/sa.cpp:76:21) in function 'sa_compute' completely with a factor of 8 (/home/ulisses/Projects/ursa/exp/output-stationary/vitis_component/inp_data/hls_src/core/sa.cpp:45:0)
INFO: [HLS 214-186] Unrolling loop 'VITIS_LOOP_78_7' (/home/ulisses/Projects/ursa/exp/output-stationary/vitis_component/inp_data/hls_src/core/sa.cpp:78:19) in function 'sa_compute' completely with a factor of 8 (/home/ulisses/Projects/ursa/exp/output-stationary/vitis_component/inp_data/hls_src/core/sa.cpp:45:0)
INFO: [HLS 214-186] Unrolling loop 'VITIS_LOOP_67_4' (/home/ulisses/Projects/ursa/exp/output-stationary/vitis_component/inp_data/hls_src/core/sa.cpp:67:21) in function 'sa_compute' completely with a factor of 7 (/home/ulisses/Projects/ursa/exp/output-stationary/vitis_component/inp_data/hls_src/core/sa.cpp:45:0)
INFO: [HLS 214-186] Unrolling loop 'VITIS_LOOP_69_5' (/home/ulisses/Projects/ursa/exp/output-stationary/vitis_component/inp_data/hls_src/core/sa.cpp:69:19) in function 'sa_compute' completely with a factor of 8 (/home/ulisses/Projects/ursa/exp/output-stationary/vitis_component/inp_data/hls_src/core/sa.cpp:45:0)
INFO: [HLS 214-186] Unrolling loop 'VITIS_LOOP_58_2' (/home/ulisses/Projects/ursa/exp/output-stationary/vitis_component/inp_data/hls_src/core/sa.cpp:58:21) in function 'sa_compute' completely with a factor of 7 (/home/ulisses/Projects/ursa/exp/output-stationary/vitis_component/inp_data/hls_src/core/sa.cpp:45:0)
INFO: [HLS 214-186] Unrolling loop 'VITIS_LOOP_60_3' (/home/ulisses/Projects/ursa/exp/output-stationary/vitis_component/inp_data/hls_src/core/sa.cpp:60:19) in function 'sa_compute' completely with a factor of 8 (/home/ulisses/Projects/ursa/exp/output-stationary/vitis_component/inp_data/hls_src/core/sa.cpp:45:0)
INFO: [HLS 214-186] Unrolling loop 'VITIS_LOOP_51_1' (/home/ulisses/Projects/ursa/exp/output-stationary/vitis_component/inp_data/hls_src/core/sa.cpp:51:19) in function 'sa_compute' completely with a factor of 8 (/home/ulisses/Projects/ursa/exp/output-stationary/vitis_component/inp_data/hls_src/core/sa.cpp:45:0)
INFO: [HLS 214-186] Unrolling loop 'VITIS_LOOP_68_1' (/home/ulisses/Projects/ursa/exp/output-stationary/vitis_component/inp_data/hls_src/core/shell.cpp:68:19) in function 'load_inputs_sa' completely with a factor of 8 (/home/ulisses/Projects/ursa/exp/output-stationary/vitis_component/inp_data/hls_src/core/shell.cpp:65:0)
INFO: [HLS 214-186] Unrolling loop 'VITIS_LOOP_42_1' (/home/ulisses/Projects/ursa/exp/output-stationary/vitis_component/inp_data/hls_src/core/shell.cpp:42:19) in function 'fill_inputs_b' completely with a factor of 8 (/home/ulisses/Projects/ursa/exp/output-stationary/vitis_component/inp_data/hls_src/core/shell.cpp:34:0)
INFO: [HLS 214-186] Unrolling loop 'VITIS_LOOP_14_1' (/home/ulisses/Projects/ursa/exp/output-stationary/vitis_component/inp_data/hls_src/core/shell.cpp:14:19) in function 'fill_inputs_a' completely with a factor of 8 (/home/ulisses/Projects/ursa/exp/output-stationary/vitis_component/inp_data/hls_src/core/shell.cpp:6:0)
INFO: [HLS 214-178] Inlining function 'sa_input_a_b(SA*, ap_int<8>, ap_uint<8>, unsigned short)' into 'load_inputs_sa(SA*, ap_int<8>*, ap_uint<8>*)' (/home/ulisses/Projects/ursa/exp/output-stationary/vitis_component/inp_data/hls_src/core/shell.cpp:65:0)
INFO: [HLS 214-248] Applying array_partition to '_ZZ16mxm_execute_ursaPatPhtPitE2sa.pe.ba': Complete partitioning on dimension 1. (/home/ulisses/Projects/ursa/exp/output-stationary/vitis_component/inp_data/hls_src/core/shell.cpp:122:0)
INFO: [HLS 214-248] Applying array_partition to '_ZZ16mxm_execute_ursaPatPhtPitE2sa.pe.bw': Complete partitioning on dimension 1. (/home/ulisses/Projects/ursa/exp/output-stationary/vitis_component/inp_data/hls_src/core/shell.cpp:122:0)
INFO: [HLS 214-248] Applying array_partition to '_ZZ16mxm_execute_ursaPatPhtPitE2sa.pe.ri': Complete partitioning on dimension 1. (/home/ulisses/Projects/ursa/exp/output-stationary/vitis_component/inp_data/hls_src/core/shell.cpp:122:0)
INFO: [HLS 214-248] Applying array_partition to '_ZZ16mxm_execute_ursaPatPhtPitE2sa.pe.tw': Complete partitioning on dimension 1. (/home/ulisses/Projects/ursa/exp/output-stationary/vitis_component/inp_data/hls_src/core/shell.cpp:122:0)
INFO: [HLS 214-248] Applying array_partition to '_ZZ16mxm_execute_ursaPatPhtPitE2sa.pe.li': Complete partitioning on dimension 1. (/home/ulisses/Projects/ursa/exp/output-stationary/vitis_component/inp_data/hls_src/core/shell.cpp:122:0)
INFO: [HLS 214-248] Applying array_partition to '_ZZ16mxm_execute_ursaPatPhtPitE2sa.in_mtx_a_li': Complete partitioning on dimension 1. (/home/ulisses/Projects/ursa/exp/output-stationary/vitis_component/inp_data/hls_src/core/shell.cpp:122:0)
INFO: [HLS 214-248] Applying array_partition to '_ZZ16mxm_execute_ursaPatPhtPitE2sa.in_mtx_b_tw': Complete partitioning on dimension 1. (/home/ulisses/Projects/ursa/exp/output-stationary/vitis_component/inp_data/hls_src/core/shell.cpp:122:0)
INFO: [HLS 214-248] Applying array_partition to 'in_a': Complete partitioning on dimension 1. (/home/ulisses/Projects/ursa/exp/output-stationary/vitis_component/inp_data/hls_src/core/shell.cpp:110:11)
INFO: [HLS 214-248] Applying array_partition to 'in_b': Complete partitioning on dimension 1. (/home/ulisses/Projects/ursa/exp/output-stationary/vitis_component/inp_data/hls_src/core/shell.cpp:113:11)
INFO: [HLS 214-364] Automatically inlining function 'fill_inputs_a(ap_int<8>*, ap_int<8>*, unsigned short, unsigned short)' to improve effectiveness of pipeline pragma in function 'mxm_execute_ursa(signed char*, unsigned short, unsigned char*, unsigned short, int*, unsigned short)' (/home/ulisses/Projects/ursa/exp/output-stationary/vitis_component/inp_data/hls_src/core/shell.cpp:141:2)
INFO: [HLS 214-364] Automatically inlining function 'fill_inputs_b(ap_uint<8>*, unsigned short, ap_uint<8>*, unsigned short, unsigned short)' to improve effectiveness of pipeline pragma in function 'mxm_execute_ursa(signed char*, unsigned short, unsigned char*, unsigned short, int*, unsigned short)' (/home/ulisses/Projects/ursa/exp/output-stationary/vitis_component/inp_data/hls_src/core/shell.cpp:142:21)
INFO: [HLS 214-364] Automatically inlining function 'load_inputs_sa(SA*, ap_int<8>*, ap_uint<8>*)' to improve effectiveness of pipeline pragma in function 'mxm_execute_ursa(signed char*, unsigned short, unsigned char*, unsigned short, int*, unsigned short)' (/home/ulisses/Projects/ursa/exp/output-stationary/vitis_component/inp_data/hls_src/core/shell.cpp:145:21)
INFO: [HLS 214-364] Automatically inlining function 'sa_compute(SA*)' to improve effectiveness of pipeline pragma in function 'mxm_execute_ursa(signed char*, unsigned short, unsigned char*, unsigned short, int*, unsigned short)' (/home/ulisses/Projects/ursa/exp/output-stationary/vitis_component/inp_data/hls_src/core/shell.cpp:148:21)
INFO: [HLS 214-364] Automatically inlining function 'pe_compute(PE*)' to improve effectiveness of pipeline pragma in function 'mxm_execute_ursa(signed char*, unsigned short, unsigned char*, unsigned short, int*, unsigned short)' (/home/ulisses/Projects/ursa/exp/output-stationary/vitis_component/inp_data/hls_src/core/sa.cpp:80:2)
INFO: [HLS 214-364] Automatically inlining function 'pe_reset(PE*)' to improve effectiveness of pipeline pragma in function 'sa_reset(SA*)' (/home/ulisses/Projects/ursa/exp/output-stationary/vitis_component/inp_data/hls_src/core/sa.cpp:32:2)
INFO: [HLS 214-270] Inferring pragma 'array_partition type=complete dim=1' for array 'mxm_execute_ursa(signed char*, unsigned short, unsigned char*, unsigned short, int*, unsigned short)::sa (.pe.ba_0)' due to pipeline pragma
INFO: [HLS 214-270] Inferring pragma 'array_partition type=complete dim=1' for array 'mxm_execute_ursa(signed char*, unsigned short, unsigned char*, unsigned short, int*, unsigned short)::sa (.pe.ba_1)' due to pipeline pragma
INFO: [HLS 214-270] Inferring pragma 'array_partition type=complete dim=1' for array 'mxm_execute_ursa(signed char*, unsigned short, unsigned char*, unsigned short, int*, unsigned short)::sa (.pe.ba_2)' due to pipeline pragma
INFO: [HLS 214-270] Inferring pragma 'array_partition type=complete dim=1' for array 'mxm_execute_ursa(signed char*, unsigned short, unsigned char*, unsigned short, int*, unsigned short)::sa (.pe.ba_3)' due to pipeline pragma
INFO: [HLS 214-270] Inferring pragma 'array_partition type=complete dim=1' for array 'mxm_execute_ursa(signed char*, unsigned short, unsigned char*, unsigned short, int*, unsigned short)::sa (.pe.ba_4)' due to pipeline pragma
INFO: [HLS 214-270] Inferring pragma 'array_partition type=complete dim=1' for array 'mxm_execute_ursa(signed char*, unsigned short, unsigned char*, unsigned short, int*, unsigned short)::sa (.pe.ba_5)' due to pipeline pragma
INFO: [HLS 214-270] Inferring pragma 'array_partition type=complete dim=1' for array 'mxm_execute_ursa(signed char*, unsigned short, unsigned char*, unsigned short, int*, unsigned short)::sa (.pe.ba_6)' due to pipeline pragma
INFO: [HLS 214-270] Inferring pragma 'array_partition type=complete dim=1' for array 'mxm_execute_ursa(signed char*, unsigned short, unsigned char*, unsigned short, int*, unsigned short)::sa (.pe.ba_7)' due to pipeline pragma
INFO: [HLS 214-248] Applying array_partition to '_ZZ16mxm_execute_ursaPatPhtPitE2sa.pe.ba_7': Complete partitioning on dimension 1.
INFO: [HLS 214-248] Applying array_partition to '_ZZ16mxm_execute_ursaPatPhtPitE2sa.pe.ba_6': Complete partitioning on dimension 1.
INFO: [HLS 214-248] Applying array_partition to '_ZZ16mxm_execute_ursaPatPhtPitE2sa.pe.ba_5': Complete partitioning on dimension 1.
INFO: [HLS 214-248] Applying array_partition to '_ZZ16mxm_execute_ursaPatPhtPitE2sa.pe.ba_4': Complete partitioning on dimension 1.
INFO: [HLS 214-248] Applying array_partition to '_ZZ16mxm_execute_ursaPatPhtPitE2sa.pe.ba_3': Complete partitioning on dimension 1.
INFO: [HLS 214-248] Applying array_partition to '_ZZ16mxm_execute_ursaPatPhtPitE2sa.pe.ba_2': Complete partitioning on dimension 1.
INFO: [HLS 214-248] Applying array_partition to '_ZZ16mxm_execute_ursaPatPhtPitE2sa.pe.ba_1': Complete partitioning on dimension 1.
INFO: [HLS 214-248] Applying array_partition to '_ZZ16mxm_execute_ursaPatPhtPitE2sa.pe.ba_0': Complete partitioning on dimension 1.
INFO: [HLS 214-115] Multiple burst writes of length 8 and bit width 32 has been inferred on bundle 'ca'. These burst requests might be further partitioned into multiple requests during RTL generation, based on max_read_burst_length or max_write_burst_length settings. (/home/ulisses/Projects/ursa/exp/output-stationary/vitis_component/inp_data/hls_src/core/sa.cpp:92:19)
INFO: [HLS 214-115] Multiple burst writes of length 8 and bit width 32 has been inferred on bundle 'ca'. These burst requests might be further partitioned into multiple requests during RTL generation, based on max_read_burst_length or max_write_burst_length settings.
INFO: [HLS 214-115] Multiple burst writes of length 8 and bit width 32 has been inferred on bundle 'ca'. These burst requests might be further partitioned into multiple requests during RTL generation, based on max_read_burst_length or max_write_burst_length settings. (/home/ulisses/Projects/ursa/exp/output-stationary/vitis_component/inp_data/hls_src/core/sa.cpp:95:1)
INFO: [HLS 200-111] Finished Compiling Optimization and Transform: CPU user time: 4.26 seconds. CPU system time: 0.84 seconds. Elapsed time: 8.68 seconds; current allocated memory: 282.809 MB.
INFO: [HLS 200-111] Finished Checking Pragmas: CPU user time: 0 seconds. CPU system time: 0 seconds. Elapsed time: 0 seconds; current allocated memory: 282.809 MB.
INFO: [HLS 200-10] Starting code transformations ...
INFO: [HLS 200-111] Finished Standard Transforms: CPU user time: 0.1 seconds. CPU system time: 0 seconds. Elapsed time: 0.11 seconds; current allocated memory: 284.754 MB.
INFO: [HLS 200-10] Checking synthesizability ...
INFO: [HLS 200-111] Finished Checking Synthesizability: CPU user time: 0.06 seconds. CPU system time: 0 seconds. Elapsed time: 0.07 seconds; current allocated memory: 286.285 MB.
INFO: [XFORM 203-102] Partitioning array 'mxm_execute_ursa(signed char*, unsigned short, unsigned char*, unsigned short, int*, unsigned short)sa.30' automatically.
INFO: [XFORM 203-102] Partitioning array 'mxm_execute_ursa(signed char*, unsigned short, unsigned char*, unsigned short, int*, unsigned short)sa.29' automatically.
INFO: [XFORM 203-102] Partitioning array 'mxm_execute_ursa(signed char*, unsigned short, unsigned char*, unsigned short, int*, unsigned short)sa.28' automatically.
INFO: [XFORM 203-102] Partitioning array 'mxm_execute_ursa(signed char*, unsigned short, unsigned char*, unsigned short, int*, unsigned short)sa.27' automatically.
INFO: [XFORM 203-102] Partitioning array 'mxm_execute_ursa(signed char*, unsigned short, unsigned char*, unsigned short, int*, unsigned short)sa.26' automatically.
INFO: [XFORM 203-102] Partitioning array 'mxm_execute_ursa(signed char*, unsigned short, unsigned char*, unsigned short, int*, unsigned short)sa.25' automatically.
INFO: [XFORM 203-102] Partitioning array 'mxm_execute_ursa(signed char*, unsigned short, unsigned char*, unsigned short, int*, unsigned short)sa.24' automatically.
INFO: [XFORM 203-102] Partitioning array 'mxm_execute_ursa(signed char*, unsigned short, unsigned char*, unsigned short, int*, unsigned short)sa.23' automatically.
INFO: [XFORM 203-102] Partitioning array 'mxm_execute_ursa(signed char*, unsigned short, unsigned char*, unsigned short, int*, unsigned short)sa.22' automatically.
INFO: [XFORM 203-102] Partitioning array 'mxm_execute_ursa(signed char*, unsigned short, unsigned char*, unsigned short, int*, unsigned short)sa.21' automatically.
INFO: [XFORM 203-102] Partitioning array 'mxm_execute_ursa(signed char*, unsigned short, unsigned char*, unsigned short, int*, unsigned short)sa.20' automatically.
INFO: [XFORM 203-102] Partitioning array 'mxm_execute_ursa(signed char*, unsigned short, unsigned char*, unsigned short, int*, unsigned short)sa.19' automatically.
INFO: [XFORM 203-102] Partitioning array 'mxm_execute_ursa(signed char*, unsigned short, unsigned char*, unsigned short, int*, unsigned short)sa.18' automatically.
INFO: [XFORM 203-102] Partitioning array 'mxm_execute_ursa(signed char*, unsigned short, unsigned char*, unsigned short, int*, unsigned short)sa.17' automatically.
INFO: [XFORM 203-102] Partitioning array 'mxm_execute_ursa(signed char*, unsigned short, unsigned char*, unsigned short, int*, unsigned short)sa.16' automatically.
INFO: [XFORM 203-11] Balancing expressions in function 'mxm_execute_ursa' (/home/ulisses/Projects/ursa/exp/output-stationary/vitis_component/inp_data/hls_src/core/pe.cpp:16:9)...36 expression(s) balanced.
INFO: [HLS 200-111] Finished Loop, function and other optimizations: CPU user time: 0.35 seconds. CPU system time: 0.02 seconds. Elapsed time: 0.36 seconds; current allocated memory: 313.668 MB.
INFO: [HLS 200-2060] Failed to convert nested loops 'VITIS_LOOP_132_2'(/home/ulisses/Projects/ursa/exp/output-stationary/vitis_component/inp_data/hls_src/core/shell.cpp:132:31) and 'VITIS_LOOP_138_3'(/home/ulisses/Projects/ursa/exp/output-stationary/vitis_component/inp_data/hls_src/core/shell.cpp:138:35) in function 'mxm_execute_ursa' into perfectly nested loops.
WARNING: [HLS 200-960] Cannot flatten loop 'VITIS_LOOP_132_2' (/home/ulisses/Projects/ursa/exp/output-stationary/vitis_component/inp_data/hls_src/core/shell.cpp:132:31) in function 'mxm_execute_ursa' the outer loop is not a perfect loop because there is nontrivial logic in the loop latch.
Resolution: For help on HLS 200-960 see docs.xilinx.com/access/sources/dita/topic?Doc_Version=2023.2%20English&url=ug1448-hls-guidance&resourceid=200-960.html
INFO: [XFORM 203-541] Flattening a loop nest 'VITIS_LOOP_131_1' (/home/ulisses/Projects/ursa/exp/output-stationary/vitis_component/inp_data/hls_src/core/shell.cpp:131:27) in function 'mxm_execute_ursa'.
INFO: [HLS 200-111] Finished Architecture Synthesis: CPU user time: 0.34 seconds. CPU system time: 0.02 seconds. Elapsed time: 0.36 seconds; current allocated memory: 340.168 MB.
INFO: [HLS 200-10] Starting hardware synthesis ...
INFO: [HLS 200-10] Synthesizing 'mxm_execute_ursa' ...
INFO: [HLS 200-10] ----------------------------------------------------------------
INFO: [HLS 200-42] -- Implementing module 'mxm_execute_ursa_Pipeline_VITIS_LOOP_138_3' 
INFO: [HLS 200-10] ----------------------------------------------------------------
INFO: [SCHED 204-11] Starting scheduling ...
INFO: [HLS 200-486] Changing DSP latency (root=add_ln19_63) to 3 in order to utilize available DSP registers.
INFO: [HLS 200-486] Changing DSP latency (root=add_ln19_62) to 3 in order to utilize available DSP registers.
INFO: [HLS 200-486] Changing DSP latency (root=add_ln19_61) to 3 in order to utilize available DSP registers.
INFO: [HLS 200-486] Changing DSP latency (root=add_ln19_60) to 3 in order to utilize available DSP registers.
INFO: [HLS 200-486] Changing DSP latency (root=add_ln19_59) to 3 in order to utilize available DSP registers.
INFO: [HLS 200-486] Changing DSP latency (root=add_ln19_58) to 3 in order to utilize available DSP registers.
INFO: [HLS 200-486] Changing DSP latency (root=add_ln19_57) to 3 in order to utilize available DSP registers.
INFO: [HLS 200-486] Changing DSP latency (root=add_ln19_56) to 3 in order to utilize available DSP registers.
INFO: [HLS 200-486] Changing DSP latency (root=add_ln19_55) to 3 in order to utilize available DSP registers.
INFO: [HLS 200-486] Changing DSP latency (root=add_ln19_54) to 3 in order to utilize available DSP registers.
INFO: [HLS 200-486] Changing DSP latency (root=add_ln19_53) to 3 in order to utilize available DSP registers.
INFO: [HLS 200-486] Changing DSP latency (root=add_ln19_52) to 3 in order to utilize available DSP registers.
INFO: [HLS 200-486] Changing DSP latency (root=add_ln19_51) to 3 in order to utilize available DSP registers.
INFO: [HLS 200-486] Changing DSP latency (root=add_ln19_50) to 3 in order to utilize available DSP registers.
INFO: [HLS 200-486] Changing DSP latency (root=add_ln19_49) to 3 in order to utilize available DSP registers.
INFO: [HLS 200-486] Changing DSP latency (root=add_ln19_48) to 3 in order to utilize available DSP registers.
INFO: [HLS 200-486] Changing DSP latency (root=add_ln19_47) to 3 in order to utilize available DSP registers.
INFO: [HLS 200-486] Changing DSP latency (root=add_ln19_46) to 3 in order to utilize available DSP registers.
INFO: [HLS 200-486] Changing DSP latency (root=add_ln19_45) to 3 in order to utilize available DSP registers.
INFO: [HLS 200-486] Changing DSP latency (root=add_ln19_44) to 3 in order to utilize available DSP registers.
INFO: [HLS 200-486] Changing DSP latency (root=add_ln19_43) to 3 in order to utilize available DSP registers.
INFO: [HLS 200-486] Changing DSP latency (root=add_ln19_42) to 3 in order to utilize available DSP registers.
INFO: [HLS 200-486] Changing DSP latency (root=add_ln19_41) to 3 in order to utilize available DSP registers.
INFO: [HLS 200-486] Changing DSP latency (root=add_ln19_40) to 3 in order to utilize available DSP registers.
INFO: [HLS 200-486] Changing DSP latency (root=add_ln19_39) to 3 in order to utilize available DSP registers.
INFO: [HLS 200-486] Changing DSP latency (root=add_ln19_38) to 3 in order to utilize available DSP registers.
INFO: [HLS 200-486] Changing DSP latency (root=add_ln19_37) to 3 in order to utilize available DSP registers.
INFO: [HLS 200-486] Changing DSP latency (root=add_ln19_36) to 3 in order to utilize available DSP registers.
INFO: [HLS 200-486] Changing DSP latency (root=add_ln19_35) to 3 in order to utilize available DSP registers.
INFO: [HLS 200-486] Changing DSP latency (root=add_ln19_34) to 3 in order to utilize available DSP registers.
INFO: [HLS 200-486] Changing DSP latency (root=add_ln19_33) to 3 in order to utilize available DSP registers.
INFO: [HLS 200-486] Changing DSP latency (root=add_ln19_32) to 3 in order to utilize available DSP registers.
INFO: [HLS 200-486] Changing DSP latency (root=add_ln19_31) to 3 in order to utilize available DSP registers.
INFO: [HLS 200-486] Changing DSP latency (root=add_ln19_30) to 3 in order to utilize available DSP registers.
INFO: [HLS 200-486] Changing DSP latency (root=add_ln19_29) to 3 in order to utilize available DSP registers.
INFO: [HLS 200-486] Changing DSP latency (root=add_ln19_28) to 3 in order to utilize available DSP registers.
INFO: [HLS 200-486] Changing DSP latency (root=add_ln19_27) to 3 in order to utilize available DSP registers.
INFO: [HLS 200-486] Changing DSP latency (root=add_ln19_26) to 3 in order to utilize available DSP registers.
INFO: [HLS 200-486] Changing DSP latency (root=add_ln19_25) to 3 in order to utilize available DSP registers.
INFO: [HLS 200-486] Changing DSP latency (root=add_ln19_24) to 3 in order to utilize available DSP registers.
INFO: [HLS 200-486] Changing DSP latency (root=add_ln19_23) to 3 in order to utilize available DSP registers.
INFO: [HLS 200-486] Changing DSP latency (root=add_ln19_22) to 3 in order to utilize available DSP registers.
INFO: [HLS 200-486] Changing DSP latency (root=add_ln19_21) to 3 in order to utilize available DSP registers.
INFO: [HLS 200-486] Changing DSP latency (root=add_ln19_20) to 3 in order to utilize available DSP registers.
INFO: [HLS 200-486] Changing DSP latency (root=add_ln19_19) to 3 in order to utilize available DSP registers.
INFO: [HLS 200-486] Changing DSP latency (root=add_ln19_18) to 3 in order to utilize available DSP registers.
INFO: [HLS 200-486] Changing DSP latency (root=add_ln19_17) to 3 in order to utilize available DSP registers.
INFO: [HLS 200-486] Changing DSP latency (root=add_ln19_16) to 3 in order to utilize available DSP registers.
INFO: [HLS 200-486] Changing DSP latency (root=add_ln19_15) to 3 in order to utilize available DSP registers.
INFO: [HLS 200-486] Changing DSP latency (root=add_ln19_14) to 3 in order to utilize available DSP registers.
INFO: [HLS 200-486] Changing DSP latency (root=add_ln19_13) to 3 in order to utilize available DSP registers.
INFO: [HLS 200-486] Changing DSP latency (root=add_ln19_12) to 3 in order to utilize available DSP registers.
INFO: [HLS 200-486] Changing DSP latency (root=add_ln19_11) to 3 in order to utilize available DSP registers.
INFO: [HLS 200-486] Changing DSP latency (root=add_ln19_10) to 3 in order to utilize available DSP registers.
INFO: [HLS 200-486] Changing DSP latency (root=add_ln19_9) to 3 in order to utilize available DSP registers.
INFO: [HLS 200-486] Changing DSP latency (root=add_ln19_8) to 3 in order to utilize available DSP registers.
INFO: [HLS 200-486] Changing DSP latency (root=add_ln19_7) to 3 in order to utilize available DSP registers.
INFO: [HLS 200-486] Changing DSP latency (root=add_ln19_6) to 3 in order to utilize available DSP registers.
INFO: [HLS 200-486] Changing DSP latency (root=add_ln19_5) to 3 in order to utilize available DSP registers.
INFO: [HLS 200-486] Changing DSP latency (root=add_ln19_4) to 3 in order to utilize available DSP registers.
INFO: [HLS 200-486] Changing DSP latency (root=add_ln19_3) to 3 in order to utilize available DSP registers.
INFO: [HLS 200-486] Changing DSP latency (root=add_ln19_2) to 3 in order to utilize available DSP registers.
INFO: [HLS 200-486] Changing DSP latency (root=add_ln19_1) to 3 in order to utilize available DSP registers.
INFO: [HLS 200-486] Changing DSP latency (root=add_ln19) to 3 in order to utilize available DSP registers.
INFO: [SCHED 204-61] Pipelining loop 'VITIS_LOOP_138_3'.
WARNING: [HLS 200-885] The II Violation in module 'mxm_execute_ursa_Pipeline_VITIS_LOOP_138_3' (loop 'VITIS_LOOP_138_3'): Unable to schedule bus request operation ('aw_load_1_req', /home/ulisses/Projects/ursa/exp/output-stationary/vitis_component/inp_data/hls_src/core/shell.cpp:23->/home/ulisses/Projects/ursa/exp/output-stationary/vitis_component/inp_data/hls_src/core/shell.cpp:141) on port 'aw' (/home/ulisses/Projects/ursa/exp/output-stationary/vitis_component/inp_data/hls_src/core/shell.cpp:23->/home/ulisses/Projects/ursa/exp/output-stationary/vitis_component/inp_data/hls_src/core/shell.cpp:141) due to limited memory ports (II = 1). Please consider using a memory core with more ports or partitioning the array.
Resolution: For help on HLS 200-885 see docs.xilinx.com/access/sources/dita/topic?Doc_Version=2023.2%20English&url=ug1448-hls-guidance&resourceid=200-885.html
WARNING: [HLS 200-885] The II Violation in module 'mxm_execute_ursa_Pipeline_VITIS_LOOP_138_3' (loop 'VITIS_LOOP_138_3'): Unable to schedule bus request operation ('aw_load_2_req', /home/ulisses/Projects/ursa/exp/output-stationary/vitis_component/inp_data/hls_src/core/shell.cpp:23->/home/ulisses/Projects/ursa/exp/output-stationary/vitis_component/inp_data/hls_src/core/shell.cpp:141) on port 'aw' (/home/ulisses/Projects/ursa/exp/output-stationary/vitis_component/inp_data/hls_src/core/shell.cpp:23->/home/ulisses/Projects/ursa/exp/output-stationary/vitis_component/inp_data/hls_src/core/shell.cpp:141) due to limited memory ports (II = 2). Please consider using a memory core with more ports or partitioning the array.
Resolution: For help on HLS 200-885 see docs.xilinx.com/access/sources/dita/topic?Doc_Version=2023.2%20English&url=ug1448-hls-guidance&resourceid=200-885.html
WARNING: [HLS 200-885] The II Violation in module 'mxm_execute_ursa_Pipeline_VITIS_LOOP_138_3' (loop 'VITIS_LOOP_138_3'): Unable to schedule bus request operation ('aw_load_3_req', /home/ulisses/Projects/ursa/exp/output-stationary/vitis_component/inp_data/hls_src/core/shell.cpp:23->/home/ulisses/Projects/ursa/exp/output-stationary/vitis_component/inp_data/hls_src/core/shell.cpp:141) on port 'aw' (/home/ulisses/Projects/ursa/exp/output-stationary/vitis_component/inp_data/hls_src/core/shell.cpp:23->/home/ulisses/Projects/ursa/exp/output-stationary/vitis_component/inp_data/hls_src/core/shell.cpp:141) due to limited memory ports (II = 3). Please consider using a memory core with more ports or partitioning the array.
Resolution: For help on HLS 200-885 see docs.xilinx.com/access/sources/dita/topic?Doc_Version=2023.2%20English&url=ug1448-hls-guidance&resourceid=200-885.html
WARNING: [HLS 200-885] The II Violation in module 'mxm_execute_ursa_Pipeline_VITIS_LOOP_138_3' (loop 'VITIS_LOOP_138_3'): Unable to schedule bus request operation ('aw_load_4_req', /home/ulisses/Projects/ursa/exp/output-stationary/vitis_component/inp_data/hls_src/core/shell.cpp:23->/home/ulisses/Projects/ursa/exp/output-stationary/vitis_component/inp_data/hls_src/core/shell.cpp:141) on port 'aw' (/home/ulisses/Projects/ursa/exp/output-stationary/vitis_component/inp_data/hls_src/core/shell.cpp:23->/home/ulisses/Projects/ursa/exp/output-stationary/vitis_component/inp_data/hls_src/core/shell.cpp:141) due to limited memory ports (II = 4). Please consider using a memory core with more ports or partitioning the array.
Resolution: For help on HLS 200-885 see docs.xilinx.com/access/sources/dita/topic?Doc_Version=2023.2%20English&url=ug1448-hls-guidance&resourceid=200-885.html
WARNING: [HLS 200-885] The II Violation in module 'mxm_execute_ursa_Pipeline_VITIS_LOOP_138_3' (loop 'VITIS_LOOP_138_3'): Unable to schedule bus request operation ('aw_load_7_req', /home/ulisses/Projects/ursa/exp/output-stationary/vitis_component/inp_data/hls_src/core/shell.cpp:23->/home/ulisses/Projects/ursa/exp/output-stationary/vitis_component/inp_data/hls_src/core/shell.cpp:141) on port 'aw' (/home/ulisses/Projects/ursa/exp/output-stationary/vitis_component/inp_data/hls_src/core/shell.cpp:23->/home/ulisses/Projects/ursa/exp/output-stationary/vitis_component/inp_data/hls_src/core/shell.cpp:141) due to limited memory ports (II = 7). Please consider using a memory core with more ports or partitioning the array.
Resolution: For help on HLS 200-885 see docs.xilinx.com/access/sources/dita/topic?Doc_Version=2023.2%20English&url=ug1448-hls-guidance&resourceid=200-885.html
INFO: [HLS 200-1470] Pipelining result : Target II = 1, Final II = 8, Depth = 27, loop 'VITIS_LOOP_138_3'
INFO: [SCHED 204-11] Finished scheduling.
INFO: [HLS 200-111] Finished Scheduling: CPU user time: 1.69 seconds. CPU system time: 0.05 seconds. Elapsed time: 1.73 seconds; current allocated memory: 350.613 MB.
INFO: [BIND 205-100] Starting micro-architecture generation ...
INFO: [BIND 205-101] Performing variable lifetime analysis.
INFO: [BIND 205-101] Exploring resource sharing.
INFO: [BIND 205-101] Binding ...
INFO: [BIND 205-100] Finished micro-architecture generation.
INFO: [HLS 200-111] Finished Binding: CPU user time: 0.13 seconds. CPU system time: 0.01 seconds. Elapsed time: 0.14 seconds; current allocated memory: 350.613 MB.
INFO: [HLS 200-10] ----------------------------------------------------------------
INFO: [HLS 200-42] -- Implementing module 'sa_store' 
INFO: [HLS 200-10] ----------------------------------------------------------------
INFO: [SCHED 204-11] Starting scheduling ...
INFO: [SCHED 204-61] Pipelining function 'sa_store'.
WARNING: [HLS 200-880] The II Violation in module 'sa_store' (function 'sa_store'): Unable to enforce a carried dependence constraint (II = 1, distance = 1, offset = 1) between bus write operation ('ca_addr_write_ln92', /home/ulisses/Projects/ursa/exp/output-stationary/vitis_component/inp_data/hls_src/core/sa.cpp:92) on port 'ca' (/home/ulisses/Projects/ursa/exp/output-stationary/vitis_component/inp_data/hls_src/core/sa.cpp:92) and bus write operation ('ca_addr_write_ln92', /home/ulisses/Projects/ursa/exp/output-stationary/vitis_component/inp_data/hls_src/core/sa.cpp:92) on port 'ca' (/home/ulisses/Projects/ursa/exp/output-stationary/vitis_component/inp_data/hls_src/core/sa.cpp:92).
Resolution: For help on HLS 200-880 see docs.xilinx.com/access/sources/dita/topic?Doc_Version=2023.2%20English&url=ug1448-hls-guidance&resourceid=200-880.html
WARNING: [HLS 200-880] The II Violation in module 'sa_store' (function 'sa_store'): Unable to enforce a carried dependence constraint (II = 2, distance = 1, offset = 1) between bus write operation ('ca_addr_write_ln92', /home/ulisses/Projects/ursa/exp/output-stationary/vitis_component/inp_data/hls_src/core/sa.cpp:92) on port 'ca' (/home/ulisses/Projects/ursa/exp/output-stationary/vitis_component/inp_data/hls_src/core/sa.cpp:92) and bus write operation ('ca_addr_write_ln92', /home/ulisses/Projects/ursa/exp/output-stationary/vitis_component/inp_data/hls_src/core/sa.cpp:92) on port 'ca' (/home/ulisses/Projects/ursa/exp/output-stationary/vitis_component/inp_data/hls_src/core/sa.cpp:92).
Resolution: For help on HLS 200-880 see docs.xilinx.com/access/sources/dita/topic?Doc_Version=2023.2%20English&url=ug1448-hls-guidance&resourceid=200-880.html
WARNING: [HLS 200-880] The II Violation in module 'sa_store' (function 'sa_store'): Unable to enforce a carried dependence constraint (II = 3, distance = 1, offset = 1) between bus write operation ('ca_addr_write_ln92', /home/ulisses/Projects/ursa/exp/output-stationary/vitis_component/inp_data/hls_src/core/sa.cpp:92) on port 'ca' (/home/ulisses/Projects/ursa/exp/output-stationary/vitis_component/inp_data/hls_src/core/sa.cpp:92) and bus write operation ('ca_addr_write_ln92', /home/ulisses/Projects/ursa/exp/output-stationary/vitis_component/inp_data/hls_src/core/sa.cpp:92) on port 'ca' (/home/ulisses/Projects/ursa/exp/output-stationary/vitis_component/inp_data/hls_src/core/sa.cpp:92).
Resolution: For help on HLS 200-880 see docs.xilinx.com/access/sources/dita/topic?Doc_Version=2023.2%20English&url=ug1448-hls-guidance&resourceid=200-880.html
WARNING: [HLS 200-880] The II Violation in module 'sa_store' (function 'sa_store'): Unable to enforce a carried dependence constraint (II = 4, distance = 1, offset = 1) between bus write operation ('ca_addr_write_ln92', /home/ulisses/Projects/ursa/exp/output-stationary/vitis_component/inp_data/hls_src/core/sa.cpp:92) on port 'ca' (/home/ulisses/Projects/ursa/exp/output-stationary/vitis_component/inp_data/hls_src/core/sa.cpp:92) and bus write operation ('ca_addr_write_ln92', /home/ulisses/Projects/ursa/exp/output-stationary/vitis_component/inp_data/hls_src/core/sa.cpp:92) on port 'ca' (/home/ulisses/Projects/ursa/exp/output-stationary/vitis_component/inp_data/hls_src/core/sa.cpp:92).
Resolution: For help on HLS 200-880 see docs.xilinx.com/access/sources/dita/topic?Doc_Version=2023.2%20English&url=ug1448-hls-guidance&resourceid=200-880.html
WARNING: [HLS 200-885] The II Violation in module 'sa_store' (function 'sa_store'): Unable to schedule bus write operation ('ca_addr_4_write_ln92', /home/ulisses/Projects/ursa/exp/output-stationary/vitis_component/inp_data/hls_src/core/sa.cpp:92) on port 'ca' (/home/ulisses/Projects/ursa/exp/output-stationary/vitis_component/inp_data/hls_src/core/sa.cpp:92) due to limited memory ports (II = 35). Please consider using a memory core with more ports or partitioning the array.
Resolution: For help on HLS 200-885 see docs.xilinx.com/access/sources/dita/topic?Doc_Version=2023.2%20English&url=ug1448-hls-guidance&resourceid=200-885.html
WARNING: [HLS 200-885] The II Violation in module 'sa_store' (function 'sa_store'): Unable to schedule bus write operation ('ca_addr_6_write_ln92', /home/ulisses/Projects/ursa/exp/output-stationary/vitis_component/inp_data/hls_src/core/sa.cpp:92) on port 'ca' (/home/ulisses/Projects/ursa/exp/output-stationary/vitis_component/inp_data/hls_src/core/sa.cpp:92) due to limited memory ports (II = 51). Please consider using a memory core with more ports or partitioning the array.
Resolution: For help on HLS 200-885 see docs.xilinx.com/access/sources/dita/topic?Doc_Version=2023.2%20English&url=ug1448-hls-guidance&resourceid=200-885.html
WARNING: [HLS 200-885] The II Violation in module 'sa_store' (function 'sa_store'): Unable to schedule bus write operation ('ca_addr_7_write_ln95', /home/ulisses/Projects/ursa/exp/output-stationary/vitis_component/inp_data/hls_src/core/sa.cpp:95) on port 'ca' (/home/ulisses/Projects/ursa/exp/output-stationary/vitis_component/inp_data/hls_src/core/sa.cpp:95) due to limited memory ports (II = 59). Please consider using a memory core with more ports or partitioning the array.
Resolution: For help on HLS 200-885 see docs.xilinx.com/access/sources/dita/topic?Doc_Version=2023.2%20English&url=ug1448-hls-guidance&resourceid=200-885.html
WARNING: [HLS 200-885] The II Violation in module 'sa_store' (function 'sa_store'): Unable to schedule bus write operation ('ca_addr_7_write_ln95', /home/ulisses/Projects/ursa/exp/output-stationary/vitis_component/inp_data/hls_src/core/sa.cpp:95) on port 'ca' (/home/ulisses/Projects/ursa/exp/output-stationary/vitis_component/inp_data/hls_src/core/sa.cpp:95) due to limited memory ports (II = 63). Please consider using a memory core with more ports or partitioning the array.
Resolution: For help on HLS 200-885 see docs.xilinx.com/access/sources/dita/topic?Doc_Version=2023.2%20English&url=ug1448-hls-guidance&resourceid=200-885.html
INFO: [HLS 200-1470] Pipelining result : Target II = 1, Final II = 64, Depth = 70, function 'sa_store'
INFO: [SCHED 204-11] Finished scheduling.
INFO: [HLS 200-111] Finished Scheduling: CPU user time: 0.47 seconds. CPU system time: 0.01 seconds. Elapsed time: 0.48 seconds; current allocated memory: 350.707 MB.
INFO: [BIND 205-100] Starting micro-architecture generation ...
INFO: [BIND 205-101] Performing variable lifetime analysis.
INFO: [BIND 205-101] Exploring resource sharing.
INFO: [BIND 205-101] Binding ...
INFO: [BIND 205-100] Finished micro-architecture generation.
INFO: [HLS 200-111] Finished Binding: CPU user time: 0.06 seconds. CPU system time: 0 seconds. Elapsed time: 0.06 seconds; current allocated memory: 350.707 MB.
INFO: [HLS 200-10] ----------------------------------------------------------------
INFO: [HLS 200-42] -- Implementing module 'sa_reset' 
INFO: [HLS 200-10] ----------------------------------------------------------------
INFO: [SCHED 204-11] Starting scheduling ...
INFO: [SCHED 204-61] Pipelining function 'sa_reset'.
INFO: [HLS 200-1470] Pipelining result : Target II = 1, Final II = 1, Depth = 1, function 'sa_reset'
INFO: [SCHED 204-11] Finished scheduling.
INFO: [HLS 200-111] Finished Scheduling: CPU user time: 0.07 seconds. CPU system time: 0 seconds. Elapsed time: 0.07 seconds; current allocated memory: 350.945 MB.
INFO: [BIND 205-100] Starting micro-architecture generation ...
INFO: [BIND 205-101] Performing variable lifetime analysis.
INFO: [BIND 205-101] Exploring resource sharing.
INFO: [BIND 205-101] Binding ...
INFO: [BIND 205-100] Finished micro-architecture generation.
INFO: [HLS 200-111] Finished Binding: CPU user time: 0.03 seconds. CPU system time: 0 seconds. Elapsed time: 0.03 seconds; current allocated memory: 351.199 MB.
INFO: [HLS 200-10] ----------------------------------------------------------------
INFO: [HLS 200-42] -- Implementing module 'mxm_execute_ursa' 
INFO: [HLS 200-10] ----------------------------------------------------------------
INFO: [SCHED 204-11] Starting scheduling ...
INFO: [SCHED 204-11] Finished scheduling.
INFO: [HLS 200-111] Finished Scheduling: CPU user time: 0.07 seconds. CPU system time: 0.01 seconds. Elapsed time: 0.08 seconds; current allocated memory: 352.301 MB.
INFO: [BIND 205-100] Starting micro-architecture generation ...
INFO: [BIND 205-101] Performing variable lifetime analysis.
INFO: [BIND 205-101] Exploring resource sharing.
INFO: [BIND 205-101] Binding ...
INFO: [BIND 205-100] Finished micro-architecture generation.
INFO: [HLS 200-111] Finished Binding: CPU user time: 0.05 seconds. CPU system time: 0 seconds. Elapsed time: 0.06 seconds; current allocated memory: 354.059 MB.
INFO: [HLS 200-10] ----------------------------------------------------------------
INFO: [HLS 200-10] -- Generating RTL for module 'mxm_execute_ursa_Pipeline_VITIS_LOOP_138_3' 
INFO: [HLS 200-10] ----------------------------------------------------------------
WARNING: [RTGEN 206-101] Register 'mxm_execute_ursa_signed_char_unsigned_short_unsigned_char_unsigned_short_i_175' is power-on initialization.
WARNING: [RTGEN 206-101] Register 'mxm_execute_ursa_signed_char_unsigned_short_unsigned_char_unsigned_short_i_182' is power-on initialization.
WARNING: [RTGEN 206-101] Register 'mxm_execute_ursa_signed_char_unsigned_short_unsigned_char_unsigned_short_i_189' is power-on initialization.
WARNING: [RTGEN 206-101] Register 'mxm_execute_ursa_signed_char_unsigned_short_unsigned_char_unsigned_short_i_196' is power-on initialization.
WARNING: [RTGEN 206-101] Register 'mxm_execute_ursa_signed_char_unsigned_short_unsigned_char_unsigned_short_i_203' is power-on initialization.
WARNING: [RTGEN 206-101] Register 'mxm_execute_ursa_signed_char_unsigned_short_unsigned_char_unsigned_short_i_210' is power-on initialization.
WARNING: [RTGEN 206-101] Register 'mxm_execute_ursa_signed_char_unsigned_short_unsigned_char_unsigned_short_i_217' is power-on initialization.
WARNING: [RTGEN 206-101] Register 'mxm_execute_ursa_signed_char_unsigned_short_unsigned_char_unsigned_short_i_224' is power-on initialization.
WARNING: [RTGEN 206-101] Register 'mxm_execute_ursa_signed_char_unsigned_short_unsigned_char_unsigned_short_i_176' is power-on initialization.
WARNING: [RTGEN 206-101] Register 'mxm_execute_ursa_signed_char_unsigned_short_unsigned_char_unsigned_short_i_183' is power-on initialization.
WARNING: [RTGEN 206-101] Register 'mxm_execute_ursa_signed_char_unsigned_short_unsigned_char_unsigned_short_i_190' is power-on initialization.
WARNING: [RTGEN 206-101] Register 'mxm_execute_ursa_signed_char_unsigned_short_unsigned_char_unsigned_short_i_197' is power-on initialization.
WARNING: [RTGEN 206-101] Register 'mxm_execute_ursa_signed_char_unsigned_short_unsigned_char_unsigned_short_i_204' is power-on initialization.
WARNING: [RTGEN 206-101] Register 'mxm_execute_ursa_signed_char_unsigned_short_unsigned_char_unsigned_short_i_211' is power-on initialization.
WARNING: [RTGEN 206-101] Register 'mxm_execute_ursa_signed_char_unsigned_short_unsigned_char_unsigned_short_i_218' is power-on initialization.
WARNING: [RTGEN 206-101] Register 'mxm_execute_ursa_signed_char_unsigned_short_unsigned_char_unsigned_short_i_225' is power-on initialization.
WARNING: [RTGEN 206-101] Register 'mxm_execute_ursa_signed_char_unsigned_short_unsigned_char_unsigned_short_i_177' is power-on initialization.
WARNING: [RTGEN 206-101] Register 'mxm_execute_ursa_signed_char_unsigned_short_unsigned_char_unsigned_short_i_184' is power-on initialization.
WARNING: [RTGEN 206-101] Register 'mxm_execute_ursa_signed_char_unsigned_short_unsigned_char_unsigned_short_i_191' is power-on initialization.
WARNING: [RTGEN 206-101] Register 'mxm_execute_ursa_signed_char_unsigned_short_unsigned_char_unsigned_short_i_198' is power-on initialization.
WARNING: [RTGEN 206-101] Register 'mxm_execute_ursa_signed_char_unsigned_short_unsigned_char_unsigned_short_i_205' is power-on initialization.
WARNING: [RTGEN 206-101] Register 'mxm_execute_ursa_signed_char_unsigned_short_unsigned_char_unsigned_short_i_212' is power-on initialization.
WARNING: [RTGEN 206-101] Register 'mxm_execute_ursa_signed_char_unsigned_short_unsigned_char_unsigned_short_i_219' is power-on initialization.
WARNING: [RTGEN 206-101] Register 'mxm_execute_ursa_signed_char_unsigned_short_unsigned_char_unsigned_short_i_226' is power-on initialization.
WARNING: [RTGEN 206-101] Register 'mxm_execute_ursa_signed_char_unsigned_short_unsigned_char_unsigned_short_i_178' is power-on initialization.
WARNING: [RTGEN 206-101] Register 'mxm_execute_ursa_signed_char_unsigned_short_unsigned_char_unsigned_short_i_185' is power-on initialization.
WARNING: [RTGEN 206-101] Register 'mxm_execute_ursa_signed_char_unsigned_short_unsigned_char_unsigned_short_i_192' is power-on initialization.
WARNING: [RTGEN 206-101] Register 'mxm_execute_ursa_signed_char_unsigned_short_unsigned_char_unsigned_short_i_199' is power-on initialization.
WARNING: [RTGEN 206-101] Register 'mxm_execute_ursa_signed_char_unsigned_short_unsigned_char_unsigned_short_i_206' is power-on initialization.
WARNING: [RTGEN 206-101] Register 'mxm_execute_ursa_signed_char_unsigned_short_unsigned_char_unsigned_short_i_213' is power-on initialization.
WARNING: [RTGEN 206-101] Register 'mxm_execute_ursa_signed_char_unsigned_short_unsigned_char_unsigned_short_i_220' is power-on initialization.
WARNING: [RTGEN 206-101] Register 'mxm_execute_ursa_signed_char_unsigned_short_unsigned_char_unsigned_short_i_227' is power-on initialization.
WARNING: [RTGEN 206-101] Register 'mxm_execute_ursa_signed_char_unsigned_short_unsigned_char_unsigned_short_i_179' is power-on initialization.
WARNING: [RTGEN 206-101] Register 'mxm_execute_ursa_signed_char_unsigned_short_unsigned_char_unsigned_short_i_186' is power-on initialization.
WARNING: [RTGEN 206-101] Register 'mxm_execute_ursa_signed_char_unsigned_short_unsigned_char_unsigned_short_i_193' is power-on initialization.
WARNING: [RTGEN 206-101] Register 'mxm_execute_ursa_signed_char_unsigned_short_unsigned_char_unsigned_short_i_200' is power-on initialization.
WARNING: [RTGEN 206-101] Register 'mxm_execute_ursa_signed_char_unsigned_short_unsigned_char_unsigned_short_i_207' is power-on initialization.
WARNING: [RTGEN 206-101] Register 'mxm_execute_ursa_signed_char_unsigned_short_unsigned_char_unsigned_short_i_214' is power-on initialization.
WARNING: [RTGEN 206-101] Register 'mxm_execute_ursa_signed_char_unsigned_short_unsigned_char_unsigned_short_i_221' is power-on initialization.
WARNING: [RTGEN 206-101] Register 'mxm_execute_ursa_signed_char_unsigned_short_unsigned_char_unsigned_short_i_228' is power-on initialization.
WARNING: [RTGEN 206-101] Register 'mxm_execute_ursa_signed_char_unsigned_short_unsigned_char_unsigned_short_i_180' is power-on initialization.
WARNING: [RTGEN 206-101] Register 'mxm_execute_ursa_signed_char_unsigned_short_unsigned_char_unsigned_short_i_187' is power-on initialization.
WARNING: [RTGEN 206-101] Register 'mxm_execute_ursa_signed_char_unsigned_short_unsigned_char_unsigned_short_i_194' is power-on initialization.
WARNING: [RTGEN 206-101] Register 'mxm_execute_ursa_signed_char_unsigned_short_unsigned_char_unsigned_short_i_201' is power-on initialization.
WARNING: [RTGEN 206-101] Register 'mxm_execute_ursa_signed_char_unsigned_short_unsigned_char_unsigned_short_i_208' is power-on initialization.
WARNING: [RTGEN 206-101] Register 'mxm_execute_ursa_signed_char_unsigned_short_unsigned_char_unsigned_short_i_215' is power-on initialization.
WARNING: [RTGEN 206-101] Register 'mxm_execute_ursa_signed_char_unsigned_short_unsigned_char_unsigned_short_i_222' is power-on initialization.
WARNING: [RTGEN 206-101] Register 'mxm_execute_ursa_signed_char_unsigned_short_unsigned_char_unsigned_short_i_229' is power-on initialization.
WARNING: [RTGEN 206-101] Register 'mxm_execute_ursa_signed_char_unsigned_short_unsigned_char_unsigned_short_i_181' is power-on initialization.
WARNING: [RTGEN 206-101] Register 'mxm_execute_ursa_signed_char_unsigned_short_unsigned_char_unsigned_short_i_188' is power-on initialization.
WARNING: [RTGEN 206-101] Register 'mxm_execute_ursa_signed_char_unsigned_short_unsigned_char_unsigned_short_i_195' is power-on initialization.
WARNING: [RTGEN 206-101] Register 'mxm_execute_ursa_signed_char_unsigned_short_unsigned_char_unsigned_short_i_202' is power-on initialization.
WARNING: [RTGEN 206-101] Register 'mxm_execute_ursa_signed_char_unsigned_short_unsigned_char_unsigned_short_i_209' is power-on initialization.
WARNING: [RTGEN 206-101] Register 'mxm_execute_ursa_signed_char_unsigned_short_unsigned_char_unsigned_short_i_216' is power-on initialization.
WARNING: [RTGEN 206-101] Register 'mxm_execute_ursa_signed_char_unsigned_short_unsigned_char_unsigned_short_i_223' is power-on initialization.
WARNING: [RTGEN 206-101] Register 'mxm_execute_ursa_signed_char_unsigned_short_unsigned_char_unsigned_short_i_230' is power-on initialization.
WARNING: [RTGEN 206-101] Register 'mxm_execute_ursa_signed_char_unsigned_short_unsigned_char_unsigned_short_i_231' is power-on initialization.
WARNING: [RTGEN 206-101] Register 'mxm_execute_ursa_signed_char_unsigned_short_unsigned_char_unsigned_short_i_232' is power-on initialization.
WARNING: [RTGEN 206-101] Register 'mxm_execute_ursa_signed_char_unsigned_short_unsigned_char_unsigned_short_i_233' is power-on initialization.
WARNING: [RTGEN 206-101] Register 'mxm_execute_ursa_signed_char_unsigned_short_unsigned_char_unsigned_short_i_234' is power-on initialization.
WARNING: [RTGEN 206-101] Register 'mxm_execute_ursa_signed_char_unsigned_short_unsigned_char_unsigned_short_i_235' is power-on initialization.
WARNING: [RTGEN 206-101] Register 'mxm_execute_ursa_signed_char_unsigned_short_unsigned_char_unsigned_short_i_236' is power-on initialization.
WARNING: [RTGEN 206-101] Register 'mxm_execute_ursa_signed_char_unsigned_short_unsigned_char_unsigned_short_i_237' is power-on initialization.
WARNING: [RTGEN 206-101] Register 'mxm_execute_ursa_signed_char_unsigned_short_unsigned_char_unsigned_short_i_238' is power-on initialization.
WARNING: [RTGEN 206-101] Register 'mxm_execute_ursa_signed_char_unsigned_short_unsigned_char_unsigned_short_i_239' is power-on initialization.
WARNING: [RTGEN 206-101] Register 'mxm_execute_ursa_signed_char_unsigned_short_unsigned_char_unsigned_short_i_240' is power-on initialization.
WARNING: [RTGEN 206-101] Register 'mxm_execute_ursa_signed_char_unsigned_short_unsigned_char_unsigned_short_i_241' is power-on initialization.
WARNING: [RTGEN 206-101] Register 'mxm_execute_ursa_signed_char_unsigned_short_unsigned_char_unsigned_short_i_242' is power-on initialization.
WARNING: [RTGEN 206-101] Register 'mxm_execute_ursa_signed_char_unsigned_short_unsigned_char_unsigned_short_i_243' is power-on initialization.
WARNING: [RTGEN 206-101] Register 'mxm_execute_ursa_signed_char_unsigned_short_unsigned_char_unsigned_short_i_244' is power-on initialization.
WARNING: [RTGEN 206-101] Register 'mxm_execute_ursa_signed_char_unsigned_short_unsigned_char_unsigned_short_i_245' is power-on initialization.
WARNING: [RTGEN 206-101] Register 'mxm_execute_ursa_signed_char_unsigned_short_unsigned_char_unsigned_short_i_246' is power-on initialization.
WARNING: [RTGEN 206-101] Register 'mxm_execute_ursa_signed_char_unsigned_short_unsigned_char_unsigned_short_i_247' is power-on initialization.
WARNING: [RTGEN 206-101] Register 'mxm_execute_ursa_signed_char_unsigned_short_unsigned_char_unsigned_short_i_248' is power-on initialization.
WARNING: [RTGEN 206-101] Register 'mxm_execute_ursa_signed_char_unsigned_short_unsigned_char_unsigned_short_i_249' is power-on initialization.
WARNING: [RTGEN 206-101] Register 'mxm_execute_ursa_signed_char_unsigned_short_unsigned_char_unsigned_short_i_250' is power-on initialization.
WARNING: [RTGEN 206-101] Register 'mxm_execute_ursa_signed_char_unsigned_short_unsigned_char_unsigned_short_i_99' is power-on initialization.
WARNING: [RTGEN 206-101] Register 'mxm_execute_ursa_signed_char_unsigned_short_unsigned_char_unsigned_short_i_98' is power-on initialization.
WARNING: [RTGEN 206-101] Register 'mxm_execute_ursa_signed_char_unsigned_short_unsigned_char_unsigned_short_i_97' is power-on initialization.
WARNING: [RTGEN 206-101] Register 'mxm_execute_ursa_signed_char_unsigned_short_unsigned_char_unsigned_short_i_96' is power-on initialization.
WARNING: [RTGEN 206-101] Register 'mxm_execute_ursa_signed_char_unsigned_short_unsigned_char_unsigned_short_i_95' is power-on initialization.
WARNING: [RTGEN 206-101] Register 'mxm_execute_ursa_signed_char_unsigned_short_unsigned_char_unsigned_short_i_94' is power-on initialization.
WARNING: [RTGEN 206-101] Register 'mxm_execute_ursa_signed_char_unsigned_short_unsigned_char_unsigned_short_i_93' is power-on initialization.
WARNING: [RTGEN 206-101] Register 'mxm_execute_ursa_signed_char_unsigned_short_unsigned_char_unsigned_short_i_92' is power-on initialization.
WARNING: [RTGEN 206-101] Register 'mxm_execute_ursa_signed_char_unsigned_short_unsigned_char_unsigned_short_i_91' is power-on initialization.
WARNING: [RTGEN 206-101] Register 'mxm_execute_ursa_signed_char_unsigned_short_unsigned_char_unsigned_short_i_90' is power-on initialization.
WARNING: [RTGEN 206-101] Register 'mxm_execute_ursa_signed_char_unsigned_short_unsigned_char_unsigned_short_i_89' is power-on initialization.
WARNING: [RTGEN 206-101] Register 'mxm_execute_ursa_signed_char_unsigned_short_unsigned_char_unsigned_short_i_88' is power-on initialization.
WARNING: [RTGEN 206-101] Register 'mxm_execute_ursa_signed_char_unsigned_short_unsigned_char_unsigned_short_i_87' is power-on initialization.
WARNING: [RTGEN 206-101] Register 'mxm_execute_ursa_signed_char_unsigned_short_unsigned_char_unsigned_short_i_86' is power-on initialization.
WARNING: [RTGEN 206-101] Register 'mxm_execute_ursa_signed_char_unsigned_short_unsigned_char_unsigned_short_i_85' is power-on initialization.
WARNING: [RTGEN 206-101] Register 'mxm_execute_ursa_signed_char_unsigned_short_unsigned_char_unsigned_short_i_84' is power-on initialization.
WARNING: [RTGEN 206-101] Register 'mxm_execute_ursa_signed_char_unsigned_short_unsigned_char_unsigned_short_i_83' is power-on initialization.
WARNING: [RTGEN 206-101] Register 'mxm_execute_ursa_signed_char_unsigned_short_unsigned_char_unsigned_short_i_82' is power-on initialization.
WARNING: [RTGEN 206-101] Register 'mxm_execute_ursa_signed_char_unsigned_short_unsigned_char_unsigned_short_i_81' is power-on initialization.
WARNING: [RTGEN 206-101] Register 'mxm_execute_ursa_signed_char_unsigned_short_unsigned_char_unsigned_short_i_80' is power-on initialization.
WARNING: [RTGEN 206-101] Register 'mxm_execute_ursa_signed_char_unsigned_short_unsigned_char_unsigned_short_i_79' is power-on initialization.
WARNING: [RTGEN 206-101] Register 'mxm_execute_ursa_signed_char_unsigned_short_unsigned_char_unsigned_short_i_78' is power-on initialization.
WARNING: [RTGEN 206-101] Register 'mxm_execute_ursa_signed_char_unsigned_short_unsigned_char_unsigned_short_i_77' is power-on initialization.
WARNING: [RTGEN 206-101] Register 'mxm_execute_ursa_signed_char_unsigned_short_unsigned_char_unsigned_short_i_76' is power-on initialization.
WARNING: [RTGEN 206-101] Register 'mxm_execute_ursa_signed_char_unsigned_short_unsigned_char_unsigned_short_i_75' is power-on initialization.
WARNING: [RTGEN 206-101] Register 'mxm_execute_ursa_signed_char_unsigned_short_unsigned_char_unsigned_short_i_74' is power-on initialization.
WARNING: [RTGEN 206-101] Register 'mxm_execute_ursa_signed_char_unsigned_short_unsigned_char_unsigned_short_i_73' is power-on initialization.
WARNING: [RTGEN 206-101] Register 'mxm_execute_ursa_signed_char_unsigned_short_unsigned_char_unsigned_short_i_72' is power-on initialization.
WARNING: [RTGEN 206-101] Register 'mxm_execute_ursa_signed_char_unsigned_short_unsigned_char_unsigned_short_i_71' is power-on initialization.
WARNING: [RTGEN 206-101] Register 'mxm_execute_ursa_signed_char_unsigned_short_unsigned_char_unsigned_short_i_70' is power-on initialization.
WARNING: [RTGEN 206-101] Register 'mxm_execute_ursa_signed_char_unsigned_short_unsigned_char_unsigned_short_i_69' is power-on initialization.
WARNING: [RTGEN 206-101] Register 'mxm_execute_ursa_signed_char_unsigned_short_unsigned_char_unsigned_short_i_68' is power-on initialization.
WARNING: [RTGEN 206-101] Register 'mxm_execute_ursa_signed_char_unsigned_short_unsigned_char_unsigned_short_i_67' is power-on initialization.
WARNING: [RTGEN 206-101] Register 'mxm_execute_ursa_signed_char_unsigned_short_unsigned_char_unsigned_short_i_66' is power-on initialization.
WARNING: [RTGEN 206-101] Register 'mxm_execute_ursa_signed_char_unsigned_short_unsigned_char_unsigned_short_i_65' is power-on initialization.
WARNING: [RTGEN 206-101] Register 'mxm_execute_ursa_signed_char_unsigned_short_unsigned_char_unsigned_short_i_64' is power-on initialization.
INFO: [HLS 200-1030] Apply Unified Pipeline Control on module 'mxm_execute_ursa_Pipeline_VITIS_LOOP_138_3' pipeline 'VITIS_LOOP_138_3' pipeline type 'loop pipeline'
INFO: [RTGEN 206-100] Generating core module 'mac_muladd_8ns_8s_20s_20_4_1': 57 instance(s).
INFO: [RTGEN 206-100] Generating core module 'mac_muladd_8s_8ns_20s_20_4_1': 7 instance(s).
INFO: [RTGEN 206-100] Generating core module 'mul_17s_16ns_32_1_1': 8 instance(s).
INFO: [RTGEN 206-100] Finished creating RTL model for 'mxm_execute_ursa_Pipeline_VITIS_LOOP_138_3'.
INFO: [HLS 200-111] Finished Creating RTL model: CPU user time: 0.39 seconds. CPU system time: 0.04 seconds. Elapsed time: 0.42 seconds; current allocated memory: 361.746 MB.
INFO: [HLS 200-10] ----------------------------------------------------------------
INFO: [HLS 200-10] -- Generating RTL for module 'sa_store' 
INFO: [HLS 200-10] ----------------------------------------------------------------
INFO: [HLS 200-1030] Apply Unified Pipeline Control on module 'sa_store' pipeline 'sa_store' pipeline type 'function pipeline'
INFO: [RTGEN 206-100] Finished creating RTL model for 'sa_store'.
INFO: [HLS 200-111] Finished Creating RTL model: CPU user time: 0.43 seconds. CPU system time: 0.06 seconds. Elapsed time: 0.48 seconds; current allocated memory: 380.941 MB.
INFO: [HLS 200-10] ----------------------------------------------------------------
INFO: [HLS 200-10] -- Generating RTL for module 'sa_reset' 
INFO: [HLS 200-10] ----------------------------------------------------------------
INFO: [RTGEN 206-100] Finished creating RTL model for 'sa_reset'.
INFO: [HLS 200-111] Finished Creating RTL model: CPU user time: 0.15 seconds. CPU system time: 0.02 seconds. Elapsed time: 0.17 seconds; current allocated memory: 385.438 MB.
INFO: [HLS 200-10] ----------------------------------------------------------------
INFO: [HLS 200-10] -- Generating RTL for module 'mxm_execute_ursa' 
INFO: [HLS 200-10] ----------------------------------------------------------------
WARNING: [RTGEN 206-101] Design contains AXI ports. Reset is fixed to synchronous and active low.
INFO: [RTGEN 206-500] Setting interface mode on port 'mxm_execute_ursa/aw' to 'm_axi'.
INFO: [RTGEN 206-500] Setting interface mode on port 'mxm_execute_ursa/bi' to 'm_axi'.
INFO: [RTGEN 206-500] Setting interface mode on port 'mxm_execute_ursa/ca' to 'm_axi'.
INFO: [RTGEN 206-500] Setting interface mode on port 'mxm_execute_ursa/addr_a0' to 's_axilite & ap_none'.
INFO: [RTGEN 206-500] Setting interface mode on port 'mxm_execute_ursa/a0_p' to 's_axilite & ap_none' (register).
INFO: [RTGEN 206-500] Setting interface mode on port 'mxm_execute_ursa/addr_b0' to 's_axilite & ap_none'.
INFO: [RTGEN 206-500] Setting interface mode on port 'mxm_execute_ursa/b0_q' to 's_axilite & ap_none' (register).
INFO: [RTGEN 206-500] Setting interface mode on port 'mxm_execute_ursa/addr_c0' to 's_axilite & ap_none'.
INFO: [RTGEN 206-500] Setting interface mode on port 'mxm_execute_ursa/m' to 's_axilite & ap_none' (register).
INFO: [RTGEN 206-500] Setting interface mode on function 'mxm_execute_ursa' to 's_axilite & ap_ctrl_hs'.
WARNING: [RTGEN 206-101] Register 'mxm_execute_ursa_signed_char_unsigned_short_unsigned_char_unsigned_short_i_63' is power-on initialization.
WARNING: [RTGEN 206-101] Register 'mxm_execute_ursa_signed_char_unsigned_short_unsigned_char_unsigned_short_i_62' is power-on initialization.
WARNING: [RTGEN 206-101] Register 'mxm_execute_ursa_signed_char_unsigned_short_unsigned_char_unsigned_short_i_61' is power-on initialization.
WARNING: [RTGEN 206-101] Register 'mxm_execute_ursa_signed_char_unsigned_short_unsigned_char_unsigned_short_i_60' is power-on initialization.
WARNING: [RTGEN 206-101] Register 'mxm_execute_ursa_signed_char_unsigned_short_unsigned_char_unsigned_short_i_59' is power-on initialization.
WARNING: [RTGEN 206-101] Register 'mxm_execute_ursa_signed_char_unsigned_short_unsigned_char_unsigned_short_i_58' is power-on initialization.
WARNING: [RTGEN 206-101] Register 'mxm_execute_ursa_signed_char_unsigned_short_unsigned_char_unsigned_short_i_57' is power-on initialization.
WARNING: [RTGEN 206-101] Register 'mxm_execute_ursa_signed_char_unsigned_short_unsigned_char_unsigned_short_i_56' is power-on initialization.
WARNING: [RTGEN 206-101] Register 'mxm_execute_ursa_signed_char_unsigned_short_unsigned_char_unsigned_short_i_55' is power-on initialization.
WARNING: [RTGEN 206-101] Register 'mxm_execute_ursa_signed_char_unsigned_short_unsigned_char_unsigned_short_i_54' is power-on initialization.
WARNING: [RTGEN 206-101] Register 'mxm_execute_ursa_signed_char_unsigned_short_unsigned_char_unsigned_short_i_53' is power-on initialization.
WARNING: [RTGEN 206-101] Register 'mxm_execute_ursa_signed_char_unsigned_short_unsigned_char_unsigned_short_i_52' is power-on initialization.
WARNING: [RTGEN 206-101] Register 'mxm_execute_ursa_signed_char_unsigned_short_unsigned_char_unsigned_short_i_51' is power-on initialization.
WARNING: [RTGEN 206-101] Register 'mxm_execute_ursa_signed_char_unsigned_short_unsigned_char_unsigned_short_i_50' is power-on initialization.
WARNING: [RTGEN 206-101] Register 'mxm_execute_ursa_signed_char_unsigned_short_unsigned_char_unsigned_short_i_49' is power-on initialization.
WARNING: [RTGEN 206-101] Register 'mxm_execute_ursa_signed_char_unsigned_short_unsigned_char_unsigned_short_i_48' is power-on initialization.
WARNING: [RTGEN 206-101] Register 'mxm_execute_ursa_signed_char_unsigned_short_unsigned_char_unsigned_short_i_47' is power-on initialization.
WARNING: [RTGEN 206-101] Register 'mxm_execute_ursa_signed_char_unsigned_short_unsigned_char_unsigned_short_i_46' is power-on initialization.
WARNING: [RTGEN 206-101] Register 'mxm_execute_ursa_signed_char_unsigned_short_unsigned_char_unsigned_short_i_45' is power-on initialization.
WARNING: [RTGEN 206-101] Register 'mxm_execute_ursa_signed_char_unsigned_short_unsigned_char_unsigned_short_i_44' is power-on initialization.
WARNING: [RTGEN 206-101] Register 'mxm_execute_ursa_signed_char_unsigned_short_unsigned_char_unsigned_short_i_43' is power-on initialization.
WARNING: [RTGEN 206-101] Register 'mxm_execute_ursa_signed_char_unsigned_short_unsigned_char_unsigned_short_i_42' is power-on initialization.
WARNING: [RTGEN 206-101] Register 'mxm_execute_ursa_signed_char_unsigned_short_unsigned_char_unsigned_short_i_41' is power-on initialization.
WARNING: [RTGEN 206-101] Register 'mxm_execute_ursa_signed_char_unsigned_short_unsigned_char_unsigned_short_i_40' is power-on initialization.
WARNING: [RTGEN 206-101] Register 'mxm_execute_ursa_signed_char_unsigned_short_unsigned_char_unsigned_short_i_39' is power-on initialization.
WARNING: [RTGEN 206-101] Register 'mxm_execute_ursa_signed_char_unsigned_short_unsigned_char_unsigned_short_i_38' is power-on initialization.
WARNING: [RTGEN 206-101] Register 'mxm_execute_ursa_signed_char_unsigned_short_unsigned_char_unsigned_short_i_37' is power-on initialization.
WARNING: [RTGEN 206-101] Register 'mxm_execute_ursa_signed_char_unsigned_short_unsigned_char_unsigned_short_i_36' is power-on initialization.
WARNING: [RTGEN 206-101] Register 'mxm_execute_ursa_signed_char_unsigned_short_unsigned_char_unsigned_short_i_35' is power-on initialization.
WARNING: [RTGEN 206-101] Register 'mxm_execute_ursa_signed_char_unsigned_short_unsigned_char_unsigned_short_i_34' is power-on initialization.
WARNING: [RTGEN 206-101] Register 'mxm_execute_ursa_signed_char_unsigned_short_unsigned_char_unsigned_short_i_33' is power-on initialization.
WARNING: [RTGEN 206-101] Register 'mxm_execute_ursa_signed_char_unsigned_short_unsigned_char_unsigned_short_i_32' is power-on initialization.
WARNING: [RTGEN 206-101] Register 'mxm_execute_ursa_signed_char_unsigned_short_unsigned_char_unsigned_short_i_31' is power-on initialization.
WARNING: [RTGEN 206-101] Register 'mxm_execute_ursa_signed_char_unsigned_short_unsigned_char_unsigned_short_i_30' is power-on initialization.
WARNING: [RTGEN 206-101] Register 'mxm_execute_ursa_signed_char_unsigned_short_unsigned_char_unsigned_short_i_29' is power-on initialization.
WARNING: [RTGEN 206-101] Register 'mxm_execute_ursa_signed_char_unsigned_short_unsigned_char_unsigned_short_i_28' is power-on initialization.
WARNING: [RTGEN 206-101] Register 'mxm_execute_ursa_signed_char_unsigned_short_unsigned_char_unsigned_short_i_27' is power-on initialization.
WARNING: [RTGEN 206-101] Register 'mxm_execute_ursa_signed_char_unsigned_short_unsigned_char_unsigned_short_i_26' is power-on initialization.
WARNING: [RTGEN 206-101] Register 'mxm_execute_ursa_signed_char_unsigned_short_unsigned_char_unsigned_short_i_25' is power-on initialization.
WARNING: [RTGEN 206-101] Register 'mxm_execute_ursa_signed_char_unsigned_short_unsigned_char_unsigned_short_i_24' is power-on initialization.
WARNING: [RTGEN 206-101] Register 'mxm_execute_ursa_signed_char_unsigned_short_unsigned_char_unsigned_short_i_23' is power-on initialization.
WARNING: [RTGEN 206-101] Register 'mxm_execute_ursa_signed_char_unsigned_short_unsigned_char_unsigned_short_i_22' is power-on initialization.
WARNING: [RTGEN 206-101] Register 'mxm_execute_ursa_signed_char_unsigned_short_unsigned_char_unsigned_short_i_21' is power-on initialization.
WARNING: [RTGEN 206-101] Register 'mxm_execute_ursa_signed_char_unsigned_short_unsigned_char_unsigned_short_i_20' is power-on initialization.
WARNING: [RTGEN 206-101] Register 'mxm_execute_ursa_signed_char_unsigned_short_unsigned_char_unsigned_short_i_19' is power-on initialization.
WARNING: [RTGEN 206-101] Register 'mxm_execute_ursa_signed_char_unsigned_short_unsigned_char_unsigned_short_i_18' is power-on initialization.
WARNING: [RTGEN 206-101] Register 'mxm_execute_ursa_signed_char_unsigned_short_unsigned_char_unsigned_short_i_17' is power-on initialization.
WARNING: [RTGEN 206-101] Register 'mxm_execute_ursa_signed_char_unsigned_short_unsigned_char_unsigned_short_i_16' is power-on initialization.
WARNING: [RTGEN 206-101] Register 'mxm_execute_ursa_signed_char_unsigned_short_unsigned_char_unsigned_short_i_15' is power-on initialization.
WARNING: [RTGEN 206-101] Register 'mxm_execute_ursa_signed_char_unsigned_short_unsigned_char_unsigned_short_i_14' is power-on initialization.
WARNING: [RTGEN 206-101] Register 'mxm_execute_ursa_signed_char_unsigned_short_unsigned_char_unsigned_short_i_13' is power-on initialization.
WARNING: [RTGEN 206-101] Register 'mxm_execute_ursa_signed_char_unsigned_short_unsigned_char_unsigned_short_i_12' is power-on initialization.
WARNING: [RTGEN 206-101] Register 'mxm_execute_ursa_signed_char_unsigned_short_unsigned_char_unsigned_short_i_11' is power-on initialization.
WARNING: [RTGEN 206-101] Register 'mxm_execute_ursa_signed_char_unsigned_short_unsigned_char_unsigned_short_i_10' is power-on initialization.
WARNING: [RTGEN 206-101] Register 'mxm_execute_ursa_signed_char_unsigned_short_unsigned_char_unsigned_short_i_9' is power-on initialization.
WARNING: [RTGEN 206-101] Register 'mxm_execute_ursa_signed_char_unsigned_short_unsigned_char_unsigned_short_i_8' is power-on initialization.
WARNING: [RTGEN 206-101] Register 'mxm_execute_ursa_signed_char_unsigned_short_unsigned_char_unsigned_short_i_7' is power-on initialization.
WARNING: [RTGEN 206-101] Register 'mxm_execute_ursa_signed_char_unsigned_short_unsigned_char_unsigned_short_i_6' is power-on initialization.
WARNING: [RTGEN 206-101] Register 'mxm_execute_ursa_signed_char_unsigned_short_unsigned_char_unsigned_short_i_5' is power-on initialization.
WARNING: [RTGEN 206-101] Register 'mxm_execute_ursa_signed_char_unsigned_short_unsigned_char_unsigned_short_i_4' is power-on initialization.
WARNING: [RTGEN 206-101] Register 'mxm_execute_ursa_signed_char_unsigned_short_unsigned_char_unsigned_short_i_3' is power-on initialization.
WARNING: [RTGEN 206-101] Register 'mxm_execute_ursa_signed_char_unsigned_short_unsigned_char_unsigned_short_i_2' is power-on initialization.
WARNING: [RTGEN 206-101] Register 'mxm_execute_ursa_signed_char_unsigned_short_unsigned_char_unsigned_short_i_1' is power-on initialization.
WARNING: [RTGEN 206-101] Register 'mxm_execute_ursa_signed_char_unsigned_short_unsigned_char_unsigned_short_i' is power-on initialization.
INFO: [RTGEN 206-100] Bundling port 'return', 'b0_q' and 'm' to AXI-Lite port ap.
INFO: [RTGEN 206-100] Bundling port 'addr_a0', 'addr_b0' and 'addr_c0' to AXI-Lite port control.
INFO: [RTGEN 206-100] Generating core module 'mul_13ns_13ns_26_1_1': 1 instance(s).
INFO: [RTGEN 206-100] Generating core module 'mul_13ns_16ns_27_1_1': 1 instance(s).
INFO: [RTGEN 206-100] Generating core module 'mul_13ns_16ns_29_1_1': 1 instance(s).
INFO: [RTGEN 206-100] Finished creating RTL model for 'mxm_execute_ursa'.
INFO: [HLS 200-111] Finished Creating RTL model: CPU user time: 0.39 seconds. CPU system time: 0.03 seconds. Elapsed time: 0.42 seconds; current allocated memory: 393.750 MB.
INFO: [HLS 200-111] Finished Generating all RTL models: CPU user time: 0.69 seconds. CPU system time: 0.04 seconds. Elapsed time: 0.73 seconds; current allocated memory: 397.465 MB.
INFO: [HLS 200-1603] Design has inferred MAXI bursts and missed bursts, see Vitis HLS GUI synthesis summary report for detailed information.
INFO: [HLS 200-111] Finished Updating report files: CPU user time: 1.31 seconds. CPU system time: 0.03 seconds. Elapsed time: 1.36 seconds; current allocated memory: 408.906 MB.
INFO: [VHDL 208-304] Generating VHDL RTL for mxm_execute_ursa.
INFO: [VLOG 209-307] Generating Verilog RTL for mxm_execute_ursa.
INFO: [HLS 200-790] **** Loop Constraint Status: All loop constraints were NOT satisfied.
INFO: [HLS 200-789] **** Estimated Fmax: 136.99 MHz
INFO: [HLS 200-111] Finished Command csynth_design CPU user time: 18.63 seconds. CPU system time: 3.1 seconds. Elapsed time: 25.3 seconds; current allocated memory: 134.625 MB.
INFO: [HLS 200-1510] Running: close_project 
INFO: [HLS 200-112] Total CPU user time: 20.3 seconds. Total CPU system time: 3.43 seconds. Total elapsed time: 27.13 seconds; peak allocated memory: 409.043 MB.
INFO: [Common 17-206] Exiting vitis_hls at Thu Aug 20 13:57:54 2026...
INFO: [v++ 60-791] Total elapsed time: 0h 0m 30s
