

================================================================
== Vitis HLS Report for 'mxm_execute_ursa_Pipeline_LOAD_B'
================================================================
* Date:           Thu Sep 24 14:32:21 2026

* Version:        2023.2 (Build 4023990 on Oct 11 2023)
* Project:        mxm_execute_ursa
* Solution:       hls (Vivado IP Flow Target)
* Product family: zynq
* Target device:  xc7z020-clg484-1


================================================================
== Performance Estimates
================================================================
+ Timing: 
    * Summary: 
    +--------+----------+----------+------------+
    |  Clock |  Target  | Estimated| Uncertainty|
    +--------+----------+----------+------------+
    |ap_clk  |  10.00 ns|  7.300 ns|     2.70 ns|
    +--------+----------+----------+------------+

+ Latency: 
    * Summary: 
    +---------+---------+----------+----------+-----+-----+---------+
    |  Latency (cycles) |  Latency (absolute) |  Interval | Pipeline|
    |   min   |   max   |    min   |    max   | min | max |   Type  |
    +---------+---------+----------+----------+-----+-----+---------+
    |       47|      155|  0.470 us|  1.550 us|   47|  155|       no|
    +---------+---------+----------+----------+-----+-----+---------+

    + Detail: 
        * Instance: 
        N/A

        * Loop: 
        +----------+---------+---------+----------+-----------+-----------+----------+----------+
        |          |  Latency (cycles) | Iteration|  Initiation Interval  |   Trip   |          |
        | Loop Name|   min   |   max   |  Latency |  achieved |   target  |   Count  | Pipelined|
        +----------+---------+---------+----------+-----------+-----------+----------+----------+
        |- LOAD_B  |       45|      153|        11|          1|          1|  36 ~ 144|       yes|
        +----------+---------+---------+----------+-----------+-----------+----------+----------+



================================================================
== Utilization Estimates
================================================================
* Summary: 
+-----------------+---------+-----+--------+-------+-----+
|       Name      | BRAM_18K| DSP |   FF   |  LUT  | URAM|
+-----------------+---------+-----+--------+-------+-----+
|DSP              |        -|    -|       -|      -|    -|
|Expression       |        -|    -|       0|    126|    -|
|FIFO             |        -|    -|       -|      -|    -|
|Instance         |        -|    -|       -|      -|    -|
|Memory           |        -|    -|       -|      -|    -|
|Multiplexer      |        -|    -|       -|     63|    -|
|Register         |        -|    -|     216|     32|    -|
+-----------------+---------+-----+--------+-------+-----+
|Total            |        0|    0|     216|    221|    0|
+-----------------+---------+-----+--------+-------+-----+
|Available        |      280|  220|  106400|  53200|    0|
+-----------------+---------+-----+--------+-------+-----+
|Utilization (%)  |        0|    0|      ~0|     ~0|    0|
+-----------------+---------+-----+--------+-------+-----+

+ Detail: 
    * Instance: 
    N/A

    * DSP: 
    N/A

    * Memory: 
    N/A

    * FIFO: 
    N/A

    * Expression: 
    +---------------------------+----------+----+---+----+------------+------------+
    |       Variable Name       | Operation| DSP| FF| LUT| Bitwidth P0| Bitwidth P1|
    +---------------------------+----------+----+---+----+------------+------------+
    |add_ln123_fu_210_p2        |         +|   0|  0|  23|          16|           1|
    |add_ln126_fu_227_p2        |         +|   0|  0|  39|          32|          32|
    |idx_1_fu_246_p2            |         +|   0|  0|  37|          30|          30|
    |icmp_ln123_fu_205_p2       |      icmp|   0|  0|  23|          16|          16|
    |ap_block_pp0_stage0_11001  |        or|   0|  0|   2|           1|           1|
    |ap_enable_pp0              |       xor|   0|  0|   2|           1|           2|
    +---------------------------+----------+----+---+----+------------+------------+
    |Total                      |          |   0|  0| 126|          96|          82|
    +---------------------------+----------+----+---+----+------------+------------+

    * Multiplexer: 
    +-------------------------+----+-----------+-----+-----------+
    |           Name          | LUT| Input Size| Bits| Total Bits|
    +-------------------------+----+-----------+-----+-----------+
    |ap_done_int              |   9|          2|    1|          2|
    |ap_enable_reg_pp0_iter1  |   9|          2|    1|          2|
    |ap_enable_reg_pp0_iter2  |   9|          2|    1|          2|
    |bi_blk_n_AR              |   9|          2|    1|          2|
    |bi_blk_n_R               |   9|          2|    1|          2|
    |idx_fu_88                |   9|          2|   30|         60|
    |k_fu_92                  |   9|          2|   16|         32|
    +-------------------------+----+-----------+-----+-----------+
    |Total                    |  63|         14|   51|        102|
    +-------------------------+----+-----------+-----+-----------+

    * Register: 
    +-----------------------------------+----+----+-----+-----------+
    |                Name               | FF | LUT| Bits| Const Bits|
    +-----------------------------------+----+----+-----+-----------+
    |ap_CS_fsm                          |   1|   0|    1|          0|
    |ap_done_reg                        |   1|   0|    1|          0|
    |ap_enable_reg_pp0_iter1            |   1|   0|    1|          0|
    |ap_enable_reg_pp0_iter10           |   1|   0|    1|          0|
    |ap_enable_reg_pp0_iter11           |   1|   0|    1|          0|
    |ap_enable_reg_pp0_iter2            |   1|   0|    1|          0|
    |ap_enable_reg_pp0_iter3            |   1|   0|    1|          0|
    |ap_enable_reg_pp0_iter4            |   1|   0|    1|          0|
    |ap_enable_reg_pp0_iter5            |   1|   0|    1|          0|
    |ap_enable_reg_pp0_iter6            |   1|   0|    1|          0|
    |ap_enable_reg_pp0_iter7            |   1|   0|    1|          0|
    |ap_enable_reg_pp0_iter8            |   1|   0|    1|          0|
    |ap_enable_reg_pp0_iter9            |   1|   0|    1|          0|
    |ap_loop_exit_ready_pp0_iter10_reg  |   1|   0|    1|          0|
    |ap_loop_exit_ready_pp0_iter2_reg   |   1|   0|    1|          0|
    |ap_loop_exit_ready_pp0_iter3_reg   |   1|   0|    1|          0|
    |ap_loop_exit_ready_pp0_iter4_reg   |   1|   0|    1|          0|
    |ap_loop_exit_ready_pp0_iter5_reg   |   1|   0|    1|          0|
    |ap_loop_exit_ready_pp0_iter6_reg   |   1|   0|    1|          0|
    |ap_loop_exit_ready_pp0_iter7_reg   |   1|   0|    1|          0|
    |ap_loop_exit_ready_pp0_iter8_reg   |   1|   0|    1|          0|
    |ap_loop_exit_ready_pp0_iter9_reg   |   1|   0|    1|          0|
    |idx_fu_88                          |  30|   0|   30|          0|
    |k_fu_92                            |  16|   0|   16|          0|
    |tmp_1_reg_371                      |   8|   0|    8|          0|
    |tmp_2_reg_376                      |   8|   0|    8|          0|
    |tmp_s_reg_366                      |   8|   0|    8|          0|
    |trunc_ln129_1_reg_350              |   8|   0|    8|          0|
    |trunc_ln129_reg_361                |   8|   0|    8|          0|
    |trunc_ln4_reg_345                  |  30|   0|   30|          0|
    |zext_ln195_cast_reg_336            |  14|   0|   30|         16|
    |trunc_ln129_1_reg_350              |  64|  32|    8|          0|
    +-----------------------------------+----+----+-----+-----------+
    |Total                              | 216|  32|  176|         16|
    +-----------------------------------+----+----+-----+-----------+



================================================================
== Interface
================================================================
* Summary: 
+-------------------+-----+-----+------------+----------------------------------+--------------+
|     RTL Ports     | Dir | Bits|  Protocol  |           Source Object          |    C Type    |
+-------------------+-----+-----+------------+----------------------------------+--------------+
|ap_clk             |   in|    1|  ap_ctrl_hs|  mxm_execute_ursa_Pipeline_LOAD_B|  return value|
|ap_rst             |   in|    1|  ap_ctrl_hs|  mxm_execute_ursa_Pipeline_LOAD_B|  return value|
|ap_start           |   in|    1|  ap_ctrl_hs|  mxm_execute_ursa_Pipeline_LOAD_B|  return value|
|ap_done            |  out|    1|  ap_ctrl_hs|  mxm_execute_ursa_Pipeline_LOAD_B|  return value|
|ap_idle            |  out|    1|  ap_ctrl_hs|  mxm_execute_ursa_Pipeline_LOAD_B|  return value|
|ap_ready           |  out|    1|  ap_ctrl_hs|  mxm_execute_ursa_Pipeline_LOAD_B|  return value|
|m_axi_bi_AWVALID   |  out|    1|       m_axi|                                bi|       pointer|
|m_axi_bi_AWREADY   |   in|    1|       m_axi|                                bi|       pointer|
|m_axi_bi_AWADDR    |  out|   32|       m_axi|                                bi|       pointer|
|m_axi_bi_AWID      |  out|    1|       m_axi|                                bi|       pointer|
|m_axi_bi_AWLEN     |  out|   32|       m_axi|                                bi|       pointer|
|m_axi_bi_AWSIZE    |  out|    3|       m_axi|                                bi|       pointer|
|m_axi_bi_AWBURST   |  out|    2|       m_axi|                                bi|       pointer|
|m_axi_bi_AWLOCK    |  out|    2|       m_axi|                                bi|       pointer|
|m_axi_bi_AWCACHE   |  out|    4|       m_axi|                                bi|       pointer|
|m_axi_bi_AWPROT    |  out|    3|       m_axi|                                bi|       pointer|
|m_axi_bi_AWQOS     |  out|    4|       m_axi|                                bi|       pointer|
|m_axi_bi_AWREGION  |  out|    4|       m_axi|                                bi|       pointer|
|m_axi_bi_AWUSER    |  out|    1|       m_axi|                                bi|       pointer|
|m_axi_bi_WVALID    |  out|    1|       m_axi|                                bi|       pointer|
|m_axi_bi_WREADY    |   in|    1|       m_axi|                                bi|       pointer|
|m_axi_bi_WDATA     |  out|   32|       m_axi|                                bi|       pointer|
|m_axi_bi_WSTRB     |  out|    4|       m_axi|                                bi|       pointer|
|m_axi_bi_WLAST     |  out|    1|       m_axi|                                bi|       pointer|
|m_axi_bi_WID       |  out|    1|       m_axi|                                bi|       pointer|
|m_axi_bi_WUSER     |  out|    1|       m_axi|                                bi|       pointer|
|m_axi_bi_ARVALID   |  out|    1|       m_axi|                                bi|       pointer|
|m_axi_bi_ARREADY   |   in|    1|       m_axi|                                bi|       pointer|
|m_axi_bi_ARADDR    |  out|   32|       m_axi|                                bi|       pointer|
|m_axi_bi_ARID      |  out|    1|       m_axi|                                bi|       pointer|
|m_axi_bi_ARLEN     |  out|   32|       m_axi|                                bi|       pointer|
|m_axi_bi_ARSIZE    |  out|    3|       m_axi|                                bi|       pointer|
|m_axi_bi_ARBURST   |  out|    2|       m_axi|                                bi|       pointer|
|m_axi_bi_ARLOCK    |  out|    2|       m_axi|                                bi|       pointer|
|m_axi_bi_ARCACHE   |  out|    4|       m_axi|                                bi|       pointer|
|m_axi_bi_ARPROT    |  out|    3|       m_axi|                                bi|       pointer|
|m_axi_bi_ARQOS     |  out|    4|       m_axi|                                bi|       pointer|
|m_axi_bi_ARREGION  |  out|    4|       m_axi|                                bi|       pointer|
|m_axi_bi_ARUSER    |  out|    1|       m_axi|                                bi|       pointer|
|m_axi_bi_RVALID    |   in|    1|       m_axi|                                bi|       pointer|
|m_axi_bi_RREADY    |  out|    1|       m_axi|                                bi|       pointer|
|m_axi_bi_RDATA     |   in|   32|       m_axi|                                bi|       pointer|
|m_axi_bi_RLAST     |   in|    1|       m_axi|                                bi|       pointer|
|m_axi_bi_RID       |   in|    1|       m_axi|                                bi|       pointer|
|m_axi_bi_RFIFONUM  |   in|   10|       m_axi|                                bi|       pointer|
|m_axi_bi_RUSER     |   in|    1|       m_axi|                                bi|       pointer|
|m_axi_bi_RRESP     |   in|    2|       m_axi|                                bi|       pointer|
|m_axi_bi_BVALID    |   in|    1|       m_axi|                                bi|       pointer|
|m_axi_bi_BREADY    |  out|    1|       m_axi|                                bi|       pointer|
|m_axi_bi_BRESP     |   in|    2|       m_axi|                                bi|       pointer|
|m_axi_bi_BID       |   in|    1|       m_axi|                                bi|       pointer|
|m_axi_bi_BUSER     |   in|    1|       m_axi|                                bi|       pointer|
|zext_ln213         |   in|   14|     ap_none|                        zext_ln213|        scalar|
|select_ln123       |   in|   16|     ap_none|                      select_ln123|        scalar|
|b_buf_3_address0   |  out|    8|   ap_memory|                           b_buf_3|         array|
|b_buf_3_ce0        |  out|    1|   ap_memory|                           b_buf_3|         array|
|b_buf_3_we0        |  out|    1|   ap_memory|                           b_buf_3|         array|
|b_buf_3_d0         |  out|    8|   ap_memory|                           b_buf_3|         array|
|b_buf_2_address0   |  out|    8|   ap_memory|                           b_buf_2|         array|
|b_buf_2_ce0        |  out|    1|   ap_memory|                           b_buf_2|         array|
|b_buf_2_we0        |  out|    1|   ap_memory|                           b_buf_2|         array|
|b_buf_2_d0         |  out|    8|   ap_memory|                           b_buf_2|         array|
|b_buf_1_address0   |  out|    8|   ap_memory|                           b_buf_1|         array|
|b_buf_1_ce0        |  out|    1|   ap_memory|                           b_buf_1|         array|
|b_buf_1_we0        |  out|    1|   ap_memory|                           b_buf_1|         array|
|b_buf_1_d0         |  out|    8|   ap_memory|                           b_buf_1|         array|
|b_buf_address0     |  out|    8|   ap_memory|                             b_buf|         array|
|b_buf_ce0          |  out|    1|   ap_memory|                             b_buf|         array|
|b_buf_we0          |  out|    1|   ap_memory|                             b_buf|         array|
|b_buf_d0           |  out|    8|   ap_memory|                             b_buf|         array|
|addr_b0            |   in|   32|     ap_none|                           addr_b0|        scalar|
|zext_ln195         |   in|   14|     ap_none|                        zext_ln195|        scalar|
+-------------------+-----+-----+------------+----------------------------------+--------------+

