

================================================================
== Vitis HLS Report for 'sa_reset'
================================================================
* Date:           Thu Sep 24 14:32:21 2026

* Version:        2023.2 (Build 4023990 on Oct 11 2023)
* Project:        mxm_execute_ursa
* Solution:       hls (Vivado IP Flow Target)
* Product family: zynq
* Target device:  xc7z020-clg484-1


================================================================
== Performance Estimates
================================================================
+ Timing: 
    * Summary: 
    +--------+----------+----------+------------+
    |  Clock |  Target  | Estimated| Uncertainty|
    +--------+----------+----------+------------+
    |ap_clk  |  10.00 ns|      0 ns|     2.70 ns|
    +--------+----------+----------+------------+

+ Latency: 
    * Summary: 
    +---------+---------+----------+----------+-----+-----+---------+
    |  Latency (cycles) |  Latency (absolute) |  Interval | Pipeline|
    |   min   |   max   |    min   |    max   | min | max |   Type  |
    +---------+---------+----------+----------+-----+-----+---------+
    |        0|        0|      0 ns|      0 ns|    1|    1|      yes|
    +---------+---------+----------+----------+-----+-----+---------+

    + Detail: 
        * Instance: 
        N/A

        * Loop: 
        N/A



================================================================
== Utilization Estimates
================================================================
* Summary: 
+-----------------+---------+-----+--------+-------+-----+
|       Name      | BRAM_18K| DSP |   FF   |  LUT  | URAM|
+-----------------+---------+-----+--------+-------+-----+
|DSP              |        -|    -|       -|      -|    -|
|Expression       |        -|    -|       -|      -|    -|
|FIFO             |        -|    -|       -|      -|    -|
|Instance         |        -|    -|       -|      -|    -|
|Memory           |        -|    -|       -|      -|    -|
|Multiplexer      |        -|    -|       -|      -|    -|
|Register         |        -|    -|       -|      -|    -|
+-----------------+---------+-----+--------+-------+-----+
|Total            |        0|    0|       0|      0|    0|
+-----------------+---------+-----+--------+-------+-----+
|Available        |      280|  220|  106400|  53200|    0|
+-----------------+---------+-----+--------+-------+-----+
|Utilization (%)  |        0|    0|       0|      0|    0|
+-----------------+---------+-----+--------+-------+-----+

+ Detail: 
    * Instance: 
    N/A

    * DSP: 
    N/A

    * Memory: 
    N/A

    * FIFO: 
    N/A

    * Expression: 
    N/A

    * Multiplexer: 
    N/A

    * Register: 
    N/A



================================================================
== Interface
================================================================
* Summary: 
+-----------------------------------------------------------------------------------------+-----+-----+------------+----------------------------------------------------------------------------------+--------------+
|                                        RTL Ports                                        | Dir | Bits|  Protocol  |                                   Source Object                                  |    C Type    |
+-----------------------------------------------------------------------------------------+-----+-----+------------+----------------------------------------------------------------------------------+--------------+
|ap_ready                                                                                 |  out|    1|  ap_ctrl_hs|                                                                          sa_reset|  return value|
|mxm_execute_ursa_ap_uint_unsigned_short_ap_uint_unsigned_short_int_unsigned_s_15         |  out|   20|      ap_vld|  mxm_execute_ursa_ap_uint_unsigned_short_ap_uint_unsigned_short_int_unsigned_s_15|       pointer|
|mxm_execute_ursa_ap_uint_unsigned_short_ap_uint_unsigned_short_int_unsigned_s_15_ap_vld  |  out|    1|      ap_vld|  mxm_execute_ursa_ap_uint_unsigned_short_ap_uint_unsigned_short_int_unsigned_s_15|       pointer|
|mxm_execute_ursa_ap_uint_unsigned_short_ap_uint_unsigned_short_int_unsigned_s_14         |  out|   20|      ap_vld|  mxm_execute_ursa_ap_uint_unsigned_short_ap_uint_unsigned_short_int_unsigned_s_14|       pointer|
|mxm_execute_ursa_ap_uint_unsigned_short_ap_uint_unsigned_short_int_unsigned_s_14_ap_vld  |  out|    1|      ap_vld|  mxm_execute_ursa_ap_uint_unsigned_short_ap_uint_unsigned_short_int_unsigned_s_14|       pointer|
|mxm_execute_ursa_ap_uint_unsigned_short_ap_uint_unsigned_short_int_unsigned_s_13         |  out|   20|      ap_vld|  mxm_execute_ursa_ap_uint_unsigned_short_ap_uint_unsigned_short_int_unsigned_s_13|       pointer|
|mxm_execute_ursa_ap_uint_unsigned_short_ap_uint_unsigned_short_int_unsigned_s_13_ap_vld  |  out|    1|      ap_vld|  mxm_execute_ursa_ap_uint_unsigned_short_ap_uint_unsigned_short_int_unsigned_s_13|       pointer|
|mxm_execute_ursa_ap_uint_unsigned_short_ap_uint_unsigned_short_int_unsigned_s_12         |  out|   20|      ap_vld|  mxm_execute_ursa_ap_uint_unsigned_short_ap_uint_unsigned_short_int_unsigned_s_12|       pointer|
|mxm_execute_ursa_ap_uint_unsigned_short_ap_uint_unsigned_short_int_unsigned_s_12_ap_vld  |  out|    1|      ap_vld|  mxm_execute_ursa_ap_uint_unsigned_short_ap_uint_unsigned_short_int_unsigned_s_12|       pointer|
|mxm_execute_ursa_ap_uint_unsigned_short_ap_uint_unsigned_short_int_unsigned_s_11         |  out|   20|      ap_vld|  mxm_execute_ursa_ap_uint_unsigned_short_ap_uint_unsigned_short_int_unsigned_s_11|       pointer|
|mxm_execute_ursa_ap_uint_unsigned_short_ap_uint_unsigned_short_int_unsigned_s_11_ap_vld  |  out|    1|      ap_vld|  mxm_execute_ursa_ap_uint_unsigned_short_ap_uint_unsigned_short_int_unsigned_s_11|       pointer|
|mxm_execute_ursa_ap_uint_unsigned_short_ap_uint_unsigned_short_int_unsigned_s_10         |  out|   20|      ap_vld|  mxm_execute_ursa_ap_uint_unsigned_short_ap_uint_unsigned_short_int_unsigned_s_10|       pointer|
|mxm_execute_ursa_ap_uint_unsigned_short_ap_uint_unsigned_short_int_unsigned_s_10_ap_vld  |  out|    1|      ap_vld|  mxm_execute_ursa_ap_uint_unsigned_short_ap_uint_unsigned_short_int_unsigned_s_10|       pointer|
|mxm_execute_ursa_ap_uint_unsigned_short_ap_uint_unsigned_short_int_unsigned_s_9          |  out|   20|      ap_vld|   mxm_execute_ursa_ap_uint_unsigned_short_ap_uint_unsigned_short_int_unsigned_s_9|       pointer|
|mxm_execute_ursa_ap_uint_unsigned_short_ap_uint_unsigned_short_int_unsigned_s_9_ap_vld   |  out|    1|      ap_vld|   mxm_execute_ursa_ap_uint_unsigned_short_ap_uint_unsigned_short_int_unsigned_s_9|       pointer|
|mxm_execute_ursa_ap_uint_unsigned_short_ap_uint_unsigned_short_int_unsigned_s_8          |  out|   20|      ap_vld|   mxm_execute_ursa_ap_uint_unsigned_short_ap_uint_unsigned_short_int_unsigned_s_8|       pointer|
|mxm_execute_ursa_ap_uint_unsigned_short_ap_uint_unsigned_short_int_unsigned_s_8_ap_vld   |  out|    1|      ap_vld|   mxm_execute_ursa_ap_uint_unsigned_short_ap_uint_unsigned_short_int_unsigned_s_8|       pointer|
|mxm_execute_ursa_ap_uint_unsigned_short_ap_uint_unsigned_short_int_unsigned_s_7          |  out|   20|      ap_vld|   mxm_execute_ursa_ap_uint_unsigned_short_ap_uint_unsigned_short_int_unsigned_s_7|       pointer|
|mxm_execute_ursa_ap_uint_unsigned_short_ap_uint_unsigned_short_int_unsigned_s_7_ap_vld   |  out|    1|      ap_vld|   mxm_execute_ursa_ap_uint_unsigned_short_ap_uint_unsigned_short_int_unsigned_s_7|       pointer|
|mxm_execute_ursa_ap_uint_unsigned_short_ap_uint_unsigned_short_int_unsigned_s_6          |  out|   20|      ap_vld|   mxm_execute_ursa_ap_uint_unsigned_short_ap_uint_unsigned_short_int_unsigned_s_6|       pointer|
|mxm_execute_ursa_ap_uint_unsigned_short_ap_uint_unsigned_short_int_unsigned_s_6_ap_vld   |  out|    1|      ap_vld|   mxm_execute_ursa_ap_uint_unsigned_short_ap_uint_unsigned_short_int_unsigned_s_6|       pointer|
|mxm_execute_ursa_ap_uint_unsigned_short_ap_uint_unsigned_short_int_unsigned_s_5          |  out|   20|      ap_vld|   mxm_execute_ursa_ap_uint_unsigned_short_ap_uint_unsigned_short_int_unsigned_s_5|       pointer|
|mxm_execute_ursa_ap_uint_unsigned_short_ap_uint_unsigned_short_int_unsigned_s_5_ap_vld   |  out|    1|      ap_vld|   mxm_execute_ursa_ap_uint_unsigned_short_ap_uint_unsigned_short_int_unsigned_s_5|       pointer|
|mxm_execute_ursa_ap_uint_unsigned_short_ap_uint_unsigned_short_int_unsigned_s_4          |  out|   20|      ap_vld|   mxm_execute_ursa_ap_uint_unsigned_short_ap_uint_unsigned_short_int_unsigned_s_4|       pointer|
|mxm_execute_ursa_ap_uint_unsigned_short_ap_uint_unsigned_short_int_unsigned_s_4_ap_vld   |  out|    1|      ap_vld|   mxm_execute_ursa_ap_uint_unsigned_short_ap_uint_unsigned_short_int_unsigned_s_4|       pointer|
|mxm_execute_ursa_ap_uint_unsigned_short_ap_uint_unsigned_short_int_unsigned_s_3          |  out|   20|      ap_vld|   mxm_execute_ursa_ap_uint_unsigned_short_ap_uint_unsigned_short_int_unsigned_s_3|       pointer|
|mxm_execute_ursa_ap_uint_unsigned_short_ap_uint_unsigned_short_int_unsigned_s_3_ap_vld   |  out|    1|      ap_vld|   mxm_execute_ursa_ap_uint_unsigned_short_ap_uint_unsigned_short_int_unsigned_s_3|       pointer|
|mxm_execute_ursa_ap_uint_unsigned_short_ap_uint_unsigned_short_int_unsigned_s_2          |  out|   20|      ap_vld|   mxm_execute_ursa_ap_uint_unsigned_short_ap_uint_unsigned_short_int_unsigned_s_2|       pointer|
|mxm_execute_ursa_ap_uint_unsigned_short_ap_uint_unsigned_short_int_unsigned_s_2_ap_vld   |  out|    1|      ap_vld|   mxm_execute_ursa_ap_uint_unsigned_short_ap_uint_unsigned_short_int_unsigned_s_2|       pointer|
|mxm_execute_ursa_ap_uint_unsigned_short_ap_uint_unsigned_short_int_unsigned_s_1          |  out|   20|      ap_vld|   mxm_execute_ursa_ap_uint_unsigned_short_ap_uint_unsigned_short_int_unsigned_s_1|       pointer|
|mxm_execute_ursa_ap_uint_unsigned_short_ap_uint_unsigned_short_int_unsigned_s_1_ap_vld   |  out|    1|      ap_vld|   mxm_execute_ursa_ap_uint_unsigned_short_ap_uint_unsigned_short_int_unsigned_s_1|       pointer|
|mxm_execute_ursa_ap_uint_unsigned_short_ap_uint_unsigned_short_int_unsigned_s            |  out|   20|      ap_vld|     mxm_execute_ursa_ap_uint_unsigned_short_ap_uint_unsigned_short_int_unsigned_s|       pointer|
|mxm_execute_ursa_ap_uint_unsigned_short_ap_uint_unsigned_short_int_unsigned_s_ap_vld     |  out|    1|      ap_vld|     mxm_execute_ursa_ap_uint_unsigned_short_ap_uint_unsigned_short_int_unsigned_s|       pointer|
+-----------------------------------------------------------------------------------------+-----+-----+------------+----------------------------------------------------------------------------------+--------------+

