INFO: [v++ 60-1548] Creating build summary session with primary output /home/fi/Documents/GitHub/ursa/exp/ursa_ws/vitis2/hls_ursa_ws/mxm_execute_ursa/mxm_execute_ursa.hlscompile_summary, at Fri Aug  7 15:00:09 2026
INFO: [v++ 82-31] Launching vitis_hls: vitis_hls -nolog -run csynth -work_dir /home/fi/Documents/GitHub/ursa/exp/ursa_ws/vitis2/hls_ursa_ws/mxm_execute_ursa -config /home/fi/Documents/GitHub/ursa/exp/ursa_ws/vitis2/hls_ursa_ws/hls_config.cfg -cmdlineconfig /home/fi/Documents/GitHub/ursa/exp/ursa_ws/vitis2/hls_ursa_ws/mxm_execute_ursa/hls/config.cmdline

****** Vitis HLS - High-Level Synthesis from C, C++ and OpenCL v2023.2 (64-bit)
  **** SW Build 4023990 on Oct 11 2023
  **** IP Build 4028589 on Sat Oct 14 00:45:43 MDT 2023
  **** SharedData Build 4025554 on Tue Oct 10 17:18:54 MDT 2023
    ** Copyright 1986-2022 Xilinx, Inc. All Rights Reserved.
    ** Copyright 2022-2023 Advanced Micro Devices, Inc. All Rights Reserved.

source /opt/Xilinx/Vitis_HLS/2023.2/scripts/vitis_hls/hls.tcl -notrace
INFO: [HLS 200-10] Running '/opt/Xilinx/Vitis_HLS/2023.2/bin/unwrapped/lnx64.o/vitis_hls'
INFO: [HLS 200-10] For user 'fi' on host '67221-1' (Linux_x86_64 version 6.8.0-136-generic) on Fri Aug 07 15:00:10 -03 2026
INFO: [HLS 200-10] On os Ubuntu 22.04.5 LTS
INFO: [HLS 200-10] In directory '/home/fi/Documents/GitHub/ursa/exp/ursa_ws/vitis2/hls_ursa_ws'
INFO: [HLS 200-1909] Reading HLS ini file /home/fi/Documents/GitHub/ursa/exp/ursa_ws/vitis2/hls_ursa_ws/hls_config.cfg
INFO: [HLS 200-1909] Reading HLS ini file /home/fi/Documents/GitHub/ursa/exp/ursa_ws/vitis2/hls_ursa_ws/mxm_execute_ursa/hls/config.cmdline
INFO: [HLS 200-2005] Using work_dir /home/fi/Documents/GitHub/ursa/exp/ursa_ws/vitis2/hls_ursa_ws/mxm_execute_ursa 
INFO: [HLS 200-1510] Running: open_project /home/fi/Documents/GitHub/ursa/exp/ursa_ws/vitis2/hls_ursa_ws/mxm_execute_ursa -diskless 
INFO: [HLS 200-1510] Running: open_solution hls 
INFO: [HLS 200-1505] Using default flow_target 'vivado'
Resolution: For help on HLS 200-1505 see docs.xilinx.com/access/sources/dita/topic?Doc_Version=2023.2%20English&url=ug1448-hls-guidance&resourceid=200-1505.html
INFO: [HLS 200-1510] Running: apply_ini /home/fi/Documents/GitHub/ursa/exp/ursa_ws/vitis2/hls_ursa_ws/hls_config.cfg 
INFO: [HLS 200-1909] Reading HLS ini file /home/fi/Documents/GitHub/ursa/exp/ursa_ws/vitis2/hls_ursa_ws/hls_config.cfg
INFO: [HLS 200-1465] Applying ini 'syn.file=/home/fi/Documents/GitHub/ursa/exp/ursa_ws/src/core/shell.cpp' at /home/fi/Documents/GitHub/ursa/exp/ursa_ws/vitis2/hls_ursa_ws/hls_config.cfg(7)
INFO: [HLS 200-10] Adding design file '/home/fi/Documents/GitHub/ursa/exp/ursa_ws/src/core/shell.cpp' to the project
INFO: [HLS 200-1465] Applying ini 'syn.file=/home/fi/Documents/GitHub/ursa/exp/ursa_ws/src/core/sa.cpp' at /home/fi/Documents/GitHub/ursa/exp/ursa_ws/vitis2/hls_ursa_ws/hls_config.cfg(8)
INFO: [HLS 200-10] Adding design file '/home/fi/Documents/GitHub/ursa/exp/ursa_ws/src/core/sa.cpp' to the project
INFO: [HLS 200-1465] Applying ini 'syn.file=/home/fi/Documents/GitHub/ursa/exp/ursa_ws/src/core/sa.h' at /home/fi/Documents/GitHub/ursa/exp/ursa_ws/vitis2/hls_ursa_ws/hls_config.cfg(9)
INFO: [HLS 200-10] Adding design file '/home/fi/Documents/GitHub/ursa/exp/ursa_ws/src/core/sa.h' to the project
INFO: [HLS 200-1465] Applying ini 'syn.file=/home/fi/Documents/GitHub/ursa/exp/ursa_ws/src/core/pe.h' at /home/fi/Documents/GitHub/ursa/exp/ursa_ws/vitis2/hls_ursa_ws/hls_config.cfg(10)
INFO: [HLS 200-10] Adding design file '/home/fi/Documents/GitHub/ursa/exp/ursa_ws/src/core/pe.h' to the project
INFO: [HLS 200-1465] Applying ini 'syn.file=/home/fi/Documents/GitHub/ursa/exp/ursa_ws/src/core/pe.cpp' at /home/fi/Documents/GitHub/ursa/exp/ursa_ws/vitis2/hls_ursa_ws/hls_config.cfg(11)
INFO: [HLS 200-10] Adding design file '/home/fi/Documents/GitHub/ursa/exp/ursa_ws/src/core/pe.cpp' to the project
INFO: [HLS 200-1465] Applying ini 'syn.file=/home/fi/Documents/GitHub/ursa/exp/ursa_ws/src/core/shell.h' at /home/fi/Documents/GitHub/ursa/exp/ursa_ws/vitis2/hls_ursa_ws/hls_config.cfg(12)
INFO: [HLS 200-10] Adding design file '/home/fi/Documents/GitHub/ursa/exp/ursa_ws/src/core/shell.h' to the project
INFO: [HLS 200-1465] Applying ini 'syn.file=/home/fi/Documents/GitHub/ursa/exp/ursa_ws/src/settings.h' at /home/fi/Documents/GitHub/ursa/exp/ursa_ws/vitis2/hls_ursa_ws/hls_config.cfg(13)
INFO: [HLS 200-10] Adding design file '/home/fi/Documents/GitHub/ursa/exp/ursa_ws/src/settings.h' to the project
INFO: [HLS 200-1465] Applying ini 'tb.file=/home/fi/Documents/GitHub/ursa/exp/ursa_ws/src/tb/tb_main.cpp' at /home/fi/Documents/GitHub/ursa/exp/ursa_ws/vitis2/hls_ursa_ws/hls_config.cfg(14)
INFO: [HLS 200-10] Adding test bench file '/home/fi/Documents/GitHub/ursa/exp/ursa_ws/src/tb/tb_main.cpp' to the project
INFO: [HLS 200-1465] Applying ini 'tb.file=/home/fi/Documents/GitHub/ursa/exp/ursa_ws/src/tb/matrices.cpp' at /home/fi/Documents/GitHub/ursa/exp/ursa_ws/vitis2/hls_ursa_ws/hls_config.cfg(15)
INFO: [HLS 200-10] Adding test bench file '/home/fi/Documents/GitHub/ursa/exp/ursa_ws/src/tb/matrices.cpp' to the project
INFO: [HLS 200-1465] Applying ini 'tb.file=/home/fi/Documents/GitHub/ursa/exp/ursa_ws/src/tb/matrices.h' at /home/fi/Documents/GitHub/ursa/exp/ursa_ws/vitis2/hls_ursa_ws/hls_config.cfg(16)
INFO: [HLS 200-10] Adding test bench file '/home/fi/Documents/GitHub/ursa/exp/ursa_ws/src/tb/matrices.h' to the project
INFO: [HLS 200-1465] Applying ini 'syn.top=mxm_execute_ursa' at /home/fi/Documents/GitHub/ursa/exp/ursa_ws/vitis2/hls_ursa_ws/hls_config.cfg(17)
INFO: [HLS 200-1465] Applying ini 'flow_target=vivado' at /home/fi/Documents/GitHub/ursa/exp/ursa_ws/vitis2/hls_ursa_ws/hls_config.cfg(4)
INFO: [HLS 200-1505] Using flow_target 'vivado'
Resolution: For help on HLS 200-1505 see docs.xilinx.com/access/sources/dita/topic?Doc_Version=2023.2%20English&url=ug1448-hls-guidance&resourceid=200-1505.html
INFO: [HLS 200-1465] Applying ini 'part=xc7z020clg484-1' at /home/fi/Documents/GitHub/ursa/exp/ursa_ws/vitis2/hls_ursa_ws/hls_config.cfg(1)
INFO: [HLS 200-1611] Setting target device to 'xc7z020-clg484-1'
INFO: [HLS 200-1465] Applying ini 'clock=10ns' at /home/fi/Documents/GitHub/ursa/exp/ursa_ws/vitis2/hls_ursa_ws/hls_config.cfg(18)
INFO: [SYN 201-201] Setting up clock 'default' with a period of 10ns.
INFO: [HLS 200-1465] Applying ini 'package.output.format=ip_catalog' at /home/fi/Documents/GitHub/ursa/exp/ursa_ws/vitis2/hls_ursa_ws/hls_config.cfg(5)
INFO: [HLS 200-1510] Running: apply_ini /home/fi/Documents/GitHub/ursa/exp/ursa_ws/vitis2/hls_ursa_ws/mxm_execute_ursa/hls/config.cmdline 
INFO: [HLS 200-1909] Reading HLS ini file /home/fi/Documents/GitHub/ursa/exp/ursa_ws/vitis2/hls_ursa_ws/mxm_execute_ursa/hls/config.cmdline
INFO: [HLS 200-1510] Running: csynth_design 
INFO: [HLS 200-111] Finished File checks and directory preparation: CPU user time: 0.02 seconds. CPU system time: 0.01 seconds. Elapsed time: 0.02 seconds; current allocated memory: 274.418 MB.
INFO: [HLS 200-10] Analyzing design file '/home/fi/Documents/GitHub/ursa/exp/ursa_ws/src/core/pe.cpp' ... 
INFO: [HLS 200-10] Analyzing design file '/home/fi/Documents/GitHub/ursa/exp/ursa_ws/src/core/sa.cpp' ... 
INFO: [HLS 200-10] Analyzing design file '/home/fi/Documents/GitHub/ursa/exp/ursa_ws/src/core/shell.cpp' ... 
WARNING: [HLS 207-5571] Only 'for' loop or function body support the dataflow pragma (/home/fi/Documents/GitHub/ursa/exp/ursa_ws/src/core/shell.cpp:306:9)
INFO: [HLS 200-111] Finished Source Code Analysis and Preprocessing: CPU user time: 2.86 seconds. CPU system time: 0.47 seconds. Elapsed time: 3.43 seconds; current allocated memory: 277.438 MB.
INFO: [HLS 200-777] Using interface defaults for 'Vivado' flow target.
INFO: [HLS 200-1995] There were 1,254 instructions in the design after the 'Compile/Link' phase of compilation. See the Design Size Report for more details: /home/fi/Documents/GitHub/ursa/exp/ursa_ws/vitis2/hls_ursa_ws/mxm_execute_ursa/hls/syn/report/csynth_design_size.rpt
INFO: [HLS 200-1995] There were 2,828 instructions in the design after the 'Unroll/Inline (step 1)' phase of compilation. See the Design Size Report for more details: /home/fi/Documents/GitHub/ursa/exp/ursa_ws/vitis2/hls_ursa_ws/mxm_execute_ursa/hls/syn/report/csynth_design_size.rpt
INFO: [HLS 200-1995] There were 2,399 instructions in the design after the 'Unroll/Inline (step 2)' phase of compilation. See the Design Size Report for more details: /home/fi/Documents/GitHub/ursa/exp/ursa_ws/vitis2/hls_ursa_ws/mxm_execute_ursa/hls/syn/report/csynth_design_size.rpt
INFO: [HLS 200-1995] There were 2,454 instructions in the design after the 'Unroll/Inline (step 3)' phase of compilation. See the Design Size Report for more details: /home/fi/Documents/GitHub/ursa/exp/ursa_ws/vitis2/hls_ursa_ws/mxm_execute_ursa/hls/syn/report/csynth_design_size.rpt
INFO: [HLS 200-1995] There were 2,310 instructions in the design after the 'Unroll/Inline (step 4)' phase of compilation. See the Design Size Report for more details: /home/fi/Documents/GitHub/ursa/exp/ursa_ws/vitis2/hls_ursa_ws/mxm_execute_ursa/hls/syn/report/csynth_design_size.rpt
INFO: [HLS 200-1995] There were 2,379 instructions in the design after the 'Array/Struct (step 1)' phase of compilation. See the Design Size Report for more details: /home/fi/Documents/GitHub/ursa/exp/ursa_ws/vitis2/hls_ursa_ws/mxm_execute_ursa/hls/syn/report/csynth_design_size.rpt
INFO: [HLS 200-1995] There were 2,379 instructions in the design after the 'Array/Struct (step 2)' phase of compilation. See the Design Size Report for more details: /home/fi/Documents/GitHub/ursa/exp/ursa_ws/vitis2/hls_ursa_ws/mxm_execute_ursa/hls/syn/report/csynth_design_size.rpt
INFO: [HLS 200-1995] There were 2,379 instructions in the design after the 'Array/Struct (step 3)' phase of compilation. See the Design Size Report for more details: /home/fi/Documents/GitHub/ursa/exp/ursa_ws/vitis2/hls_ursa_ws/mxm_execute_ursa/hls/syn/report/csynth_design_size.rpt
INFO: [HLS 200-1995] There were 2,379 instructions in the design after the 'Array/Struct (step 4)' phase of compilation. See the Design Size Report for more details: /home/fi/Documents/GitHub/ursa/exp/ursa_ws/vitis2/hls_ursa_ws/mxm_execute_ursa/hls/syn/report/csynth_design_size.rpt
INFO: [HLS 200-1995] There were 2,382 instructions in the design after the 'Array/Struct (step 5)' phase of compilation. See the Design Size Report for more details: /home/fi/Documents/GitHub/ursa/exp/ursa_ws/vitis2/hls_ursa_ws/mxm_execute_ursa/hls/syn/report/csynth_design_size.rpt
INFO: [HLS 200-1995] There were 2,382 instructions in the design after the 'Performance (step 1)' phase of compilation. See the Design Size Report for more details: /home/fi/Documents/GitHub/ursa/exp/ursa_ws/vitis2/hls_ursa_ws/mxm_execute_ursa/hls/syn/report/csynth_design_size.rpt
INFO: [HLS 200-1995] There were 2,316 instructions in the design after the 'Performance (step 2)' phase of compilation. See the Design Size Report for more details: /home/fi/Documents/GitHub/ursa/exp/ursa_ws/vitis2/hls_ursa_ws/mxm_execute_ursa/hls/syn/report/csynth_design_size.rpt
INFO: [HLS 200-1995] There were 2,276 instructions in the design after the 'Performance (step 3)' phase of compilation. See the Design Size Report for more details: /home/fi/Documents/GitHub/ursa/exp/ursa_ws/vitis2/hls_ursa_ws/mxm_execute_ursa/hls/syn/report/csynth_design_size.rpt
INFO: [HLS 200-1995] There were 2,178 instructions in the design after the 'Performance (step 4)' phase of compilation. See the Design Size Report for more details: /home/fi/Documents/GitHub/ursa/exp/ursa_ws/vitis2/hls_ursa_ws/mxm_execute_ursa/hls/syn/report/csynth_design_size.rpt
INFO: [HLS 200-1995] There were 2,151 instructions in the design after the 'HW Transforms (step 1)' phase of compilation. See the Design Size Report for more details: /home/fi/Documents/GitHub/ursa/exp/ursa_ws/vitis2/hls_ursa_ws/mxm_execute_ursa/hls/syn/report/csynth_design_size.rpt
INFO: [HLS 200-1995] There were 2,172 instructions in the design after the 'HW Transforms (step 2)' phase of compilation. See the Design Size Report for more details: /home/fi/Documents/GitHub/ursa/exp/ursa_ws/vitis2/hls_ursa_ws/mxm_execute_ursa/hls/syn/report/csynth_design_size.rpt
INFO: [HLS 214-131] Inlining function 'pe_load_weights(PE*)' into 'sa_load_weights(SA*)' (/home/fi/Documents/GitHub/ursa/exp/ursa_ws/src/core/sa.cpp:69:2)
INFO: [HLS 214-131] Inlining function 'pe_compute(PE*)' into 'sa_compute(SA*)' (/home/fi/Documents/GitHub/ursa/exp/ursa_ws/src/core/sa.cpp:109:2)
INFO: [HLS 214-377] Adding 'mxm_execute_ursa(signed char*, unsigned short, unsigned char*, unsigned short, int*, unsigned short)::sa' into disaggregation list because there's array-partition pragma applied on the struct field (/home/fi/Documents/GitHub/ursa/exp/ursa_ws/src/core/shell.cpp:307:2)
INFO: [HLS 214-210] Disaggregating variable 'mxm_execute_ursa(signed char*, unsigned short, unsigned char*, unsigned short, int*, unsigned short)::sa' (/home/fi/Documents/GitHub/ursa/exp/ursa_ws/src/core/shell.cpp:302:0)
Resolution: For help on HLS 214-210 see docs.xilinx.com/access/sources/dita/topic?Doc_Version=2023.2%20English&url=ug1448-hls-guidance&resourceid=214-210.html
INFO: [HLS 214-291] Loop 'VITIS_LOOP_348_5' is marked as complete unroll implied by the pipeline pragma (/home/fi/Documents/GitHub/ursa/exp/ursa_ws/src/core/shell.cpp:348:43)
INFO: [HLS 214-291] Loop 'VITIS_LOOP_384_8' is marked as complete unroll implied by the pipeline pragma (/home/fi/Documents/GitHub/ursa/exp/ursa_ws/src/core/shell.cpp:384:20)
INFO: [HLS 214-291] Loop 'VITIS_LOOP_96_1' is marked as complete unroll implied by the pipeline pragma (/home/fi/Documents/GitHub/ursa/exp/ursa_ws/src/core/shell.cpp:96:19)
INFO: [HLS 214-291] Loop 'VITIS_LOOP_105_6' is marked as complete unroll implied by the pipeline pragma (/home/fi/Documents/GitHub/ursa/exp/ursa_ws/src/core/sa.cpp:105:22)
INFO: [HLS 214-291] Loop 'VITIS_LOOP_107_7' is marked as complete unroll implied by the pipeline pragma (/home/fi/Documents/GitHub/ursa/exp/ursa_ws/src/core/sa.cpp:107:20)
INFO: [HLS 214-291] Loop 'VITIS_LOOP_96_4' is marked as complete unroll implied by the pipeline pragma (/home/fi/Documents/GitHub/ursa/exp/ursa_ws/src/core/sa.cpp:96:21)
INFO: [HLS 214-291] Loop 'VITIS_LOOP_98_5' is marked as complete unroll implied by the pipeline pragma (/home/fi/Documents/GitHub/ursa/exp/ursa_ws/src/core/sa.cpp:98:19)
INFO: [HLS 214-291] Loop 'VITIS_LOOP_87_2' is marked as complete unroll implied by the pipeline pragma (/home/fi/Documents/GitHub/ursa/exp/ursa_ws/src/core/sa.cpp:87:21)
INFO: [HLS 214-291] Loop 'VITIS_LOOP_89_3' is marked as complete unroll implied by the pipeline pragma (/home/fi/Documents/GitHub/ursa/exp/ursa_ws/src/core/sa.cpp:89:19)
INFO: [HLS 214-291] Loop 'VITIS_LOOP_80_1' is marked as complete unroll implied by the pipeline pragma (/home/fi/Documents/GitHub/ursa/exp/ursa_ws/src/core/sa.cpp:80:19)
INFO: [HLS 214-291] Loop 'VITIS_LOOP_87_1' is marked as complete unroll implied by the pipeline pragma (/home/fi/Documents/GitHub/ursa/exp/ursa_ws/src/core/shell.cpp:87:19)
INFO: [HLS 214-291] Loop 'VITIS_LOOP_32_1' is marked as complete unroll implied by the pipeline pragma (/home/fi/Documents/GitHub/ursa/exp/ursa_ws/src/core/shell.cpp:32:19)
INFO: [HLS 214-291] Loop 'VITIS_LOOP_9_1' is marked as complete unroll implied by the pipeline pragma (/home/fi/Documents/GitHub/ursa/exp/ursa_ws/src/core/shell.cpp:9:18)
INFO: [HLS 214-291] Loop 'VITIS_LOOP_65_4' is marked as complete unroll implied by the pipeline pragma (/home/fi/Documents/GitHub/ursa/exp/ursa_ws/src/core/sa.cpp:65:21)
INFO: [HLS 214-291] Loop 'VITIS_LOOP_67_5' is marked as complete unroll implied by the pipeline pragma (/home/fi/Documents/GitHub/ursa/exp/ursa_ws/src/core/sa.cpp:67:19)
INFO: [HLS 214-291] Loop 'VITIS_LOOP_56_2' is marked as complete unroll implied by the pipeline pragma (/home/fi/Documents/GitHub/ursa/exp/ursa_ws/src/core/sa.cpp:56:21)
INFO: [HLS 214-291] Loop 'VITIS_LOOP_58_3' is marked as complete unroll implied by the pipeline pragma (/home/fi/Documents/GitHub/ursa/exp/ursa_ws/src/core/sa.cpp:58:19)
INFO: [HLS 214-291] Loop 'VITIS_LOOP_50_1' is marked as complete unroll implied by the pipeline pragma (/home/fi/Documents/GitHub/ursa/exp/ursa_ws/src/core/sa.cpp:50:21)
INFO: [HLS 214-291] Loop 'VITIS_LOOP_67_1' is marked as complete unroll implied by the pipeline pragma (/home/fi/Documents/GitHub/ursa/exp/ursa_ws/src/core/shell.cpp:67:22)
INFO: [HLS 214-186] Unrolling loop 'VITIS_LOOP_348_5' (/home/fi/Documents/GitHub/ursa/exp/ursa_ws/src/core/shell.cpp:348:43) in function 'mxm_execute_ursa' completely with a factor of 8 (/home/fi/Documents/GitHub/ursa/exp/ursa_ws/src/core/shell.cpp:192:0)
INFO: [HLS 214-186] Unrolling loop 'VITIS_LOOP_384_8' (/home/fi/Documents/GitHub/ursa/exp/ursa_ws/src/core/shell.cpp:384:20) in function 'mxm_execute_ursa' completely with a factor of 8 (/home/fi/Documents/GitHub/ursa/exp/ursa_ws/src/core/shell.cpp:192:0)
INFO: [HLS 214-186] Unrolling loop 'VITIS_LOOP_96_1' (/home/fi/Documents/GitHub/ursa/exp/ursa_ws/src/core/shell.cpp:96:19) in function 'store_right_outputs' completely with a factor of 8 (/home/fi/Documents/GitHub/ursa/exp/ursa_ws/src/core/shell.cpp:93:0)
INFO: [HLS 214-186] Unrolling loop 'VITIS_LOOP_105_6' (/home/fi/Documents/GitHub/ursa/exp/ursa_ws/src/core/sa.cpp:105:22) in function 'sa_compute' completely with a factor of 8 (/home/fi/Documents/GitHub/ursa/exp/ursa_ws/src/core/sa.cpp:74:0)
INFO: [HLS 214-186] Unrolling loop 'VITIS_LOOP_107_7' (/home/fi/Documents/GitHub/ursa/exp/ursa_ws/src/core/sa.cpp:107:20) in function 'sa_compute' completely with a factor of 8 (/home/fi/Documents/GitHub/ursa/exp/ursa_ws/src/core/sa.cpp:74:0)
INFO: [HLS 214-186] Unrolling loop 'VITIS_LOOP_96_4' (/home/fi/Documents/GitHub/ursa/exp/ursa_ws/src/core/sa.cpp:96:21) in function 'sa_compute' completely with a factor of 7 (/home/fi/Documents/GitHub/ursa/exp/ursa_ws/src/core/sa.cpp:74:0)
INFO: [HLS 214-186] Unrolling loop 'VITIS_LOOP_98_5' (/home/fi/Documents/GitHub/ursa/exp/ursa_ws/src/core/sa.cpp:98:19) in function 'sa_compute' completely with a factor of 8 (/home/fi/Documents/GitHub/ursa/exp/ursa_ws/src/core/sa.cpp:74:0)
INFO: [HLS 214-186] Unrolling loop 'VITIS_LOOP_87_2' (/home/fi/Documents/GitHub/ursa/exp/ursa_ws/src/core/sa.cpp:87:21) in function 'sa_compute' completely with a factor of 7 (/home/fi/Documents/GitHub/ursa/exp/ursa_ws/src/core/sa.cpp:74:0)
INFO: [HLS 214-186] Unrolling loop 'VITIS_LOOP_89_3' (/home/fi/Documents/GitHub/ursa/exp/ursa_ws/src/core/sa.cpp:89:19) in function 'sa_compute' completely with a factor of 8 (/home/fi/Documents/GitHub/ursa/exp/ursa_ws/src/core/sa.cpp:74:0)
INFO: [HLS 214-186] Unrolling loop 'VITIS_LOOP_80_1' (/home/fi/Documents/GitHub/ursa/exp/ursa_ws/src/core/sa.cpp:80:19) in function 'sa_compute' completely with a factor of 8 (/home/fi/Documents/GitHub/ursa/exp/ursa_ws/src/core/sa.cpp:74:0)
INFO: [HLS 214-186] Unrolling loop 'VITIS_LOOP_87_1' (/home/fi/Documents/GitHub/ursa/exp/ursa_ws/src/core/shell.cpp:87:19) in function 'load_inputs_sa' completely with a factor of 8 (/home/fi/Documents/GitHub/ursa/exp/ursa_ws/src/core/shell.cpp:84:0)
INFO: [HLS 214-186] Unrolling loop 'VITIS_LOOP_32_1' (/home/fi/Documents/GitHub/ursa/exp/ursa_ws/src/core/shell.cpp:32:19) in function 'fill_top_inputs' completely with a factor of 8 (/home/fi/Documents/GitHub/ursa/exp/ursa_ws/src/core/shell.cpp:30:0)
INFO: [HLS 214-186] Unrolling loop 'VITIS_LOOP_9_1' (/home/fi/Documents/GitHub/ursa/exp/ursa_ws/src/core/shell.cpp:9:18) in function 'fill_left_inputs' completely with a factor of 8 (/home/fi/Documents/GitHub/ursa/exp/ursa_ws/src/core/shell.cpp:6:0)
INFO: [HLS 214-186] Unrolling loop 'VITIS_LOOP_65_4' (/home/fi/Documents/GitHub/ursa/exp/ursa_ws/src/core/sa.cpp:65:21) in function 'sa_load_weights' completely with a factor of 8 (/home/fi/Documents/GitHub/ursa/exp/ursa_ws/src/core/sa.cpp:45:0)
INFO: [HLS 214-186] Unrolling loop 'VITIS_LOOP_67_5' (/home/fi/Documents/GitHub/ursa/exp/ursa_ws/src/core/sa.cpp:67:19) in function 'sa_load_weights' completely with a factor of 8 (/home/fi/Documents/GitHub/ursa/exp/ursa_ws/src/core/sa.cpp:45:0)
INFO: [HLS 214-186] Unrolling loop 'VITIS_LOOP_56_2' (/home/fi/Documents/GitHub/ursa/exp/ursa_ws/src/core/sa.cpp:56:21) in function 'sa_load_weights' completely with a factor of 7 (/home/fi/Documents/GitHub/ursa/exp/ursa_ws/src/core/sa.cpp:45:0)
INFO: [HLS 214-186] Unrolling loop 'VITIS_LOOP_58_3' (/home/fi/Documents/GitHub/ursa/exp/ursa_ws/src/core/sa.cpp:58:19) in function 'sa_load_weights' completely with a factor of 8 (/home/fi/Documents/GitHub/ursa/exp/ursa_ws/src/core/sa.cpp:45:0)
INFO: [HLS 214-186] Unrolling loop 'VITIS_LOOP_50_1' (/home/fi/Documents/GitHub/ursa/exp/ursa_ws/src/core/sa.cpp:50:21) in function 'sa_load_weights' completely with a factor of 8 (/home/fi/Documents/GitHub/ursa/exp/ursa_ws/src/core/sa.cpp:45:0)
INFO: [HLS 214-186] Unrolling loop 'VITIS_LOOP_67_1' (/home/fi/Documents/GitHub/ursa/exp/ursa_ws/src/core/shell.cpp:67:22) in function 'fetch_weight_row' completely with a factor of 8 (/home/fi/Documents/GitHub/ursa/exp/ursa_ws/src/core/shell.cpp:57:0)
INFO: [HLS 214-178] Inlining function 'sa_input_l_t(SA*, ap_int<32>, ap_uint<8>, unsigned short)' into 'load_inputs_sa(SA*, ap_int<32>*, ap_uint<8>*)' (/home/fi/Documents/GitHub/ursa/exp/ursa_ws/src/core/shell.cpp:84:0)
INFO: [HLS 214-248] Applying array_partition to '_ZZ16mxm_execute_ursaPatPhtPitE2sa.pe.stay': Complete partitioning on dimension 1. (/home/fi/Documents/GitHub/ursa/exp/ursa_ws/src/core/shell.cpp:302:0)
INFO: [HLS 214-248] Applying array_partition to '_ZZ16mxm_execute_ursaPatPhtPitE2sa.pe.b_out': Complete partitioning on dimension 1. (/home/fi/Documents/GitHub/ursa/exp/ursa_ws/src/core/shell.cpp:302:0)
INFO: [HLS 214-248] Applying array_partition to '_ZZ16mxm_execute_ursaPatPhtPitE2sa.pe.t_in': Complete partitioning on dimension 1. (/home/fi/Documents/GitHub/ursa/exp/ursa_ws/src/core/shell.cpp:302:0)
INFO: [HLS 214-248] Applying array_partition to '_ZZ16mxm_execute_ursaPatPhtPitE2sa.pe.r_out': Complete partitioning on dimension 1. (/home/fi/Documents/GitHub/ursa/exp/ursa_ws/src/core/shell.cpp:302:0)
INFO: [HLS 214-248] Applying array_partition to '_ZZ16mxm_execute_ursaPatPhtPitE2sa.pe.l_in': Complete partitioning on dimension 1. (/home/fi/Documents/GitHub/ursa/exp/ursa_ws/src/core/shell.cpp:302:0)
INFO: [HLS 214-248] Applying array_partition to '_ZZ16mxm_execute_ursaPatPhtPitE2sa.in_mtx_l': Complete partitioning on dimension 1. (/home/fi/Documents/GitHub/ursa/exp/ursa_ws/src/core/shell.cpp:302:0)
INFO: [HLS 214-248] Applying array_partition to '_ZZ16mxm_execute_ursaPatPhtPitE2sa.in_mtx_t': Complete partitioning on dimension 1. (/home/fi/Documents/GitHub/ursa/exp/ursa_ws/src/core/shell.cpp:302:0)
INFO: [HLS 214-248] Applying array_partition to 'l_in': Complete partitioning on dimension 1. (/home/fi/Documents/GitHub/ursa/exp/ursa_ws/src/core/shell.cpp:285:7)
INFO: [HLS 214-248] Applying array_partition to 't_in': Complete partitioning on dimension 1. (/home/fi/Documents/GitHub/ursa/exp/ursa_ws/src/core/shell.cpp:288:7)
INFO: [HLS 214-248] Applying array_partition to 'fixed_in': Complete partitioning on dimension 1. (/home/fi/Documents/GitHub/ursa/exp/ursa_ws/src/core/shell.cpp:291:10)
INFO: [HLS 214-364] Automatically inlining function 'fetch_weight_row(ap_int<8>*, unsigned short, ap_int<8>*, unsigned short, unsigned short, unsigned short, unsigned short, unsigned short)' to improve effectiveness of pipeline pragma in function 'mxm_execute_ursa(signed char*, unsigned short, unsigned char*, unsigned short, int*, unsigned short)' (/home/fi/Documents/GitHub/ursa/exp/ursa_ws/src/core/shell.cpp:345:2)
INFO: [HLS 214-364] Automatically inlining function 'sa_load_weights(SA*)' to improve effectiveness of pipeline pragma in function 'mxm_execute_ursa(signed char*, unsigned short, unsigned char*, unsigned short, int*, unsigned short)' (/home/fi/Documents/GitHub/ursa/exp/ursa_ws/src/core/shell.cpp:354:25)
INFO: [HLS 214-364] Automatically inlining function 'fill_left_inputs(ap_int<32>*, unsigned short, ap_int<32> (*) [8], unsigned short)' to improve effectiveness of pipeline pragma in function 'mxm_execute_ursa(signed char*, unsigned short, unsigned char*, unsigned short, int*, unsigned short)' (/home/fi/Documents/GitHub/ursa/exp/ursa_ws/src/core/shell.cpp:364:2)
INFO: [HLS 214-364] Automatically inlining function 'fill_top_inputs(ap_uint<8>*, unsigned short, ap_uint<8>*, unsigned short, unsigned short, unsigned short, unsigned short, unsigned short)' to improve effectiveness of pipeline pragma in function 'mxm_execute_ursa(signed char*, unsigned short, unsigned char*, unsigned short, int*, unsigned short)' (/home/fi/Documents/GitHub/ursa/exp/ursa_ws/src/core/shell.cpp:365:25)
INFO: [HLS 214-364] Automatically inlining function 'load_inputs_sa(SA*, ap_int<32>*, ap_uint<8>*)' to improve effectiveness of pipeline pragma in function 'mxm_execute_ursa(signed char*, unsigned short, unsigned char*, unsigned short, int*, unsigned short)' (/home/fi/Documents/GitHub/ursa/exp/ursa_ws/src/core/shell.cpp:368:25)
INFO: [HLS 214-364] Automatically inlining function 'sa_compute(SA*)' to improve effectiveness of pipeline pragma in function 'mxm_execute_ursa(signed char*, unsigned short, unsigned char*, unsigned short, int*, unsigned short)' (/home/fi/Documents/GitHub/ursa/exp/ursa_ws/src/core/shell.cpp:371:25)
INFO: [HLS 214-364] Automatically inlining function 'store_right_outputs(SA*, ap_int<32> (*) [8], unsigned short)' to improve effectiveness of pipeline pragma in function 'mxm_execute_ursa(signed char*, unsigned short, unsigned char*, unsigned short, int*, unsigned short)' (/home/fi/Documents/GitHub/ursa/exp/ursa_ws/src/core/shell.cpp:374:25)
INFO: [HLS 214-270] Inferring pragma 'array_partition type=complete dim=1' for array 'mxm_execute_ursa(signed char*, unsigned short, unsigned char*, unsigned short, int*, unsigned short)::sa (.pe.b_out_0)' due to pipeline pragma
INFO: [HLS 214-270] Inferring pragma 'array_partition type=complete dim=1' for array 'mxm_execute_ursa(signed char*, unsigned short, unsigned char*, unsigned short, int*, unsigned short)::sa (.pe.b_out_1)' due to pipeline pragma
INFO: [HLS 214-270] Inferring pragma 'array_partition type=complete dim=1' for array 'mxm_execute_ursa(signed char*, unsigned short, unsigned char*, unsigned short, int*, unsigned short)::sa (.pe.b_out_2)' due to pipeline pragma
INFO: [HLS 214-270] Inferring pragma 'array_partition type=complete dim=1' for array 'mxm_execute_ursa(signed char*, unsigned short, unsigned char*, unsigned short, int*, unsigned short)::sa (.pe.b_out_3)' due to pipeline pragma
INFO: [HLS 214-270] Inferring pragma 'array_partition type=complete dim=1' for array 'mxm_execute_ursa(signed char*, unsigned short, unsigned char*, unsigned short, int*, unsigned short)::sa (.pe.b_out_4)' due to pipeline pragma
INFO: [HLS 214-270] Inferring pragma 'array_partition type=complete dim=1' for array 'mxm_execute_ursa(signed char*, unsigned short, unsigned char*, unsigned short, int*, unsigned short)::sa (.pe.b_out_5)' due to pipeline pragma
INFO: [HLS 214-270] Inferring pragma 'array_partition type=complete dim=1' for array 'mxm_execute_ursa(signed char*, unsigned short, unsigned char*, unsigned short, int*, unsigned short)::sa (.pe.b_out_6)' due to pipeline pragma
INFO: [HLS 214-270] Inferring pragma 'array_partition type=complete dim=1' for array 'mxm_execute_ursa(signed char*, unsigned short, unsigned char*, unsigned short, int*, unsigned short)::sa (.pe.b_out_7)' due to pipeline pragma
INFO: [HLS 214-270] Inferring pragma 'array_partition type=complete dim=1' for array 'mxm_execute_ursa(signed char*, unsigned short, unsigned char*, unsigned short, int*, unsigned short)::sa (.pe.l_in_0)' due to pipeline pragma
INFO: [HLS 214-270] Inferring pragma 'array_partition type=complete dim=1' for array 'mxm_execute_ursa(signed char*, unsigned short, unsigned char*, unsigned short, int*, unsigned short)::sa (.pe.l_in_1)' due to pipeline pragma
INFO: [HLS 214-270] Inferring pragma 'array_partition type=complete dim=1' for array 'mxm_execute_ursa(signed char*, unsigned short, unsigned char*, unsigned short, int*, unsigned short)::sa (.pe.l_in_2)' due to pipeline pragma
INFO: [HLS 214-270] Inferring pragma 'array_partition type=complete dim=1' for array 'mxm_execute_ursa(signed char*, unsigned short, unsigned char*, unsigned short, int*, unsigned short)::sa (.pe.l_in_3)' due to pipeline pragma
INFO: [HLS 214-270] Inferring pragma 'array_partition type=complete dim=1' for array 'mxm_execute_ursa(signed char*, unsigned short, unsigned char*, unsigned short, int*, unsigned short)::sa (.pe.l_in_4)' due to pipeline pragma
INFO: [HLS 214-270] Inferring pragma 'array_partition type=complete dim=1' for array 'mxm_execute_ursa(signed char*, unsigned short, unsigned char*, unsigned short, int*, unsigned short)::sa (.pe.l_in_5)' due to pipeline pragma
INFO: [HLS 214-270] Inferring pragma 'array_partition type=complete dim=1' for array 'mxm_execute_ursa(signed char*, unsigned short, unsigned char*, unsigned short, int*, unsigned short)::sa (.pe.l_in_6)' due to pipeline pragma
INFO: [HLS 214-270] Inferring pragma 'array_partition type=complete dim=1' for array 'mxm_execute_ursa(signed char*, unsigned short, unsigned char*, unsigned short, int*, unsigned short)::sa (.pe.l_in_7)' due to pipeline pragma
INFO: [HLS 214-270] Inferring pragma 'array_partition type=complete dim=1' for array 'mxm_execute_ursa(signed char*, unsigned short, unsigned char*, unsigned short, int*, unsigned short)::sa (.pe.r_out_0)' due to pipeline pragma
INFO: [HLS 214-270] Inferring pragma 'array_partition type=complete dim=1' for array 'mxm_execute_ursa(signed char*, unsigned short, unsigned char*, unsigned short, int*, unsigned short)::sa (.pe.r_out_1)' due to pipeline pragma
INFO: [HLS 214-270] Inferring pragma 'array_partition type=complete dim=1' for array 'mxm_execute_ursa(signed char*, unsigned short, unsigned char*, unsigned short, int*, unsigned short)::sa (.pe.r_out_2)' due to pipeline pragma
INFO: [HLS 214-270] Inferring pragma 'array_partition type=complete dim=1' for array 'mxm_execute_ursa(signed char*, unsigned short, unsigned char*, unsigned short, int*, unsigned short)::sa (.pe.r_out_3)' due to pipeline pragma
INFO: [HLS 214-270] Inferring pragma 'array_partition type=complete dim=1' for array 'mxm_execute_ursa(signed char*, unsigned short, unsigned char*, unsigned short, int*, unsigned short)::sa (.pe.r_out_4)' due to pipeline pragma
INFO: [HLS 214-270] Inferring pragma 'array_partition type=complete dim=1' for array 'mxm_execute_ursa(signed char*, unsigned short, unsigned char*, unsigned short, int*, unsigned short)::sa (.pe.r_out_5)' due to pipeline pragma
INFO: [HLS 214-270] Inferring pragma 'array_partition type=complete dim=1' for array 'mxm_execute_ursa(signed char*, unsigned short, unsigned char*, unsigned short, int*, unsigned short)::sa (.pe.r_out_6)' due to pipeline pragma
INFO: [HLS 214-270] Inferring pragma 'array_partition type=complete dim=1' for array 'mxm_execute_ursa(signed char*, unsigned short, unsigned char*, unsigned short, int*, unsigned short)::sa (.pe.r_out_7)' due to pipeline pragma
INFO: [HLS 214-270] Inferring pragma 'array_partition type=complete dim=1' for array 'mxm_execute_ursa(signed char*, unsigned short, unsigned char*, unsigned short, int*, unsigned short)::sa (.pe.stay_0)' due to pipeline pragma
INFO: [HLS 214-270] Inferring pragma 'array_partition type=complete dim=1' for array 'mxm_execute_ursa(signed char*, unsigned short, unsigned char*, unsigned short, int*, unsigned short)::sa (.pe.stay_1)' due to pipeline pragma
INFO: [HLS 214-270] Inferring pragma 'array_partition type=complete dim=1' for array 'mxm_execute_ursa(signed char*, unsigned short, unsigned char*, unsigned short, int*, unsigned short)::sa (.pe.stay_2)' due to pipeline pragma
INFO: [HLS 214-270] Inferring pragma 'array_partition type=complete dim=1' for array 'mxm_execute_ursa(signed char*, unsigned short, unsigned char*, unsigned short, int*, unsigned short)::sa (.pe.stay_3)' due to pipeline pragma
INFO: [HLS 214-270] Inferring pragma 'array_partition type=complete dim=1' for array 'mxm_execute_ursa(signed char*, unsigned short, unsigned char*, unsigned short, int*, unsigned short)::sa (.pe.stay_4)' due to pipeline pragma
INFO: [HLS 214-270] Inferring pragma 'array_partition type=complete dim=1' for array 'mxm_execute_ursa(signed char*, unsigned short, unsigned char*, unsigned short, int*, unsigned short)::sa (.pe.stay_5)' due to pipeline pragma
INFO: [HLS 214-270] Inferring pragma 'array_partition type=complete dim=1' for array 'mxm_execute_ursa(signed char*, unsigned short, unsigned char*, unsigned short, int*, unsigned short)::sa (.pe.stay_6)' due to pipeline pragma
INFO: [HLS 214-270] Inferring pragma 'array_partition type=complete dim=1' for array 'mxm_execute_ursa(signed char*, unsigned short, unsigned char*, unsigned short, int*, unsigned short)::sa (.pe.stay_7)' due to pipeline pragma
INFO: [HLS 214-270] Inferring pragma 'array_partition type=complete dim=1' for array 'mxm_execute_ursa(signed char*, unsigned short, unsigned char*, unsigned short, int*, unsigned short)::sa (.pe.t_in_0)' due to pipeline pragma
INFO: [HLS 214-270] Inferring pragma 'array_partition type=complete dim=1' for array 'mxm_execute_ursa(signed char*, unsigned short, unsigned char*, unsigned short, int*, unsigned short)::sa (.pe.t_in_1)' due to pipeline pragma
INFO: [HLS 214-270] Inferring pragma 'array_partition type=complete dim=1' for array 'mxm_execute_ursa(signed char*, unsigned short, unsigned char*, unsigned short, int*, unsigned short)::sa (.pe.t_in_2)' due to pipeline pragma
INFO: [HLS 214-270] Inferring pragma 'array_partition type=complete dim=1' for array 'mxm_execute_ursa(signed char*, unsigned short, unsigned char*, unsigned short, int*, unsigned short)::sa (.pe.t_in_3)' due to pipeline pragma
INFO: [HLS 214-270] Inferring pragma 'array_partition type=complete dim=1' for array 'mxm_execute_ursa(signed char*, unsigned short, unsigned char*, unsigned short, int*, unsigned short)::sa (.pe.t_in_4)' due to pipeline pragma
INFO: [HLS 214-270] Inferring pragma 'array_partition type=complete dim=1' for array 'mxm_execute_ursa(signed char*, unsigned short, unsigned char*, unsigned short, int*, unsigned short)::sa (.pe.t_in_5)' due to pipeline pragma
INFO: [HLS 214-270] Inferring pragma 'array_partition type=complete dim=1' for array 'mxm_execute_ursa(signed char*, unsigned short, unsigned char*, unsigned short, int*, unsigned short)::sa (.pe.t_in_6)' due to pipeline pragma
INFO: [HLS 214-270] Inferring pragma 'array_partition type=complete dim=1' for array 'mxm_execute_ursa(signed char*, unsigned short, unsigned char*, unsigned short, int*, unsigned short)::sa (.pe.t_in_7)' due to pipeline pragma
INFO: [HLS 214-248] Applying array_partition to '_ZZ16mxm_execute_ursaPatPhtPitE2sa.pe.t_in_7': Complete partitioning on dimension 1.
INFO: [HLS 214-248] Applying array_partition to '_ZZ16mxm_execute_ursaPatPhtPitE2sa.pe.t_in_6': Complete partitioning on dimension 1.
INFO: [HLS 214-248] Applying array_partition to '_ZZ16mxm_execute_ursaPatPhtPitE2sa.pe.t_in_5': Complete partitioning on dimension 1.
INFO: [HLS 214-248] Applying array_partition to '_ZZ16mxm_execute_ursaPatPhtPitE2sa.pe.t_in_4': Complete partitioning on dimension 1.
INFO: [HLS 214-248] Applying array_partition to '_ZZ16mxm_execute_ursaPatPhtPitE2sa.pe.t_in_3': Complete partitioning on dimension 1.
INFO: [HLS 214-248] Applying array_partition to '_ZZ16mxm_execute_ursaPatPhtPitE2sa.pe.t_in_2': Complete partitioning on dimension 1.
INFO: [HLS 214-248] Applying array_partition to '_ZZ16mxm_execute_ursaPatPhtPitE2sa.pe.t_in_1': Complete partitioning on dimension 1.
INFO: [HLS 214-248] Applying array_partition to '_ZZ16mxm_execute_ursaPatPhtPitE2sa.pe.t_in_0': Complete partitioning on dimension 1.
INFO: [HLS 214-248] Applying array_partition to '_ZZ16mxm_execute_ursaPatPhtPitE2sa.pe.stay_7': Complete partitioning on dimension 1.
INFO: [HLS 214-248] Applying array_partition to '_ZZ16mxm_execute_ursaPatPhtPitE2sa.pe.stay_6': Complete partitioning on dimension 1.
INFO: [HLS 214-248] Applying array_partition to '_ZZ16mxm_execute_ursaPatPhtPitE2sa.pe.stay_5': Complete partitioning on dimension 1.
INFO: [HLS 214-248] Applying array_partition to '_ZZ16mxm_execute_ursaPatPhtPitE2sa.pe.stay_4': Complete partitioning on dimension 1.
INFO: [HLS 214-248] Applying array_partition to '_ZZ16mxm_execute_ursaPatPhtPitE2sa.pe.stay_3': Complete partitioning on dimension 1.
INFO: [HLS 214-248] Applying array_partition to '_ZZ16mxm_execute_ursaPatPhtPitE2sa.pe.stay_2': Complete partitioning on dimension 1.
INFO: [HLS 214-248] Applying array_partition to '_ZZ16mxm_execute_ursaPatPhtPitE2sa.pe.stay_1': Complete partitioning on dimension 1.
INFO: [HLS 214-248] Applying array_partition to '_ZZ16mxm_execute_ursaPatPhtPitE2sa.pe.stay_0': Complete partitioning on dimension 1.
INFO: [HLS 214-248] Applying array_partition to '_ZZ16mxm_execute_ursaPatPhtPitE2sa.pe.r_out_7': Complete partitioning on dimension 1.
INFO: [HLS 214-248] Applying array_partition to '_ZZ16mxm_execute_ursaPatPhtPitE2sa.pe.r_out_6': Complete partitioning on dimension 1.
INFO: [HLS 214-248] Applying array_partition to '_ZZ16mxm_execute_ursaPatPhtPitE2sa.pe.r_out_5': Complete partitioning on dimension 1.
INFO: [HLS 214-248] Applying array_partition to '_ZZ16mxm_execute_ursaPatPhtPitE2sa.pe.r_out_4': Complete partitioning on dimension 1.
INFO: [HLS 214-248] Applying array_partition to '_ZZ16mxm_execute_ursaPatPhtPitE2sa.pe.r_out_3': Complete partitioning on dimension 1.
INFO: [HLS 214-248] Applying array_partition to '_ZZ16mxm_execute_ursaPatPhtPitE2sa.pe.r_out_2': Complete partitioning on dimension 1.
INFO: [HLS 214-248] Applying array_partition to '_ZZ16mxm_execute_ursaPatPhtPitE2sa.pe.r_out_1': Complete partitioning on dimension 1.
INFO: [HLS 214-248] Applying array_partition to '_ZZ16mxm_execute_ursaPatPhtPitE2sa.pe.r_out_0': Complete partitioning on dimension 1.
INFO: [HLS 214-248] Applying array_partition to '_ZZ16mxm_execute_ursaPatPhtPitE2sa.pe.l_in_7': Complete partitioning on dimension 1.
INFO: [HLS 214-248] Applying array_partition to '_ZZ16mxm_execute_ursaPatPhtPitE2sa.pe.l_in_6': Complete partitioning on dimension 1.
INFO: [HLS 214-248] Applying array_partition to '_ZZ16mxm_execute_ursaPatPhtPitE2sa.pe.l_in_5': Complete partitioning on dimension 1.
INFO: [HLS 214-248] Applying array_partition to '_ZZ16mxm_execute_ursaPatPhtPitE2sa.pe.l_in_4': Complete partitioning on dimension 1.
INFO: [HLS 214-248] Applying array_partition to '_ZZ16mxm_execute_ursaPatPhtPitE2sa.pe.l_in_3': Complete partitioning on dimension 1.
INFO: [HLS 214-248] Applying array_partition to '_ZZ16mxm_execute_ursaPatPhtPitE2sa.pe.l_in_2': Complete partitioning on dimension 1.
INFO: [HLS 214-248] Applying array_partition to '_ZZ16mxm_execute_ursaPatPhtPitE2sa.pe.l_in_1': Complete partitioning on dimension 1.
INFO: [HLS 214-248] Applying array_partition to '_ZZ16mxm_execute_ursaPatPhtPitE2sa.pe.l_in_0': Complete partitioning on dimension 1.
INFO: [HLS 214-248] Applying array_partition to '_ZZ16mxm_execute_ursaPatPhtPitE2sa.pe.b_out_7': Complete partitioning on dimension 1.
INFO: [HLS 214-248] Applying array_partition to '_ZZ16mxm_execute_ursaPatPhtPitE2sa.pe.b_out_6': Complete partitioning on dimension 1.
INFO: [HLS 214-248] Applying array_partition to '_ZZ16mxm_execute_ursaPatPhtPitE2sa.pe.b_out_5': Complete partitioning on dimension 1.
INFO: [HLS 214-248] Applying array_partition to '_ZZ16mxm_execute_ursaPatPhtPitE2sa.pe.b_out_4': Complete partitioning on dimension 1.
INFO: [HLS 214-248] Applying array_partition to '_ZZ16mxm_execute_ursaPatPhtPitE2sa.pe.b_out_3': Complete partitioning on dimension 1.
INFO: [HLS 214-248] Applying array_partition to '_ZZ16mxm_execute_ursaPatPhtPitE2sa.pe.b_out_2': Complete partitioning on dimension 1.
INFO: [HLS 214-248] Applying array_partition to '_ZZ16mxm_execute_ursaPatPhtPitE2sa.pe.b_out_1': Complete partitioning on dimension 1.
INFO: [HLS 214-248] Applying array_partition to '_ZZ16mxm_execute_ursaPatPhtPitE2sa.pe.b_out_0': Complete partitioning on dimension 1.
INFO: [HLS 200-111] Finished Compiling Optimization and Transform: CPU user time: 2.1 seconds. CPU system time: 0.18 seconds. Elapsed time: 6.58 seconds; current allocated memory: 281.539 MB.
INFO: [HLS 200-111] Finished Checking Pragmas: CPU user time: 0 seconds. CPU system time: 0 seconds. Elapsed time: 0 seconds; current allocated memory: 281.539 MB.
INFO: [HLS 200-10] Starting code transformations ...
INFO: [HLS 200-111] Finished Standard Transforms: CPU user time: 0.06 seconds. CPU system time: 0 seconds. Elapsed time: 0.08 seconds; current allocated memory: 285.383 MB.
INFO: [HLS 200-10] Checking synthesizability ...
INFO: [HLS 200-111] Finished Checking Synthesizability: CPU user time: 0.03 seconds. CPU system time: 0 seconds. Elapsed time: 0.03 seconds; current allocated memory: 285.734 MB.
WARNING: [XFORM 203-561] Updating loop upper bound from 16383 to 8192 for loop 'VITIS_LOOP_328_3' (/home/fi/Documents/GitHub/ursa/exp/ursa_ws/src/core/shell.cpp:328:49) in function 'mxm_execute_ursa'.
WARNING: [XFORM 203-561] Updating loop upper bound from 16383 to 8192 for loop 'VITIS_LOOP_313_2' (/home/fi/Documents/GitHub/ursa/exp/ursa_ws/src/core/shell.cpp:313:44) in function 'mxm_execute_ursa'.
WARNING: [XFORM 203-561] Updating loop upper bound from 16383 to 8192 for loop 'VITIS_LOOP_312_1' (/home/fi/Documents/GitHub/ursa/exp/ursa_ws/src/core/shell.cpp:312:40) in function 'mxm_execute_ursa'.
INFO: [XFORM 203-401] Performing if-conversion on hyperblock from (/home/fi/Documents/GitHub/ursa/exp/ursa_ws/src/core/shell.cpp:362:9) to (/home/fi/Documents/GitHub/ursa/exp/ursa_ws/src/core/shell.cpp:35:6) in function 'mxm_execute_ursa'... converting 18 basic blocks.
INFO: [XFORM 203-11] Balancing expressions in function 'mxm_execute_ursa' (/home/fi/Documents/GitHub/ursa/exp/ursa_ws/src/core/shell.cpp:18:39)...42 expression(s) balanced.
INFO: [HLS 200-111] Finished Loop, function and other optimizations: CPU user time: 0.26 seconds. CPU system time: 0.01 seconds. Elapsed time: 0.26 seconds; current allocated memory: 316.836 MB.
INFO: [XFORM 203-541] Flattening a loop nest 'VITIS_LOOP_312_1' (/home/fi/Documents/GitHub/ursa/exp/ursa_ws/src/core/shell.cpp:312:27) in function 'mxm_execute_ursa'.
INFO: [HLS 200-111] Finished Architecture Synthesis: CPU user time: 0.23 seconds. CPU system time: 0 seconds. Elapsed time: 0.24 seconds; current allocated memory: 347.188 MB.
INFO: [HLS 200-10] Starting hardware synthesis ...
INFO: [HLS 200-10] Synthesizing 'mxm_execute_ursa' ...
INFO: [HLS 200-10] ----------------------------------------------------------------
INFO: [HLS 200-42] -- Implementing module 'mxm_execute_ursa_Pipeline_VITIS_LOOP_341_4' 
INFO: [HLS 200-10] ----------------------------------------------------------------
INFO: [SCHED 204-11] Starting scheduling ...
INFO: [SCHED 204-61] Pipelining loop 'VITIS_LOOP_341_4'.
WARNING: [HLS 200-885] The II Violation in module 'mxm_execute_ursa_Pipeline_VITIS_LOOP_341_4' (loop 'VITIS_LOOP_341_4'): Unable to schedule bus request operation ('fixed_in_2_req', /home/fi/Documents/GitHub/ursa/exp/ursa_ws/src/core/shell.cpp:74->/home/fi/Documents/GitHub/ursa/exp/ursa_ws/src/core/shell.cpp:345) on port 'aw' (/home/fi/Documents/GitHub/ursa/exp/ursa_ws/src/core/shell.cpp:74->/home/fi/Documents/GitHub/ursa/exp/ursa_ws/src/core/shell.cpp:345) due to limited memory ports (II = 1). Please consider using a memory core with more ports or partitioning the array.
Resolution: For help on HLS 200-885 see docs.xilinx.com/access/sources/dita/topic?Doc_Version=2023.2%20English&url=ug1448-hls-guidance&resourceid=200-885.html
WARNING: [HLS 200-885] The II Violation in module 'mxm_execute_ursa_Pipeline_VITIS_LOOP_341_4' (loop 'VITIS_LOOP_341_4'): Unable to schedule bus request operation ('fixed_in_4_req', /home/fi/Documents/GitHub/ursa/exp/ursa_ws/src/core/shell.cpp:74->/home/fi/Documents/GitHub/ursa/exp/ursa_ws/src/core/shell.cpp:345) on port 'aw' (/home/fi/Documents/GitHub/ursa/exp/ursa_ws/src/core/shell.cpp:74->/home/fi/Documents/GitHub/ursa/exp/ursa_ws/src/core/shell.cpp:345) due to limited memory ports (II = 2). Please consider using a memory core with more ports or partitioning the array.
Resolution: For help on HLS 200-885 see docs.xilinx.com/access/sources/dita/topic?Doc_Version=2023.2%20English&url=ug1448-hls-guidance&resourceid=200-885.html
WARNING: [HLS 200-885] The II Violation in module 'mxm_execute_ursa_Pipeline_VITIS_LOOP_341_4' (loop 'VITIS_LOOP_341_4'): Unable to schedule bus request operation ('fixed_in_6_req', /home/fi/Documents/GitHub/ursa/exp/ursa_ws/src/core/shell.cpp:74->/home/fi/Documents/GitHub/ursa/exp/ursa_ws/src/core/shell.cpp:345) on port 'aw' (/home/fi/Documents/GitHub/ursa/exp/ursa_ws/src/core/shell.cpp:74->/home/fi/Documents/GitHub/ursa/exp/ursa_ws/src/core/shell.cpp:345) due to limited memory ports (II = 3). Please consider using a memory core with more ports or partitioning the array.
Resolution: For help on HLS 200-885 see docs.xilinx.com/access/sources/dita/topic?Doc_Version=2023.2%20English&url=ug1448-hls-guidance&resourceid=200-885.html
WARNING: [HLS 200-885] The II Violation in module 'mxm_execute_ursa_Pipeline_VITIS_LOOP_341_4' (loop 'VITIS_LOOP_341_4'): Unable to schedule bus request operation ('fixed_in_8_req', /home/fi/Documents/GitHub/ursa/exp/ursa_ws/src/core/shell.cpp:74->/home/fi/Documents/GitHub/ursa/exp/ursa_ws/src/core/shell.cpp:345) on port 'aw' (/home/fi/Documents/GitHub/ursa/exp/ursa_ws/src/core/shell.cpp:74->/home/fi/Documents/GitHub/ursa/exp/ursa_ws/src/core/shell.cpp:345) due to limited memory ports (II = 4). Please consider using a memory core with more ports or partitioning the array.
Resolution: For help on HLS 200-885 see docs.xilinx.com/access/sources/dita/topic?Doc_Version=2023.2%20English&url=ug1448-hls-guidance&resourceid=200-885.html
WARNING: [HLS 200-885] The II Violation in module 'mxm_execute_ursa_Pipeline_VITIS_LOOP_341_4' (loop 'VITIS_LOOP_341_4'): Unable to schedule bus request operation ('fixed_in_14_req', /home/fi/Documents/GitHub/ursa/exp/ursa_ws/src/core/shell.cpp:74->/home/fi/Documents/GitHub/ursa/exp/ursa_ws/src/core/shell.cpp:345) on port 'aw' (/home/fi/Documents/GitHub/ursa/exp/ursa_ws/src/core/shell.cpp:74->/home/fi/Documents/GitHub/ursa/exp/ursa_ws/src/core/shell.cpp:345) due to limited memory ports (II = 7). Please consider using a memory core with more ports or partitioning the array.
Resolution: For help on HLS 200-885 see docs.xilinx.com/access/sources/dita/topic?Doc_Version=2023.2%20English&url=ug1448-hls-guidance&resourceid=200-885.html
INFO: [HLS 200-1470] Pipelining result : Target II = 1, Final II = 8, Depth = 19, loop 'VITIS_LOOP_341_4'
WARNING: [HLS 200-871] Estimated clock period (8.133 ns) exceeds the target (target clock period: 10.000 ns, clock uncertainty: 2.700 ns, effective delay budget: 7.300 ns).
Resolution: For help on HLS 200-871 see docs.xilinx.com/access/sources/dita/topic?Doc_Version=2023.2%20English&url=ug1448-hls-guidance&resourceid=200-871.html
WARNING: [HLS 200-1016] The critical path in module 'mxm_execute_ursa_Pipeline_VITIS_LOOP_341_4' consists of the following:
	'store' operation 0 bit ('t_write_ln56', /home/fi/Documents/GitHub/ursa/exp/ursa_ws/src/core/shell.cpp:56->/home/fi/Documents/GitHub/ursa/exp/ursa_ws/src/core/shell.cpp:345) of constant 0 on local variable 't', /home/fi/Documents/GitHub/ursa/exp/ursa_ws/src/core/shell.cpp:56->/home/fi/Documents/GitHub/ursa/exp/ursa_ws/src/core/shell.cpp:345 [436]  (1.588 ns)
	'load' operation 4 bit ('t', /home/fi/Documents/GitHub/ursa/exp/ursa_ws/src/core/shell.cpp:62->/home/fi/Documents/GitHub/ursa/exp/ursa_ws/src/core/shell.cpp:345) on local variable 't', /home/fi/Documents/GitHub/ursa/exp/ursa_ws/src/core/shell.cpp:56->/home/fi/Documents/GitHub/ursa/exp/ursa_ws/src/core/shell.cpp:345 [439]  (0.000 ns)
	'xor' operation 3 bit ('row_to_fetch', /home/fi/Documents/GitHub/ursa/exp/ursa_ws/src/core/shell.cpp:62->/home/fi/Documents/GitHub/ursa/exp/ursa_ws/src/core/shell.cpp:345) [497]  (0.965 ns)
	'mul' operation 19 bit ('mul_i', /home/fi/Documents/GitHub/ursa/exp/ursa_ws/src/core/shell.cpp:65->/home/fi/Documents/GitHub/ursa/exp/ursa_ws/src/core/shell.cpp:345) [501]  (5.580 ns)

Resolution: For help on HLS 200-1016 see docs.xilinx.com/access/sources/dita/topic?Doc_Version=2023.2%20English&url=ug1448-hls-guidance&resourceid=200-1016.html
INFO: [SCHED 204-11] Finished scheduling.
INFO: [HLS 200-111] Finished Scheduling: CPU user time: 0.46 seconds. CPU system time: 0.02 seconds. Elapsed time: 0.48 seconds; current allocated memory: 354.777 MB.
INFO: [BIND 205-100] Starting micro-architecture generation ...
INFO: [BIND 205-101] Performing variable lifetime analysis.
INFO: [BIND 205-101] Exploring resource sharing.
INFO: [BIND 205-101] Binding ...
INFO: [BIND 205-100] Finished micro-architecture generation.
INFO: [HLS 200-111] Finished Binding: CPU user time: 0.03 seconds. CPU system time: 0 seconds. Elapsed time: 0.04 seconds; current allocated memory: 354.777 MB.
INFO: [HLS 200-10] ----------------------------------------------------------------
INFO: [HLS 200-42] -- Implementing module 'mxm_execute_ursa_Pipeline_VITIS_LOOP_361_6' 
INFO: [HLS 200-10] ----------------------------------------------------------------
INFO: [SCHED 204-11] Starting scheduling ...
INFO: [HLS 200-486] Changing DSP latency (root=add_ln18_45) to 3 in order to utilize available DSP registers.
INFO: [HLS 200-486] Changing DSP latency (root=add_ln18_44) to 3 in order to utilize available DSP registers.
INFO: [HLS 200-486] Changing DSP latency (root=add_ln18_43) to 3 in order to utilize available DSP registers.
INFO: [HLS 200-486] Changing DSP latency (root=add_ln18_42) to 3 in order to utilize available DSP registers.
INFO: [HLS 200-486] Changing DSP latency (root=add_ln18_41) to 3 in order to utilize available DSP registers.
INFO: [HLS 200-486] Changing DSP latency (root=add_ln18_40) to 3 in order to utilize available DSP registers.
INFO: [HLS 200-486] Changing DSP latency (root=add_ln18_39) to 3 in order to utilize available DSP registers.
INFO: [HLS 200-486] Changing DSP latency (root=add_ln18_38) to 3 in order to utilize available DSP registers.
INFO: [HLS 200-486] Changing DSP latency (root=add_ln18_37) to 3 in order to utilize available DSP registers.
INFO: [HLS 200-486] Changing DSP latency (root=add_ln18_36) to 3 in order to utilize available DSP registers.
INFO: [HLS 200-486] Changing DSP latency (root=add_ln18_35) to 3 in order to utilize available DSP registers.
INFO: [HLS 200-486] Changing DSP latency (root=add_ln18_34) to 3 in order to utilize available DSP registers.
INFO: [HLS 200-486] Changing DSP latency (root=add_ln18_33) to 3 in order to utilize available DSP registers.
INFO: [HLS 200-486] Changing DSP latency (root=add_ln18_32) to 3 in order to utilize available DSP registers.
INFO: [HLS 200-486] Changing DSP latency (root=add_ln18_31) to 3 in order to utilize available DSP registers.
INFO: [HLS 200-486] Changing DSP latency (root=add_ln18_30) to 3 in order to utilize available DSP registers.
INFO: [HLS 200-486] Changing DSP latency (root=add_ln18_29) to 3 in order to utilize available DSP registers.
INFO: [HLS 200-486] Changing DSP latency (root=add_ln18_28) to 3 in order to utilize available DSP registers.
INFO: [HLS 200-486] Changing DSP latency (root=add_ln18_27) to 3 in order to utilize available DSP registers.
INFO: [HLS 200-486] Changing DSP latency (root=add_ln18_26) to 3 in order to utilize available DSP registers.
INFO: [HLS 200-486] Changing DSP latency (root=add_ln18_25) to 3 in order to utilize available DSP registers.
INFO: [HLS 200-486] Changing DSP latency (root=add_ln18_24) to 3 in order to utilize available DSP registers.
INFO: [HLS 200-486] Changing DSP latency (root=add_ln18_23) to 3 in order to utilize available DSP registers.
INFO: [HLS 200-486] Changing DSP latency (root=add_ln18_22) to 3 in order to utilize available DSP registers.
INFO: [HLS 200-486] Changing DSP latency (root=add_ln18_21) to 3 in order to utilize available DSP registers.
INFO: [HLS 200-486] Changing DSP latency (root=add_ln18_20) to 3 in order to utilize available DSP registers.
INFO: [HLS 200-486] Changing DSP latency (root=add_ln18_19) to 3 in order to utilize available DSP registers.
INFO: [HLS 200-486] Changing DSP latency (root=add_ln18_18) to 3 in order to utilize available DSP registers.
INFO: [HLS 200-486] Changing DSP latency (root=add_ln18_17) to 3 in order to utilize available DSP registers.
INFO: [HLS 200-486] Changing DSP latency (root=add_ln18_16) to 3 in order to utilize available DSP registers.
INFO: [HLS 200-486] Changing DSP latency (root=add_ln18_15) to 3 in order to utilize available DSP registers.
INFO: [HLS 200-486] Changing DSP latency (root=add_ln18_14) to 3 in order to utilize available DSP registers.
INFO: [HLS 200-486] Changing DSP latency (root=add_ln18_13) to 3 in order to utilize available DSP registers.
INFO: [HLS 200-486] Changing DSP latency (root=add_ln18_12) to 3 in order to utilize available DSP registers.
INFO: [HLS 200-486] Changing DSP latency (root=add_ln18_11) to 3 in order to utilize available DSP registers.
INFO: [HLS 200-486] Changing DSP latency (root=add_ln18_10) to 3 in order to utilize available DSP registers.
INFO: [HLS 200-486] Changing DSP latency (root=add_ln18_9) to 3 in order to utilize available DSP registers.
INFO: [HLS 200-486] Changing DSP latency (root=add_ln18_8) to 3 in order to utilize available DSP registers.
INFO: [HLS 200-486] Changing DSP latency (root=add_ln18_7) to 3 in order to utilize available DSP registers.
INFO: [HLS 200-486] Changing DSP latency (root=add_ln18_6) to 3 in order to utilize available DSP registers.
INFO: [HLS 200-486] Changing DSP latency (root=add_ln18_5) to 3 in order to utilize available DSP registers.
INFO: [HLS 200-486] Changing DSP latency (root=add_ln18_4) to 3 in order to utilize available DSP registers.
INFO: [HLS 200-486] Changing DSP latency (root=add_ln18_3) to 3 in order to utilize available DSP registers.
INFO: [HLS 200-486] Changing DSP latency (root=add_ln18_2) to 3 in order to utilize available DSP registers.
INFO: [HLS 200-486] Changing DSP latency (root=add_ln18_1) to 3 in order to utilize available DSP registers.
INFO: [HLS 200-486] Changing DSP latency (root=add_ln18) to 3 in order to utilize available DSP registers.
INFO: [HLS 200-486] Changing DSP latency (root=add_ln18_46) to 3 in order to utilize available DSP registers.
INFO: [HLS 200-486] Changing DSP latency (root=add_ln18_63) to 3 in order to utilize available DSP registers.
INFO: [HLS 200-486] Changing DSP latency (root=add_ln18_62) to 3 in order to utilize available DSP registers.
INFO: [HLS 200-486] Changing DSP latency (root=add_ln18_61) to 3 in order to utilize available DSP registers.
INFO: [HLS 200-486] Changing DSP latency (root=add_ln18_60) to 3 in order to utilize available DSP registers.
INFO: [HLS 200-486] Changing DSP latency (root=add_ln18_59) to 3 in order to utilize available DSP registers.
INFO: [HLS 200-486] Changing DSP latency (root=add_ln18_58) to 3 in order to utilize available DSP registers.
INFO: [HLS 200-486] Changing DSP latency (root=add_ln18_57) to 3 in order to utilize available DSP registers.
INFO: [HLS 200-486] Changing DSP latency (root=add_ln18_56) to 3 in order to utilize available DSP registers.
INFO: [HLS 200-486] Changing DSP latency (root=add_ln18_55) to 3 in order to utilize available DSP registers.
INFO: [HLS 200-486] Changing DSP latency (root=add_ln18_54) to 3 in order to utilize available DSP registers.
INFO: [HLS 200-486] Changing DSP latency (root=add_ln18_53) to 3 in order to utilize available DSP registers.
INFO: [HLS 200-486] Changing DSP latency (root=add_ln18_52) to 3 in order to utilize available DSP registers.
INFO: [HLS 200-486] Changing DSP latency (root=add_ln18_51) to 3 in order to utilize available DSP registers.
INFO: [HLS 200-486] Changing DSP latency (root=add_ln18_50) to 3 in order to utilize available DSP registers.
INFO: [HLS 200-486] Changing DSP latency (root=add_ln18_49) to 3 in order to utilize available DSP registers.
INFO: [HLS 200-486] Changing DSP latency (root=add_ln18_48) to 3 in order to utilize available DSP registers.
INFO: [HLS 200-486] Changing DSP latency (root=add_ln18_47) to 3 in order to utilize available DSP registers.
INFO: [SCHED 204-61] Pipelining loop 'VITIS_LOOP_361_6'.
WARNING: [HLS 200-880] The II Violation in module 'mxm_execute_ursa_Pipeline_VITIS_LOOP_361_6' (loop 'VITIS_LOOP_361_6'): Unable to enforce a carried dependence constraint (II = 1, distance = 1, offset = 0) between 'store' operation 0 bit ('mxm_execute_ursa_signed_char_unsigned_short_unsigned_char_unsigned_short_i_23_write_ln18', /home/fi/Documents/GitHub/ursa/exp/ursa_ws/src/core/pe.cpp:18->/home/fi/Documents/GitHub/ursa/exp/ursa_ws/src/core/sa.cpp:109->/home/fi/Documents/GitHub/ursa/exp/ursa_ws/src/core/shell.cpp:371) of variable 'add_ln18_13', /home/fi/Documents/GitHub/ursa/exp/ursa_ws/src/core/pe.cpp:18->/home/fi/Documents/GitHub/ursa/exp/ursa_ws/src/core/sa.cpp:109->/home/fi/Documents/GitHub/ursa/exp/ursa_ws/src/core/shell.cpp:371 on static variable 'mxm_execute_ursa_signed_char_unsigned_short_unsigned_char_unsigned_short_i_23' and 'load' operation 32 bit ('mxm_execute_ursa_signed_char_unsigned_short_unsigned_char_unsigned_short_i_412', /home/fi/Documents/GitHub/ursa/exp/ursa_ws/src/core/sa.cpp:91->/home/fi/Documents/GitHub/ursa/exp/ursa_ws/src/core/shell.cpp:371) on static variable 'mxm_execute_ursa_signed_char_unsigned_short_unsigned_char_unsigned_short_i_23'.
Resolution: For help on HLS 200-880 see docs.xilinx.com/access/sources/dita/topic?Doc_Version=2023.2%20English&url=ug1448-hls-guidance&resourceid=200-880.html
WARNING: [HLS 200-885] The II Violation in module 'mxm_execute_ursa_Pipeline_VITIS_LOOP_361_6' (loop 'VITIS_LOOP_361_6'): Unable to schedule bus request operation ('t_in_4_req', /home/fi/Documents/GitHub/ursa/exp/ursa_ws/src/core/shell.cpp:44->/home/fi/Documents/GitHub/ursa/exp/ursa_ws/src/core/shell.cpp:365) on port 'bi' (/home/fi/Documents/GitHub/ursa/exp/ursa_ws/src/core/shell.cpp:44->/home/fi/Documents/GitHub/ursa/exp/ursa_ws/src/core/shell.cpp:365) due to limited memory ports (II = 2). Please consider using a memory core with more ports or partitioning the array.
Resolution: For help on HLS 200-885 see docs.xilinx.com/access/sources/dita/topic?Doc_Version=2023.2%20English&url=ug1448-hls-guidance&resourceid=200-885.html
WARNING: [HLS 200-885] The II Violation in module 'mxm_execute_ursa_Pipeline_VITIS_LOOP_361_6' (loop 'VITIS_LOOP_361_6'): Unable to schedule bus request operation ('t_in_6_req', /home/fi/Documents/GitHub/ursa/exp/ursa_ws/src/core/shell.cpp:44->/home/fi/Documents/GitHub/ursa/exp/ursa_ws/src/core/shell.cpp:365) on port 'bi' (/home/fi/Documents/GitHub/ursa/exp/ursa_ws/src/core/shell.cpp:44->/home/fi/Documents/GitHub/ursa/exp/ursa_ws/src/core/shell.cpp:365) due to limited memory ports (II = 3). Please consider using a memory core with more ports or partitioning the array.
Resolution: For help on HLS 200-885 see docs.xilinx.com/access/sources/dita/topic?Doc_Version=2023.2%20English&url=ug1448-hls-guidance&resourceid=200-885.html
WARNING: [HLS 200-885] The II Violation in module 'mxm_execute_ursa_Pipeline_VITIS_LOOP_361_6' (loop 'VITIS_LOOP_361_6'): Unable to schedule bus request operation ('t_in_8_req', /home/fi/Documents/GitHub/ursa/exp/ursa_ws/src/core/shell.cpp:44->/home/fi/Documents/GitHub/ursa/exp/ursa_ws/src/core/shell.cpp:365) on port 'bi' (/home/fi/Documents/GitHub/ursa/exp/ursa_ws/src/core/shell.cpp:44->/home/fi/Documents/GitHub/ursa/exp/ursa_ws/src/core/shell.cpp:365) due to limited memory ports (II = 4). Please consider using a memory core with more ports or partitioning the array.
Resolution: For help on HLS 200-885 see docs.xilinx.com/access/sources/dita/topic?Doc_Version=2023.2%20English&url=ug1448-hls-guidance&resourceid=200-885.html
WARNING: [HLS 200-885] The II Violation in module 'mxm_execute_ursa_Pipeline_VITIS_LOOP_361_6' (loop 'VITIS_LOOP_361_6'): Unable to schedule bus request operation ('t_in_14_req', /home/fi/Documents/GitHub/ursa/exp/ursa_ws/src/core/shell.cpp:44->/home/fi/Documents/GitHub/ursa/exp/ursa_ws/src/core/shell.cpp:365) on port 'bi' (/home/fi/Documents/GitHub/ursa/exp/ursa_ws/src/core/shell.cpp:44->/home/fi/Documents/GitHub/ursa/exp/ursa_ws/src/core/shell.cpp:365) due to limited memory ports (II = 7). Please consider using a memory core with more ports or partitioning the array.
Resolution: For help on HLS 200-885 see docs.xilinx.com/access/sources/dita/topic?Doc_Version=2023.2%20English&url=ug1448-hls-guidance&resourceid=200-885.html
INFO: [HLS 200-1470] Pipelining result : Target II = 1, Final II = 8, Depth = 25, loop 'VITIS_LOOP_361_6'
WARNING: [HLS 200-871] Estimated clock period (7.890 ns) exceeds the target (target clock period: 10.000 ns, clock uncertainty: 2.700 ns, effective delay budget: 7.300 ns).
Resolution: For help on HLS 200-871 see docs.xilinx.com/access/sources/dita/topic?Doc_Version=2023.2%20English&url=ug1448-hls-guidance&resourceid=200-871.html
WARNING: [HLS 200-1016] The critical path in module 'mxm_execute_ursa_Pipeline_VITIS_LOOP_361_6' consists of the following:
	'load' operation 5 bit ('t') on local variable 'col', /home/fi/Documents/GitHub/ursa/exp/ursa_ws/src/core/shell.cpp:36->/home/fi/Documents/GitHub/ursa/exp/ursa_ws/src/core/shell.cpp:365 [620]  (0.000 ns)
	'add' operation 6 bit ('col', /home/fi/Documents/GitHub/ursa/exp/ursa_ws/src/core/shell.cpp:20->/home/fi/Documents/GitHub/ursa/exp/ursa_ws/src/core/shell.cpp:364) [726]  (1.780 ns)
	'add' operation 16 bit ('global_col', /home/fi/Documents/GitHub/ursa/exp/ursa_ws/src/core/shell.cpp:40->/home/fi/Documents/GitHub/ursa/exp/ursa_ws/src/core/shell.cpp:365) [855]  (2.077 ns)
	'icmp' operation 1 bit ('icmp_ln43_4', /home/fi/Documents/GitHub/ursa/exp/ursa_ws/src/core/shell.cpp:43->/home/fi/Documents/GitHub/ursa/exp/ursa_ws/src/core/shell.cpp:365) [856]  (2.077 ns)
	'and' operation 1 bit ('and_ln43_4', /home/fi/Documents/GitHub/ursa/exp/ursa_ws/src/core/shell.cpp:43->/home/fi/Documents/GitHub/ursa/exp/ursa_ws/src/core/shell.cpp:365) [857]  (0.978 ns)
	blocking operation 0.978 ns on control path)

Resolution: For help on HLS 200-1016 see docs.xilinx.com/access/sources/dita/topic?Doc_Version=2023.2%20English&url=ug1448-hls-guidance&resourceid=200-1016.html
INFO: [SCHED 204-11] Finished scheduling.
INFO: [HLS 200-111] Finished Scheduling: CPU user time: 0.78 seconds. CPU system time: 0.01 seconds. Elapsed time: 0.8 seconds; current allocated memory: 364.672 MB.
INFO: [BIND 205-100] Starting micro-architecture generation ...
INFO: [BIND 205-101] Performing variable lifetime analysis.
INFO: [BIND 205-101] Exploring resource sharing.
INFO: [BIND 205-101] Binding ...
INFO: [BIND 205-100] Finished micro-architecture generation.
INFO: [HLS 200-111] Finished Binding: CPU user time: 0.1 seconds. CPU system time: 0 seconds. Elapsed time: 0.1 seconds; current allocated memory: 364.672 MB.
INFO: [HLS 200-10] ----------------------------------------------------------------
INFO: [HLS 200-42] -- Implementing module 'mxm_execute_ursa_Pipeline_VITIS_LOOP_382_7' 
INFO: [HLS 200-10] ----------------------------------------------------------------
INFO: [SCHED 204-11] Starting scheduling ...
INFO: [SCHED 204-61] Pipelining loop 'VITIS_LOOP_382_7'.
WARNING: [HLS 200-885] The II Violation in module 'mxm_execute_ursa_Pipeline_VITIS_LOOP_382_7' (loop 'VITIS_LOOP_382_7'): Unable to schedule 'load' operation 32 bit ('c_tile_acc_load_1', /home/fi/Documents/GitHub/ursa/exp/ursa_ws/src/core/shell.cpp:391) on array 'c_tile_acc' due to limited memory ports (II = 1). Please consider using a memory core with more ports or partitioning the array 'c_tile_acc'.
Resolution: For help on HLS 200-885 see docs.xilinx.com/access/sources/dita/topic?Doc_Version=2023.2%20English&url=ug1448-hls-guidance&resourceid=200-885.html
WARNING: [HLS 200-885] The II Violation in module 'mxm_execute_ursa_Pipeline_VITIS_LOOP_382_7' (loop 'VITIS_LOOP_382_7'): Unable to schedule bus request operation ('ca_addr_2_req', /home/fi/Documents/GitHub/ursa/exp/ursa_ws/src/core/shell.cpp:391) on port 'ca' (/home/fi/Documents/GitHub/ursa/exp/ursa_ws/src/core/shell.cpp:391) due to limited memory ports (II = 2). Please consider using a memory core with more ports or partitioning the array.
Resolution: For help on HLS 200-885 see docs.xilinx.com/access/sources/dita/topic?Doc_Version=2023.2%20English&url=ug1448-hls-guidance&resourceid=200-885.html
WARNING: [HLS 200-885] The II Violation in module 'mxm_execute_ursa_Pipeline_VITIS_LOOP_382_7' (loop 'VITIS_LOOP_382_7'): Unable to schedule bus request operation ('ca_addr_3_req', /home/fi/Documents/GitHub/ursa/exp/ursa_ws/src/core/shell.cpp:391) on port 'ca' (/home/fi/Documents/GitHub/ursa/exp/ursa_ws/src/core/shell.cpp:391) due to limited memory ports (II = 3). Please consider using a memory core with more ports or partitioning the array.
Resolution: For help on HLS 200-885 see docs.xilinx.com/access/sources/dita/topic?Doc_Version=2023.2%20English&url=ug1448-hls-guidance&resourceid=200-885.html
WARNING: [HLS 200-885] The II Violation in module 'mxm_execute_ursa_Pipeline_VITIS_LOOP_382_7' (loop 'VITIS_LOOP_382_7'): Unable to schedule bus request operation ('ca_addr_4_req', /home/fi/Documents/GitHub/ursa/exp/ursa_ws/src/core/shell.cpp:391) on port 'ca' (/home/fi/Documents/GitHub/ursa/exp/ursa_ws/src/core/shell.cpp:391) due to limited memory ports (II = 4). Please consider using a memory core with more ports or partitioning the array.
Resolution: For help on HLS 200-885 see docs.xilinx.com/access/sources/dita/topic?Doc_Version=2023.2%20English&url=ug1448-hls-guidance&resourceid=200-885.html
WARNING: [HLS 200-885] The II Violation in module 'mxm_execute_ursa_Pipeline_VITIS_LOOP_382_7' (loop 'VITIS_LOOP_382_7'): Unable to schedule bus request operation ('ca_addr_7_req', /home/fi/Documents/GitHub/ursa/exp/ursa_ws/src/core/shell.cpp:391) on port 'ca' (/home/fi/Documents/GitHub/ursa/exp/ursa_ws/src/core/shell.cpp:391) due to limited memory ports (II = 7). Please consider using a memory core with more ports or partitioning the array.
Resolution: For help on HLS 200-885 see docs.xilinx.com/access/sources/dita/topic?Doc_Version=2023.2%20English&url=ug1448-hls-guidance&resourceid=200-885.html
INFO: [HLS 200-1470] Pipelining result : Target II = 1, Final II = 8, Depth = 16, loop 'VITIS_LOOP_382_7'
INFO: [SCHED 204-11] Finished scheduling.
INFO: [HLS 200-111] Finished Scheduling: CPU user time: 0.13 seconds. CPU system time: 0.01 seconds. Elapsed time: 0.14 seconds; current allocated memory: 365.340 MB.
INFO: [BIND 205-100] Starting micro-architecture generation ...
INFO: [BIND 205-101] Performing variable lifetime analysis.
INFO: [BIND 205-101] Exploring resource sharing.
INFO: [BIND 205-101] Binding ...
INFO: [BIND 205-100] Finished micro-architecture generation.
INFO: [HLS 200-111] Finished Binding: CPU user time: 0.03 seconds. CPU system time: 0 seconds. Elapsed time: 0.02 seconds; current allocated memory: 365.340 MB.
INFO: [HLS 200-10] ----------------------------------------------------------------
INFO: [HLS 200-42] -- Implementing module 'mxm_execute_ursa' 
INFO: [HLS 200-10] ----------------------------------------------------------------
INFO: [SCHED 204-11] Starting scheduling ...
INFO: [SCHED 204-11] Finished scheduling.
INFO: [HLS 200-111] Finished Scheduling: CPU user time: 0.09 seconds. CPU system time: 0 seconds. Elapsed time: 0.09 seconds; current allocated memory: 369.086 MB.
INFO: [BIND 205-100] Starting micro-architecture generation ...
INFO: [BIND 205-101] Performing variable lifetime analysis.
INFO: [BIND 205-101] Exploring resource sharing.
INFO: [BIND 205-101] Binding ...
INFO: [BIND 205-100] Finished micro-architecture generation.
INFO: [HLS 200-111] Finished Binding: CPU user time: 0.04 seconds. CPU system time: 0 seconds. Elapsed time: 0.04 seconds; current allocated memory: 369.086 MB.
INFO: [HLS 200-10] ----------------------------------------------------------------
INFO: [HLS 200-10] -- Generating RTL for module 'mxm_execute_ursa_Pipeline_VITIS_LOOP_341_4' 
INFO: [HLS 200-10] ----------------------------------------------------------------
INFO: [HLS 200-1030] Apply Unified Pipeline Control on module 'mxm_execute_ursa_Pipeline_VITIS_LOOP_341_4' pipeline 'VITIS_LOOP_341_4' pipeline type 'loop pipeline'
INFO: [RTGEN 206-100] Generating core module 'mul_3ns_16ns_19_1_1': 1 instance(s).
INFO: [RTGEN 206-100] Finished creating RTL model for 'mxm_execute_ursa_Pipeline_VITIS_LOOP_341_4'.
INFO: [HLS 200-111] Finished Creating RTL model: CPU user time: 0.08 seconds. CPU system time: 0.01 seconds. Elapsed time: 0.09 seconds; current allocated memory: 372.840 MB.
INFO: [HLS 200-10] ----------------------------------------------------------------
INFO: [HLS 200-10] -- Generating RTL for module 'mxm_execute_ursa_Pipeline_VITIS_LOOP_361_6' 
INFO: [HLS 200-10] ----------------------------------------------------------------
WARNING: [RTGEN 206-101] Register 'mxm_execute_ursa_signed_char_unsigned_short_unsigned_char_unsigned_short_i_249' is power-on initialization.
WARNING: [RTGEN 206-101] Register 'mxm_execute_ursa_signed_char_unsigned_short_unsigned_char_unsigned_short_i_248' is power-on initialization.
WARNING: [RTGEN 206-101] Register 'mxm_execute_ursa_signed_char_unsigned_short_unsigned_char_unsigned_short_i_247' is power-on initialization.
WARNING: [RTGEN 206-101] Register 'mxm_execute_ursa_signed_char_unsigned_short_unsigned_char_unsigned_short_i_246' is power-on initialization.
WARNING: [RTGEN 206-101] Register 'mxm_execute_ursa_signed_char_unsigned_short_unsigned_char_unsigned_short_i_245' is power-on initialization.
WARNING: [RTGEN 206-101] Register 'mxm_execute_ursa_signed_char_unsigned_short_unsigned_char_unsigned_short_i_244' is power-on initialization.
WARNING: [RTGEN 206-101] Register 'mxm_execute_ursa_signed_char_unsigned_short_unsigned_char_unsigned_short_i_242' is power-on initialization.
WARNING: [RTGEN 206-101] Register 'mxm_execute_ursa_signed_char_unsigned_short_unsigned_char_unsigned_short_i_241' is power-on initialization.
WARNING: [RTGEN 206-101] Register 'mxm_execute_ursa_signed_char_unsigned_short_unsigned_char_unsigned_short_i_240' is power-on initialization.
WARNING: [RTGEN 206-101] Register 'mxm_execute_ursa_signed_char_unsigned_short_unsigned_char_unsigned_short_i_239' is power-on initialization.
WARNING: [RTGEN 206-101] Register 'mxm_execute_ursa_signed_char_unsigned_short_unsigned_char_unsigned_short_i_238' is power-on initialization.
WARNING: [RTGEN 206-101] Register 'mxm_execute_ursa_signed_char_unsigned_short_unsigned_char_unsigned_short_i_237' is power-on initialization.
WARNING: [RTGEN 206-101] Register 'mxm_execute_ursa_signed_char_unsigned_short_unsigned_char_unsigned_short_i_236' is power-on initialization.
WARNING: [RTGEN 206-101] Register 'mxm_execute_ursa_signed_char_unsigned_short_unsigned_char_unsigned_short_i_235' is power-on initialization.
WARNING: [RTGEN 206-101] Register 'mxm_execute_ursa_signed_char_unsigned_short_unsigned_char_unsigned_short_i_38' is power-on initialization.
WARNING: [RTGEN 206-101] Register 'mxm_execute_ursa_signed_char_unsigned_short_unsigned_char_unsigned_short_i_29' is power-on initialization.
WARNING: [RTGEN 206-101] Register 'mxm_execute_ursa_signed_char_unsigned_short_unsigned_char_unsigned_short_i_20' is power-on initialization.
WARNING: [RTGEN 206-101] Register 'mxm_execute_ursa_signed_char_unsigned_short_unsigned_char_unsigned_short_i_12' is power-on initialization.
WARNING: [RTGEN 206-101] Register 'mxm_execute_ursa_signed_char_unsigned_short_unsigned_char_unsigned_short_i_3' is power-on initialization.
WARNING: [RTGEN 206-101] Register 'mxm_execute_ursa_signed_char_unsigned_short_unsigned_char_unsigned_short_i_93' is power-on initialization.
WARNING: [RTGEN 206-101] Register 'mxm_execute_ursa_signed_char_unsigned_short_unsigned_char_unsigned_short_i_37' is power-on initialization.
WARNING: [RTGEN 206-101] Register 'mxm_execute_ursa_signed_char_unsigned_short_unsigned_char_unsigned_short_i_28' is power-on initialization.
WARNING: [RTGEN 206-101] Register 'mxm_execute_ursa_signed_char_unsigned_short_unsigned_char_unsigned_short_i_19' is power-on initialization.
WARNING: [RTGEN 206-101] Register 'mxm_execute_ursa_signed_char_unsigned_short_unsigned_char_unsigned_short_i_11' is power-on initialization.
WARNING: [RTGEN 206-101] Register 'mxm_execute_ursa_signed_char_unsigned_short_unsigned_char_unsigned_short_i_2' is power-on initialization.
WARNING: [RTGEN 206-101] Register 'mxm_execute_ursa_signed_char_unsigned_short_unsigned_char_unsigned_short_i_94' is power-on initialization.
WARNING: [RTGEN 206-101] Register 'mxm_execute_ursa_signed_char_unsigned_short_unsigned_char_unsigned_short_i_36' is power-on initialization.
WARNING: [RTGEN 206-101] Register 'mxm_execute_ursa_signed_char_unsigned_short_unsigned_char_unsigned_short_i_27' is power-on initialization.
WARNING: [RTGEN 206-101] Register 'mxm_execute_ursa_signed_char_unsigned_short_unsigned_char_unsigned_short_i_18' is power-on initialization.
WARNING: [RTGEN 206-101] Register 'mxm_execute_ursa_signed_char_unsigned_short_unsigned_char_unsigned_short_i_9' is power-on initialization.
WARNING: [RTGEN 206-101] Register 'mxm_execute_ursa_signed_char_unsigned_short_unsigned_char_unsigned_short_i_1' is power-on initialization.
WARNING: [RTGEN 206-101] Register 'mxm_execute_ursa_signed_char_unsigned_short_unsigned_char_unsigned_short_i_95' is power-on initialization.
WARNING: [RTGEN 206-101] Register 'mxm_execute_ursa_signed_char_unsigned_short_unsigned_char_unsigned_short_i_35' is power-on initialization.
WARNING: [RTGEN 206-101] Register 'mxm_execute_ursa_signed_char_unsigned_short_unsigned_char_unsigned_short_i_26' is power-on initialization.
WARNING: [RTGEN 206-101] Register 'mxm_execute_ursa_signed_char_unsigned_short_unsigned_char_unsigned_short_i_17' is power-on initialization.
WARNING: [RTGEN 206-101] Register 'mxm_execute_ursa_signed_char_unsigned_short_unsigned_char_unsigned_short_i_8' is power-on initialization.
WARNING: [RTGEN 206-101] Register 'mxm_execute_ursa_signed_char_unsigned_short_unsigned_char_unsigned_short_i' is power-on initialization.
WARNING: [RTGEN 206-101] Register 'mxm_execute_ursa_signed_char_unsigned_short_unsigned_char_unsigned_short_i_97' is power-on initialization.
WARNING: [RTGEN 206-101] Register 'mxm_execute_ursa_signed_char_unsigned_short_unsigned_char_unsigned_short_i_34' is power-on initialization.
WARNING: [RTGEN 206-101] Register 'mxm_execute_ursa_signed_char_unsigned_short_unsigned_char_unsigned_short_i_25' is power-on initialization.
WARNING: [RTGEN 206-101] Register 'mxm_execute_ursa_signed_char_unsigned_short_unsigned_char_unsigned_short_i_16' is power-on initialization.
WARNING: [RTGEN 206-101] Register 'mxm_execute_ursa_signed_char_unsigned_short_unsigned_char_unsigned_short_i_7' is power-on initialization.
WARNING: [RTGEN 206-101] Register 'mxm_execute_ursa_signed_char_unsigned_short_unsigned_char_unsigned_short_i_90' is power-on initialization.
WARNING: [RTGEN 206-101] Register 'mxm_execute_ursa_signed_char_unsigned_short_unsigned_char_unsigned_short_i_98' is power-on initialization.
WARNING: [RTGEN 206-101] Register 'mxm_execute_ursa_signed_char_unsigned_short_unsigned_char_unsigned_short_i_33' is power-on initialization.
WARNING: [RTGEN 206-101] Register 'mxm_execute_ursa_signed_char_unsigned_short_unsigned_char_unsigned_short_i_24' is power-on initialization.
WARNING: [RTGEN 206-101] Register 'mxm_execute_ursa_signed_char_unsigned_short_unsigned_char_unsigned_short_i_15' is power-on initialization.
WARNING: [RTGEN 206-101] Register 'mxm_execute_ursa_signed_char_unsigned_short_unsigned_char_unsigned_short_i_6' is power-on initialization.
WARNING: [RTGEN 206-101] Register 'mxm_execute_ursa_signed_char_unsigned_short_unsigned_char_unsigned_short_i_91' is power-on initialization.
WARNING: [RTGEN 206-101] Register 'mxm_execute_ursa_signed_char_unsigned_short_unsigned_char_unsigned_short_i_99' is power-on initialization.
WARNING: [RTGEN 206-101] Register 'mxm_execute_ursa_signed_char_unsigned_short_unsigned_char_unsigned_short_i_31' is power-on initialization.
WARNING: [RTGEN 206-101] Register 'mxm_execute_ursa_signed_char_unsigned_short_unsigned_char_unsigned_short_i_23' is power-on initialization.
WARNING: [RTGEN 206-101] Register 'mxm_execute_ursa_signed_char_unsigned_short_unsigned_char_unsigned_short_i_14' is power-on initialization.
WARNING: [RTGEN 206-101] Register 'mxm_execute_ursa_signed_char_unsigned_short_unsigned_char_unsigned_short_i_5' is power-on initialization.
WARNING: [RTGEN 206-101] Register 'mxm_execute_ursa_signed_char_unsigned_short_unsigned_char_unsigned_short_i_92' is power-on initialization.
WARNING: [RTGEN 206-101] Register 'mxm_execute_ursa_signed_char_unsigned_short_unsigned_char_unsigned_short_i_250' is power-on initialization.
INFO: [HLS 200-1030] Apply Unified Pipeline Control on module 'mxm_execute_ursa_Pipeline_VITIS_LOOP_361_6' pipeline 'VITIS_LOOP_361_6' pipeline type 'loop pipeline'
INFO: [RTGEN 206-100] Generating core module 'mac_muladd_8ns_8s_32s_32_4_1': 64 instance(s).
INFO: [RTGEN 206-100] Finished creating RTL model for 'mxm_execute_ursa_Pipeline_VITIS_LOOP_361_6'.
INFO: [HLS 200-111] Finished Creating RTL model: CPU user time: 0.26 seconds. CPU system time: 0.01 seconds. Elapsed time: 0.27 seconds; current allocated memory: 391.238 MB.
INFO: [HLS 200-10] ----------------------------------------------------------------
INFO: [HLS 200-10] -- Generating RTL for module 'mxm_execute_ursa_Pipeline_VITIS_LOOP_382_7' 
INFO: [HLS 200-10] ----------------------------------------------------------------
INFO: [HLS 200-1030] Apply Unified Pipeline Control on module 'mxm_execute_ursa_Pipeline_VITIS_LOOP_382_7' pipeline 'VITIS_LOOP_382_7' pipeline type 'loop pipeline'
INFO: [RTGEN 206-100] Generating core module 'mul_16ns_16ns_32_1_1': 1 instance(s).
INFO: [RTGEN 206-100] Finished creating RTL model for 'mxm_execute_ursa_Pipeline_VITIS_LOOP_382_7'.
INFO: [HLS 200-111] Finished Creating RTL model: CPU user time: 0.2 seconds. CPU system time: 0.01 seconds. Elapsed time: 0.21 seconds; current allocated memory: 419.832 MB.
INFO: [HLS 200-10] ----------------------------------------------------------------
INFO: [HLS 200-10] -- Generating RTL for module 'mxm_execute_ursa' 
INFO: [HLS 200-10] ----------------------------------------------------------------
WARNING: [RTGEN 206-101] Design contains AXI ports. Reset is fixed to synchronous and active low.
INFO: [RTGEN 206-500] Setting interface mode on port 'mxm_execute_ursa/aw' to 'm_axi'.
INFO: [RTGEN 206-500] Setting interface mode on port 'mxm_execute_ursa/bi' to 'm_axi'.
INFO: [RTGEN 206-500] Setting interface mode on port 'mxm_execute_ursa/ca' to 'm_axi'.
INFO: [RTGEN 206-500] Setting interface mode on port 'mxm_execute_ursa/addr_a0' to 's_axilite & ap_none'.
INFO: [RTGEN 206-500] Setting interface mode on port 'mxm_execute_ursa/a0_p' to 's_axilite & ap_none' (register).
INFO: [RTGEN 206-500] Setting interface mode on port 'mxm_execute_ursa/addr_b0' to 's_axilite & ap_none'.
INFO: [RTGEN 206-500] Setting interface mode on port 'mxm_execute_ursa/b0_q' to 's_axilite & ap_none' (register).
INFO: [RTGEN 206-500] Setting interface mode on port 'mxm_execute_ursa/addr_c0' to 's_axilite & ap_none'.
INFO: [RTGEN 206-500] Setting interface mode on port 'mxm_execute_ursa/m' to 's_axilite & ap_none' (register).
INFO: [RTGEN 206-500] Setting interface mode on function 'mxm_execute_ursa' to 's_axilite & ap_ctrl_hs'.
WARNING: [RTGEN 206-101] Register 'mxm_execute_ursa_signed_char_unsigned_short_unsigned_char_unsigned_short_i_234' is power-on initialization.
WARNING: [RTGEN 206-101] Register 'mxm_execute_ursa_signed_char_unsigned_short_unsigned_char_unsigned_short_i_233' is power-on initialization.
WARNING: [RTGEN 206-101] Register 'mxm_execute_ursa_signed_char_unsigned_short_unsigned_char_unsigned_short_i_231' is power-on initialization.
WARNING: [RTGEN 206-101] Register 'mxm_execute_ursa_signed_char_unsigned_short_unsigned_char_unsigned_short_i_230' is power-on initialization.
WARNING: [RTGEN 206-101] Register 'mxm_execute_ursa_signed_char_unsigned_short_unsigned_char_unsigned_short_i_229' is power-on initialization.
WARNING: [RTGEN 206-101] Register 'mxm_execute_ursa_signed_char_unsigned_short_unsigned_char_unsigned_short_i_228' is power-on initialization.
WARNING: [RTGEN 206-101] Register 'mxm_execute_ursa_signed_char_unsigned_short_unsigned_char_unsigned_short_i_227' is power-on initialization.
WARNING: [RTGEN 206-101] Register 'mxm_execute_ursa_signed_char_unsigned_short_unsigned_char_unsigned_short_i_226' is power-on initialization.
WARNING: [RTGEN 206-101] Register 'mxm_execute_ursa_signed_char_unsigned_short_unsigned_char_unsigned_short_i_225' is power-on initialization.
WARNING: [RTGEN 206-101] Register 'mxm_execute_ursa_signed_char_unsigned_short_unsigned_char_unsigned_short_i_224' is power-on initialization.
WARNING: [RTGEN 206-101] Register 'mxm_execute_ursa_signed_char_unsigned_short_unsigned_char_unsigned_short_i_223' is power-on initialization.
WARNING: [RTGEN 206-101] Register 'mxm_execute_ursa_signed_char_unsigned_short_unsigned_char_unsigned_short_i_222' is power-on initialization.
WARNING: [RTGEN 206-101] Register 'mxm_execute_ursa_signed_char_unsigned_short_unsigned_char_unsigned_short_i_220' is power-on initialization.
WARNING: [RTGEN 206-101] Register 'mxm_execute_ursa_signed_char_unsigned_short_unsigned_char_unsigned_short_i_219' is power-on initialization.
WARNING: [RTGEN 206-101] Register 'mxm_execute_ursa_signed_char_unsigned_short_unsigned_char_unsigned_short_i_218' is power-on initialization.
WARNING: [RTGEN 206-101] Register 'mxm_execute_ursa_signed_char_unsigned_short_unsigned_char_unsigned_short_i_217' is power-on initialization.
WARNING: [RTGEN 206-101] Register 'mxm_execute_ursa_signed_char_unsigned_short_unsigned_char_unsigned_short_i_216' is power-on initialization.
WARNING: [RTGEN 206-101] Register 'mxm_execute_ursa_signed_char_unsigned_short_unsigned_char_unsigned_short_i_215' is power-on initialization.
WARNING: [RTGEN 206-101] Register 'mxm_execute_ursa_signed_char_unsigned_short_unsigned_char_unsigned_short_i_214' is power-on initialization.
WARNING: [RTGEN 206-101] Register 'mxm_execute_ursa_signed_char_unsigned_short_unsigned_char_unsigned_short_i_213' is power-on initialization.
WARNING: [RTGEN 206-101] Register 'mxm_execute_ursa_signed_char_unsigned_short_unsigned_char_unsigned_short_i_212' is power-on initialization.
WARNING: [RTGEN 206-101] Register 'mxm_execute_ursa_signed_char_unsigned_short_unsigned_char_unsigned_short_i_211' is power-on initialization.
WARNING: [RTGEN 206-101] Register 'mxm_execute_ursa_signed_char_unsigned_short_unsigned_char_unsigned_short_i_209' is power-on initialization.
WARNING: [RTGEN 206-101] Register 'mxm_execute_ursa_signed_char_unsigned_short_unsigned_char_unsigned_short_i_208' is power-on initialization.
WARNING: [RTGEN 206-101] Register 'mxm_execute_ursa_signed_char_unsigned_short_unsigned_char_unsigned_short_i_207' is power-on initialization.
WARNING: [RTGEN 206-101] Register 'mxm_execute_ursa_signed_char_unsigned_short_unsigned_char_unsigned_short_i_206' is power-on initialization.
WARNING: [RTGEN 206-101] Register 'mxm_execute_ursa_signed_char_unsigned_short_unsigned_char_unsigned_short_i_205' is power-on initialization.
WARNING: [RTGEN 206-101] Register 'mxm_execute_ursa_signed_char_unsigned_short_unsigned_char_unsigned_short_i_204' is power-on initialization.
WARNING: [RTGEN 206-101] Register 'mxm_execute_ursa_signed_char_unsigned_short_unsigned_char_unsigned_short_i_203' is power-on initialization.
WARNING: [RTGEN 206-101] Register 'mxm_execute_ursa_signed_char_unsigned_short_unsigned_char_unsigned_short_i_202' is power-on initialization.
WARNING: [RTGEN 206-101] Register 'mxm_execute_ursa_signed_char_unsigned_short_unsigned_char_unsigned_short_i_201' is power-on initialization.
WARNING: [RTGEN 206-101] Register 'mxm_execute_ursa_signed_char_unsigned_short_unsigned_char_unsigned_short_i_200' is power-on initialization.
WARNING: [RTGEN 206-101] Register 'mxm_execute_ursa_signed_char_unsigned_short_unsigned_char_unsigned_short_i_198' is power-on initialization.
WARNING: [RTGEN 206-101] Register 'mxm_execute_ursa_signed_char_unsigned_short_unsigned_char_unsigned_short_i_197' is power-on initialization.
WARNING: [RTGEN 206-101] Register 'mxm_execute_ursa_signed_char_unsigned_short_unsigned_char_unsigned_short_i_196' is power-on initialization.
WARNING: [RTGEN 206-101] Register 'mxm_execute_ursa_signed_char_unsigned_short_unsigned_char_unsigned_short_i_195' is power-on initialization.
WARNING: [RTGEN 206-101] Register 'mxm_execute_ursa_signed_char_unsigned_short_unsigned_char_unsigned_short_i_194' is power-on initialization.
WARNING: [RTGEN 206-101] Register 'mxm_execute_ursa_signed_char_unsigned_short_unsigned_char_unsigned_short_i_193' is power-on initialization.
WARNING: [RTGEN 206-101] Register 'mxm_execute_ursa_signed_char_unsigned_short_unsigned_char_unsigned_short_i_192' is power-on initialization.
WARNING: [RTGEN 206-101] Register 'mxm_execute_ursa_signed_char_unsigned_short_unsigned_char_unsigned_short_i_191' is power-on initialization.
WARNING: [RTGEN 206-101] Register 'mxm_execute_ursa_signed_char_unsigned_short_unsigned_char_unsigned_short_i_190' is power-on initialization.
WARNING: [RTGEN 206-101] Register 'mxm_execute_ursa_signed_char_unsigned_short_unsigned_char_unsigned_short_i_189' is power-on initialization.
WARNING: [RTGEN 206-101] Register 'mxm_execute_ursa_signed_char_unsigned_short_unsigned_char_unsigned_short_i_187' is power-on initialization.
WARNING: [RTGEN 206-101] Register 'mxm_execute_ursa_signed_char_unsigned_short_unsigned_char_unsigned_short_i_186' is power-on initialization.
WARNING: [RTGEN 206-101] Register 'mxm_execute_ursa_signed_char_unsigned_short_unsigned_char_unsigned_short_i_185' is power-on initialization.
WARNING: [RTGEN 206-101] Register 'mxm_execute_ursa_signed_char_unsigned_short_unsigned_char_unsigned_short_i_184' is power-on initialization.
WARNING: [RTGEN 206-101] Register 'mxm_execute_ursa_signed_char_unsigned_short_unsigned_char_unsigned_short_i_183' is power-on initialization.
WARNING: [RTGEN 206-101] Register 'mxm_execute_ursa_signed_char_unsigned_short_unsigned_char_unsigned_short_i_182' is power-on initialization.
WARNING: [RTGEN 206-101] Register 'mxm_execute_ursa_signed_char_unsigned_short_unsigned_char_unsigned_short_i_181' is power-on initialization.
WARNING: [RTGEN 206-101] Register 'mxm_execute_ursa_signed_char_unsigned_short_unsigned_char_unsigned_short_i_180' is power-on initialization.
WARNING: [RTGEN 206-101] Register 'mxm_execute_ursa_signed_char_unsigned_short_unsigned_char_unsigned_short_i_179' is power-on initialization.
WARNING: [RTGEN 206-101] Register 'mxm_execute_ursa_signed_char_unsigned_short_unsigned_char_unsigned_short_i_178' is power-on initialization.
WARNING: [RTGEN 206-101] Register 'mxm_execute_ursa_signed_char_unsigned_short_unsigned_char_unsigned_short_i_4' is power-on initialization.
WARNING: [RTGEN 206-101] Register 'mxm_execute_ursa_signed_char_unsigned_short_unsigned_char_unsigned_short_i_13' is power-on initialization.
WARNING: [RTGEN 206-101] Register 'mxm_execute_ursa_signed_char_unsigned_short_unsigned_char_unsigned_short_i_22' is power-on initialization.
WARNING: [RTGEN 206-101] Register 'mxm_execute_ursa_signed_char_unsigned_short_unsigned_char_unsigned_short_i_30' is power-on initialization.
WARNING: [RTGEN 206-101] Register 'mxm_execute_ursa_signed_char_unsigned_short_unsigned_char_unsigned_short_i_39' is power-on initialization.
WARNING: [RTGEN 206-101] Register 'mxm_execute_ursa_signed_char_unsigned_short_unsigned_char_unsigned_short_i_40' is power-on initialization.
WARNING: [RTGEN 206-101] Register 'mxm_execute_ursa_signed_char_unsigned_short_unsigned_char_unsigned_short_i_41' is power-on initialization.
WARNING: [RTGEN 206-101] Register 'mxm_execute_ursa_signed_char_unsigned_short_unsigned_char_unsigned_short_i_42' is power-on initialization.
WARNING: [RTGEN 206-101] Register 'mxm_execute_ursa_signed_char_unsigned_short_unsigned_char_unsigned_short_i_44' is power-on initialization.
WARNING: [RTGEN 206-101] Register 'mxm_execute_ursa_signed_char_unsigned_short_unsigned_char_unsigned_short_i_45' is power-on initialization.
WARNING: [RTGEN 206-101] Register 'mxm_execute_ursa_signed_char_unsigned_short_unsigned_char_unsigned_short_i_46' is power-on initialization.
WARNING: [RTGEN 206-101] Register 'mxm_execute_ursa_signed_char_unsigned_short_unsigned_char_unsigned_short_i_47' is power-on initialization.
WARNING: [RTGEN 206-101] Register 'mxm_execute_ursa_signed_char_unsigned_short_unsigned_char_unsigned_short_i_48' is power-on initialization.
WARNING: [RTGEN 206-101] Register 'mxm_execute_ursa_signed_char_unsigned_short_unsigned_char_unsigned_short_i_49' is power-on initialization.
WARNING: [RTGEN 206-101] Register 'mxm_execute_ursa_signed_char_unsigned_short_unsigned_char_unsigned_short_i_50' is power-on initialization.
WARNING: [RTGEN 206-101] Register 'mxm_execute_ursa_signed_char_unsigned_short_unsigned_char_unsigned_short_i_51' is power-on initialization.
WARNING: [RTGEN 206-101] Register 'mxm_execute_ursa_signed_char_unsigned_short_unsigned_char_unsigned_short_i_52' is power-on initialization.
WARNING: [RTGEN 206-101] Register 'mxm_execute_ursa_signed_char_unsigned_short_unsigned_char_unsigned_short_i_53' is power-on initialization.
WARNING: [RTGEN 206-101] Register 'mxm_execute_ursa_signed_char_unsigned_short_unsigned_char_unsigned_short_i_55' is power-on initialization.
WARNING: [RTGEN 206-101] Register 'mxm_execute_ursa_signed_char_unsigned_short_unsigned_char_unsigned_short_i_56' is power-on initialization.
WARNING: [RTGEN 206-101] Register 'mxm_execute_ursa_signed_char_unsigned_short_unsigned_char_unsigned_short_i_57' is power-on initialization.
WARNING: [RTGEN 206-101] Register 'mxm_execute_ursa_signed_char_unsigned_short_unsigned_char_unsigned_short_i_58' is power-on initialization.
WARNING: [RTGEN 206-101] Register 'mxm_execute_ursa_signed_char_unsigned_short_unsigned_char_unsigned_short_i_59' is power-on initialization.
WARNING: [RTGEN 206-101] Register 'mxm_execute_ursa_signed_char_unsigned_short_unsigned_char_unsigned_short_i_60' is power-on initialization.
WARNING: [RTGEN 206-101] Register 'mxm_execute_ursa_signed_char_unsigned_short_unsigned_char_unsigned_short_i_61' is power-on initialization.
WARNING: [RTGEN 206-101] Register 'mxm_execute_ursa_signed_char_unsigned_short_unsigned_char_unsigned_short_i_62' is power-on initialization.
WARNING: [RTGEN 206-101] Register 'mxm_execute_ursa_signed_char_unsigned_short_unsigned_char_unsigned_short_i_63' is power-on initialization.
WARNING: [RTGEN 206-101] Register 'mxm_execute_ursa_signed_char_unsigned_short_unsigned_char_unsigned_short_i_64' is power-on initialization.
WARNING: [RTGEN 206-101] Register 'mxm_execute_ursa_signed_char_unsigned_short_unsigned_char_unsigned_short_i_66' is power-on initialization.
WARNING: [RTGEN 206-101] Register 'mxm_execute_ursa_signed_char_unsigned_short_unsigned_char_unsigned_short_i_67' is power-on initialization.
WARNING: [RTGEN 206-101] Register 'mxm_execute_ursa_signed_char_unsigned_short_unsigned_char_unsigned_short_i_68' is power-on initialization.
WARNING: [RTGEN 206-101] Register 'mxm_execute_ursa_signed_char_unsigned_short_unsigned_char_unsigned_short_i_69' is power-on initialization.
WARNING: [RTGEN 206-101] Register 'mxm_execute_ursa_signed_char_unsigned_short_unsigned_char_unsigned_short_i_70' is power-on initialization.
WARNING: [RTGEN 206-101] Register 'mxm_execute_ursa_signed_char_unsigned_short_unsigned_char_unsigned_short_i_71' is power-on initialization.
WARNING: [RTGEN 206-101] Register 'mxm_execute_ursa_signed_char_unsigned_short_unsigned_char_unsigned_short_i_72' is power-on initialization.
WARNING: [RTGEN 206-101] Register 'mxm_execute_ursa_signed_char_unsigned_short_unsigned_char_unsigned_short_i_73' is power-on initialization.
WARNING: [RTGEN 206-101] Register 'mxm_execute_ursa_signed_char_unsigned_short_unsigned_char_unsigned_short_i_74' is power-on initialization.
WARNING: [RTGEN 206-101] Register 'mxm_execute_ursa_signed_char_unsigned_short_unsigned_char_unsigned_short_i_75' is power-on initialization.
WARNING: [RTGEN 206-101] Register 'mxm_execute_ursa_signed_char_unsigned_short_unsigned_char_unsigned_short_i_77' is power-on initialization.
WARNING: [RTGEN 206-101] Register 'mxm_execute_ursa_signed_char_unsigned_short_unsigned_char_unsigned_short_i_78' is power-on initialization.
WARNING: [RTGEN 206-101] Register 'mxm_execute_ursa_signed_char_unsigned_short_unsigned_char_unsigned_short_i_79' is power-on initialization.
WARNING: [RTGEN 206-101] Register 'mxm_execute_ursa_signed_char_unsigned_short_unsigned_char_unsigned_short_i_80' is power-on initialization.
WARNING: [RTGEN 206-101] Register 'mxm_execute_ursa_signed_char_unsigned_short_unsigned_char_unsigned_short_i_81' is power-on initialization.
WARNING: [RTGEN 206-101] Register 'mxm_execute_ursa_signed_char_unsigned_short_unsigned_char_unsigned_short_i_82' is power-on initialization.
WARNING: [RTGEN 206-101] Register 'mxm_execute_ursa_signed_char_unsigned_short_unsigned_char_unsigned_short_i_83' is power-on initialization.
WARNING: [RTGEN 206-101] Register 'mxm_execute_ursa_signed_char_unsigned_short_unsigned_char_unsigned_short_i_84' is power-on initialization.
WARNING: [RTGEN 206-101] Register 'mxm_execute_ursa_signed_char_unsigned_short_unsigned_char_unsigned_short_i_85' is power-on initialization.
WARNING: [RTGEN 206-101] Register 'mxm_execute_ursa_signed_char_unsigned_short_unsigned_char_unsigned_short_i_86' is power-on initialization.
WARNING: [RTGEN 206-101] Register 'mxm_execute_ursa_signed_char_unsigned_short_unsigned_char_unsigned_short_i_88' is power-on initialization.
WARNING: [RTGEN 206-101] Register 'mxm_execute_ursa_signed_char_unsigned_short_unsigned_char_unsigned_short_i_89' is power-on initialization.
WARNING: [RTGEN 206-101] Register 'mxm_execute_ursa_signed_char_unsigned_short_unsigned_char_unsigned_short_i_96' is power-on initialization.
WARNING: [RTGEN 206-101] Register 'mxm_execute_ursa_signed_char_unsigned_short_unsigned_char_unsigned_short_i_243' is power-on initialization.
WARNING: [RTGEN 206-101] Register 'mxm_execute_ursa_signed_char_unsigned_short_unsigned_char_unsigned_short_i_232' is power-on initialization.
WARNING: [RTGEN 206-101] Register 'mxm_execute_ursa_signed_char_unsigned_short_unsigned_char_unsigned_short_i_221' is power-on initialization.
WARNING: [RTGEN 206-101] Register 'mxm_execute_ursa_signed_char_unsigned_short_unsigned_char_unsigned_short_i_210' is power-on initialization.
WARNING: [RTGEN 206-101] Register 'mxm_execute_ursa_signed_char_unsigned_short_unsigned_char_unsigned_short_i_199' is power-on initialization.
WARNING: [RTGEN 206-101] Register 'mxm_execute_ursa_signed_char_unsigned_short_unsigned_char_unsigned_short_i_188' is power-on initialization.
WARNING: [RTGEN 206-101] Register 'mxm_execute_ursa_signed_char_unsigned_short_unsigned_char_unsigned_short_i_177' is power-on initialization.
WARNING: [RTGEN 206-101] Register 'mxm_execute_ursa_signed_char_unsigned_short_unsigned_char_unsigned_short_i_10' is power-on initialization.
WARNING: [RTGEN 206-101] Register 'mxm_execute_ursa_signed_char_unsigned_short_unsigned_char_unsigned_short_i_21' is power-on initialization.
WARNING: [RTGEN 206-101] Register 'mxm_execute_ursa_signed_char_unsigned_short_unsigned_char_unsigned_short_i_32' is power-on initialization.
WARNING: [RTGEN 206-101] Register 'mxm_execute_ursa_signed_char_unsigned_short_unsigned_char_unsigned_short_i_43' is power-on initialization.
WARNING: [RTGEN 206-101] Register 'mxm_execute_ursa_signed_char_unsigned_short_unsigned_char_unsigned_short_i_54' is power-on initialization.
WARNING: [RTGEN 206-101] Register 'mxm_execute_ursa_signed_char_unsigned_short_unsigned_char_unsigned_short_i_65' is power-on initialization.
WARNING: [RTGEN 206-101] Register 'mxm_execute_ursa_signed_char_unsigned_short_unsigned_char_unsigned_short_i_76' is power-on initialization.
WARNING: [RTGEN 206-101] Register 'mxm_execute_ursa_signed_char_unsigned_short_unsigned_char_unsigned_short_i_87' is power-on initialization.
WARNING: [RTGEN 206-101] Register 'mxm_execute_ursa_signed_char_unsigned_short_unsigned_char_unsigned_short_i_176' is power-on initialization.
WARNING: [RTGEN 206-101] Register 'mxm_execute_ursa_signed_char_unsigned_short_unsigned_char_unsigned_short_i_175' is power-on initialization.
INFO: [RTGEN 206-100] Bundling port 'return', 'b0_q' and 'm' to AXI-Lite port ap.
INFO: [RTGEN 206-100] Bundling port 'addr_a0', 'addr_b0' and 'addr_c0' to AXI-Lite port control.
INFO: [RTGEN 206-100] Generating core module 'mul_13ns_16ns_29_1_1': 2 instance(s).
INFO: [RTGEN 206-100] Generating core module 'mul_14ns_14ns_28_1_1': 1 instance(s).
INFO: [RTGEN 206-100] Finished creating RTL model for 'mxm_execute_ursa'.
INFO: [RTMG 210-278] Implementing memory 'mxm_execute_ursa_c_tile_acc_RAM_AUTO_1R1W' using auto RAMs.
INFO: [HLS 200-111] Finished Creating RTL model: CPU user time: 0.25 seconds. CPU system time: 0.02 seconds. Elapsed time: 0.27 seconds; current allocated memory: 432.047 MB.
INFO: [HLS 200-111] Finished Generating all RTL models: CPU user time: 0.23 seconds. CPU system time: 0.02 seconds. Elapsed time: 0.25 seconds; current allocated memory: 441.176 MB.
INFO: [HLS 200-111] Finished Updating report files: CPU user time: 0.6 seconds. CPU system time: 0.01 seconds. Elapsed time: 0.61 seconds; current allocated memory: 454.289 MB.
INFO: [VHDL 208-304] Generating VHDL RTL for mxm_execute_ursa.
INFO: [VLOG 209-307] Generating Verilog RTL for mxm_execute_ursa.
INFO: [HLS 200-790] **** Loop Constraint Status: All loop constraints were NOT satisfied.
INFO: [HLS 200-789] **** Estimated Fmax: 122.96 MHz
INFO: [HLS 200-111] Finished Command csynth_design CPU user time: 8.86 seconds. CPU system time: 0.8 seconds. Elapsed time: 14.09 seconds; current allocated memory: 181.195 MB.
INFO: [HLS 200-1510] Running: close_project 
INFO: [HLS 200-112] Total CPU user time: 9.65 seconds. Total CPU system time: 0.87 seconds. Total elapsed time: 14.85 seconds; peak allocated memory: 455.613 MB.
INFO: [Common 17-206] Exiting vitis_hls at Fri Aug  7 15:00:24 2026...
INFO: [v++ 60-791] Total elapsed time: 0h 0m 17s
