Wed Jul 22 10:23:08 2026: Running xcd server. This server was built by gradle.
Wed Jul 22 10:23:08 2026: Server was asked to start on port: '40763'
Wed Jul 22 10:23:08 2026: Server is using token UUID: 'c519471b-fe8d-4ce7-9ee7-085d8054d568'
Wed Jul 22 10:23:08 2026: SESSION_MGR: creating session with session uuid: '6d04a3e9-ade5-4ab9-8d63-1f78fcd2ec76' and name 'default'
Wed Jul 22 10:23:08 2026: Attempting to start server on port '40763'
Wed Jul 22 10:23:08 2026: XCD main fifo: created main fifo '/tmp/xcdmainc519471b-fe8d-4ce7-9ee7-085d8054d568', fd read = 13
Wed Jul 22 10:23:08 2026: Running Dispatch Server
Wed Jul 22 10:23:08 2026: Version 2.2.0
Wed Jul 22 10:23:11 2026: Dispatch Server: Accepted socket connection from client
Wed Jul 22 10:23:11 2026: Starting Socket connection
Wed Jul 22 10:23:11 2026: EXCHANGE_TOKEN received, server token: c519471b-fe8d-4ce7-9ee7-085d8054d568, passed token: c519471b-fe8d-4ce7-9ee7-085d8054d568
Wed Jul 22 10:23:11 2026: DISPATCH_HANDLER: Adding handler from function makeHandler in library libxv_system_diagram
Wed Jul 22 10:23:11 2026: SESSION_MGR: creating session with session uuid: '650180fd-073c-496b-a0ef-dfa8c32daa2c' and name 'vitis-run_compile_mxm_execute_ursa'
Wed Jul 22 10:23:11 2026: KERNEL_SVC: creating session with uuid: '650180fd-073c-496b-a0ef-dfa8c32daa2c' and name 'vitis-run_compile_mxm_execute_ursa'
Wed Jul 22 10:23:11 2026: GUIDANCE_SMGR: creating guidance session with uuid: '650180fd-073c-496b-a0ef-dfa8c32daa2c' and name 'vitis-run_compile_mxm_execute_ursa'
Wed Jul 22 10:23:11 2026: SYSTEM_DIAGRAM: creating session with uuid: '650180fd-073c-496b-a0ef-dfa8c32daa2c' and name 'vitis-run_compile_mxm_execute_ursa'
Wed Jul 22 10:23:12 2026: Dispatch Server: Accepted socket connection from client
Wed Jul 22 10:23:12 2026: Starting Socket connection
Wed Jul 22 10:23:12 2026: SESSION_MGR: closing session for UUID '650180fd-073c-496b-a0ef-dfa8c32daa2c' with name 'vitis-run_compile_mxm_execute_ursa'
Wed Jul 22 10:23:12 2026: KERNEL_SVC: closing session for UUID '650180fd-073c-496b-a0ef-dfa8c32daa2c' with name 'vitis-run_compile_mxm_execute_ursa'
Wed Jul 22 10:23:12 2026: GUIDANCE_SMGR: closing session for UUID '650180fd-073c-496b-a0ef-dfa8c32daa2c' with name 'vitis-run_compile_mxm_execute_ursa'
Wed Jul 22 10:23:12 2026: SYSTEM_DIAGRAM: closing session for UUID '650180fd-073c-496b-a0ef-dfa8c32daa2c' with name 'vitis-run_compile_mxm_execute_ursa'
Wed Jul 22 10:23:12 2026: STOP_SERVER received, server token: c519471b-fe8d-4ce7-9ee7-085d8054d568, passed token: c519471b-fe8d-4ce7-9ee7-085d8054d568
Wed Jul 22 10:23:12 2026: Socket received request to stop server.
Wed Jul 22 10:23:12 2026: Dispatch Server: do_await_stop
Wed Jul 22 10:23:12 2026: Dispatch Server: stopping mainFifo_
Wed Jul 22 10:23:12 2026: XCD main fifo: Stopping
Wed Jul 22 10:23:12 2026: XCD main fifo: do_read error code: Operation canceled
Wed Jul 22 10:23:12 2026: XCD main fifo: bytes_transferred: 0
Wed Jul 22 10:23:12 2026: SERVER: destructor for server bound to port 40763
Wed Jul 22 10:23:12 2026: XCD main fifo: Good unlink of /tmp/xcdmainc519471b-fe8d-4ce7-9ee7-085d8054d568
Wed Jul 22 10:23:12 2026: Server exiting with status 0.
Wed Jul 22 10:23:12 2026: Closing log file.
Wed Jul 22 10:23:21 2026: Running xcd server. This server was built by gradle.
Wed Jul 22 10:23:21 2026: Server was asked to start on port: '33301'
Wed Jul 22 10:23:21 2026: Server is using token UUID: '04ecb421-ceeb-40e9-abff-d129d4a83fa8'
Wed Jul 22 10:23:21 2026: SESSION_MGR: creating session with session uuid: '6d04a3e9-ade5-4ab9-8d63-1f78fcd2ec76' and name 'default'
Wed Jul 22 10:23:21 2026: Attempting to start server on port '33301'
Wed Jul 22 10:23:21 2026: XCD main fifo: created main fifo '/tmp/xcdmain04ecb421-ceeb-40e9-abff-d129d4a83fa8', fd read = 13
Wed Jul 22 10:23:21 2026: Running Dispatch Server
Wed Jul 22 10:23:21 2026: Version 2.2.0
Wed Jul 22 10:23:23 2026: Dispatch Server: Accepted socket connection from client
Wed Jul 22 10:23:23 2026: Starting Socket connection
Wed Jul 22 10:23:23 2026: EXCHANGE_TOKEN received, server token: 04ecb421-ceeb-40e9-abff-d129d4a83fa8, passed token: 04ecb421-ceeb-40e9-abff-d129d4a83fa8
Wed Jul 22 10:23:24 2026: DISPATCH_HANDLER: Adding handler from function makeHandler in library libxv_system_diagram
Wed Jul 22 10:23:24 2026: SESSION_MGR: creating session with session uuid: 'd6b44ef0-6233-49f7-a2fb-52f11865e33a' and name 'v++_compile_mxm_execute_ursa'
Wed Jul 22 10:23:24 2026: KERNEL_SVC: creating session with uuid: 'd6b44ef0-6233-49f7-a2fb-52f11865e33a' and name 'v++_compile_mxm_execute_ursa'
Wed Jul 22 10:23:24 2026: GUIDANCE_SMGR: creating guidance session with uuid: 'd6b44ef0-6233-49f7-a2fb-52f11865e33a' and name 'v++_compile_mxm_execute_ursa'
Wed Jul 22 10:23:24 2026: SYSTEM_DIAGRAM: creating session with uuid: 'd6b44ef0-6233-49f7-a2fb-52f11865e33a' and name 'v++_compile_mxm_execute_ursa'
Wed Jul 22 10:23:25 2026: Dispatch Server: Accepted socket connection from client
Wed Jul 22 10:23:25 2026: Starting Socket connection
Wed Jul 22 10:23:38 2026: SESSION_MGR: closing session for UUID 'd6b44ef0-6233-49f7-a2fb-52f11865e33a' with name 'v++_compile_mxm_execute_ursa'
Wed Jul 22 10:23:38 2026: KERNEL_SVC: closing session for UUID 'd6b44ef0-6233-49f7-a2fb-52f11865e33a' with name 'v++_compile_mxm_execute_ursa'
Wed Jul 22 10:23:38 2026: GUIDANCE_SMGR: closing session for UUID 'd6b44ef0-6233-49f7-a2fb-52f11865e33a' with name 'v++_compile_mxm_execute_ursa'
Wed Jul 22 10:23:38 2026: SYSTEM_DIAGRAM: closing session for UUID 'd6b44ef0-6233-49f7-a2fb-52f11865e33a' with name 'v++_compile_mxm_execute_ursa'
Wed Jul 22 10:23:38 2026: STOP_SERVER received, server token: 04ecb421-ceeb-40e9-abff-d129d4a83fa8, passed token: 04ecb421-ceeb-40e9-abff-d129d4a83fa8
Wed Jul 22 10:23:38 2026: Socket received request to stop server.
Wed Jul 22 10:23:38 2026: Dispatch Server: do_await_stop
Wed Jul 22 10:23:38 2026: Dispatch Server: stopping mainFifo_
Wed Jul 22 10:23:38 2026: XCD main fifo: Stopping
Wed Jul 22 10:23:38 2026: XCD main fifo: do_read error code: Operation canceled
Wed Jul 22 10:23:38 2026: XCD main fifo: bytes_transferred: 0
Wed Jul 22 10:23:38 2026: SERVER: destructor for server bound to port 33301
Wed Jul 22 10:23:38 2026: XCD main fifo: Good unlink of /tmp/xcdmain04ecb421-ceeb-40e9-abff-d129d4a83fa8
Wed Jul 22 10:23:38 2026: Server exiting with status 0.
Wed Jul 22 10:23:38 2026: Closing log file.
Wed Jul 22 10:24:15 2026: Running xcd server. This server was built by gradle.
Wed Jul 22 10:24:15 2026: Server was asked to start on port: '40005'
Wed Jul 22 10:24:15 2026: Server is using token UUID: '420e3bc6-b521-4db4-96bd-1b8935592c31'
Wed Jul 22 10:24:15 2026: SESSION_MGR: creating session with session uuid: '6d04a3e9-ade5-4ab9-8d63-1f78fcd2ec76' and name 'default'
Wed Jul 22 10:24:15 2026: Attempting to start server on port '40005'
Wed Jul 22 10:24:15 2026: XCD main fifo: created main fifo '/tmp/xcdmain420e3bc6-b521-4db4-96bd-1b8935592c31', fd read = 13
Wed Jul 22 10:24:15 2026: Running Dispatch Server
Wed Jul 22 10:24:15 2026: Version 2.2.0
Wed Jul 22 10:24:17 2026: Dispatch Server: Accepted socket connection from client
Wed Jul 22 10:24:17 2026: Starting Socket connection
Wed Jul 22 10:24:17 2026: EXCHANGE_TOKEN received, server token: 420e3bc6-b521-4db4-96bd-1b8935592c31, passed token: 420e3bc6-b521-4db4-96bd-1b8935592c31
Wed Jul 22 10:24:17 2026: DISPATCH_HANDLER: Adding handler from function makeHandler in library libxv_system_diagram
Wed Jul 22 10:24:17 2026: SESSION_MGR: creating session with session uuid: 'a26e2d40-7d31-49c9-b083-84b3907b2ae9' and name 'vitis-run_compile_mxm_execute_ursa'
Wed Jul 22 10:24:17 2026: KERNEL_SVC: creating session with uuid: 'a26e2d40-7d31-49c9-b083-84b3907b2ae9' and name 'vitis-run_compile_mxm_execute_ursa'
Wed Jul 22 10:24:17 2026: GUIDANCE_SMGR: creating guidance session with uuid: 'a26e2d40-7d31-49c9-b083-84b3907b2ae9' and name 'vitis-run_compile_mxm_execute_ursa'
Wed Jul 22 10:24:17 2026: SYSTEM_DIAGRAM: creating session with uuid: 'a26e2d40-7d31-49c9-b083-84b3907b2ae9' and name 'vitis-run_compile_mxm_execute_ursa'
Wed Jul 22 10:24:18 2026: Dispatch Server: Accepted socket connection from client
Wed Jul 22 10:24:18 2026: Starting Socket connection
Wed Jul 22 10:24:27 2026: SESSION_MGR: closing session for UUID 'a26e2d40-7d31-49c9-b083-84b3907b2ae9' with name 'vitis-run_compile_mxm_execute_ursa'
Wed Jul 22 10:24:27 2026: KERNEL_SVC: closing session for UUID 'a26e2d40-7d31-49c9-b083-84b3907b2ae9' with name 'vitis-run_compile_mxm_execute_ursa'
Wed Jul 22 10:24:27 2026: GUIDANCE_SMGR: closing session for UUID 'a26e2d40-7d31-49c9-b083-84b3907b2ae9' with name 'vitis-run_compile_mxm_execute_ursa'
Wed Jul 22 10:24:27 2026: SYSTEM_DIAGRAM: closing session for UUID 'a26e2d40-7d31-49c9-b083-84b3907b2ae9' with name 'vitis-run_compile_mxm_execute_ursa'
Wed Jul 22 10:24:27 2026: STOP_SERVER received, server token: 420e3bc6-b521-4db4-96bd-1b8935592c31, passed token: 420e3bc6-b521-4db4-96bd-1b8935592c31
Wed Jul 22 10:24:27 2026: Socket received request to stop server.
Wed Jul 22 10:24:27 2026: Dispatch Server: do_await_stop
Wed Jul 22 10:24:27 2026: Dispatch Server: stopping mainFifo_
Wed Jul 22 10:24:27 2026: XCD main fifo: Stopping
Wed Jul 22 10:24:27 2026: XCD main fifo: do_read error code: Operation canceled
Wed Jul 22 10:24:27 2026: XCD main fifo: bytes_transferred: 0
Wed Jul 22 10:24:27 2026: SERVER: destructor for server bound to port 40005
Wed Jul 22 10:24:27 2026: XCD main fifo: Good unlink of /tmp/xcdmain420e3bc6-b521-4db4-96bd-1b8935592c31
Wed Jul 22 10:24:27 2026: Server exiting with status 0.
Wed Jul 22 10:24:27 2026: Closing log file.
Wed Jul 22 13:28:01 2026: Running xcd server. This server was built by gradle.
Wed Jul 22 13:28:01 2026: Server was asked to start on port: '36821'
Wed Jul 22 13:28:01 2026: Server is using token UUID: 'ba4db790-56b5-46b6-826a-a8163ed6b4c9'
Wed Jul 22 13:28:01 2026: SESSION_MGR: creating session with session uuid: '6d04a3e9-ade5-4ab9-8d63-1f78fcd2ec76' and name 'default'
Wed Jul 22 13:28:01 2026: Attempting to start server on port '36821'
Wed Jul 22 13:28:01 2026: XCD main fifo: created main fifo '/tmp/xcdmainba4db790-56b5-46b6-826a-a8163ed6b4c9', fd read = 13
Wed Jul 22 13:28:01 2026: Running Dispatch Server
Wed Jul 22 13:28:01 2026: Version 2.2.0
Wed Jul 22 13:28:03 2026: Dispatch Server: Accepted socket connection from client
Wed Jul 22 13:28:03 2026: Starting Socket connection
Wed Jul 22 13:28:03 2026: EXCHANGE_TOKEN received, server token: ba4db790-56b5-46b6-826a-a8163ed6b4c9, passed token: ba4db790-56b5-46b6-826a-a8163ed6b4c9
Wed Jul 22 13:28:03 2026: DISPATCH_HANDLER: Adding handler from function makeHandler in library libxv_system_diagram
Wed Jul 22 13:28:03 2026: SESSION_MGR: creating session with session uuid: '3659f62c-38f8-40fc-acdd-9fb0fa26c07b' and name 'vitis-run_compile_mxm_execute_ursa'
Wed Jul 22 13:28:03 2026: KERNEL_SVC: creating session with uuid: '3659f62c-38f8-40fc-acdd-9fb0fa26c07b' and name 'vitis-run_compile_mxm_execute_ursa'
Wed Jul 22 13:28:03 2026: GUIDANCE_SMGR: creating guidance session with uuid: '3659f62c-38f8-40fc-acdd-9fb0fa26c07b' and name 'vitis-run_compile_mxm_execute_ursa'
Wed Jul 22 13:28:03 2026: SYSTEM_DIAGRAM: creating session with uuid: '3659f62c-38f8-40fc-acdd-9fb0fa26c07b' and name 'vitis-run_compile_mxm_execute_ursa'
Wed Jul 22 13:28:04 2026: Dispatch Server: Accepted socket connection from client
Wed Jul 22 13:28:04 2026: Starting Socket connection
Wed Jul 22 13:28:04 2026: SESSION_MGR: closing session for UUID '3659f62c-38f8-40fc-acdd-9fb0fa26c07b' with name 'vitis-run_compile_mxm_execute_ursa'
Wed Jul 22 13:28:04 2026: KERNEL_SVC: closing session for UUID '3659f62c-38f8-40fc-acdd-9fb0fa26c07b' with name 'vitis-run_compile_mxm_execute_ursa'
Wed Jul 22 13:28:04 2026: GUIDANCE_SMGR: closing session for UUID '3659f62c-38f8-40fc-acdd-9fb0fa26c07b' with name 'vitis-run_compile_mxm_execute_ursa'
Wed Jul 22 13:28:04 2026: SYSTEM_DIAGRAM: closing session for UUID '3659f62c-38f8-40fc-acdd-9fb0fa26c07b' with name 'vitis-run_compile_mxm_execute_ursa'
Wed Jul 22 13:28:04 2026: STOP_SERVER received, server token: ba4db790-56b5-46b6-826a-a8163ed6b4c9, passed token: ba4db790-56b5-46b6-826a-a8163ed6b4c9
Wed Jul 22 13:28:04 2026: Socket received request to stop server.
Wed Jul 22 13:28:04 2026: Dispatch Server: do_await_stop
Wed Jul 22 13:28:04 2026: Dispatch Server: stopping mainFifo_
Wed Jul 22 13:28:04 2026: XCD main fifo: Stopping
Wed Jul 22 13:28:04 2026: XCD main fifo: do_read error code: Operation canceled
Wed Jul 22 13:28:04 2026: XCD main fifo: bytes_transferred: 0
Wed Jul 22 13:28:04 2026: SERVER: destructor for server bound to port 36821
Wed Jul 22 13:28:04 2026: XCD main fifo: Good unlink of /tmp/xcdmainba4db790-56b5-46b6-826a-a8163ed6b4c9
Wed Jul 22 13:28:04 2026: Server exiting with status 0.
Wed Jul 22 13:28:04 2026: Closing log file.
Wed Jul 22 13:28:10 2026: Running xcd server. This server was built by gradle.
Wed Jul 22 13:28:10 2026: Server was asked to start on port: '35481'
Wed Jul 22 13:28:10 2026: Server is using token UUID: '16ed678d-c4cc-4e84-94a3-c23055d48ce7'
Wed Jul 22 13:28:10 2026: SESSION_MGR: creating session with session uuid: '6d04a3e9-ade5-4ab9-8d63-1f78fcd2ec76' and name 'default'
Wed Jul 22 13:28:10 2026: Attempting to start server on port '35481'
Wed Jul 22 13:28:10 2026: XCD main fifo: created main fifo '/tmp/xcdmain16ed678d-c4cc-4e84-94a3-c23055d48ce7', fd read = 13
Wed Jul 22 13:28:10 2026: Running Dispatch Server
Wed Jul 22 13:28:10 2026: Version 2.2.0
Wed Jul 22 13:28:12 2026: Dispatch Server: Accepted socket connection from client
Wed Jul 22 13:28:12 2026: Starting Socket connection
Wed Jul 22 13:28:12 2026: EXCHANGE_TOKEN received, server token: 16ed678d-c4cc-4e84-94a3-c23055d48ce7, passed token: 16ed678d-c4cc-4e84-94a3-c23055d48ce7
Wed Jul 22 13:28:12 2026: DISPATCH_HANDLER: Adding handler from function makeHandler in library libxv_system_diagram
Wed Jul 22 13:28:12 2026: SESSION_MGR: creating session with session uuid: '3713bf88-8cfa-4ea6-855f-21d6e06564f4' and name 'v++_compile_mxm_execute_ursa'
Wed Jul 22 13:28:12 2026: KERNEL_SVC: creating session with uuid: '3713bf88-8cfa-4ea6-855f-21d6e06564f4' and name 'v++_compile_mxm_execute_ursa'
Wed Jul 22 13:28:12 2026: GUIDANCE_SMGR: creating guidance session with uuid: '3713bf88-8cfa-4ea6-855f-21d6e06564f4' and name 'v++_compile_mxm_execute_ursa'
Wed Jul 22 13:28:12 2026: SYSTEM_DIAGRAM: creating session with uuid: '3713bf88-8cfa-4ea6-855f-21d6e06564f4' and name 'v++_compile_mxm_execute_ursa'
Wed Jul 22 13:28:13 2026: Dispatch Server: Accepted socket connection from client
Wed Jul 22 13:28:13 2026: Starting Socket connection
Wed Jul 22 13:28:26 2026: SESSION_MGR: closing session for UUID '3713bf88-8cfa-4ea6-855f-21d6e06564f4' with name 'v++_compile_mxm_execute_ursa'
Wed Jul 22 13:28:26 2026: KERNEL_SVC: closing session for UUID '3713bf88-8cfa-4ea6-855f-21d6e06564f4' with name 'v++_compile_mxm_execute_ursa'
Wed Jul 22 13:28:26 2026: GUIDANCE_SMGR: closing session for UUID '3713bf88-8cfa-4ea6-855f-21d6e06564f4' with name 'v++_compile_mxm_execute_ursa'
Wed Jul 22 13:28:26 2026: SYSTEM_DIAGRAM: closing session for UUID '3713bf88-8cfa-4ea6-855f-21d6e06564f4' with name 'v++_compile_mxm_execute_ursa'
Wed Jul 22 13:28:26 2026: STOP_SERVER received, server token: 16ed678d-c4cc-4e84-94a3-c23055d48ce7, passed token: 16ed678d-c4cc-4e84-94a3-c23055d48ce7
Wed Jul 22 13:28:26 2026: Socket received request to stop server.
Wed Jul 22 13:28:26 2026: Dispatch Server: do_await_stop
Wed Jul 22 13:28:26 2026: Dispatch Server: stopping mainFifo_
Wed Jul 22 13:28:26 2026: XCD main fifo: Stopping
Wed Jul 22 13:28:26 2026: XCD main fifo: do_read error code: Operation canceled
Wed Jul 22 13:28:26 2026: XCD main fifo: bytes_transferred: 0
Wed Jul 22 13:28:26 2026: SERVER: destructor for server bound to port 35481
Wed Jul 22 13:28:26 2026: XCD main fifo: Good unlink of /tmp/xcdmain16ed678d-c4cc-4e84-94a3-c23055d48ce7
Wed Jul 22 13:28:26 2026: Server exiting with status 0.
Wed Jul 22 13:28:26 2026: Closing log file.
Wed Jul 22 13:28:30 2026: Running xcd server. This server was built by gradle.
Wed Jul 22 13:28:30 2026: Server was asked to start on port: '32955'
Wed Jul 22 13:28:30 2026: Server is using token UUID: '7ece40d7-aa29-424a-bf14-74bad4c9b499'
Wed Jul 22 13:28:30 2026: SESSION_MGR: creating session with session uuid: '6d04a3e9-ade5-4ab9-8d63-1f78fcd2ec76' and name 'default'
Wed Jul 22 13:28:30 2026: Attempting to start server on port '32955'
Wed Jul 22 13:28:30 2026: XCD main fifo: created main fifo '/tmp/xcdmain7ece40d7-aa29-424a-bf14-74bad4c9b499', fd read = 13
Wed Jul 22 13:28:30 2026: Running Dispatch Server
Wed Jul 22 13:28:30 2026: Version 2.2.0
Wed Jul 22 13:28:32 2026: Dispatch Server: Accepted socket connection from client
Wed Jul 22 13:28:32 2026: Starting Socket connection
Wed Jul 22 13:28:32 2026: EXCHANGE_TOKEN received, server token: 7ece40d7-aa29-424a-bf14-74bad4c9b499, passed token: 7ece40d7-aa29-424a-bf14-74bad4c9b499
Wed Jul 22 13:28:33 2026: DISPATCH_HANDLER: Adding handler from function makeHandler in library libxv_system_diagram
Wed Jul 22 13:28:33 2026: SESSION_MGR: creating session with session uuid: '5095017b-64c9-4129-9f33-9c2f3edb3fd4' and name 'vitis-run_compile_mxm_execute_ursa'
Wed Jul 22 13:28:33 2026: KERNEL_SVC: creating session with uuid: '5095017b-64c9-4129-9f33-9c2f3edb3fd4' and name 'vitis-run_compile_mxm_execute_ursa'
Wed Jul 22 13:28:33 2026: GUIDANCE_SMGR: creating guidance session with uuid: '5095017b-64c9-4129-9f33-9c2f3edb3fd4' and name 'vitis-run_compile_mxm_execute_ursa'
Wed Jul 22 13:28:33 2026: SYSTEM_DIAGRAM: creating session with uuid: '5095017b-64c9-4129-9f33-9c2f3edb3fd4' and name 'vitis-run_compile_mxm_execute_ursa'
Wed Jul 22 13:28:34 2026: Dispatch Server: Accepted socket connection from client
Wed Jul 22 13:28:34 2026: Starting Socket connection
Wed Jul 22 13:28:42 2026: SESSION_MGR: closing session for UUID '5095017b-64c9-4129-9f33-9c2f3edb3fd4' with name 'vitis-run_compile_mxm_execute_ursa'
Wed Jul 22 13:28:42 2026: KERNEL_SVC: closing session for UUID '5095017b-64c9-4129-9f33-9c2f3edb3fd4' with name 'vitis-run_compile_mxm_execute_ursa'
Wed Jul 22 13:28:42 2026: GUIDANCE_SMGR: closing session for UUID '5095017b-64c9-4129-9f33-9c2f3edb3fd4' with name 'vitis-run_compile_mxm_execute_ursa'
Wed Jul 22 13:28:42 2026: SYSTEM_DIAGRAM: closing session for UUID '5095017b-64c9-4129-9f33-9c2f3edb3fd4' with name 'vitis-run_compile_mxm_execute_ursa'
Wed Jul 22 13:28:42 2026: STOP_SERVER received, server token: 7ece40d7-aa29-424a-bf14-74bad4c9b499, passed token: 7ece40d7-aa29-424a-bf14-74bad4c9b499
Wed Jul 22 13:28:42 2026: Socket received request to stop server.
Wed Jul 22 13:28:42 2026: Dispatch Server: do_await_stop
Wed Jul 22 13:28:42 2026: Dispatch Server: stopping mainFifo_
Wed Jul 22 13:28:42 2026: XCD main fifo: Stopping
Wed Jul 22 13:28:42 2026: XCD main fifo: do_read error code: Operation canceled
Wed Jul 22 13:28:42 2026: XCD main fifo: bytes_transferred: 0
Wed Jul 22 13:28:42 2026: SERVER: destructor for server bound to port 32955
Wed Jul 22 13:28:42 2026: XCD main fifo: Good unlink of /tmp/xcdmain7ece40d7-aa29-424a-bf14-74bad4c9b499
Wed Jul 22 13:28:42 2026: Server exiting with status 0.
Wed Jul 22 13:28:42 2026: Closing log file.
