/home/ulisses/Projects/ursa/exp/vitis/hls_ursa_8x8/mxm_execute_ursa/hls/.autopilot/db/labft.pp.0.cpp:1358:5: warning: Added loop label VITIS_LOOP_11_1:   [xilinx-label-all-loops]
    for (int z = 0; z < m; z++) {
    ^~~
    VITIS_LOOP_11_1: 
/home/ulisses/Projects/ursa/exp/vitis/hls_ursa_8x8/mxm_execute_ursa/hls/.autopilot/db/labft.pp.0.cpp:1358:5: note: FIX-IT applied suggested code changes
/home/ulisses/Projects/ursa/exp/vitis/hls_ursa_8x8/mxm_execute_ursa/hls/.autopilot/db/labft.pp.0.cpp:1363:9: warning: Added loop label VITIS_LOOP_16_2:   [xilinx-label-all-loops]
        for (int i = 0; i < p; i++) {
        ^~~
        VITIS_LOOP_16_2: 
/home/ulisses/Projects/ursa/exp/vitis/hls_ursa_8x8/mxm_execute_ursa/hls/.autopilot/db/labft.pp.0.cpp:1363:9: note: FIX-IT applied suggested code changes
/home/ulisses/Projects/ursa/exp/vitis/hls_ursa_8x8/mxm_execute_ursa/hls/.autopilot/db/labft.pp.0.cpp:1368:9: warning: Added loop label VITIS_LOOP_21_3:   [xilinx-label-all-loops]
        for (int j = 0; j < q; j++) {
        ^~~
        VITIS_LOOP_21_3: 
/home/ulisses/Projects/ursa/exp/vitis/hls_ursa_8x8/mxm_execute_ursa/hls/.autopilot/db/labft.pp.0.cpp:1368:9: note: FIX-IT applied suggested code changes
/home/ulisses/Projects/ursa/exp/vitis/hls_ursa_8x8/mxm_execute_ursa/hls/.autopilot/db/labft.pp.0.cpp:1392:5: warning: Added loop label VITIS_LOOP_45_1:   [xilinx-label-all-loops]
    for (int i = 0; i < p; i++) {
    ^~~
    VITIS_LOOP_45_1: 
/home/ulisses/Projects/ursa/exp/vitis/hls_ursa_8x8/mxm_execute_ursa/hls/.autopilot/db/labft.pp.0.cpp:1392:5: note: FIX-IT applied suggested code changes
/home/ulisses/Projects/ursa/exp/vitis/hls_ursa_8x8/mxm_execute_ursa/hls/.autopilot/db/labft.pp.0.cpp:1393:9: warning: Added loop label VITIS_LOOP_46_2:   [xilinx-label-all-loops]
        for (int j = 0; j < q; j++) {
        ^~~
        VITIS_LOOP_46_2: 
/home/ulisses/Projects/ursa/exp/vitis/hls_ursa_8x8/mxm_execute_ursa/hls/.autopilot/db/labft.pp.0.cpp:1393:9: note: FIX-IT applied suggested code changes
/home/ulisses/Projects/ursa/exp/vitis/hls_ursa_8x8/mxm_execute_ursa/hls/.autopilot/db/labft.pp.0.cpp:1435:5: warning: Added loop label VITIS_LOOP_103_1:   [xilinx-label-all-loops]
    for (int z = 0; z < m; z++) {
    ^~~
    VITIS_LOOP_103_1: 
/home/ulisses/Projects/ursa/exp/vitis/hls_ursa_8x8/mxm_execute_ursa/hls/.autopilot/db/labft.pp.0.cpp:1435:5: note: FIX-IT applied suggested code changes
/home/ulisses/Projects/ursa/exp/vitis/hls_ursa_8x8/mxm_execute_ursa/hls/.autopilot/db/labft.pp.0.cpp:1440:9: warning: Added loop label VITIS_LOOP_108_2:   [xilinx-label-all-loops]
        for (int i = 0; i < sa_size; i++)
        ^~~
        VITIS_LOOP_108_2: 
/home/ulisses/Projects/ursa/exp/vitis/hls_ursa_8x8/mxm_execute_ursa/hls/.autopilot/db/labft.pp.0.cpp:1440:9: note: FIX-IT applied suggested code changes
/home/ulisses/Projects/ursa/exp/vitis/hls_ursa_8x8/mxm_execute_ursa/hls/.autopilot/db/labft.pp.0.cpp:1446:9: warning: Added loop label VITIS_LOOP_114_3:   [xilinx-label-all-loops]
        for (int j = 0; j < sa_size; j++)
        ^~~
        VITIS_LOOP_114_3: 
/home/ulisses/Projects/ursa/exp/vitis/hls_ursa_8x8/mxm_execute_ursa/hls/.autopilot/db/labft.pp.0.cpp:1446:9: note: FIX-IT applied suggested code changes
/home/ulisses/Projects/ursa/exp/vitis/hls_ursa_8x8/mxm_execute_ursa/hls/.autopilot/db/labft.pp.0.cpp:1468:5: warning: Added loop label VITIS_LOOP_136_1:   [xilinx-label-all-loops]
    for (int i = 0; i < sa_size; i++)
    ^~~
    VITIS_LOOP_136_1: 
/home/ulisses/Projects/ursa/exp/vitis/hls_ursa_8x8/mxm_execute_ursa/hls/.autopilot/db/labft.pp.0.cpp:1468:5: note: FIX-IT applied suggested code changes
/home/ulisses/Projects/ursa/exp/vitis/hls_ursa_8x8/mxm_execute_ursa/hls/.autopilot/db/labft.pp.0.cpp:1469:9: warning: Added loop label VITIS_LOOP_137_2:   [xilinx-label-all-loops]
        for (int j = 0; j < sa_size; j++)
        ^~~
        VITIS_LOOP_137_2: 
/home/ulisses/Projects/ursa/exp/vitis/hls_ursa_8x8/mxm_execute_ursa/hls/.autopilot/db/labft.pp.0.cpp:1469:9: note: FIX-IT applied suggested code changes
