/home/ulisses/Projects/ursa/exp/vitis/hls_ursa_8x8/mxm_execute_ursa/hls/.autopilot/db/sa.pp.0.cpp:1240:2: warning: Added loop label VITIS_LOOP_16_1:   [xilinx-label-all-loops]
 for(i=0;i<8;i++){
 ^~~
 VITIS_LOOP_16_1: 
/home/ulisses/Projects/ursa/exp/vitis/hls_ursa_8x8/mxm_execute_ursa/hls/.autopilot/db/sa.pp.0.cpp:1240:2: note: FIX-IT applied suggested code changes
/home/ulisses/Projects/ursa/exp/vitis/hls_ursa_8x8/mxm_execute_ursa/hls/.autopilot/db/sa.pp.0.cpp:1242:2: warning: Added loop label VITIS_LOOP_18_2:   [xilinx-label-all-loops]
 for(j=0;j<8;j++){
 ^~~
 VITIS_LOOP_18_2: 
/home/ulisses/Projects/ursa/exp/vitis/hls_ursa_8x8/mxm_execute_ursa/hls/.autopilot/db/sa.pp.0.cpp:1242:2: note: FIX-IT applied suggested code changes
/home/ulisses/Projects/ursa/exp/vitis/hls_ursa_8x8/mxm_execute_ursa/hls/.autopilot/db/sa.pp.0.cpp:1252:2: warning: Added loop label VITIS_LOOP_28_1:   [xilinx-label-all-loops]
 for(uint16_t i=0;i<8;i++){
 ^~~
 VITIS_LOOP_28_1: 
/home/ulisses/Projects/ursa/exp/vitis/hls_ursa_8x8/mxm_execute_ursa/hls/.autopilot/db/sa.pp.0.cpp:1252:2: note: FIX-IT applied suggested code changes
/home/ulisses/Projects/ursa/exp/vitis/hls_ursa_8x8/mxm_execute_ursa/hls/.autopilot/db/sa.pp.0.cpp:1254:2: warning: Added loop label VITIS_LOOP_30_2:   [xilinx-label-all-loops]
 for(uint16_t j=0;j<8;j++){
 ^~~
 VITIS_LOOP_30_2: 
/home/ulisses/Projects/ursa/exp/vitis/hls_ursa_8x8/mxm_execute_ursa/hls/.autopilot/db/sa.pp.0.cpp:1254:2: note: FIX-IT applied suggested code changes
/home/ulisses/Projects/ursa/exp/vitis/hls_ursa_8x8/mxm_execute_ursa/hls/.autopilot/db/sa.pp.0.cpp:1275:2: warning: Added loop label VITIS_LOOP_51_1:   [xilinx-label-all-loops]
 for(i=0;i<8;i++){
 ^~~
 VITIS_LOOP_51_1: 
/home/ulisses/Projects/ursa/exp/vitis/hls_ursa_8x8/mxm_execute_ursa/hls/.autopilot/db/sa.pp.0.cpp:1275:2: note: FIX-IT applied suggested code changes
/home/ulisses/Projects/ursa/exp/vitis/hls_ursa_8x8/mxm_execute_ursa/hls/.autopilot/db/sa.pp.0.cpp:1282:4: warning: Added loop label VITIS_LOOP_58_2:   [xilinx-label-all-loops]
   for(j=1;j<8;j++) {
   ^~~
   VITIS_LOOP_58_2: 
/home/ulisses/Projects/ursa/exp/vitis/hls_ursa_8x8/mxm_execute_ursa/hls/.autopilot/db/sa.pp.0.cpp:1282:4: note: FIX-IT applied suggested code changes
/home/ulisses/Projects/ursa/exp/vitis/hls_ursa_8x8/mxm_execute_ursa/hls/.autopilot/db/sa.pp.0.cpp:1284:2: warning: Added loop label VITIS_LOOP_60_3:   [xilinx-label-all-loops]
 for(i=0;i<8;i++) {
 ^~~
 VITIS_LOOP_60_3: 
/home/ulisses/Projects/ursa/exp/vitis/hls_ursa_8x8/mxm_execute_ursa/hls/.autopilot/db/sa.pp.0.cpp:1284:2: note: FIX-IT applied suggested code changes
/home/ulisses/Projects/ursa/exp/vitis/hls_ursa_8x8/mxm_execute_ursa/hls/.autopilot/db/sa.pp.0.cpp:1291:4: warning: Added loop label VITIS_LOOP_67_4:   [xilinx-label-all-loops]
   for(i=1;i<8;i++) {
   ^~~
   VITIS_LOOP_67_4: 
/home/ulisses/Projects/ursa/exp/vitis/hls_ursa_8x8/mxm_execute_ursa/hls/.autopilot/db/sa.pp.0.cpp:1291:4: note: FIX-IT applied suggested code changes
/home/ulisses/Projects/ursa/exp/vitis/hls_ursa_8x8/mxm_execute_ursa/hls/.autopilot/db/sa.pp.0.cpp:1293:2: warning: Added loop label VITIS_LOOP_69_5:   [xilinx-label-all-loops]
 for(j=0;j<8;j++) {
 ^~~
 VITIS_LOOP_69_5: 
/home/ulisses/Projects/ursa/exp/vitis/hls_ursa_8x8/mxm_execute_ursa/hls/.autopilot/db/sa.pp.0.cpp:1293:2: note: FIX-IT applied suggested code changes
/home/ulisses/Projects/ursa/exp/vitis/hls_ursa_8x8/mxm_execute_ursa/hls/.autopilot/db/sa.pp.0.cpp:1300:4: warning: Added loop label VITIS_LOOP_76_6:   [xilinx-label-all-loops]
   for(i=0;i<8;i++) {
   ^~~
   VITIS_LOOP_76_6: 
/home/ulisses/Projects/ursa/exp/vitis/hls_ursa_8x8/mxm_execute_ursa/hls/.autopilot/db/sa.pp.0.cpp:1300:4: note: FIX-IT applied suggested code changes
/home/ulisses/Projects/ursa/exp/vitis/hls_ursa_8x8/mxm_execute_ursa/hls/.autopilot/db/sa.pp.0.cpp:1302:2: warning: Added loop label VITIS_LOOP_78_7:   [xilinx-label-all-loops]
 for(j=0;j<8;j++) {
 ^~~
 VITIS_LOOP_78_7: 
/home/ulisses/Projects/ursa/exp/vitis/hls_ursa_8x8/mxm_execute_ursa/hls/.autopilot/db/sa.pp.0.cpp:1302:2: note: FIX-IT applied suggested code changes
/home/ulisses/Projects/ursa/exp/vitis/hls_ursa_8x8/mxm_execute_ursa/hls/.autopilot/db/sa.pp.0.cpp:1312:2: warning: Added loop label VITIS_LOOP_88_1:   [xilinx-label-all-loops]
 for(uint16_t i=0;i<8;i++){
 ^~~
 VITIS_LOOP_88_1: 
/home/ulisses/Projects/ursa/exp/vitis/hls_ursa_8x8/mxm_execute_ursa/hls/.autopilot/db/sa.pp.0.cpp:1312:2: note: FIX-IT applied suggested code changes
/home/ulisses/Projects/ursa/exp/vitis/hls_ursa_8x8/mxm_execute_ursa/hls/.autopilot/db/sa.pp.0.cpp:1314:2: warning: Added loop label VITIS_LOOP_90_2:   [xilinx-label-all-loops]
 for(uint16_t j=0;j<8;j++){
 ^~~
 VITIS_LOOP_90_2: 
/home/ulisses/Projects/ursa/exp/vitis/hls_ursa_8x8/mxm_execute_ursa/hls/.autopilot/db/sa.pp.0.cpp:1314:2: note: FIX-IT applied suggested code changes
