Thu Aug 20 13:57:12 2026: Running xcd server. This server was built by gradle.
Thu Aug 20 13:57:12 2026: Server was asked to start on port: '44229'
Thu Aug 20 13:57:12 2026: Server is using token UUID: 'dfa81eb9-ccd2-4334-9c3f-ebb035a1cc5d'
Thu Aug 20 13:57:12 2026: SESSION_MGR: creating session with session uuid: '6d04a3e9-ade5-4ab9-8d63-1f78fcd2ec76' and name 'default'
Thu Aug 20 13:57:12 2026: Attempting to start server on port '44229'
Thu Aug 20 13:57:12 2026: XCD main fifo: created main fifo '/tmp/xcdmaindfa81eb9-ccd2-4334-9c3f-ebb035a1cc5d', fd read = 13
Thu Aug 20 13:57:12 2026: Running Dispatch Server
Thu Aug 20 13:57:12 2026: Version 2.2.0
Thu Aug 20 13:57:13 2026: Dispatch Server: Accepted socket connection from client
Thu Aug 20 13:57:13 2026: Starting Socket connection
Thu Aug 20 13:57:13 2026: EXCHANGE_TOKEN received, server token: dfa81eb9-ccd2-4334-9c3f-ebb035a1cc5d, passed token: dfa81eb9-ccd2-4334-9c3f-ebb035a1cc5d
Thu Aug 20 13:57:14 2026: DISPATCH_HANDLER: Adding handler from function makeHandler in library libxv_system_diagram
Thu Aug 20 13:57:14 2026: SESSION_MGR: creating session with session uuid: '387bc5b8-2bf4-4cbe-b67a-eaaf95587a78' and name 'vitis-run_compile_mxm_execute_ursa'
Thu Aug 20 13:57:14 2026: KERNEL_SVC: creating session with uuid: '387bc5b8-2bf4-4cbe-b67a-eaaf95587a78' and name 'vitis-run_compile_mxm_execute_ursa'
Thu Aug 20 13:57:14 2026: GUIDANCE_SMGR: creating guidance session with uuid: '387bc5b8-2bf4-4cbe-b67a-eaaf95587a78' and name 'vitis-run_compile_mxm_execute_ursa'
Thu Aug 20 13:57:14 2026: SYSTEM_DIAGRAM: creating session with uuid: '387bc5b8-2bf4-4cbe-b67a-eaaf95587a78' and name 'vitis-run_compile_mxm_execute_ursa'
Thu Aug 20 13:57:16 2026: Dispatch Server: Accepted socket connection from client
Thu Aug 20 13:57:16 2026: Starting Socket connection
Thu Aug 20 13:57:17 2026: SESSION_MGR: closing session for UUID '387bc5b8-2bf4-4cbe-b67a-eaaf95587a78' with name 'vitis-run_compile_mxm_execute_ursa'
Thu Aug 20 13:57:17 2026: KERNEL_SVC: closing session for UUID '387bc5b8-2bf4-4cbe-b67a-eaaf95587a78' with name 'vitis-run_compile_mxm_execute_ursa'
Thu Aug 20 13:57:17 2026: GUIDANCE_SMGR: closing session for UUID '387bc5b8-2bf4-4cbe-b67a-eaaf95587a78' with name 'vitis-run_compile_mxm_execute_ursa'
Thu Aug 20 13:57:17 2026: SYSTEM_DIAGRAM: closing session for UUID '387bc5b8-2bf4-4cbe-b67a-eaaf95587a78' with name 'vitis-run_compile_mxm_execute_ursa'
Thu Aug 20 13:57:17 2026: STOP_SERVER received, server token: dfa81eb9-ccd2-4334-9c3f-ebb035a1cc5d, passed token: dfa81eb9-ccd2-4334-9c3f-ebb035a1cc5d
Thu Aug 20 13:57:17 2026: Socket received request to stop server.
Thu Aug 20 13:57:17 2026: Dispatch Server: do_await_stop
Thu Aug 20 13:57:17 2026: Dispatch Server: stopping mainFifo_
Thu Aug 20 13:57:17 2026: XCD main fifo: Stopping
Thu Aug 20 13:57:17 2026: XCD main fifo: do_read error code: Operation canceled
Thu Aug 20 13:57:17 2026: XCD main fifo: bytes_transferred: 0
Thu Aug 20 13:57:17 2026: SERVER: destructor for server bound to port 44229
Thu Aug 20 13:57:17 2026: XCD main fifo: Good unlink of /tmp/xcdmaindfa81eb9-ccd2-4334-9c3f-ebb035a1cc5d
Thu Aug 20 13:57:17 2026: Server exiting with status 0.
Thu Aug 20 13:57:17 2026: Closing log file.
Thu Aug 20 13:57:24 2026: Running xcd server. This server was built by gradle.
Thu Aug 20 13:57:24 2026: Server was asked to start on port: '43495'
Thu Aug 20 13:57:24 2026: Server is using token UUID: '957a96d2-d190-4e2b-bb46-f5de5140dfa5'
Thu Aug 20 13:57:24 2026: SESSION_MGR: creating session with session uuid: '6d04a3e9-ade5-4ab9-8d63-1f78fcd2ec76' and name 'default'
Thu Aug 20 13:57:24 2026: Attempting to start server on port '43495'
Thu Aug 20 13:57:24 2026: XCD main fifo: created main fifo '/tmp/xcdmain957a96d2-d190-4e2b-bb46-f5de5140dfa5', fd read = 13
Thu Aug 20 13:57:24 2026: Running Dispatch Server
Thu Aug 20 13:57:24 2026: Version 2.2.0
Thu Aug 20 13:57:26 2026: Dispatch Server: Accepted socket connection from client
Thu Aug 20 13:57:26 2026: Starting Socket connection
Thu Aug 20 13:57:26 2026: EXCHANGE_TOKEN received, server token: 957a96d2-d190-4e2b-bb46-f5de5140dfa5, passed token: 957a96d2-d190-4e2b-bb46-f5de5140dfa5
Thu Aug 20 13:57:26 2026: DISPATCH_HANDLER: Adding handler from function makeHandler in library libxv_system_diagram
Thu Aug 20 13:57:26 2026: SESSION_MGR: creating session with session uuid: 'd6cb5944-ca3c-4afd-8af7-07a8224c0776' and name 'v++_compile_mxm_execute_ursa'
Thu Aug 20 13:57:26 2026: KERNEL_SVC: creating session with uuid: 'd6cb5944-ca3c-4afd-8af7-07a8224c0776' and name 'v++_compile_mxm_execute_ursa'
Thu Aug 20 13:57:26 2026: GUIDANCE_SMGR: creating guidance session with uuid: 'd6cb5944-ca3c-4afd-8af7-07a8224c0776' and name 'v++_compile_mxm_execute_ursa'
Thu Aug 20 13:57:26 2026: SYSTEM_DIAGRAM: creating session with uuid: 'd6cb5944-ca3c-4afd-8af7-07a8224c0776' and name 'v++_compile_mxm_execute_ursa'
Thu Aug 20 13:57:29 2026: Dispatch Server: Accepted socket connection from client
Thu Aug 20 13:57:29 2026: Starting Socket connection
Thu Aug 20 13:57:54 2026: SESSION_MGR: closing session for UUID 'd6cb5944-ca3c-4afd-8af7-07a8224c0776' with name 'v++_compile_mxm_execute_ursa'
Thu Aug 20 13:57:54 2026: KERNEL_SVC: closing session for UUID 'd6cb5944-ca3c-4afd-8af7-07a8224c0776' with name 'v++_compile_mxm_execute_ursa'
Thu Aug 20 13:57:54 2026: GUIDANCE_SMGR: closing session for UUID 'd6cb5944-ca3c-4afd-8af7-07a8224c0776' with name 'v++_compile_mxm_execute_ursa'
Thu Aug 20 13:57:54 2026: SYSTEM_DIAGRAM: closing session for UUID 'd6cb5944-ca3c-4afd-8af7-07a8224c0776' with name 'v++_compile_mxm_execute_ursa'
Thu Aug 20 13:57:54 2026: STOP_SERVER received, server token: 957a96d2-d190-4e2b-bb46-f5de5140dfa5, passed token: 957a96d2-d190-4e2b-bb46-f5de5140dfa5
Thu Aug 20 13:57:54 2026: Socket received request to stop server.
Thu Aug 20 13:57:54 2026: Dispatch Server: do_await_stop
Thu Aug 20 13:57:54 2026: Dispatch Server: stopping mainFifo_
Thu Aug 20 13:57:54 2026: XCD main fifo: Stopping
Thu Aug 20 13:57:54 2026: XCD main fifo: do_read error code: Operation canceled
Thu Aug 20 13:57:54 2026: XCD main fifo: bytes_transferred: 0
Thu Aug 20 13:57:54 2026: SERVER: destructor for server bound to port 43495
Thu Aug 20 13:57:54 2026: XCD main fifo: Good unlink of /tmp/xcdmain957a96d2-d190-4e2b-bb46-f5de5140dfa5
Thu Aug 20 13:57:54 2026: Server exiting with status 0.
Thu Aug 20 13:57:54 2026: Closing log file.
Thu Aug 20 13:58:07 2026: Running xcd server. This server was built by gradle.
Thu Aug 20 13:58:07 2026: Server was asked to start on port: '39307'
Thu Aug 20 13:58:07 2026: Server is using token UUID: 'd7826581-365d-427d-9760-68b0cc459296'
Thu Aug 20 13:58:07 2026: SESSION_MGR: creating session with session uuid: '6d04a3e9-ade5-4ab9-8d63-1f78fcd2ec76' and name 'default'
Thu Aug 20 13:58:07 2026: Attempting to start server on port '39307'
Thu Aug 20 13:58:07 2026: XCD main fifo: created main fifo '/tmp/xcdmaind7826581-365d-427d-9760-68b0cc459296', fd read = 13
Thu Aug 20 13:58:07 2026: Running Dispatch Server
Thu Aug 20 13:58:07 2026: Version 2.2.0
Thu Aug 20 13:58:09 2026: Dispatch Server: Accepted socket connection from client
Thu Aug 20 13:58:09 2026: Starting Socket connection
Thu Aug 20 13:58:09 2026: EXCHANGE_TOKEN received, server token: d7826581-365d-427d-9760-68b0cc459296, passed token: d7826581-365d-427d-9760-68b0cc459296
Thu Aug 20 13:58:09 2026: DISPATCH_HANDLER: Adding handler from function makeHandler in library libxv_system_diagram
Thu Aug 20 13:58:09 2026: SESSION_MGR: creating session with session uuid: 'd517f9d8-45ae-4458-8801-28b90788d368' and name 'vitis-run_compile_mxm_execute_ursa'
Thu Aug 20 13:58:09 2026: KERNEL_SVC: creating session with uuid: 'd517f9d8-45ae-4458-8801-28b90788d368' and name 'vitis-run_compile_mxm_execute_ursa'
Thu Aug 20 13:58:09 2026: GUIDANCE_SMGR: creating guidance session with uuid: 'd517f9d8-45ae-4458-8801-28b90788d368' and name 'vitis-run_compile_mxm_execute_ursa'
Thu Aug 20 13:58:09 2026: SYSTEM_DIAGRAM: creating session with uuid: 'd517f9d8-45ae-4458-8801-28b90788d368' and name 'vitis-run_compile_mxm_execute_ursa'
Thu Aug 20 13:58:11 2026: Dispatch Server: Accepted socket connection from client
Thu Aug 20 13:58:11 2026: Starting Socket connection
Thu Aug 20 13:58:27 2026: SESSION_MGR: closing session for UUID 'd517f9d8-45ae-4458-8801-28b90788d368' with name 'vitis-run_compile_mxm_execute_ursa'
Thu Aug 20 13:58:27 2026: KERNEL_SVC: closing session for UUID 'd517f9d8-45ae-4458-8801-28b90788d368' with name 'vitis-run_compile_mxm_execute_ursa'
Thu Aug 20 13:58:27 2026: GUIDANCE_SMGR: closing session for UUID 'd517f9d8-45ae-4458-8801-28b90788d368' with name 'vitis-run_compile_mxm_execute_ursa'
Thu Aug 20 13:58:27 2026: SYSTEM_DIAGRAM: closing session for UUID 'd517f9d8-45ae-4458-8801-28b90788d368' with name 'vitis-run_compile_mxm_execute_ursa'
Thu Aug 20 13:58:27 2026: STOP_SERVER received, server token: d7826581-365d-427d-9760-68b0cc459296, passed token: d7826581-365d-427d-9760-68b0cc459296
Thu Aug 20 13:58:27 2026: Socket received request to stop server.
Thu Aug 20 13:58:27 2026: Dispatch Server: do_await_stop
Thu Aug 20 13:58:27 2026: Dispatch Server: stopping mainFifo_
Thu Aug 20 13:58:27 2026: XCD main fifo: Stopping
Thu Aug 20 13:58:27 2026: XCD main fifo: do_read error code: Operation canceled
Thu Aug 20 13:58:27 2026: XCD main fifo: bytes_transferred: 0
Thu Aug 20 13:58:27 2026: SERVER: destructor for server bound to port 39307
Thu Aug 20 13:58:27 2026: XCD main fifo: Good unlink of /tmp/xcdmaind7826581-365d-427d-9760-68b0cc459296
Thu Aug 20 13:58:27 2026: Server exiting with status 0.
Thu Aug 20 13:58:27 2026: Closing log file.
