

================================================================
== Vitis HLS Report for 'sa_store'
================================================================
* Date:           Wed Sep  9 20:18:39 2026

* Version:        2023.2 (Build 4023990 on Oct 11 2023)
* Project:        mxm_execute_ursa
* Solution:       hls (Vivado IP Flow Target)
* Product family: zynq
* Target device:  xc7z020-clg484-1


================================================================
== Performance Estimates
================================================================
+ Timing: 
    * Summary: 
    +--------+----------+----------+------------+
    |  Clock |  Target  | Estimated| Uncertainty|
    +--------+----------+----------+------------+
    |ap_clk  |  10.00 ns|  7.300 ns|     2.70 ns|
    +--------+----------+----------+------------+

+ Latency: 
    * Summary: 
    +---------+---------+-----------+-----------+-----+-----+---------+
    |  Latency (cycles) |   Latency (absolute)  |  Interval | Pipeline|
    |   min   |   max   |    min    |    max    | min | max |   Type  |
    +---------+---------+-----------+-----------+-----+-----+---------+
    |        9|        9|  90.000 ns|  90.000 ns|    4|    4|      yes|
    +---------+---------+-----------+-----------+-----+-----+---------+

    + Detail: 
        * Instance: 
        N/A

        * Loop: 
        N/A



================================================================
== Utilization Estimates
================================================================
* Summary: 
+-----------------+---------+-----+--------+-------+-----+
|       Name      | BRAM_18K| DSP |   FF   |  LUT  | URAM|
+-----------------+---------+-----+--------+-------+-----+
|DSP              |        -|    -|       -|      -|    -|
|Expression       |        -|    -|       0|     55|    -|
|FIFO             |        -|    -|       -|      -|    -|
|Instance         |        -|    -|       -|      -|    -|
|Memory           |        -|    -|       -|      -|    -|
|Multiplexer      |        -|    -|       -|    109|    -|
|Register         |        -|    -|      37|      -|    -|
+-----------------+---------+-----+--------+-------+-----+
|Total            |        0|    0|      37|    164|    0|
+-----------------+---------+-----+--------+-------+-----+
|Available        |      280|  220|  106400|  53200|    0|
+-----------------+---------+-----+--------+-------+-----+
|Utilization (%)  |        0|    0|      ~0|     ~0|    0|
+-----------------+---------+-----+--------+-------+-----+

+ Detail: 
    * Instance: 
    N/A

    * DSP: 
    N/A

    * Memory: 
    N/A

    * FIFO: 
    N/A

    * Expression: 
    +---------------------------+----------+----+---+----+------------+------------+
    |       Variable Name       | Operation| DSP| FF| LUT| Bitwidth P0| Bitwidth P1|
    +---------------------------+----------+----+---+----+------------+------------+
    |empty_25_fu_153_p2         |         +|   0|  0|  39|          32|          32|
    |ap_block_pp0_stage1_01001  |       and|   0|  0|   2|           1|           1|
    |ap_block_pp0_stage2_11001  |       and|   0|  0|   2|           1|           1|
    |ap_block_pp0_stage3_01001  |       and|   0|  0|   2|           1|           1|
    |ap_block_pp0_stage0_11001  |        or|   0|  0|   2|           1|           1|
    |ap_block_pp0_stage1_11001  |        or|   0|  0|   2|           1|           1|
    |ap_block_pp0_stage3_11001  |        or|   0|  0|   2|           1|           1|
    |ap_block_state3_io         |        or|   0|  0|   2|           1|           1|
    |ap_enable_pp0              |       xor|   0|  0|   2|           1|           2|
    +---------------------------+----------+----+---+----+------------+------------+
    |Total                      |          |   0|  0|  55|          40|          41|
    +---------------------------+----------+----+---+----+------------+------------+

    * Multiplexer: 
    +-------------------------+----+-----------+-----+-----------+
    |           Name          | LUT| Input Size| Bits| Total Bits|
    +-------------------------+----+-----------+-----+-----------+
    |ap_NS_fsm                |  25|          5|    1|          5|
    |ap_enable_reg_pp0_iter0  |   9|          2|    1|          2|
    |ap_enable_reg_pp0_iter2  |   9|          2|    1|          2|
    |ca_blk_n_AW              |   9|          2|    1|          2|
    |ca_blk_n_B               |   9|          2|    1|          2|
    |ca_blk_n_W               |   9|          2|    1|          2|
    |m_axi_ca_AWADDR          |  14|          3|   32|         96|
    |m_axi_ca_WDATA           |  25|          5|   32|        160|
    +-------------------------+----+-----------+-----+-----------+
    |Total                    | 109|         23|   70|        271|
    +-------------------------+----+-----------+-----+-----------+

    * Register: 
    +-----------------------------+----+----+-----+-----------+
    |             Name            | FF | LUT| Bits| Const Bits|
    +-----------------------------+----+----+-----+-----------+
    |ap_CS_fsm                    |   4|   0|    4|          0|
    |ap_enable_reg_pp0_iter0_reg  |   1|   0|    1|          0|
    |ap_enable_reg_pp0_iter1      |   1|   0|    1|          0|
    |ap_enable_reg_pp0_iter2      |   1|   0|    1|          0|
    |trunc_ln1_reg_222            |  30|   0|   30|          0|
    +-----------------------------+----+----+-----+-----------+
    |Total                        |  37|   0|   37|          0|
    +-----------------------------+----+----+-----+-----------+



================================================================
== Interface
================================================================
* Summary: 
+------------------------------------------------------------------------------+-----+-----+------------+------------------------------------------------------------------------------+--------------+
|                                   RTL Ports                                  | Dir | Bits|  Protocol  |                                 Source Object                                |    C Type    |
+------------------------------------------------------------------------------+-----+-----+------------+------------------------------------------------------------------------------+--------------+
|ap_clk                                                                        |   in|    1|  ap_ctrl_hs|                                                                      sa_store|  return value|
|ap_rst                                                                        |   in|    1|  ap_ctrl_hs|                                                                      sa_store|  return value|
|ap_start                                                                      |   in|    1|  ap_ctrl_hs|                                                                      sa_store|  return value|
|ap_done                                                                       |  out|    1|  ap_ctrl_hs|                                                                      sa_store|  return value|
|ap_idle                                                                       |  out|    1|  ap_ctrl_hs|                                                                      sa_store|  return value|
|ap_ready                                                                      |  out|    1|  ap_ctrl_hs|                                                                      sa_store|  return value|
|ca_blk_n_AW                                                                   |  out|    1|  ap_ctrl_hs|                                                                      sa_store|  return value|
|ca_blk_n_W                                                                    |  out|    1|  ap_ctrl_hs|                                                                      sa_store|  return value|
|ca_blk_n_B                                                                    |  out|    1|  ap_ctrl_hs|                                                                      sa_store|  return value|
|m_axi_ca_AWVALID                                                              |  out|    1|       m_axi|                                                                            ca|       pointer|
|m_axi_ca_AWREADY                                                              |   in|    1|       m_axi|                                                                            ca|       pointer|
|m_axi_ca_AWADDR                                                               |  out|   32|       m_axi|                                                                            ca|       pointer|
|m_axi_ca_AWID                                                                 |  out|    1|       m_axi|                                                                            ca|       pointer|
|m_axi_ca_AWLEN                                                                |  out|   32|       m_axi|                                                                            ca|       pointer|
|m_axi_ca_AWSIZE                                                               |  out|    3|       m_axi|                                                                            ca|       pointer|
|m_axi_ca_AWBURST                                                              |  out|    2|       m_axi|                                                                            ca|       pointer|
|m_axi_ca_AWLOCK                                                               |  out|    2|       m_axi|                                                                            ca|       pointer|
|m_axi_ca_AWCACHE                                                              |  out|    4|       m_axi|                                                                            ca|       pointer|
|m_axi_ca_AWPROT                                                               |  out|    3|       m_axi|                                                                            ca|       pointer|
|m_axi_ca_AWQOS                                                                |  out|    4|       m_axi|                                                                            ca|       pointer|
|m_axi_ca_AWREGION                                                             |  out|    4|       m_axi|                                                                            ca|       pointer|
|m_axi_ca_AWUSER                                                               |  out|    1|       m_axi|                                                                            ca|       pointer|
|m_axi_ca_WVALID                                                               |  out|    1|       m_axi|                                                                            ca|       pointer|
|m_axi_ca_WREADY                                                               |   in|    1|       m_axi|                                                                            ca|       pointer|
|m_axi_ca_WDATA                                                                |  out|   32|       m_axi|                                                                            ca|       pointer|
|m_axi_ca_WSTRB                                                                |  out|    4|       m_axi|                                                                            ca|       pointer|
|m_axi_ca_WLAST                                                                |  out|    1|       m_axi|                                                                            ca|       pointer|
|m_axi_ca_WID                                                                  |  out|    1|       m_axi|                                                                            ca|       pointer|
|m_axi_ca_WUSER                                                                |  out|    1|       m_axi|                                                                            ca|       pointer|
|m_axi_ca_ARVALID                                                              |  out|    1|       m_axi|                                                                            ca|       pointer|
|m_axi_ca_ARREADY                                                              |   in|    1|       m_axi|                                                                            ca|       pointer|
|m_axi_ca_ARADDR                                                               |  out|   32|       m_axi|                                                                            ca|       pointer|
|m_axi_ca_ARID                                                                 |  out|    1|       m_axi|                                                                            ca|       pointer|
|m_axi_ca_ARLEN                                                                |  out|   32|       m_axi|                                                                            ca|       pointer|
|m_axi_ca_ARSIZE                                                               |  out|    3|       m_axi|                                                                            ca|       pointer|
|m_axi_ca_ARBURST                                                              |  out|    2|       m_axi|                                                                            ca|       pointer|
|m_axi_ca_ARLOCK                                                               |  out|    2|       m_axi|                                                                            ca|       pointer|
|m_axi_ca_ARCACHE                                                              |  out|    4|       m_axi|                                                                            ca|       pointer|
|m_axi_ca_ARPROT                                                               |  out|    3|       m_axi|                                                                            ca|       pointer|
|m_axi_ca_ARQOS                                                                |  out|    4|       m_axi|                                                                            ca|       pointer|
|m_axi_ca_ARREGION                                                             |  out|    4|       m_axi|                                                                            ca|       pointer|
|m_axi_ca_ARUSER                                                               |  out|    1|       m_axi|                                                                            ca|       pointer|
|m_axi_ca_RVALID                                                               |   in|    1|       m_axi|                                                                            ca|       pointer|
|m_axi_ca_RREADY                                                               |  out|    1|       m_axi|                                                                            ca|       pointer|
|m_axi_ca_RDATA                                                                |   in|   32|       m_axi|                                                                            ca|       pointer|
|m_axi_ca_RLAST                                                                |   in|    1|       m_axi|                                                                            ca|       pointer|
|m_axi_ca_RID                                                                  |   in|    1|       m_axi|                                                                            ca|       pointer|
|m_axi_ca_RFIFONUM                                                             |   in|   10|       m_axi|                                                                            ca|       pointer|
|m_axi_ca_RUSER                                                                |   in|    1|       m_axi|                                                                            ca|       pointer|
|m_axi_ca_RRESP                                                                |   in|    2|       m_axi|                                                                            ca|       pointer|
|m_axi_ca_BVALID                                                               |   in|    1|       m_axi|                                                                            ca|       pointer|
|m_axi_ca_BREADY                                                               |  out|    1|       m_axi|                                                                            ca|       pointer|
|m_axi_ca_BRESP                                                                |   in|    2|       m_axi|                                                                            ca|       pointer|
|m_axi_ca_BID                                                                  |   in|    1|       m_axi|                                                                            ca|       pointer|
|m_axi_ca_BUSER                                                                |   in|    1|       m_axi|                                                                            ca|       pointer|
|out_r                                                                         |   in|   32|     ap_none|                                                                         out_r|        scalar|
|b0_q                                                                          |   in|   16|     ap_none|                                                                          b0_q|        scalar|
|mxm_execute_ursa_signed_char_unsigned_short_unsigned_char_unsigned_short_i_3  |   in|   20|     ap_none|  mxm_execute_ursa_signed_char_unsigned_short_unsigned_char_unsigned_short_i_3|       pointer|
|mxm_execute_ursa_signed_char_unsigned_short_unsigned_char_unsigned_short_i_2  |   in|   20|     ap_none|  mxm_execute_ursa_signed_char_unsigned_short_unsigned_char_unsigned_short_i_2|       pointer|
|mxm_execute_ursa_signed_char_unsigned_short_unsigned_char_unsigned_short_i_1  |   in|   20|     ap_none|  mxm_execute_ursa_signed_char_unsigned_short_unsigned_char_unsigned_short_i_1|       pointer|
|mxm_execute_ursa_signed_char_unsigned_short_unsigned_char_unsigned_short_i    |   in|   20|     ap_none|    mxm_execute_ursa_signed_char_unsigned_short_unsigned_char_unsigned_short_i|       pointer|
+------------------------------------------------------------------------------+-----+-----+------------+------------------------------------------------------------------------------+--------------+

