/home/ulisses/Projects/ursa/exp/output-stationary/vitis/hls_ursa_vanilla/mxm_execute_ursa/hls/.autopilot/db/sa.pp.0.cpp:2567:7: warning: Added loop label VITIS_LOOP_1207_1:   [xilinx-label-all-loops]
      for (i = 0; i < __N - 1; ++i) {
      ^~~
      VITIS_LOOP_1207_1: 
/home/ulisses/Projects/ursa/exp/output-stationary/vitis/hls_ursa_vanilla/mxm_execute_ursa/hls/.autopilot/db/sa.pp.0.cpp:2567:7: note: FIX-IT applied suggested code changes
/home/ulisses/Projects/ursa/exp/output-stationary/vitis/hls_ursa_vanilla/mxm_execute_ursa/hls/.autopilot/db/sa.pp.0.cpp:3541:5: warning: Added loop label VITIS_LOOP_676_1:   [xilinx-label-all-loops]
    for (unsigned i = low; i != high; ++i) {
    ^~~
    VITIS_LOOP_676_1: 
/home/ulisses/Projects/ursa/exp/output-stationary/vitis/hls_ursa_vanilla/mxm_execute_ursa/hls/.autopilot/db/sa.pp.0.cpp:3541:5: note: FIX-IT applied suggested code changes
/home/ulisses/Projects/ursa/exp/output-stationary/vitis/hls_ursa_vanilla/mxm_execute_ursa/hls/.autopilot/db/sa.pp.0.cpp:3555:5: warning: Added loop label VITIS_LOOP_690_1:   [xilinx-label-all-loops]
    for (unsigned i = low; i != high; ++i) {
    ^~~
    VITIS_LOOP_690_1: 
/home/ulisses/Projects/ursa/exp/output-stationary/vitis/hls_ursa_vanilla/mxm_execute_ursa/hls/.autopilot/db/sa.pp.0.cpp:3555:5: note: FIX-IT applied suggested code changes
/home/ulisses/Projects/ursa/exp/output-stationary/vitis/hls_ursa_vanilla/mxm_execute_ursa/hls/.autopilot/db/sa.pp.0.cpp:3569:5: warning: Added loop label VITIS_LOOP_704_1:   [xilinx-label-all-loops]
    for (unsigned i = low; i != high; ++i) {
    ^~~
    VITIS_LOOP_704_1: 
/home/ulisses/Projects/ursa/exp/output-stationary/vitis/hls_ursa_vanilla/mxm_execute_ursa/hls/.autopilot/db/sa.pp.0.cpp:3569:5: note: FIX-IT applied suggested code changes
/home/ulisses/Projects/ursa/exp/output-stationary/vitis/hls_ursa_vanilla/mxm_execute_ursa/hls/.autopilot/db/sa.pp.0.cpp:5186:7: warning: Added loop label VITIS_LOOP_1247_1:   [xilinx-label-all-loops]
      for (i = 0; i < __N - 1; ++i) {
      ^~~
      VITIS_LOOP_1247_1: 
/home/ulisses/Projects/ursa/exp/output-stationary/vitis/hls_ursa_vanilla/mxm_execute_ursa/hls/.autopilot/db/sa.pp.0.cpp:5186:7: note: FIX-IT applied suggested code changes
/home/ulisses/Projects/ursa/exp/output-stationary/vitis/hls_ursa_vanilla/mxm_execute_ursa/hls/.autopilot/db/sa.pp.0.cpp:7024:2: warning: Added loop label VITIS_LOOP_16_1:   [xilinx-label-all-loops]
 for(i=0;i<8;i++){
 ^~~
 VITIS_LOOP_16_1: 
/home/ulisses/Projects/ursa/exp/output-stationary/vitis/hls_ursa_vanilla/mxm_execute_ursa/hls/.autopilot/db/sa.pp.0.cpp:7024:2: note: FIX-IT applied suggested code changes
/home/ulisses/Projects/ursa/exp/output-stationary/vitis/hls_ursa_vanilla/mxm_execute_ursa/hls/.autopilot/db/sa.pp.0.cpp:7026:2: warning: Added loop label VITIS_LOOP_18_2:   [xilinx-label-all-loops]
 for(j=0;j<8;j++){
 ^~~
 VITIS_LOOP_18_2: 
/home/ulisses/Projects/ursa/exp/output-stationary/vitis/hls_ursa_vanilla/mxm_execute_ursa/hls/.autopilot/db/sa.pp.0.cpp:7026:2: note: FIX-IT applied suggested code changes
/home/ulisses/Projects/ursa/exp/output-stationary/vitis/hls_ursa_vanilla/mxm_execute_ursa/hls/.autopilot/db/sa.pp.0.cpp:7036:2: warning: Added loop label VITIS_LOOP_28_1:   [xilinx-label-all-loops]
 for(uint16_t i=0;i<8;i++){
 ^~~
 VITIS_LOOP_28_1: 
/home/ulisses/Projects/ursa/exp/output-stationary/vitis/hls_ursa_vanilla/mxm_execute_ursa/hls/.autopilot/db/sa.pp.0.cpp:7036:2: note: FIX-IT applied suggested code changes
/home/ulisses/Projects/ursa/exp/output-stationary/vitis/hls_ursa_vanilla/mxm_execute_ursa/hls/.autopilot/db/sa.pp.0.cpp:7038:2: warning: Added loop label VITIS_LOOP_30_2:   [xilinx-label-all-loops]
 for(uint16_t j=0;j<8;j++){
 ^~~
 VITIS_LOOP_30_2: 
/home/ulisses/Projects/ursa/exp/output-stationary/vitis/hls_ursa_vanilla/mxm_execute_ursa/hls/.autopilot/db/sa.pp.0.cpp:7038:2: note: FIX-IT applied suggested code changes
/home/ulisses/Projects/ursa/exp/output-stationary/vitis/hls_ursa_vanilla/mxm_execute_ursa/hls/.autopilot/db/sa.pp.0.cpp:7059:2: warning: Added loop label VITIS_LOOP_51_1:   [xilinx-label-all-loops]
 for(i=0;i<8;i++){
 ^~~
 VITIS_LOOP_51_1: 
/home/ulisses/Projects/ursa/exp/output-stationary/vitis/hls_ursa_vanilla/mxm_execute_ursa/hls/.autopilot/db/sa.pp.0.cpp:7059:2: note: FIX-IT applied suggested code changes
/home/ulisses/Projects/ursa/exp/output-stationary/vitis/hls_ursa_vanilla/mxm_execute_ursa/hls/.autopilot/db/sa.pp.0.cpp:7066:4: warning: Added loop label VITIS_LOOP_58_2:   [xilinx-label-all-loops]
   for(j=1;j<8;j++) {
   ^~~
   VITIS_LOOP_58_2: 
/home/ulisses/Projects/ursa/exp/output-stationary/vitis/hls_ursa_vanilla/mxm_execute_ursa/hls/.autopilot/db/sa.pp.0.cpp:7066:4: note: FIX-IT applied suggested code changes
/home/ulisses/Projects/ursa/exp/output-stationary/vitis/hls_ursa_vanilla/mxm_execute_ursa/hls/.autopilot/db/sa.pp.0.cpp:7068:2: warning: Added loop label VITIS_LOOP_60_3:   [xilinx-label-all-loops]
 for(i=0;i<8;i++) {
 ^~~
 VITIS_LOOP_60_3: 
/home/ulisses/Projects/ursa/exp/output-stationary/vitis/hls_ursa_vanilla/mxm_execute_ursa/hls/.autopilot/db/sa.pp.0.cpp:7068:2: note: FIX-IT applied suggested code changes
/home/ulisses/Projects/ursa/exp/output-stationary/vitis/hls_ursa_vanilla/mxm_execute_ursa/hls/.autopilot/db/sa.pp.0.cpp:7075:4: warning: Added loop label VITIS_LOOP_67_4:   [xilinx-label-all-loops]
   for(i=1;i<8;i++) {
   ^~~
   VITIS_LOOP_67_4: 
/home/ulisses/Projects/ursa/exp/output-stationary/vitis/hls_ursa_vanilla/mxm_execute_ursa/hls/.autopilot/db/sa.pp.0.cpp:7075:4: note: FIX-IT applied suggested code changes
/home/ulisses/Projects/ursa/exp/output-stationary/vitis/hls_ursa_vanilla/mxm_execute_ursa/hls/.autopilot/db/sa.pp.0.cpp:7077:2: warning: Added loop label VITIS_LOOP_69_5:   [xilinx-label-all-loops]
 for(j=0;j<8;j++) {
 ^~~
 VITIS_LOOP_69_5: 
/home/ulisses/Projects/ursa/exp/output-stationary/vitis/hls_ursa_vanilla/mxm_execute_ursa/hls/.autopilot/db/sa.pp.0.cpp:7077:2: note: FIX-IT applied suggested code changes
/home/ulisses/Projects/ursa/exp/output-stationary/vitis/hls_ursa_vanilla/mxm_execute_ursa/hls/.autopilot/db/sa.pp.0.cpp:7084:4: warning: Added loop label VITIS_LOOP_76_6:   [xilinx-label-all-loops]
   for(i=0;i<8;i++) {
   ^~~
   VITIS_LOOP_76_6: 
/home/ulisses/Projects/ursa/exp/output-stationary/vitis/hls_ursa_vanilla/mxm_execute_ursa/hls/.autopilot/db/sa.pp.0.cpp:7084:4: note: FIX-IT applied suggested code changes
/home/ulisses/Projects/ursa/exp/output-stationary/vitis/hls_ursa_vanilla/mxm_execute_ursa/hls/.autopilot/db/sa.pp.0.cpp:7086:2: warning: Added loop label VITIS_LOOP_78_7:   [xilinx-label-all-loops]
 for(j=0;j<8;j++) {
 ^~~
 VITIS_LOOP_78_7: 
/home/ulisses/Projects/ursa/exp/output-stationary/vitis/hls_ursa_vanilla/mxm_execute_ursa/hls/.autopilot/db/sa.pp.0.cpp:7086:2: note: FIX-IT applied suggested code changes
/home/ulisses/Projects/ursa/exp/output-stationary/vitis/hls_ursa_vanilla/mxm_execute_ursa/hls/.autopilot/db/sa.pp.0.cpp:7096:2: warning: Added loop label VITIS_LOOP_88_1:   [xilinx-label-all-loops]
 for(uint16_t i=0;i<8;i++){
 ^~~
 VITIS_LOOP_88_1: 
/home/ulisses/Projects/ursa/exp/output-stationary/vitis/hls_ursa_vanilla/mxm_execute_ursa/hls/.autopilot/db/sa.pp.0.cpp:7096:2: note: FIX-IT applied suggested code changes
/home/ulisses/Projects/ursa/exp/output-stationary/vitis/hls_ursa_vanilla/mxm_execute_ursa/hls/.autopilot/db/sa.pp.0.cpp:7098:2: warning: Added loop label VITIS_LOOP_90_2:   [xilinx-label-all-loops]
 for(uint16_t j=0;j<8;j++){
 ^~~
 VITIS_LOOP_90_2: 
/home/ulisses/Projects/ursa/exp/output-stationary/vitis/hls_ursa_vanilla/mxm_execute_ursa/hls/.autopilot/db/sa.pp.0.cpp:7098:2: note: FIX-IT applied suggested code changes
