/home/ulisses/Projects/ursa/exp/output-stationary/vitis/hls_ursa_vanilla/mxm_execute_ursa/hls/.autopilot/db/shell.pp.0.cpp:2571:7: warning: Added loop label VITIS_LOOP_1207_1:   [xilinx-label-all-loops]
      for (i = 0; i < __N - 1; ++i) {
      ^~~
      VITIS_LOOP_1207_1: 
/home/ulisses/Projects/ursa/exp/output-stationary/vitis/hls_ursa_vanilla/mxm_execute_ursa/hls/.autopilot/db/shell.pp.0.cpp:2571:7: note: FIX-IT applied suggested code changes
/home/ulisses/Projects/ursa/exp/output-stationary/vitis/hls_ursa_vanilla/mxm_execute_ursa/hls/.autopilot/db/shell.pp.0.cpp:3545:5: warning: Added loop label VITIS_LOOP_676_1:   [xilinx-label-all-loops]
    for (unsigned i = low; i != high; ++i) {
    ^~~
    VITIS_LOOP_676_1: 
/home/ulisses/Projects/ursa/exp/output-stationary/vitis/hls_ursa_vanilla/mxm_execute_ursa/hls/.autopilot/db/shell.pp.0.cpp:3545:5: note: FIX-IT applied suggested code changes
/home/ulisses/Projects/ursa/exp/output-stationary/vitis/hls_ursa_vanilla/mxm_execute_ursa/hls/.autopilot/db/shell.pp.0.cpp:3559:5: warning: Added loop label VITIS_LOOP_690_1:   [xilinx-label-all-loops]
    for (unsigned i = low; i != high; ++i) {
    ^~~
    VITIS_LOOP_690_1: 
/home/ulisses/Projects/ursa/exp/output-stationary/vitis/hls_ursa_vanilla/mxm_execute_ursa/hls/.autopilot/db/shell.pp.0.cpp:3559:5: note: FIX-IT applied suggested code changes
/home/ulisses/Projects/ursa/exp/output-stationary/vitis/hls_ursa_vanilla/mxm_execute_ursa/hls/.autopilot/db/shell.pp.0.cpp:3573:5: warning: Added loop label VITIS_LOOP_704_1:   [xilinx-label-all-loops]
    for (unsigned i = low; i != high; ++i) {
    ^~~
    VITIS_LOOP_704_1: 
/home/ulisses/Projects/ursa/exp/output-stationary/vitis/hls_ursa_vanilla/mxm_execute_ursa/hls/.autopilot/db/shell.pp.0.cpp:3573:5: note: FIX-IT applied suggested code changes
/home/ulisses/Projects/ursa/exp/output-stationary/vitis/hls_ursa_vanilla/mxm_execute_ursa/hls/.autopilot/db/shell.pp.0.cpp:5190:7: warning: Added loop label VITIS_LOOP_1247_1:   [xilinx-label-all-loops]
      for (i = 0; i < __N - 1; ++i) {
      ^~~
      VITIS_LOOP_1247_1: 
/home/ulisses/Projects/ursa/exp/output-stationary/vitis/hls_ursa_vanilla/mxm_execute_ursa/hls/.autopilot/db/shell.pp.0.cpp:5190:7: note: FIX-IT applied suggested code changes
/home/ulisses/Projects/ursa/exp/output-stationary/vitis/hls_ursa_vanilla/mxm_execute_ursa/hls/.autopilot/db/shell.pp.0.cpp:7027:2: warning: Added loop label VITIS_LOOP_14_1:   [xilinx-label-all-loops]
 for(uint16_t i=0;i<8;i++){
 ^~~
 VITIS_LOOP_14_1: 
/home/ulisses/Projects/ursa/exp/output-stationary/vitis/hls_ursa_vanilla/mxm_execute_ursa/hls/.autopilot/db/shell.pp.0.cpp:7027:2: note: FIX-IT applied suggested code changes
/home/ulisses/Projects/ursa/exp/output-stationary/vitis/hls_ursa_vanilla/mxm_execute_ursa/hls/.autopilot/db/shell.pp.0.cpp:7055:2: warning: Added loop label VITIS_LOOP_42_1:   [xilinx-label-all-loops]
 for(uint16_t j=0;j<8;j++){
 ^~~
 VITIS_LOOP_42_1: 
/home/ulisses/Projects/ursa/exp/output-stationary/vitis/hls_ursa_vanilla/mxm_execute_ursa/hls/.autopilot/db/shell.pp.0.cpp:7055:2: note: FIX-IT applied suggested code changes
/home/ulisses/Projects/ursa/exp/output-stationary/vitis/hls_ursa_vanilla/mxm_execute_ursa/hls/.autopilot/db/shell.pp.0.cpp:7081:2: warning: Added loop label VITIS_LOOP_68_1:   [xilinx-label-all-loops]
 for(uint16_t k=0;k<8;k++) {
 ^~~
 VITIS_LOOP_68_1: 
/home/ulisses/Projects/ursa/exp/output-stationary/vitis/hls_ursa_vanilla/mxm_execute_ursa/hls/.autopilot/db/shell.pp.0.cpp:7081:2: note: FIX-IT applied suggested code changes
/home/ulisses/Projects/ursa/exp/output-stationary/vitis/hls_ursa_vanilla/mxm_execute_ursa/hls/.autopilot/db/shell.pp.0.cpp:7148:9: warning: Added loop label VITIS_LOOP_131_1:   [xilinx-label-all-loops]
        for(uint16_t i=0;i<call_a;i++){
        ^~~
        VITIS_LOOP_131_1: 
/home/ulisses/Projects/ursa/exp/output-stationary/vitis/hls_ursa_vanilla/mxm_execute_ursa/hls/.autopilot/db/shell.pp.0.cpp:7148:9: note: FIX-IT applied suggested code changes
/home/ulisses/Projects/ursa/exp/output-stationary/vitis/hls_ursa_vanilla/mxm_execute_ursa/hls/.autopilot/db/shell.pp.0.cpp:7149:13: warning: Added loop label VITIS_LOOP_132_2:   [xilinx-label-all-loops]
            for(uint16_t j=0;j<call_b;j++){
            ^~~
            VITIS_LOOP_132_2: 
/home/ulisses/Projects/ursa/exp/output-stationary/vitis/hls_ursa_vanilla/mxm_execute_ursa/hls/.autopilot/db/shell.pp.0.cpp:7149:13: note: FIX-IT applied suggested code changes
/home/ulisses/Projects/ursa/exp/output-stationary/vitis/hls_ursa_vanilla/mxm_execute_ursa/hls/.autopilot/db/shell.pp.0.cpp:7155:17: warning: Added loop label VITIS_LOOP_138_3:   [xilinx-label-all-loops]
                for(uint16_t k=0;k<m+8 -1+8 -1;k++){
                ^~~
                VITIS_LOOP_138_3: 
/home/ulisses/Projects/ursa/exp/output-stationary/vitis/hls_ursa_vanilla/mxm_execute_ursa/hls/.autopilot/db/shell.pp.0.cpp:7155:17: note: FIX-IT applied suggested code changes
