

================================================================
== Vitis HLS Report for 'mxm_execute_ursa_Pipeline_LOAD_A'
================================================================
* Date:           Thu Sep 24 17:27:10 2026

* Version:        2023.2 (Build 4023990 on Oct 11 2023)
* Project:        mxm_execute_ursa
* Solution:       hls (Vivado IP Flow Target)
* Product family: zynq
* Target device:  xc7z020-clg484-1


================================================================
== Performance Estimates
================================================================
+ Timing: 
    * Summary: 
    +--------+----------+----------+------------+
    |  Clock |  Target  | Estimated| Uncertainty|
    +--------+----------+----------+------------+
    |ap_clk  |  10.00 ns|  7.300 ns|     2.70 ns|
    +--------+----------+----------+------------+

+ Latency: 
    * Summary: 
    +---------+---------+----------+----------+-----+-----+---------+
    |  Latency (cycles) |  Latency (absolute) |  Interval | Pipeline|
    |   min   |   max   |    min   |    max   | min | max |   Type  |
    +---------+---------+----------+----------+-----+-----+---------+
    |       39|      147|  0.390 us|  1.470 us|   39|  147|       no|
    +---------+---------+----------+----------+-----+-----+---------+

    + Detail: 
        * Instance: 
        N/A

        * Loop: 
        +----------+---------+---------+----------+-----------+-----------+----------+----------+
        |          |  Latency (cycles) | Iteration|  Initiation Interval  |   Trip   |          |
        | Loop Name|   min   |   max   |  Latency |  achieved |   target  |   Count  | Pipelined|
        +----------+---------+---------+----------+-----------+-----------+----------+----------+
        |- LOAD_A  |       37|      145|         3|          1|          1|  36 ~ 144|       yes|
        +----------+---------+---------+----------+-----------+-----------+----------+----------+



================================================================
== Utilization Estimates
================================================================
* Summary: 
+-----------------+---------+-----+--------+-------+-----+
|       Name      | BRAM_18K| DSP |   FF   |  LUT  | URAM|
+-----------------+---------+-----+--------+-------+-----+
|DSP              |        -|    -|       -|      -|    -|
|Expression       |        -|    -|       0|    156|    -|
|FIFO             |        -|    -|       -|      -|    -|
|Instance         |        -|    -|       -|      -|    -|
|Memory           |        -|    -|       -|      -|    -|
|Multiplexer      |        -|    -|       -|     63|    -|
|Register         |        -|    -|     155|      -|    -|
+-----------------+---------+-----+--------+-------+-----+
|Total            |        0|    0|     155|    219|    0|
+-----------------+---------+-----+--------+-------+-----+
|Available        |      280|  220|  106400|  53200|    0|
+-----------------+---------+-----+--------+-------+-----+
|Utilization (%)  |        0|    0|      ~0|     ~0|    0|
+-----------------+---------+-----+--------+-------+-----+

+ Detail: 
    * Instance: 
    N/A

    * DSP: 
    N/A

    * Memory: 
    N/A

    * FIFO: 
    N/A

    * Expression: 
    +----------------------------------+----------+----+---+----+------------+------------+
    |           Variable Name          | Operation| DSP| FF| LUT| Bitwidth P0| Bitwidth P1|
    +----------------------------------+----------+----+---+----+------------+------------+
    |add_ln106_fu_263_p2               |         +|   0|  0|  24|          17|           1|
    |c_4_fu_305_p2                     |         +|   0|  0|  23|          16|           1|
    |r_4_fu_299_p2                     |         +|   0|  0|  23|          16|           1|
    |ap_block_pp0_stage0_11001         |       and|   0|  0|   2|           1|           1|
    |ap_block_state2_pp0_stage0_iter1  |       and|   0|  0|   2|           1|           1|
    |icmp_ln106_fu_257_p2              |      icmp|   0|  0|  24|          17|          17|
    |icmp_ln110_fu_294_p2              |      icmp|   0|  0|  24|          17|          17|
    |c_5_fu_319_p3                     |    select|   0|  0|  16|           1|           1|
    |r_5_fu_311_p3                     |    select|   0|  0|  16|           1|          16|
    |ap_enable_pp0                     |       xor|   0|  0|   2|           1|           2|
    +----------------------------------+----------+----+---+----+------------+------------+
    |Total                             |          |   0|  0| 156|          88|          58|
    +----------------------------------+----------+----+---+----+------------+------------+

    * Multiplexer: 
    +-------------------------+----+-----------+-----+-----------+
    |           Name          | LUT| Input Size| Bits| Total Bits|
    +-------------------------+----+-----------+-----+-----------+
    |ap_done_int              |   9|          2|    1|          2|
    |ap_enable_reg_pp0_iter2  |   9|          2|    1|          2|
    |ap_sig_allocacmp_n_1     |   9|          2|   17|         34|
    |aw_blk_n_R               |   9|          2|    1|          2|
    |c_fu_96                  |   9|          2|   16|         32|
    |n_fu_100                 |   9|          2|   17|         34|
    |r_fu_92                  |   9|          2|   16|         32|
    +-------------------------+----+-----------+-----+-----------+
    |Total                    |  63|         14|   69|        138|
    +-------------------------+----+-----------+-----+-----------+

    * Register: 
    +----------------------------------+----+----+-----+-----------+
    |               Name               | FF | LUT| Bits| Const Bits|
    +----------------------------------+----+----+-----+-----------+
    |ap_CS_fsm                         |   1|   0|    1|          0|
    |ap_done_reg                       |   1|   0|    1|          0|
    |ap_enable_reg_pp0_iter1           |   1|   0|    1|          0|
    |ap_enable_reg_pp0_iter2           |   1|   0|    1|          0|
    |ap_loop_exit_ready_pp0_iter1_reg  |   1|   0|    1|          0|
    |aw_addr_read_reg_392              |  64|   0|   64|          0|
    |c_3_reg_383                       |  16|   0|   16|          0|
    |c_fu_96                           |  16|   0|   16|          0|
    |icmp_ln106_reg_379                |   1|   0|    1|          0|
    |n_fu_100                          |  17|   0|   17|          0|
    |r_fu_92                           |  16|   0|   16|          0|
    |sub_i28_cast_cast_reg_374         |  17|   0|   17|          0|
    |trunc_ln103_reg_388               |   3|   0|    3|          0|
    +----------------------------------+----+----+-----+-----------+
    |Total                             | 155|   0|  155|          0|
    +----------------------------------+----+----+-----+-----------+



================================================================
== Interface
================================================================
* Summary: 
+-------------------+-----+-----+------------+----------------------------------+--------------+
|     RTL Ports     | Dir | Bits|  Protocol  |           Source Object          |    C Type    |
+-------------------+-----+-----+------------+----------------------------------+--------------+
|ap_clk             |   in|    1|  ap_ctrl_hs|  mxm_execute_ursa_Pipeline_LOAD_A|  return value|
|ap_rst             |   in|    1|  ap_ctrl_hs|  mxm_execute_ursa_Pipeline_LOAD_A|  return value|
|ap_start           |   in|    1|  ap_ctrl_hs|  mxm_execute_ursa_Pipeline_LOAD_A|  return value|
|ap_done            |  out|    1|  ap_ctrl_hs|  mxm_execute_ursa_Pipeline_LOAD_A|  return value|
|ap_idle            |  out|    1|  ap_ctrl_hs|  mxm_execute_ursa_Pipeline_LOAD_A|  return value|
|ap_ready           |  out|    1|  ap_ctrl_hs|  mxm_execute_ursa_Pipeline_LOAD_A|  return value|
|m_axi_aw_AWVALID   |  out|    1|       m_axi|                                aw|       pointer|
|m_axi_aw_AWREADY   |   in|    1|       m_axi|                                aw|       pointer|
|m_axi_aw_AWADDR    |  out|   32|       m_axi|                                aw|       pointer|
|m_axi_aw_AWID      |  out|    1|       m_axi|                                aw|       pointer|
|m_axi_aw_AWLEN     |  out|   32|       m_axi|                                aw|       pointer|
|m_axi_aw_AWSIZE    |  out|    3|       m_axi|                                aw|       pointer|
|m_axi_aw_AWBURST   |  out|    2|       m_axi|                                aw|       pointer|
|m_axi_aw_AWLOCK    |  out|    2|       m_axi|                                aw|       pointer|
|m_axi_aw_AWCACHE   |  out|    4|       m_axi|                                aw|       pointer|
|m_axi_aw_AWPROT    |  out|    3|       m_axi|                                aw|       pointer|
|m_axi_aw_AWQOS     |  out|    4|       m_axi|                                aw|       pointer|
|m_axi_aw_AWREGION  |  out|    4|       m_axi|                                aw|       pointer|
|m_axi_aw_AWUSER    |  out|    1|       m_axi|                                aw|       pointer|
|m_axi_aw_WVALID    |  out|    1|       m_axi|                                aw|       pointer|
|m_axi_aw_WREADY    |   in|    1|       m_axi|                                aw|       pointer|
|m_axi_aw_WDATA     |  out|   64|       m_axi|                                aw|       pointer|
|m_axi_aw_WSTRB     |  out|    8|       m_axi|                                aw|       pointer|
|m_axi_aw_WLAST     |  out|    1|       m_axi|                                aw|       pointer|
|m_axi_aw_WID       |  out|    1|       m_axi|                                aw|       pointer|
|m_axi_aw_WUSER     |  out|    1|       m_axi|                                aw|       pointer|
|m_axi_aw_ARVALID   |  out|    1|       m_axi|                                aw|       pointer|
|m_axi_aw_ARREADY   |   in|    1|       m_axi|                                aw|       pointer|
|m_axi_aw_ARADDR    |  out|   32|       m_axi|                                aw|       pointer|
|m_axi_aw_ARID      |  out|    1|       m_axi|                                aw|       pointer|
|m_axi_aw_ARLEN     |  out|   32|       m_axi|                                aw|       pointer|
|m_axi_aw_ARSIZE    |  out|    3|       m_axi|                                aw|       pointer|
|m_axi_aw_ARBURST   |  out|    2|       m_axi|                                aw|       pointer|
|m_axi_aw_ARLOCK    |  out|    2|       m_axi|                                aw|       pointer|
|m_axi_aw_ARCACHE   |  out|    4|       m_axi|                                aw|       pointer|
|m_axi_aw_ARPROT    |  out|    3|       m_axi|                                aw|       pointer|
|m_axi_aw_ARQOS     |  out|    4|       m_axi|                                aw|       pointer|
|m_axi_aw_ARREGION  |  out|    4|       m_axi|                                aw|       pointer|
|m_axi_aw_ARUSER    |  out|    1|       m_axi|                                aw|       pointer|
|m_axi_aw_RVALID    |   in|    1|       m_axi|                                aw|       pointer|
|m_axi_aw_RREADY    |  out|    1|       m_axi|                                aw|       pointer|
|m_axi_aw_RDATA     |   in|   64|       m_axi|                                aw|       pointer|
|m_axi_aw_RLAST     |   in|    1|       m_axi|                                aw|       pointer|
|m_axi_aw_RID       |   in|    1|       m_axi|                                aw|       pointer|
|m_axi_aw_RFIFONUM  |   in|   10|       m_axi|                                aw|       pointer|
|m_axi_aw_RUSER     |   in|    1|       m_axi|                                aw|       pointer|
|m_axi_aw_RRESP     |   in|    2|       m_axi|                                aw|       pointer|
|m_axi_aw_BVALID    |   in|    1|       m_axi|                                aw|       pointer|
|m_axi_aw_BREADY    |  out|    1|       m_axi|                                aw|       pointer|
|m_axi_aw_BRESP     |   in|    2|       m_axi|                                aw|       pointer|
|m_axi_aw_BID       |   in|    1|       m_axi|                                aw|       pointer|
|m_axi_aw_BUSER     |   in|    1|       m_axi|                                aw|       pointer|
|stride_a           |   in|   17|     ap_none|                          stride_a|        scalar|
|sub_i28_cast       |   in|   14|     ap_none|                      sub_i28_cast|        scalar|
|sext_ln106         |   in|   29|     ap_none|                        sext_ln106|        scalar|
|a_buf_7_address0   |  out|    5|   ap_memory|                           a_buf_7|         array|
|a_buf_7_ce0        |  out|    1|   ap_memory|                           a_buf_7|         array|
|a_buf_7_we0        |  out|    1|   ap_memory|                           a_buf_7|         array|
|a_buf_7_d0         |  out|   64|   ap_memory|                           a_buf_7|         array|
|a_buf_6_address0   |  out|    5|   ap_memory|                           a_buf_6|         array|
|a_buf_6_ce0        |  out|    1|   ap_memory|                           a_buf_6|         array|
|a_buf_6_we0        |  out|    1|   ap_memory|                           a_buf_6|         array|
|a_buf_6_d0         |  out|   64|   ap_memory|                           a_buf_6|         array|
|a_buf_5_address0   |  out|    5|   ap_memory|                           a_buf_5|         array|
|a_buf_5_ce0        |  out|    1|   ap_memory|                           a_buf_5|         array|
|a_buf_5_we0        |  out|    1|   ap_memory|                           a_buf_5|         array|
|a_buf_5_d0         |  out|   64|   ap_memory|                           a_buf_5|         array|
|a_buf_4_address0   |  out|    5|   ap_memory|                           a_buf_4|         array|
|a_buf_4_ce0        |  out|    1|   ap_memory|                           a_buf_4|         array|
|a_buf_4_we0        |  out|    1|   ap_memory|                           a_buf_4|         array|
|a_buf_4_d0         |  out|   64|   ap_memory|                           a_buf_4|         array|
|a_buf_3_address0   |  out|    5|   ap_memory|                           a_buf_3|         array|
|a_buf_3_ce0        |  out|    1|   ap_memory|                           a_buf_3|         array|
|a_buf_3_we0        |  out|    1|   ap_memory|                           a_buf_3|         array|
|a_buf_3_d0         |  out|   64|   ap_memory|                           a_buf_3|         array|
|a_buf_2_address0   |  out|    5|   ap_memory|                           a_buf_2|         array|
|a_buf_2_ce0        |  out|    1|   ap_memory|                           a_buf_2|         array|
|a_buf_2_we0        |  out|    1|   ap_memory|                           a_buf_2|         array|
|a_buf_2_d0         |  out|   64|   ap_memory|                           a_buf_2|         array|
|a_buf_1_address0   |  out|    5|   ap_memory|                           a_buf_1|         array|
|a_buf_1_ce0        |  out|    1|   ap_memory|                           a_buf_1|         array|
|a_buf_1_we0        |  out|    1|   ap_memory|                           a_buf_1|         array|
|a_buf_1_d0         |  out|   64|   ap_memory|                           a_buf_1|         array|
|a_buf_address0     |  out|    5|   ap_memory|                             a_buf|         array|
|a_buf_ce0          |  out|    1|   ap_memory|                             a_buf|         array|
|a_buf_we0          |  out|    1|   ap_memory|                             a_buf|         array|
|a_buf_d0           |  out|   64|   ap_memory|                             a_buf|         array|
+-------------------+-----+-----+------------+----------------------------------+--------------+

============================================================
+ Verbose Summary: Synthesis Manager
============================================================
InlineROM: 1
ExposeGlobal: 0
============================================================
+ Verbose Summary: CDFG Model
============================================================
IsTopModel: 0
ResetActiveHigh: 1
IsCombinational: 2
IsDatapathOnly: 2
HasWiredReturn: 1
HasMFsm: 2
HasVarLatency: 1
IsPipeline: 0
IsRtlPipelined: 0
IsInstanceOverlapped: 0
IsDontTouch: 0
HasImplIP: 0
IsGatedGlobalClock: 0

+ Individual pipeline summary: 
  * Pipeline-0: initiation interval (II) = 1, depth = 3


============================================================
+ Verbose Summary: Schedule
============================================================
* Number of FSM states : 3
* Pipeline : 1
  Pipeline-0 : II = 1, D = 3, States = { 1 2 3 }
* Dataflow Pipeline: 0

* FSM state transitions: 
1 --> 2 
2 --> 3 
3 --> 

* FSM state operations: 

State 1 <SV = 0> <Delay = 5.28>
ST_1 : Operation 6 [1/1] (0.00ns)   --->   "%r = alloca i32 1" [/home/ulisses/Projects/ursa/exp/output-stationary-v2/sources/vanilla/src/core/shell.cpp:103->/home/ulisses/Projects/ursa/exp/output-stationary-v2/sources/vanilla/src/core/shell.cpp:210]   --->   Operation 6 'alloca' 'r' <Predicate = true> <Delay = 0.00>
ST_1 : Operation 7 [1/1] (0.00ns)   --->   "%c = alloca i32 1" [/home/ulisses/Projects/ursa/exp/output-stationary-v2/sources/vanilla/src/core/shell.cpp:103->/home/ulisses/Projects/ursa/exp/output-stationary-v2/sources/vanilla/src/core/shell.cpp:210]   --->   Operation 7 'alloca' 'c' <Predicate = true> <Delay = 0.00>
ST_1 : Operation 8 [1/1] (0.00ns)   --->   "%n = alloca i32 1" [/home/ulisses/Projects/ursa/exp/output-stationary-v2/sources/vanilla/src/core/shell.cpp:106->/home/ulisses/Projects/ursa/exp/output-stationary-v2/sources/vanilla/src/core/shell.cpp:210]   --->   Operation 8 'alloca' 'n' <Predicate = true> <Delay = 0.00>
ST_1 : Operation 9 [1/1] (0.00ns)   --->   "%sext_ln106_read = read i29 @_ssdm_op_Read.ap_auto.i29, i29 %sext_ln106"   --->   Operation 9 'read' 'sext_ln106_read' <Predicate = true> <Delay = 0.00>
ST_1 : Operation 10 [1/1] (0.00ns)   --->   "%sub_i28_cast_read = read i14 @_ssdm_op_Read.ap_auto.i14, i14 %sub_i28_cast"   --->   Operation 10 'read' 'sub_i28_cast_read' <Predicate = true> <Delay = 0.00>
ST_1 : Operation 11 [1/1] (0.00ns)   --->   "%stride_a_read = read i17 @_ssdm_op_Read.ap_auto.i17, i17 %stride_a"   --->   Operation 11 'read' 'stride_a_read' <Predicate = true> <Delay = 0.00>
ST_1 : Operation 12 [1/1] (0.00ns)   --->   "%sext_ln106_cast = sext i29 %sext_ln106_read"   --->   Operation 12 'sext' 'sext_ln106_cast' <Predicate = true> <Delay = 0.00>
ST_1 : Operation 13 [1/1] (0.00ns)   --->   "%sub_i28_cast_cast = sext i14 %sub_i28_cast_read"   --->   Operation 13 'sext' 'sub_i28_cast_cast' <Predicate = true> <Delay = 0.00>
ST_1 : Operation 14 [1/1] (0.00ns)   --->   "%specinterface_ln0 = specinterface void @_ssdm_op_SpecInterface, i64 %aw, void @empty_6, i32 0, i32 0, void @empty_7, i32 0, i32 1024, void @empty_8, void @empty, void @empty_7, i32 8, i32 8, i32 64, i32 16, void @empty_7, void @empty_7, i32 4294967295, i32 0"   --->   Operation 14 'specinterface' 'specinterface_ln0' <Predicate = true> <Delay = 0.00>
ST_1 : Operation 15 [1/1] (1.58ns)   --->   "%store_ln106 = store i17 0, i17 %n" [/home/ulisses/Projects/ursa/exp/output-stationary-v2/sources/vanilla/src/core/shell.cpp:106->/home/ulisses/Projects/ursa/exp/output-stationary-v2/sources/vanilla/src/core/shell.cpp:210]   --->   Operation 15 'store' 'store_ln106' <Predicate = true> <Delay = 1.58>
ST_1 : Operation 16 [1/1] (1.58ns)   --->   "%store_ln103 = store i16 0, i16 %c" [/home/ulisses/Projects/ursa/exp/output-stationary-v2/sources/vanilla/src/core/shell.cpp:103->/home/ulisses/Projects/ursa/exp/output-stationary-v2/sources/vanilla/src/core/shell.cpp:210]   --->   Operation 16 'store' 'store_ln103' <Predicate = true> <Delay = 1.58>
ST_1 : Operation 17 [1/1] (1.58ns)   --->   "%store_ln103 = store i16 0, i16 %r" [/home/ulisses/Projects/ursa/exp/output-stationary-v2/sources/vanilla/src/core/shell.cpp:103->/home/ulisses/Projects/ursa/exp/output-stationary-v2/sources/vanilla/src/core/shell.cpp:210]   --->   Operation 17 'store' 'store_ln103' <Predicate = true> <Delay = 1.58>
ST_1 : Operation 18 [1/1] (0.00ns)   --->   "%br_ln0 = br void %for.body.i"   --->   Operation 18 'br' 'br_ln0' <Predicate = true> <Delay = 0.00>
ST_1 : Operation 19 [1/1] (0.00ns)   --->   "%n_1 = load i17 %n" [/home/ulisses/Projects/ursa/exp/output-stationary-v2/sources/vanilla/src/core/shell.cpp:106->/home/ulisses/Projects/ursa/exp/output-stationary-v2/sources/vanilla/src/core/shell.cpp:210]   --->   Operation 19 'load' 'n_1' <Predicate = true> <Delay = 0.00>
ST_1 : Operation 20 [1/1] (2.10ns)   --->   "%icmp_ln106 = icmp_eq  i17 %n_1, i17 %stride_a_read" [/home/ulisses/Projects/ursa/exp/output-stationary-v2/sources/vanilla/src/core/shell.cpp:106->/home/ulisses/Projects/ursa/exp/output-stationary-v2/sources/vanilla/src/core/shell.cpp:210]   --->   Operation 20 'icmp' 'icmp_ln106' <Predicate = true> <Delay = 2.10> <CoreInst = "Cmp">   --->   Core 9 'Cmp' <Latency = 0> <II = 1> <Delay = 2.10> <FuncUnit> <Opcode : 'icmp'> <InPorts = 2> <OutPorts = 1>
ST_1 : Operation 21 [1/1] (2.10ns)   --->   "%add_ln106 = add i17 %n_1, i17 1" [/home/ulisses/Projects/ursa/exp/output-stationary-v2/sources/vanilla/src/core/shell.cpp:106->/home/ulisses/Projects/ursa/exp/output-stationary-v2/sources/vanilla/src/core/shell.cpp:210]   --->   Operation 21 'add' 'add_ln106' <Predicate = true> <Delay = 2.10> <CoreInst = "Adder">   --->   Core 1 'Adder' <Latency = 0> <II = 1> <Delay = 2.10> <FuncUnit> <Opcode : 'add' 'sub'> <InPorts = 2> <OutPorts = 1>
ST_1 : Operation 22 [1/1] (0.00ns)   --->   "%br_ln106 = br i1 %icmp_ln106, void %for.body.i.split, void %STREAM_K.preheader.exitStub" [/home/ulisses/Projects/ursa/exp/output-stationary-v2/sources/vanilla/src/core/shell.cpp:106->/home/ulisses/Projects/ursa/exp/output-stationary-v2/sources/vanilla/src/core/shell.cpp:210]   --->   Operation 22 'br' 'br_ln106' <Predicate = true> <Delay = 0.00>
ST_1 : Operation 23 [1/1] (1.58ns)   --->   "%store_ln106 = store i17 %add_ln106, i17 %n" [/home/ulisses/Projects/ursa/exp/output-stationary-v2/sources/vanilla/src/core/shell.cpp:106->/home/ulisses/Projects/ursa/exp/output-stationary-v2/sources/vanilla/src/core/shell.cpp:210]   --->   Operation 23 'store' 'store_ln106' <Predicate = (!icmp_ln106)> <Delay = 1.58>

State 2 <SV = 1> <Delay = 7.30>
ST_2 : Operation 24 [1/1] (0.00ns)   --->   "%r_3 = load i16 %r" [/home/ulisses/Projects/ursa/exp/output-stationary-v2/sources/vanilla/src/core/shell.cpp:103->/home/ulisses/Projects/ursa/exp/output-stationary-v2/sources/vanilla/src/core/shell.cpp:210]   --->   Operation 24 'load' 'r_3' <Predicate = true> <Delay = 0.00>
ST_2 : Operation 25 [1/1] (0.00ns)   --->   "%c_3 = load i16 %c" [/home/ulisses/Projects/ursa/exp/output-stationary-v2/sources/vanilla/src/core/shell.cpp:111->/home/ulisses/Projects/ursa/exp/output-stationary-v2/sources/vanilla/src/core/shell.cpp:210]   --->   Operation 25 'load' 'c_3' <Predicate = true> <Delay = 0.00>
ST_2 : Operation 26 [1/1] (0.00ns)   --->   "%specbitsmap_ln0 = specbitsmap void @_ssdm_op_SpecBitsMap, i64 %aw"   --->   Operation 26 'specbitsmap' 'specbitsmap_ln0' <Predicate = true> <Delay = 0.00>
ST_2 : Operation 27 [1/1] (0.00ns)   --->   "%aw_addr = getelementptr i64 %aw, i32 %sext_ln106_cast" [/home/ulisses/Projects/ursa/exp/output-stationary-v2/sources/vanilla/src/core/shell.cpp:106->/home/ulisses/Projects/ursa/exp/output-stationary-v2/sources/vanilla/src/core/shell.cpp:210]   --->   Operation 27 'getelementptr' 'aw_addr' <Predicate = (!icmp_ln106)> <Delay = 0.00>
ST_2 : Operation 28 [1/1] (0.00ns)   --->   "%trunc_ln103 = trunc i16 %r_3" [/home/ulisses/Projects/ursa/exp/output-stationary-v2/sources/vanilla/src/core/shell.cpp:103->/home/ulisses/Projects/ursa/exp/output-stationary-v2/sources/vanilla/src/core/shell.cpp:210]   --->   Operation 28 'trunc' 'trunc_ln103' <Predicate = (!icmp_ln106)> <Delay = 0.00>
ST_2 : Operation 29 [1/1] (0.00ns)   --->   "%zext_ln109_1 = zext i16 %c_3" [/home/ulisses/Projects/ursa/exp/output-stationary-v2/sources/vanilla/src/core/shell.cpp:109->/home/ulisses/Projects/ursa/exp/output-stationary-v2/sources/vanilla/src/core/shell.cpp:210]   --->   Operation 29 'zext' 'zext_ln109_1' <Predicate = (!icmp_ln106)> <Delay = 0.00>
ST_2 : Operation 30 [1/1] (7.30ns)   --->   "%aw_addr_read = read i64 @_ssdm_op_Read.m_axi.p1i64, i32 %aw_addr" [/home/ulisses/Projects/ursa/exp/output-stationary-v2/sources/vanilla/src/core/shell.cpp:109->/home/ulisses/Projects/ursa/exp/output-stationary-v2/sources/vanilla/src/core/shell.cpp:210]   --->   Operation 30 'read' 'aw_addr_read' <Predicate = (!icmp_ln106)> <Delay = 7.30> <CoreInst = "m_axi">   --->   Core 113 'm_axi' <Latency = 0> <II = 1> <Delay = 1.00> <Adapter> <Opcode : 'read' 'write' 'readreq' 'writereq' 'writeresp'>
ST_2 : Operation 31 [1/1] (1.87ns)   --->   "%switch_ln109 = switch i3 %trunc_ln103, void %arrayidx41.i78.case.7, i3 0, void %arrayidx41.i78.case.0, i3 1, void %arrayidx41.i78.case.1, i3 2, void %arrayidx41.i78.case.2, i3 3, void %arrayidx41.i78.case.3, i3 4, void %arrayidx41.i78.case.4, i3 5, void %arrayidx41.i78.case.5, i3 6, void %arrayidx41.i78.case.6" [/home/ulisses/Projects/ursa/exp/output-stationary-v2/sources/vanilla/src/core/shell.cpp:109->/home/ulisses/Projects/ursa/exp/output-stationary-v2/sources/vanilla/src/core/shell.cpp:210]   --->   Operation 31 'switch' 'switch_ln109' <Predicate = (!icmp_ln106)> <Delay = 1.87>
ST_2 : Operation 32 [1/1] (2.07ns)   --->   "%icmp_ln110 = icmp_eq  i17 %sub_i28_cast_cast, i17 %zext_ln109_1" [/home/ulisses/Projects/ursa/exp/output-stationary-v2/sources/vanilla/src/core/shell.cpp:110->/home/ulisses/Projects/ursa/exp/output-stationary-v2/sources/vanilla/src/core/shell.cpp:210]   --->   Operation 32 'icmp' 'icmp_ln110' <Predicate = (!icmp_ln106)> <Delay = 2.07> <CoreInst = "Cmp">   --->   Core 9 'Cmp' <Latency = 0> <II = 1> <Delay = 2.10> <FuncUnit> <Opcode : 'icmp'> <InPorts = 2> <OutPorts = 1>
ST_2 : Operation 33 [1/1] (2.07ns)   --->   "%r_4 = add i16 %r_3, i16 1" [/home/ulisses/Projects/ursa/exp/output-stationary-v2/sources/vanilla/src/core/shell.cpp:110->/home/ulisses/Projects/ursa/exp/output-stationary-v2/sources/vanilla/src/core/shell.cpp:210]   --->   Operation 33 'add' 'r_4' <Predicate = (!icmp_ln106)> <Delay = 2.07> <CoreInst = "Adder">   --->   Core 1 'Adder' <Latency = 0> <II = 1> <Delay = 2.07> <FuncUnit> <Opcode : 'add' 'sub'> <InPorts = 2> <OutPorts = 1>
ST_2 : Operation 34 [1/1] (2.07ns)   --->   "%c_4 = add i16 %c_3, i16 1" [/home/ulisses/Projects/ursa/exp/output-stationary-v2/sources/vanilla/src/core/shell.cpp:111->/home/ulisses/Projects/ursa/exp/output-stationary-v2/sources/vanilla/src/core/shell.cpp:210]   --->   Operation 34 'add' 'c_4' <Predicate = (!icmp_ln106)> <Delay = 2.07> <CoreInst = "Adder">   --->   Core 1 'Adder' <Latency = 0> <II = 1> <Delay = 2.07> <FuncUnit> <Opcode : 'add' 'sub'> <InPorts = 2> <OutPorts = 1>
ST_2 : Operation 35 [1/1] (0.80ns)   --->   "%r_5 = select i1 %icmp_ln110, i16 %r_4, i16 %r_3" [/home/ulisses/Projects/ursa/exp/output-stationary-v2/sources/vanilla/src/core/shell.cpp:110->/home/ulisses/Projects/ursa/exp/output-stationary-v2/sources/vanilla/src/core/shell.cpp:210]   --->   Operation 35 'select' 'r_5' <Predicate = (!icmp_ln106)> <Delay = 0.80> <CoreInst = "Sel">   --->   Core 73 'Sel' <Latency = 0> <II = 1> <Delay = 0.80> <FuncUnit> <Opcode : 'select'> <InPorts = 3> <OutPorts = 1>
ST_2 : Operation 36 [1/1] (0.80ns)   --->   "%c_5 = select i1 %icmp_ln110, i16 0, i16 %c_4" [/home/ulisses/Projects/ursa/exp/output-stationary-v2/sources/vanilla/src/core/shell.cpp:110->/home/ulisses/Projects/ursa/exp/output-stationary-v2/sources/vanilla/src/core/shell.cpp:210]   --->   Operation 36 'select' 'c_5' <Predicate = (!icmp_ln106)> <Delay = 0.80> <CoreInst = "Sel">   --->   Core 73 'Sel' <Latency = 0> <II = 1> <Delay = 0.80> <FuncUnit> <Opcode : 'select'> <InPorts = 3> <OutPorts = 1>
ST_2 : Operation 37 [1/1] (1.58ns)   --->   "%store_ln103 = store i16 %c_5, i16 %c" [/home/ulisses/Projects/ursa/exp/output-stationary-v2/sources/vanilla/src/core/shell.cpp:103->/home/ulisses/Projects/ursa/exp/output-stationary-v2/sources/vanilla/src/core/shell.cpp:210]   --->   Operation 37 'store' 'store_ln103' <Predicate = (!icmp_ln106)> <Delay = 1.58>
ST_2 : Operation 38 [1/1] (1.58ns)   --->   "%store_ln103 = store i16 %r_5, i16 %r" [/home/ulisses/Projects/ursa/exp/output-stationary-v2/sources/vanilla/src/core/shell.cpp:103->/home/ulisses/Projects/ursa/exp/output-stationary-v2/sources/vanilla/src/core/shell.cpp:210]   --->   Operation 38 'store' 'store_ln103' <Predicate = (!icmp_ln106)> <Delay = 1.58>
ST_2 : Operation 39 [1/1] (0.00ns)   --->   "%br_ln106 = br void %for.body.i" [/home/ulisses/Projects/ursa/exp/output-stationary-v2/sources/vanilla/src/core/shell.cpp:106->/home/ulisses/Projects/ursa/exp/output-stationary-v2/sources/vanilla/src/core/shell.cpp:210]   --->   Operation 39 'br' 'br_ln106' <Predicate = (!icmp_ln106)> <Delay = 0.00>
ST_2 : Operation 68 [1/1] (0.00ns)   --->   "%ret_ln0 = ret"   --->   Operation 68 'ret' 'ret_ln0' <Predicate = (icmp_ln106)> <Delay = 0.00>

State 3 <SV = 2> <Delay = 3.25>
ST_3 : Operation 40 [1/1] (0.00ns)   --->   "%specpipeline_ln107 = specpipeline void @_ssdm_op_SpecPipeline, i32 1, i32 0, i32 0, i32 0, void @empty_7" [/home/ulisses/Projects/ursa/exp/output-stationary-v2/sources/vanilla/src/core/shell.cpp:107->/home/ulisses/Projects/ursa/exp/output-stationary-v2/sources/vanilla/src/core/shell.cpp:210]   --->   Operation 40 'specpipeline' 'specpipeline_ln107' <Predicate = true> <Delay = 0.00>
ST_3 : Operation 41 [1/1] (0.00ns)   --->   "%speclooptripcount_ln108 = speclooptripcount void @_ssdm_op_SpecLoopTripCount, i64 36, i64 144, i64 144" [/home/ulisses/Projects/ursa/exp/output-stationary-v2/sources/vanilla/src/core/shell.cpp:108->/home/ulisses/Projects/ursa/exp/output-stationary-v2/sources/vanilla/src/core/shell.cpp:210]   --->   Operation 41 'speclooptripcount' 'speclooptripcount_ln108' <Predicate = true> <Delay = 0.00>
ST_3 : Operation 42 [1/1] (0.00ns)   --->   "%specloopname_ln106 = specloopname void @_ssdm_op_SpecLoopName, void @empty_14" [/home/ulisses/Projects/ursa/exp/output-stationary-v2/sources/vanilla/src/core/shell.cpp:106->/home/ulisses/Projects/ursa/exp/output-stationary-v2/sources/vanilla/src/core/shell.cpp:210]   --->   Operation 42 'specloopname' 'specloopname_ln106' <Predicate = true> <Delay = 0.00>
ST_3 : Operation 43 [1/1] (0.00ns)   --->   "%zext_ln109 = zext i16 %c_3" [/home/ulisses/Projects/ursa/exp/output-stationary-v2/sources/vanilla/src/core/shell.cpp:109->/home/ulisses/Projects/ursa/exp/output-stationary-v2/sources/vanilla/src/core/shell.cpp:210]   --->   Operation 43 'zext' 'zext_ln109' <Predicate = true> <Delay = 0.00>
ST_3 : Operation 44 [1/1] (0.00ns)   --->   "%a_buf_addr = getelementptr i64 %a_buf, i32 0, i32 %zext_ln109" [/home/ulisses/Projects/ursa/exp/output-stationary-v2/sources/vanilla/src/core/shell.cpp:109->/home/ulisses/Projects/ursa/exp/output-stationary-v2/sources/vanilla/src/core/shell.cpp:210]   --->   Operation 44 'getelementptr' 'a_buf_addr' <Predicate = true> <Delay = 0.00>
ST_3 : Operation 45 [1/1] (0.00ns)   --->   "%a_buf_1_addr = getelementptr i64 %a_buf_1, i32 0, i32 %zext_ln109" [/home/ulisses/Projects/ursa/exp/output-stationary-v2/sources/vanilla/src/core/shell.cpp:109->/home/ulisses/Projects/ursa/exp/output-stationary-v2/sources/vanilla/src/core/shell.cpp:210]   --->   Operation 45 'getelementptr' 'a_buf_1_addr' <Predicate = true> <Delay = 0.00>
ST_3 : Operation 46 [1/1] (0.00ns)   --->   "%a_buf_2_addr = getelementptr i64 %a_buf_2, i32 0, i32 %zext_ln109" [/home/ulisses/Projects/ursa/exp/output-stationary-v2/sources/vanilla/src/core/shell.cpp:109->/home/ulisses/Projects/ursa/exp/output-stationary-v2/sources/vanilla/src/core/shell.cpp:210]   --->   Operation 46 'getelementptr' 'a_buf_2_addr' <Predicate = true> <Delay = 0.00>
ST_3 : Operation 47 [1/1] (0.00ns)   --->   "%a_buf_3_addr = getelementptr i64 %a_buf_3, i32 0, i32 %zext_ln109" [/home/ulisses/Projects/ursa/exp/output-stationary-v2/sources/vanilla/src/core/shell.cpp:109->/home/ulisses/Projects/ursa/exp/output-stationary-v2/sources/vanilla/src/core/shell.cpp:210]   --->   Operation 47 'getelementptr' 'a_buf_3_addr' <Predicate = true> <Delay = 0.00>
ST_3 : Operation 48 [1/1] (0.00ns)   --->   "%a_buf_4_addr = getelementptr i64 %a_buf_4, i32 0, i32 %zext_ln109" [/home/ulisses/Projects/ursa/exp/output-stationary-v2/sources/vanilla/src/core/shell.cpp:109->/home/ulisses/Projects/ursa/exp/output-stationary-v2/sources/vanilla/src/core/shell.cpp:210]   --->   Operation 48 'getelementptr' 'a_buf_4_addr' <Predicate = true> <Delay = 0.00>
ST_3 : Operation 49 [1/1] (0.00ns)   --->   "%a_buf_5_addr = getelementptr i64 %a_buf_5, i32 0, i32 %zext_ln109" [/home/ulisses/Projects/ursa/exp/output-stationary-v2/sources/vanilla/src/core/shell.cpp:109->/home/ulisses/Projects/ursa/exp/output-stationary-v2/sources/vanilla/src/core/shell.cpp:210]   --->   Operation 49 'getelementptr' 'a_buf_5_addr' <Predicate = true> <Delay = 0.00>
ST_3 : Operation 50 [1/1] (0.00ns)   --->   "%a_buf_6_addr = getelementptr i64 %a_buf_6, i32 0, i32 %zext_ln109" [/home/ulisses/Projects/ursa/exp/output-stationary-v2/sources/vanilla/src/core/shell.cpp:109->/home/ulisses/Projects/ursa/exp/output-stationary-v2/sources/vanilla/src/core/shell.cpp:210]   --->   Operation 50 'getelementptr' 'a_buf_6_addr' <Predicate = true> <Delay = 0.00>
ST_3 : Operation 51 [1/1] (0.00ns)   --->   "%a_buf_7_addr = getelementptr i64 %a_buf_7, i32 0, i32 %zext_ln109" [/home/ulisses/Projects/ursa/exp/output-stationary-v2/sources/vanilla/src/core/shell.cpp:109->/home/ulisses/Projects/ursa/exp/output-stationary-v2/sources/vanilla/src/core/shell.cpp:210]   --->   Operation 51 'getelementptr' 'a_buf_7_addr' <Predicate = true> <Delay = 0.00>
ST_3 : Operation 52 [1/1] (3.25ns)   --->   "%store_ln109 = store i64 %aw_addr_read, i5 %a_buf_6_addr" [/home/ulisses/Projects/ursa/exp/output-stationary-v2/sources/vanilla/src/core/shell.cpp:109->/home/ulisses/Projects/ursa/exp/output-stationary-v2/sources/vanilla/src/core/shell.cpp:210]   --->   Operation 52 'store' 'store_ln109' <Predicate = (trunc_ln103 == 6)> <Delay = 3.25> <CoreInst = "RAM">   --->   Core 82 'RAM' <Latency = 1> <II = 1> <Delay = 3.25> <Storage> <Opcode : 'load' 'store'> <Ports = 2> <Width = 64> <Depth = 32> <RAM>
ST_3 : Operation 53 [1/1] (0.00ns)   --->   "%br_ln109 = br void %arrayidx41.i78.exit" [/home/ulisses/Projects/ursa/exp/output-stationary-v2/sources/vanilla/src/core/shell.cpp:109->/home/ulisses/Projects/ursa/exp/output-stationary-v2/sources/vanilla/src/core/shell.cpp:210]   --->   Operation 53 'br' 'br_ln109' <Predicate = (trunc_ln103 == 6)> <Delay = 0.00>
ST_3 : Operation 54 [1/1] (3.25ns)   --->   "%store_ln109 = store i64 %aw_addr_read, i5 %a_buf_5_addr" [/home/ulisses/Projects/ursa/exp/output-stationary-v2/sources/vanilla/src/core/shell.cpp:109->/home/ulisses/Projects/ursa/exp/output-stationary-v2/sources/vanilla/src/core/shell.cpp:210]   --->   Operation 54 'store' 'store_ln109' <Predicate = (trunc_ln103 == 5)> <Delay = 3.25> <CoreInst = "RAM">   --->   Core 82 'RAM' <Latency = 1> <II = 1> <Delay = 3.25> <Storage> <Opcode : 'load' 'store'> <Ports = 2> <Width = 64> <Depth = 32> <RAM>
ST_3 : Operation 55 [1/1] (0.00ns)   --->   "%br_ln109 = br void %arrayidx41.i78.exit" [/home/ulisses/Projects/ursa/exp/output-stationary-v2/sources/vanilla/src/core/shell.cpp:109->/home/ulisses/Projects/ursa/exp/output-stationary-v2/sources/vanilla/src/core/shell.cpp:210]   --->   Operation 55 'br' 'br_ln109' <Predicate = (trunc_ln103 == 5)> <Delay = 0.00>
ST_3 : Operation 56 [1/1] (3.25ns)   --->   "%store_ln109 = store i64 %aw_addr_read, i5 %a_buf_4_addr" [/home/ulisses/Projects/ursa/exp/output-stationary-v2/sources/vanilla/src/core/shell.cpp:109->/home/ulisses/Projects/ursa/exp/output-stationary-v2/sources/vanilla/src/core/shell.cpp:210]   --->   Operation 56 'store' 'store_ln109' <Predicate = (trunc_ln103 == 4)> <Delay = 3.25> <CoreInst = "RAM">   --->   Core 82 'RAM' <Latency = 1> <II = 1> <Delay = 3.25> <Storage> <Opcode : 'load' 'store'> <Ports = 2> <Width = 64> <Depth = 32> <RAM>
ST_3 : Operation 57 [1/1] (0.00ns)   --->   "%br_ln109 = br void %arrayidx41.i78.exit" [/home/ulisses/Projects/ursa/exp/output-stationary-v2/sources/vanilla/src/core/shell.cpp:109->/home/ulisses/Projects/ursa/exp/output-stationary-v2/sources/vanilla/src/core/shell.cpp:210]   --->   Operation 57 'br' 'br_ln109' <Predicate = (trunc_ln103 == 4)> <Delay = 0.00>
ST_3 : Operation 58 [1/1] (3.25ns)   --->   "%store_ln109 = store i64 %aw_addr_read, i5 %a_buf_3_addr" [/home/ulisses/Projects/ursa/exp/output-stationary-v2/sources/vanilla/src/core/shell.cpp:109->/home/ulisses/Projects/ursa/exp/output-stationary-v2/sources/vanilla/src/core/shell.cpp:210]   --->   Operation 58 'store' 'store_ln109' <Predicate = (trunc_ln103 == 3)> <Delay = 3.25> <CoreInst = "RAM">   --->   Core 82 'RAM' <Latency = 1> <II = 1> <Delay = 3.25> <Storage> <Opcode : 'load' 'store'> <Ports = 2> <Width = 64> <Depth = 32> <RAM>
ST_3 : Operation 59 [1/1] (0.00ns)   --->   "%br_ln109 = br void %arrayidx41.i78.exit" [/home/ulisses/Projects/ursa/exp/output-stationary-v2/sources/vanilla/src/core/shell.cpp:109->/home/ulisses/Projects/ursa/exp/output-stationary-v2/sources/vanilla/src/core/shell.cpp:210]   --->   Operation 59 'br' 'br_ln109' <Predicate = (trunc_ln103 == 3)> <Delay = 0.00>
ST_3 : Operation 60 [1/1] (3.25ns)   --->   "%store_ln109 = store i64 %aw_addr_read, i5 %a_buf_2_addr" [/home/ulisses/Projects/ursa/exp/output-stationary-v2/sources/vanilla/src/core/shell.cpp:109->/home/ulisses/Projects/ursa/exp/output-stationary-v2/sources/vanilla/src/core/shell.cpp:210]   --->   Operation 60 'store' 'store_ln109' <Predicate = (trunc_ln103 == 2)> <Delay = 3.25> <CoreInst = "RAM">   --->   Core 82 'RAM' <Latency = 1> <II = 1> <Delay = 3.25> <Storage> <Opcode : 'load' 'store'> <Ports = 2> <Width = 64> <Depth = 32> <RAM>
ST_3 : Operation 61 [1/1] (0.00ns)   --->   "%br_ln109 = br void %arrayidx41.i78.exit" [/home/ulisses/Projects/ursa/exp/output-stationary-v2/sources/vanilla/src/core/shell.cpp:109->/home/ulisses/Projects/ursa/exp/output-stationary-v2/sources/vanilla/src/core/shell.cpp:210]   --->   Operation 61 'br' 'br_ln109' <Predicate = (trunc_ln103 == 2)> <Delay = 0.00>
ST_3 : Operation 62 [1/1] (3.25ns)   --->   "%store_ln109 = store i64 %aw_addr_read, i5 %a_buf_1_addr" [/home/ulisses/Projects/ursa/exp/output-stationary-v2/sources/vanilla/src/core/shell.cpp:109->/home/ulisses/Projects/ursa/exp/output-stationary-v2/sources/vanilla/src/core/shell.cpp:210]   --->   Operation 62 'store' 'store_ln109' <Predicate = (trunc_ln103 == 1)> <Delay = 3.25> <CoreInst = "RAM">   --->   Core 82 'RAM' <Latency = 1> <II = 1> <Delay = 3.25> <Storage> <Opcode : 'load' 'store'> <Ports = 2> <Width = 64> <Depth = 32> <RAM>
ST_3 : Operation 63 [1/1] (0.00ns)   --->   "%br_ln109 = br void %arrayidx41.i78.exit" [/home/ulisses/Projects/ursa/exp/output-stationary-v2/sources/vanilla/src/core/shell.cpp:109->/home/ulisses/Projects/ursa/exp/output-stationary-v2/sources/vanilla/src/core/shell.cpp:210]   --->   Operation 63 'br' 'br_ln109' <Predicate = (trunc_ln103 == 1)> <Delay = 0.00>
ST_3 : Operation 64 [1/1] (3.25ns)   --->   "%store_ln109 = store i64 %aw_addr_read, i5 %a_buf_addr" [/home/ulisses/Projects/ursa/exp/output-stationary-v2/sources/vanilla/src/core/shell.cpp:109->/home/ulisses/Projects/ursa/exp/output-stationary-v2/sources/vanilla/src/core/shell.cpp:210]   --->   Operation 64 'store' 'store_ln109' <Predicate = (trunc_ln103 == 0)> <Delay = 3.25> <CoreInst = "RAM">   --->   Core 82 'RAM' <Latency = 1> <II = 1> <Delay = 3.25> <Storage> <Opcode : 'load' 'store'> <Ports = 2> <Width = 64> <Depth = 32> <RAM>
ST_3 : Operation 65 [1/1] (0.00ns)   --->   "%br_ln109 = br void %arrayidx41.i78.exit" [/home/ulisses/Projects/ursa/exp/output-stationary-v2/sources/vanilla/src/core/shell.cpp:109->/home/ulisses/Projects/ursa/exp/output-stationary-v2/sources/vanilla/src/core/shell.cpp:210]   --->   Operation 65 'br' 'br_ln109' <Predicate = (trunc_ln103 == 0)> <Delay = 0.00>
ST_3 : Operation 66 [1/1] (3.25ns)   --->   "%store_ln109 = store i64 %aw_addr_read, i5 %a_buf_7_addr" [/home/ulisses/Projects/ursa/exp/output-stationary-v2/sources/vanilla/src/core/shell.cpp:109->/home/ulisses/Projects/ursa/exp/output-stationary-v2/sources/vanilla/src/core/shell.cpp:210]   --->   Operation 66 'store' 'store_ln109' <Predicate = (trunc_ln103 == 7)> <Delay = 3.25> <CoreInst = "RAM">   --->   Core 82 'RAM' <Latency = 1> <II = 1> <Delay = 3.25> <Storage> <Opcode : 'load' 'store'> <Ports = 2> <Width = 64> <Depth = 32> <RAM>
ST_3 : Operation 67 [1/1] (0.00ns)   --->   "%br_ln109 = br void %arrayidx41.i78.exit" [/home/ulisses/Projects/ursa/exp/output-stationary-v2/sources/vanilla/src/core/shell.cpp:109->/home/ulisses/Projects/ursa/exp/output-stationary-v2/sources/vanilla/src/core/shell.cpp:210]   --->   Operation 67 'br' 'br_ln109' <Predicate = (trunc_ln103 == 7)> <Delay = 0.00>


============================================================
+ Verbose Summary: Binding
============================================================
STG Binding: 
---------------- STG Properties BEGIN ----------------
- Is combinational: 0
- Is one-state seq: 0
- Is datapath-only: 0
- Is pipelined: 0
- Is top level: 0
Port [ Return ] is wired: 1; IO mode=ap_ctrl_hs:ce=0
Port [ aw]:  wired=1; compound=1; hidden=0; nouse=0; global=0; static=0; extern=0; dir=0; type=4; pingpong=0; private_global=0; IO mode=m_axi:ce=0
Port [ stride_a]:  wired=1; compound=0; hidden=0; nouse=0; global=0; static=0; extern=0; dir=0; type=0; pingpong=0; private_global=0; IO mode=ap_none:ce=0
Port [ sub_i28_cast]:  wired=1; compound=0; hidden=0; nouse=0; global=0; static=0; extern=0; dir=0; type=0; pingpong=0; private_global=0; IO mode=ap_none:ce=0
Port [ sext_ln106]:  wired=1; compound=0; hidden=0; nouse=0; global=0; static=0; extern=0; dir=0; type=0; pingpong=0; private_global=0; IO mode=ap_none:ce=0
Port [ a_buf_7]:  wired=1; compound=1; hidden=0; nouse=0; global=0; static=0; extern=0; dir=1; type=1; pingpong=0; private_global=0; MemPort=[03]; IO mode=ap_memory:ce=0
Port [ a_buf_6]:  wired=1; compound=1; hidden=0; nouse=0; global=0; static=0; extern=0; dir=1; type=1; pingpong=0; private_global=0; MemPort=[03]; IO mode=ap_memory:ce=0
Port [ a_buf_5]:  wired=1; compound=1; hidden=0; nouse=0; global=0; static=0; extern=0; dir=1; type=1; pingpong=0; private_global=0; MemPort=[03]; IO mode=ap_memory:ce=0
Port [ a_buf_4]:  wired=1; compound=1; hidden=0; nouse=0; global=0; static=0; extern=0; dir=1; type=1; pingpong=0; private_global=0; MemPort=[03]; IO mode=ap_memory:ce=0
Port [ a_buf_3]:  wired=1; compound=1; hidden=0; nouse=0; global=0; static=0; extern=0; dir=1; type=1; pingpong=0; private_global=0; MemPort=[03]; IO mode=ap_memory:ce=0
Port [ a_buf_2]:  wired=1; compound=1; hidden=0; nouse=0; global=0; static=0; extern=0; dir=1; type=1; pingpong=0; private_global=0; MemPort=[03]; IO mode=ap_memory:ce=0
Port [ a_buf_1]:  wired=1; compound=1; hidden=0; nouse=0; global=0; static=0; extern=0; dir=1; type=1; pingpong=0; private_global=0; MemPort=[03]; IO mode=ap_memory:ce=0
Port [ a_buf]:  wired=1; compound=1; hidden=0; nouse=0; global=0; static=0; extern=0; dir=1; type=1; pingpong=0; private_global=0; MemPort=[03]; IO mode=ap_memory:ce=0
---------------- STG Properties END ------------------

---------------- Datapath Model BEGIN ----------------

<LifeTime>
<method=bitvector/>
r                       (alloca           ) [ 0110]
c                       (alloca           ) [ 0110]
n                       (alloca           ) [ 0100]
sext_ln106_read         (read             ) [ 0000]
sub_i28_cast_read       (read             ) [ 0000]
stride_a_read           (read             ) [ 0000]
sext_ln106_cast         (sext             ) [ 0110]
sub_i28_cast_cast       (sext             ) [ 0110]
specinterface_ln0       (specinterface    ) [ 0000]
store_ln106             (store            ) [ 0000]
store_ln103             (store            ) [ 0000]
store_ln103             (store            ) [ 0000]
br_ln0                  (br               ) [ 0000]
n_1                     (load             ) [ 0000]
icmp_ln106              (icmp             ) [ 0110]
add_ln106               (add              ) [ 0000]
br_ln106                (br               ) [ 0000]
store_ln106             (store            ) [ 0000]
r_3                     (load             ) [ 0000]
c_3                     (load             ) [ 0101]
specbitsmap_ln0         (specbitsmap      ) [ 0000]
aw_addr                 (getelementptr    ) [ 0000]
trunc_ln103             (trunc            ) [ 0101]
zext_ln109_1            (zext             ) [ 0000]
aw_addr_read            (read             ) [ 0101]
switch_ln109            (switch           ) [ 0000]
icmp_ln110              (icmp             ) [ 0000]
r_4                     (add              ) [ 0000]
c_4                     (add              ) [ 0000]
r_5                     (select           ) [ 0000]
c_5                     (select           ) [ 0000]
store_ln103             (store            ) [ 0000]
store_ln103             (store            ) [ 0000]
br_ln106                (br               ) [ 0000]
specpipeline_ln107      (specpipeline     ) [ 0000]
speclooptripcount_ln108 (speclooptripcount) [ 0000]
specloopname_ln106      (specloopname     ) [ 0000]
zext_ln109              (zext             ) [ 0000]
a_buf_addr              (getelementptr    ) [ 0000]
a_buf_1_addr            (getelementptr    ) [ 0000]
a_buf_2_addr            (getelementptr    ) [ 0000]
a_buf_3_addr            (getelementptr    ) [ 0000]
a_buf_4_addr            (getelementptr    ) [ 0000]
a_buf_5_addr            (getelementptr    ) [ 0000]
a_buf_6_addr            (getelementptr    ) [ 0000]
a_buf_7_addr            (getelementptr    ) [ 0000]
store_ln109             (store            ) [ 0000]
br_ln109                (br               ) [ 0000]
store_ln109             (store            ) [ 0000]
br_ln109                (br               ) [ 0000]
store_ln109             (store            ) [ 0000]
br_ln109                (br               ) [ 0000]
store_ln109             (store            ) [ 0000]
br_ln109                (br               ) [ 0000]
store_ln109             (store            ) [ 0000]
br_ln109                (br               ) [ 0000]
store_ln109             (store            ) [ 0000]
br_ln109                (br               ) [ 0000]
store_ln109             (store            ) [ 0000]
br_ln109                (br               ) [ 0000]
store_ln109             (store            ) [ 0000]
br_ln109                (br               ) [ 0000]
ret_ln0                 (ret              ) [ 0000]
</LifeTime>

<model>

<comp_list>
<comp id="0" class="1000" name="aw">
<pin_list>
<pin id="1" dir="1" index="0" bw="1" slack="0"/>
</pin_list>
<bind>
<StgValue><ssdm name="aw"/></StgValue>
</bind>
</comp>

<comp id="2" class="1000" name="stride_a">
<pin_list>
<pin id="3" dir="1" index="0" bw="1" slack="0"/>
</pin_list>
<bind>
<StgValue><ssdm name="stride_a"/></StgValue>
</bind>
</comp>

<comp id="4" class="1000" name="sub_i28_cast">
<pin_list>
<pin id="5" dir="1" index="0" bw="1" slack="0"/>
</pin_list>
<bind>
<StgValue><ssdm name="sub_i28_cast"/></StgValue>
</bind>
</comp>

<comp id="6" class="1000" name="sext_ln106">
<pin_list>
<pin id="7" dir="1" index="0" bw="1" slack="0"/>
</pin_list>
<bind>
<StgValue><ssdm name="sext_ln106"/></StgValue>
</bind>
</comp>

<comp id="8" class="1000" name="a_buf_7">
<pin_list>
<pin id="9" dir="1" index="0" bw="1" slack="0"/>
</pin_list>
<bind>
<StgValue><ssdm name="a_buf_7"/><MemPortTyVec>0 3 </MemPortTyVec>
</StgValue>
</bind>
</comp>

<comp id="10" class="1000" name="a_buf_6">
<pin_list>
<pin id="11" dir="1" index="0" bw="1" slack="0"/>
</pin_list>
<bind>
<StgValue><ssdm name="a_buf_6"/><MemPortTyVec>0 3 </MemPortTyVec>
</StgValue>
</bind>
</comp>

<comp id="12" class="1000" name="a_buf_5">
<pin_list>
<pin id="13" dir="1" index="0" bw="1" slack="0"/>
</pin_list>
<bind>
<StgValue><ssdm name="a_buf_5"/><MemPortTyVec>0 3 </MemPortTyVec>
</StgValue>
</bind>
</comp>

<comp id="14" class="1000" name="a_buf_4">
<pin_list>
<pin id="15" dir="1" index="0" bw="1" slack="0"/>
</pin_list>
<bind>
<StgValue><ssdm name="a_buf_4"/><MemPortTyVec>0 3 </MemPortTyVec>
</StgValue>
</bind>
</comp>

<comp id="16" class="1000" name="a_buf_3">
<pin_list>
<pin id="17" dir="1" index="0" bw="1" slack="0"/>
</pin_list>
<bind>
<StgValue><ssdm name="a_buf_3"/><MemPortTyVec>0 3 </MemPortTyVec>
</StgValue>
</bind>
</comp>

<comp id="18" class="1000" name="a_buf_2">
<pin_list>
<pin id="19" dir="1" index="0" bw="1" slack="0"/>
</pin_list>
<bind>
<StgValue><ssdm name="a_buf_2"/><MemPortTyVec>0 3 </MemPortTyVec>
</StgValue>
</bind>
</comp>

<comp id="20" class="1000" name="a_buf_1">
<pin_list>
<pin id="21" dir="1" index="0" bw="1" slack="0"/>
</pin_list>
<bind>
<StgValue><ssdm name="a_buf_1"/><MemPortTyVec>0 3 </MemPortTyVec>
</StgValue>
</bind>
</comp>

<comp id="22" class="1000" name="a_buf">
<pin_list>
<pin id="23" dir="1" index="0" bw="1" slack="0"/>
</pin_list>
<bind>
<StgValue><ssdm name="a_buf"/><MemPortTyVec>0 3 </MemPortTyVec>
</StgValue>
</bind>
</comp>

<comp id="24" class="1001" name="const_24">
<pin_list>
<pin id="25" dir="1" index="0" bw="1" slack="0"/>
</pin_list>
<bind>
<StgValue><ssdm name=""/></StgValue>
</bind>
</comp>

<comp id="26" class="1001" name="const_26">
<pin_list>
<pin id="27" dir="1" index="0" bw="1" slack="0"/>
</pin_list>
<bind>
<StgValue><ssdm name="_ssdm_op_Read.ap_auto.i29"/></StgValue>
</bind>
</comp>

<comp id="28" class="1001" name="const_28">
<pin_list>
<pin id="29" dir="1" index="0" bw="1" slack="0"/>
</pin_list>
<bind>
<StgValue><ssdm name="_ssdm_op_Read.ap_auto.i14"/></StgValue>
</bind>
</comp>

<comp id="30" class="1001" name="const_30">
<pin_list>
<pin id="31" dir="1" index="0" bw="1" slack="0"/>
</pin_list>
<bind>
<StgValue><ssdm name="_ssdm_op_Read.ap_auto.i17"/></StgValue>
</bind>
</comp>

<comp id="32" class="1001" name="const_32">
<pin_list>
<pin id="33" dir="1" index="0" bw="1" slack="2147483647"/>
</pin_list>
<bind>
<StgValue><ssdm name="_ssdm_op_SpecInterface"/></StgValue>
</bind>
</comp>

<comp id="34" class="1001" name="const_34">
<pin_list>
<pin id="35" dir="1" index="0" bw="1" slack="2147483647"/>
</pin_list>
<bind>
<StgValue><ssdm name="empty_6"/></StgValue>
</bind>
</comp>

<comp id="36" class="1001" name="const_36">
<pin_list>
<pin id="37" dir="1" index="0" bw="1" slack="0"/>
</pin_list>
<bind>
<StgValue><ssdm name=""/></StgValue>
</bind>
</comp>

<comp id="38" class="1001" name="const_38">
<pin_list>
<pin id="39" dir="1" index="0" bw="1" slack="2147483647"/>
</pin_list>
<bind>
<StgValue><ssdm name="empty_7"/></StgValue>
</bind>
</comp>

<comp id="40" class="1001" name="const_40">
<pin_list>
<pin id="41" dir="1" index="0" bw="1" slack="2147483647"/>
</pin_list>
<bind>
<StgValue><ssdm name=""/></StgValue>
</bind>
</comp>

<comp id="42" class="1001" name="const_42">
<pin_list>
<pin id="43" dir="1" index="0" bw="1" slack="2147483647"/>
</pin_list>
<bind>
<StgValue><ssdm name="empty_8"/></StgValue>
</bind>
</comp>

<comp id="44" class="1001" name="const_44">
<pin_list>
<pin id="45" dir="1" index="0" bw="1" slack="2147483647"/>
</pin_list>
<bind>
<StgValue><ssdm name="empty"/></StgValue>
</bind>
</comp>

<comp id="46" class="1001" name="const_46">
<pin_list>
<pin id="47" dir="1" index="0" bw="1" slack="2147483647"/>
</pin_list>
<bind>
<StgValue><ssdm name=""/></StgValue>
</bind>
</comp>

<comp id="48" class="1001" name="const_48">
<pin_list>
<pin id="49" dir="1" index="0" bw="1" slack="2147483647"/>
</pin_list>
<bind>
<StgValue><ssdm name=""/></StgValue>
</bind>
</comp>

<comp id="50" class="1001" name="const_50">
<pin_list>
<pin id="51" dir="1" index="0" bw="1" slack="2147483647"/>
</pin_list>
<bind>
<StgValue><ssdm name=""/></StgValue>
</bind>
</comp>

<comp id="52" class="1001" name="const_52">
<pin_list>
<pin id="53" dir="1" index="0" bw="1" slack="2147483647"/>
</pin_list>
<bind>
<StgValue><ssdm name=""/></StgValue>
</bind>
</comp>

<comp id="54" class="1001" name="const_54">
<pin_list>
<pin id="55" dir="1" index="0" bw="1" slack="0"/>
</pin_list>
<bind>
<StgValue><ssdm name=""/></StgValue>
</bind>
</comp>

<comp id="56" class="1001" name="const_56">
<pin_list>
<pin id="57" dir="1" index="0" bw="1" slack="0"/>
</pin_list>
<bind>
<StgValue><ssdm name=""/></StgValue>
</bind>
</comp>

<comp id="58" class="1001" name="const_58">
<pin_list>
<pin id="59" dir="1" index="0" bw="1" slack="0"/>
</pin_list>
<bind>
<StgValue><ssdm name=""/></StgValue>
</bind>
</comp>

<comp id="60" class="1001" name="const_60">
<pin_list>
<pin id="61" dir="1" index="0" bw="1" slack="2147483647"/>
</pin_list>
<bind>
<StgValue><ssdm name="_ssdm_op_SpecBitsMap"/></StgValue>
</bind>
</comp>

<comp id="62" class="1001" name="const_62">
<pin_list>
<pin id="63" dir="1" index="0" bw="1" slack="0"/>
</pin_list>
<bind>
<StgValue><ssdm name="_ssdm_op_Read.m_axi.p1i64"/></StgValue>
</bind>
</comp>

<comp id="64" class="1001" name="const_64">
<pin_list>
<pin id="65" dir="1" index="0" bw="1" slack="2147483647"/>
</pin_list>
<bind>
<StgValue><ssdm name=""/></StgValue>
</bind>
</comp>

<comp id="66" class="1001" name="const_66">
<pin_list>
<pin id="67" dir="1" index="0" bw="1" slack="2147483647"/>
</pin_list>
<bind>
<StgValue><ssdm name=""/></StgValue>
</bind>
</comp>

<comp id="68" class="1001" name="const_68">
<pin_list>
<pin id="69" dir="1" index="0" bw="1" slack="2147483647"/>
</pin_list>
<bind>
<StgValue><ssdm name=""/></StgValue>
</bind>
</comp>

<comp id="70" class="1001" name="const_70">
<pin_list>
<pin id="71" dir="1" index="0" bw="1" slack="2147483647"/>
</pin_list>
<bind>
<StgValue><ssdm name=""/></StgValue>
</bind>
</comp>

<comp id="72" class="1001" name="const_72">
<pin_list>
<pin id="73" dir="1" index="0" bw="1" slack="2147483647"/>
</pin_list>
<bind>
<StgValue><ssdm name=""/></StgValue>
</bind>
</comp>

<comp id="74" class="1001" name="const_74">
<pin_list>
<pin id="75" dir="1" index="0" bw="1" slack="2147483647"/>
</pin_list>
<bind>
<StgValue><ssdm name=""/></StgValue>
</bind>
</comp>

<comp id="76" class="1001" name="const_76">
<pin_list>
<pin id="77" dir="1" index="0" bw="1" slack="2147483647"/>
</pin_list>
<bind>
<StgValue><ssdm name=""/></StgValue>
</bind>
</comp>

<comp id="78" class="1001" name="const_78">
<pin_list>
<pin id="79" dir="1" index="0" bw="1" slack="0"/>
</pin_list>
<bind>
<StgValue><ssdm name=""/></StgValue>
</bind>
</comp>

<comp id="80" class="1001" name="const_80">
<pin_list>
<pin id="81" dir="1" index="0" bw="1" slack="2147483647"/>
</pin_list>
<bind>
<StgValue><ssdm name="_ssdm_op_SpecPipeline"/></StgValue>
</bind>
</comp>

<comp id="82" class="1001" name="const_82">
<pin_list>
<pin id="83" dir="1" index="0" bw="1" slack="2147483647"/>
</pin_list>
<bind>
<StgValue><ssdm name="_ssdm_op_SpecLoopTripCount"/></StgValue>
</bind>
</comp>

<comp id="84" class="1001" name="const_84">
<pin_list>
<pin id="85" dir="1" index="0" bw="1" slack="2147483647"/>
</pin_list>
<bind>
<StgValue><ssdm name=""/></StgValue>
</bind>
</comp>

<comp id="86" class="1001" name="const_86">
<pin_list>
<pin id="87" dir="1" index="0" bw="1" slack="2147483647"/>
</pin_list>
<bind>
<StgValue><ssdm name=""/></StgValue>
</bind>
</comp>

<comp id="88" class="1001" name="const_88">
<pin_list>
<pin id="89" dir="1" index="0" bw="1" slack="2147483647"/>
</pin_list>
<bind>
<StgValue><ssdm name="_ssdm_op_SpecLoopName"/></StgValue>
</bind>
</comp>

<comp id="90" class="1001" name="const_90">
<pin_list>
<pin id="91" dir="1" index="0" bw="1" slack="2147483647"/>
</pin_list>
<bind>
<StgValue><ssdm name="empty_14"/></StgValue>
</bind>
</comp>

<comp id="92" class="1004" name="r_fu_92">
<pin_list>
<pin id="93" dir="0" index="0" bw="1" slack="0"/>
<pin id="94" dir="1" index="1" bw="16" slack="0"/>
</pin_list>
<bind>
<opcode="alloca(26) " fcode="alloca"/>
<opset="r/1 "/>
</bind>
</comp>

<comp id="96" class="1004" name="c_fu_96">
<pin_list>
<pin id="97" dir="0" index="0" bw="1" slack="0"/>
<pin id="98" dir="1" index="1" bw="16" slack="0"/>
</pin_list>
<bind>
<opcode="alloca(26) " fcode="alloca"/>
<opset="c/1 "/>
</bind>
</comp>

<comp id="100" class="1004" name="n_fu_100">
<pin_list>
<pin id="101" dir="0" index="0" bw="1" slack="0"/>
<pin id="102" dir="1" index="1" bw="17" slack="0"/>
</pin_list>
<bind>
<opcode="alloca(26) " fcode="alloca"/>
<opset="n/1 "/>
</bind>
</comp>

<comp id="104" class="1004" name="sext_ln106_read_read_fu_104">
<pin_list>
<pin id="105" dir="0" index="0" bw="29" slack="0"/>
<pin id="106" dir="0" index="1" bw="29" slack="0"/>
<pin id="107" dir="1" index="2" bw="29" slack="0"/>
</pin_list>
<bind>
<opcode="read(1150) " fcode="read"/>
<opset="sext_ln106_read/1 "/>
</bind>
</comp>

<comp id="110" class="1004" name="sub_i28_cast_read_read_fu_110">
<pin_list>
<pin id="111" dir="0" index="0" bw="14" slack="0"/>
<pin id="112" dir="0" index="1" bw="14" slack="0"/>
<pin id="113" dir="1" index="2" bw="14" slack="0"/>
</pin_list>
<bind>
<opcode="read(1150) " fcode="read"/>
<opset="sub_i28_cast_read/1 "/>
</bind>
</comp>

<comp id="116" class="1004" name="stride_a_read_read_fu_116">
<pin_list>
<pin id="117" dir="0" index="0" bw="17" slack="0"/>
<pin id="118" dir="0" index="1" bw="17" slack="0"/>
<pin id="119" dir="1" index="2" bw="17" slack="0"/>
</pin_list>
<bind>
<opcode="read(1150) " fcode="read"/>
<opset="stride_a_read/1 "/>
</bind>
</comp>

<comp id="122" class="1004" name="aw_addr_read_read_fu_122">
<pin_list>
<pin id="123" dir="0" index="0" bw="64" slack="0"/>
<pin id="124" dir="0" index="1" bw="64" slack="0"/>
<pin id="125" dir="1" index="2" bw="64" slack="1"/>
</pin_list>
<bind>
<opcode="read(1150) " fcode="read"/>
<opset="aw_addr_read/2 "/>
</bind>
</comp>

<comp id="127" class="1004" name="a_buf_addr_gep_fu_127">
<pin_list>
<pin id="128" dir="0" index="0" bw="64" slack="0"/>
<pin id="129" dir="0" index="1" bw="1" slack="0"/>
<pin id="130" dir="0" index="2" bw="16" slack="0"/>
<pin id="131" dir="1" index="3" bw="5" slack="0"/>
</pin_list>
<bind>
<opcode="getelementptr(29) " fcode="getelementptr"/>
<opset="a_buf_addr/3 "/>
</bind>
</comp>

<comp id="134" class="1004" name="a_buf_1_addr_gep_fu_134">
<pin_list>
<pin id="135" dir="0" index="0" bw="64" slack="0"/>
<pin id="136" dir="0" index="1" bw="1" slack="0"/>
<pin id="137" dir="0" index="2" bw="16" slack="0"/>
<pin id="138" dir="1" index="3" bw="5" slack="0"/>
</pin_list>
<bind>
<opcode="getelementptr(29) " fcode="getelementptr"/>
<opset="a_buf_1_addr/3 "/>
</bind>
</comp>

<comp id="141" class="1004" name="a_buf_2_addr_gep_fu_141">
<pin_list>
<pin id="142" dir="0" index="0" bw="64" slack="0"/>
<pin id="143" dir="0" index="1" bw="1" slack="0"/>
<pin id="144" dir="0" index="2" bw="16" slack="0"/>
<pin id="145" dir="1" index="3" bw="5" slack="0"/>
</pin_list>
<bind>
<opcode="getelementptr(29) " fcode="getelementptr"/>
<opset="a_buf_2_addr/3 "/>
</bind>
</comp>

<comp id="148" class="1004" name="a_buf_3_addr_gep_fu_148">
<pin_list>
<pin id="149" dir="0" index="0" bw="64" slack="0"/>
<pin id="150" dir="0" index="1" bw="1" slack="0"/>
<pin id="151" dir="0" index="2" bw="16" slack="0"/>
<pin id="152" dir="1" index="3" bw="5" slack="0"/>
</pin_list>
<bind>
<opcode="getelementptr(29) " fcode="getelementptr"/>
<opset="a_buf_3_addr/3 "/>
</bind>
</comp>

<comp id="155" class="1004" name="a_buf_4_addr_gep_fu_155">
<pin_list>
<pin id="156" dir="0" index="0" bw="64" slack="0"/>
<pin id="157" dir="0" index="1" bw="1" slack="0"/>
<pin id="158" dir="0" index="2" bw="16" slack="0"/>
<pin id="159" dir="1" index="3" bw="5" slack="0"/>
</pin_list>
<bind>
<opcode="getelementptr(29) " fcode="getelementptr"/>
<opset="a_buf_4_addr/3 "/>
</bind>
</comp>

<comp id="162" class="1004" name="a_buf_5_addr_gep_fu_162">
<pin_list>
<pin id="163" dir="0" index="0" bw="64" slack="0"/>
<pin id="164" dir="0" index="1" bw="1" slack="0"/>
<pin id="165" dir="0" index="2" bw="16" slack="0"/>
<pin id="166" dir="1" index="3" bw="5" slack="0"/>
</pin_list>
<bind>
<opcode="getelementptr(29) " fcode="getelementptr"/>
<opset="a_buf_5_addr/3 "/>
</bind>
</comp>

<comp id="169" class="1004" name="a_buf_6_addr_gep_fu_169">
<pin_list>
<pin id="170" dir="0" index="0" bw="64" slack="0"/>
<pin id="171" dir="0" index="1" bw="1" slack="0"/>
<pin id="172" dir="0" index="2" bw="16" slack="0"/>
<pin id="173" dir="1" index="3" bw="5" slack="0"/>
</pin_list>
<bind>
<opcode="getelementptr(29) " fcode="getelementptr"/>
<opset="a_buf_6_addr/3 "/>
</bind>
</comp>

<comp id="176" class="1004" name="a_buf_7_addr_gep_fu_176">
<pin_list>
<pin id="177" dir="0" index="0" bw="64" slack="0"/>
<pin id="178" dir="0" index="1" bw="1" slack="0"/>
<pin id="179" dir="0" index="2" bw="16" slack="0"/>
<pin id="180" dir="1" index="3" bw="5" slack="0"/>
</pin_list>
<bind>
<opcode="getelementptr(29) " fcode="getelementptr"/>
<opset="a_buf_7_addr/3 "/>
</bind>
</comp>

<comp id="183" class="1004" name="store_ln109_access_fu_183">
<pin_list>
<pin id="184" dir="0" index="0" bw="5" slack="0"/>
<pin id="185" dir="0" index="1" bw="64" slack="1"/>
<pin id="186" dir="0" index="2" bw="0" slack="2147483647"/>
<pin id="187" dir="1" index="3" bw="64" slack="2147483647"/>
</pin_list>
<bind>
<opcode="store(28) " fcode="store"/>
<opset="store_ln109/3 "/>
</bind>
</comp>

<comp id="189" class="1004" name="store_ln109_access_fu_189">
<pin_list>
<pin id="190" dir="0" index="0" bw="5" slack="0"/>
<pin id="191" dir="0" index="1" bw="64" slack="1"/>
<pin id="192" dir="0" index="2" bw="0" slack="2147483647"/>
<pin id="193" dir="1" index="3" bw="64" slack="2147483647"/>
</pin_list>
<bind>
<opcode="store(28) " fcode="store"/>
<opset="store_ln109/3 "/>
</bind>
</comp>

<comp id="195" class="1004" name="store_ln109_access_fu_195">
<pin_list>
<pin id="196" dir="0" index="0" bw="5" slack="0"/>
<pin id="197" dir="0" index="1" bw="64" slack="1"/>
<pin id="198" dir="0" index="2" bw="0" slack="2147483647"/>
<pin id="199" dir="1" index="3" bw="64" slack="2147483647"/>
</pin_list>
<bind>
<opcode="store(28) " fcode="store"/>
<opset="store_ln109/3 "/>
</bind>
</comp>

<comp id="201" class="1004" name="store_ln109_access_fu_201">
<pin_list>
<pin id="202" dir="0" index="0" bw="5" slack="0"/>
<pin id="203" dir="0" index="1" bw="64" slack="1"/>
<pin id="204" dir="0" index="2" bw="0" slack="2147483647"/>
<pin id="205" dir="1" index="3" bw="64" slack="2147483647"/>
</pin_list>
<bind>
<opcode="store(28) " fcode="store"/>
<opset="store_ln109/3 "/>
</bind>
</comp>

<comp id="207" class="1004" name="store_ln109_access_fu_207">
<pin_list>
<pin id="208" dir="0" index="0" bw="5" slack="0"/>
<pin id="209" dir="0" index="1" bw="64" slack="1"/>
<pin id="210" dir="0" index="2" bw="0" slack="2147483647"/>
<pin id="211" dir="1" index="3" bw="64" slack="2147483647"/>
</pin_list>
<bind>
<opcode="store(28) " fcode="store"/>
<opset="store_ln109/3 "/>
</bind>
</comp>

<comp id="213" class="1004" name="store_ln109_access_fu_213">
<pin_list>
<pin id="214" dir="0" index="0" bw="5" slack="0"/>
<pin id="215" dir="0" index="1" bw="64" slack="1"/>
<pin id="216" dir="0" index="2" bw="0" slack="2147483647"/>
<pin id="217" dir="1" index="3" bw="64" slack="2147483647"/>
</pin_list>
<bind>
<opcode="store(28) " fcode="store"/>
<opset="store_ln109/3 "/>
</bind>
</comp>

<comp id="219" class="1004" name="store_ln109_access_fu_219">
<pin_list>
<pin id="220" dir="0" index="0" bw="5" slack="0"/>
<pin id="221" dir="0" index="1" bw="64" slack="1"/>
<pin id="222" dir="0" index="2" bw="0" slack="2147483647"/>
<pin id="223" dir="1" index="3" bw="64" slack="2147483647"/>
</pin_list>
<bind>
<opcode="store(28) " fcode="store"/>
<opset="store_ln109/3 "/>
</bind>
</comp>

<comp id="225" class="1004" name="store_ln109_access_fu_225">
<pin_list>
<pin id="226" dir="0" index="0" bw="5" slack="0"/>
<pin id="227" dir="0" index="1" bw="64" slack="1"/>
<pin id="228" dir="0" index="2" bw="0" slack="2147483647"/>
<pin id="229" dir="1" index="3" bw="64" slack="2147483647"/>
</pin_list>
<bind>
<opcode="store(28) " fcode="store"/>
<opset="store_ln109/3 "/>
</bind>
</comp>

<comp id="231" class="1004" name="sext_ln106_cast_fu_231">
<pin_list>
<pin id="232" dir="0" index="0" bw="29" slack="0"/>
<pin id="233" dir="1" index="1" bw="32" slack="1"/>
</pin_list>
<bind>
<opcode="sext(35) " fcode="sext"/>
<opset="sext_ln106_cast/1 "/>
</bind>
</comp>

<comp id="235" class="1004" name="sub_i28_cast_cast_fu_235">
<pin_list>
<pin id="236" dir="0" index="0" bw="14" slack="0"/>
<pin id="237" dir="1" index="1" bw="17" slack="1"/>
</pin_list>
<bind>
<opcode="sext(35) " fcode="sext"/>
<opset="sub_i28_cast_cast/1 "/>
</bind>
</comp>

<comp id="239" class="1004" name="store_ln106_store_fu_239">
<pin_list>
<pin id="240" dir="0" index="0" bw="1" slack="0"/>
<pin id="241" dir="0" index="1" bw="17" slack="0"/>
<pin id="242" dir="1" index="2" bw="0" slack="2147483647"/>
</pin_list>
<bind>
<opcode="store(28) " fcode="store"/>
<opset="store_ln106/1 "/>
</bind>
</comp>

<comp id="244" class="1004" name="store_ln103_store_fu_244">
<pin_list>
<pin id="245" dir="0" index="0" bw="1" slack="0"/>
<pin id="246" dir="0" index="1" bw="16" slack="0"/>
<pin id="247" dir="1" index="2" bw="0" slack="2147483647"/>
</pin_list>
<bind>
<opcode="store(28) " fcode="store"/>
<opset="store_ln103/1 "/>
</bind>
</comp>

<comp id="249" class="1004" name="store_ln103_store_fu_249">
<pin_list>
<pin id="250" dir="0" index="0" bw="1" slack="0"/>
<pin id="251" dir="0" index="1" bw="16" slack="0"/>
<pin id="252" dir="1" index="2" bw="0" slack="2147483647"/>
</pin_list>
<bind>
<opcode="store(28) " fcode="store"/>
<opset="store_ln103/1 "/>
</bind>
</comp>

<comp id="254" class="1004" name="n_1_load_fu_254">
<pin_list>
<pin id="255" dir="0" index="0" bw="17" slack="0"/>
<pin id="256" dir="1" index="1" bw="17" slack="0"/>
</pin_list>
<bind>
<opcode="load(27) " fcode="load"/>
<opset="n_1/1 "/>
</bind>
</comp>

<comp id="257" class="1004" name="icmp_ln106_fu_257">
<pin_list>
<pin id="258" dir="0" index="0" bw="17" slack="0"/>
<pin id="259" dir="0" index="1" bw="17" slack="0"/>
<pin id="260" dir="1" index="2" bw="1" slack="1"/>
</pin_list>
<bind>
<opcode="icmp(45) " fcode="icmp"/>
<opset="icmp_ln106/1 "/>
</bind>
</comp>

<comp id="263" class="1004" name="add_ln106_fu_263">
<pin_list>
<pin id="264" dir="0" index="0" bw="17" slack="0"/>
<pin id="265" dir="0" index="1" bw="1" slack="0"/>
<pin id="266" dir="1" index="2" bw="17" slack="0"/>
</pin_list>
<bind>
<opcode="add(8) " fcode="add"/>
<opset="add_ln106/1 "/>
</bind>
</comp>

<comp id="269" class="1004" name="store_ln106_store_fu_269">
<pin_list>
<pin id="270" dir="0" index="0" bw="17" slack="0"/>
<pin id="271" dir="0" index="1" bw="17" slack="0"/>
<pin id="272" dir="1" index="2" bw="0" slack="2147483647"/>
</pin_list>
<bind>
<opcode="store(28) " fcode="store"/>
<opset="store_ln106/1 "/>
</bind>
</comp>

<comp id="274" class="1004" name="r_3_load_fu_274">
<pin_list>
<pin id="275" dir="0" index="0" bw="16" slack="1"/>
<pin id="276" dir="1" index="1" bw="16" slack="0"/>
</pin_list>
<bind>
<opcode="load(27) " fcode="load"/>
<opset="r_3/2 "/>
</bind>
</comp>

<comp id="277" class="1004" name="c_3_load_fu_277">
<pin_list>
<pin id="278" dir="0" index="0" bw="16" slack="1"/>
<pin id="279" dir="1" index="1" bw="16" slack="0"/>
</pin_list>
<bind>
<opcode="load(27) " fcode="load"/>
<opset="c_3/2 "/>
</bind>
</comp>

<comp id="280" class="1004" name="aw_addr_fu_280">
<pin_list>
<pin id="281" dir="0" index="0" bw="32" slack="0"/>
<pin id="282" dir="0" index="1" bw="32" slack="1"/>
<pin id="283" dir="1" index="2" bw="32" slack="0"/>
</pin_list>
<bind>
<opcode="getelementptr(29) " fcode="getelementptr"/>
<opset="aw_addr/2 "/>
</bind>
</comp>

<comp id="286" class="1004" name="trunc_ln103_fu_286">
<pin_list>
<pin id="287" dir="0" index="0" bw="16" slack="0"/>
<pin id="288" dir="1" index="1" bw="3" slack="1"/>
</pin_list>
<bind>
<opcode="trunc(33) " fcode="trunc"/>
<opset="trunc_ln103/2 "/>
</bind>
</comp>

<comp id="290" class="1004" name="zext_ln109_1_fu_290">
<pin_list>
<pin id="291" dir="0" index="0" bw="16" slack="0"/>
<pin id="292" dir="1" index="1" bw="17" slack="0"/>
</pin_list>
<bind>
<opcode="zext(34) " fcode="zext"/>
<opset="zext_ln109_1/2 "/>
</bind>
</comp>

<comp id="294" class="1004" name="icmp_ln110_fu_294">
<pin_list>
<pin id="295" dir="0" index="0" bw="16" slack="1"/>
<pin id="296" dir="0" index="1" bw="16" slack="0"/>
<pin id="297" dir="1" index="2" bw="1" slack="0"/>
</pin_list>
<bind>
<opcode="icmp(45) " fcode="icmp"/>
<opset="icmp_ln110/2 "/>
</bind>
</comp>

<comp id="299" class="1004" name="r_4_fu_299">
<pin_list>
<pin id="300" dir="0" index="0" bw="16" slack="0"/>
<pin id="301" dir="0" index="1" bw="1" slack="0"/>
<pin id="302" dir="1" index="2" bw="16" slack="0"/>
</pin_list>
<bind>
<opcode="add(8) " fcode="add"/>
<opset="r_4/2 "/>
</bind>
</comp>

<comp id="305" class="1004" name="c_4_fu_305">
<pin_list>
<pin id="306" dir="0" index="0" bw="16" slack="0"/>
<pin id="307" dir="0" index="1" bw="1" slack="0"/>
<pin id="308" dir="1" index="2" bw="16" slack="0"/>
</pin_list>
<bind>
<opcode="add(8) " fcode="add"/>
<opset="c_4/2 "/>
</bind>
</comp>

<comp id="311" class="1004" name="r_5_fu_311">
<pin_list>
<pin id="312" dir="0" index="0" bw="1" slack="0"/>
<pin id="313" dir="0" index="1" bw="16" slack="0"/>
<pin id="314" dir="0" index="2" bw="16" slack="0"/>
<pin id="315" dir="1" index="3" bw="16" slack="0"/>
</pin_list>
<bind>
<opcode="select(49) " fcode="select"/>
<opset="r_5/2 "/>
</bind>
</comp>

<comp id="319" class="1004" name="c_5_fu_319">
<pin_list>
<pin id="320" dir="0" index="0" bw="1" slack="0"/>
<pin id="321" dir="0" index="1" bw="16" slack="0"/>
<pin id="322" dir="0" index="2" bw="16" slack="0"/>
<pin id="323" dir="1" index="3" bw="16" slack="0"/>
</pin_list>
<bind>
<opcode="select(49) " fcode="select"/>
<opset="c_5/2 "/>
</bind>
</comp>

<comp id="327" class="1004" name="store_ln103_store_fu_327">
<pin_list>
<pin id="328" dir="0" index="0" bw="16" slack="0"/>
<pin id="329" dir="0" index="1" bw="16" slack="1"/>
<pin id="330" dir="1" index="2" bw="0" slack="2147483647"/>
</pin_list>
<bind>
<opcode="store(28) " fcode="store"/>
<opset="store_ln103/2 "/>
</bind>
</comp>

<comp id="332" class="1004" name="store_ln103_store_fu_332">
<pin_list>
<pin id="333" dir="0" index="0" bw="16" slack="0"/>
<pin id="334" dir="0" index="1" bw="16" slack="1"/>
<pin id="335" dir="1" index="2" bw="0" slack="2147483647"/>
</pin_list>
<bind>
<opcode="store(28) " fcode="store"/>
<opset="store_ln103/2 "/>
</bind>
</comp>

<comp id="337" class="1004" name="zext_ln109_fu_337">
<pin_list>
<pin id="338" dir="0" index="0" bw="16" slack="1"/>
<pin id="339" dir="1" index="1" bw="32" slack="0"/>
</pin_list>
<bind>
<opcode="zext(34) " fcode="zext"/>
<opset="zext_ln109/3 "/>
</bind>
</comp>

<comp id="348" class="1005" name="r_reg_348">
<pin_list>
<pin id="349" dir="0" index="0" bw="16" slack="0"/>
<pin id="350" dir="1" index="1" bw="16" slack="0"/>
</pin_list>
<bind>
<opset="r "/>
</bind>
</comp>

<comp id="355" class="1005" name="c_reg_355">
<pin_list>
<pin id="356" dir="0" index="0" bw="16" slack="0"/>
<pin id="357" dir="1" index="1" bw="16" slack="0"/>
</pin_list>
<bind>
<opset="c "/>
</bind>
</comp>

<comp id="362" class="1005" name="n_reg_362">
<pin_list>
<pin id="363" dir="0" index="0" bw="17" slack="0"/>
<pin id="364" dir="1" index="1" bw="17" slack="0"/>
</pin_list>
<bind>
<opset="n "/>
</bind>
</comp>

<comp id="369" class="1005" name="sext_ln106_cast_reg_369">
<pin_list>
<pin id="370" dir="0" index="0" bw="32" slack="1"/>
<pin id="371" dir="1" index="1" bw="32" slack="1"/>
</pin_list>
<bind>
<opset="sext_ln106_cast "/>
</bind>
</comp>

<comp id="374" class="1005" name="sub_i28_cast_cast_reg_374">
<pin_list>
<pin id="375" dir="0" index="0" bw="17" slack="1"/>
<pin id="376" dir="1" index="1" bw="17" slack="1"/>
</pin_list>
<bind>
<opset="sub_i28_cast_cast "/>
</bind>
</comp>

<comp id="379" class="1005" name="icmp_ln106_reg_379">
<pin_list>
<pin id="380" dir="0" index="0" bw="1" slack="1"/>
<pin id="381" dir="1" index="1" bw="1" slack="2147483647"/>
</pin_list>
<bind>
<opset="icmp_ln106 "/>
</bind>
</comp>

<comp id="383" class="1005" name="c_3_reg_383">
<pin_list>
<pin id="384" dir="0" index="0" bw="16" slack="1"/>
<pin id="385" dir="1" index="1" bw="16" slack="1"/>
</pin_list>
<bind>
<opset="c_3 "/>
</bind>
</comp>

<comp id="388" class="1005" name="trunc_ln103_reg_388">
<pin_list>
<pin id="389" dir="0" index="0" bw="3" slack="1"/>
<pin id="390" dir="1" index="1" bw="3" slack="2147483647"/>
</pin_list>
<bind>
<opset="trunc_ln103 "/>
</bind>
</comp>

<comp id="392" class="1005" name="aw_addr_read_reg_392">
<pin_list>
<pin id="393" dir="0" index="0" bw="64" slack="1"/>
<pin id="394" dir="1" index="1" bw="64" slack="1"/>
</pin_list>
<bind>
<opset="aw_addr_read "/>
</bind>
</comp>

</comp_list>

<net_list>
<net id="95"><net_src comp="24" pin="0"/><net_sink comp="92" pin=0"/></net>

<net id="99"><net_src comp="24" pin="0"/><net_sink comp="96" pin=0"/></net>

<net id="103"><net_src comp="24" pin="0"/><net_sink comp="100" pin=0"/></net>

<net id="108"><net_src comp="26" pin="0"/><net_sink comp="104" pin=0"/></net>

<net id="109"><net_src comp="6" pin="0"/><net_sink comp="104" pin=1"/></net>

<net id="114"><net_src comp="28" pin="0"/><net_sink comp="110" pin=0"/></net>

<net id="115"><net_src comp="4" pin="0"/><net_sink comp="110" pin=1"/></net>

<net id="120"><net_src comp="30" pin="0"/><net_sink comp="116" pin=0"/></net>

<net id="121"><net_src comp="2" pin="0"/><net_sink comp="116" pin=1"/></net>

<net id="126"><net_src comp="62" pin="0"/><net_sink comp="122" pin=0"/></net>

<net id="132"><net_src comp="22" pin="0"/><net_sink comp="127" pin=0"/></net>

<net id="133"><net_src comp="36" pin="0"/><net_sink comp="127" pin=1"/></net>

<net id="139"><net_src comp="20" pin="0"/><net_sink comp="134" pin=0"/></net>

<net id="140"><net_src comp="36" pin="0"/><net_sink comp="134" pin=1"/></net>

<net id="146"><net_src comp="18" pin="0"/><net_sink comp="141" pin=0"/></net>

<net id="147"><net_src comp="36" pin="0"/><net_sink comp="141" pin=1"/></net>

<net id="153"><net_src comp="16" pin="0"/><net_sink comp="148" pin=0"/></net>

<net id="154"><net_src comp="36" pin="0"/><net_sink comp="148" pin=1"/></net>

<net id="160"><net_src comp="14" pin="0"/><net_sink comp="155" pin=0"/></net>

<net id="161"><net_src comp="36" pin="0"/><net_sink comp="155" pin=1"/></net>

<net id="167"><net_src comp="12" pin="0"/><net_sink comp="162" pin=0"/></net>

<net id="168"><net_src comp="36" pin="0"/><net_sink comp="162" pin=1"/></net>

<net id="174"><net_src comp="10" pin="0"/><net_sink comp="169" pin=0"/></net>

<net id="175"><net_src comp="36" pin="0"/><net_sink comp="169" pin=1"/></net>

<net id="181"><net_src comp="8" pin="0"/><net_sink comp="176" pin=0"/></net>

<net id="182"><net_src comp="36" pin="0"/><net_sink comp="176" pin=1"/></net>

<net id="188"><net_src comp="169" pin="3"/><net_sink comp="183" pin=0"/></net>

<net id="194"><net_src comp="162" pin="3"/><net_sink comp="189" pin=0"/></net>

<net id="200"><net_src comp="155" pin="3"/><net_sink comp="195" pin=0"/></net>

<net id="206"><net_src comp="148" pin="3"/><net_sink comp="201" pin=0"/></net>

<net id="212"><net_src comp="141" pin="3"/><net_sink comp="207" pin=0"/></net>

<net id="218"><net_src comp="134" pin="3"/><net_sink comp="213" pin=0"/></net>

<net id="224"><net_src comp="127" pin="3"/><net_sink comp="219" pin=0"/></net>

<net id="230"><net_src comp="176" pin="3"/><net_sink comp="225" pin=0"/></net>

<net id="234"><net_src comp="104" pin="2"/><net_sink comp="231" pin=0"/></net>

<net id="238"><net_src comp="110" pin="2"/><net_sink comp="235" pin=0"/></net>

<net id="243"><net_src comp="54" pin="0"/><net_sink comp="239" pin=0"/></net>

<net id="248"><net_src comp="56" pin="0"/><net_sink comp="244" pin=0"/></net>

<net id="253"><net_src comp="56" pin="0"/><net_sink comp="249" pin=0"/></net>

<net id="261"><net_src comp="254" pin="1"/><net_sink comp="257" pin=0"/></net>

<net id="262"><net_src comp="116" pin="2"/><net_sink comp="257" pin=1"/></net>

<net id="267"><net_src comp="254" pin="1"/><net_sink comp="263" pin=0"/></net>

<net id="268"><net_src comp="58" pin="0"/><net_sink comp="263" pin=1"/></net>

<net id="273"><net_src comp="263" pin="2"/><net_sink comp="269" pin=0"/></net>

<net id="284"><net_src comp="0" pin="0"/><net_sink comp="280" pin=0"/></net>

<net id="285"><net_src comp="280" pin="2"/><net_sink comp="122" pin=1"/></net>

<net id="289"><net_src comp="274" pin="1"/><net_sink comp="286" pin=0"/></net>

<net id="293"><net_src comp="277" pin="1"/><net_sink comp="290" pin=0"/></net>

<net id="298"><net_src comp="290" pin="1"/><net_sink comp="294" pin=1"/></net>

<net id="303"><net_src comp="274" pin="1"/><net_sink comp="299" pin=0"/></net>

<net id="304"><net_src comp="78" pin="0"/><net_sink comp="299" pin=1"/></net>

<net id="309"><net_src comp="277" pin="1"/><net_sink comp="305" pin=0"/></net>

<net id="310"><net_src comp="78" pin="0"/><net_sink comp="305" pin=1"/></net>

<net id="316"><net_src comp="294" pin="2"/><net_sink comp="311" pin=0"/></net>

<net id="317"><net_src comp="299" pin="2"/><net_sink comp="311" pin=1"/></net>

<net id="318"><net_src comp="274" pin="1"/><net_sink comp="311" pin=2"/></net>

<net id="324"><net_src comp="294" pin="2"/><net_sink comp="319" pin=0"/></net>

<net id="325"><net_src comp="56" pin="0"/><net_sink comp="319" pin=1"/></net>

<net id="326"><net_src comp="305" pin="2"/><net_sink comp="319" pin=2"/></net>

<net id="331"><net_src comp="319" pin="3"/><net_sink comp="327" pin=0"/></net>

<net id="336"><net_src comp="311" pin="3"/><net_sink comp="332" pin=0"/></net>

<net id="340"><net_src comp="337" pin="1"/><net_sink comp="127" pin=2"/></net>

<net id="341"><net_src comp="337" pin="1"/><net_sink comp="134" pin=2"/></net>

<net id="342"><net_src comp="337" pin="1"/><net_sink comp="141" pin=2"/></net>

<net id="343"><net_src comp="337" pin="1"/><net_sink comp="148" pin=2"/></net>

<net id="344"><net_src comp="337" pin="1"/><net_sink comp="155" pin=2"/></net>

<net id="345"><net_src comp="337" pin="1"/><net_sink comp="162" pin=2"/></net>

<net id="346"><net_src comp="337" pin="1"/><net_sink comp="169" pin=2"/></net>

<net id="347"><net_src comp="337" pin="1"/><net_sink comp="176" pin=2"/></net>

<net id="351"><net_src comp="92" pin="1"/><net_sink comp="348" pin=0"/></net>

<net id="352"><net_src comp="348" pin="1"/><net_sink comp="249" pin=1"/></net>

<net id="353"><net_src comp="348" pin="1"/><net_sink comp="274" pin=0"/></net>

<net id="354"><net_src comp="348" pin="1"/><net_sink comp="332" pin=1"/></net>

<net id="358"><net_src comp="96" pin="1"/><net_sink comp="355" pin=0"/></net>

<net id="359"><net_src comp="355" pin="1"/><net_sink comp="244" pin=1"/></net>

<net id="360"><net_src comp="355" pin="1"/><net_sink comp="277" pin=0"/></net>

<net id="361"><net_src comp="355" pin="1"/><net_sink comp="327" pin=1"/></net>

<net id="365"><net_src comp="100" pin="1"/><net_sink comp="362" pin=0"/></net>

<net id="366"><net_src comp="362" pin="1"/><net_sink comp="239" pin=1"/></net>

<net id="367"><net_src comp="362" pin="1"/><net_sink comp="254" pin=0"/></net>

<net id="368"><net_src comp="362" pin="1"/><net_sink comp="269" pin=1"/></net>

<net id="372"><net_src comp="231" pin="1"/><net_sink comp="369" pin=0"/></net>

<net id="373"><net_src comp="369" pin="1"/><net_sink comp="280" pin=1"/></net>

<net id="377"><net_src comp="235" pin="1"/><net_sink comp="374" pin=0"/></net>

<net id="378"><net_src comp="374" pin="1"/><net_sink comp="294" pin=0"/></net>

<net id="382"><net_src comp="257" pin="2"/><net_sink comp="379" pin=0"/></net>

<net id="386"><net_src comp="277" pin="1"/><net_sink comp="383" pin=0"/></net>

<net id="387"><net_src comp="383" pin="1"/><net_sink comp="337" pin=0"/></net>

<net id="391"><net_src comp="286" pin="1"/><net_sink comp="388" pin=0"/></net>

<net id="395"><net_src comp="122" pin="2"/><net_sink comp="392" pin=0"/></net>

<net id="396"><net_src comp="392" pin="1"/><net_sink comp="183" pin=1"/></net>

<net id="397"><net_src comp="392" pin="1"/><net_sink comp="189" pin=1"/></net>

<net id="398"><net_src comp="392" pin="1"/><net_sink comp="195" pin=1"/></net>

<net id="399"><net_src comp="392" pin="1"/><net_sink comp="201" pin=1"/></net>

<net id="400"><net_src comp="392" pin="1"/><net_sink comp="207" pin=1"/></net>

<net id="401"><net_src comp="392" pin="1"/><net_sink comp="213" pin=1"/></net>

<net id="402"><net_src comp="392" pin="1"/><net_sink comp="219" pin=1"/></net>

<net id="403"><net_src comp="392" pin="1"/><net_sink comp="225" pin=1"/></net>

</net_list>

</model> 
---------------- Datapath Model END ------------------

* FSMD analyzer results:
  - Output states:
	Port: aw | {}
	Port: a_buf_7 | {3 }
	Port: a_buf_6 | {3 }
	Port: a_buf_5 | {3 }
	Port: a_buf_4 | {3 }
	Port: a_buf_3 | {3 }
	Port: a_buf_2 | {3 }
	Port: a_buf_1 | {3 }
	Port: a_buf | {3 }
 - Input state : 
	Port: mxm_execute_ursa_Pipeline_LOAD_A : aw | {2 }
	Port: mxm_execute_ursa_Pipeline_LOAD_A : stride_a | {1 }
	Port: mxm_execute_ursa_Pipeline_LOAD_A : sub_i28_cast | {1 }
	Port: mxm_execute_ursa_Pipeline_LOAD_A : sext_ln106 | {1 }
  - Chain level:
	State 1
		store_ln106 : 1
		store_ln103 : 1
		store_ln103 : 1
		n_1 : 1
		icmp_ln106 : 2
		add_ln106 : 2
		br_ln106 : 3
		store_ln106 : 3
	State 2
		trunc_ln103 : 1
		zext_ln109_1 : 1
		aw_addr_read : 1
		switch_ln109 : 2
		icmp_ln110 : 2
		r_4 : 1
		c_4 : 1
		r_5 : 3
		c_5 : 3
		store_ln103 : 4
		store_ln103 : 4
	State 3
		a_buf_addr : 1
		a_buf_1_addr : 1
		a_buf_2_addr : 1
		a_buf_3_addr : 1
		a_buf_4_addr : 1
		a_buf_5_addr : 1
		a_buf_6_addr : 1
		a_buf_7_addr : 1
		store_ln109 : 2
		store_ln109 : 2
		store_ln109 : 2
		store_ln109 : 2
		store_ln109 : 2
		store_ln109 : 2
		store_ln109 : 2
		store_ln109 : 2


============================================================
+ Verbose Summary: Datapath Resource usage 
============================================================

* Functional unit list:
|----------|-------------------------------|---------|---------|
| Operation|        Functional Unit        |    FF   |   LUT   |
|----------|-------------------------------|---------|---------|
|          |        add_ln106_fu_263       |    0    |    24   |
|    add   |           r_4_fu_299          |    0    |    23   |
|          |           c_4_fu_305          |    0    |    23   |
|----------|-------------------------------|---------|---------|
|   icmp   |       icmp_ln106_fu_257       |    0    |    24   |
|          |       icmp_ln110_fu_294       |    0    |    23   |
|----------|-------------------------------|---------|---------|
|  select  |           r_5_fu_311          |    0    |    16   |
|          |           c_5_fu_319          |    0    |    16   |
|----------|-------------------------------|---------|---------|
|          |  sext_ln106_read_read_fu_104  |    0    |    0    |
|   read   | sub_i28_cast_read_read_fu_110 |    0    |    0    |
|          |   stride_a_read_read_fu_116   |    0    |    0    |
|          |    aw_addr_read_read_fu_122   |    0    |    0    |
|----------|-------------------------------|---------|---------|
|   sext   |     sext_ln106_cast_fu_231    |    0    |    0    |
|          |    sub_i28_cast_cast_fu_235   |    0    |    0    |
|----------|-------------------------------|---------|---------|
|   trunc  |       trunc_ln103_fu_286      |    0    |    0    |
|----------|-------------------------------|---------|---------|
|   zext   |      zext_ln109_1_fu_290      |    0    |    0    |
|          |       zext_ln109_fu_337       |    0    |    0    |
|----------|-------------------------------|---------|---------|
|   Total  |                               |    0    |   149   |
|----------|-------------------------------|---------|---------|

Memories:
N/A

* Register list:
+-------------------------+--------+
|                         |   FF   |
+-------------------------+--------+
|   aw_addr_read_reg_392  |   64   |
|       c_3_reg_383       |   16   |
|        c_reg_355        |   16   |
|    icmp_ln106_reg_379   |    1   |
|        n_reg_362        |   17   |
|        r_reg_348        |   16   |
| sext_ln106_cast_reg_369 |   32   |
|sub_i28_cast_cast_reg_374|   17   |
|   trunc_ln103_reg_388   |    3   |
+-------------------------+--------+
|          Total          |   182  |
+-------------------------+--------+

* Multiplexer (MUX) list: 
|--------|------|------|------|--------|
|  Comp  |  Pin | Size |  BW  | S x BW |
|--------|------|------|------|--------|
|  Total |      |      |      |    0   |
|--------|------|------|------|--------|



* Summary:
+-----------+--------+--------+
|           |   FF   |   LUT  |
+-----------+--------+--------+
|  Function |    0   |   149  |
|   Memory  |    -   |    -   |
|Multiplexer|    -   |    -   |
|  Register |   182  |    -   |
+-----------+--------+--------+
|   Total   |   182  |   149  |
+-----------+--------+--------+
