

================================================================
== Vitis HLS Report for 'sa_reset'
================================================================
* Date:           Thu Sep 24 17:27:10 2026

* Version:        2023.2 (Build 4023990 on Oct 11 2023)
* Project:        mxm_execute_ursa
* Solution:       hls (Vivado IP Flow Target)
* Product family: zynq
* Target device:  xc7z020-clg484-1


================================================================
== Performance Estimates
================================================================
+ Timing: 
    * Summary: 
    +--------+----------+----------+------------+
    |  Clock |  Target  | Estimated| Uncertainty|
    +--------+----------+----------+------------+
    |ap_clk  |  10.00 ns|      0 ns|     2.70 ns|
    +--------+----------+----------+------------+

+ Latency: 
    * Summary: 
    +---------+---------+----------+----------+-----+-----+---------+
    |  Latency (cycles) |  Latency (absolute) |  Interval | Pipeline|
    |   min   |   max   |    min   |    max   | min | max |   Type  |
    +---------+---------+----------+----------+-----+-----+---------+
    |        0|        0|      0 ns|      0 ns|    1|    1|      yes|
    +---------+---------+----------+----------+-----+-----+---------+

    + Detail: 
        * Instance: 
        N/A

        * Loop: 
        N/A

============================================================
+ Verbose Summary: Synthesis Manager
============================================================
InlineROM: 1
ExposeGlobal: 0
============================================================
+ Verbose Summary: CDFG Model
============================================================
IsTopModel: 0
ResetActiveHigh: 1
IsCombinational: 0
IsDatapathOnly: 0
HasWiredReturn: 1
HasMFsm: 2
HasVarLatency: 0
IsPipeline: 1
IsRtlPipelined: 0
IsInstanceOverlapped: 0
IsDontTouch: 0
HasImplIP: 0
IsGatedGlobalClock: 0

+ Individual pipeline summary: 
  * Pipeline-0: initiation interval (II) = 1, depth = 1


============================================================
+ Verbose Summary: Schedule
============================================================
* Number of FSM states : 1
* Pipeline : 1
  Pipeline-0 : II = 1, D = 1, States = { 1 }
* Dataflow Pipeline: 0

* FSM state transitions: 
1 --> 

* FSM state operations: 

State 1 <SV = 0> <Delay = 0.00>
ST_1 : Operation 2 [1/1] (0.00ns)   --->   "%specpipeline_ln12 = specpipeline void @_ssdm_op_SpecPipeline, i32 1, i32 0, i32 0, i32 0, void @empty_7" [/home/ulisses/Projects/ursa/exp/output-stationary-v2/sources/vanilla/src/core/pe.cpp:12->/home/ulisses/Projects/ursa/exp/output-stationary-v2/sources/vanilla/src/core/sa.cpp:32]   --->   Operation 2 'specpipeline' 'specpipeline_ln12' <Predicate = true> <Delay = 0.00>
ST_1 : Operation 3 [1/1] (0.00ns)   --->   "%store_ln12 = store i20 0, i20 %mxm_execute_ursa_ap_uint_unsigned_short_ap_uint_unsigned_short_int_unsigned_s_39" [/home/ulisses/Projects/ursa/exp/output-stationary-v2/sources/vanilla/src/core/pe.cpp:12->/home/ulisses/Projects/ursa/exp/output-stationary-v2/sources/vanilla/src/core/sa.cpp:32]   --->   Operation 3 'store' 'store_ln12' <Predicate = true> <Delay = 0.00>
ST_1 : Operation 4 [1/1] (0.00ns)   --->   "%store_ln12 = store i20 0, i20 %mxm_execute_ursa_ap_uint_unsigned_short_ap_uint_unsigned_short_int_unsigned_s_40" [/home/ulisses/Projects/ursa/exp/output-stationary-v2/sources/vanilla/src/core/pe.cpp:12->/home/ulisses/Projects/ursa/exp/output-stationary-v2/sources/vanilla/src/core/sa.cpp:32]   --->   Operation 4 'store' 'store_ln12' <Predicate = true> <Delay = 0.00>
ST_1 : Operation 5 [1/1] (0.00ns)   --->   "%store_ln12 = store i20 0, i20 %mxm_execute_ursa_ap_uint_unsigned_short_ap_uint_unsigned_short_int_unsigned_s_41" [/home/ulisses/Projects/ursa/exp/output-stationary-v2/sources/vanilla/src/core/pe.cpp:12->/home/ulisses/Projects/ursa/exp/output-stationary-v2/sources/vanilla/src/core/sa.cpp:32]   --->   Operation 5 'store' 'store_ln12' <Predicate = true> <Delay = 0.00>
ST_1 : Operation 6 [1/1] (0.00ns)   --->   "%store_ln12 = store i20 0, i20 %mxm_execute_ursa_ap_uint_unsigned_short_ap_uint_unsigned_short_int_unsigned_s_42" [/home/ulisses/Projects/ursa/exp/output-stationary-v2/sources/vanilla/src/core/pe.cpp:12->/home/ulisses/Projects/ursa/exp/output-stationary-v2/sources/vanilla/src/core/sa.cpp:32]   --->   Operation 6 'store' 'store_ln12' <Predicate = true> <Delay = 0.00>
ST_1 : Operation 7 [1/1] (0.00ns)   --->   "%store_ln12 = store i20 0, i20 %mxm_execute_ursa_ap_uint_unsigned_short_ap_uint_unsigned_short_int_unsigned_s_44" [/home/ulisses/Projects/ursa/exp/output-stationary-v2/sources/vanilla/src/core/pe.cpp:12->/home/ulisses/Projects/ursa/exp/output-stationary-v2/sources/vanilla/src/core/sa.cpp:32]   --->   Operation 7 'store' 'store_ln12' <Predicate = true> <Delay = 0.00>
ST_1 : Operation 8 [1/1] (0.00ns)   --->   "%store_ln12 = store i20 0, i20 %mxm_execute_ursa_ap_uint_unsigned_short_ap_uint_unsigned_short_int_unsigned_s_45" [/home/ulisses/Projects/ursa/exp/output-stationary-v2/sources/vanilla/src/core/pe.cpp:12->/home/ulisses/Projects/ursa/exp/output-stationary-v2/sources/vanilla/src/core/sa.cpp:32]   --->   Operation 8 'store' 'store_ln12' <Predicate = true> <Delay = 0.00>
ST_1 : Operation 9 [1/1] (0.00ns)   --->   "%store_ln12 = store i20 0, i20 %mxm_execute_ursa_ap_uint_unsigned_short_ap_uint_unsigned_short_int_unsigned_s_46" [/home/ulisses/Projects/ursa/exp/output-stationary-v2/sources/vanilla/src/core/pe.cpp:12->/home/ulisses/Projects/ursa/exp/output-stationary-v2/sources/vanilla/src/core/sa.cpp:32]   --->   Operation 9 'store' 'store_ln12' <Predicate = true> <Delay = 0.00>
ST_1 : Operation 10 [1/1] (0.00ns)   --->   "%store_ln12 = store i20 0, i20 %mxm_execute_ursa_ap_uint_unsigned_short_ap_uint_unsigned_short_int_unsigned_s_47" [/home/ulisses/Projects/ursa/exp/output-stationary-v2/sources/vanilla/src/core/pe.cpp:12->/home/ulisses/Projects/ursa/exp/output-stationary-v2/sources/vanilla/src/core/sa.cpp:32]   --->   Operation 10 'store' 'store_ln12' <Predicate = true> <Delay = 0.00>
ST_1 : Operation 11 [1/1] (0.00ns)   --->   "%store_ln12 = store i20 0, i20 %mxm_execute_ursa_ap_uint_unsigned_short_ap_uint_unsigned_short_int_unsigned_s_48" [/home/ulisses/Projects/ursa/exp/output-stationary-v2/sources/vanilla/src/core/pe.cpp:12->/home/ulisses/Projects/ursa/exp/output-stationary-v2/sources/vanilla/src/core/sa.cpp:32]   --->   Operation 11 'store' 'store_ln12' <Predicate = true> <Delay = 0.00>
ST_1 : Operation 12 [1/1] (0.00ns)   --->   "%store_ln12 = store i20 0, i20 %mxm_execute_ursa_ap_uint_unsigned_short_ap_uint_unsigned_short_int_unsigned_s_49" [/home/ulisses/Projects/ursa/exp/output-stationary-v2/sources/vanilla/src/core/pe.cpp:12->/home/ulisses/Projects/ursa/exp/output-stationary-v2/sources/vanilla/src/core/sa.cpp:32]   --->   Operation 12 'store' 'store_ln12' <Predicate = true> <Delay = 0.00>
ST_1 : Operation 13 [1/1] (0.00ns)   --->   "%store_ln12 = store i20 0, i20 %mxm_execute_ursa_ap_uint_unsigned_short_ap_uint_unsigned_short_int_unsigned_s_50" [/home/ulisses/Projects/ursa/exp/output-stationary-v2/sources/vanilla/src/core/pe.cpp:12->/home/ulisses/Projects/ursa/exp/output-stationary-v2/sources/vanilla/src/core/sa.cpp:32]   --->   Operation 13 'store' 'store_ln12' <Predicate = true> <Delay = 0.00>
ST_1 : Operation 14 [1/1] (0.00ns)   --->   "%store_ln12 = store i20 0, i20 %mxm_execute_ursa_ap_uint_unsigned_short_ap_uint_unsigned_short_int_unsigned_s_51" [/home/ulisses/Projects/ursa/exp/output-stationary-v2/sources/vanilla/src/core/pe.cpp:12->/home/ulisses/Projects/ursa/exp/output-stationary-v2/sources/vanilla/src/core/sa.cpp:32]   --->   Operation 14 'store' 'store_ln12' <Predicate = true> <Delay = 0.00>
ST_1 : Operation 15 [1/1] (0.00ns)   --->   "%store_ln12 = store i20 0, i20 %mxm_execute_ursa_ap_uint_unsigned_short_ap_uint_unsigned_short_int_unsigned_s_52" [/home/ulisses/Projects/ursa/exp/output-stationary-v2/sources/vanilla/src/core/pe.cpp:12->/home/ulisses/Projects/ursa/exp/output-stationary-v2/sources/vanilla/src/core/sa.cpp:32]   --->   Operation 15 'store' 'store_ln12' <Predicate = true> <Delay = 0.00>
ST_1 : Operation 16 [1/1] (0.00ns)   --->   "%store_ln12 = store i20 0, i20 %mxm_execute_ursa_ap_uint_unsigned_short_ap_uint_unsigned_short_int_unsigned_s_53" [/home/ulisses/Projects/ursa/exp/output-stationary-v2/sources/vanilla/src/core/pe.cpp:12->/home/ulisses/Projects/ursa/exp/output-stationary-v2/sources/vanilla/src/core/sa.cpp:32]   --->   Operation 16 'store' 'store_ln12' <Predicate = true> <Delay = 0.00>
ST_1 : Operation 17 [1/1] (0.00ns)   --->   "%store_ln12 = store i20 0, i20 %mxm_execute_ursa_ap_uint_unsigned_short_ap_uint_unsigned_short_int_unsigned_s_55" [/home/ulisses/Projects/ursa/exp/output-stationary-v2/sources/vanilla/src/core/pe.cpp:12->/home/ulisses/Projects/ursa/exp/output-stationary-v2/sources/vanilla/src/core/sa.cpp:32]   --->   Operation 17 'store' 'store_ln12' <Predicate = true> <Delay = 0.00>
ST_1 : Operation 18 [1/1] (0.00ns)   --->   "%store_ln12 = store i20 0, i20 %mxm_execute_ursa_ap_uint_unsigned_short_ap_uint_unsigned_short_int_unsigned_s_56" [/home/ulisses/Projects/ursa/exp/output-stationary-v2/sources/vanilla/src/core/pe.cpp:12->/home/ulisses/Projects/ursa/exp/output-stationary-v2/sources/vanilla/src/core/sa.cpp:32]   --->   Operation 18 'store' 'store_ln12' <Predicate = true> <Delay = 0.00>
ST_1 : Operation 19 [1/1] (0.00ns)   --->   "%store_ln12 = store i20 0, i20 %mxm_execute_ursa_ap_uint_unsigned_short_ap_uint_unsigned_short_int_unsigned_s_57" [/home/ulisses/Projects/ursa/exp/output-stationary-v2/sources/vanilla/src/core/pe.cpp:12->/home/ulisses/Projects/ursa/exp/output-stationary-v2/sources/vanilla/src/core/sa.cpp:32]   --->   Operation 19 'store' 'store_ln12' <Predicate = true> <Delay = 0.00>
ST_1 : Operation 20 [1/1] (0.00ns)   --->   "%store_ln12 = store i20 0, i20 %mxm_execute_ursa_ap_uint_unsigned_short_ap_uint_unsigned_short_int_unsigned_s_58" [/home/ulisses/Projects/ursa/exp/output-stationary-v2/sources/vanilla/src/core/pe.cpp:12->/home/ulisses/Projects/ursa/exp/output-stationary-v2/sources/vanilla/src/core/sa.cpp:32]   --->   Operation 20 'store' 'store_ln12' <Predicate = true> <Delay = 0.00>
ST_1 : Operation 21 [1/1] (0.00ns)   --->   "%store_ln12 = store i20 0, i20 %mxm_execute_ursa_ap_uint_unsigned_short_ap_uint_unsigned_short_int_unsigned_s_59" [/home/ulisses/Projects/ursa/exp/output-stationary-v2/sources/vanilla/src/core/pe.cpp:12->/home/ulisses/Projects/ursa/exp/output-stationary-v2/sources/vanilla/src/core/sa.cpp:32]   --->   Operation 21 'store' 'store_ln12' <Predicate = true> <Delay = 0.00>
ST_1 : Operation 22 [1/1] (0.00ns)   --->   "%store_ln12 = store i20 0, i20 %mxm_execute_ursa_ap_uint_unsigned_short_ap_uint_unsigned_short_int_unsigned_s_60" [/home/ulisses/Projects/ursa/exp/output-stationary-v2/sources/vanilla/src/core/pe.cpp:12->/home/ulisses/Projects/ursa/exp/output-stationary-v2/sources/vanilla/src/core/sa.cpp:32]   --->   Operation 22 'store' 'store_ln12' <Predicate = true> <Delay = 0.00>
ST_1 : Operation 23 [1/1] (0.00ns)   --->   "%store_ln12 = store i20 0, i20 %mxm_execute_ursa_ap_uint_unsigned_short_ap_uint_unsigned_short_int_unsigned_s_61" [/home/ulisses/Projects/ursa/exp/output-stationary-v2/sources/vanilla/src/core/pe.cpp:12->/home/ulisses/Projects/ursa/exp/output-stationary-v2/sources/vanilla/src/core/sa.cpp:32]   --->   Operation 23 'store' 'store_ln12' <Predicate = true> <Delay = 0.00>
ST_1 : Operation 24 [1/1] (0.00ns)   --->   "%store_ln12 = store i20 0, i20 %mxm_execute_ursa_ap_uint_unsigned_short_ap_uint_unsigned_short_int_unsigned_s_62" [/home/ulisses/Projects/ursa/exp/output-stationary-v2/sources/vanilla/src/core/pe.cpp:12->/home/ulisses/Projects/ursa/exp/output-stationary-v2/sources/vanilla/src/core/sa.cpp:32]   --->   Operation 24 'store' 'store_ln12' <Predicate = true> <Delay = 0.00>
ST_1 : Operation 25 [1/1] (0.00ns)   --->   "%store_ln12 = store i20 0, i20 %mxm_execute_ursa_ap_uint_unsigned_short_ap_uint_unsigned_short_int_unsigned_s_63" [/home/ulisses/Projects/ursa/exp/output-stationary-v2/sources/vanilla/src/core/pe.cpp:12->/home/ulisses/Projects/ursa/exp/output-stationary-v2/sources/vanilla/src/core/sa.cpp:32]   --->   Operation 25 'store' 'store_ln12' <Predicate = true> <Delay = 0.00>
ST_1 : Operation 26 [1/1] (0.00ns)   --->   "%store_ln12 = store i20 0, i20 %mxm_execute_ursa_ap_uint_unsigned_short_ap_uint_unsigned_short_int_unsigned_s_64" [/home/ulisses/Projects/ursa/exp/output-stationary-v2/sources/vanilla/src/core/pe.cpp:12->/home/ulisses/Projects/ursa/exp/output-stationary-v2/sources/vanilla/src/core/sa.cpp:32]   --->   Operation 26 'store' 'store_ln12' <Predicate = true> <Delay = 0.00>
ST_1 : Operation 27 [1/1] (0.00ns)   --->   "%store_ln12 = store i20 0, i20 %mxm_execute_ursa_ap_uint_unsigned_short_ap_uint_unsigned_short_int_unsigned_s_66" [/home/ulisses/Projects/ursa/exp/output-stationary-v2/sources/vanilla/src/core/pe.cpp:12->/home/ulisses/Projects/ursa/exp/output-stationary-v2/sources/vanilla/src/core/sa.cpp:32]   --->   Operation 27 'store' 'store_ln12' <Predicate = true> <Delay = 0.00>
ST_1 : Operation 28 [1/1] (0.00ns)   --->   "%store_ln12 = store i20 0, i20 %mxm_execute_ursa_ap_uint_unsigned_short_ap_uint_unsigned_short_int_unsigned_s_67" [/home/ulisses/Projects/ursa/exp/output-stationary-v2/sources/vanilla/src/core/pe.cpp:12->/home/ulisses/Projects/ursa/exp/output-stationary-v2/sources/vanilla/src/core/sa.cpp:32]   --->   Operation 28 'store' 'store_ln12' <Predicate = true> <Delay = 0.00>
ST_1 : Operation 29 [1/1] (0.00ns)   --->   "%store_ln12 = store i20 0, i20 %mxm_execute_ursa_ap_uint_unsigned_short_ap_uint_unsigned_short_int_unsigned_s_68" [/home/ulisses/Projects/ursa/exp/output-stationary-v2/sources/vanilla/src/core/pe.cpp:12->/home/ulisses/Projects/ursa/exp/output-stationary-v2/sources/vanilla/src/core/sa.cpp:32]   --->   Operation 29 'store' 'store_ln12' <Predicate = true> <Delay = 0.00>
ST_1 : Operation 30 [1/1] (0.00ns)   --->   "%store_ln12 = store i20 0, i20 %mxm_execute_ursa_ap_uint_unsigned_short_ap_uint_unsigned_short_int_unsigned_s_69" [/home/ulisses/Projects/ursa/exp/output-stationary-v2/sources/vanilla/src/core/pe.cpp:12->/home/ulisses/Projects/ursa/exp/output-stationary-v2/sources/vanilla/src/core/sa.cpp:32]   --->   Operation 30 'store' 'store_ln12' <Predicate = true> <Delay = 0.00>
ST_1 : Operation 31 [1/1] (0.00ns)   --->   "%store_ln12 = store i20 0, i20 %mxm_execute_ursa_ap_uint_unsigned_short_ap_uint_unsigned_short_int_unsigned_s_70" [/home/ulisses/Projects/ursa/exp/output-stationary-v2/sources/vanilla/src/core/pe.cpp:12->/home/ulisses/Projects/ursa/exp/output-stationary-v2/sources/vanilla/src/core/sa.cpp:32]   --->   Operation 31 'store' 'store_ln12' <Predicate = true> <Delay = 0.00>
ST_1 : Operation 32 [1/1] (0.00ns)   --->   "%store_ln12 = store i20 0, i20 %mxm_execute_ursa_ap_uint_unsigned_short_ap_uint_unsigned_short_int_unsigned_s_71" [/home/ulisses/Projects/ursa/exp/output-stationary-v2/sources/vanilla/src/core/pe.cpp:12->/home/ulisses/Projects/ursa/exp/output-stationary-v2/sources/vanilla/src/core/sa.cpp:32]   --->   Operation 32 'store' 'store_ln12' <Predicate = true> <Delay = 0.00>
ST_1 : Operation 33 [1/1] (0.00ns)   --->   "%store_ln12 = store i20 0, i20 %mxm_execute_ursa_ap_uint_unsigned_short_ap_uint_unsigned_short_int_unsigned_s_72" [/home/ulisses/Projects/ursa/exp/output-stationary-v2/sources/vanilla/src/core/pe.cpp:12->/home/ulisses/Projects/ursa/exp/output-stationary-v2/sources/vanilla/src/core/sa.cpp:32]   --->   Operation 33 'store' 'store_ln12' <Predicate = true> <Delay = 0.00>
ST_1 : Operation 34 [1/1] (0.00ns)   --->   "%store_ln12 = store i20 0, i20 %mxm_execute_ursa_ap_uint_unsigned_short_ap_uint_unsigned_short_int_unsigned_s_73" [/home/ulisses/Projects/ursa/exp/output-stationary-v2/sources/vanilla/src/core/pe.cpp:12->/home/ulisses/Projects/ursa/exp/output-stationary-v2/sources/vanilla/src/core/sa.cpp:32]   --->   Operation 34 'store' 'store_ln12' <Predicate = true> <Delay = 0.00>
ST_1 : Operation 35 [1/1] (0.00ns)   --->   "%store_ln12 = store i20 0, i20 %mxm_execute_ursa_ap_uint_unsigned_short_ap_uint_unsigned_short_int_unsigned_s_74" [/home/ulisses/Projects/ursa/exp/output-stationary-v2/sources/vanilla/src/core/pe.cpp:12->/home/ulisses/Projects/ursa/exp/output-stationary-v2/sources/vanilla/src/core/sa.cpp:32]   --->   Operation 35 'store' 'store_ln12' <Predicate = true> <Delay = 0.00>
ST_1 : Operation 36 [1/1] (0.00ns)   --->   "%store_ln12 = store i20 0, i20 %mxm_execute_ursa_ap_uint_unsigned_short_ap_uint_unsigned_short_int_unsigned_s_75" [/home/ulisses/Projects/ursa/exp/output-stationary-v2/sources/vanilla/src/core/pe.cpp:12->/home/ulisses/Projects/ursa/exp/output-stationary-v2/sources/vanilla/src/core/sa.cpp:32]   --->   Operation 36 'store' 'store_ln12' <Predicate = true> <Delay = 0.00>
ST_1 : Operation 37 [1/1] (0.00ns)   --->   "%store_ln12 = store i20 0, i20 %mxm_execute_ursa_ap_uint_unsigned_short_ap_uint_unsigned_short_int_unsigned_s_77" [/home/ulisses/Projects/ursa/exp/output-stationary-v2/sources/vanilla/src/core/pe.cpp:12->/home/ulisses/Projects/ursa/exp/output-stationary-v2/sources/vanilla/src/core/sa.cpp:32]   --->   Operation 37 'store' 'store_ln12' <Predicate = true> <Delay = 0.00>
ST_1 : Operation 38 [1/1] (0.00ns)   --->   "%store_ln12 = store i20 0, i20 %mxm_execute_ursa_ap_uint_unsigned_short_ap_uint_unsigned_short_int_unsigned_s_78" [/home/ulisses/Projects/ursa/exp/output-stationary-v2/sources/vanilla/src/core/pe.cpp:12->/home/ulisses/Projects/ursa/exp/output-stationary-v2/sources/vanilla/src/core/sa.cpp:32]   --->   Operation 38 'store' 'store_ln12' <Predicate = true> <Delay = 0.00>
ST_1 : Operation 39 [1/1] (0.00ns)   --->   "%store_ln12 = store i20 0, i20 %mxm_execute_ursa_ap_uint_unsigned_short_ap_uint_unsigned_short_int_unsigned_s_79" [/home/ulisses/Projects/ursa/exp/output-stationary-v2/sources/vanilla/src/core/pe.cpp:12->/home/ulisses/Projects/ursa/exp/output-stationary-v2/sources/vanilla/src/core/sa.cpp:32]   --->   Operation 39 'store' 'store_ln12' <Predicate = true> <Delay = 0.00>
ST_1 : Operation 40 [1/1] (0.00ns)   --->   "%store_ln12 = store i20 0, i20 %mxm_execute_ursa_ap_uint_unsigned_short_ap_uint_unsigned_short_int_unsigned_s_80" [/home/ulisses/Projects/ursa/exp/output-stationary-v2/sources/vanilla/src/core/pe.cpp:12->/home/ulisses/Projects/ursa/exp/output-stationary-v2/sources/vanilla/src/core/sa.cpp:32]   --->   Operation 40 'store' 'store_ln12' <Predicate = true> <Delay = 0.00>
ST_1 : Operation 41 [1/1] (0.00ns)   --->   "%store_ln12 = store i20 0, i20 %mxm_execute_ursa_ap_uint_unsigned_short_ap_uint_unsigned_short_int_unsigned_s_81" [/home/ulisses/Projects/ursa/exp/output-stationary-v2/sources/vanilla/src/core/pe.cpp:12->/home/ulisses/Projects/ursa/exp/output-stationary-v2/sources/vanilla/src/core/sa.cpp:32]   --->   Operation 41 'store' 'store_ln12' <Predicate = true> <Delay = 0.00>
ST_1 : Operation 42 [1/1] (0.00ns)   --->   "%store_ln12 = store i20 0, i20 %mxm_execute_ursa_ap_uint_unsigned_short_ap_uint_unsigned_short_int_unsigned_s_82" [/home/ulisses/Projects/ursa/exp/output-stationary-v2/sources/vanilla/src/core/pe.cpp:12->/home/ulisses/Projects/ursa/exp/output-stationary-v2/sources/vanilla/src/core/sa.cpp:32]   --->   Operation 42 'store' 'store_ln12' <Predicate = true> <Delay = 0.00>
ST_1 : Operation 43 [1/1] (0.00ns)   --->   "%store_ln12 = store i20 0, i20 %mxm_execute_ursa_ap_uint_unsigned_short_ap_uint_unsigned_short_int_unsigned_s_83" [/home/ulisses/Projects/ursa/exp/output-stationary-v2/sources/vanilla/src/core/pe.cpp:12->/home/ulisses/Projects/ursa/exp/output-stationary-v2/sources/vanilla/src/core/sa.cpp:32]   --->   Operation 43 'store' 'store_ln12' <Predicate = true> <Delay = 0.00>
ST_1 : Operation 44 [1/1] (0.00ns)   --->   "%store_ln12 = store i20 0, i20 %mxm_execute_ursa_ap_uint_unsigned_short_ap_uint_unsigned_short_int_unsigned_s_84" [/home/ulisses/Projects/ursa/exp/output-stationary-v2/sources/vanilla/src/core/pe.cpp:12->/home/ulisses/Projects/ursa/exp/output-stationary-v2/sources/vanilla/src/core/sa.cpp:32]   --->   Operation 44 'store' 'store_ln12' <Predicate = true> <Delay = 0.00>
ST_1 : Operation 45 [1/1] (0.00ns)   --->   "%store_ln12 = store i20 0, i20 %mxm_execute_ursa_ap_uint_unsigned_short_ap_uint_unsigned_short_int_unsigned_s_85" [/home/ulisses/Projects/ursa/exp/output-stationary-v2/sources/vanilla/src/core/pe.cpp:12->/home/ulisses/Projects/ursa/exp/output-stationary-v2/sources/vanilla/src/core/sa.cpp:32]   --->   Operation 45 'store' 'store_ln12' <Predicate = true> <Delay = 0.00>
ST_1 : Operation 46 [1/1] (0.00ns)   --->   "%store_ln12 = store i20 0, i20 %mxm_execute_ursa_ap_uint_unsigned_short_ap_uint_unsigned_short_int_unsigned_s_86" [/home/ulisses/Projects/ursa/exp/output-stationary-v2/sources/vanilla/src/core/pe.cpp:12->/home/ulisses/Projects/ursa/exp/output-stationary-v2/sources/vanilla/src/core/sa.cpp:32]   --->   Operation 46 'store' 'store_ln12' <Predicate = true> <Delay = 0.00>
ST_1 : Operation 47 [1/1] (0.00ns)   --->   "%store_ln12 = store i20 0, i20 %mxm_execute_ursa_ap_uint_unsigned_short_ap_uint_unsigned_short_int_unsigned_s_88" [/home/ulisses/Projects/ursa/exp/output-stationary-v2/sources/vanilla/src/core/pe.cpp:12->/home/ulisses/Projects/ursa/exp/output-stationary-v2/sources/vanilla/src/core/sa.cpp:32]   --->   Operation 47 'store' 'store_ln12' <Predicate = true> <Delay = 0.00>
ST_1 : Operation 48 [1/1] (0.00ns)   --->   "%store_ln12 = store i20 0, i20 %mxm_execute_ursa_ap_uint_unsigned_short_ap_uint_unsigned_short_int_unsigned_s_89" [/home/ulisses/Projects/ursa/exp/output-stationary-v2/sources/vanilla/src/core/pe.cpp:12->/home/ulisses/Projects/ursa/exp/output-stationary-v2/sources/vanilla/src/core/sa.cpp:32]   --->   Operation 48 'store' 'store_ln12' <Predicate = true> <Delay = 0.00>
ST_1 : Operation 49 [1/1] (0.00ns)   --->   "%store_ln12 = store i20 0, i20 %mxm_execute_ursa_ap_uint_unsigned_short_ap_uint_unsigned_short_int_unsigned_s_96" [/home/ulisses/Projects/ursa/exp/output-stationary-v2/sources/vanilla/src/core/pe.cpp:12->/home/ulisses/Projects/ursa/exp/output-stationary-v2/sources/vanilla/src/core/sa.cpp:32]   --->   Operation 49 'store' 'store_ln12' <Predicate = true> <Delay = 0.00>
ST_1 : Operation 50 [1/1] (0.00ns)   --->   "%store_ln12 = store i20 0, i20 %mxm_execute_ursa_ap_uint_unsigned_short_ap_uint_unsigned_short_int_unsigned_s_243" [/home/ulisses/Projects/ursa/exp/output-stationary-v2/sources/vanilla/src/core/pe.cpp:12->/home/ulisses/Projects/ursa/exp/output-stationary-v2/sources/vanilla/src/core/sa.cpp:32]   --->   Operation 50 'store' 'store_ln12' <Predicate = true> <Delay = 0.00>
ST_1 : Operation 51 [1/1] (0.00ns)   --->   "%store_ln12 = store i20 0, i20 %mxm_execute_ursa_ap_uint_unsigned_short_ap_uint_unsigned_short_int_unsigned_s_232" [/home/ulisses/Projects/ursa/exp/output-stationary-v2/sources/vanilla/src/core/pe.cpp:12->/home/ulisses/Projects/ursa/exp/output-stationary-v2/sources/vanilla/src/core/sa.cpp:32]   --->   Operation 51 'store' 'store_ln12' <Predicate = true> <Delay = 0.00>
ST_1 : Operation 52 [1/1] (0.00ns)   --->   "%store_ln12 = store i20 0, i20 %mxm_execute_ursa_ap_uint_unsigned_short_ap_uint_unsigned_short_int_unsigned_s_221" [/home/ulisses/Projects/ursa/exp/output-stationary-v2/sources/vanilla/src/core/pe.cpp:12->/home/ulisses/Projects/ursa/exp/output-stationary-v2/sources/vanilla/src/core/sa.cpp:32]   --->   Operation 52 'store' 'store_ln12' <Predicate = true> <Delay = 0.00>
ST_1 : Operation 53 [1/1] (0.00ns)   --->   "%store_ln12 = store i20 0, i20 %mxm_execute_ursa_ap_uint_unsigned_short_ap_uint_unsigned_short_int_unsigned_s_210" [/home/ulisses/Projects/ursa/exp/output-stationary-v2/sources/vanilla/src/core/pe.cpp:12->/home/ulisses/Projects/ursa/exp/output-stationary-v2/sources/vanilla/src/core/sa.cpp:32]   --->   Operation 53 'store' 'store_ln12' <Predicate = true> <Delay = 0.00>
ST_1 : Operation 54 [1/1] (0.00ns)   --->   "%store_ln12 = store i20 0, i20 %mxm_execute_ursa_ap_uint_unsigned_short_ap_uint_unsigned_short_int_unsigned_s_199" [/home/ulisses/Projects/ursa/exp/output-stationary-v2/sources/vanilla/src/core/pe.cpp:12->/home/ulisses/Projects/ursa/exp/output-stationary-v2/sources/vanilla/src/core/sa.cpp:32]   --->   Operation 54 'store' 'store_ln12' <Predicate = true> <Delay = 0.00>
ST_1 : Operation 55 [1/1] (0.00ns)   --->   "%store_ln12 = store i20 0, i20 %mxm_execute_ursa_ap_uint_unsigned_short_ap_uint_unsigned_short_int_unsigned_s_188" [/home/ulisses/Projects/ursa/exp/output-stationary-v2/sources/vanilla/src/core/pe.cpp:12->/home/ulisses/Projects/ursa/exp/output-stationary-v2/sources/vanilla/src/core/sa.cpp:32]   --->   Operation 55 'store' 'store_ln12' <Predicate = true> <Delay = 0.00>
ST_1 : Operation 56 [1/1] (0.00ns)   --->   "%store_ln12 = store i20 0, i20 %mxm_execute_ursa_ap_uint_unsigned_short_ap_uint_unsigned_short_int_unsigned_s_177" [/home/ulisses/Projects/ursa/exp/output-stationary-v2/sources/vanilla/src/core/pe.cpp:12->/home/ulisses/Projects/ursa/exp/output-stationary-v2/sources/vanilla/src/core/sa.cpp:32]   --->   Operation 56 'store' 'store_ln12' <Predicate = true> <Delay = 0.00>
ST_1 : Operation 57 [1/1] (0.00ns)   --->   "%store_ln12 = store i20 0, i20 %mxm_execute_ursa_ap_uint_unsigned_short_ap_uint_unsigned_short_int_unsigned_s_10" [/home/ulisses/Projects/ursa/exp/output-stationary-v2/sources/vanilla/src/core/pe.cpp:12->/home/ulisses/Projects/ursa/exp/output-stationary-v2/sources/vanilla/src/core/sa.cpp:32]   --->   Operation 57 'store' 'store_ln12' <Predicate = true> <Delay = 0.00>
ST_1 : Operation 58 [1/1] (0.00ns)   --->   "%store_ln12 = store i20 0, i20 %mxm_execute_ursa_ap_uint_unsigned_short_ap_uint_unsigned_short_int_unsigned_s_21" [/home/ulisses/Projects/ursa/exp/output-stationary-v2/sources/vanilla/src/core/pe.cpp:12->/home/ulisses/Projects/ursa/exp/output-stationary-v2/sources/vanilla/src/core/sa.cpp:32]   --->   Operation 58 'store' 'store_ln12' <Predicate = true> <Delay = 0.00>
ST_1 : Operation 59 [1/1] (0.00ns)   --->   "%store_ln12 = store i20 0, i20 %mxm_execute_ursa_ap_uint_unsigned_short_ap_uint_unsigned_short_int_unsigned_s_32" [/home/ulisses/Projects/ursa/exp/output-stationary-v2/sources/vanilla/src/core/pe.cpp:12->/home/ulisses/Projects/ursa/exp/output-stationary-v2/sources/vanilla/src/core/sa.cpp:32]   --->   Operation 59 'store' 'store_ln12' <Predicate = true> <Delay = 0.00>
ST_1 : Operation 60 [1/1] (0.00ns)   --->   "%store_ln12 = store i20 0, i20 %mxm_execute_ursa_ap_uint_unsigned_short_ap_uint_unsigned_short_int_unsigned_s_43" [/home/ulisses/Projects/ursa/exp/output-stationary-v2/sources/vanilla/src/core/pe.cpp:12->/home/ulisses/Projects/ursa/exp/output-stationary-v2/sources/vanilla/src/core/sa.cpp:32]   --->   Operation 60 'store' 'store_ln12' <Predicate = true> <Delay = 0.00>
ST_1 : Operation 61 [1/1] (0.00ns)   --->   "%store_ln12 = store i20 0, i20 %mxm_execute_ursa_ap_uint_unsigned_short_ap_uint_unsigned_short_int_unsigned_s_54" [/home/ulisses/Projects/ursa/exp/output-stationary-v2/sources/vanilla/src/core/pe.cpp:12->/home/ulisses/Projects/ursa/exp/output-stationary-v2/sources/vanilla/src/core/sa.cpp:32]   --->   Operation 61 'store' 'store_ln12' <Predicate = true> <Delay = 0.00>
ST_1 : Operation 62 [1/1] (0.00ns)   --->   "%store_ln12 = store i20 0, i20 %mxm_execute_ursa_ap_uint_unsigned_short_ap_uint_unsigned_short_int_unsigned_s_65" [/home/ulisses/Projects/ursa/exp/output-stationary-v2/sources/vanilla/src/core/pe.cpp:12->/home/ulisses/Projects/ursa/exp/output-stationary-v2/sources/vanilla/src/core/sa.cpp:32]   --->   Operation 62 'store' 'store_ln12' <Predicate = true> <Delay = 0.00>
ST_1 : Operation 63 [1/1] (0.00ns)   --->   "%store_ln12 = store i20 0, i20 %mxm_execute_ursa_ap_uint_unsigned_short_ap_uint_unsigned_short_int_unsigned_s_76" [/home/ulisses/Projects/ursa/exp/output-stationary-v2/sources/vanilla/src/core/pe.cpp:12->/home/ulisses/Projects/ursa/exp/output-stationary-v2/sources/vanilla/src/core/sa.cpp:32]   --->   Operation 63 'store' 'store_ln12' <Predicate = true> <Delay = 0.00>
ST_1 : Operation 64 [1/1] (0.00ns)   --->   "%store_ln12 = store i20 0, i20 %mxm_execute_ursa_ap_uint_unsigned_short_ap_uint_unsigned_short_int_unsigned_s_87" [/home/ulisses/Projects/ursa/exp/output-stationary-v2/sources/vanilla/src/core/pe.cpp:12->/home/ulisses/Projects/ursa/exp/output-stationary-v2/sources/vanilla/src/core/sa.cpp:32]   --->   Operation 64 'store' 'store_ln12' <Predicate = true> <Delay = 0.00>
ST_1 : Operation 65 [1/1] (0.00ns)   --->   "%store_ln12 = store i20 0, i20 %mxm_execute_ursa_ap_uint_unsigned_short_ap_uint_unsigned_short_int_unsigned_s_176" [/home/ulisses/Projects/ursa/exp/output-stationary-v2/sources/vanilla/src/core/pe.cpp:12->/home/ulisses/Projects/ursa/exp/output-stationary-v2/sources/vanilla/src/core/sa.cpp:32]   --->   Operation 65 'store' 'store_ln12' <Predicate = true> <Delay = 0.00>
ST_1 : Operation 66 [1/1] (0.00ns)   --->   "%store_ln12 = store i20 0, i20 %mxm_execute_ursa_ap_uint_unsigned_short_ap_uint_unsigned_short_int_unsigned_s_175" [/home/ulisses/Projects/ursa/exp/output-stationary-v2/sources/vanilla/src/core/pe.cpp:12->/home/ulisses/Projects/ursa/exp/output-stationary-v2/sources/vanilla/src/core/sa.cpp:32]   --->   Operation 66 'store' 'store_ln12' <Predicate = true> <Delay = 0.00>
ST_1 : Operation 67 [1/1] (0.00ns)   --->   "%ret_ln35 = ret" [/home/ulisses/Projects/ursa/exp/output-stationary-v2/sources/vanilla/src/core/sa.cpp:35]   --->   Operation 67 'ret' 'ret_ln35' <Predicate = true> <Delay = 0.00>


============================================================
+ Verbose Summary: Timing violations
============================================================
Target clock period: 10.000ns, clock uncertainty: 2.700ns.

 <State 1>: 0.000ns
The critical path consists of the following:


============================================================
+ Verbose Summary: Binding
============================================================
N/A
* FSMD analyzer results:
  - Output states:
 - Input state : 
  - Chain level:
	State 1


============================================================
+ Verbose Summary: Datapath Resource usage 
============================================================
N/A
