

================================================================
== Vitis HLS Report for 'mxm_execute_ursa'
================================================================
* Date:           Thu Sep 24 14:32:21 2026

* Version:        2023.2 (Build 4023990 on Oct 11 2023)
* Project:        mxm_execute_ursa
* Solution:       hls (Vivado IP Flow Target)
* Product family: zynq
* Target device:  xc7z020-clg484-1


================================================================
== Performance Estimates
================================================================
+ Timing: 
    * Summary: 
    +--------+----------+----------+------------+
    |  Clock |  Target  | Estimated| Uncertainty|
    +--------+----------+----------+------------+
    |ap_clk  |  10.00 ns|  8.511 ns|     2.70 ns|
    +--------+----------+----------+------------+

+ Latency: 
    * Summary: 
    +---------+---------+-----------+----------+-----+-------+---------+
    |  Latency (cycles) |  Latency (absolute)  |   Interval  | Pipeline|
    |   min   |   max   |    min    |    max   | min |  max  |   Type  |
    +---------+---------+-----------+----------+-----+-------+---------+
    |        2|    87167|  20.000 ns|  0.872 ms|    3|  87168|       no|
    +---------+---------+-----------+----------+-----+-------+---------+

    + Detail: 
        * Instance: 
        +-----------------------------------------------+------------------------------------+---------+---------+----------+----------+-----+-----+---------+
        |                                               |                                    |  Latency (cycles) |  Latency (absolute) |  Interval | Pipeline|
        |                    Instance                   |               Module               |   min   |   max   |    min   |    max   | min | max |   Type  |
        +-----------------------------------------------+------------------------------------+---------+---------+----------+----------+-----+-----+---------+
        |grp_mxm_execute_ursa_Pipeline_LOAD_A_fu_362    |mxm_execute_ursa_Pipeline_LOAD_A    |       39|      147|  0.390 us|  1.470 us|   39|  147|       no|
        |grp_mxm_execute_ursa_Pipeline_LOAD_B_fu_375    |mxm_execute_ursa_Pipeline_LOAD_B    |       47|      155|  0.470 us|  1.550 us|   47|  155|       no|
        |grp_mxm_execute_ursa_Pipeline_STREAM_K_fu_390  |mxm_execute_ursa_Pipeline_STREAM_K  |       48|      156|  0.480 us|  1.560 us|   48|  156|       no|
        |grp_sa_store_fu_491                            |sa_store                            |       21|       21|  0.210 us|  0.210 us|   16|   16|      yes|
        |call_ln235_sa_reset_fu_531                     |sa_reset                            |        0|        0|      0 ns|      0 ns|    1|    1|      yes|
        +-----------------------------------------------+------------------------------------+---------+---------+----------+----------+-----+-----+---------+

        * Loop: 
        +-------------+---------+---------+--------------+-----------+-----------+---------+----------+
        |             |  Latency (cycles) |   Iteration  |  Initiation Interval  |   Trip  |          |
        |  Loop Name  |   min   |   max   |    Latency   |  achieved |   target  |  Count  | Pipelined|
        +-------------+---------+---------+--------------+-----------+-----------+---------+----------+
        |- TILE_ROW   |     4006|    87164|  2003 ~ 21791|          -|          -|    2 ~ 4|        no|
        | + TILE_COL  |     1952|    21632|     122 ~ 338|          -|          -|  16 ~ 64|        no|
        +-------------+---------+---------+--------------+-----------+-----------+---------+----------+



================================================================
== Utilization Estimates
================================================================
* Summary: 
+-----------------+---------+-----+--------+-------+-----+
|       Name      | BRAM_18K| DSP |   FF   |  LUT  | URAM|
+-----------------+---------+-----+--------+-------+-----+
|DSP              |        -|    -|       -|      -|    -|
|Expression       |        -|    -|       0|    506|    -|
|FIFO             |        -|    -|       -|      -|    -|
|Instance         |       12|   16|    3633|   4526|    -|
|Memory           |        8|    -|       0|      0|    0|
|Multiplexer      |        -|    -|       -|    802|    -|
|Register         |        -|    -|    1006|      -|    -|
+-----------------+---------+-----+--------+-------+-----+
|Total            |       20|   16|    4639|   5834|    0|
+-----------------+---------+-----+--------+-------+-----+
|Available        |      280|  220|  106400|  53200|    0|
+-----------------+---------+-----+--------+-------+-----+
|Utilization (%)  |        7|    7|       4|     10|    0|
+-----------------+---------+-----+--------+-------+-----+

+ Detail: 
    * Instance: 
    +-----------------------------------------------+------------------------------------+---------+----+-----+------+-----+
    |                    Instance                   |               Module               | BRAM_18K| DSP|  FF |  LUT | URAM|
    +-----------------------------------------------+------------------------------------+---------+----+-----+------+-----+
    |ap_s_axi_U                                     |ap_s_axi                            |        0|   0|  110|   152|    0|
    |aw_m_axi_U                                     |aw_m_axi                            |        4|   0|  830|   733|    0|
    |bi_m_axi_U                                     |bi_m_axi                            |        4|   0|  830|   733|    0|
    |ca_m_axi_U                                     |ca_m_axi                            |        4|   0|  830|   733|    0|
    |control_s_axi_U                                |control_s_axi                       |        0|   0|  144|   232|    0|
    |grp_mxm_execute_ursa_Pipeline_LOAD_A_fu_362    |mxm_execute_ursa_Pipeline_LOAD_A    |        0|   0|  122|   219|    0|
    |grp_mxm_execute_ursa_Pipeline_LOAD_B_fu_375    |mxm_execute_ursa_Pipeline_LOAD_B    |        0|   0|  216|   221|    0|
    |grp_mxm_execute_ursa_Pipeline_STREAM_K_fu_390  |mxm_execute_ursa_Pipeline_STREAM_K  |        0|  16|  395|  1096|    0|
    |call_ln235_sa_reset_fu_531                     |sa_reset                            |        0|   0|    0|     0|    0|
    |grp_sa_store_fu_491                            |sa_store                            |        0|   0|  156|   407|    0|
    +-----------------------------------------------+------------------------------------+---------+----+-----+------+-----+
    |Total                                          |                                    |       12|  16| 3633|  4526|    0|
    +-----------------------------------------------+------------------------------------+---------+----+-----+------+-----+

    * DSP: 
    N/A

    * Memory: 
    +-----------+---------------------+---------+---+----+-----+------+-----+------+-------------+
    |   Memory  |        Module       | BRAM_18K| FF| LUT| URAM| Words| Bits| Banks| W*Bits*Banks|
    +-----------+---------------------+---------+---+----+-----+------+-----+------+-------------+
    |a_buf_U    |a_buf_RAM_AUTO_1R1W  |        1|  0|   0|    0|    64|   32|     1|         2048|
    |a_buf_1_U  |a_buf_RAM_AUTO_1R1W  |        1|  0|   0|    0|    64|   32|     1|         2048|
    |a_buf_2_U  |a_buf_RAM_AUTO_1R1W  |        1|  0|   0|    0|    64|   32|     1|         2048|
    |a_buf_3_U  |a_buf_RAM_AUTO_1R1W  |        1|  0|   0|    0|    64|   32|     1|         2048|
    |b_buf_U    |b_buf_RAM_AUTO_1R1W  |        1|  0|   0|    0|   256|    8|     1|         2048|
    |b_buf_1_U  |b_buf_RAM_AUTO_1R1W  |        1|  0|   0|    0|   256|    8|     1|         2048|
    |b_buf_2_U  |b_buf_RAM_AUTO_1R1W  |        1|  0|   0|    0|   256|    8|     1|         2048|
    |b_buf_3_U  |b_buf_RAM_AUTO_1R1W  |        1|  0|   0|    0|   256|    8|     1|         2048|
    +-----------+---------------------+---------+---+----+-----+------+-----+------+-------------+
    |Total      |                     |        8|  0|   0|    0|  1280|  160|     8|        16384|
    +-----------+---------------------+---------+---+----+-----+------+-----+------+-------------+

    * FIFO: 
    N/A

    * Expression: 
    +------------------------+----------+----+---+----+------------+------------+
    |      Variable Name     | Operation| DSP| FF| LUT| Bitwidth P0| Bitwidth P1|
    +------------------------+----------+----+---+----+------------+------------+
    |add30_fu_660_p2         |         +|   0|  0|  24|          17|           3|
    |add_i_1_fu_672_p2       |         +|   0|  0|  24|          17|           1|
    |add_i_2_fu_682_p2       |         +|   0|  0|  24|          17|           2|
    |add_ln106_fu_770_p2     |         +|   0|  0|  39|          32|          32|
    |add_ln171_fu_574_p2     |         +|   0|  0|  23|          16|           2|
    |add_ln197_fu_620_p2     |         +|   0|  0|  24|          17|           2|
    |add_ln213_fu_800_p2     |         +|   0|  0|  17|          14|           1|
    |add_ln234_fu_812_p2     |         +|   0|  0|  39|          32|          32|
    |add_ln53_fu_666_p2      |         +|   0|  0|  15|           8|           2|
    |i_2_fu_756_p2           |         +|   0|  0|  17|          14|           1|
    |off_a_fu_823_p2         |         +|   0|  0|  37|          30|          30|
    |off_c_3_fu_828_p2       |         +|   0|  0|  39|          32|          32|
    |off_cj_2_fu_817_p2      |         +|   0|  0|  39|          32|           3|
    |sub_i44_fu_692_p2       |         +|   0|  0|  20|          15|           2|
    |cmp2_i_fu_698_p2        |      icmp|   0|  0|  20|          15|           1|
    |icmp_ln123_fu_716_p2    |      icmp|   0|  0|  23|          16|           1|
    |icmp_ln171_fu_590_p2    |      icmp|   0|  0|  15|           8|           1|
    |icmp_ln205_fu_751_p2    |      icmp|   0|  0|  17|          14|          14|
    |icmp_ln213_fu_795_p2    |      icmp|   0|  0|  17|          14|          14|
    |empty_47_fu_704_p3      |    select|   0|  0|  17|           1|          17|
    |select_ln123_fu_722_p3  |    select|   0|  0|  16|           1|          16|
    +------------------------+----------+----+---+----+------------+------------+
    |Total                   |          |   0|  0| 506|         362|         209|
    +------------------------+----------+----+---+----+------------+------------+

    * Multiplexer: 
    +----------------------------------------------------------------------------------+-----+-----------+-----+-----------+
    |                                       Name                                       | LUT | Input Size| Bits| Total Bits|
    +----------------------------------------------------------------------------------+-----+-----------+-----+-----------+
    |a_buf_1_address0                                                                  |   14|          3|    6|         18|
    |a_buf_1_ce0                                                                       |   14|          3|    1|          3|
    |a_buf_1_we0                                                                       |    9|          2|    1|          2|
    |a_buf_2_address0                                                                  |   14|          3|    6|         18|
    |a_buf_2_ce0                                                                       |   14|          3|    1|          3|
    |a_buf_2_we0                                                                       |    9|          2|    1|          2|
    |a_buf_3_address0                                                                  |   14|          3|    6|         18|
    |a_buf_3_ce0                                                                       |   14|          3|    1|          3|
    |a_buf_3_we0                                                                       |    9|          2|    1|          2|
    |a_buf_address0                                                                    |   14|          3|    6|         18|
    |a_buf_ce0                                                                         |   14|          3|    1|          3|
    |a_buf_we0                                                                         |    9|          2|    1|          2|
    |ap_NS_fsm                                                                         |  185|         42|    1|         42|
    |aw_ARADDR                                                                         |   14|          3|   32|         96|
    |aw_ARLEN                                                                          |   14|          3|   32|         96|
    |aw_ARVALID                                                                        |   14|          3|    1|          3|
    |aw_RREADY                                                                         |    9|          2|    1|          2|
    |aw_blk_n_AR                                                                       |    9|          2|    1|          2|
    |b_buf_1_address0                                                                  |   14|          3|    8|         24|
    |b_buf_1_ce0                                                                       |   14|          3|    1|          3|
    |b_buf_1_we0                                                                       |    9|          2|    1|          2|
    |b_buf_2_address0                                                                  |   14|          3|    8|         24|
    |b_buf_2_ce0                                                                       |   14|          3|    1|          3|
    |b_buf_2_we0                                                                       |    9|          2|    1|          2|
    |b_buf_3_address0                                                                  |   14|          3|    8|         24|
    |b_buf_3_ce0                                                                       |   14|          3|    1|          3|
    |b_buf_3_we0                                                                       |    9|          2|    1|          2|
    |b_buf_address0                                                                    |   14|          3|    8|         24|
    |b_buf_ce0                                                                         |   14|          3|    1|          3|
    |b_buf_we0                                                                         |    9|          2|    1|          2|
    |bi_ARVALID                                                                        |    9|          2|    1|          2|
    |bi_RREADY                                                                         |    9|          2|    1|          2|
    |ca_AWVALID                                                                        |    9|          2|    1|          2|
    |ca_BREADY                                                                         |    9|          2|    1|          2|
    |ca_WVALID                                                                         |    9|          2|    1|          2|
    |ca_blk_n_AW                                                                       |    9|          2|    1|          2|
    |ca_blk_n_B                                                                        |    9|          2|    1|          2|
    |ca_blk_n_W                                                                        |    9|          2|    1|          2|
    |i_fu_278                                                                          |    9|          2|   14|         28|
    |j_reg_328                                                                         |    9|          2|   14|         28|
    |mxm_execute_ursa_ap_uint_unsigned_short_ap_uint_unsigned_short_int_unsigned_s     |    9|          2|   20|         40|
    |mxm_execute_ursa_ap_uint_unsigned_short_ap_uint_unsigned_short_int_unsigned_s_1   |    9|          2|   20|         40|
    |mxm_execute_ursa_ap_uint_unsigned_short_ap_uint_unsigned_short_int_unsigned_s_10  |    9|          2|   20|         40|
    |mxm_execute_ursa_ap_uint_unsigned_short_ap_uint_unsigned_short_int_unsigned_s_11  |    9|          2|   20|         40|
    |mxm_execute_ursa_ap_uint_unsigned_short_ap_uint_unsigned_short_int_unsigned_s_12  |    9|          2|   20|         40|
    |mxm_execute_ursa_ap_uint_unsigned_short_ap_uint_unsigned_short_int_unsigned_s_13  |    9|          2|   20|         40|
    |mxm_execute_ursa_ap_uint_unsigned_short_ap_uint_unsigned_short_int_unsigned_s_14  |    9|          2|   20|         40|
    |mxm_execute_ursa_ap_uint_unsigned_short_ap_uint_unsigned_short_int_unsigned_s_15  |    9|          2|   20|         40|
    |mxm_execute_ursa_ap_uint_unsigned_short_ap_uint_unsigned_short_int_unsigned_s_2   |    9|          2|   20|         40|
    |mxm_execute_ursa_ap_uint_unsigned_short_ap_uint_unsigned_short_int_unsigned_s_3   |    9|          2|   20|         40|
    |mxm_execute_ursa_ap_uint_unsigned_short_ap_uint_unsigned_short_int_unsigned_s_4   |    9|          2|   20|         40|
    |mxm_execute_ursa_ap_uint_unsigned_short_ap_uint_unsigned_short_int_unsigned_s_5   |    9|          2|   20|         40|
    |mxm_execute_ursa_ap_uint_unsigned_short_ap_uint_unsigned_short_int_unsigned_s_6   |    9|          2|   20|         40|
    |mxm_execute_ursa_ap_uint_unsigned_short_ap_uint_unsigned_short_int_unsigned_s_7   |    9|          2|   20|         40|
    |mxm_execute_ursa_ap_uint_unsigned_short_ap_uint_unsigned_short_int_unsigned_s_8   |    9|          2|   20|         40|
    |mxm_execute_ursa_ap_uint_unsigned_short_ap_uint_unsigned_short_int_unsigned_s_9   |    9|          2|   20|         40|
    |off_c_fu_282                                                                      |    9|          2|   32|         64|
    |off_cj_reg_340                                                                    |    9|          2|   32|         64|
    |word_off_fu_274                                                                   |    9|          2|   30|         60|
    +----------------------------------------------------------------------------------+-----+-----------+-----+-----------+
    |Total                                                                             |  802|        177|  590|       1349|
    +----------------------------------------------------------------------------------+-----+-----------+-----+-----------+

    * Register: 
    +----------------------------------------------------------------------------------+----+----+-----+-----------+
    |                                       Name                                       | FF | LUT| Bits| Const Bits|
    +----------------------------------------------------------------------------------+----+----+-----+-----------+
    |a0_p_0_data_reg                                                                   |  16|   0|   16|          0|
    |a0_p_0_vld_reg                                                                    |   0|   0|    1|          1|
    |add30_reg_935                                                                     |  17|   0|   17|          0|
    |add_i_1_reg_945                                                                   |  17|   0|   17|          0|
    |add_i_2_reg_955                                                                   |  17|   0|   17|          0|
    |add_ln197_reg_915                                                                 |  17|   0|   17|          0|
    |add_ln213_reg_1005                                                                |  14|   0|   14|          0|
    |add_ln234_reg_1010                                                                |  32|   0|   32|          0|
    |add_ln53_reg_940                                                                  |   8|   0|    8|          0|
    |addr_a0_read_reg_860                                                              |  32|   0|   32|          0|
    |addr_b0_read_reg_855                                                              |  32|   0|   32|          0|
    |addr_c0_read_reg_850                                                              |  32|   0|   32|          0|
    |ap_CS_fsm                                                                         |  41|   0|   41|          0|
    |b0_q_0_data_reg                                                                   |  16|   0|   16|          0|
    |b0_q_0_vld_reg                                                                    |   0|   0|    1|          1|
    |b0_q_read_reg_870                                                                 |  16|   0|   16|          0|
    |call_b_reg_909                                                                    |  14|   0|   14|          0|
    |empty_45_reg_950                                                                  |   8|   0|    8|          0|
    |empty_46_reg_960                                                                  |   8|   0|    8|          0|
    |empty_reg_875                                                                     |   8|   0|    8|          0|
    |grp_mxm_execute_ursa_Pipeline_LOAD_A_fu_362_ap_start_reg                          |   1|   0|    1|          0|
    |grp_mxm_execute_ursa_Pipeline_LOAD_B_fu_375_ap_start_reg                          |   1|   0|    1|          0|
    |grp_mxm_execute_ursa_Pipeline_STREAM_K_fu_390_ap_start_reg                        |   1|   0|    1|          0|
    |grp_sa_store_fu_491_ap_start_reg                                                  |   1|   0|    1|          0|
    |i_2_reg_986                                                                       |  14|   0|   14|          0|
    |i_fu_278                                                                          |  14|   0|   14|          0|
    |j_reg_328                                                                         |  14|   0|   14|          0|
    |m_0_data_reg                                                                      |  16|   0|   16|          0|
    |m_0_vld_reg                                                                       |   0|   0|    1|          1|
    |m_read_reg_865                                                                    |  16|   0|   16|          0|
    |mxm_execute_ursa_ap_uint_unsigned_short_ap_uint_unsigned_short_int_unsigned_s     |  20|   0|   20|          0|
    |mxm_execute_ursa_ap_uint_unsigned_short_ap_uint_unsigned_short_int_unsigned_s_1   |  20|   0|   20|          0|
    |mxm_execute_ursa_ap_uint_unsigned_short_ap_uint_unsigned_short_int_unsigned_s_10  |  20|   0|   20|          0|
    |mxm_execute_ursa_ap_uint_unsigned_short_ap_uint_unsigned_short_int_unsigned_s_11  |  20|   0|   20|          0|
    |mxm_execute_ursa_ap_uint_unsigned_short_ap_uint_unsigned_short_int_unsigned_s_12  |  20|   0|   20|          0|
    |mxm_execute_ursa_ap_uint_unsigned_short_ap_uint_unsigned_short_int_unsigned_s_13  |  20|   0|   20|          0|
    |mxm_execute_ursa_ap_uint_unsigned_short_ap_uint_unsigned_short_int_unsigned_s_14  |  20|   0|   20|          0|
    |mxm_execute_ursa_ap_uint_unsigned_short_ap_uint_unsigned_short_int_unsigned_s_15  |  20|   0|   20|          0|
    |mxm_execute_ursa_ap_uint_unsigned_short_ap_uint_unsigned_short_int_unsigned_s_2   |  20|   0|   20|          0|
    |mxm_execute_ursa_ap_uint_unsigned_short_ap_uint_unsigned_short_int_unsigned_s_3   |  20|   0|   20|          0|
    |mxm_execute_ursa_ap_uint_unsigned_short_ap_uint_unsigned_short_int_unsigned_s_4   |  20|   0|   20|          0|
    |mxm_execute_ursa_ap_uint_unsigned_short_ap_uint_unsigned_short_int_unsigned_s_5   |  20|   0|   20|          0|
    |mxm_execute_ursa_ap_uint_unsigned_short_ap_uint_unsigned_short_int_unsigned_s_6   |  20|   0|   20|          0|
    |mxm_execute_ursa_ap_uint_unsigned_short_ap_uint_unsigned_short_int_unsigned_s_7   |  20|   0|   20|          0|
    |mxm_execute_ursa_ap_uint_unsigned_short_ap_uint_unsigned_short_int_unsigned_s_8   |  20|   0|   20|          0|
    |mxm_execute_ursa_ap_uint_unsigned_short_ap_uint_unsigned_short_int_unsigned_s_9   |  20|   0|   20|          0|
    |off_c_fu_282                                                                      |  32|   0|   32|          0|
    |off_cj_2_reg_1015                                                                 |  32|   0|   32|          0|
    |off_cj_reg_340                                                                    |  32|   0|   32|          0|
    |retval_0_reg_349                                                                  |   1|   0|    1|          0|
    |select_ln123_reg_975                                                              |  16|   0|   16|          0|
    |stride_a_reg_920                                                                  |  15|   0|   17|          2|
    |sub_i44_reg_965                                                                   |  15|   0|   15|          0|
    |trunc_ln2_reg_991                                                                 |  30|   0|   30|          0|
    |trunc_ln_reg_904                                                                  |  14|   0|   14|          0|
    |word_off_fu_274                                                                   |  30|   0|   30|          0|
    |zext_ln123_reg_970                                                                |  15|   0|   32|         17|
    |zext_ln198_reg_925                                                                |  15|   0|   30|         15|
    |zext_ln199_reg_930                                                                |  16|   0|   32|         16|
    +----------------------------------------------------------------------------------+----+----+-----+-----------+
    |Total                                                                             |1006|   0| 1059|         53|
    +----------------------------------------------------------------------------------+----+----+-----+-----------+



================================================================
== Interface
================================================================
* Summary: 
+-----------------------+-----+-----+------------+------------------+--------------+
|       RTL Ports       | Dir | Bits|  Protocol  |   Source Object  |    C Type    |
+-----------------------+-----+-----+------------+------------------+--------------+
|s_axi_ap_AWVALID       |   in|    1|       s_axi|                ap|        scalar|
|s_axi_ap_AWREADY       |  out|    1|       s_axi|                ap|        scalar|
|s_axi_ap_AWADDR        |   in|    6|       s_axi|                ap|        scalar|
|s_axi_ap_WVALID        |   in|    1|       s_axi|                ap|        scalar|
|s_axi_ap_WREADY        |  out|    1|       s_axi|                ap|        scalar|
|s_axi_ap_WDATA         |   in|   32|       s_axi|                ap|        scalar|
|s_axi_ap_WSTRB         |   in|    4|       s_axi|                ap|        scalar|
|s_axi_ap_ARVALID       |   in|    1|       s_axi|                ap|        scalar|
|s_axi_ap_ARREADY       |  out|    1|       s_axi|                ap|        scalar|
|s_axi_ap_ARADDR        |   in|    6|       s_axi|                ap|        scalar|
|s_axi_ap_RVALID        |  out|    1|       s_axi|                ap|        scalar|
|s_axi_ap_RREADY        |   in|    1|       s_axi|                ap|        scalar|
|s_axi_ap_RDATA         |  out|   32|       s_axi|                ap|        scalar|
|s_axi_ap_RRESP         |  out|    2|       s_axi|                ap|        scalar|
|s_axi_ap_BVALID        |  out|    1|       s_axi|                ap|        scalar|
|s_axi_ap_BREADY        |   in|    1|       s_axi|                ap|        scalar|
|s_axi_ap_BRESP         |  out|    2|       s_axi|                ap|        scalar|
|s_axi_control_AWVALID  |   in|    1|       s_axi|           control|        scalar|
|s_axi_control_AWREADY  |  out|    1|       s_axi|           control|        scalar|
|s_axi_control_AWADDR   |   in|    6|       s_axi|           control|        scalar|
|s_axi_control_WVALID   |   in|    1|       s_axi|           control|        scalar|
|s_axi_control_WREADY   |  out|    1|       s_axi|           control|        scalar|
|s_axi_control_WDATA    |   in|   32|       s_axi|           control|        scalar|
|s_axi_control_WSTRB    |   in|    4|       s_axi|           control|        scalar|
|s_axi_control_ARVALID  |   in|    1|       s_axi|           control|        scalar|
|s_axi_control_ARREADY  |  out|    1|       s_axi|           control|        scalar|
|s_axi_control_ARADDR   |   in|    6|       s_axi|           control|        scalar|
|s_axi_control_RVALID   |  out|    1|       s_axi|           control|        scalar|
|s_axi_control_RREADY   |   in|    1|       s_axi|           control|        scalar|
|s_axi_control_RDATA    |  out|   32|       s_axi|           control|        scalar|
|s_axi_control_RRESP    |  out|    2|       s_axi|           control|        scalar|
|s_axi_control_BVALID   |  out|    1|       s_axi|           control|        scalar|
|s_axi_control_BREADY   |   in|    1|       s_axi|           control|        scalar|
|s_axi_control_BRESP    |  out|    2|       s_axi|           control|        scalar|
|ap_clk                 |   in|    1|  ap_ctrl_hs|  mxm_execute_ursa|  return value|
|ap_rst_n               |   in|    1|  ap_ctrl_hs|  mxm_execute_ursa|  return value|
|interrupt              |  out|    1|  ap_ctrl_hs|  mxm_execute_ursa|  return value|
|m_axi_aw_AWVALID       |  out|    1|       m_axi|                aw|       pointer|
|m_axi_aw_AWREADY       |   in|    1|       m_axi|                aw|       pointer|
|m_axi_aw_AWADDR        |  out|   32|       m_axi|                aw|       pointer|
|m_axi_aw_AWID          |  out|    1|       m_axi|                aw|       pointer|
|m_axi_aw_AWLEN         |  out|    8|       m_axi|                aw|       pointer|
|m_axi_aw_AWSIZE        |  out|    3|       m_axi|                aw|       pointer|
|m_axi_aw_AWBURST       |  out|    2|       m_axi|                aw|       pointer|
|m_axi_aw_AWLOCK        |  out|    2|       m_axi|                aw|       pointer|
|m_axi_aw_AWCACHE       |  out|    4|       m_axi|                aw|       pointer|
|m_axi_aw_AWPROT        |  out|    3|       m_axi|                aw|       pointer|
|m_axi_aw_AWQOS         |  out|    4|       m_axi|                aw|       pointer|
|m_axi_aw_AWREGION      |  out|    4|       m_axi|                aw|       pointer|
|m_axi_aw_AWUSER        |  out|    1|       m_axi|                aw|       pointer|
|m_axi_aw_WVALID        |  out|    1|       m_axi|                aw|       pointer|
|m_axi_aw_WREADY        |   in|    1|       m_axi|                aw|       pointer|
|m_axi_aw_WDATA         |  out|   32|       m_axi|                aw|       pointer|
|m_axi_aw_WSTRB         |  out|    4|       m_axi|                aw|       pointer|
|m_axi_aw_WLAST         |  out|    1|       m_axi|                aw|       pointer|
|m_axi_aw_WID           |  out|    1|       m_axi|                aw|       pointer|
|m_axi_aw_WUSER         |  out|    1|       m_axi|                aw|       pointer|
|m_axi_aw_ARVALID       |  out|    1|       m_axi|                aw|       pointer|
|m_axi_aw_ARREADY       |   in|    1|       m_axi|                aw|       pointer|
|m_axi_aw_ARADDR        |  out|   32|       m_axi|                aw|       pointer|
|m_axi_aw_ARID          |  out|    1|       m_axi|                aw|       pointer|
|m_axi_aw_ARLEN         |  out|    8|       m_axi|                aw|       pointer|
|m_axi_aw_ARSIZE        |  out|    3|       m_axi|                aw|       pointer|
|m_axi_aw_ARBURST       |  out|    2|       m_axi|                aw|       pointer|
|m_axi_aw_ARLOCK        |  out|    2|       m_axi|                aw|       pointer|
|m_axi_aw_ARCACHE       |  out|    4|       m_axi|                aw|       pointer|
|m_axi_aw_ARPROT        |  out|    3|       m_axi|                aw|       pointer|
|m_axi_aw_ARQOS         |  out|    4|       m_axi|                aw|       pointer|
|m_axi_aw_ARREGION      |  out|    4|       m_axi|                aw|       pointer|
|m_axi_aw_ARUSER        |  out|    1|       m_axi|                aw|       pointer|
|m_axi_aw_RVALID        |   in|    1|       m_axi|                aw|       pointer|
|m_axi_aw_RREADY        |  out|    1|       m_axi|                aw|       pointer|
|m_axi_aw_RDATA         |   in|   32|       m_axi|                aw|       pointer|
|m_axi_aw_RLAST         |   in|    1|       m_axi|                aw|       pointer|
|m_axi_aw_RID           |   in|    1|       m_axi|                aw|       pointer|
|m_axi_aw_RUSER         |   in|    1|       m_axi|                aw|       pointer|
|m_axi_aw_RRESP         |   in|    2|       m_axi|                aw|       pointer|
|m_axi_aw_BVALID        |   in|    1|       m_axi|                aw|       pointer|
|m_axi_aw_BREADY        |  out|    1|       m_axi|                aw|       pointer|
|m_axi_aw_BRESP         |   in|    2|       m_axi|                aw|       pointer|
|m_axi_aw_BID           |   in|    1|       m_axi|                aw|       pointer|
|m_axi_aw_BUSER         |   in|    1|       m_axi|                aw|       pointer|
|m_axi_bi_AWVALID       |  out|    1|       m_axi|                bi|       pointer|
|m_axi_bi_AWREADY       |   in|    1|       m_axi|                bi|       pointer|
|m_axi_bi_AWADDR        |  out|   32|       m_axi|                bi|       pointer|
|m_axi_bi_AWID          |  out|    1|       m_axi|                bi|       pointer|
|m_axi_bi_AWLEN         |  out|    8|       m_axi|                bi|       pointer|
|m_axi_bi_AWSIZE        |  out|    3|       m_axi|                bi|       pointer|
|m_axi_bi_AWBURST       |  out|    2|       m_axi|                bi|       pointer|
|m_axi_bi_AWLOCK        |  out|    2|       m_axi|                bi|       pointer|
|m_axi_bi_AWCACHE       |  out|    4|       m_axi|                bi|       pointer|
|m_axi_bi_AWPROT        |  out|    3|       m_axi|                bi|       pointer|
|m_axi_bi_AWQOS         |  out|    4|       m_axi|                bi|       pointer|
|m_axi_bi_AWREGION      |  out|    4|       m_axi|                bi|       pointer|
|m_axi_bi_AWUSER        |  out|    1|       m_axi|                bi|       pointer|
|m_axi_bi_WVALID        |  out|    1|       m_axi|                bi|       pointer|
|m_axi_bi_WREADY        |   in|    1|       m_axi|                bi|       pointer|
|m_axi_bi_WDATA         |  out|   32|       m_axi|                bi|       pointer|
|m_axi_bi_WSTRB         |  out|    4|       m_axi|                bi|       pointer|
|m_axi_bi_WLAST         |  out|    1|       m_axi|                bi|       pointer|
|m_axi_bi_WID           |  out|    1|       m_axi|                bi|       pointer|
|m_axi_bi_WUSER         |  out|    1|       m_axi|                bi|       pointer|
|m_axi_bi_ARVALID       |  out|    1|       m_axi|                bi|       pointer|
|m_axi_bi_ARREADY       |   in|    1|       m_axi|                bi|       pointer|
|m_axi_bi_ARADDR        |  out|   32|       m_axi|                bi|       pointer|
|m_axi_bi_ARID          |  out|    1|       m_axi|                bi|       pointer|
|m_axi_bi_ARLEN         |  out|    8|       m_axi|                bi|       pointer|
|m_axi_bi_ARSIZE        |  out|    3|       m_axi|                bi|       pointer|
|m_axi_bi_ARBURST       |  out|    2|       m_axi|                bi|       pointer|
|m_axi_bi_ARLOCK        |  out|    2|       m_axi|                bi|       pointer|
|m_axi_bi_ARCACHE       |  out|    4|       m_axi|                bi|       pointer|
|m_axi_bi_ARPROT        |  out|    3|       m_axi|                bi|       pointer|
|m_axi_bi_ARQOS         |  out|    4|       m_axi|                bi|       pointer|
|m_axi_bi_ARREGION      |  out|    4|       m_axi|                bi|       pointer|
|m_axi_bi_ARUSER        |  out|    1|       m_axi|                bi|       pointer|
|m_axi_bi_RVALID        |   in|    1|       m_axi|                bi|       pointer|
|m_axi_bi_RREADY        |  out|    1|       m_axi|                bi|       pointer|
|m_axi_bi_RDATA         |   in|   32|       m_axi|                bi|       pointer|
|m_axi_bi_RLAST         |   in|    1|       m_axi|                bi|       pointer|
|m_axi_bi_RID           |   in|    1|       m_axi|                bi|       pointer|
|m_axi_bi_RUSER         |   in|    1|       m_axi|                bi|       pointer|
|m_axi_bi_RRESP         |   in|    2|       m_axi|                bi|       pointer|
|m_axi_bi_BVALID        |   in|    1|       m_axi|                bi|       pointer|
|m_axi_bi_BREADY        |  out|    1|       m_axi|                bi|       pointer|
|m_axi_bi_BRESP         |   in|    2|       m_axi|                bi|       pointer|
|m_axi_bi_BID           |   in|    1|       m_axi|                bi|       pointer|
|m_axi_bi_BUSER         |   in|    1|       m_axi|                bi|       pointer|
|m_axi_ca_AWVALID       |  out|    1|       m_axi|                ca|       pointer|
|m_axi_ca_AWREADY       |   in|    1|       m_axi|                ca|       pointer|
|m_axi_ca_AWADDR        |  out|   32|       m_axi|                ca|       pointer|
|m_axi_ca_AWID          |  out|    1|       m_axi|                ca|       pointer|
|m_axi_ca_AWLEN         |  out|    8|       m_axi|                ca|       pointer|
|m_axi_ca_AWSIZE        |  out|    3|       m_axi|                ca|       pointer|
|m_axi_ca_AWBURST       |  out|    2|       m_axi|                ca|       pointer|
|m_axi_ca_AWLOCK        |  out|    2|       m_axi|                ca|       pointer|
|m_axi_ca_AWCACHE       |  out|    4|       m_axi|                ca|       pointer|
|m_axi_ca_AWPROT        |  out|    3|       m_axi|                ca|       pointer|
|m_axi_ca_AWQOS         |  out|    4|       m_axi|                ca|       pointer|
|m_axi_ca_AWREGION      |  out|    4|       m_axi|                ca|       pointer|
|m_axi_ca_AWUSER        |  out|    1|       m_axi|                ca|       pointer|
|m_axi_ca_WVALID        |  out|    1|       m_axi|                ca|       pointer|
|m_axi_ca_WREADY        |   in|    1|       m_axi|                ca|       pointer|
|m_axi_ca_WDATA         |  out|   32|       m_axi|                ca|       pointer|
|m_axi_ca_WSTRB         |  out|    4|       m_axi|                ca|       pointer|
|m_axi_ca_WLAST         |  out|    1|       m_axi|                ca|       pointer|
|m_axi_ca_WID           |  out|    1|       m_axi|                ca|       pointer|
|m_axi_ca_WUSER         |  out|    1|       m_axi|                ca|       pointer|
|m_axi_ca_ARVALID       |  out|    1|       m_axi|                ca|       pointer|
|m_axi_ca_ARREADY       |   in|    1|       m_axi|                ca|       pointer|
|m_axi_ca_ARADDR        |  out|   32|       m_axi|                ca|       pointer|
|m_axi_ca_ARID          |  out|    1|       m_axi|                ca|       pointer|
|m_axi_ca_ARLEN         |  out|    8|       m_axi|                ca|       pointer|
|m_axi_ca_ARSIZE        |  out|    3|       m_axi|                ca|       pointer|
|m_axi_ca_ARBURST       |  out|    2|       m_axi|                ca|       pointer|
|m_axi_ca_ARLOCK        |  out|    2|       m_axi|                ca|       pointer|
|m_axi_ca_ARCACHE       |  out|    4|       m_axi|                ca|       pointer|
|m_axi_ca_ARPROT        |  out|    3|       m_axi|                ca|       pointer|
|m_axi_ca_ARQOS         |  out|    4|       m_axi|                ca|       pointer|
|m_axi_ca_ARREGION      |  out|    4|       m_axi|                ca|       pointer|
|m_axi_ca_ARUSER        |  out|    1|       m_axi|                ca|       pointer|
|m_axi_ca_RVALID        |   in|    1|       m_axi|                ca|       pointer|
|m_axi_ca_RREADY        |  out|    1|       m_axi|                ca|       pointer|
|m_axi_ca_RDATA         |   in|   32|       m_axi|                ca|       pointer|
|m_axi_ca_RLAST         |   in|    1|       m_axi|                ca|       pointer|
|m_axi_ca_RID           |   in|    1|       m_axi|                ca|       pointer|
|m_axi_ca_RUSER         |   in|    1|       m_axi|                ca|       pointer|
|m_axi_ca_RRESP         |   in|    2|       m_axi|                ca|       pointer|
|m_axi_ca_BVALID        |   in|    1|       m_axi|                ca|       pointer|
|m_axi_ca_BREADY        |  out|    1|       m_axi|                ca|       pointer|
|m_axi_ca_BRESP         |   in|    2|       m_axi|                ca|       pointer|
|m_axi_ca_BID           |   in|    1|       m_axi|                ca|       pointer|
|m_axi_ca_BUSER         |   in|    1|       m_axi|                ca|       pointer|
+-----------------------+-----+-----+------------+------------------+--------------+

