

================================================================
== Vitis HLS Report for 'sa_store'
================================================================
* Date:           Tue Jun  2 13:33:35 2026

* Version:        2023.2 (Build 4023990 on Oct 11 2023)
* Project:        mxm_execute_ursa
* Solution:       hls (Vivado IP Flow Target)
* Product family: zynq
* Target device:  xc7z020-clg484-1


================================================================
== Performance Estimates
================================================================
+ Timing: 
    * Summary: 
    +--------+----------+----------+------------+
    |  Clock |  Target  | Estimated| Uncertainty|
    +--------+----------+----------+------------+
    |ap_clk  |  10.00 ns|  7.300 ns|     2.70 ns|
    +--------+----------+----------+------------+

+ Latency: 
    * Summary: 
    +---------+---------+----------+----------+-----+-----+---------+
    |  Latency (cycles) |  Latency (absolute) |  Interval | Pipeline|
    |   min   |   max   |    min   |    max   | min | max |   Type  |
    +---------+---------+----------+----------+-----+-----+---------+
    |       69|       69|  0.690 us|  0.690 us|   64|   64|      yes|
    +---------+---------+----------+----------+-----+-----+---------+

    + Detail: 
        * Instance: 
        N/A

        * Loop: 
        N/A



================================================================
== Utilization Estimates
================================================================
* Summary: 
+-----------------+---------+-----+--------+-------+-----+
|       Name      | BRAM_18K| DSP |   FF   |  LUT  | URAM|
+-----------------+---------+-----+--------+-------+-----+
|DSP              |        -|    -|       -|      -|    -|
|Expression       |        -|    -|       0|    413|    -|
|FIFO             |        -|    -|       -|      -|    -|
|Instance         |        -|    -|       -|      -|    -|
|Memory           |        -|    -|       -|      -|    -|
|Multiplexer      |        -|    -|       -|    655|    -|
|Register         |        -|    -|     404|      -|    -|
+-----------------+---------+-----+--------+-------+-----+
|Total            |        0|    0|     404|   1068|    0|
+-----------------+---------+-----+--------+-------+-----+
|Available        |      280|  220|  106400|  53200|    0|
+-----------------+---------+-----+--------+-------+-----+
|Utilization (%)  |        0|    0|      ~0|      2|    0|
+-----------------+---------+-----+--------+-------+-----+

+ Detail: 
    * Instance: 
    N/A

    * DSP: 
    N/A

    * Memory: 
    N/A

    * FIFO: 
    N/A

    * Expression: 
    +----------------------------+----------+----+---+----+------------+------------+
    |        Variable Name       | Operation| DSP| FF| LUT| Bitwidth P0| Bitwidth P1|
    +----------------------------+----------+----+---+----+------------+------------+
    |empty_25_fu_876_p2          |         +|   0|  0|  39|          32|          32|
    |empty_28_fu_984_p2          |         +|   0|  0|  39|          32|          32|
    |empty_32_fu_1115_p2         |         +|   0|  0|  39|          32|          32|
    |empty_35_fu_1130_p2         |         +|   0|  0|  39|          32|          32|
    |empty_38_fu_1145_p2         |         +|   0|  0|  39|          32|          32|
    |empty_42_fu_1181_p2         |         +|   0|  0|  39|          32|          32|
    |empty_46_fu_1206_p2         |         +|   0|  0|  39|          32|          32|
    |empty_31_fu_1105_p2         |         -|   0|  0|  28|          21|          21|
    |empty_41_fu_1171_p2         |         -|   0|  0|  29|          22|          22|
    |empty_45_fu_1196_p2         |         -|   0|  0|  29|          22|          22|
    |ap_block_pp0_stage10_11001  |       and|   0|  0|   2|           1|           1|
    |ap_block_pp0_stage13_01001  |       and|   0|  0|   2|           1|           1|
    |ap_block_pp0_stage13_11001  |       and|   0|  0|   2|           1|           1|
    |ap_block_pp0_stage16_11001  |       and|   0|  0|   2|           1|           1|
    |ap_block_pp0_stage21_01001  |       and|   0|  0|   2|           1|           1|
    |ap_block_pp0_stage21_11001  |       and|   0|  0|   2|           1|           1|
    |ap_block_pp0_stage24_11001  |       and|   0|  0|   2|           1|           1|
    |ap_block_pp0_stage29_01001  |       and|   0|  0|   2|           1|           1|
    |ap_block_pp0_stage29_11001  |       and|   0|  0|   2|           1|           1|
    |ap_block_pp0_stage32_11001  |       and|   0|  0|   2|           1|           1|
    |ap_block_pp0_stage37_01001  |       and|   0|  0|   2|           1|           1|
    |ap_block_pp0_stage37_11001  |       and|   0|  0|   2|           1|           1|
    |ap_block_pp0_stage40_11001  |       and|   0|  0|   2|           1|           1|
    |ap_block_pp0_stage45_01001  |       and|   0|  0|   2|           1|           1|
    |ap_block_pp0_stage45_11001  |       and|   0|  0|   2|           1|           1|
    |ap_block_pp0_stage48_11001  |       and|   0|  0|   2|           1|           1|
    |ap_block_pp0_stage53_01001  |       and|   0|  0|   2|           1|           1|
    |ap_block_pp0_stage53_11001  |       and|   0|  0|   2|           1|           1|
    |ap_block_pp0_stage56_11001  |       and|   0|  0|   2|           1|           1|
    |ap_block_pp0_stage5_01001   |       and|   0|  0|   2|           1|           1|
    |ap_block_pp0_stage61_01001  |       and|   0|  0|   2|           1|           1|
    |ap_block_pp0_stage61_11001  |       and|   0|  0|   2|           1|           1|
    |ap_block_pp0_stage8_11001   |       and|   0|  0|   2|           1|           1|
    |ap_block_pp0_stage0_11001   |        or|   0|  0|   2|           1|           1|
    |ap_block_pp0_stage5_11001   |        or|   0|  0|   2|           1|           1|
    |ap_block_state17_io         |        or|   0|  0|   2|           1|           1|
    |ap_enable_pp0               |       xor|   0|  0|   2|           1|           2|
    +----------------------------+----------+----+---+----+------------+------------+
    |Total                       |          |   0|  0| 413|         316|         317|
    +----------------------------+----------+----+---+----+------------+------------+

    * Multiplexer: 
    +-------------------------+-----+-----------+-----+-----------+
    |           Name          | LUT | Input Size| Bits| Total Bits|
    +-------------------------+-----+-----------+-----+-----------+
    |ap_NS_fsm                |  281|         65|    1|         65|
    |ap_enable_reg_pp0_iter0  |    9|          2|    1|          2|
    |ap_enable_reg_pp0_iter1  |    9|          2|    1|          2|
    |ca_blk_n_AW              |    9|          2|    1|          2|
    |ca_blk_n_B               |    9|          2|    1|          2|
    |ca_blk_n_W               |    9|          2|    1|          2|
    |m_axi_ca_AWADDR          |   48|          9|   32|        288|
    |m_axi_ca_WDATA           |  281|         65|   32|       2080|
    +-------------------------+-----+-----------+-----+-----------+
    |Total                    |  655|        149|   70|       2443|
    +-------------------------+-----+-----------+-----+-----------+

    * Register: 
    +-----------------------------+----+----+-----+-----------+
    |             Name            | FF | LUT| Bits| Const Bits|
    +-----------------------------+----+----+-----+-----------+
    |ap_CS_fsm                    |  64|   0|   64|          0|
    |ap_enable_reg_pp0_iter0_reg  |   1|   0|    1|          0|
    |ap_enable_reg_pp0_iter1      |   1|   0|    1|          0|
    |ap_port_reg_b0_q             |  16|   0|   16|          0|
    |b0_q_read_reg_1663           |  16|   0|   16|          0|
    |empty_25_reg_1676            |  32|   0|   32|          0|
    |out_read_reg_1640            |  32|   0|   32|          0|
    |p_cast1_reg_1737             |  30|   0|   30|          0|
    |p_cast2_reg_1704             |  30|   0|   30|          0|
    |p_cast5_reg_1722             |  30|   0|   30|          0|
    |p_cast6_reg_1727             |  30|   0|   30|          0|
    |p_cast7_reg_1732             |  30|   0|   30|          0|
    |p_cast_reg_1681              |  30|   0|   30|          0|
    |tmp_1_reg_1699               |  16|   0|   19|          3|
    |tmp_reg_1670                 |  16|   0|   18|          2|
    |trunc_ln1_reg_1742           |  30|   0|   30|          0|
    +-----------------------------+----+----+-----+-----------+
    |Total                        | 404|   0|  409|          5|
    +-----------------------------+----+----+-----+-----------+



================================================================
== Interface
================================================================
* Summary: 
+-------------------------------------------------------------------------------+-----+-----+------------+-------------------------------------------------------------------------------+--------------+
|                                   RTL Ports                                   | Dir | Bits|  Protocol  |                                 Source Object                                 |    C Type    |
+-------------------------------------------------------------------------------+-----+-----+------------+-------------------------------------------------------------------------------+--------------+
|ap_clk                                                                         |   in|    1|  ap_ctrl_hs|                                                                       sa_store|  return value|
|ap_rst                                                                         |   in|    1|  ap_ctrl_hs|                                                                       sa_store|  return value|
|ap_start                                                                       |   in|    1|  ap_ctrl_hs|                                                                       sa_store|  return value|
|ap_done                                                                        |  out|    1|  ap_ctrl_hs|                                                                       sa_store|  return value|
|ap_idle                                                                        |  out|    1|  ap_ctrl_hs|                                                                       sa_store|  return value|
|ap_ready                                                                       |  out|    1|  ap_ctrl_hs|                                                                       sa_store|  return value|
|ca_blk_n_AW                                                                    |  out|    1|  ap_ctrl_hs|                                                                       sa_store|  return value|
|ca_blk_n_W                                                                     |  out|    1|  ap_ctrl_hs|                                                                       sa_store|  return value|
|ca_blk_n_B                                                                     |  out|    1|  ap_ctrl_hs|                                                                       sa_store|  return value|
|m_axi_ca_AWVALID                                                               |  out|    1|       m_axi|                                                                             ca|       pointer|
|m_axi_ca_AWREADY                                                               |   in|    1|       m_axi|                                                                             ca|       pointer|
|m_axi_ca_AWADDR                                                                |  out|   32|       m_axi|                                                                             ca|       pointer|
|m_axi_ca_AWID                                                                  |  out|    1|       m_axi|                                                                             ca|       pointer|
|m_axi_ca_AWLEN                                                                 |  out|   32|       m_axi|                                                                             ca|       pointer|
|m_axi_ca_AWSIZE                                                                |  out|    3|       m_axi|                                                                             ca|       pointer|
|m_axi_ca_AWBURST                                                               |  out|    2|       m_axi|                                                                             ca|       pointer|
|m_axi_ca_AWLOCK                                                                |  out|    2|       m_axi|                                                                             ca|       pointer|
|m_axi_ca_AWCACHE                                                               |  out|    4|       m_axi|                                                                             ca|       pointer|
|m_axi_ca_AWPROT                                                                |  out|    3|       m_axi|                                                                             ca|       pointer|
|m_axi_ca_AWQOS                                                                 |  out|    4|       m_axi|                                                                             ca|       pointer|
|m_axi_ca_AWREGION                                                              |  out|    4|       m_axi|                                                                             ca|       pointer|
|m_axi_ca_AWUSER                                                                |  out|    1|       m_axi|                                                                             ca|       pointer|
|m_axi_ca_WVALID                                                                |  out|    1|       m_axi|                                                                             ca|       pointer|
|m_axi_ca_WREADY                                                                |   in|    1|       m_axi|                                                                             ca|       pointer|
|m_axi_ca_WDATA                                                                 |  out|   32|       m_axi|                                                                             ca|       pointer|
|m_axi_ca_WSTRB                                                                 |  out|    4|       m_axi|                                                                             ca|       pointer|
|m_axi_ca_WLAST                                                                 |  out|    1|       m_axi|                                                                             ca|       pointer|
|m_axi_ca_WID                                                                   |  out|    1|       m_axi|                                                                             ca|       pointer|
|m_axi_ca_WUSER                                                                 |  out|    1|       m_axi|                                                                             ca|       pointer|
|m_axi_ca_ARVALID                                                               |  out|    1|       m_axi|                                                                             ca|       pointer|
|m_axi_ca_ARREADY                                                               |   in|    1|       m_axi|                                                                             ca|       pointer|
|m_axi_ca_ARADDR                                                                |  out|   32|       m_axi|                                                                             ca|       pointer|
|m_axi_ca_ARID                                                                  |  out|    1|       m_axi|                                                                             ca|       pointer|
|m_axi_ca_ARLEN                                                                 |  out|   32|       m_axi|                                                                             ca|       pointer|
|m_axi_ca_ARSIZE                                                                |  out|    3|       m_axi|                                                                             ca|       pointer|
|m_axi_ca_ARBURST                                                               |  out|    2|       m_axi|                                                                             ca|       pointer|
|m_axi_ca_ARLOCK                                                                |  out|    2|       m_axi|                                                                             ca|       pointer|
|m_axi_ca_ARCACHE                                                               |  out|    4|       m_axi|                                                                             ca|       pointer|
|m_axi_ca_ARPROT                                                                |  out|    3|       m_axi|                                                                             ca|       pointer|
|m_axi_ca_ARQOS                                                                 |  out|    4|       m_axi|                                                                             ca|       pointer|
|m_axi_ca_ARREGION                                                              |  out|    4|       m_axi|                                                                             ca|       pointer|
|m_axi_ca_ARUSER                                                                |  out|    1|       m_axi|                                                                             ca|       pointer|
|m_axi_ca_RVALID                                                                |   in|    1|       m_axi|                                                                             ca|       pointer|
|m_axi_ca_RREADY                                                                |  out|    1|       m_axi|                                                                             ca|       pointer|
|m_axi_ca_RDATA                                                                 |   in|   32|       m_axi|                                                                             ca|       pointer|
|m_axi_ca_RLAST                                                                 |   in|    1|       m_axi|                                                                             ca|       pointer|
|m_axi_ca_RID                                                                   |   in|    1|       m_axi|                                                                             ca|       pointer|
|m_axi_ca_RFIFONUM                                                              |   in|   10|       m_axi|                                                                             ca|       pointer|
|m_axi_ca_RUSER                                                                 |   in|    1|       m_axi|                                                                             ca|       pointer|
|m_axi_ca_RRESP                                                                 |   in|    2|       m_axi|                                                                             ca|       pointer|
|m_axi_ca_BVALID                                                                |   in|    1|       m_axi|                                                                             ca|       pointer|
|m_axi_ca_BREADY                                                                |  out|    1|       m_axi|                                                                             ca|       pointer|
|m_axi_ca_BRESP                                                                 |   in|    2|       m_axi|                                                                             ca|       pointer|
|m_axi_ca_BID                                                                   |   in|    1|       m_axi|                                                                             ca|       pointer|
|m_axi_ca_BUSER                                                                 |   in|    1|       m_axi|                                                                             ca|       pointer|
|out_r                                                                          |   in|   32|     ap_none|                                                                          out_r|        scalar|
|b0_q                                                                           |   in|   16|     ap_none|                                                                           b0_q|        scalar|
|mxm_execute_ursa_signed_char_unsigned_short_unsigned_char_unsigned_short_i_63  |   in|   20|     ap_none|  mxm_execute_ursa_signed_char_unsigned_short_unsigned_char_unsigned_short_i_63|       pointer|
|mxm_execute_ursa_signed_char_unsigned_short_unsigned_char_unsigned_short_i_62  |   in|   20|     ap_none|  mxm_execute_ursa_signed_char_unsigned_short_unsigned_char_unsigned_short_i_62|       pointer|
|mxm_execute_ursa_signed_char_unsigned_short_unsigned_char_unsigned_short_i_61  |   in|   20|     ap_none|  mxm_execute_ursa_signed_char_unsigned_short_unsigned_char_unsigned_short_i_61|       pointer|
|mxm_execute_ursa_signed_char_unsigned_short_unsigned_char_unsigned_short_i_60  |   in|   20|     ap_none|  mxm_execute_ursa_signed_char_unsigned_short_unsigned_char_unsigned_short_i_60|       pointer|
|mxm_execute_ursa_signed_char_unsigned_short_unsigned_char_unsigned_short_i_59  |   in|   20|     ap_none|  mxm_execute_ursa_signed_char_unsigned_short_unsigned_char_unsigned_short_i_59|       pointer|
|mxm_execute_ursa_signed_char_unsigned_short_unsigned_char_unsigned_short_i_58  |   in|   20|     ap_none|  mxm_execute_ursa_signed_char_unsigned_short_unsigned_char_unsigned_short_i_58|       pointer|
|mxm_execute_ursa_signed_char_unsigned_short_unsigned_char_unsigned_short_i_57  |   in|   20|     ap_none|  mxm_execute_ursa_signed_char_unsigned_short_unsigned_char_unsigned_short_i_57|       pointer|
|mxm_execute_ursa_signed_char_unsigned_short_unsigned_char_unsigned_short_i_56  |   in|   20|     ap_none|  mxm_execute_ursa_signed_char_unsigned_short_unsigned_char_unsigned_short_i_56|       pointer|
|mxm_execute_ursa_signed_char_unsigned_short_unsigned_char_unsigned_short_i_55  |   in|   20|     ap_none|  mxm_execute_ursa_signed_char_unsigned_short_unsigned_char_unsigned_short_i_55|       pointer|
|mxm_execute_ursa_signed_char_unsigned_short_unsigned_char_unsigned_short_i_54  |   in|   20|     ap_none|  mxm_execute_ursa_signed_char_unsigned_short_unsigned_char_unsigned_short_i_54|       pointer|
|mxm_execute_ursa_signed_char_unsigned_short_unsigned_char_unsigned_short_i_53  |   in|   20|     ap_none|  mxm_execute_ursa_signed_char_unsigned_short_unsigned_char_unsigned_short_i_53|       pointer|
|mxm_execute_ursa_signed_char_unsigned_short_unsigned_char_unsigned_short_i_52  |   in|   20|     ap_none|  mxm_execute_ursa_signed_char_unsigned_short_unsigned_char_unsigned_short_i_52|       pointer|
|mxm_execute_ursa_signed_char_unsigned_short_unsigned_char_unsigned_short_i_51  |   in|   20|     ap_none|  mxm_execute_ursa_signed_char_unsigned_short_unsigned_char_unsigned_short_i_51|       pointer|
|mxm_execute_ursa_signed_char_unsigned_short_unsigned_char_unsigned_short_i_50  |   in|   20|     ap_none|  mxm_execute_ursa_signed_char_unsigned_short_unsigned_char_unsigned_short_i_50|       pointer|
|mxm_execute_ursa_signed_char_unsigned_short_unsigned_char_unsigned_short_i_49  |   in|   20|     ap_none|  mxm_execute_ursa_signed_char_unsigned_short_unsigned_char_unsigned_short_i_49|       pointer|
|mxm_execute_ursa_signed_char_unsigned_short_unsigned_char_unsigned_short_i_48  |   in|   20|     ap_none|  mxm_execute_ursa_signed_char_unsigned_short_unsigned_char_unsigned_short_i_48|       pointer|
|mxm_execute_ursa_signed_char_unsigned_short_unsigned_char_unsigned_short_i_47  |   in|   20|     ap_none|  mxm_execute_ursa_signed_char_unsigned_short_unsigned_char_unsigned_short_i_47|       pointer|
|mxm_execute_ursa_signed_char_unsigned_short_unsigned_char_unsigned_short_i_46  |   in|   20|     ap_none|  mxm_execute_ursa_signed_char_unsigned_short_unsigned_char_unsigned_short_i_46|       pointer|
|mxm_execute_ursa_signed_char_unsigned_short_unsigned_char_unsigned_short_i_45  |   in|   20|     ap_none|  mxm_execute_ursa_signed_char_unsigned_short_unsigned_char_unsigned_short_i_45|       pointer|
|mxm_execute_ursa_signed_char_unsigned_short_unsigned_char_unsigned_short_i_44  |   in|   20|     ap_none|  mxm_execute_ursa_signed_char_unsigned_short_unsigned_char_unsigned_short_i_44|       pointer|
|mxm_execute_ursa_signed_char_unsigned_short_unsigned_char_unsigned_short_i_43  |   in|   20|     ap_none|  mxm_execute_ursa_signed_char_unsigned_short_unsigned_char_unsigned_short_i_43|       pointer|
|mxm_execute_ursa_signed_char_unsigned_short_unsigned_char_unsigned_short_i_42  |   in|   20|     ap_none|  mxm_execute_ursa_signed_char_unsigned_short_unsigned_char_unsigned_short_i_42|       pointer|
|mxm_execute_ursa_signed_char_unsigned_short_unsigned_char_unsigned_short_i_41  |   in|   20|     ap_none|  mxm_execute_ursa_signed_char_unsigned_short_unsigned_char_unsigned_short_i_41|       pointer|
|mxm_execute_ursa_signed_char_unsigned_short_unsigned_char_unsigned_short_i_40  |   in|   20|     ap_none|  mxm_execute_ursa_signed_char_unsigned_short_unsigned_char_unsigned_short_i_40|       pointer|
|mxm_execute_ursa_signed_char_unsigned_short_unsigned_char_unsigned_short_i_39  |   in|   20|     ap_none|  mxm_execute_ursa_signed_char_unsigned_short_unsigned_char_unsigned_short_i_39|       pointer|
|mxm_execute_ursa_signed_char_unsigned_short_unsigned_char_unsigned_short_i_38  |   in|   20|     ap_none|  mxm_execute_ursa_signed_char_unsigned_short_unsigned_char_unsigned_short_i_38|       pointer|
|mxm_execute_ursa_signed_char_unsigned_short_unsigned_char_unsigned_short_i_37  |   in|   20|     ap_none|  mxm_execute_ursa_signed_char_unsigned_short_unsigned_char_unsigned_short_i_37|       pointer|
|mxm_execute_ursa_signed_char_unsigned_short_unsigned_char_unsigned_short_i_36  |   in|   20|     ap_none|  mxm_execute_ursa_signed_char_unsigned_short_unsigned_char_unsigned_short_i_36|       pointer|
|mxm_execute_ursa_signed_char_unsigned_short_unsigned_char_unsigned_short_i_35  |   in|   20|     ap_none|  mxm_execute_ursa_signed_char_unsigned_short_unsigned_char_unsigned_short_i_35|       pointer|
|mxm_execute_ursa_signed_char_unsigned_short_unsigned_char_unsigned_short_i_34  |   in|   20|     ap_none|  mxm_execute_ursa_signed_char_unsigned_short_unsigned_char_unsigned_short_i_34|       pointer|
|mxm_execute_ursa_signed_char_unsigned_short_unsigned_char_unsigned_short_i_33  |   in|   20|     ap_none|  mxm_execute_ursa_signed_char_unsigned_short_unsigned_char_unsigned_short_i_33|       pointer|
|mxm_execute_ursa_signed_char_unsigned_short_unsigned_char_unsigned_short_i_32  |   in|   20|     ap_none|  mxm_execute_ursa_signed_char_unsigned_short_unsigned_char_unsigned_short_i_32|       pointer|
|mxm_execute_ursa_signed_char_unsigned_short_unsigned_char_unsigned_short_i_31  |   in|   20|     ap_none|  mxm_execute_ursa_signed_char_unsigned_short_unsigned_char_unsigned_short_i_31|       pointer|
|mxm_execute_ursa_signed_char_unsigned_short_unsigned_char_unsigned_short_i_30  |   in|   20|     ap_none|  mxm_execute_ursa_signed_char_unsigned_short_unsigned_char_unsigned_short_i_30|       pointer|
|mxm_execute_ursa_signed_char_unsigned_short_unsigned_char_unsigned_short_i_29  |   in|   20|     ap_none|  mxm_execute_ursa_signed_char_unsigned_short_unsigned_char_unsigned_short_i_29|       pointer|
|mxm_execute_ursa_signed_char_unsigned_short_unsigned_char_unsigned_short_i_28  |   in|   20|     ap_none|  mxm_execute_ursa_signed_char_unsigned_short_unsigned_char_unsigned_short_i_28|       pointer|
|mxm_execute_ursa_signed_char_unsigned_short_unsigned_char_unsigned_short_i_27  |   in|   20|     ap_none|  mxm_execute_ursa_signed_char_unsigned_short_unsigned_char_unsigned_short_i_27|       pointer|
|mxm_execute_ursa_signed_char_unsigned_short_unsigned_char_unsigned_short_i_26  |   in|   20|     ap_none|  mxm_execute_ursa_signed_char_unsigned_short_unsigned_char_unsigned_short_i_26|       pointer|
|mxm_execute_ursa_signed_char_unsigned_short_unsigned_char_unsigned_short_i_25  |   in|   20|     ap_none|  mxm_execute_ursa_signed_char_unsigned_short_unsigned_char_unsigned_short_i_25|       pointer|
|mxm_execute_ursa_signed_char_unsigned_short_unsigned_char_unsigned_short_i_24  |   in|   20|     ap_none|  mxm_execute_ursa_signed_char_unsigned_short_unsigned_char_unsigned_short_i_24|       pointer|
|mxm_execute_ursa_signed_char_unsigned_short_unsigned_char_unsigned_short_i_23  |   in|   20|     ap_none|  mxm_execute_ursa_signed_char_unsigned_short_unsigned_char_unsigned_short_i_23|       pointer|
|mxm_execute_ursa_signed_char_unsigned_short_unsigned_char_unsigned_short_i_22  |   in|   20|     ap_none|  mxm_execute_ursa_signed_char_unsigned_short_unsigned_char_unsigned_short_i_22|       pointer|
|mxm_execute_ursa_signed_char_unsigned_short_unsigned_char_unsigned_short_i_21  |   in|   20|     ap_none|  mxm_execute_ursa_signed_char_unsigned_short_unsigned_char_unsigned_short_i_21|       pointer|
|mxm_execute_ursa_signed_char_unsigned_short_unsigned_char_unsigned_short_i_20  |   in|   20|     ap_none|  mxm_execute_ursa_signed_char_unsigned_short_unsigned_char_unsigned_short_i_20|       pointer|
|mxm_execute_ursa_signed_char_unsigned_short_unsigned_char_unsigned_short_i_19  |   in|   20|     ap_none|  mxm_execute_ursa_signed_char_unsigned_short_unsigned_char_unsigned_short_i_19|       pointer|
|mxm_execute_ursa_signed_char_unsigned_short_unsigned_char_unsigned_short_i_18  |   in|   20|     ap_none|  mxm_execute_ursa_signed_char_unsigned_short_unsigned_char_unsigned_short_i_18|       pointer|
|mxm_execute_ursa_signed_char_unsigned_short_unsigned_char_unsigned_short_i_17  |   in|   20|     ap_none|  mxm_execute_ursa_signed_char_unsigned_short_unsigned_char_unsigned_short_i_17|       pointer|
|mxm_execute_ursa_signed_char_unsigned_short_unsigned_char_unsigned_short_i_16  |   in|   20|     ap_none|  mxm_execute_ursa_signed_char_unsigned_short_unsigned_char_unsigned_short_i_16|       pointer|
|mxm_execute_ursa_signed_char_unsigned_short_unsigned_char_unsigned_short_i_15  |   in|   20|     ap_none|  mxm_execute_ursa_signed_char_unsigned_short_unsigned_char_unsigned_short_i_15|       pointer|
|mxm_execute_ursa_signed_char_unsigned_short_unsigned_char_unsigned_short_i_14  |   in|   20|     ap_none|  mxm_execute_ursa_signed_char_unsigned_short_unsigned_char_unsigned_short_i_14|       pointer|
|mxm_execute_ursa_signed_char_unsigned_short_unsigned_char_unsigned_short_i_13  |   in|   20|     ap_none|  mxm_execute_ursa_signed_char_unsigned_short_unsigned_char_unsigned_short_i_13|       pointer|
|mxm_execute_ursa_signed_char_unsigned_short_unsigned_char_unsigned_short_i_12  |   in|   20|     ap_none|  mxm_execute_ursa_signed_char_unsigned_short_unsigned_char_unsigned_short_i_12|       pointer|
|mxm_execute_ursa_signed_char_unsigned_short_unsigned_char_unsigned_short_i_11  |   in|   20|     ap_none|  mxm_execute_ursa_signed_char_unsigned_short_unsigned_char_unsigned_short_i_11|       pointer|
|mxm_execute_ursa_signed_char_unsigned_short_unsigned_char_unsigned_short_i_10  |   in|   20|     ap_none|  mxm_execute_ursa_signed_char_unsigned_short_unsigned_char_unsigned_short_i_10|       pointer|
|mxm_execute_ursa_signed_char_unsigned_short_unsigned_char_unsigned_short_i_9   |   in|   20|     ap_none|   mxm_execute_ursa_signed_char_unsigned_short_unsigned_char_unsigned_short_i_9|       pointer|
|mxm_execute_ursa_signed_char_unsigned_short_unsigned_char_unsigned_short_i_8   |   in|   20|     ap_none|   mxm_execute_ursa_signed_char_unsigned_short_unsigned_char_unsigned_short_i_8|       pointer|
|mxm_execute_ursa_signed_char_unsigned_short_unsigned_char_unsigned_short_i_7   |   in|   20|     ap_none|   mxm_execute_ursa_signed_char_unsigned_short_unsigned_char_unsigned_short_i_7|       pointer|
|mxm_execute_ursa_signed_char_unsigned_short_unsigned_char_unsigned_short_i_6   |   in|   20|     ap_none|   mxm_execute_ursa_signed_char_unsigned_short_unsigned_char_unsigned_short_i_6|       pointer|
|mxm_execute_ursa_signed_char_unsigned_short_unsigned_char_unsigned_short_i_5   |   in|   20|     ap_none|   mxm_execute_ursa_signed_char_unsigned_short_unsigned_char_unsigned_short_i_5|       pointer|
|mxm_execute_ursa_signed_char_unsigned_short_unsigned_char_unsigned_short_i_4   |   in|   20|     ap_none|   mxm_execute_ursa_signed_char_unsigned_short_unsigned_char_unsigned_short_i_4|       pointer|
|mxm_execute_ursa_signed_char_unsigned_short_unsigned_char_unsigned_short_i_3   |   in|   20|     ap_none|   mxm_execute_ursa_signed_char_unsigned_short_unsigned_char_unsigned_short_i_3|       pointer|
|mxm_execute_ursa_signed_char_unsigned_short_unsigned_char_unsigned_short_i_2   |   in|   20|     ap_none|   mxm_execute_ursa_signed_char_unsigned_short_unsigned_char_unsigned_short_i_2|       pointer|
|mxm_execute_ursa_signed_char_unsigned_short_unsigned_char_unsigned_short_i_1   |   in|   20|     ap_none|   mxm_execute_ursa_signed_char_unsigned_short_unsigned_char_unsigned_short_i_1|       pointer|
|mxm_execute_ursa_signed_char_unsigned_short_unsigned_char_unsigned_short_i     |   in|   20|     ap_none|     mxm_execute_ursa_signed_char_unsigned_short_unsigned_char_unsigned_short_i|       pointer|
+-------------------------------------------------------------------------------+-----+-----+------------+-------------------------------------------------------------------------------+--------------+

