

================================================================
== Vitis HLS Report for 'mxm_execute_ursa_Pipeline_STREAM_K'
================================================================
* Date:           Wed Sep  9 20:14:13 2026

* Version:        2023.2 (Build 4023990 on Oct 11 2023)
* Project:        mxm_execute_ursa
* Solution:       hls (Vivado IP Flow Target)
* Product family: zynq
* Target device:  xc7z020-clg484-1


================================================================
== Performance Estimates
================================================================
+ Timing: 
    * Summary: 
    +--------+----------+----------+------------+
    |  Clock |  Target  | Estimated| Uncertainty|
    +--------+----------+----------+------------+
    |ap_clk  |  10.00 ns|  7.300 ns|     2.70 ns|
    +--------+----------+----------+------------+

+ Latency: 
    * Summary: 
    +---------+---------+----------+----------+-----+--------+---------+
    |  Latency (cycles) |  Latency (absolute) |   Interval   | Pipeline|
    |   min   |   max   |    min   |    max   | min |   max  |   Type  |
    +---------+---------+----------+----------+-----+--------+---------+
    |       40|   262180|  0.400 us|  2.622 ms|   40|  262180|       no|
    +---------+---------+----------+----------+-----+--------+---------+

    + Detail: 
        * Instance: 
        N/A

        * Loop: 
        +------------+---------+---------+----------+-----------+-----------+-----------+----------+
        |            |  Latency (cycles) | Iteration|  Initiation Interval  |    Trip   |          |
        |  Loop Name |   min   |   max   |  Latency |  achieved |   target  |   Count   | Pipelined|
        +------------+---------+---------+----------+-----------+-----------+-----------+----------+
        |- STREAM_K  |       38|   262178|        19|          4|          1|  6 ~ 65541|       yes|
        +------------+---------+---------+----------+-----------+-----------+-----------+----------+



================================================================
== Utilization Estimates
================================================================
* Summary: 
+-----------------+---------+-----+--------+-------+-----+
|       Name      | BRAM_18K| DSP |   FF   |  LUT  | URAM|
+-----------------+---------+-----+--------+-------+-----+
|DSP              |        -|   16|       -|      -|    -|
|Expression       |        -|    -|       0|   1446|    -|
|FIFO             |        -|    -|       -|      -|    -|
|Instance         |        -|    4|       0|     24|    -|
|Memory           |        -|    -|       -|      -|    -|
|Multiplexer      |        -|    -|       -|    417|    -|
|Register         |        -|    -|    1273|    160|    -|
+-----------------+---------+-----+--------+-------+-----+
|Total            |        0|   20|    1273|   2047|    0|
+-----------------+---------+-----+--------+-------+-----+
|Available        |      280|  220|  106400|  53200|    0|
+-----------------+---------+-----+--------+-------+-----+
|Utilization (%)  |        0|    9|       1|      3|    0|
+-----------------+---------+-----+--------+-------+-----+

+ Detail: 
    * Instance: 
    +------------------------+---------------------+---------+----+---+----+-----+
    |        Instance        |        Module       | BRAM_18K| DSP| FF| LUT| URAM|
    +------------------------+---------------------+---------+----+---+----+-----+
    |mul_17s_16ns_32_1_1_U1  |mul_17s_16ns_32_1_1  |        0|   1|  0|   6|    0|
    |mul_17s_16ns_32_1_1_U2  |mul_17s_16ns_32_1_1  |        0|   1|  0|   6|    0|
    |mul_17s_16ns_32_1_1_U3  |mul_17s_16ns_32_1_1  |        0|   1|  0|   6|    0|
    |mul_17s_16ns_32_1_1_U4  |mul_17s_16ns_32_1_1  |        0|   1|  0|   6|    0|
    +------------------------+---------------------+---------+----+---+----+-----+
    |Total                   |                     |        0|   4|  0|  24|    0|
    +------------------------+---------------------+---------+----+---+----+-----+

    * DSP: 
    +----------------------------------+------------------------------+--------------+
    |             Instance             |            Module            |  Expression  |
    +----------------------------------+------------------------------+--------------+
    |mac_muladd_8ns_8s_20s_20_4_1_U5   |mac_muladd_8ns_8s_20s_20_4_1  |  i0 + i1 * i2|
    |mac_muladd_8ns_8s_20s_20_4_1_U6   |mac_muladd_8ns_8s_20s_20_4_1  |  i0 + i1 * i2|
    |mac_muladd_8ns_8s_20s_20_4_1_U7   |mac_muladd_8ns_8s_20s_20_4_1  |  i0 + i1 * i2|
    |mac_muladd_8ns_8s_20s_20_4_1_U8   |mac_muladd_8ns_8s_20s_20_4_1  |  i0 + i1 * i2|
    |mac_muladd_8ns_8s_20s_20_4_1_U9   |mac_muladd_8ns_8s_20s_20_4_1  |  i0 + i1 * i2|
    |mac_muladd_8ns_8s_20s_20_4_1_U10  |mac_muladd_8ns_8s_20s_20_4_1  |  i0 + i1 * i2|
    |mac_muladd_8ns_8s_20s_20_4_1_U11  |mac_muladd_8ns_8s_20s_20_4_1  |  i0 + i1 * i2|
    |mac_muladd_8ns_8s_20s_20_4_1_U12  |mac_muladd_8ns_8s_20s_20_4_1  |  i0 + i1 * i2|
    |mac_muladd_8ns_8s_20s_20_4_1_U13  |mac_muladd_8ns_8s_20s_20_4_1  |  i0 + i1 * i2|
    |mac_muladd_8ns_8s_20s_20_4_1_U14  |mac_muladd_8ns_8s_20s_20_4_1  |  i0 + i1 * i2|
    |mac_muladd_8ns_8s_20s_20_4_1_U15  |mac_muladd_8ns_8s_20s_20_4_1  |  i0 + i1 * i2|
    |mac_muladd_8ns_8s_20s_20_4_1_U16  |mac_muladd_8ns_8s_20s_20_4_1  |  i0 + i1 * i2|
    |mac_muladd_8ns_8s_20s_20_4_1_U18  |mac_muladd_8ns_8s_20s_20_4_1  |  i0 + i1 * i2|
    |mac_muladd_8s_8ns_20s_20_4_1_U17  |mac_muladd_8s_8ns_20s_20_4_1  |  i0 + i1 * i2|
    |mac_muladd_8s_8ns_20s_20_4_1_U19  |mac_muladd_8s_8ns_20s_20_4_1  |  i0 + i1 * i2|
    |mac_muladd_8s_8ns_20s_20_4_1_U20  |mac_muladd_8s_8ns_20s_20_4_1  |  i0 + i1 * i2|
    +----------------------------------+------------------------------+--------------+

    * Memory: 
    N/A

    * FIFO: 
    N/A

    * Expression: 
    +-----------------------------------+----------+----+---+----+------------+------------+
    |           Variable Name           | Operation| DSP| FF| LUT| Bitwidth P0| Bitwidth P1|
    +-----------------------------------+----------+----+---+----+------------+------------+
    |add_ln22_1_fu_572_p2               |         +|   0|  0|  24|          17|           2|
    |add_ln22_2_fu_596_p2               |         +|   0|  0|  24|          17|           2|
    |add_ln22_fu_538_p2                 |         +|   0|  0|  24|          17|           1|
    |add_ln23_1_fu_504_p2               |         +|   0|  0|  24|          17|           2|
    |add_ln23_2_fu_514_p2               |         +|   0|  0|  32|          32|          32|
    |add_ln23_3_fu_636_p2               |         +|   0|  0|  39|          32|          32|
    |add_ln23_4_fu_640_p2               |         +|   0|  0|  32|          32|          32|
    |add_ln23_5_fu_668_p2               |         +|   0|  0|  39|          32|          32|
    |add_ln23_6_fu_676_p2               |         +|   0|  0|  39|          32|          32|
    |add_ln23_7_fu_681_p2               |         +|   0|  0|  32|          32|          32|
    |add_ln23_8_fu_698_p2               |         +|   0|  0|  39|          32|          32|
    |add_ln23_9_fu_707_p2               |         +|   0|  0|  32|          32|          32|
    |add_ln23_fu_498_p2                 |         +|   0|  0|  39|          32|          32|
    |add_ln44_1_fu_774_p2               |         +|   0|  0|  24|          17|           3|
    |add_ln44_2_fu_822_p2               |         +|   0|  0|  24|          17|           3|
    |add_ln44_3_fu_740_p2               |         +|   0|  0|  39|          32|          32|
    |add_ln44_fu_732_p2                 |         +|   0|  0|  24|          17|           2|
    |add_ln51_1_fu_798_p2               |         +|   0|  0|  32|          32|          32|
    |add_ln51_2_fu_841_p2               |         +|   0|  0|  32|          32|          32|
    |add_ln51_3_fu_879_p2               |         +|   0|  0|  32|          32|          32|
    |add_ln51_4_fu_745_p2               |         +|   0|  0|  39|          32|          32|
    |add_ln51_5_fu_793_p2               |         +|   0|  0|  39|          32|          32|
    |add_ln51_6_fu_836_p2               |         +|   0|  0|  39|          32|          32|
    |add_ln51_7_fu_874_p2               |         +|   0|  0|  39|          32|          32|
    |add_ln51_fu_749_p2                 |         +|   0|  0|  32|          32|          32|
    |k_fu_482_p2                        |         +|   0|  0|  23|          16|           1|
    |sub_i_fu_614_p2                    |         +|   0|  0|  24|          17|           2|
    |sub_ln23_1_fu_646_p2               |         -|   0|  0|  32|          32|          32|
    |sub_ln23_2_fu_687_p2               |         -|   0|  0|  32|          32|          32|
    |sub_ln23_3_fu_713_p2               |         -|   0|  0|  32|          32|          32|
    |sub_ln23_fu_520_p2                 |         -|   0|  0|  32|          32|          32|
    |sub_ln51_1_fu_803_p2               |         -|   0|  0|  32|          32|          32|
    |sub_ln51_2_fu_846_p2               |         -|   0|  0|  32|          32|          32|
    |sub_ln51_3_fu_884_p2               |         -|   0|  0|  32|          32|          32|
    |sub_ln51_fu_754_p2                 |         -|   0|  0|  32|          32|          32|
    |and_ln18_1_fu_584_p2               |       and|   0|  0|   2|           1|           1|
    |and_ln18_2_fu_608_p2               |       and|   0|  0|   2|           1|           1|
    |and_ln18_fu_550_p2                 |       and|   0|  0|   2|           1|           1|
    |ap_block_state10_pp0_stage1_iter2  |       and|   0|  0|   2|           1|           1|
    |ap_block_state11_pp0_stage2_iter2  |       and|   0|  0|   2|           1|           1|
    |ap_block_state14_pp0_stage1_iter3  |       and|   0|  0|   2|           1|           1|
    |ap_block_state15_pp0_stage2_iter3  |       and|   0|  0|   2|           1|           1|
    |ap_block_state2_io                 |       and|   0|  0|   2|           1|           1|
    |ap_block_state3_io                 |       and|   0|  0|   2|           1|           1|
    |ap_block_state6_io                 |       and|   0|  0|   2|           1|           1|
    |ap_block_state7_io                 |       and|   0|  0|   2|           1|           1|
    |ap_predicate_op108_readreq_state3  |       and|   0|  0|   2|           1|           1|
    |ap_predicate_op121_readreq_state4  |       and|   0|  0|   2|           1|           1|
    |ap_predicate_op122_readreq_state4  |       and|   0|  0|   2|           1|           1|
    |ap_predicate_op135_readreq_state5  |       and|   0|  0|   2|           1|           1|
    |ap_predicate_op152_readreq_state6  |       and|   0|  0|   2|           1|           1|
    |ap_predicate_op166_readreq_state7  |       and|   0|  0|   2|           1|           1|
    |ap_predicate_op206_read_state10    |       and|   0|  0|   2|           1|           1|
    |ap_predicate_op235_read_state11    |       and|   0|  0|   2|           1|           1|
    |ap_predicate_op266_read_state12    |       and|   0|  0|   2|           1|           1|
    |ap_predicate_op298_read_state13    |       and|   0|  0|   2|           1|           1|
    |ap_predicate_op339_read_state14    |       and|   0|  0|   2|           1|           1|
    |ap_predicate_op370_read_state15    |       and|   0|  0|   2|           1|           1|
    |icmp_ln153_fu_476_p2               |      icmp|   0|  0|  24|          17|          17|
    |icmp_ln18_1_fu_566_p2              |      icmp|   0|  0|  20|          15|           1|
    |icmp_ln18_2_fu_590_p2              |      icmp|   0|  0|  23|          16|           2|
    |icmp_ln18_fu_532_p2                |      icmp|   0|  0|  23|          16|           1|
    |icmp_ln22_1_fu_544_p2              |      icmp|   0|  0|  24|          17|          17|
    |icmp_ln22_2_fu_578_p2              |      icmp|   0|  0|  24|          17|          17|
    |icmp_ln22_3_fu_602_p2              |      icmp|   0|  0|  24|          17|          17|
    |icmp_ln22_fu_492_p2                |      icmp|   0|  0|  23|          16|          16|
    |ap_block_pp0_stage0_11001          |        or|   0|  0|   2|           1|           1|
    |ap_block_pp0_stage1_11001          |        or|   0|  0|   2|           1|           1|
    |ap_block_pp0_stage2_11001          |        or|   0|  0|   2|           1|           1|
    |ap_block_pp0_stage3_11001          |        or|   0|  0|   2|           1|           1|
    |ap_block_state12_pp0_stage3_iter2  |        or|   0|  0|   2|           1|           1|
    |ap_block_state13_pp0_stage0_iter3  |        or|   0|  0|   2|           1|           1|
    |ap_block_state4_io                 |        or|   0|  0|   2|           1|           1|
    |ap_block_state5_io                 |        or|   0|  0|   2|           1|           1|
    |or_ln23_fu_702_p2                  |        or|   0|  0|  32|          32|           2|
    |or_ln51_1_fu_827_p2                |        or|   0|  0|  16|          16|           2|
    |or_ln51_2_fu_865_p2                |        or|   0|  0|  16|          16|           2|
    |or_ln51_fu_784_p2                  |        or|   0|  0|  16|          16|           1|
    |ap_enable_pp0                      |       xor|   0|  0|   2|           1|           2|
    +-----------------------------------+----------+----+---+----+------------+------------+
    |Total                              |          |   0|  0|1446|        1227|         978|
    +-----------------------------------+----------+----+---+----+------------+------------+

    * Multiplexer: 
    +---------------------------------------------------------------------------------+----+-----------+-----+-----------+
    |                                       Name                                      | LUT| Input Size| Bits| Total Bits|
    +---------------------------------------------------------------------------------+----+-----------+-----+-----------+
    |ap_NS_fsm                                                                        |  25|          5|    1|          5|
    |ap_done_int                                                                      |   9|          2|    1|          2|
    |ap_enable_reg_pp0_iter0                                                          |   9|          2|    1|          2|
    |ap_enable_reg_pp0_iter1                                                          |   9|          2|    1|          2|
    |ap_enable_reg_pp0_iter4                                                          |   9|          2|    1|          2|
    |ap_loop_exit_ready_pp0_iter1_reg                                                 |   9|          2|    1|          2|
    |ap_loop_exit_ready_pp0_iter2_reg                                                 |   9|          2|    1|          2|
    |ap_loop_exit_ready_pp0_iter3_reg                                                 |   9|          2|    1|          2|
    |ap_phi_mux_in_a_1_phi_fu_370_p4                                                  |   9|          2|    8|         16|
    |ap_phi_mux_in_a_2_phi_fu_381_p4                                                  |   9|          2|    8|         16|
    |ap_phi_mux_in_a_3_phi_fu_403_p4                                                  |   9|          2|    8|         16|
    |ap_phi_mux_in_b_1_phi_fu_414_p4                                                  |   9|          2|    8|         16|
    |ap_phi_mux_in_b_2_phi_fu_425_p4                                                  |   9|          2|    8|         16|
    |ap_phi_mux_in_b_phi_fu_392_p4                                                    |   9|          2|    8|         16|
    |ap_phi_mux_value_b_phi_fu_436_p4                                                 |   9|          2|    8|         16|
    |ap_phi_reg_pp0_iter2_in_a_reg_354                                                |   9|          2|    8|         16|
    |ap_sig_allocacmp_t_2                                                             |   9|          2|   16|         32|
    |aw_blk_n_AR                                                                      |   9|          2|    1|          2|
    |aw_blk_n_R                                                                       |   9|          2|    1|          2|
    |bi_blk_n_AR                                                                      |   9|          2|    1|          2|
    |bi_blk_n_R                                                                       |   9|          2|    1|          2|
    |m_axi_aw_ARADDR                                                                  |  25|          5|   32|        160|
    |m_axi_bi_ARADDR                                                                  |  25|          5|   32|        160|
    |mxm_execute_ursa_signed_char_unsigned_short_unsigned_char_unsigned_short_i_10_o  |   9|          2|   20|         40|
    |mxm_execute_ursa_signed_char_unsigned_short_unsigned_char_unsigned_short_i_11_o  |   9|          2|   20|         40|
    |mxm_execute_ursa_signed_char_unsigned_short_unsigned_char_unsigned_short_i_12_o  |   9|          2|   20|         40|
    |mxm_execute_ursa_signed_char_unsigned_short_unsigned_char_unsigned_short_i_13_o  |   9|          2|   20|         40|
    |mxm_execute_ursa_signed_char_unsigned_short_unsigned_char_unsigned_short_i_14_o  |   9|          2|   20|         40|
    |mxm_execute_ursa_signed_char_unsigned_short_unsigned_char_unsigned_short_i_15_o  |   9|          2|   20|         40|
    |mxm_execute_ursa_signed_char_unsigned_short_unsigned_char_unsigned_short_i_16_o  |   9|          2|   20|         40|
    |mxm_execute_ursa_signed_char_unsigned_short_unsigned_char_unsigned_short_i_17_o  |   9|          2|   20|         40|
    |mxm_execute_ursa_signed_char_unsigned_short_unsigned_char_unsigned_short_i_18_o  |   9|          2|   20|         40|
    |mxm_execute_ursa_signed_char_unsigned_short_unsigned_char_unsigned_short_i_19_o  |   9|          2|   20|         40|
    |mxm_execute_ursa_signed_char_unsigned_short_unsigned_char_unsigned_short_i_20_o  |   9|          2|   20|         40|
    |mxm_execute_ursa_signed_char_unsigned_short_unsigned_char_unsigned_short_i_21_o  |   9|          2|   20|         40|
    |mxm_execute_ursa_signed_char_unsigned_short_unsigned_char_unsigned_short_i_6_o   |   9|          2|   20|         40|
    |mxm_execute_ursa_signed_char_unsigned_short_unsigned_char_unsigned_short_i_7_o   |   9|          2|   20|         40|
    |mxm_execute_ursa_signed_char_unsigned_short_unsigned_char_unsigned_short_i_8_o   |   9|          2|   20|         40|
    |mxm_execute_ursa_signed_char_unsigned_short_unsigned_char_unsigned_short_i_9_o   |   9|          2|   20|         40|
    |phi_mul_fu_190                                                                   |   9|          2|   32|         64|
    |t_fu_194                                                                         |   9|          2|   16|         32|
    +---------------------------------------------------------------------------------+----+-----------+-----+-----------+
    |Total                                                                            | 417|         91|  524|       1243|
    +---------------------------------------------------------------------------------+----+-----------+-----+-----------+

    * Register: 
    +----------------------------------------------------------------------------------------+----+----+-----+-----------+
    |                                          Name                                          | FF | LUT| Bits| Const Bits|
    +----------------------------------------------------------------------------------------+----+----+-----+-----------+
    |add_ln22_reg_1639                                                                       |  17|   0|   17|          0|
    |add_ln44_1_reg_1703                                                                     |  17|   0|   17|          0|
    |add_ln44_2_reg_1719                                                                     |  17|   0|   17|          0|
    |add_ln44_reg_1687                                                                       |  17|   0|   17|          0|
    |and_ln18_1_reg_1648                                                                     |   1|   0|    1|          0|
    |and_ln18_2_reg_1652                                                                     |   1|   0|    1|          0|
    |and_ln18_reg_1644                                                                       |   1|   0|    1|          0|
    |ap_CS_fsm                                                                               |   4|   0|    4|          0|
    |ap_done_reg                                                                             |   1|   0|    1|          0|
    |ap_enable_reg_pp0_iter0_reg                                                             |   1|   0|    1|          0|
    |ap_enable_reg_pp0_iter1                                                                 |   1|   0|    1|          0|
    |ap_enable_reg_pp0_iter2                                                                 |   1|   0|    1|          0|
    |ap_enable_reg_pp0_iter3                                                                 |   1|   0|    1|          0|
    |ap_enable_reg_pp0_iter4                                                                 |   1|   0|    1|          0|
    |ap_loop_exit_ready_pp0_iter1_reg                                                        |   1|   0|    1|          0|
    |ap_loop_exit_ready_pp0_iter2_reg                                                        |   1|   0|    1|          0|
    |ap_loop_exit_ready_pp0_iter3_reg                                                        |   1|   0|    1|          0|
    |ap_phi_reg_pp0_iter2_in_a_reg_354                                                       |   8|   0|    8|          0|
    |aw_addr_1_read_reg_1816                                                                 |   8|   0|    8|          0|
    |aw_addr_1_reg_1661                                                                      |  32|   0|   32|          0|
    |aw_addr_2_read_reg_1851                                                                 |   8|   0|    8|          0|
    |aw_addr_2_reg_1667                                                                      |  32|   0|   32|          0|
    |aw_addr_3_read_reg_1901                                                                 |   8|   0|    8|          0|
    |aw_addr_3_reg_1673                                                                      |  32|   0|   32|          0|
    |aw_addr_read_reg_1781                                                                   |   8|   0|    8|          0|
    |aw_addr_reg_1633                                                                        |  32|   0|   32|          0|
    |bi_addr_1_read_reg_1906                                                                 |   8|   0|    8|          0|
    |bi_addr_1_reg_1708                                                                      |  32|   0|   32|          0|
    |bi_addr_2_read_reg_1956                                                                 |   8|   0|    8|          0|
    |bi_addr_2_reg_1724                                                                      |  32|   0|   32|          0|
    |bi_addr_3_read_reg_1996                                                                 |   8|   0|    8|          0|
    |bi_addr_3_reg_1735                                                                      |  32|   0|   32|          0|
    |bi_addr_read_reg_1856                                                                   |   8|   0|    8|          0|
    |bi_addr_reg_1692                                                                        |  32|   0|   32|          0|
    |icmp_ln153_reg_1618                                                                     |   1|   0|    1|          0|
    |icmp_ln22_reg_1629                                                                      |   1|   0|    1|          0|
    |in_a_reg_354                                                                            |   8|   0|    8|          0|
    |mul_i_reg_1679                                                                          |  32|   0|   32|          0|
    |mul_ln44_1_reg_1714                                                                     |  32|   0|   32|          0|
    |mul_ln44_2_reg_1730                                                                     |  32|   0|   32|          0|
    |mul_ln44_reg_1698                                                                       |  32|   0|   32|          0|
    |mxm_execute_ursa_signed_char_unsigned_short_unsigned_char_unsigned_short_i              |   8|   0|    8|          0|
    |mxm_execute_ursa_signed_char_unsigned_short_unsigned_char_unsigned_short_i_1            |   8|   0|    8|          0|
    |mxm_execute_ursa_signed_char_unsigned_short_unsigned_char_unsigned_short_i_2            |   8|   0|    8|          0|
    |mxm_execute_ursa_signed_char_unsigned_short_unsigned_char_unsigned_short_i_22           |   8|   0|    8|          0|
    |mxm_execute_ursa_signed_char_unsigned_short_unsigned_char_unsigned_short_i_23           |   8|   0|    8|          0|
    |mxm_execute_ursa_signed_char_unsigned_short_unsigned_char_unsigned_short_i_24           |   8|   0|    8|          0|
    |mxm_execute_ursa_signed_char_unsigned_short_unsigned_char_unsigned_short_i_25           |   8|   0|    8|          0|
    |mxm_execute_ursa_signed_char_unsigned_short_unsigned_char_unsigned_short_i_26           |   8|   0|    8|          0|
    |mxm_execute_ursa_signed_char_unsigned_short_unsigned_char_unsigned_short_i_27           |   8|   0|    8|          0|
    |mxm_execute_ursa_signed_char_unsigned_short_unsigned_char_unsigned_short_i_28           |   8|   0|    8|          0|
    |mxm_execute_ursa_signed_char_unsigned_short_unsigned_char_unsigned_short_i_29           |   8|   0|    8|          0|
    |mxm_execute_ursa_signed_char_unsigned_short_unsigned_char_unsigned_short_i_3            |   8|   0|    8|          0|
    |mxm_execute_ursa_signed_char_unsigned_short_unsigned_char_unsigned_short_i_30           |   8|   0|    8|          0|
    |mxm_execute_ursa_signed_char_unsigned_short_unsigned_char_unsigned_short_i_31           |   8|   0|    8|          0|
    |mxm_execute_ursa_signed_char_unsigned_short_unsigned_char_unsigned_short_i_32           |   8|   0|    8|          0|
    |mxm_execute_ursa_signed_char_unsigned_short_unsigned_char_unsigned_short_i_33           |   8|   0|    8|          0|
    |mxm_execute_ursa_signed_char_unsigned_short_unsigned_char_unsigned_short_i_34           |   8|   0|    8|          0|
    |mxm_execute_ursa_signed_char_unsigned_short_unsigned_char_unsigned_short_i_35           |   8|   0|    8|          0|
    |mxm_execute_ursa_signed_char_unsigned_short_unsigned_char_unsigned_short_i_36           |   8|   0|    8|          0|
    |mxm_execute_ursa_signed_char_unsigned_short_unsigned_char_unsigned_short_i_37           |   8|   0|    8|          0|
    |mxm_execute_ursa_signed_char_unsigned_short_unsigned_char_unsigned_short_i_38           |   8|   0|    8|          0|
    |mxm_execute_ursa_signed_char_unsigned_short_unsigned_char_unsigned_short_i_39           |   8|   0|    8|          0|
    |mxm_execute_ursa_signed_char_unsigned_short_unsigned_char_unsigned_short_i_4            |   8|   0|    8|          0|
    |mxm_execute_ursa_signed_char_unsigned_short_unsigned_char_unsigned_short_i_5            |   8|   0|    8|          0|
    |mxm_execute_ursa_signed_char_unsigned_short_unsigned_char_unsigned_short_i_56_reg_1961  |   8|   0|    8|          0|
    |mxm_execute_ursa_signed_char_unsigned_short_unsigned_char_unsigned_short_i_57_reg_1821  |   8|   0|    8|          0|
    |mxm_execute_ursa_signed_char_unsigned_short_unsigned_char_unsigned_short_i_60_reg_2001  |   8|   0|    8|          0|
    |mxm_execute_ursa_signed_char_unsigned_short_unsigned_char_unsigned_short_i_61_reg_1861  |   8|   0|    8|          0|
    |mxm_execute_ursa_signed_char_unsigned_short_unsigned_char_unsigned_short_i_62_reg_1761  |   8|   0|    8|          0|
    |mxm_execute_ursa_signed_char_unsigned_short_unsigned_char_unsigned_short_i_68_reg_1876  |   8|   0|    8|          0|
    |mxm_execute_ursa_signed_char_unsigned_short_unsigned_char_unsigned_short_i_72_reg_1936  |   8|   0|    8|          0|
    |mxm_execute_ursa_signed_char_unsigned_short_unsigned_char_unsigned_short_i_73_reg_1796  |   8|   0|    8|          0|
    |phi_mul_fu_190                                                                          |  32|   0|   32|          0|
    |sub_i_reg_1656                                                                          |  17|   0|   17|          0|
    |t_fu_194                                                                                |  16|   0|   16|          0|
    |zext_ln129_cast_reg_1602                                                                |  16|   0|   32|         16|
    |zext_ln132_1_cast_reg_1597                                                              |  18|   0|   32|         14|
    |zext_ln153_1_reg_1611                                                                   |  16|   0|   17|          1|
    |zext_ln153_reg_1622                                                                     |  16|   0|   32|         16|
    |zext_ln51_cast_reg_1592                                                                 |  16|   0|   32|         16|
    |and_ln18_1_reg_1648                                                                     |  64|  32|    1|          0|
    |and_ln18_2_reg_1652                                                                     |  64|  32|    1|          0|
    |and_ln18_reg_1644                                                                       |  64|  32|    1|          0|
    |icmp_ln153_reg_1618                                                                     |  64|  32|    1|          0|
    |icmp_ln22_reg_1629                                                                      |  64|  32|    1|          0|
    +----------------------------------------------------------------------------------------+----+----+-----+-----------+
    |Total                                                                                   |1273| 160| 1021|         63|
    +----------------------------------------------------------------------------------------+----+----+-----+-----------+



================================================================
== Interface
================================================================
* Summary: 
+----------------------------------------------------------------------------------------+-----+-----+------------+-------------------------------------------------------------------------------+--------------+
|                                        RTL Ports                                       | Dir | Bits|  Protocol  |                                 Source Object                                 |    C Type    |
+----------------------------------------------------------------------------------------+-----+-----+------------+-------------------------------------------------------------------------------+--------------+
|ap_clk                                                                                  |   in|    1|  ap_ctrl_hs|                                             mxm_execute_ursa_Pipeline_STREAM_K|  return value|
|ap_rst                                                                                  |   in|    1|  ap_ctrl_hs|                                             mxm_execute_ursa_Pipeline_STREAM_K|  return value|
|ap_start                                                                                |   in|    1|  ap_ctrl_hs|                                             mxm_execute_ursa_Pipeline_STREAM_K|  return value|
|ap_done                                                                                 |  out|    1|  ap_ctrl_hs|                                             mxm_execute_ursa_Pipeline_STREAM_K|  return value|
|ap_idle                                                                                 |  out|    1|  ap_ctrl_hs|                                             mxm_execute_ursa_Pipeline_STREAM_K|  return value|
|ap_ready                                                                                |  out|    1|  ap_ctrl_hs|                                             mxm_execute_ursa_Pipeline_STREAM_K|  return value|
|m_axi_aw_AWVALID                                                                        |  out|    1|       m_axi|                                                                             aw|       pointer|
|m_axi_aw_AWREADY                                                                        |   in|    1|       m_axi|                                                                             aw|       pointer|
|m_axi_aw_AWADDR                                                                         |  out|   32|       m_axi|                                                                             aw|       pointer|
|m_axi_aw_AWID                                                                           |  out|    1|       m_axi|                                                                             aw|       pointer|
|m_axi_aw_AWLEN                                                                          |  out|   32|       m_axi|                                                                             aw|       pointer|
|m_axi_aw_AWSIZE                                                                         |  out|    3|       m_axi|                                                                             aw|       pointer|
|m_axi_aw_AWBURST                                                                        |  out|    2|       m_axi|                                                                             aw|       pointer|
|m_axi_aw_AWLOCK                                                                         |  out|    2|       m_axi|                                                                             aw|       pointer|
|m_axi_aw_AWCACHE                                                                        |  out|    4|       m_axi|                                                                             aw|       pointer|
|m_axi_aw_AWPROT                                                                         |  out|    3|       m_axi|                                                                             aw|       pointer|
|m_axi_aw_AWQOS                                                                          |  out|    4|       m_axi|                                                                             aw|       pointer|
|m_axi_aw_AWREGION                                                                       |  out|    4|       m_axi|                                                                             aw|       pointer|
|m_axi_aw_AWUSER                                                                         |  out|    1|       m_axi|                                                                             aw|       pointer|
|m_axi_aw_WVALID                                                                         |  out|    1|       m_axi|                                                                             aw|       pointer|
|m_axi_aw_WREADY                                                                         |   in|    1|       m_axi|                                                                             aw|       pointer|
|m_axi_aw_WDATA                                                                          |  out|    8|       m_axi|                                                                             aw|       pointer|
|m_axi_aw_WSTRB                                                                          |  out|    1|       m_axi|                                                                             aw|       pointer|
|m_axi_aw_WLAST                                                                          |  out|    1|       m_axi|                                                                             aw|       pointer|
|m_axi_aw_WID                                                                            |  out|    1|       m_axi|                                                                             aw|       pointer|
|m_axi_aw_WUSER                                                                          |  out|    1|       m_axi|                                                                             aw|       pointer|
|m_axi_aw_ARVALID                                                                        |  out|    1|       m_axi|                                                                             aw|       pointer|
|m_axi_aw_ARREADY                                                                        |   in|    1|       m_axi|                                                                             aw|       pointer|
|m_axi_aw_ARADDR                                                                         |  out|   32|       m_axi|                                                                             aw|       pointer|
|m_axi_aw_ARID                                                                           |  out|    1|       m_axi|                                                                             aw|       pointer|
|m_axi_aw_ARLEN                                                                          |  out|   32|       m_axi|                                                                             aw|       pointer|
|m_axi_aw_ARSIZE                                                                         |  out|    3|       m_axi|                                                                             aw|       pointer|
|m_axi_aw_ARBURST                                                                        |  out|    2|       m_axi|                                                                             aw|       pointer|
|m_axi_aw_ARLOCK                                                                         |  out|    2|       m_axi|                                                                             aw|       pointer|
|m_axi_aw_ARCACHE                                                                        |  out|    4|       m_axi|                                                                             aw|       pointer|
|m_axi_aw_ARPROT                                                                         |  out|    3|       m_axi|                                                                             aw|       pointer|
|m_axi_aw_ARQOS                                                                          |  out|    4|       m_axi|                                                                             aw|       pointer|
|m_axi_aw_ARREGION                                                                       |  out|    4|       m_axi|                                                                             aw|       pointer|
|m_axi_aw_ARUSER                                                                         |  out|    1|       m_axi|                                                                             aw|       pointer|
|m_axi_aw_RVALID                                                                         |   in|    1|       m_axi|                                                                             aw|       pointer|
|m_axi_aw_RREADY                                                                         |  out|    1|       m_axi|                                                                             aw|       pointer|
|m_axi_aw_RDATA                                                                          |   in|    8|       m_axi|                                                                             aw|       pointer|
|m_axi_aw_RLAST                                                                          |   in|    1|       m_axi|                                                                             aw|       pointer|
|m_axi_aw_RID                                                                            |   in|    1|       m_axi|                                                                             aw|       pointer|
|m_axi_aw_RFIFONUM                                                                       |   in|   12|       m_axi|                                                                             aw|       pointer|
|m_axi_aw_RUSER                                                                          |   in|    1|       m_axi|                                                                             aw|       pointer|
|m_axi_aw_RRESP                                                                          |   in|    2|       m_axi|                                                                             aw|       pointer|
|m_axi_aw_BVALID                                                                         |   in|    1|       m_axi|                                                                             aw|       pointer|
|m_axi_aw_BREADY                                                                         |  out|    1|       m_axi|                                                                             aw|       pointer|
|m_axi_aw_BRESP                                                                          |   in|    2|       m_axi|                                                                             aw|       pointer|
|m_axi_aw_BID                                                                            |   in|    1|       m_axi|                                                                             aw|       pointer|
|m_axi_aw_BUSER                                                                          |   in|    1|       m_axi|                                                                             aw|       pointer|
|m_axi_bi_AWVALID                                                                        |  out|    1|       m_axi|                                                                             bi|       pointer|
|m_axi_bi_AWREADY                                                                        |   in|    1|       m_axi|                                                                             bi|       pointer|
|m_axi_bi_AWADDR                                                                         |  out|   32|       m_axi|                                                                             bi|       pointer|
|m_axi_bi_AWID                                                                           |  out|    1|       m_axi|                                                                             bi|       pointer|
|m_axi_bi_AWLEN                                                                          |  out|   32|       m_axi|                                                                             bi|       pointer|
|m_axi_bi_AWSIZE                                                                         |  out|    3|       m_axi|                                                                             bi|       pointer|
|m_axi_bi_AWBURST                                                                        |  out|    2|       m_axi|                                                                             bi|       pointer|
|m_axi_bi_AWLOCK                                                                         |  out|    2|       m_axi|                                                                             bi|       pointer|
|m_axi_bi_AWCACHE                                                                        |  out|    4|       m_axi|                                                                             bi|       pointer|
|m_axi_bi_AWPROT                                                                         |  out|    3|       m_axi|                                                                             bi|       pointer|
|m_axi_bi_AWQOS                                                                          |  out|    4|       m_axi|                                                                             bi|       pointer|
|m_axi_bi_AWREGION                                                                       |  out|    4|       m_axi|                                                                             bi|       pointer|
|m_axi_bi_AWUSER                                                                         |  out|    1|       m_axi|                                                                             bi|       pointer|
|m_axi_bi_WVALID                                                                         |  out|    1|       m_axi|                                                                             bi|       pointer|
|m_axi_bi_WREADY                                                                         |   in|    1|       m_axi|                                                                             bi|       pointer|
|m_axi_bi_WDATA                                                                          |  out|    8|       m_axi|                                                                             bi|       pointer|
|m_axi_bi_WSTRB                                                                          |  out|    1|       m_axi|                                                                             bi|       pointer|
|m_axi_bi_WLAST                                                                          |  out|    1|       m_axi|                                                                             bi|       pointer|
|m_axi_bi_WID                                                                            |  out|    1|       m_axi|                                                                             bi|       pointer|
|m_axi_bi_WUSER                                                                          |  out|    1|       m_axi|                                                                             bi|       pointer|
|m_axi_bi_ARVALID                                                                        |  out|    1|       m_axi|                                                                             bi|       pointer|
|m_axi_bi_ARREADY                                                                        |   in|    1|       m_axi|                                                                             bi|       pointer|
|m_axi_bi_ARADDR                                                                         |  out|   32|       m_axi|                                                                             bi|       pointer|
|m_axi_bi_ARID                                                                           |  out|    1|       m_axi|                                                                             bi|       pointer|
|m_axi_bi_ARLEN                                                                          |  out|   32|       m_axi|                                                                             bi|       pointer|
|m_axi_bi_ARSIZE                                                                         |  out|    3|       m_axi|                                                                             bi|       pointer|
|m_axi_bi_ARBURST                                                                        |  out|    2|       m_axi|                                                                             bi|       pointer|
|m_axi_bi_ARLOCK                                                                         |  out|    2|       m_axi|                                                                             bi|       pointer|
|m_axi_bi_ARCACHE                                                                        |  out|    4|       m_axi|                                                                             bi|       pointer|
|m_axi_bi_ARPROT                                                                         |  out|    3|       m_axi|                                                                             bi|       pointer|
|m_axi_bi_ARQOS                                                                          |  out|    4|       m_axi|                                                                             bi|       pointer|
|m_axi_bi_ARREGION                                                                       |  out|    4|       m_axi|                                                                             bi|       pointer|
|m_axi_bi_ARUSER                                                                         |  out|    1|       m_axi|                                                                             bi|       pointer|
|m_axi_bi_RVALID                                                                         |   in|    1|       m_axi|                                                                             bi|       pointer|
|m_axi_bi_RREADY                                                                         |  out|    1|       m_axi|                                                                             bi|       pointer|
|m_axi_bi_RDATA                                                                          |   in|    8|       m_axi|                                                                             bi|       pointer|
|m_axi_bi_RLAST                                                                          |   in|    1|       m_axi|                                                                             bi|       pointer|
|m_axi_bi_RID                                                                            |   in|    1|       m_axi|                                                                             bi|       pointer|
|m_axi_bi_RFIFONUM                                                                       |   in|   12|       m_axi|                                                                             bi|       pointer|
|m_axi_bi_RUSER                                                                          |   in|    1|       m_axi|                                                                             bi|       pointer|
|m_axi_bi_RRESP                                                                          |   in|    2|       m_axi|                                                                             bi|       pointer|
|m_axi_bi_BVALID                                                                         |   in|    1|       m_axi|                                                                             bi|       pointer|
|m_axi_bi_BREADY                                                                         |  out|    1|       m_axi|                                                                             bi|       pointer|
|m_axi_bi_BRESP                                                                          |   in|    2|       m_axi|                                                                             bi|       pointer|
|m_axi_bi_BID                                                                            |   in|    1|       m_axi|                                                                             bi|       pointer|
|m_axi_bi_BUSER                                                                          |   in|    1|       m_axi|                                                                             bi|       pointer|
|sub22                                                                                   |   in|   17|     ap_none|                                                                          sub22|        scalar|
|zext_ln129                                                                              |   in|   16|     ap_none|                                                                     zext_ln129|        scalar|
|zext_ln132                                                                              |   in|   16|     ap_none|                                                                     zext_ln132|        scalar|
|m                                                                                       |   in|   16|     ap_none|                                                                              m|        scalar|
|select_ln138_1                                                                          |   in|   32|     ap_none|                                                                 select_ln138_1|        scalar|
|addr_a0                                                                                 |   in|   32|     ap_none|                                                                        addr_a0|        scalar|
|zext_ln132_1                                                                            |   in|   18|     ap_none|                                                                   zext_ln132_1|        scalar|
|zext_ln51                                                                               |   in|   16|     ap_none|                                                                      zext_ln51|        scalar|
|addr_b0                                                                                 |   in|   32|     ap_none|                                                                        addr_b0|        scalar|
|select_ln135                                                                            |   in|   16|     ap_none|                                                                   select_ln135|        scalar|
|mxm_execute_ursa_signed_char_unsigned_short_unsigned_char_unsigned_short_i_21_i         |   in|   20|     ap_ovld|  mxm_execute_ursa_signed_char_unsigned_short_unsigned_char_unsigned_short_i_21|       pointer|
|mxm_execute_ursa_signed_char_unsigned_short_unsigned_char_unsigned_short_i_21_o         |  out|   20|     ap_ovld|  mxm_execute_ursa_signed_char_unsigned_short_unsigned_char_unsigned_short_i_21|       pointer|
|mxm_execute_ursa_signed_char_unsigned_short_unsigned_char_unsigned_short_i_21_o_ap_vld  |  out|    1|     ap_ovld|  mxm_execute_ursa_signed_char_unsigned_short_unsigned_char_unsigned_short_i_21|       pointer|
|mxm_execute_ursa_signed_char_unsigned_short_unsigned_char_unsigned_short_i_20_i         |   in|   20|     ap_ovld|  mxm_execute_ursa_signed_char_unsigned_short_unsigned_char_unsigned_short_i_20|       pointer|
|mxm_execute_ursa_signed_char_unsigned_short_unsigned_char_unsigned_short_i_20_o         |  out|   20|     ap_ovld|  mxm_execute_ursa_signed_char_unsigned_short_unsigned_char_unsigned_short_i_20|       pointer|
|mxm_execute_ursa_signed_char_unsigned_short_unsigned_char_unsigned_short_i_20_o_ap_vld  |  out|    1|     ap_ovld|  mxm_execute_ursa_signed_char_unsigned_short_unsigned_char_unsigned_short_i_20|       pointer|
|mxm_execute_ursa_signed_char_unsigned_short_unsigned_char_unsigned_short_i_19_i         |   in|   20|     ap_ovld|  mxm_execute_ursa_signed_char_unsigned_short_unsigned_char_unsigned_short_i_19|       pointer|
|mxm_execute_ursa_signed_char_unsigned_short_unsigned_char_unsigned_short_i_19_o         |  out|   20|     ap_ovld|  mxm_execute_ursa_signed_char_unsigned_short_unsigned_char_unsigned_short_i_19|       pointer|
|mxm_execute_ursa_signed_char_unsigned_short_unsigned_char_unsigned_short_i_19_o_ap_vld  |  out|    1|     ap_ovld|  mxm_execute_ursa_signed_char_unsigned_short_unsigned_char_unsigned_short_i_19|       pointer|
|mxm_execute_ursa_signed_char_unsigned_short_unsigned_char_unsigned_short_i_18_i         |   in|   20|     ap_ovld|  mxm_execute_ursa_signed_char_unsigned_short_unsigned_char_unsigned_short_i_18|       pointer|
|mxm_execute_ursa_signed_char_unsigned_short_unsigned_char_unsigned_short_i_18_o         |  out|   20|     ap_ovld|  mxm_execute_ursa_signed_char_unsigned_short_unsigned_char_unsigned_short_i_18|       pointer|
|mxm_execute_ursa_signed_char_unsigned_short_unsigned_char_unsigned_short_i_18_o_ap_vld  |  out|    1|     ap_ovld|  mxm_execute_ursa_signed_char_unsigned_short_unsigned_char_unsigned_short_i_18|       pointer|
|mxm_execute_ursa_signed_char_unsigned_short_unsigned_char_unsigned_short_i_17_i         |   in|   20|     ap_ovld|  mxm_execute_ursa_signed_char_unsigned_short_unsigned_char_unsigned_short_i_17|       pointer|
|mxm_execute_ursa_signed_char_unsigned_short_unsigned_char_unsigned_short_i_17_o         |  out|   20|     ap_ovld|  mxm_execute_ursa_signed_char_unsigned_short_unsigned_char_unsigned_short_i_17|       pointer|
|mxm_execute_ursa_signed_char_unsigned_short_unsigned_char_unsigned_short_i_17_o_ap_vld  |  out|    1|     ap_ovld|  mxm_execute_ursa_signed_char_unsigned_short_unsigned_char_unsigned_short_i_17|       pointer|
|mxm_execute_ursa_signed_char_unsigned_short_unsigned_char_unsigned_short_i_16_i         |   in|   20|     ap_ovld|  mxm_execute_ursa_signed_char_unsigned_short_unsigned_char_unsigned_short_i_16|       pointer|
|mxm_execute_ursa_signed_char_unsigned_short_unsigned_char_unsigned_short_i_16_o         |  out|   20|     ap_ovld|  mxm_execute_ursa_signed_char_unsigned_short_unsigned_char_unsigned_short_i_16|       pointer|
|mxm_execute_ursa_signed_char_unsigned_short_unsigned_char_unsigned_short_i_16_o_ap_vld  |  out|    1|     ap_ovld|  mxm_execute_ursa_signed_char_unsigned_short_unsigned_char_unsigned_short_i_16|       pointer|
|mxm_execute_ursa_signed_char_unsigned_short_unsigned_char_unsigned_short_i_15_i         |   in|   20|     ap_ovld|  mxm_execute_ursa_signed_char_unsigned_short_unsigned_char_unsigned_short_i_15|       pointer|
|mxm_execute_ursa_signed_char_unsigned_short_unsigned_char_unsigned_short_i_15_o         |  out|   20|     ap_ovld|  mxm_execute_ursa_signed_char_unsigned_short_unsigned_char_unsigned_short_i_15|       pointer|
|mxm_execute_ursa_signed_char_unsigned_short_unsigned_char_unsigned_short_i_15_o_ap_vld  |  out|    1|     ap_ovld|  mxm_execute_ursa_signed_char_unsigned_short_unsigned_char_unsigned_short_i_15|       pointer|
|mxm_execute_ursa_signed_char_unsigned_short_unsigned_char_unsigned_short_i_14_i         |   in|   20|     ap_ovld|  mxm_execute_ursa_signed_char_unsigned_short_unsigned_char_unsigned_short_i_14|       pointer|
|mxm_execute_ursa_signed_char_unsigned_short_unsigned_char_unsigned_short_i_14_o         |  out|   20|     ap_ovld|  mxm_execute_ursa_signed_char_unsigned_short_unsigned_char_unsigned_short_i_14|       pointer|
|mxm_execute_ursa_signed_char_unsigned_short_unsigned_char_unsigned_short_i_14_o_ap_vld  |  out|    1|     ap_ovld|  mxm_execute_ursa_signed_char_unsigned_short_unsigned_char_unsigned_short_i_14|       pointer|
|mxm_execute_ursa_signed_char_unsigned_short_unsigned_char_unsigned_short_i_13_i         |   in|   20|     ap_ovld|  mxm_execute_ursa_signed_char_unsigned_short_unsigned_char_unsigned_short_i_13|       pointer|
|mxm_execute_ursa_signed_char_unsigned_short_unsigned_char_unsigned_short_i_13_o         |  out|   20|     ap_ovld|  mxm_execute_ursa_signed_char_unsigned_short_unsigned_char_unsigned_short_i_13|       pointer|
|mxm_execute_ursa_signed_char_unsigned_short_unsigned_char_unsigned_short_i_13_o_ap_vld  |  out|    1|     ap_ovld|  mxm_execute_ursa_signed_char_unsigned_short_unsigned_char_unsigned_short_i_13|       pointer|
|mxm_execute_ursa_signed_char_unsigned_short_unsigned_char_unsigned_short_i_12_i         |   in|   20|     ap_ovld|  mxm_execute_ursa_signed_char_unsigned_short_unsigned_char_unsigned_short_i_12|       pointer|
|mxm_execute_ursa_signed_char_unsigned_short_unsigned_char_unsigned_short_i_12_o         |  out|   20|     ap_ovld|  mxm_execute_ursa_signed_char_unsigned_short_unsigned_char_unsigned_short_i_12|       pointer|
|mxm_execute_ursa_signed_char_unsigned_short_unsigned_char_unsigned_short_i_12_o_ap_vld  |  out|    1|     ap_ovld|  mxm_execute_ursa_signed_char_unsigned_short_unsigned_char_unsigned_short_i_12|       pointer|
|mxm_execute_ursa_signed_char_unsigned_short_unsigned_char_unsigned_short_i_11_i         |   in|   20|     ap_ovld|  mxm_execute_ursa_signed_char_unsigned_short_unsigned_char_unsigned_short_i_11|       pointer|
|mxm_execute_ursa_signed_char_unsigned_short_unsigned_char_unsigned_short_i_11_o         |  out|   20|     ap_ovld|  mxm_execute_ursa_signed_char_unsigned_short_unsigned_char_unsigned_short_i_11|       pointer|
|mxm_execute_ursa_signed_char_unsigned_short_unsigned_char_unsigned_short_i_11_o_ap_vld  |  out|    1|     ap_ovld|  mxm_execute_ursa_signed_char_unsigned_short_unsigned_char_unsigned_short_i_11|       pointer|
|mxm_execute_ursa_signed_char_unsigned_short_unsigned_char_unsigned_short_i_10_i         |   in|   20|     ap_ovld|  mxm_execute_ursa_signed_char_unsigned_short_unsigned_char_unsigned_short_i_10|       pointer|
|mxm_execute_ursa_signed_char_unsigned_short_unsigned_char_unsigned_short_i_10_o         |  out|   20|     ap_ovld|  mxm_execute_ursa_signed_char_unsigned_short_unsigned_char_unsigned_short_i_10|       pointer|
|mxm_execute_ursa_signed_char_unsigned_short_unsigned_char_unsigned_short_i_10_o_ap_vld  |  out|    1|     ap_ovld|  mxm_execute_ursa_signed_char_unsigned_short_unsigned_char_unsigned_short_i_10|       pointer|
|mxm_execute_ursa_signed_char_unsigned_short_unsigned_char_unsigned_short_i_9_i          |   in|   20|     ap_ovld|   mxm_execute_ursa_signed_char_unsigned_short_unsigned_char_unsigned_short_i_9|       pointer|
|mxm_execute_ursa_signed_char_unsigned_short_unsigned_char_unsigned_short_i_9_o          |  out|   20|     ap_ovld|   mxm_execute_ursa_signed_char_unsigned_short_unsigned_char_unsigned_short_i_9|       pointer|
|mxm_execute_ursa_signed_char_unsigned_short_unsigned_char_unsigned_short_i_9_o_ap_vld   |  out|    1|     ap_ovld|   mxm_execute_ursa_signed_char_unsigned_short_unsigned_char_unsigned_short_i_9|       pointer|
|mxm_execute_ursa_signed_char_unsigned_short_unsigned_char_unsigned_short_i_8_i          |   in|   20|     ap_ovld|   mxm_execute_ursa_signed_char_unsigned_short_unsigned_char_unsigned_short_i_8|       pointer|
|mxm_execute_ursa_signed_char_unsigned_short_unsigned_char_unsigned_short_i_8_o          |  out|   20|     ap_ovld|   mxm_execute_ursa_signed_char_unsigned_short_unsigned_char_unsigned_short_i_8|       pointer|
|mxm_execute_ursa_signed_char_unsigned_short_unsigned_char_unsigned_short_i_8_o_ap_vld   |  out|    1|     ap_ovld|   mxm_execute_ursa_signed_char_unsigned_short_unsigned_char_unsigned_short_i_8|       pointer|
|mxm_execute_ursa_signed_char_unsigned_short_unsigned_char_unsigned_short_i_7_i          |   in|   20|     ap_ovld|   mxm_execute_ursa_signed_char_unsigned_short_unsigned_char_unsigned_short_i_7|       pointer|
|mxm_execute_ursa_signed_char_unsigned_short_unsigned_char_unsigned_short_i_7_o          |  out|   20|     ap_ovld|   mxm_execute_ursa_signed_char_unsigned_short_unsigned_char_unsigned_short_i_7|       pointer|
|mxm_execute_ursa_signed_char_unsigned_short_unsigned_char_unsigned_short_i_7_o_ap_vld   |  out|    1|     ap_ovld|   mxm_execute_ursa_signed_char_unsigned_short_unsigned_char_unsigned_short_i_7|       pointer|
|mxm_execute_ursa_signed_char_unsigned_short_unsigned_char_unsigned_short_i_6_i          |   in|   20|     ap_ovld|   mxm_execute_ursa_signed_char_unsigned_short_unsigned_char_unsigned_short_i_6|       pointer|
|mxm_execute_ursa_signed_char_unsigned_short_unsigned_char_unsigned_short_i_6_o          |  out|   20|     ap_ovld|   mxm_execute_ursa_signed_char_unsigned_short_unsigned_char_unsigned_short_i_6|       pointer|
|mxm_execute_ursa_signed_char_unsigned_short_unsigned_char_unsigned_short_i_6_o_ap_vld   |  out|    1|     ap_ovld|   mxm_execute_ursa_signed_char_unsigned_short_unsigned_char_unsigned_short_i_6|       pointer|
+----------------------------------------------------------------------------------------+-----+-----+------------+-------------------------------------------------------------------------------+--------------+

