

================================================================
== Vitis HLS Report for 'mxm_execute_ursa_Pipeline_VITIS_LOOP_382_7'
================================================================
* Date:           Fri Aug  7 15:00:22 2026

* Version:        2023.2 (Build 4023990 on Oct 11 2023)
* Project:        mxm_execute_ursa
* Solution:       hls (Vivado IP Flow Target)
* Product family: zynq
* Target device:  xc7z020-clg484-1


================================================================
== Performance Estimates
================================================================
+ Timing: 
    * Summary: 
    +--------+----------+----------+------------+
    |  Clock |  Target  | Estimated| Uncertainty|
    +--------+----------+----------+------------+
    |ap_clk  |  10.00 ns|  7.300 ns|     2.70 ns|
    +--------+----------+----------+------------+

+ Latency: 
    * Summary: 
    +---------+---------+----------+----------+-----+-----+---------+
    |  Latency (cycles) |  Latency (absolute) |  Interval | Pipeline|
    |   min   |   max   |    min   |    max   | min | max |   Type  |
    +---------+---------+----------+----------+-----+-----+---------+
    |       73|       73|  0.730 us|  0.730 us|   73|   73|       no|
    +---------+---------+----------+----------+-----+-----+---------+

    + Detail: 
        * Instance: 
        N/A

        * Loop: 
        +--------------------+---------+---------+----------+-----------+-----------+------+----------+
        |                    |  Latency (cycles) | Iteration|  Initiation Interval  | Trip |          |
        |      Loop Name     |   min   |   max   |  Latency |  achieved |   target  | Count| Pipelined|
        +--------------------+---------+---------+----------+-----------+-----------+------+----------+
        |- VITIS_LOOP_382_7  |       71|       71|        16|          8|          1|     8|       yes|
        +--------------------+---------+---------+----------+-----------+-----------+------+----------+

============================================================
+ Verbose Summary: Synthesis Manager
============================================================
InlineROM: 1
ExposeGlobal: 0
============================================================
+ Verbose Summary: CDFG Model
============================================================
IsTopModel: 0
ResetActiveHigh: 1
IsCombinational: 0
IsDatapathOnly: 0
HasWiredReturn: 1
HasMFsm: 2
HasVarLatency: 1
IsPipeline: 0
IsRtlPipelined: 0
IsInstanceOverlapped: 0
IsDontTouch: 0
HasImplIP: 0
IsGatedGlobalClock: 0

+ Individual pipeline summary: 
  * Pipeline-0: initiation interval (II) = 8, depth = 16


============================================================
+ Verbose Summary: Schedule
============================================================
* Number of FSM states : 16
* Pipeline : 1
  Pipeline-0 : II = 8, D = 16, States = { 1 2 3 4 5 6 7 8 9 10 11 12 13 14 15 16 }
* Dataflow Pipeline: 0

* FSM state transitions: 
1 --> 2 
2 --> 3 
3 --> 4 
4 --> 5 
5 --> 6 
6 --> 7 
7 --> 8 
8 --> 9 
9 --> 10 
10 --> 11 
11 --> 12 
12 --> 13 
13 --> 14 
14 --> 15 
15 --> 16 
16 --> 

* FSM state operations: 

State 1 <SV = 0> <Delay = 7.16>
ST_1 : Operation 19 [1/1] (0.00ns)   --->   "%r = alloca i32 1" [/home/fi/Documents/GitHub/ursa/exp/ursa_ws/src/core/shell.cpp:382]   --->   Operation 19 'alloca' 'r' <Predicate = true> <Delay = 0.00>
ST_1 : Operation 20 [1/1] (0.00ns)   --->   "%zext_ln382_read = read i16 @_ssdm_op_Read.ap_auto.i16, i16 %zext_ln382"   --->   Operation 20 'read' 'zext_ln382_read' <Predicate = true> <Delay = 0.00>
ST_1 : Operation 21 [1/1] (0.00ns)   --->   "%zext_ln391_5_read = read i16 @_ssdm_op_Read.ap_auto.i16, i16 %zext_ln391_5"   --->   Operation 21 'read' 'zext_ln391_5_read' <Predicate = true> <Delay = 0.00>
ST_1 : Operation 22 [1/1] (0.00ns)   --->   "%zext_ln391_4_read = read i16 @_ssdm_op_Read.ap_auto.i16, i16 %zext_ln391_4"   --->   Operation 22 'read' 'zext_ln391_4_read' <Predicate = true> <Delay = 0.00>
ST_1 : Operation 23 [1/1] (0.00ns)   --->   "%zext_ln391_3_read = read i16 @_ssdm_op_Read.ap_auto.i16, i16 %zext_ln391_3"   --->   Operation 23 'read' 'zext_ln391_3_read' <Predicate = true> <Delay = 0.00>
ST_1 : Operation 24 [1/1] (0.00ns)   --->   "%zext_ln391_2_read = read i16 @_ssdm_op_Read.ap_auto.i16, i16 %zext_ln391_2"   --->   Operation 24 'read' 'zext_ln391_2_read' <Predicate = true> <Delay = 0.00>
ST_1 : Operation 25 [1/1] (0.00ns)   --->   "%zext_ln391_1_read = read i16 @_ssdm_op_Read.ap_auto.i16, i16 %zext_ln391_1"   --->   Operation 25 'read' 'zext_ln391_1_read' <Predicate = true> <Delay = 0.00>
ST_1 : Operation 26 [1/1] (0.00ns)   --->   "%zext_ln391_read = read i16 @_ssdm_op_Read.ap_auto.i16, i16 %zext_ln391"   --->   Operation 26 'read' 'zext_ln391_read' <Predicate = true> <Delay = 0.00>
ST_1 : Operation 27 [1/1] (0.00ns)   --->   "%addr_c0_read = read i64 @_ssdm_op_Read.ap_auto.i64, i64 %addr_c0"   --->   Operation 27 'read' 'addr_c0_read' <Predicate = true> <Delay = 0.00>
ST_1 : Operation 28 [1/1] (0.00ns)   --->   "%base_col_B_cast_read = read i16 @_ssdm_op_Read.ap_auto.i16, i16 %base_col_B_cast"   --->   Operation 28 'read' 'base_col_B_cast_read' <Predicate = true> <Delay = 0.00>
ST_1 : Operation 29 [1/1] (0.00ns)   --->   "%cmp124_read = read i1 @_ssdm_op_Read.ap_auto.i1, i1 %cmp124"   --->   Operation 29 'read' 'cmp124_read' <Predicate = true> <Delay = 0.00>
ST_1 : Operation 30 [1/1] (0.00ns)   --->   "%zext_ln309_read = read i16 @_ssdm_op_Read.ap_auto.i16, i16 %zext_ln309"   --->   Operation 30 'read' 'zext_ln309_read' <Predicate = true> <Delay = 0.00>
ST_1 : Operation 31 [1/1] (0.00ns)   --->   "%a0_p_read = read i16 @_ssdm_op_Read.ap_auto.i16, i16 %a0_p"   --->   Operation 31 'read' 'a0_p_read' <Predicate = true> <Delay = 0.00>
ST_1 : Operation 32 [1/1] (0.00ns)   --->   "%tmp = read i13 @_ssdm_op_Read.ap_auto.i13, i13 %empty"   --->   Operation 32 'read' 'tmp' <Predicate = true> <Delay = 0.00>
ST_1 : Operation 33 [1/1] (0.00ns)   --->   "%cmp124_1_read = read i1 @_ssdm_op_Read.ap_auto.i1, i1 %cmp124_1"   --->   Operation 33 'read' 'cmp124_1_read' <Predicate = true> <Delay = 0.00>
ST_1 : Operation 34 [1/1] (0.00ns)   --->   "%cmp124_2_read = read i1 @_ssdm_op_Read.ap_auto.i1, i1 %cmp124_2"   --->   Operation 34 'read' 'cmp124_2_read' <Predicate = true> <Delay = 0.00>
ST_1 : Operation 35 [1/1] (0.00ns)   --->   "%cmp124_3_read = read i1 @_ssdm_op_Read.ap_auto.i1, i1 %cmp124_3"   --->   Operation 35 'read' 'cmp124_3_read' <Predicate = true> <Delay = 0.00>
ST_1 : Operation 36 [1/1] (0.00ns)   --->   "%cmp124_4_read = read i1 @_ssdm_op_Read.ap_auto.i1, i1 %cmp124_4"   --->   Operation 36 'read' 'cmp124_4_read' <Predicate = true> <Delay = 0.00>
ST_1 : Operation 37 [1/1] (0.00ns)   --->   "%cmp124_5_read = read i1 @_ssdm_op_Read.ap_auto.i1, i1 %cmp124_5"   --->   Operation 37 'read' 'cmp124_5_read' <Predicate = true> <Delay = 0.00>
ST_1 : Operation 38 [1/1] (0.00ns)   --->   "%cmp124_6_read = read i1 @_ssdm_op_Read.ap_auto.i1, i1 %cmp124_6"   --->   Operation 38 'read' 'cmp124_6_read' <Predicate = true> <Delay = 0.00>
ST_1 : Operation 39 [1/1] (0.00ns)   --->   "%cmp124_7_read = read i1 @_ssdm_op_Read.ap_auto.i1, i1 %cmp124_7"   --->   Operation 39 'read' 'cmp124_7_read' <Predicate = true> <Delay = 0.00>
ST_1 : Operation 40 [1/1] (0.00ns)   --->   "%zext_ln382_cast = zext i16 %zext_ln382_read"   --->   Operation 40 'zext' 'zext_ln382_cast' <Predicate = true> <Delay = 0.00>
ST_1 : Operation 41 [1/1] (0.00ns)   --->   "%zext_ln391_5_cast = zext i16 %zext_ln391_5_read"   --->   Operation 41 'zext' 'zext_ln391_5_cast' <Predicate = true> <Delay = 0.00>
ST_1 : Operation 42 [1/1] (0.00ns)   --->   "%zext_ln391_4_cast = zext i16 %zext_ln391_4_read"   --->   Operation 42 'zext' 'zext_ln391_4_cast' <Predicate = true> <Delay = 0.00>
ST_1 : Operation 43 [1/1] (0.00ns)   --->   "%zext_ln391_3_cast = zext i16 %zext_ln391_3_read"   --->   Operation 43 'zext' 'zext_ln391_3_cast' <Predicate = true> <Delay = 0.00>
ST_1 : Operation 44 [1/1] (0.00ns)   --->   "%zext_ln391_2_cast = zext i16 %zext_ln391_2_read"   --->   Operation 44 'zext' 'zext_ln391_2_cast' <Predicate = true> <Delay = 0.00>
ST_1 : Operation 45 [1/1] (0.00ns)   --->   "%zext_ln391_1_cast = zext i16 %zext_ln391_1_read"   --->   Operation 45 'zext' 'zext_ln391_1_cast' <Predicate = true> <Delay = 0.00>
ST_1 : Operation 46 [1/1] (0.00ns)   --->   "%zext_ln391_cast = zext i16 %zext_ln391_read"   --->   Operation 46 'zext' 'zext_ln391_cast' <Predicate = true> <Delay = 0.00>
ST_1 : Operation 47 [1/1] (0.00ns)   --->   "%base_col_B_cast_cast = zext i16 %base_col_B_cast_read"   --->   Operation 47 'zext' 'base_col_B_cast_cast' <Predicate = true> <Delay = 0.00>
ST_1 : Operation 48 [1/1] (0.00ns)   --->   "%zext_ln309_cast = zext i16 %zext_ln309_read"   --->   Operation 48 'zext' 'zext_ln309_cast' <Predicate = true> <Delay = 0.00>
ST_1 : Operation 49 [1/1] (0.00ns)   --->   "%specinterface_ln0 = specinterface void @_ssdm_op_SpecInterface, i32 %ca, void @empty, i32 0, i32 0, void @empty_8, i32 0, i32 200, void @empty_4, void @empty_6, void @empty_8, i32 8, i32 8, i32 64, i32 16, void @empty_8, void @empty_8, i32 4294967295, i32 0"   --->   Operation 49 'specinterface' 'specinterface_ln0' <Predicate = true> <Delay = 0.00>
ST_1 : Operation 50 [1/1] (1.58ns)   --->   "%store_ln382 = store i4 0, i4 %r" [/home/fi/Documents/GitHub/ursa/exp/ursa_ws/src/core/shell.cpp:382]   --->   Operation 50 'store' 'store_ln382' <Predicate = true> <Delay = 1.58>
ST_1 : Operation 51 [1/1] (0.00ns)   --->   "%br_ln0 = br void %VITIS_LOOP_384_8"   --->   Operation 51 'br' 'br_ln0' <Predicate = true> <Delay = 0.00>
ST_1 : Operation 52 [1/1] (0.00ns)   --->   "%r_1 = load i4 %r"   --->   Operation 52 'load' 'r_1' <Predicate = true> <Delay = 0.00>
ST_1 : Operation 53 [1/1] (0.00ns)   --->   "%empty_30 = trunc i4 %r_1"   --->   Operation 53 'trunc' 'empty_30' <Predicate = true> <Delay = 0.00>
ST_1 : Operation 54 [1/1] (0.00ns)   --->   "%specbitsmap_ln0 = specbitsmap void @_ssdm_op_SpecBitsMap, i32 %ca"   --->   Operation 54 'specbitsmap' 'specbitsmap_ln0' <Predicate = true> <Delay = 0.00>
ST_1 : Operation 55 [1/1] (1.73ns)   --->   "%icmp_ln382 = icmp_eq  i4 %r_1, i4 8" [/home/fi/Documents/GitHub/ursa/exp/ursa_ws/src/core/shell.cpp:382]   --->   Operation 55 'icmp' 'icmp_ln382' <Predicate = true> <Delay = 1.73> <CoreInst = "Cmp">   --->   Core 9 'Cmp' <Latency = 0> <II = 1> <Delay = 1.73> <FuncUnit> <Opcode : 'icmp'> <InPorts = 2> <OutPorts = 1>
ST_1 : Operation 56 [1/1] (1.73ns)   --->   "%add_ln382 = add i4 %r_1, i4 1" [/home/fi/Documents/GitHub/ursa/exp/ursa_ws/src/core/shell.cpp:382]   --->   Operation 56 'add' 'add_ln382' <Predicate = true> <Delay = 1.73> <CoreInst = "Adder">   --->   Core 1 'Adder' <Latency = 0> <II = 1> <Delay = 1.73> <FuncUnit> <Opcode : 'add' 'sub'> <InPorts = 2> <OutPorts = 1>
ST_1 : Operation 57 [1/1] (0.00ns)   --->   "%br_ln382 = br i1 %icmp_ln382, void %VITIS_LOOP_384_8.split, void %for.inc143.exitStub" [/home/fi/Documents/GitHub/ursa/exp/ursa_ws/src/core/shell.cpp:382]   --->   Operation 57 'br' 'br_ln382' <Predicate = true> <Delay = 0.00>
ST_1 : Operation 58 [1/1] (0.00ns)   --->   "%tmp_2 = bitconcatenate i6 @_ssdm_op_BitConcatenate.i6.i3.i3, i3 %empty_30, i3 0" [/home/fi/Documents/GitHub/ursa/exp/ursa_ws/src/core/shell.cpp:391]   --->   Operation 58 'bitconcatenate' 'tmp_2' <Predicate = (!icmp_ln382)> <Delay = 0.00>
ST_1 : Operation 59 [1/1] (0.00ns)   --->   "%zext_ln391_6 = zext i6 %tmp_2" [/home/fi/Documents/GitHub/ursa/exp/ursa_ws/src/core/shell.cpp:391]   --->   Operation 59 'zext' 'zext_ln391_6' <Predicate = (!icmp_ln382)> <Delay = 0.00>
ST_1 : Operation 60 [1/1] (0.00ns)   --->   "%c_tile_acc_addr = getelementptr i32 %c_tile_acc, i64 0, i64 %zext_ln391_6" [/home/fi/Documents/GitHub/ursa/exp/ursa_ws/src/core/shell.cpp:391]   --->   Operation 60 'getelementptr' 'c_tile_acc_addr' <Predicate = (!icmp_ln382)> <Delay = 0.00>
ST_1 : Operation 61 [1/1] (0.00ns)   --->   "%or_ln391 = or i6 %tmp_2, i6 1" [/home/fi/Documents/GitHub/ursa/exp/ursa_ws/src/core/shell.cpp:391]   --->   Operation 61 'or' 'or_ln391' <Predicate = (!icmp_ln382)> <Delay = 0.00>
ST_1 : Operation 62 [1/1] (0.00ns)   --->   "%zext_ln391_15 = zext i6 %or_ln391" [/home/fi/Documents/GitHub/ursa/exp/ursa_ws/src/core/shell.cpp:391]   --->   Operation 62 'zext' 'zext_ln391_15' <Predicate = (!icmp_ln382)> <Delay = 0.00>
ST_1 : Operation 63 [1/1] (0.00ns)   --->   "%c_tile_acc_addr_1 = getelementptr i32 %c_tile_acc, i64 0, i64 %zext_ln391_15" [/home/fi/Documents/GitHub/ursa/exp/ursa_ws/src/core/shell.cpp:391]   --->   Operation 63 'getelementptr' 'c_tile_acc_addr_1' <Predicate = (!icmp_ln382)> <Delay = 0.00>
ST_1 : Operation 64 [1/1] (0.00ns)   --->   "%global_row = bitconcatenate i16 @_ssdm_op_BitConcatenate.i16.i13.i3, i13 %tmp, i3 %empty_30"   --->   Operation 64 'bitconcatenate' 'global_row' <Predicate = (!icmp_ln382)> <Delay = 0.00>
ST_1 : Operation 65 [1/1] (2.07ns)   --->   "%cmp121 = icmp_ult  i16 %global_row, i16 %a0_p_read"   --->   Operation 65 'icmp' 'cmp121' <Predicate = (!icmp_ln382)> <Delay = 2.07> <CoreInst = "Cmp">   --->   Core 9 'Cmp' <Latency = 0> <II = 1> <Delay = 2.07> <FuncUnit> <Opcode : 'icmp'> <InPorts = 2> <OutPorts = 1>
ST_1 : Operation 66 [1/1] (0.00ns)   --->   "%conv129 = zext i16 %global_row"   --->   Operation 66 'zext' 'conv129' <Predicate = (!icmp_ln382)> <Delay = 0.00>
ST_1 : Operation 67 [1/1] (5.58ns)   --->   "%mul131 = mul i32 %conv129, i32 %zext_ln309_cast"   --->   Operation 67 'mul' 'mul131' <Predicate = (!icmp_ln382)> <Delay = 5.58> <CoreInst = "Multiplier">   --->   Core 3 'Multiplier' <Latency = 0> <II = 1> <Delay = 5.58> <FuncUnit> <Opcode : 'mul'> <InPorts = 2> <OutPorts = 1>
ST_1 : Operation 68 [1/1] (0.97ns)   --->   "%and_ln390 = and i1 %cmp121, i1 %cmp124_read" [/home/fi/Documents/GitHub/ursa/exp/ursa_ws/src/core/shell.cpp:390]   --->   Operation 68 'and' 'and_ln390' <Predicate = (!icmp_ln382)> <Delay = 0.97> <CoreInst = "LogicGate">   --->   Core 74 'LogicGate' <Latency = 0> <II = 1> <Delay = 0.97> <FuncUnit> <Opcode : 'and' 'or' 'xor'> <InPorts = 2> <OutPorts = 1>
ST_1 : Operation 69 [1/1] (0.00ns)   --->   "%br_ln390 = br i1 %and_ln390, void %for.inc137, void %if.then" [/home/fi/Documents/GitHub/ursa/exp/ursa_ws/src/core/shell.cpp:390]   --->   Operation 69 'br' 'br_ln390' <Predicate = (!icmp_ln382)> <Delay = 0.00>
ST_1 : Operation 70 [2/2] (3.25ns)   --->   "%c_tile_acc_load = load i6 %c_tile_acc_addr" [/home/fi/Documents/GitHub/ursa/exp/ursa_ws/src/core/shell.cpp:391]   --->   Operation 70 'load' 'c_tile_acc_load' <Predicate = (!icmp_ln382 & and_ln390)> <Delay = 3.25> <CoreInst = "RAM">   --->   Core 82 'RAM' <Latency = 1> <II = 1> <Delay = 3.25> <Storage> <Opcode : 'load' 'store'> <Ports = 2> <Width = 32> <Depth = 64> <RAM>
ST_1 : Operation 71 [1/1] (0.97ns)   --->   "%and_ln390_1 = and i1 %cmp121, i1 %cmp124_1_read" [/home/fi/Documents/GitHub/ursa/exp/ursa_ws/src/core/shell.cpp:390]   --->   Operation 71 'and' 'and_ln390_1' <Predicate = (!icmp_ln382)> <Delay = 0.97> <CoreInst = "LogicGate">   --->   Core 74 'LogicGate' <Latency = 0> <II = 1> <Delay = 0.97> <FuncUnit> <Opcode : 'and' 'or' 'xor'> <InPorts = 2> <OutPorts = 1>
ST_1 : Operation 72 [1/1] (0.00ns)   --->   "%br_ln390 = br i1 %and_ln390_1, void %for.inc137.1, void %if.then.1" [/home/fi/Documents/GitHub/ursa/exp/ursa_ws/src/core/shell.cpp:390]   --->   Operation 72 'br' 'br_ln390' <Predicate = (!icmp_ln382)> <Delay = 0.00>
ST_1 : Operation 73 [2/2] (3.25ns)   --->   "%c_tile_acc_load_1 = load i6 %c_tile_acc_addr_1" [/home/fi/Documents/GitHub/ursa/exp/ursa_ws/src/core/shell.cpp:391]   --->   Operation 73 'load' 'c_tile_acc_load_1' <Predicate = (!icmp_ln382 & and_ln390_1)> <Delay = 3.25> <CoreInst = "RAM">   --->   Core 82 'RAM' <Latency = 1> <II = 1> <Delay = 3.25> <Storage> <Opcode : 'load' 'store'> <Ports = 2> <Width = 32> <Depth = 64> <RAM>
ST_1 : Operation 74 [1/1] (0.97ns)   --->   "%and_ln390_2 = and i1 %cmp121, i1 %cmp124_2_read" [/home/fi/Documents/GitHub/ursa/exp/ursa_ws/src/core/shell.cpp:390]   --->   Operation 74 'and' 'and_ln390_2' <Predicate = (!icmp_ln382)> <Delay = 0.97> <CoreInst = "LogicGate">   --->   Core 74 'LogicGate' <Latency = 0> <II = 1> <Delay = 0.97> <FuncUnit> <Opcode : 'and' 'or' 'xor'> <InPorts = 2> <OutPorts = 1>
ST_1 : Operation 75 [1/1] (0.00ns)   --->   "%br_ln390 = br i1 %and_ln390_2, void %for.inc137.2, void %if.then.2" [/home/fi/Documents/GitHub/ursa/exp/ursa_ws/src/core/shell.cpp:390]   --->   Operation 75 'br' 'br_ln390' <Predicate = (!icmp_ln382)> <Delay = 0.00>
ST_1 : Operation 76 [1/1] (0.97ns)   --->   "%and_ln390_3 = and i1 %cmp121, i1 %cmp124_3_read" [/home/fi/Documents/GitHub/ursa/exp/ursa_ws/src/core/shell.cpp:390]   --->   Operation 76 'and' 'and_ln390_3' <Predicate = (!icmp_ln382)> <Delay = 0.97> <CoreInst = "LogicGate">   --->   Core 74 'LogicGate' <Latency = 0> <II = 1> <Delay = 0.97> <FuncUnit> <Opcode : 'and' 'or' 'xor'> <InPorts = 2> <OutPorts = 1>
ST_1 : Operation 77 [1/1] (0.00ns)   --->   "%br_ln390 = br i1 %and_ln390_3, void %for.inc137.3, void %if.then.3" [/home/fi/Documents/GitHub/ursa/exp/ursa_ws/src/core/shell.cpp:390]   --->   Operation 77 'br' 'br_ln390' <Predicate = (!icmp_ln382)> <Delay = 0.00>
ST_1 : Operation 78 [1/1] (0.97ns)   --->   "%and_ln390_4 = and i1 %cmp121, i1 %cmp124_4_read" [/home/fi/Documents/GitHub/ursa/exp/ursa_ws/src/core/shell.cpp:390]   --->   Operation 78 'and' 'and_ln390_4' <Predicate = (!icmp_ln382)> <Delay = 0.97> <CoreInst = "LogicGate">   --->   Core 74 'LogicGate' <Latency = 0> <II = 1> <Delay = 0.97> <FuncUnit> <Opcode : 'and' 'or' 'xor'> <InPorts = 2> <OutPorts = 1>
ST_1 : Operation 79 [1/1] (0.00ns)   --->   "%br_ln390 = br i1 %and_ln390_4, void %for.inc137.4, void %if.then.4" [/home/fi/Documents/GitHub/ursa/exp/ursa_ws/src/core/shell.cpp:390]   --->   Operation 79 'br' 'br_ln390' <Predicate = (!icmp_ln382)> <Delay = 0.00>
ST_1 : Operation 80 [1/1] (0.97ns)   --->   "%and_ln390_5 = and i1 %cmp121, i1 %cmp124_5_read" [/home/fi/Documents/GitHub/ursa/exp/ursa_ws/src/core/shell.cpp:390]   --->   Operation 80 'and' 'and_ln390_5' <Predicate = (!icmp_ln382)> <Delay = 0.97> <CoreInst = "LogicGate">   --->   Core 74 'LogicGate' <Latency = 0> <II = 1> <Delay = 0.97> <FuncUnit> <Opcode : 'and' 'or' 'xor'> <InPorts = 2> <OutPorts = 1>
ST_1 : Operation 81 [1/1] (0.00ns)   --->   "%br_ln390 = br i1 %and_ln390_5, void %for.inc137.5, void %if.then.5" [/home/fi/Documents/GitHub/ursa/exp/ursa_ws/src/core/shell.cpp:390]   --->   Operation 81 'br' 'br_ln390' <Predicate = (!icmp_ln382)> <Delay = 0.00>
ST_1 : Operation 82 [1/1] (0.97ns)   --->   "%and_ln390_6 = and i1 %cmp121, i1 %cmp124_6_read" [/home/fi/Documents/GitHub/ursa/exp/ursa_ws/src/core/shell.cpp:390]   --->   Operation 82 'and' 'and_ln390_6' <Predicate = (!icmp_ln382)> <Delay = 0.97> <CoreInst = "LogicGate">   --->   Core 74 'LogicGate' <Latency = 0> <II = 1> <Delay = 0.97> <FuncUnit> <Opcode : 'and' 'or' 'xor'> <InPorts = 2> <OutPorts = 1>
ST_1 : Operation 83 [1/1] (0.00ns)   --->   "%br_ln390 = br i1 %and_ln390_6, void %for.inc137.6, void %if.then.6" [/home/fi/Documents/GitHub/ursa/exp/ursa_ws/src/core/shell.cpp:390]   --->   Operation 83 'br' 'br_ln390' <Predicate = (!icmp_ln382)> <Delay = 0.00>
ST_1 : Operation 84 [1/1] (0.97ns)   --->   "%and_ln390_7 = and i1 %cmp121, i1 %cmp124_7_read" [/home/fi/Documents/GitHub/ursa/exp/ursa_ws/src/core/shell.cpp:390]   --->   Operation 84 'and' 'and_ln390_7' <Predicate = (!icmp_ln382)> <Delay = 0.97> <CoreInst = "LogicGate">   --->   Core 74 'LogicGate' <Latency = 0> <II = 1> <Delay = 0.97> <FuncUnit> <Opcode : 'and' 'or' 'xor'> <InPorts = 2> <OutPorts = 1>
ST_1 : Operation 85 [1/1] (0.00ns)   --->   "%br_ln390 = br i1 %and_ln390_7, void %for.inc137.7, void %if.then.7" [/home/fi/Documents/GitHub/ursa/exp/ursa_ws/src/core/shell.cpp:390]   --->   Operation 85 'br' 'br_ln390' <Predicate = (!icmp_ln382)> <Delay = 0.00>
ST_1 : Operation 86 [1/1] (1.58ns)   --->   "%store_ln382 = store i4 %add_ln382, i4 %r" [/home/fi/Documents/GitHub/ursa/exp/ursa_ws/src/core/shell.cpp:382]   --->   Operation 86 'store' 'store_ln382' <Predicate = (!icmp_ln382)> <Delay = 1.58>
ST_1 : Operation 87 [1/1] (0.00ns)   --->   "%br_ln382 = br void %VITIS_LOOP_384_8" [/home/fi/Documents/GitHub/ursa/exp/ursa_ws/src/core/shell.cpp:382]   --->   Operation 87 'br' 'br_ln382' <Predicate = (!icmp_ln382)> <Delay = 0.00>

State 2 <SV = 1> <Delay = 6.07>
ST_2 : Operation 88 [1/1] (0.00ns)   --->   "%or_ln391_1 = or i6 %tmp_2, i6 2" [/home/fi/Documents/GitHub/ursa/exp/ursa_ws/src/core/shell.cpp:391]   --->   Operation 88 'or' 'or_ln391_1' <Predicate = (!icmp_ln382)> <Delay = 0.00>
ST_2 : Operation 89 [1/1] (0.00ns)   --->   "%zext_ln391_16 = zext i6 %or_ln391_1" [/home/fi/Documents/GitHub/ursa/exp/ursa_ws/src/core/shell.cpp:391]   --->   Operation 89 'zext' 'zext_ln391_16' <Predicate = (!icmp_ln382)> <Delay = 0.00>
ST_2 : Operation 90 [1/1] (0.00ns)   --->   "%c_tile_acc_addr_2 = getelementptr i32 %c_tile_acc, i64 0, i64 %zext_ln391_16" [/home/fi/Documents/GitHub/ursa/exp/ursa_ws/src/core/shell.cpp:391]   --->   Operation 90 'getelementptr' 'c_tile_acc_addr_2' <Predicate = (!icmp_ln382)> <Delay = 0.00>
ST_2 : Operation 91 [1/1] (0.00ns)   --->   "%or_ln391_2 = or i6 %tmp_2, i6 3" [/home/fi/Documents/GitHub/ursa/exp/ursa_ws/src/core/shell.cpp:391]   --->   Operation 91 'or' 'or_ln391_2' <Predicate = (!icmp_ln382)> <Delay = 0.00>
ST_2 : Operation 92 [1/1] (0.00ns)   --->   "%zext_ln391_17 = zext i6 %or_ln391_2" [/home/fi/Documents/GitHub/ursa/exp/ursa_ws/src/core/shell.cpp:391]   --->   Operation 92 'zext' 'zext_ln391_17' <Predicate = (!icmp_ln382)> <Delay = 0.00>
ST_2 : Operation 93 [1/1] (0.00ns)   --->   "%c_tile_acc_addr_3 = getelementptr i32 %c_tile_acc, i64 0, i64 %zext_ln391_17" [/home/fi/Documents/GitHub/ursa/exp/ursa_ws/src/core/shell.cpp:391]   --->   Operation 93 'getelementptr' 'c_tile_acc_addr_3' <Predicate = (!icmp_ln382)> <Delay = 0.00>
ST_2 : Operation 94 [1/2] (3.25ns)   --->   "%c_tile_acc_load = load i6 %c_tile_acc_addr" [/home/fi/Documents/GitHub/ursa/exp/ursa_ws/src/core/shell.cpp:391]   --->   Operation 94 'load' 'c_tile_acc_load' <Predicate = (!icmp_ln382 & and_ln390)> <Delay = 3.25> <CoreInst = "RAM">   --->   Core 82 'RAM' <Latency = 1> <II = 1> <Delay = 3.25> <Storage> <Opcode : 'load' 'store'> <Ports = 2> <Width = 32> <Depth = 64> <RAM>
ST_2 : Operation 95 [1/1] (2.55ns)   --->   "%add_ln391 = add i32 %mul131, i32 %base_col_B_cast_cast" [/home/fi/Documents/GitHub/ursa/exp/ursa_ws/src/core/shell.cpp:391]   --->   Operation 95 'add' 'add_ln391' <Predicate = (!icmp_ln382 & and_ln390)> <Delay = 2.55> <CoreInst = "Adder">   --->   Core 1 'Adder' <Latency = 0> <II = 1> <Delay = 2.55> <FuncUnit> <Opcode : 'add' 'sub'> <InPorts = 2> <OutPorts = 1>
ST_2 : Operation 96 [1/1] (0.00ns)   --->   "%shl_ln1 = bitconcatenate i34 @_ssdm_op_BitConcatenate.i34.i32.i2, i32 %add_ln391, i2 0" [/home/fi/Documents/GitHub/ursa/exp/ursa_ws/src/core/shell.cpp:391]   --->   Operation 96 'bitconcatenate' 'shl_ln1' <Predicate = (!icmp_ln382 & and_ln390)> <Delay = 0.00>
ST_2 : Operation 97 [1/1] (0.00ns)   --->   "%zext_ln391_7 = zext i34 %shl_ln1" [/home/fi/Documents/GitHub/ursa/exp/ursa_ws/src/core/shell.cpp:391]   --->   Operation 97 'zext' 'zext_ln391_7' <Predicate = (!icmp_ln382 & and_ln390)> <Delay = 0.00>
ST_2 : Operation 98 [1/1] (3.52ns)   --->   "%add_ln391_1 = add i64 %zext_ln391_7, i64 %addr_c0_read" [/home/fi/Documents/GitHub/ursa/exp/ursa_ws/src/core/shell.cpp:391]   --->   Operation 98 'add' 'add_ln391_1' <Predicate = (!icmp_ln382 & and_ln390)> <Delay = 3.52> <CoreInst = "Adder">   --->   Core 1 'Adder' <Latency = 0> <II = 1> <Delay = 3.52> <FuncUnit> <Opcode : 'add' 'sub'> <InPorts = 2> <OutPorts = 1>
ST_2 : Operation 99 [1/1] (0.00ns)   --->   "%trunc_ln3 = partselect i62 @_ssdm_op_PartSelect.i62.i64.i32.i32, i64 %add_ln391_1, i32 2, i32 63" [/home/fi/Documents/GitHub/ursa/exp/ursa_ws/src/core/shell.cpp:391]   --->   Operation 99 'partselect' 'trunc_ln3' <Predicate = (!icmp_ln382 & and_ln390)> <Delay = 0.00>
ST_2 : Operation 100 [1/1] (0.00ns)   --->   "%sext_ln391 = sext i62 %trunc_ln3" [/home/fi/Documents/GitHub/ursa/exp/ursa_ws/src/core/shell.cpp:391]   --->   Operation 100 'sext' 'sext_ln391' <Predicate = (!icmp_ln382 & and_ln390)> <Delay = 0.00>
ST_2 : Operation 101 [1/1] (0.00ns)   --->   "%ca_addr = getelementptr i32 %ca, i64 %sext_ln391" [/home/fi/Documents/GitHub/ursa/exp/ursa_ws/src/core/shell.cpp:391]   --->   Operation 101 'getelementptr' 'ca_addr' <Predicate = (!icmp_ln382 & and_ln390)> <Delay = 0.00>
ST_2 : Operation 102 [1/2] (3.25ns)   --->   "%c_tile_acc_load_1 = load i6 %c_tile_acc_addr_1" [/home/fi/Documents/GitHub/ursa/exp/ursa_ws/src/core/shell.cpp:391]   --->   Operation 102 'load' 'c_tile_acc_load_1' <Predicate = (!icmp_ln382 & and_ln390_1)> <Delay = 3.25> <CoreInst = "RAM">   --->   Core 82 'RAM' <Latency = 1> <II = 1> <Delay = 3.25> <Storage> <Opcode : 'load' 'store'> <Ports = 2> <Width = 32> <Depth = 64> <RAM>
ST_2 : Operation 103 [2/2] (3.25ns)   --->   "%c_tile_acc_load_2 = load i6 %c_tile_acc_addr_2" [/home/fi/Documents/GitHub/ursa/exp/ursa_ws/src/core/shell.cpp:391]   --->   Operation 103 'load' 'c_tile_acc_load_2' <Predicate = (!icmp_ln382 & and_ln390_2)> <Delay = 3.25> <CoreInst = "RAM">   --->   Core 82 'RAM' <Latency = 1> <II = 1> <Delay = 3.25> <Storage> <Opcode : 'load' 'store'> <Ports = 2> <Width = 32> <Depth = 64> <RAM>
ST_2 : Operation 104 [2/2] (3.25ns)   --->   "%c_tile_acc_load_3 = load i6 %c_tile_acc_addr_3" [/home/fi/Documents/GitHub/ursa/exp/ursa_ws/src/core/shell.cpp:391]   --->   Operation 104 'load' 'c_tile_acc_load_3' <Predicate = (!icmp_ln382 & and_ln390_3)> <Delay = 3.25> <CoreInst = "RAM">   --->   Core 82 'RAM' <Latency = 1> <II = 1> <Delay = 3.25> <Storage> <Opcode : 'load' 'store'> <Ports = 2> <Width = 32> <Depth = 64> <RAM>

State 3 <SV = 2> <Delay = 7.30>
ST_3 : Operation 105 [1/1] (0.00ns)   --->   "%or_ln391_3 = or i6 %tmp_2, i6 4" [/home/fi/Documents/GitHub/ursa/exp/ursa_ws/src/core/shell.cpp:391]   --->   Operation 105 'or' 'or_ln391_3' <Predicate = (!icmp_ln382)> <Delay = 0.00>
ST_3 : Operation 106 [1/1] (0.00ns)   --->   "%zext_ln391_18 = zext i6 %or_ln391_3" [/home/fi/Documents/GitHub/ursa/exp/ursa_ws/src/core/shell.cpp:391]   --->   Operation 106 'zext' 'zext_ln391_18' <Predicate = (!icmp_ln382)> <Delay = 0.00>
ST_3 : Operation 107 [1/1] (0.00ns)   --->   "%c_tile_acc_addr_4 = getelementptr i32 %c_tile_acc, i64 0, i64 %zext_ln391_18" [/home/fi/Documents/GitHub/ursa/exp/ursa_ws/src/core/shell.cpp:391]   --->   Operation 107 'getelementptr' 'c_tile_acc_addr_4' <Predicate = (!icmp_ln382)> <Delay = 0.00>
ST_3 : Operation 108 [1/1] (0.00ns)   --->   "%or_ln391_4 = or i6 %tmp_2, i6 5" [/home/fi/Documents/GitHub/ursa/exp/ursa_ws/src/core/shell.cpp:391]   --->   Operation 108 'or' 'or_ln391_4' <Predicate = (!icmp_ln382)> <Delay = 0.00>
ST_3 : Operation 109 [1/1] (0.00ns)   --->   "%zext_ln391_19 = zext i6 %or_ln391_4" [/home/fi/Documents/GitHub/ursa/exp/ursa_ws/src/core/shell.cpp:391]   --->   Operation 109 'zext' 'zext_ln391_19' <Predicate = (!icmp_ln382)> <Delay = 0.00>
ST_3 : Operation 110 [1/1] (0.00ns)   --->   "%c_tile_acc_addr_5 = getelementptr i32 %c_tile_acc, i64 0, i64 %zext_ln391_19" [/home/fi/Documents/GitHub/ursa/exp/ursa_ws/src/core/shell.cpp:391]   --->   Operation 110 'getelementptr' 'c_tile_acc_addr_5' <Predicate = (!icmp_ln382)> <Delay = 0.00>
ST_3 : Operation 111 [1/1] (7.30ns)   --->   "%ca_addr_req = writereq i1 @_ssdm_op_WriteReq.m_axi.i32P1A, i32 %ca_addr, i32 1" [/home/fi/Documents/GitHub/ursa/exp/ursa_ws/src/core/shell.cpp:391]   --->   Operation 111 'writereq' 'ca_addr_req' <Predicate = (!icmp_ln382 & and_ln390)> <Delay = 7.30> <CoreInst = "m_axi">   --->   Core 113 'm_axi' <Latency = 0> <II = 1> <Delay = 1.00> <Adapter> <Opcode : 'read' 'write' 'readreq' 'writereq' 'writeresp'>
ST_3 : Operation 112 [1/1] (2.55ns)   --->   "%add_ln391_2 = add i32 %mul131, i32 %zext_ln391_cast" [/home/fi/Documents/GitHub/ursa/exp/ursa_ws/src/core/shell.cpp:391]   --->   Operation 112 'add' 'add_ln391_2' <Predicate = (!icmp_ln382 & and_ln390_1)> <Delay = 2.55> <CoreInst = "Adder">   --->   Core 1 'Adder' <Latency = 0> <II = 1> <Delay = 2.55> <FuncUnit> <Opcode : 'add' 'sub'> <InPorts = 2> <OutPorts = 1>
ST_3 : Operation 113 [1/1] (0.00ns)   --->   "%shl_ln391_1 = bitconcatenate i34 @_ssdm_op_BitConcatenate.i34.i32.i2, i32 %add_ln391_2, i2 0" [/home/fi/Documents/GitHub/ursa/exp/ursa_ws/src/core/shell.cpp:391]   --->   Operation 113 'bitconcatenate' 'shl_ln391_1' <Predicate = (!icmp_ln382 & and_ln390_1)> <Delay = 0.00>
ST_3 : Operation 114 [1/1] (0.00ns)   --->   "%zext_ln391_8 = zext i34 %shl_ln391_1" [/home/fi/Documents/GitHub/ursa/exp/ursa_ws/src/core/shell.cpp:391]   --->   Operation 114 'zext' 'zext_ln391_8' <Predicate = (!icmp_ln382 & and_ln390_1)> <Delay = 0.00>
ST_3 : Operation 115 [1/1] (3.52ns)   --->   "%add_ln391_3 = add i64 %zext_ln391_8, i64 %addr_c0_read" [/home/fi/Documents/GitHub/ursa/exp/ursa_ws/src/core/shell.cpp:391]   --->   Operation 115 'add' 'add_ln391_3' <Predicate = (!icmp_ln382 & and_ln390_1)> <Delay = 3.52> <CoreInst = "Adder">   --->   Core 1 'Adder' <Latency = 0> <II = 1> <Delay = 3.52> <FuncUnit> <Opcode : 'add' 'sub'> <InPorts = 2> <OutPorts = 1>
ST_3 : Operation 116 [1/1] (0.00ns)   --->   "%trunc_ln391_1 = partselect i62 @_ssdm_op_PartSelect.i62.i64.i32.i32, i64 %add_ln391_3, i32 2, i32 63" [/home/fi/Documents/GitHub/ursa/exp/ursa_ws/src/core/shell.cpp:391]   --->   Operation 116 'partselect' 'trunc_ln391_1' <Predicate = (!icmp_ln382 & and_ln390_1)> <Delay = 0.00>
ST_3 : Operation 117 [1/1] (0.00ns)   --->   "%sext_ln391_1 = sext i62 %trunc_ln391_1" [/home/fi/Documents/GitHub/ursa/exp/ursa_ws/src/core/shell.cpp:391]   --->   Operation 117 'sext' 'sext_ln391_1' <Predicate = (!icmp_ln382 & and_ln390_1)> <Delay = 0.00>
ST_3 : Operation 118 [1/1] (0.00ns)   --->   "%ca_addr_1 = getelementptr i32 %ca, i64 %sext_ln391_1" [/home/fi/Documents/GitHub/ursa/exp/ursa_ws/src/core/shell.cpp:391]   --->   Operation 118 'getelementptr' 'ca_addr_1' <Predicate = (!icmp_ln382 & and_ln390_1)> <Delay = 0.00>
ST_3 : Operation 119 [1/2] (3.25ns)   --->   "%c_tile_acc_load_2 = load i6 %c_tile_acc_addr_2" [/home/fi/Documents/GitHub/ursa/exp/ursa_ws/src/core/shell.cpp:391]   --->   Operation 119 'load' 'c_tile_acc_load_2' <Predicate = (!icmp_ln382 & and_ln390_2)> <Delay = 3.25> <CoreInst = "RAM">   --->   Core 82 'RAM' <Latency = 1> <II = 1> <Delay = 3.25> <Storage> <Opcode : 'load' 'store'> <Ports = 2> <Width = 32> <Depth = 64> <RAM>
ST_3 : Operation 120 [1/2] (3.25ns)   --->   "%c_tile_acc_load_3 = load i6 %c_tile_acc_addr_3" [/home/fi/Documents/GitHub/ursa/exp/ursa_ws/src/core/shell.cpp:391]   --->   Operation 120 'load' 'c_tile_acc_load_3' <Predicate = (!icmp_ln382 & and_ln390_3)> <Delay = 3.25> <CoreInst = "RAM">   --->   Core 82 'RAM' <Latency = 1> <II = 1> <Delay = 3.25> <Storage> <Opcode : 'load' 'store'> <Ports = 2> <Width = 32> <Depth = 64> <RAM>
ST_3 : Operation 121 [2/2] (3.25ns)   --->   "%c_tile_acc_load_4 = load i6 %c_tile_acc_addr_4" [/home/fi/Documents/GitHub/ursa/exp/ursa_ws/src/core/shell.cpp:391]   --->   Operation 121 'load' 'c_tile_acc_load_4' <Predicate = (!icmp_ln382 & and_ln390_4)> <Delay = 3.25> <CoreInst = "RAM">   --->   Core 82 'RAM' <Latency = 1> <II = 1> <Delay = 3.25> <Storage> <Opcode : 'load' 'store'> <Ports = 2> <Width = 32> <Depth = 64> <RAM>
ST_3 : Operation 122 [2/2] (3.25ns)   --->   "%c_tile_acc_load_5 = load i6 %c_tile_acc_addr_5" [/home/fi/Documents/GitHub/ursa/exp/ursa_ws/src/core/shell.cpp:391]   --->   Operation 122 'load' 'c_tile_acc_load_5' <Predicate = (!icmp_ln382 & and_ln390_5)> <Delay = 3.25> <CoreInst = "RAM">   --->   Core 82 'RAM' <Latency = 1> <II = 1> <Delay = 3.25> <Storage> <Opcode : 'load' 'store'> <Ports = 2> <Width = 32> <Depth = 64> <RAM>

State 4 <SV = 3> <Delay = 7.30>
ST_4 : Operation 123 [1/1] (0.00ns)   --->   "%or_ln391_5 = or i6 %tmp_2, i6 6" [/home/fi/Documents/GitHub/ursa/exp/ursa_ws/src/core/shell.cpp:391]   --->   Operation 123 'or' 'or_ln391_5' <Predicate = (!icmp_ln382)> <Delay = 0.00>
ST_4 : Operation 124 [1/1] (0.00ns)   --->   "%zext_ln391_20 = zext i6 %or_ln391_5" [/home/fi/Documents/GitHub/ursa/exp/ursa_ws/src/core/shell.cpp:391]   --->   Operation 124 'zext' 'zext_ln391_20' <Predicate = (!icmp_ln382)> <Delay = 0.00>
ST_4 : Operation 125 [1/1] (0.00ns)   --->   "%c_tile_acc_addr_6 = getelementptr i32 %c_tile_acc, i64 0, i64 %zext_ln391_20" [/home/fi/Documents/GitHub/ursa/exp/ursa_ws/src/core/shell.cpp:391]   --->   Operation 125 'getelementptr' 'c_tile_acc_addr_6' <Predicate = (!icmp_ln382)> <Delay = 0.00>
ST_4 : Operation 126 [1/1] (0.00ns)   --->   "%or_ln391_6 = or i6 %tmp_2, i6 7" [/home/fi/Documents/GitHub/ursa/exp/ursa_ws/src/core/shell.cpp:391]   --->   Operation 126 'or' 'or_ln391_6' <Predicate = (!icmp_ln382)> <Delay = 0.00>
ST_4 : Operation 127 [1/1] (0.00ns)   --->   "%zext_ln391_21 = zext i6 %or_ln391_6" [/home/fi/Documents/GitHub/ursa/exp/ursa_ws/src/core/shell.cpp:391]   --->   Operation 127 'zext' 'zext_ln391_21' <Predicate = (!icmp_ln382)> <Delay = 0.00>
ST_4 : Operation 128 [1/1] (0.00ns)   --->   "%c_tile_acc_addr_7 = getelementptr i32 %c_tile_acc, i64 0, i64 %zext_ln391_21" [/home/fi/Documents/GitHub/ursa/exp/ursa_ws/src/core/shell.cpp:391]   --->   Operation 128 'getelementptr' 'c_tile_acc_addr_7' <Predicate = (!icmp_ln382)> <Delay = 0.00>
ST_4 : Operation 129 [1/1] (0.00ns)   --->   "%specpipeline_ln383 = specpipeline void @_ssdm_op_SpecPipeline, i32 1, i32 0, i32 0, i32 0, void @empty_8" [/home/fi/Documents/GitHub/ursa/exp/ursa_ws/src/core/shell.cpp:383]   --->   Operation 129 'specpipeline' 'specpipeline_ln383' <Predicate = (!icmp_ln382)> <Delay = 0.00>
ST_4 : Operation 130 [1/1] (0.00ns)   --->   "%speclooptripcount_ln382 = speclooptripcount void @_ssdm_op_SpecLoopTripCount, i64 8, i64 8, i64 8" [/home/fi/Documents/GitHub/ursa/exp/ursa_ws/src/core/shell.cpp:382]   --->   Operation 130 'speclooptripcount' 'speclooptripcount_ln382' <Predicate = (!icmp_ln382)> <Delay = 0.00>
ST_4 : Operation 131 [1/1] (0.00ns)   --->   "%specloopname_ln382 = specloopname void @_ssdm_op_SpecLoopName, void @empty_18" [/home/fi/Documents/GitHub/ursa/exp/ursa_ws/src/core/shell.cpp:382]   --->   Operation 131 'specloopname' 'specloopname_ln382' <Predicate = (!icmp_ln382)> <Delay = 0.00>
ST_4 : Operation 132 [1/1] (7.30ns)   --->   "%write_ln391 = write void @_ssdm_op_Write.m_axi.i32P1A, i32 %ca_addr, i32 %c_tile_acc_load, i4 15" [/home/fi/Documents/GitHub/ursa/exp/ursa_ws/src/core/shell.cpp:391]   --->   Operation 132 'write' 'write_ln391' <Predicate = (!icmp_ln382 & and_ln390)> <Delay = 7.30> <CoreInst = "m_axi">   --->   Core 113 'm_axi' <Latency = 0> <II = 1> <Delay = 1.00> <Adapter> <Opcode : 'read' 'write' 'readreq' 'writereq' 'writeresp'>
ST_4 : Operation 133 [1/1] (7.30ns)   --->   "%ca_addr_1_req = writereq i1 @_ssdm_op_WriteReq.m_axi.i32P1A, i32 %ca_addr_1, i32 1" [/home/fi/Documents/GitHub/ursa/exp/ursa_ws/src/core/shell.cpp:391]   --->   Operation 133 'writereq' 'ca_addr_1_req' <Predicate = (!icmp_ln382 & and_ln390_1)> <Delay = 7.30> <CoreInst = "m_axi">   --->   Core 113 'm_axi' <Latency = 0> <II = 1> <Delay = 1.00> <Adapter> <Opcode : 'read' 'write' 'readreq' 'writereq' 'writeresp'>
ST_4 : Operation 134 [1/1] (2.55ns)   --->   "%add_ln391_4 = add i32 %mul131, i32 %zext_ln391_1_cast" [/home/fi/Documents/GitHub/ursa/exp/ursa_ws/src/core/shell.cpp:391]   --->   Operation 134 'add' 'add_ln391_4' <Predicate = (!icmp_ln382 & and_ln390_2)> <Delay = 2.55> <CoreInst = "Adder">   --->   Core 1 'Adder' <Latency = 0> <II = 1> <Delay = 2.55> <FuncUnit> <Opcode : 'add' 'sub'> <InPorts = 2> <OutPorts = 1>
ST_4 : Operation 135 [1/1] (0.00ns)   --->   "%shl_ln391_2 = bitconcatenate i34 @_ssdm_op_BitConcatenate.i34.i32.i2, i32 %add_ln391_4, i2 0" [/home/fi/Documents/GitHub/ursa/exp/ursa_ws/src/core/shell.cpp:391]   --->   Operation 135 'bitconcatenate' 'shl_ln391_2' <Predicate = (!icmp_ln382 & and_ln390_2)> <Delay = 0.00>
ST_4 : Operation 136 [1/1] (0.00ns)   --->   "%zext_ln391_9 = zext i34 %shl_ln391_2" [/home/fi/Documents/GitHub/ursa/exp/ursa_ws/src/core/shell.cpp:391]   --->   Operation 136 'zext' 'zext_ln391_9' <Predicate = (!icmp_ln382 & and_ln390_2)> <Delay = 0.00>
ST_4 : Operation 137 [1/1] (3.52ns)   --->   "%add_ln391_5 = add i64 %zext_ln391_9, i64 %addr_c0_read" [/home/fi/Documents/GitHub/ursa/exp/ursa_ws/src/core/shell.cpp:391]   --->   Operation 137 'add' 'add_ln391_5' <Predicate = (!icmp_ln382 & and_ln390_2)> <Delay = 3.52> <CoreInst = "Adder">   --->   Core 1 'Adder' <Latency = 0> <II = 1> <Delay = 3.52> <FuncUnit> <Opcode : 'add' 'sub'> <InPorts = 2> <OutPorts = 1>
ST_4 : Operation 138 [1/1] (0.00ns)   --->   "%trunc_ln391_2 = partselect i62 @_ssdm_op_PartSelect.i62.i64.i32.i32, i64 %add_ln391_5, i32 2, i32 63" [/home/fi/Documents/GitHub/ursa/exp/ursa_ws/src/core/shell.cpp:391]   --->   Operation 138 'partselect' 'trunc_ln391_2' <Predicate = (!icmp_ln382 & and_ln390_2)> <Delay = 0.00>
ST_4 : Operation 139 [1/1] (0.00ns)   --->   "%sext_ln391_2 = sext i62 %trunc_ln391_2" [/home/fi/Documents/GitHub/ursa/exp/ursa_ws/src/core/shell.cpp:391]   --->   Operation 139 'sext' 'sext_ln391_2' <Predicate = (!icmp_ln382 & and_ln390_2)> <Delay = 0.00>
ST_4 : Operation 140 [1/1] (0.00ns)   --->   "%ca_addr_2 = getelementptr i32 %ca, i64 %sext_ln391_2" [/home/fi/Documents/GitHub/ursa/exp/ursa_ws/src/core/shell.cpp:391]   --->   Operation 140 'getelementptr' 'ca_addr_2' <Predicate = (!icmp_ln382 & and_ln390_2)> <Delay = 0.00>
ST_4 : Operation 141 [1/2] (3.25ns)   --->   "%c_tile_acc_load_4 = load i6 %c_tile_acc_addr_4" [/home/fi/Documents/GitHub/ursa/exp/ursa_ws/src/core/shell.cpp:391]   --->   Operation 141 'load' 'c_tile_acc_load_4' <Predicate = (!icmp_ln382 & and_ln390_4)> <Delay = 3.25> <CoreInst = "RAM">   --->   Core 82 'RAM' <Latency = 1> <II = 1> <Delay = 3.25> <Storage> <Opcode : 'load' 'store'> <Ports = 2> <Width = 32> <Depth = 64> <RAM>
ST_4 : Operation 142 [1/2] (3.25ns)   --->   "%c_tile_acc_load_5 = load i6 %c_tile_acc_addr_5" [/home/fi/Documents/GitHub/ursa/exp/ursa_ws/src/core/shell.cpp:391]   --->   Operation 142 'load' 'c_tile_acc_load_5' <Predicate = (!icmp_ln382 & and_ln390_5)> <Delay = 3.25> <CoreInst = "RAM">   --->   Core 82 'RAM' <Latency = 1> <II = 1> <Delay = 3.25> <Storage> <Opcode : 'load' 'store'> <Ports = 2> <Width = 32> <Depth = 64> <RAM>
ST_4 : Operation 143 [2/2] (3.25ns)   --->   "%c_tile_acc_load_6 = load i6 %c_tile_acc_addr_6" [/home/fi/Documents/GitHub/ursa/exp/ursa_ws/src/core/shell.cpp:391]   --->   Operation 143 'load' 'c_tile_acc_load_6' <Predicate = (!icmp_ln382 & and_ln390_6)> <Delay = 3.25> <CoreInst = "RAM">   --->   Core 82 'RAM' <Latency = 1> <II = 1> <Delay = 3.25> <Storage> <Opcode : 'load' 'store'> <Ports = 2> <Width = 32> <Depth = 64> <RAM>
ST_4 : Operation 144 [2/2] (3.25ns)   --->   "%c_tile_acc_load_7 = load i6 %c_tile_acc_addr_7" [/home/fi/Documents/GitHub/ursa/exp/ursa_ws/src/core/shell.cpp:391]   --->   Operation 144 'load' 'c_tile_acc_load_7' <Predicate = (!icmp_ln382 & and_ln390_7)> <Delay = 3.25> <CoreInst = "RAM">   --->   Core 82 'RAM' <Latency = 1> <II = 1> <Delay = 3.25> <Storage> <Opcode : 'load' 'store'> <Ports = 2> <Width = 32> <Depth = 64> <RAM>

State 5 <SV = 4> <Delay = 7.30>
ST_5 : Operation 145 [5/5] (7.30ns)   --->   "%ca_addr_resp = writeresp i1 @_ssdm_op_WriteResp.m_axi.i32P1A, i32 %ca_addr" [/home/fi/Documents/GitHub/ursa/exp/ursa_ws/src/core/shell.cpp:391]   --->   Operation 145 'writeresp' 'ca_addr_resp' <Predicate = (!icmp_ln382 & and_ln390)> <Delay = 7.30> <CoreInst = "m_axi">   --->   Core 113 'm_axi' <Latency = 0> <II = 1> <Delay = 1.00> <Adapter> <Opcode : 'read' 'write' 'readreq' 'writereq' 'writeresp'>
ST_5 : Operation 146 [1/1] (7.30ns)   --->   "%write_ln391 = write void @_ssdm_op_Write.m_axi.i32P1A, i32 %ca_addr_1, i32 %c_tile_acc_load_1, i4 15" [/home/fi/Documents/GitHub/ursa/exp/ursa_ws/src/core/shell.cpp:391]   --->   Operation 146 'write' 'write_ln391' <Predicate = (!icmp_ln382 & and_ln390_1)> <Delay = 7.30> <CoreInst = "m_axi">   --->   Core 113 'm_axi' <Latency = 0> <II = 1> <Delay = 1.00> <Adapter> <Opcode : 'read' 'write' 'readreq' 'writereq' 'writeresp'>
ST_5 : Operation 147 [1/1] (7.30ns)   --->   "%ca_addr_2_req = writereq i1 @_ssdm_op_WriteReq.m_axi.i32P1A, i32 %ca_addr_2, i32 1" [/home/fi/Documents/GitHub/ursa/exp/ursa_ws/src/core/shell.cpp:391]   --->   Operation 147 'writereq' 'ca_addr_2_req' <Predicate = (!icmp_ln382 & and_ln390_2)> <Delay = 7.30> <CoreInst = "m_axi">   --->   Core 113 'm_axi' <Latency = 0> <II = 1> <Delay = 1.00> <Adapter> <Opcode : 'read' 'write' 'readreq' 'writereq' 'writeresp'>
ST_5 : Operation 148 [1/1] (2.55ns)   --->   "%add_ln391_6 = add i32 %mul131, i32 %zext_ln391_2_cast" [/home/fi/Documents/GitHub/ursa/exp/ursa_ws/src/core/shell.cpp:391]   --->   Operation 148 'add' 'add_ln391_6' <Predicate = (!icmp_ln382 & and_ln390_3)> <Delay = 2.55> <CoreInst = "Adder">   --->   Core 1 'Adder' <Latency = 0> <II = 1> <Delay = 2.55> <FuncUnit> <Opcode : 'add' 'sub'> <InPorts = 2> <OutPorts = 1>
ST_5 : Operation 149 [1/1] (0.00ns)   --->   "%shl_ln391_3 = bitconcatenate i34 @_ssdm_op_BitConcatenate.i34.i32.i2, i32 %add_ln391_6, i2 0" [/home/fi/Documents/GitHub/ursa/exp/ursa_ws/src/core/shell.cpp:391]   --->   Operation 149 'bitconcatenate' 'shl_ln391_3' <Predicate = (!icmp_ln382 & and_ln390_3)> <Delay = 0.00>
ST_5 : Operation 150 [1/1] (0.00ns)   --->   "%zext_ln391_10 = zext i34 %shl_ln391_3" [/home/fi/Documents/GitHub/ursa/exp/ursa_ws/src/core/shell.cpp:391]   --->   Operation 150 'zext' 'zext_ln391_10' <Predicate = (!icmp_ln382 & and_ln390_3)> <Delay = 0.00>
ST_5 : Operation 151 [1/1] (3.52ns)   --->   "%add_ln391_7 = add i64 %zext_ln391_10, i64 %addr_c0_read" [/home/fi/Documents/GitHub/ursa/exp/ursa_ws/src/core/shell.cpp:391]   --->   Operation 151 'add' 'add_ln391_7' <Predicate = (!icmp_ln382 & and_ln390_3)> <Delay = 3.52> <CoreInst = "Adder">   --->   Core 1 'Adder' <Latency = 0> <II = 1> <Delay = 3.52> <FuncUnit> <Opcode : 'add' 'sub'> <InPorts = 2> <OutPorts = 1>
ST_5 : Operation 152 [1/1] (0.00ns)   --->   "%trunc_ln391_3 = partselect i62 @_ssdm_op_PartSelect.i62.i64.i32.i32, i64 %add_ln391_7, i32 2, i32 63" [/home/fi/Documents/GitHub/ursa/exp/ursa_ws/src/core/shell.cpp:391]   --->   Operation 152 'partselect' 'trunc_ln391_3' <Predicate = (!icmp_ln382 & and_ln390_3)> <Delay = 0.00>
ST_5 : Operation 153 [1/1] (0.00ns)   --->   "%sext_ln391_3 = sext i62 %trunc_ln391_3" [/home/fi/Documents/GitHub/ursa/exp/ursa_ws/src/core/shell.cpp:391]   --->   Operation 153 'sext' 'sext_ln391_3' <Predicate = (!icmp_ln382 & and_ln390_3)> <Delay = 0.00>
ST_5 : Operation 154 [1/1] (0.00ns)   --->   "%ca_addr_3 = getelementptr i32 %ca, i64 %sext_ln391_3" [/home/fi/Documents/GitHub/ursa/exp/ursa_ws/src/core/shell.cpp:391]   --->   Operation 154 'getelementptr' 'ca_addr_3' <Predicate = (!icmp_ln382 & and_ln390_3)> <Delay = 0.00>
ST_5 : Operation 155 [1/2] (3.25ns)   --->   "%c_tile_acc_load_6 = load i6 %c_tile_acc_addr_6" [/home/fi/Documents/GitHub/ursa/exp/ursa_ws/src/core/shell.cpp:391]   --->   Operation 155 'load' 'c_tile_acc_load_6' <Predicate = (!icmp_ln382 & and_ln390_6)> <Delay = 3.25> <CoreInst = "RAM">   --->   Core 82 'RAM' <Latency = 1> <II = 1> <Delay = 3.25> <Storage> <Opcode : 'load' 'store'> <Ports = 2> <Width = 32> <Depth = 64> <RAM>
ST_5 : Operation 156 [1/2] (3.25ns)   --->   "%c_tile_acc_load_7 = load i6 %c_tile_acc_addr_7" [/home/fi/Documents/GitHub/ursa/exp/ursa_ws/src/core/shell.cpp:391]   --->   Operation 156 'load' 'c_tile_acc_load_7' <Predicate = (!icmp_ln382 & and_ln390_7)> <Delay = 3.25> <CoreInst = "RAM">   --->   Core 82 'RAM' <Latency = 1> <II = 1> <Delay = 3.25> <Storage> <Opcode : 'load' 'store'> <Ports = 2> <Width = 32> <Depth = 64> <RAM>

State 6 <SV = 5> <Delay = 7.30>
ST_6 : Operation 157 [4/5] (7.30ns)   --->   "%ca_addr_resp = writeresp i1 @_ssdm_op_WriteResp.m_axi.i32P1A, i32 %ca_addr" [/home/fi/Documents/GitHub/ursa/exp/ursa_ws/src/core/shell.cpp:391]   --->   Operation 157 'writeresp' 'ca_addr_resp' <Predicate = (!icmp_ln382 & and_ln390)> <Delay = 7.30> <CoreInst = "m_axi">   --->   Core 113 'm_axi' <Latency = 0> <II = 1> <Delay = 1.00> <Adapter> <Opcode : 'read' 'write' 'readreq' 'writereq' 'writeresp'>
ST_6 : Operation 158 [5/5] (7.30ns)   --->   "%ca_addr_1_resp = writeresp i1 @_ssdm_op_WriteResp.m_axi.i32P1A, i32 %ca_addr_1" [/home/fi/Documents/GitHub/ursa/exp/ursa_ws/src/core/shell.cpp:391]   --->   Operation 158 'writeresp' 'ca_addr_1_resp' <Predicate = (!icmp_ln382 & and_ln390_1)> <Delay = 7.30> <CoreInst = "m_axi">   --->   Core 113 'm_axi' <Latency = 0> <II = 1> <Delay = 1.00> <Adapter> <Opcode : 'read' 'write' 'readreq' 'writereq' 'writeresp'>
ST_6 : Operation 159 [1/1] (7.30ns)   --->   "%write_ln391 = write void @_ssdm_op_Write.m_axi.i32P1A, i32 %ca_addr_2, i32 %c_tile_acc_load_2, i4 15" [/home/fi/Documents/GitHub/ursa/exp/ursa_ws/src/core/shell.cpp:391]   --->   Operation 159 'write' 'write_ln391' <Predicate = (!icmp_ln382 & and_ln390_2)> <Delay = 7.30> <CoreInst = "m_axi">   --->   Core 113 'm_axi' <Latency = 0> <II = 1> <Delay = 1.00> <Adapter> <Opcode : 'read' 'write' 'readreq' 'writereq' 'writeresp'>
ST_6 : Operation 160 [1/1] (7.30ns)   --->   "%ca_addr_3_req = writereq i1 @_ssdm_op_WriteReq.m_axi.i32P1A, i32 %ca_addr_3, i32 1" [/home/fi/Documents/GitHub/ursa/exp/ursa_ws/src/core/shell.cpp:391]   --->   Operation 160 'writereq' 'ca_addr_3_req' <Predicate = (!icmp_ln382 & and_ln390_3)> <Delay = 7.30> <CoreInst = "m_axi">   --->   Core 113 'm_axi' <Latency = 0> <II = 1> <Delay = 1.00> <Adapter> <Opcode : 'read' 'write' 'readreq' 'writereq' 'writeresp'>
ST_6 : Operation 161 [1/1] (2.55ns)   --->   "%add_ln391_8 = add i32 %mul131, i32 %zext_ln391_3_cast" [/home/fi/Documents/GitHub/ursa/exp/ursa_ws/src/core/shell.cpp:391]   --->   Operation 161 'add' 'add_ln391_8' <Predicate = (!icmp_ln382 & and_ln390_4)> <Delay = 2.55> <CoreInst = "Adder">   --->   Core 1 'Adder' <Latency = 0> <II = 1> <Delay = 2.55> <FuncUnit> <Opcode : 'add' 'sub'> <InPorts = 2> <OutPorts = 1>
ST_6 : Operation 162 [1/1] (0.00ns)   --->   "%shl_ln391_4 = bitconcatenate i34 @_ssdm_op_BitConcatenate.i34.i32.i2, i32 %add_ln391_8, i2 0" [/home/fi/Documents/GitHub/ursa/exp/ursa_ws/src/core/shell.cpp:391]   --->   Operation 162 'bitconcatenate' 'shl_ln391_4' <Predicate = (!icmp_ln382 & and_ln390_4)> <Delay = 0.00>
ST_6 : Operation 163 [1/1] (0.00ns)   --->   "%zext_ln391_11 = zext i34 %shl_ln391_4" [/home/fi/Documents/GitHub/ursa/exp/ursa_ws/src/core/shell.cpp:391]   --->   Operation 163 'zext' 'zext_ln391_11' <Predicate = (!icmp_ln382 & and_ln390_4)> <Delay = 0.00>
ST_6 : Operation 164 [1/1] (3.52ns)   --->   "%add_ln391_9 = add i64 %zext_ln391_11, i64 %addr_c0_read" [/home/fi/Documents/GitHub/ursa/exp/ursa_ws/src/core/shell.cpp:391]   --->   Operation 164 'add' 'add_ln391_9' <Predicate = (!icmp_ln382 & and_ln390_4)> <Delay = 3.52> <CoreInst = "Adder">   --->   Core 1 'Adder' <Latency = 0> <II = 1> <Delay = 3.52> <FuncUnit> <Opcode : 'add' 'sub'> <InPorts = 2> <OutPorts = 1>
ST_6 : Operation 165 [1/1] (0.00ns)   --->   "%trunc_ln391_4 = partselect i62 @_ssdm_op_PartSelect.i62.i64.i32.i32, i64 %add_ln391_9, i32 2, i32 63" [/home/fi/Documents/GitHub/ursa/exp/ursa_ws/src/core/shell.cpp:391]   --->   Operation 165 'partselect' 'trunc_ln391_4' <Predicate = (!icmp_ln382 & and_ln390_4)> <Delay = 0.00>
ST_6 : Operation 166 [1/1] (0.00ns)   --->   "%sext_ln391_4 = sext i62 %trunc_ln391_4" [/home/fi/Documents/GitHub/ursa/exp/ursa_ws/src/core/shell.cpp:391]   --->   Operation 166 'sext' 'sext_ln391_4' <Predicate = (!icmp_ln382 & and_ln390_4)> <Delay = 0.00>
ST_6 : Operation 167 [1/1] (0.00ns)   --->   "%ca_addr_4 = getelementptr i32 %ca, i64 %sext_ln391_4" [/home/fi/Documents/GitHub/ursa/exp/ursa_ws/src/core/shell.cpp:391]   --->   Operation 167 'getelementptr' 'ca_addr_4' <Predicate = (!icmp_ln382 & and_ln390_4)> <Delay = 0.00>
ST_6 : Operation 168 [1/1] (2.55ns)   --->   "%add_ln391_10 = add i32 %mul131, i32 %zext_ln391_4_cast" [/home/fi/Documents/GitHub/ursa/exp/ursa_ws/src/core/shell.cpp:391]   --->   Operation 168 'add' 'add_ln391_10' <Predicate = (!icmp_ln382 & and_ln390_5)> <Delay = 2.55> <CoreInst = "Adder">   --->   Core 1 'Adder' <Latency = 0> <II = 1> <Delay = 2.55> <FuncUnit> <Opcode : 'add' 'sub'> <InPorts = 2> <OutPorts = 1>
ST_6 : Operation 169 [1/1] (0.00ns)   --->   "%shl_ln391_5 = bitconcatenate i34 @_ssdm_op_BitConcatenate.i34.i32.i2, i32 %add_ln391_10, i2 0" [/home/fi/Documents/GitHub/ursa/exp/ursa_ws/src/core/shell.cpp:391]   --->   Operation 169 'bitconcatenate' 'shl_ln391_5' <Predicate = (!icmp_ln382 & and_ln390_5)> <Delay = 0.00>
ST_6 : Operation 170 [1/1] (0.00ns)   --->   "%zext_ln391_12 = zext i34 %shl_ln391_5" [/home/fi/Documents/GitHub/ursa/exp/ursa_ws/src/core/shell.cpp:391]   --->   Operation 170 'zext' 'zext_ln391_12' <Predicate = (!icmp_ln382 & and_ln390_5)> <Delay = 0.00>
ST_6 : Operation 171 [1/1] (3.52ns)   --->   "%add_ln391_11 = add i64 %zext_ln391_12, i64 %addr_c0_read" [/home/fi/Documents/GitHub/ursa/exp/ursa_ws/src/core/shell.cpp:391]   --->   Operation 171 'add' 'add_ln391_11' <Predicate = (!icmp_ln382 & and_ln390_5)> <Delay = 3.52> <CoreInst = "Adder">   --->   Core 1 'Adder' <Latency = 0> <II = 1> <Delay = 3.52> <FuncUnit> <Opcode : 'add' 'sub'> <InPorts = 2> <OutPorts = 1>
ST_6 : Operation 172 [1/1] (0.00ns)   --->   "%trunc_ln391_5 = partselect i62 @_ssdm_op_PartSelect.i62.i64.i32.i32, i64 %add_ln391_11, i32 2, i32 63" [/home/fi/Documents/GitHub/ursa/exp/ursa_ws/src/core/shell.cpp:391]   --->   Operation 172 'partselect' 'trunc_ln391_5' <Predicate = (!icmp_ln382 & and_ln390_5)> <Delay = 0.00>
ST_6 : Operation 173 [1/1] (0.00ns)   --->   "%sext_ln391_5 = sext i62 %trunc_ln391_5" [/home/fi/Documents/GitHub/ursa/exp/ursa_ws/src/core/shell.cpp:391]   --->   Operation 173 'sext' 'sext_ln391_5' <Predicate = (!icmp_ln382 & and_ln390_5)> <Delay = 0.00>
ST_6 : Operation 174 [1/1] (0.00ns)   --->   "%ca_addr_5 = getelementptr i32 %ca, i64 %sext_ln391_5" [/home/fi/Documents/GitHub/ursa/exp/ursa_ws/src/core/shell.cpp:391]   --->   Operation 174 'getelementptr' 'ca_addr_5' <Predicate = (!icmp_ln382 & and_ln390_5)> <Delay = 0.00>
ST_6 : Operation 175 [1/1] (2.55ns)   --->   "%add_ln391_12 = add i32 %mul131, i32 %zext_ln391_5_cast" [/home/fi/Documents/GitHub/ursa/exp/ursa_ws/src/core/shell.cpp:391]   --->   Operation 175 'add' 'add_ln391_12' <Predicate = (!icmp_ln382 & and_ln390_6)> <Delay = 2.55> <CoreInst = "Adder">   --->   Core 1 'Adder' <Latency = 0> <II = 1> <Delay = 2.55> <FuncUnit> <Opcode : 'add' 'sub'> <InPorts = 2> <OutPorts = 1>
ST_6 : Operation 176 [1/1] (0.00ns)   --->   "%shl_ln391_6 = bitconcatenate i34 @_ssdm_op_BitConcatenate.i34.i32.i2, i32 %add_ln391_12, i2 0" [/home/fi/Documents/GitHub/ursa/exp/ursa_ws/src/core/shell.cpp:391]   --->   Operation 176 'bitconcatenate' 'shl_ln391_6' <Predicate = (!icmp_ln382 & and_ln390_6)> <Delay = 0.00>
ST_6 : Operation 177 [1/1] (0.00ns)   --->   "%zext_ln391_13 = zext i34 %shl_ln391_6" [/home/fi/Documents/GitHub/ursa/exp/ursa_ws/src/core/shell.cpp:391]   --->   Operation 177 'zext' 'zext_ln391_13' <Predicate = (!icmp_ln382 & and_ln390_6)> <Delay = 0.00>
ST_6 : Operation 178 [1/1] (3.52ns)   --->   "%add_ln391_13 = add i64 %zext_ln391_13, i64 %addr_c0_read" [/home/fi/Documents/GitHub/ursa/exp/ursa_ws/src/core/shell.cpp:391]   --->   Operation 178 'add' 'add_ln391_13' <Predicate = (!icmp_ln382 & and_ln390_6)> <Delay = 3.52> <CoreInst = "Adder">   --->   Core 1 'Adder' <Latency = 0> <II = 1> <Delay = 3.52> <FuncUnit> <Opcode : 'add' 'sub'> <InPorts = 2> <OutPorts = 1>
ST_6 : Operation 179 [1/1] (0.00ns)   --->   "%trunc_ln391_6 = partselect i62 @_ssdm_op_PartSelect.i62.i64.i32.i32, i64 %add_ln391_13, i32 2, i32 63" [/home/fi/Documents/GitHub/ursa/exp/ursa_ws/src/core/shell.cpp:391]   --->   Operation 179 'partselect' 'trunc_ln391_6' <Predicate = (!icmp_ln382 & and_ln390_6)> <Delay = 0.00>
ST_6 : Operation 180 [1/1] (0.00ns)   --->   "%sext_ln391_6 = sext i62 %trunc_ln391_6" [/home/fi/Documents/GitHub/ursa/exp/ursa_ws/src/core/shell.cpp:391]   --->   Operation 180 'sext' 'sext_ln391_6' <Predicate = (!icmp_ln382 & and_ln390_6)> <Delay = 0.00>
ST_6 : Operation 181 [1/1] (0.00ns)   --->   "%ca_addr_6 = getelementptr i32 %ca, i64 %sext_ln391_6" [/home/fi/Documents/GitHub/ursa/exp/ursa_ws/src/core/shell.cpp:391]   --->   Operation 181 'getelementptr' 'ca_addr_6' <Predicate = (!icmp_ln382 & and_ln390_6)> <Delay = 0.00>
ST_6 : Operation 182 [1/1] (2.55ns)   --->   "%add_ln391_14 = add i32 %mul131, i32 %zext_ln382_cast" [/home/fi/Documents/GitHub/ursa/exp/ursa_ws/src/core/shell.cpp:391]   --->   Operation 182 'add' 'add_ln391_14' <Predicate = (!icmp_ln382 & and_ln390_7)> <Delay = 2.55> <CoreInst = "Adder">   --->   Core 1 'Adder' <Latency = 0> <II = 1> <Delay = 2.55> <FuncUnit> <Opcode : 'add' 'sub'> <InPorts = 2> <OutPorts = 1>
ST_6 : Operation 183 [1/1] (0.00ns)   --->   "%shl_ln391_7 = bitconcatenate i34 @_ssdm_op_BitConcatenate.i34.i32.i2, i32 %add_ln391_14, i2 0" [/home/fi/Documents/GitHub/ursa/exp/ursa_ws/src/core/shell.cpp:391]   --->   Operation 183 'bitconcatenate' 'shl_ln391_7' <Predicate = (!icmp_ln382 & and_ln390_7)> <Delay = 0.00>
ST_6 : Operation 184 [1/1] (0.00ns)   --->   "%zext_ln391_14 = zext i34 %shl_ln391_7" [/home/fi/Documents/GitHub/ursa/exp/ursa_ws/src/core/shell.cpp:391]   --->   Operation 184 'zext' 'zext_ln391_14' <Predicate = (!icmp_ln382 & and_ln390_7)> <Delay = 0.00>
ST_6 : Operation 185 [1/1] (3.52ns)   --->   "%add_ln391_15 = add i64 %zext_ln391_14, i64 %addr_c0_read" [/home/fi/Documents/GitHub/ursa/exp/ursa_ws/src/core/shell.cpp:391]   --->   Operation 185 'add' 'add_ln391_15' <Predicate = (!icmp_ln382 & and_ln390_7)> <Delay = 3.52> <CoreInst = "Adder">   --->   Core 1 'Adder' <Latency = 0> <II = 1> <Delay = 3.52> <FuncUnit> <Opcode : 'add' 'sub'> <InPorts = 2> <OutPorts = 1>
ST_6 : Operation 186 [1/1] (0.00ns)   --->   "%trunc_ln391_7 = partselect i62 @_ssdm_op_PartSelect.i62.i64.i32.i32, i64 %add_ln391_15, i32 2, i32 63" [/home/fi/Documents/GitHub/ursa/exp/ursa_ws/src/core/shell.cpp:391]   --->   Operation 186 'partselect' 'trunc_ln391_7' <Predicate = (!icmp_ln382 & and_ln390_7)> <Delay = 0.00>
ST_6 : Operation 187 [1/1] (0.00ns)   --->   "%sext_ln391_7 = sext i62 %trunc_ln391_7" [/home/fi/Documents/GitHub/ursa/exp/ursa_ws/src/core/shell.cpp:391]   --->   Operation 187 'sext' 'sext_ln391_7' <Predicate = (!icmp_ln382 & and_ln390_7)> <Delay = 0.00>
ST_6 : Operation 188 [1/1] (0.00ns)   --->   "%ca_addr_7 = getelementptr i32 %ca, i64 %sext_ln391_7" [/home/fi/Documents/GitHub/ursa/exp/ursa_ws/src/core/shell.cpp:391]   --->   Operation 188 'getelementptr' 'ca_addr_7' <Predicate = (!icmp_ln382 & and_ln390_7)> <Delay = 0.00>

State 7 <SV = 6> <Delay = 7.30>
ST_7 : Operation 189 [3/5] (7.30ns)   --->   "%ca_addr_resp = writeresp i1 @_ssdm_op_WriteResp.m_axi.i32P1A, i32 %ca_addr" [/home/fi/Documents/GitHub/ursa/exp/ursa_ws/src/core/shell.cpp:391]   --->   Operation 189 'writeresp' 'ca_addr_resp' <Predicate = (!icmp_ln382 & and_ln390)> <Delay = 7.30> <CoreInst = "m_axi">   --->   Core 113 'm_axi' <Latency = 0> <II = 1> <Delay = 1.00> <Adapter> <Opcode : 'read' 'write' 'readreq' 'writereq' 'writeresp'>
ST_7 : Operation 190 [4/5] (7.30ns)   --->   "%ca_addr_1_resp = writeresp i1 @_ssdm_op_WriteResp.m_axi.i32P1A, i32 %ca_addr_1" [/home/fi/Documents/GitHub/ursa/exp/ursa_ws/src/core/shell.cpp:391]   --->   Operation 190 'writeresp' 'ca_addr_1_resp' <Predicate = (!icmp_ln382 & and_ln390_1)> <Delay = 7.30> <CoreInst = "m_axi">   --->   Core 113 'm_axi' <Latency = 0> <II = 1> <Delay = 1.00> <Adapter> <Opcode : 'read' 'write' 'readreq' 'writereq' 'writeresp'>
ST_7 : Operation 191 [5/5] (7.30ns)   --->   "%ca_addr_2_resp = writeresp i1 @_ssdm_op_WriteResp.m_axi.i32P1A, i32 %ca_addr_2" [/home/fi/Documents/GitHub/ursa/exp/ursa_ws/src/core/shell.cpp:391]   --->   Operation 191 'writeresp' 'ca_addr_2_resp' <Predicate = (!icmp_ln382 & and_ln390_2)> <Delay = 7.30> <CoreInst = "m_axi">   --->   Core 113 'm_axi' <Latency = 0> <II = 1> <Delay = 1.00> <Adapter> <Opcode : 'read' 'write' 'readreq' 'writereq' 'writeresp'>
ST_7 : Operation 192 [1/1] (7.30ns)   --->   "%write_ln391 = write void @_ssdm_op_Write.m_axi.i32P1A, i32 %ca_addr_3, i32 %c_tile_acc_load_3, i4 15" [/home/fi/Documents/GitHub/ursa/exp/ursa_ws/src/core/shell.cpp:391]   --->   Operation 192 'write' 'write_ln391' <Predicate = (!icmp_ln382 & and_ln390_3)> <Delay = 7.30> <CoreInst = "m_axi">   --->   Core 113 'm_axi' <Latency = 0> <II = 1> <Delay = 1.00> <Adapter> <Opcode : 'read' 'write' 'readreq' 'writereq' 'writeresp'>
ST_7 : Operation 193 [1/1] (7.30ns)   --->   "%ca_addr_4_req = writereq i1 @_ssdm_op_WriteReq.m_axi.i32P1A, i32 %ca_addr_4, i32 1" [/home/fi/Documents/GitHub/ursa/exp/ursa_ws/src/core/shell.cpp:391]   --->   Operation 193 'writereq' 'ca_addr_4_req' <Predicate = (!icmp_ln382 & and_ln390_4)> <Delay = 7.30> <CoreInst = "m_axi">   --->   Core 113 'm_axi' <Latency = 0> <II = 1> <Delay = 1.00> <Adapter> <Opcode : 'read' 'write' 'readreq' 'writereq' 'writeresp'>

State 8 <SV = 7> <Delay = 7.30>
ST_8 : Operation 194 [2/5] (7.30ns)   --->   "%ca_addr_resp = writeresp i1 @_ssdm_op_WriteResp.m_axi.i32P1A, i32 %ca_addr" [/home/fi/Documents/GitHub/ursa/exp/ursa_ws/src/core/shell.cpp:391]   --->   Operation 194 'writeresp' 'ca_addr_resp' <Predicate = (!icmp_ln382 & and_ln390)> <Delay = 7.30> <CoreInst = "m_axi">   --->   Core 113 'm_axi' <Latency = 0> <II = 1> <Delay = 1.00> <Adapter> <Opcode : 'read' 'write' 'readreq' 'writereq' 'writeresp'>
ST_8 : Operation 195 [3/5] (7.30ns)   --->   "%ca_addr_1_resp = writeresp i1 @_ssdm_op_WriteResp.m_axi.i32P1A, i32 %ca_addr_1" [/home/fi/Documents/GitHub/ursa/exp/ursa_ws/src/core/shell.cpp:391]   --->   Operation 195 'writeresp' 'ca_addr_1_resp' <Predicate = (!icmp_ln382 & and_ln390_1)> <Delay = 7.30> <CoreInst = "m_axi">   --->   Core 113 'm_axi' <Latency = 0> <II = 1> <Delay = 1.00> <Adapter> <Opcode : 'read' 'write' 'readreq' 'writereq' 'writeresp'>
ST_8 : Operation 196 [4/5] (7.30ns)   --->   "%ca_addr_2_resp = writeresp i1 @_ssdm_op_WriteResp.m_axi.i32P1A, i32 %ca_addr_2" [/home/fi/Documents/GitHub/ursa/exp/ursa_ws/src/core/shell.cpp:391]   --->   Operation 196 'writeresp' 'ca_addr_2_resp' <Predicate = (!icmp_ln382 & and_ln390_2)> <Delay = 7.30> <CoreInst = "m_axi">   --->   Core 113 'm_axi' <Latency = 0> <II = 1> <Delay = 1.00> <Adapter> <Opcode : 'read' 'write' 'readreq' 'writereq' 'writeresp'>
ST_8 : Operation 197 [5/5] (7.30ns)   --->   "%ca_addr_3_resp = writeresp i1 @_ssdm_op_WriteResp.m_axi.i32P1A, i32 %ca_addr_3" [/home/fi/Documents/GitHub/ursa/exp/ursa_ws/src/core/shell.cpp:391]   --->   Operation 197 'writeresp' 'ca_addr_3_resp' <Predicate = (!icmp_ln382 & and_ln390_3)> <Delay = 7.30> <CoreInst = "m_axi">   --->   Core 113 'm_axi' <Latency = 0> <II = 1> <Delay = 1.00> <Adapter> <Opcode : 'read' 'write' 'readreq' 'writereq' 'writeresp'>
ST_8 : Operation 198 [1/1] (7.30ns)   --->   "%write_ln391 = write void @_ssdm_op_Write.m_axi.i32P1A, i32 %ca_addr_4, i32 %c_tile_acc_load_4, i4 15" [/home/fi/Documents/GitHub/ursa/exp/ursa_ws/src/core/shell.cpp:391]   --->   Operation 198 'write' 'write_ln391' <Predicate = (!icmp_ln382 & and_ln390_4)> <Delay = 7.30> <CoreInst = "m_axi">   --->   Core 113 'm_axi' <Latency = 0> <II = 1> <Delay = 1.00> <Adapter> <Opcode : 'read' 'write' 'readreq' 'writereq' 'writeresp'>
ST_8 : Operation 199 [1/1] (7.30ns)   --->   "%ca_addr_5_req = writereq i1 @_ssdm_op_WriteReq.m_axi.i32P1A, i32 %ca_addr_5, i32 1" [/home/fi/Documents/GitHub/ursa/exp/ursa_ws/src/core/shell.cpp:391]   --->   Operation 199 'writereq' 'ca_addr_5_req' <Predicate = (!icmp_ln382 & and_ln390_5)> <Delay = 7.30> <CoreInst = "m_axi">   --->   Core 113 'm_axi' <Latency = 0> <II = 1> <Delay = 1.00> <Adapter> <Opcode : 'read' 'write' 'readreq' 'writereq' 'writeresp'>
ST_8 : Operation 243 [1/1] (0.00ns)   --->   "%ret_ln0 = ret"   --->   Operation 243 'ret' 'ret_ln0' <Predicate = (icmp_ln382)> <Delay = 0.00>

State 9 <SV = 8> <Delay = 7.30>
ST_9 : Operation 200 [1/5] (7.30ns)   --->   "%ca_addr_resp = writeresp i1 @_ssdm_op_WriteResp.m_axi.i32P1A, i32 %ca_addr" [/home/fi/Documents/GitHub/ursa/exp/ursa_ws/src/core/shell.cpp:391]   --->   Operation 200 'writeresp' 'ca_addr_resp' <Predicate = (and_ln390)> <Delay = 7.30> <CoreInst = "m_axi">   --->   Core 113 'm_axi' <Latency = 0> <II = 1> <Delay = 1.00> <Adapter> <Opcode : 'read' 'write' 'readreq' 'writereq' 'writeresp'>
ST_9 : Operation 201 [1/1] (0.00ns)   --->   "%br_ln392 = br void %for.inc137" [/home/fi/Documents/GitHub/ursa/exp/ursa_ws/src/core/shell.cpp:392]   --->   Operation 201 'br' 'br_ln392' <Predicate = (and_ln390)> <Delay = 0.00>
ST_9 : Operation 202 [2/5] (7.30ns)   --->   "%ca_addr_1_resp = writeresp i1 @_ssdm_op_WriteResp.m_axi.i32P1A, i32 %ca_addr_1" [/home/fi/Documents/GitHub/ursa/exp/ursa_ws/src/core/shell.cpp:391]   --->   Operation 202 'writeresp' 'ca_addr_1_resp' <Predicate = (and_ln390_1)> <Delay = 7.30> <CoreInst = "m_axi">   --->   Core 113 'm_axi' <Latency = 0> <II = 1> <Delay = 1.00> <Adapter> <Opcode : 'read' 'write' 'readreq' 'writereq' 'writeresp'>
ST_9 : Operation 203 [3/5] (7.30ns)   --->   "%ca_addr_2_resp = writeresp i1 @_ssdm_op_WriteResp.m_axi.i32P1A, i32 %ca_addr_2" [/home/fi/Documents/GitHub/ursa/exp/ursa_ws/src/core/shell.cpp:391]   --->   Operation 203 'writeresp' 'ca_addr_2_resp' <Predicate = (and_ln390_2)> <Delay = 7.30> <CoreInst = "m_axi">   --->   Core 113 'm_axi' <Latency = 0> <II = 1> <Delay = 1.00> <Adapter> <Opcode : 'read' 'write' 'readreq' 'writereq' 'writeresp'>
ST_9 : Operation 204 [4/5] (7.30ns)   --->   "%ca_addr_3_resp = writeresp i1 @_ssdm_op_WriteResp.m_axi.i32P1A, i32 %ca_addr_3" [/home/fi/Documents/GitHub/ursa/exp/ursa_ws/src/core/shell.cpp:391]   --->   Operation 204 'writeresp' 'ca_addr_3_resp' <Predicate = (and_ln390_3)> <Delay = 7.30> <CoreInst = "m_axi">   --->   Core 113 'm_axi' <Latency = 0> <II = 1> <Delay = 1.00> <Adapter> <Opcode : 'read' 'write' 'readreq' 'writereq' 'writeresp'>
ST_9 : Operation 205 [5/5] (7.30ns)   --->   "%ca_addr_4_resp = writeresp i1 @_ssdm_op_WriteResp.m_axi.i32P1A, i32 %ca_addr_4" [/home/fi/Documents/GitHub/ursa/exp/ursa_ws/src/core/shell.cpp:391]   --->   Operation 205 'writeresp' 'ca_addr_4_resp' <Predicate = (and_ln390_4)> <Delay = 7.30> <CoreInst = "m_axi">   --->   Core 113 'm_axi' <Latency = 0> <II = 1> <Delay = 1.00> <Adapter> <Opcode : 'read' 'write' 'readreq' 'writereq' 'writeresp'>
ST_9 : Operation 206 [1/1] (7.30ns)   --->   "%write_ln391 = write void @_ssdm_op_Write.m_axi.i32P1A, i32 %ca_addr_5, i32 %c_tile_acc_load_5, i4 15" [/home/fi/Documents/GitHub/ursa/exp/ursa_ws/src/core/shell.cpp:391]   --->   Operation 206 'write' 'write_ln391' <Predicate = (and_ln390_5)> <Delay = 7.30> <CoreInst = "m_axi">   --->   Core 113 'm_axi' <Latency = 0> <II = 1> <Delay = 1.00> <Adapter> <Opcode : 'read' 'write' 'readreq' 'writereq' 'writeresp'>
ST_9 : Operation 207 [1/1] (7.30ns)   --->   "%ca_addr_6_req = writereq i1 @_ssdm_op_WriteReq.m_axi.i32P1A, i32 %ca_addr_6, i32 1" [/home/fi/Documents/GitHub/ursa/exp/ursa_ws/src/core/shell.cpp:391]   --->   Operation 207 'writereq' 'ca_addr_6_req' <Predicate = (and_ln390_6)> <Delay = 7.30> <CoreInst = "m_axi">   --->   Core 113 'm_axi' <Latency = 0> <II = 1> <Delay = 1.00> <Adapter> <Opcode : 'read' 'write' 'readreq' 'writereq' 'writeresp'>

State 10 <SV = 9> <Delay = 7.30>
ST_10 : Operation 208 [1/5] (7.30ns)   --->   "%ca_addr_1_resp = writeresp i1 @_ssdm_op_WriteResp.m_axi.i32P1A, i32 %ca_addr_1" [/home/fi/Documents/GitHub/ursa/exp/ursa_ws/src/core/shell.cpp:391]   --->   Operation 208 'writeresp' 'ca_addr_1_resp' <Predicate = (and_ln390_1)> <Delay = 7.30> <CoreInst = "m_axi">   --->   Core 113 'm_axi' <Latency = 0> <II = 1> <Delay = 1.00> <Adapter> <Opcode : 'read' 'write' 'readreq' 'writereq' 'writeresp'>
ST_10 : Operation 209 [1/1] (0.00ns)   --->   "%br_ln392 = br void %for.inc137.1" [/home/fi/Documents/GitHub/ursa/exp/ursa_ws/src/core/shell.cpp:392]   --->   Operation 209 'br' 'br_ln392' <Predicate = (and_ln390_1)> <Delay = 0.00>
ST_10 : Operation 210 [2/5] (7.30ns)   --->   "%ca_addr_2_resp = writeresp i1 @_ssdm_op_WriteResp.m_axi.i32P1A, i32 %ca_addr_2" [/home/fi/Documents/GitHub/ursa/exp/ursa_ws/src/core/shell.cpp:391]   --->   Operation 210 'writeresp' 'ca_addr_2_resp' <Predicate = (and_ln390_2)> <Delay = 7.30> <CoreInst = "m_axi">   --->   Core 113 'm_axi' <Latency = 0> <II = 1> <Delay = 1.00> <Adapter> <Opcode : 'read' 'write' 'readreq' 'writereq' 'writeresp'>
ST_10 : Operation 211 [3/5] (7.30ns)   --->   "%ca_addr_3_resp = writeresp i1 @_ssdm_op_WriteResp.m_axi.i32P1A, i32 %ca_addr_3" [/home/fi/Documents/GitHub/ursa/exp/ursa_ws/src/core/shell.cpp:391]   --->   Operation 211 'writeresp' 'ca_addr_3_resp' <Predicate = (and_ln390_3)> <Delay = 7.30> <CoreInst = "m_axi">   --->   Core 113 'm_axi' <Latency = 0> <II = 1> <Delay = 1.00> <Adapter> <Opcode : 'read' 'write' 'readreq' 'writereq' 'writeresp'>
ST_10 : Operation 212 [4/5] (7.30ns)   --->   "%ca_addr_4_resp = writeresp i1 @_ssdm_op_WriteResp.m_axi.i32P1A, i32 %ca_addr_4" [/home/fi/Documents/GitHub/ursa/exp/ursa_ws/src/core/shell.cpp:391]   --->   Operation 212 'writeresp' 'ca_addr_4_resp' <Predicate = (and_ln390_4)> <Delay = 7.30> <CoreInst = "m_axi">   --->   Core 113 'm_axi' <Latency = 0> <II = 1> <Delay = 1.00> <Adapter> <Opcode : 'read' 'write' 'readreq' 'writereq' 'writeresp'>
ST_10 : Operation 213 [5/5] (7.30ns)   --->   "%ca_addr_5_resp = writeresp i1 @_ssdm_op_WriteResp.m_axi.i32P1A, i32 %ca_addr_5" [/home/fi/Documents/GitHub/ursa/exp/ursa_ws/src/core/shell.cpp:391]   --->   Operation 213 'writeresp' 'ca_addr_5_resp' <Predicate = (and_ln390_5)> <Delay = 7.30> <CoreInst = "m_axi">   --->   Core 113 'm_axi' <Latency = 0> <II = 1> <Delay = 1.00> <Adapter> <Opcode : 'read' 'write' 'readreq' 'writereq' 'writeresp'>
ST_10 : Operation 214 [1/1] (7.30ns)   --->   "%write_ln391 = write void @_ssdm_op_Write.m_axi.i32P1A, i32 %ca_addr_6, i32 %c_tile_acc_load_6, i4 15" [/home/fi/Documents/GitHub/ursa/exp/ursa_ws/src/core/shell.cpp:391]   --->   Operation 214 'write' 'write_ln391' <Predicate = (and_ln390_6)> <Delay = 7.30> <CoreInst = "m_axi">   --->   Core 113 'm_axi' <Latency = 0> <II = 1> <Delay = 1.00> <Adapter> <Opcode : 'read' 'write' 'readreq' 'writereq' 'writeresp'>
ST_10 : Operation 215 [1/1] (7.30ns)   --->   "%ca_addr_7_req = writereq i1 @_ssdm_op_WriteReq.m_axi.i32P1A, i32 %ca_addr_7, i32 1" [/home/fi/Documents/GitHub/ursa/exp/ursa_ws/src/core/shell.cpp:391]   --->   Operation 215 'writereq' 'ca_addr_7_req' <Predicate = (and_ln390_7)> <Delay = 7.30> <CoreInst = "m_axi">   --->   Core 113 'm_axi' <Latency = 0> <II = 1> <Delay = 1.00> <Adapter> <Opcode : 'read' 'write' 'readreq' 'writereq' 'writeresp'>

State 11 <SV = 10> <Delay = 7.30>
ST_11 : Operation 216 [1/5] (7.30ns)   --->   "%ca_addr_2_resp = writeresp i1 @_ssdm_op_WriteResp.m_axi.i32P1A, i32 %ca_addr_2" [/home/fi/Documents/GitHub/ursa/exp/ursa_ws/src/core/shell.cpp:391]   --->   Operation 216 'writeresp' 'ca_addr_2_resp' <Predicate = (and_ln390_2)> <Delay = 7.30> <CoreInst = "m_axi">   --->   Core 113 'm_axi' <Latency = 0> <II = 1> <Delay = 1.00> <Adapter> <Opcode : 'read' 'write' 'readreq' 'writereq' 'writeresp'>
ST_11 : Operation 217 [1/1] (0.00ns)   --->   "%br_ln392 = br void %for.inc137.2" [/home/fi/Documents/GitHub/ursa/exp/ursa_ws/src/core/shell.cpp:392]   --->   Operation 217 'br' 'br_ln392' <Predicate = (and_ln390_2)> <Delay = 0.00>
ST_11 : Operation 218 [2/5] (7.30ns)   --->   "%ca_addr_3_resp = writeresp i1 @_ssdm_op_WriteResp.m_axi.i32P1A, i32 %ca_addr_3" [/home/fi/Documents/GitHub/ursa/exp/ursa_ws/src/core/shell.cpp:391]   --->   Operation 218 'writeresp' 'ca_addr_3_resp' <Predicate = (and_ln390_3)> <Delay = 7.30> <CoreInst = "m_axi">   --->   Core 113 'm_axi' <Latency = 0> <II = 1> <Delay = 1.00> <Adapter> <Opcode : 'read' 'write' 'readreq' 'writereq' 'writeresp'>
ST_11 : Operation 219 [3/5] (7.30ns)   --->   "%ca_addr_4_resp = writeresp i1 @_ssdm_op_WriteResp.m_axi.i32P1A, i32 %ca_addr_4" [/home/fi/Documents/GitHub/ursa/exp/ursa_ws/src/core/shell.cpp:391]   --->   Operation 219 'writeresp' 'ca_addr_4_resp' <Predicate = (and_ln390_4)> <Delay = 7.30> <CoreInst = "m_axi">   --->   Core 113 'm_axi' <Latency = 0> <II = 1> <Delay = 1.00> <Adapter> <Opcode : 'read' 'write' 'readreq' 'writereq' 'writeresp'>
ST_11 : Operation 220 [4/5] (7.30ns)   --->   "%ca_addr_5_resp = writeresp i1 @_ssdm_op_WriteResp.m_axi.i32P1A, i32 %ca_addr_5" [/home/fi/Documents/GitHub/ursa/exp/ursa_ws/src/core/shell.cpp:391]   --->   Operation 220 'writeresp' 'ca_addr_5_resp' <Predicate = (and_ln390_5)> <Delay = 7.30> <CoreInst = "m_axi">   --->   Core 113 'm_axi' <Latency = 0> <II = 1> <Delay = 1.00> <Adapter> <Opcode : 'read' 'write' 'readreq' 'writereq' 'writeresp'>
ST_11 : Operation 221 [5/5] (7.30ns)   --->   "%ca_addr_6_resp = writeresp i1 @_ssdm_op_WriteResp.m_axi.i32P1A, i32 %ca_addr_6" [/home/fi/Documents/GitHub/ursa/exp/ursa_ws/src/core/shell.cpp:391]   --->   Operation 221 'writeresp' 'ca_addr_6_resp' <Predicate = (and_ln390_6)> <Delay = 7.30> <CoreInst = "m_axi">   --->   Core 113 'm_axi' <Latency = 0> <II = 1> <Delay = 1.00> <Adapter> <Opcode : 'read' 'write' 'readreq' 'writereq' 'writeresp'>
ST_11 : Operation 222 [1/1] (7.30ns)   --->   "%write_ln391 = write void @_ssdm_op_Write.m_axi.i32P1A, i32 %ca_addr_7, i32 %c_tile_acc_load_7, i4 15" [/home/fi/Documents/GitHub/ursa/exp/ursa_ws/src/core/shell.cpp:391]   --->   Operation 222 'write' 'write_ln391' <Predicate = (and_ln390_7)> <Delay = 7.30> <CoreInst = "m_axi">   --->   Core 113 'm_axi' <Latency = 0> <II = 1> <Delay = 1.00> <Adapter> <Opcode : 'read' 'write' 'readreq' 'writereq' 'writeresp'>

State 12 <SV = 11> <Delay = 7.30>
ST_12 : Operation 223 [1/5] (7.30ns)   --->   "%ca_addr_3_resp = writeresp i1 @_ssdm_op_WriteResp.m_axi.i32P1A, i32 %ca_addr_3" [/home/fi/Documents/GitHub/ursa/exp/ursa_ws/src/core/shell.cpp:391]   --->   Operation 223 'writeresp' 'ca_addr_3_resp' <Predicate = (and_ln390_3)> <Delay = 7.30> <CoreInst = "m_axi">   --->   Core 113 'm_axi' <Latency = 0> <II = 1> <Delay = 1.00> <Adapter> <Opcode : 'read' 'write' 'readreq' 'writereq' 'writeresp'>
ST_12 : Operation 224 [1/1] (0.00ns)   --->   "%br_ln392 = br void %for.inc137.3" [/home/fi/Documents/GitHub/ursa/exp/ursa_ws/src/core/shell.cpp:392]   --->   Operation 224 'br' 'br_ln392' <Predicate = (and_ln390_3)> <Delay = 0.00>
ST_12 : Operation 225 [2/5] (7.30ns)   --->   "%ca_addr_4_resp = writeresp i1 @_ssdm_op_WriteResp.m_axi.i32P1A, i32 %ca_addr_4" [/home/fi/Documents/GitHub/ursa/exp/ursa_ws/src/core/shell.cpp:391]   --->   Operation 225 'writeresp' 'ca_addr_4_resp' <Predicate = (and_ln390_4)> <Delay = 7.30> <CoreInst = "m_axi">   --->   Core 113 'm_axi' <Latency = 0> <II = 1> <Delay = 1.00> <Adapter> <Opcode : 'read' 'write' 'readreq' 'writereq' 'writeresp'>
ST_12 : Operation 226 [3/5] (7.30ns)   --->   "%ca_addr_5_resp = writeresp i1 @_ssdm_op_WriteResp.m_axi.i32P1A, i32 %ca_addr_5" [/home/fi/Documents/GitHub/ursa/exp/ursa_ws/src/core/shell.cpp:391]   --->   Operation 226 'writeresp' 'ca_addr_5_resp' <Predicate = (and_ln390_5)> <Delay = 7.30> <CoreInst = "m_axi">   --->   Core 113 'm_axi' <Latency = 0> <II = 1> <Delay = 1.00> <Adapter> <Opcode : 'read' 'write' 'readreq' 'writereq' 'writeresp'>
ST_12 : Operation 227 [4/5] (7.30ns)   --->   "%ca_addr_6_resp = writeresp i1 @_ssdm_op_WriteResp.m_axi.i32P1A, i32 %ca_addr_6" [/home/fi/Documents/GitHub/ursa/exp/ursa_ws/src/core/shell.cpp:391]   --->   Operation 227 'writeresp' 'ca_addr_6_resp' <Predicate = (and_ln390_6)> <Delay = 7.30> <CoreInst = "m_axi">   --->   Core 113 'm_axi' <Latency = 0> <II = 1> <Delay = 1.00> <Adapter> <Opcode : 'read' 'write' 'readreq' 'writereq' 'writeresp'>
ST_12 : Operation 228 [5/5] (7.30ns)   --->   "%ca_addr_7_resp = writeresp i1 @_ssdm_op_WriteResp.m_axi.i32P1A, i32 %ca_addr_7" [/home/fi/Documents/GitHub/ursa/exp/ursa_ws/src/core/shell.cpp:391]   --->   Operation 228 'writeresp' 'ca_addr_7_resp' <Predicate = (and_ln390_7)> <Delay = 7.30> <CoreInst = "m_axi">   --->   Core 113 'm_axi' <Latency = 0> <II = 1> <Delay = 1.00> <Adapter> <Opcode : 'read' 'write' 'readreq' 'writereq' 'writeresp'>

State 13 <SV = 12> <Delay = 7.30>
ST_13 : Operation 229 [1/5] (7.30ns)   --->   "%ca_addr_4_resp = writeresp i1 @_ssdm_op_WriteResp.m_axi.i32P1A, i32 %ca_addr_4" [/home/fi/Documents/GitHub/ursa/exp/ursa_ws/src/core/shell.cpp:391]   --->   Operation 229 'writeresp' 'ca_addr_4_resp' <Predicate = (and_ln390_4)> <Delay = 7.30> <CoreInst = "m_axi">   --->   Core 113 'm_axi' <Latency = 0> <II = 1> <Delay = 1.00> <Adapter> <Opcode : 'read' 'write' 'readreq' 'writereq' 'writeresp'>
ST_13 : Operation 230 [1/1] (0.00ns)   --->   "%br_ln392 = br void %for.inc137.4" [/home/fi/Documents/GitHub/ursa/exp/ursa_ws/src/core/shell.cpp:392]   --->   Operation 230 'br' 'br_ln392' <Predicate = (and_ln390_4)> <Delay = 0.00>
ST_13 : Operation 231 [2/5] (7.30ns)   --->   "%ca_addr_5_resp = writeresp i1 @_ssdm_op_WriteResp.m_axi.i32P1A, i32 %ca_addr_5" [/home/fi/Documents/GitHub/ursa/exp/ursa_ws/src/core/shell.cpp:391]   --->   Operation 231 'writeresp' 'ca_addr_5_resp' <Predicate = (and_ln390_5)> <Delay = 7.30> <CoreInst = "m_axi">   --->   Core 113 'm_axi' <Latency = 0> <II = 1> <Delay = 1.00> <Adapter> <Opcode : 'read' 'write' 'readreq' 'writereq' 'writeresp'>
ST_13 : Operation 232 [3/5] (7.30ns)   --->   "%ca_addr_6_resp = writeresp i1 @_ssdm_op_WriteResp.m_axi.i32P1A, i32 %ca_addr_6" [/home/fi/Documents/GitHub/ursa/exp/ursa_ws/src/core/shell.cpp:391]   --->   Operation 232 'writeresp' 'ca_addr_6_resp' <Predicate = (and_ln390_6)> <Delay = 7.30> <CoreInst = "m_axi">   --->   Core 113 'm_axi' <Latency = 0> <II = 1> <Delay = 1.00> <Adapter> <Opcode : 'read' 'write' 'readreq' 'writereq' 'writeresp'>
ST_13 : Operation 233 [4/5] (7.30ns)   --->   "%ca_addr_7_resp = writeresp i1 @_ssdm_op_WriteResp.m_axi.i32P1A, i32 %ca_addr_7" [/home/fi/Documents/GitHub/ursa/exp/ursa_ws/src/core/shell.cpp:391]   --->   Operation 233 'writeresp' 'ca_addr_7_resp' <Predicate = (and_ln390_7)> <Delay = 7.30> <CoreInst = "m_axi">   --->   Core 113 'm_axi' <Latency = 0> <II = 1> <Delay = 1.00> <Adapter> <Opcode : 'read' 'write' 'readreq' 'writereq' 'writeresp'>

State 14 <SV = 13> <Delay = 7.30>
ST_14 : Operation 234 [1/5] (7.30ns)   --->   "%ca_addr_5_resp = writeresp i1 @_ssdm_op_WriteResp.m_axi.i32P1A, i32 %ca_addr_5" [/home/fi/Documents/GitHub/ursa/exp/ursa_ws/src/core/shell.cpp:391]   --->   Operation 234 'writeresp' 'ca_addr_5_resp' <Predicate = (and_ln390_5)> <Delay = 7.30> <CoreInst = "m_axi">   --->   Core 113 'm_axi' <Latency = 0> <II = 1> <Delay = 1.00> <Adapter> <Opcode : 'read' 'write' 'readreq' 'writereq' 'writeresp'>
ST_14 : Operation 235 [1/1] (0.00ns)   --->   "%br_ln392 = br void %for.inc137.5" [/home/fi/Documents/GitHub/ursa/exp/ursa_ws/src/core/shell.cpp:392]   --->   Operation 235 'br' 'br_ln392' <Predicate = (and_ln390_5)> <Delay = 0.00>
ST_14 : Operation 236 [2/5] (7.30ns)   --->   "%ca_addr_6_resp = writeresp i1 @_ssdm_op_WriteResp.m_axi.i32P1A, i32 %ca_addr_6" [/home/fi/Documents/GitHub/ursa/exp/ursa_ws/src/core/shell.cpp:391]   --->   Operation 236 'writeresp' 'ca_addr_6_resp' <Predicate = (and_ln390_6)> <Delay = 7.30> <CoreInst = "m_axi">   --->   Core 113 'm_axi' <Latency = 0> <II = 1> <Delay = 1.00> <Adapter> <Opcode : 'read' 'write' 'readreq' 'writereq' 'writeresp'>
ST_14 : Operation 237 [3/5] (7.30ns)   --->   "%ca_addr_7_resp = writeresp i1 @_ssdm_op_WriteResp.m_axi.i32P1A, i32 %ca_addr_7" [/home/fi/Documents/GitHub/ursa/exp/ursa_ws/src/core/shell.cpp:391]   --->   Operation 237 'writeresp' 'ca_addr_7_resp' <Predicate = (and_ln390_7)> <Delay = 7.30> <CoreInst = "m_axi">   --->   Core 113 'm_axi' <Latency = 0> <II = 1> <Delay = 1.00> <Adapter> <Opcode : 'read' 'write' 'readreq' 'writereq' 'writeresp'>

State 15 <SV = 14> <Delay = 7.30>
ST_15 : Operation 238 [1/5] (7.30ns)   --->   "%ca_addr_6_resp = writeresp i1 @_ssdm_op_WriteResp.m_axi.i32P1A, i32 %ca_addr_6" [/home/fi/Documents/GitHub/ursa/exp/ursa_ws/src/core/shell.cpp:391]   --->   Operation 238 'writeresp' 'ca_addr_6_resp' <Predicate = (and_ln390_6)> <Delay = 7.30> <CoreInst = "m_axi">   --->   Core 113 'm_axi' <Latency = 0> <II = 1> <Delay = 1.00> <Adapter> <Opcode : 'read' 'write' 'readreq' 'writereq' 'writeresp'>
ST_15 : Operation 239 [1/1] (0.00ns)   --->   "%br_ln392 = br void %for.inc137.6" [/home/fi/Documents/GitHub/ursa/exp/ursa_ws/src/core/shell.cpp:392]   --->   Operation 239 'br' 'br_ln392' <Predicate = (and_ln390_6)> <Delay = 0.00>
ST_15 : Operation 240 [2/5] (7.30ns)   --->   "%ca_addr_7_resp = writeresp i1 @_ssdm_op_WriteResp.m_axi.i32P1A, i32 %ca_addr_7" [/home/fi/Documents/GitHub/ursa/exp/ursa_ws/src/core/shell.cpp:391]   --->   Operation 240 'writeresp' 'ca_addr_7_resp' <Predicate = (and_ln390_7)> <Delay = 7.30> <CoreInst = "m_axi">   --->   Core 113 'm_axi' <Latency = 0> <II = 1> <Delay = 1.00> <Adapter> <Opcode : 'read' 'write' 'readreq' 'writereq' 'writeresp'>

State 16 <SV = 15> <Delay = 7.30>
ST_16 : Operation 241 [1/5] (7.30ns)   --->   "%ca_addr_7_resp = writeresp i1 @_ssdm_op_WriteResp.m_axi.i32P1A, i32 %ca_addr_7" [/home/fi/Documents/GitHub/ursa/exp/ursa_ws/src/core/shell.cpp:391]   --->   Operation 241 'writeresp' 'ca_addr_7_resp' <Predicate = (and_ln390_7)> <Delay = 7.30> <CoreInst = "m_axi">   --->   Core 113 'm_axi' <Latency = 0> <II = 1> <Delay = 1.00> <Adapter> <Opcode : 'read' 'write' 'readreq' 'writereq' 'writeresp'>
ST_16 : Operation 242 [1/1] (0.00ns)   --->   "%br_ln392 = br void %for.inc137.7" [/home/fi/Documents/GitHub/ursa/exp/ursa_ws/src/core/shell.cpp:392]   --->   Operation 242 'br' 'br_ln392' <Predicate = (and_ln390_7)> <Delay = 0.00>


============================================================
+ Verbose Summary: Timing violations
============================================================
Target clock period: 10.000ns, clock uncertainty: 2.700ns.

 <State 1>: 7.168ns
The critical path consists of the following:
	'store' operation 0 bit ('store_ln382', /home/fi/Documents/GitHub/ursa/exp/ursa_ws/src/core/shell.cpp:382) of constant 0 on local variable 'r', /home/fi/Documents/GitHub/ursa/exp/ursa_ws/src/core/shell.cpp:382 [54]  (1.588 ns)
	'load' operation 4 bit ('r') on local variable 'r', /home/fi/Documents/GitHub/ursa/exp/ursa_ws/src/core/shell.cpp:382 [57]  (0.000 ns)
	'mul' operation 32 bit ('mul131') [94]  (5.580 ns)

 <State 2>: 6.072ns
The critical path consists of the following:
	'add' operation 32 bit ('add_ln391', /home/fi/Documents/GitHub/ursa/exp/ursa_ws/src/core/shell.cpp:391) [99]  (2.552 ns)
	'add' operation 64 bit ('add_ln391_1', /home/fi/Documents/GitHub/ursa/exp/ursa_ws/src/core/shell.cpp:391) [102]  (3.520 ns)

 <State 3>: 7.300ns
The critical path consists of the following:
	bus request operation ('ca_addr_req', /home/fi/Documents/GitHub/ursa/exp/ursa_ws/src/core/shell.cpp:391) on port 'ca' (/home/fi/Documents/GitHub/ursa/exp/ursa_ws/src/core/shell.cpp:391) [106]  (7.300 ns)

 <State 4>: 7.300ns
The critical path consists of the following:
	bus request operation ('ca_addr_1_req', /home/fi/Documents/GitHub/ursa/exp/ursa_ws/src/core/shell.cpp:391) on port 'ca' (/home/fi/Documents/GitHub/ursa/exp/ursa_ws/src/core/shell.cpp:391) [122]  (7.300 ns)

 <State 5>: 7.300ns
The critical path consists of the following:
	bus request operation ('ca_addr_2_req', /home/fi/Documents/GitHub/ursa/exp/ursa_ws/src/core/shell.cpp:391) on port 'ca' (/home/fi/Documents/GitHub/ursa/exp/ursa_ws/src/core/shell.cpp:391) [138]  (7.300 ns)

 <State 6>: 7.300ns
The critical path consists of the following:
	bus request operation ('ca_addr_3_req', /home/fi/Documents/GitHub/ursa/exp/ursa_ws/src/core/shell.cpp:391) on port 'ca' (/home/fi/Documents/GitHub/ursa/exp/ursa_ws/src/core/shell.cpp:391) [154]  (7.300 ns)

 <State 7>: 7.300ns
The critical path consists of the following:
	bus request operation ('ca_addr_4_req', /home/fi/Documents/GitHub/ursa/exp/ursa_ws/src/core/shell.cpp:391) on port 'ca' (/home/fi/Documents/GitHub/ursa/exp/ursa_ws/src/core/shell.cpp:391) [170]  (7.300 ns)

 <State 8>: 7.300ns
The critical path consists of the following:
	bus request operation ('ca_addr_5_req', /home/fi/Documents/GitHub/ursa/exp/ursa_ws/src/core/shell.cpp:391) on port 'ca' (/home/fi/Documents/GitHub/ursa/exp/ursa_ws/src/core/shell.cpp:391) [186]  (7.300 ns)

 <State 9>: 7.300ns
The critical path consists of the following:
	bus request operation ('ca_addr_6_req', /home/fi/Documents/GitHub/ursa/exp/ursa_ws/src/core/shell.cpp:391) on port 'ca' (/home/fi/Documents/GitHub/ursa/exp/ursa_ws/src/core/shell.cpp:391) [202]  (7.300 ns)

 <State 10>: 7.300ns
The critical path consists of the following:
	bus request operation ('ca_addr_7_req', /home/fi/Documents/GitHub/ursa/exp/ursa_ws/src/core/shell.cpp:391) on port 'ca' (/home/fi/Documents/GitHub/ursa/exp/ursa_ws/src/core/shell.cpp:391) [218]  (7.300 ns)

 <State 11>: 7.300ns
The critical path consists of the following:
	bus write operation ('write_ln391', /home/fi/Documents/GitHub/ursa/exp/ursa_ws/src/core/shell.cpp:391) on port 'ca' (/home/fi/Documents/GitHub/ursa/exp/ursa_ws/src/core/shell.cpp:391) [219]  (7.300 ns)

 <State 12>: 7.300ns
The critical path consists of the following:
	bus response operation ('ca_addr_3_resp', /home/fi/Documents/GitHub/ursa/exp/ursa_ws/src/core/shell.cpp:391) on port 'ca' (/home/fi/Documents/GitHub/ursa/exp/ursa_ws/src/core/shell.cpp:391) [156]  (7.300 ns)

 <State 13>: 7.300ns
The critical path consists of the following:
	bus response operation ('ca_addr_4_resp', /home/fi/Documents/GitHub/ursa/exp/ursa_ws/src/core/shell.cpp:391) on port 'ca' (/home/fi/Documents/GitHub/ursa/exp/ursa_ws/src/core/shell.cpp:391) [172]  (7.300 ns)

 <State 14>: 7.300ns
The critical path consists of the following:
	bus response operation ('ca_addr_5_resp', /home/fi/Documents/GitHub/ursa/exp/ursa_ws/src/core/shell.cpp:391) on port 'ca' (/home/fi/Documents/GitHub/ursa/exp/ursa_ws/src/core/shell.cpp:391) [188]  (7.300 ns)

 <State 15>: 7.300ns
The critical path consists of the following:
	bus response operation ('ca_addr_6_resp', /home/fi/Documents/GitHub/ursa/exp/ursa_ws/src/core/shell.cpp:391) on port 'ca' (/home/fi/Documents/GitHub/ursa/exp/ursa_ws/src/core/shell.cpp:391) [204]  (7.300 ns)

 <State 16>: 7.300ns
The critical path consists of the following:
	bus response operation ('ca_addr_7_resp', /home/fi/Documents/GitHub/ursa/exp/ursa_ws/src/core/shell.cpp:391) on port 'ca' (/home/fi/Documents/GitHub/ursa/exp/ursa_ws/src/core/shell.cpp:391) [220]  (7.300 ns)


============================================================
+ Verbose Summary: Binding
============================================================
N/A
* FSMD analyzer results:
  - Output states:
 - Input state : 
  - Chain level:
	State 1
	State 2
	State 3
	State 4
	State 5
	State 6
	State 7
	State 8
	State 9
	State 10
	State 11
	State 12
	State 13
	State 14
	State 15
	State 16


============================================================
+ Verbose Summary: Datapath Resource usage 
============================================================
N/A
