/home/fi/Documents/GitHub/ursa/exp/ursa_ws/vitis2/hls_ursa_ws/mxm_execute_ursa/hls/.autopilot/db/pe.pp.0.cpp:2561:7: warning: Added loop label VITIS_LOOP_1207_1:   [xilinx-label-all-loops]
      for (i = 0; i < __N - 1; ++i) {
      ^~~
      VITIS_LOOP_1207_1: 
/home/fi/Documents/GitHub/ursa/exp/ursa_ws/vitis2/hls_ursa_ws/mxm_execute_ursa/hls/.autopilot/db/pe.pp.0.cpp:2561:7: note: FIX-IT applied suggested code changes
/home/fi/Documents/GitHub/ursa/exp/ursa_ws/vitis2/hls_ursa_ws/mxm_execute_ursa/hls/.autopilot/db/pe.pp.0.cpp:3535:5: warning: Added loop label VITIS_LOOP_676_1:   [xilinx-label-all-loops]
    for (unsigned i = low; i != high; ++i) {
    ^~~
    VITIS_LOOP_676_1: 
/home/fi/Documents/GitHub/ursa/exp/ursa_ws/vitis2/hls_ursa_ws/mxm_execute_ursa/hls/.autopilot/db/pe.pp.0.cpp:3535:5: note: FIX-IT applied suggested code changes
/home/fi/Documents/GitHub/ursa/exp/ursa_ws/vitis2/hls_ursa_ws/mxm_execute_ursa/hls/.autopilot/db/pe.pp.0.cpp:3549:5: warning: Added loop label VITIS_LOOP_690_1:   [xilinx-label-all-loops]
    for (unsigned i = low; i != high; ++i) {
    ^~~
    VITIS_LOOP_690_1: 
/home/fi/Documents/GitHub/ursa/exp/ursa_ws/vitis2/hls_ursa_ws/mxm_execute_ursa/hls/.autopilot/db/pe.pp.0.cpp:3549:5: note: FIX-IT applied suggested code changes
/home/fi/Documents/GitHub/ursa/exp/ursa_ws/vitis2/hls_ursa_ws/mxm_execute_ursa/hls/.autopilot/db/pe.pp.0.cpp:3563:5: warning: Added loop label VITIS_LOOP_704_1:   [xilinx-label-all-loops]
    for (unsigned i = low; i != high; ++i) {
    ^~~
    VITIS_LOOP_704_1: 
/home/fi/Documents/GitHub/ursa/exp/ursa_ws/vitis2/hls_ursa_ws/mxm_execute_ursa/hls/.autopilot/db/pe.pp.0.cpp:3563:5: note: FIX-IT applied suggested code changes
/home/fi/Documents/GitHub/ursa/exp/ursa_ws/vitis2/hls_ursa_ws/mxm_execute_ursa/hls/.autopilot/db/pe.pp.0.cpp:5180:7: warning: Added loop label VITIS_LOOP_1247_1:   [xilinx-label-all-loops]
      for (i = 0; i < __N - 1; ++i) {
      ^~~
      VITIS_LOOP_1247_1: 
/home/fi/Documents/GitHub/ursa/exp/ursa_ws/vitis2/hls_ursa_ws/mxm_execute_ursa/hls/.autopilot/db/pe.pp.0.cpp:5180:7: note: FIX-IT applied suggested code changes
