/home/fi/Documents/GitHub/ursa/exp/ursa_ws/src/core/shell.cpp:11:9: warning: HLS pragma dump _XLX_SEP_ PragmaIsValid=1_XLX_SEP_ PragmaType=pipeline_XLX_SEP_ PragmaContext=_XLX_SEP_ PragmaFunction=fill_left_inputs_XLX_SEP_ PragmaOptions=II=1_XLX_SEP_ [-Wdump-hls-pragmas]
#pragma HLS PIPELINE II=1
        ^
/home/fi/Documents/GitHub/ursa/exp/ursa_ws/src/core/shell.cpp:14:9: warning: HLS pragma dump _XLX_SEP_ PragmaIsValid=1_XLX_SEP_ PragmaType=unroll_XLX_SEP_ PragmaContext=_XLX_SEP_ PragmaFunction=fill_left_inputs_XLX_SEP_ PragmaOptions=_XLX_SEP_ [-Wdump-hls-pragmas]
#pragma HLS UNROLL
        ^
/home/fi/Documents/GitHub/ursa/exp/ursa_ws/src/core/shell.cpp:5:46: warning: unused parameter 't' [-Wunused-parameter]
void fill_left_inputs(lr_t l_in[8], uint16_t t){
                                             ^
/home/fi/Documents/GitHub/ursa/exp/ursa_ws/src/core/shell.cpp:20:9: warning: HLS pragma dump _XLX_SEP_ PragmaIsValid=1_XLX_SEP_ PragmaType=pipeline_XLX_SEP_ PragmaContext=_XLX_SEP_ PragmaFunction=fill_top_inputs_XLX_SEP_ PragmaOptions=II=1_XLX_SEP_ [-Wdump-hls-pragmas]
#pragma HLS PIPELINE II=1
        ^
/home/fi/Documents/GitHub/ursa/exp/ursa_ws/src/core/shell.cpp:22:9: warning: HLS pragma dump _XLX_SEP_ PragmaIsValid=1_XLX_SEP_ PragmaType=unroll_XLX_SEP_ PragmaContext=_XLX_SEP_ PragmaFunction=fill_top_inputs_XLX_SEP_ PragmaOptions=_XLX_SEP_ [-Wdump-hls-pragmas]
#pragma HLS UNROLL
        ^
/home/fi/Documents/GitHub/ursa/exp/ursa_ws/src/core/shell.cpp:34:9: warning: HLS pragma dump _XLX_SEP_ PragmaIsValid=1_XLX_SEP_ PragmaType=pipeline_XLX_SEP_ PragmaContext=_XLX_SEP_ PragmaFunction=fetch_weight_row_XLX_SEP_ PragmaOptions=II=1_XLX_SEP_ [-Wdump-hls-pragmas]
#pragma HLS PIPELINE II=1
        ^
/home/fi/Documents/GitHub/ursa/exp/ursa_ws/src/core/shell.cpp:41:9: warning: HLS pragma dump _XLX_SEP_ PragmaIsValid=1_XLX_SEP_ PragmaType=unroll_XLX_SEP_ PragmaContext=_XLX_SEP_ PragmaFunction=fetch_weight_row_XLX_SEP_ PragmaOptions=_XLX_SEP_ [-Wdump-hls-pragmas]
#pragma HLS UNROLL
        ^
/home/fi/Documents/GitHub/ursa/exp/ursa_ws/src/core/shell.cpp:48:9: warning: HLS pragma dump _XLX_SEP_ PragmaIsValid=1_XLX_SEP_ PragmaType=pipeline_XLX_SEP_ PragmaContext=_XLX_SEP_ PragmaFunction=load_inputs_sa_XLX_SEP_ PragmaOptions=II=1_XLX_SEP_ [-Wdump-hls-pragmas]
#pragma HLS PIPELINE II=1
        ^
/home/fi/Documents/GitHub/ursa/exp/ursa_ws/src/core/shell.cpp:51:9: warning: HLS pragma dump _XLX_SEP_ PragmaIsValid=1_XLX_SEP_ PragmaType=unroll_XLX_SEP_ PragmaContext=_XLX_SEP_ PragmaFunction=load_inputs_sa_XLX_SEP_ PragmaOptions=factor=8_XLX_SEP_ [-Wdump-hls-pragmas]
#pragma HLS UNROLL factor=8
        ^
/home/fi/Documents/GitHub/ursa/exp/ursa_ws/src/core/shell.cpp:57:9: warning: HLS pragma dump _XLX_SEP_ PragmaIsValid=1_XLX_SEP_ PragmaType=pipeline_XLX_SEP_ PragmaContext=_XLX_SEP_ PragmaFunction=store_right_outputs_XLX_SEP_ PragmaOptions=II=1_XLX_SEP_ [-Wdump-hls-pragmas]
#pragma HLS PIPELINE II=1
        ^
/home/fi/Documents/GitHub/ursa/exp/ursa_ws/src/core/shell.cpp:61:9: warning: HLS pragma dump _XLX_SEP_ PragmaIsValid=1_XLX_SEP_ PragmaType=unroll_XLX_SEP_ PragmaContext=_XLX_SEP_ PragmaFunction=store_right_outputs_XLX_SEP_ PragmaOptions=_XLX_SEP_ [-Wdump-hls-pragmas]
#pragma HLS UNROLL
        ^
directive:1:9: warning: HLS pragma dump _XLX_SEP_ PragmaIsValid=1_XLX_SEP_ PragmaType=top_XLX_SEP_ PragmaContext=directive_XLX_SEP_ PragmaFunction=mxm_execute_ursa_XLX_SEP_ PragmaOptions=name=mxm_execute_ursa_XLX_SEP_ [-Wdump-hls-pragmas]
#pragma HLSDIRECTIVE TOP name=mxm_execute_ursa
        ^
/home/fi/Documents/GitHub/ursa/exp/ursa_ws/src/core/shell.cpp:190:9: warning: HLS pragma dump _XLX_SEP_ PragmaIsValid=1_XLX_SEP_ PragmaType=interface_XLX_SEP_ PragmaContext=_XLX_SEP_ PragmaFunction=mxm_execute_ursa_XLX_SEP_ PragmaOptions=mode=m_axi port=casted_a0 bundle=aw offset=slave num_read_outstanding=8 num_write_outstanding=8 max_read_burst_length=64 max_write_burst_length=16 depth=200_XLX_SEP_ [-Wdump-hls-pragmas]
#pragma HLS INTERFACE mode=m_axi port=casted_a0 bundle=aw offset=slave num_read_outstanding=8 num_write_outstanding=8 max_read_burst_length=64 max_write_burst_length=16 depth=200
        ^
/home/fi/Documents/GitHub/ursa/exp/ursa_ws/src/core/shell.cpp:194:9: warning: HLS pragma dump _XLX_SEP_ PragmaIsValid=1_XLX_SEP_ PragmaType=interface_XLX_SEP_ PragmaContext=_XLX_SEP_ PragmaFunction=mxm_execute_ursa_XLX_SEP_ PragmaOptions=mode=m_axi port=casted_c0 bundle=ca offset=slave num_read_outstanding=8 num_write_outstanding=8 max_read_burst_length=64 max_write_burst_length=16 depth=200_XLX_SEP_ [-Wdump-hls-pragmas]
#pragma HLS INTERFACE mode=m_axi port=casted_c0 bundle=ca offset=slave num_read_outstanding=8 num_write_outstanding=8 max_read_burst_length=64 max_write_burst_length=16 depth=200
        ^
/home/fi/Documents/GitHub/ursa/exp/ursa_ws/src/core/shell.cpp:198:9: warning: HLS pragma dump _XLX_SEP_ PragmaIsValid=1_XLX_SEP_ PragmaType=interface_XLX_SEP_ PragmaContext=_XLX_SEP_ PragmaFunction=mxm_execute_ursa_XLX_SEP_ PragmaOptions=mode=s_axilite port=return bundle=ap register_XLX_SEP_ [-Wdump-hls-pragmas]
#pragma HLS INTERFACE mode=s_axilite port=return bundle=ap register
        ^
/home/fi/Documents/GitHub/ursa/exp/ursa_ws/src/core/shell.cpp:199:9: warning: HLS pragma dump _XLX_SEP_ PragmaIsValid=1_XLX_SEP_ PragmaType=interface_XLX_SEP_ PragmaContext=_XLX_SEP_ PragmaFunction=mxm_execute_ursa_XLX_SEP_ PragmaOptions=mode=s_axilite port=a0_p bundle=ap register_XLX_SEP_ [-Wdump-hls-pragmas]
#pragma HLS INTERFACE mode=s_axilite port=a0_p bundle=ap register
        ^
/home/fi/Documents/GitHub/ursa/exp/ursa_ws/src/core/shell.cpp:200:9: warning: HLS pragma dump _XLX_SEP_ PragmaIsValid=1_XLX_SEP_ PragmaType=interface_XLX_SEP_ PragmaContext=_XLX_SEP_ PragmaFunction=mxm_execute_ursa_XLX_SEP_ PragmaOptions=mode=s_axilite port=b0_q bundle=ap register_XLX_SEP_ [-Wdump-hls-pragmas]
#pragma HLS INTERFACE mode=s_axilite port=b0_q bundle=ap register
        ^
/home/fi/Documents/GitHub/ursa/exp/ursa_ws/src/core/shell.cpp:201:9: warning: HLS pragma dump _XLX_SEP_ PragmaIsValid=1_XLX_SEP_ PragmaType=interface_XLX_SEP_ PragmaContext=_XLX_SEP_ PragmaFunction=mxm_execute_ursa_XLX_SEP_ PragmaOptions=mode=s_axilite port=m bundle=ap register_XLX_SEP_ [-Wdump-hls-pragmas]
#pragma HLS INTERFACE mode=s_axilite port=m bundle=ap register
        ^
/home/fi/Documents/GitHub/ursa/exp/ursa_ws/src/core/shell.cpp:215:9: warning: HLS pragma dump _XLX_SEP_ PragmaIsValid=1_XLX_SEP_ PragmaType=interface_XLX_SEP_ PragmaContext=_XLX_SEP_ PragmaFunction=mxm_execute_ursa_XLX_SEP_ PragmaOptions=mode=m_axi port=casted_b0 bundle=bi offset=slave num_read_outstanding=8 num_write_outstanding=8 max_read_burst_length=64 max_write_burst_length=16 depth=200_XLX_SEP_ [-Wdump-hls-pragmas]
#pragma HLS INTERFACE mode=m_axi port=casted_b0 bundle=bi offset=slave num_read_outstanding=8 num_write_outstanding=8 max_read_burst_length=64 max_write_burst_length=16 depth=200
        ^
/home/fi/Documents/GitHub/ursa/exp/ursa_ws/src/core/shell.cpp:234:9: warning: HLS pragma dump _XLX_SEP_ PragmaIsValid=1_XLX_SEP_ PragmaType=array_partition_XLX_SEP_ PragmaContext=_XLX_SEP_ PragmaFunction=mxm_execute_ursa_XLX_SEP_ PragmaOptions=variable=l_in complete dim=1_XLX_SEP_ [-Wdump-hls-pragmas]
#pragma HLS ARRAY_PARTITION variable=l_in complete dim=1
        ^
/home/fi/Documents/GitHub/ursa/exp/ursa_ws/src/core/shell.cpp:237:9: warning: HLS pragma dump _XLX_SEP_ PragmaIsValid=1_XLX_SEP_ PragmaType=array_partition_XLX_SEP_ PragmaContext=_XLX_SEP_ PragmaFunction=mxm_execute_ursa_XLX_SEP_ PragmaOptions=variable=t_in complete dim=1_XLX_SEP_ [-Wdump-hls-pragmas]
#pragma HLS ARRAY_PARTITION variable=t_in complete dim=1
        ^
/home/fi/Documents/GitHub/ursa/exp/ursa_ws/src/core/shell.cpp:240:9: warning: HLS pragma dump _XLX_SEP_ PragmaIsValid=1_XLX_SEP_ PragmaType=array_partition_XLX_SEP_ PragmaContext=_XLX_SEP_ PragmaFunction=mxm_execute_ursa_XLX_SEP_ PragmaOptions=variable=fixed_in complete dim=1_XLX_SEP_ [-Wdump-hls-pragmas]
#pragma HLS ARRAY_PARTITION variable=fixed_in complete dim=1
        ^
/home/fi/Documents/GitHub/ursa/exp/ursa_ws/src/core/shell.cpp:246:65: warning: format specifies type 'int' but the argument has type 'int8_t *' (aka 'signed char *') [-Wformat]
    printf("[sa_shell] addr_a0: %d  addr_b0: %d addr_c0: %d\n", addr_a0, addr_b0, addr_c0);
                                ~~                              ^~~~~~~
                                %s
/home/fi/Documents/GitHub/ursa/exp/ursa_ws/src/core/shell.cpp:246:74: warning: format specifies type 'int' but the argument has type 'uint8_t *' (aka 'unsigned char *') [-Wformat]
    printf("[sa_shell] addr_a0: %d  addr_b0: %d addr_c0: %d\n", addr_a0, addr_b0, addr_c0);
                                             ~~                          ^~~~~~~
                                             %s
/home/fi/Documents/GitHub/ursa/exp/ursa_ws/src/core/shell.cpp:246:83: warning: format specifies type 'int' but the argument has type 'int32_t *' (aka 'int *') [-Wformat]
    printf("[sa_shell] addr_a0: %d  addr_b0: %d addr_c0: %d\n", addr_a0, addr_b0, addr_c0);
                                                         ~~                       ^~~~~~~
/home/fi/Documents/GitHub/ursa/exp/ursa_ws/src/core/shell.cpp:251:9: warning: HLS pragma dump _XLX_SEP_ PragmaIsValid=1_XLX_SEP_ PragmaType=array_partition_XLX_SEP_ PragmaContext=_XLX_SEP_ PragmaFunction=mxm_execute_ursa_XLX_SEP_ PragmaOptions=variable=sa complete dim=1_XLX_SEP_ [-Wdump-hls-pragmas]
#pragma HLS ARRAY_PARTITION variable=sa complete dim=1
        ^
/home/fi/Documents/GitHub/ursa/exp/ursa_ws/src/core/shell.cpp:254:9: warning: HLS pragma dump _XLX_SEP_ PragmaIsValid=1_XLX_SEP_ PragmaType=dataflow_XLX_SEP_ PragmaContext=_XLX_SEP_ PragmaFunction=mxm_execute_ursa_XLX_SEP_ PragmaOptions=_XLX_SEP_ [-Wdump-hls-pragmas]
#pragma HLS DATAFLOW
        ^
/home/fi/Documents/GitHub/ursa/exp/ursa_ws/src/core/shell.cpp:277:9: warning: HLS pragma dump _XLX_SEP_ PragmaIsValid=1_XLX_SEP_ PragmaType=pipeline_XLX_SEP_ PragmaContext=_XLX_SEP_ PragmaFunction=mxm_execute_ursa_XLX_SEP_ PragmaOptions=II=1_XLX_SEP_ [-Wdump-hls-pragmas]
#pragma HLS PIPELINE II=1
        ^
/home/fi/Documents/GitHub/ursa/exp/ursa_ws/src/core/shell.cpp:284:9: warning: HLS pragma dump _XLX_SEP_ PragmaIsValid=1_XLX_SEP_ PragmaType=unroll_XLX_SEP_ PragmaContext=_XLX_SEP_ PragmaFunction=mxm_execute_ursa_XLX_SEP_ PragmaOptions=_XLX_SEP_ [-Wdump-hls-pragmas]
#pragma HLS UNROLL
        ^
/home/fi/Documents/GitHub/ursa/exp/ursa_ws/src/core/shell.cpp:297:9: warning: HLS pragma dump _XLX_SEP_ PragmaIsValid=1_XLX_SEP_ PragmaType=pipeline_XLX_SEP_ PragmaContext=_XLX_SEP_ PragmaFunction=mxm_execute_ursa_XLX_SEP_ PragmaOptions=II=1_XLX_SEP_ [-Wdump-hls-pragmas]
#pragma HLS PIPELINE II=1
        ^
/home/fi/Documents/GitHub/ursa/exp/ursa_ws/src/core/shell.cpp:254:9: warning: Only 'for' loop or function body support the dataflow pragma [-Wignored-hls-attributes]
#pragma HLS DATAFLOW
        ^~~~~~~~~~~~
31 warnings generated.
