/home/fi/Documents/GitHub/ursa/exp/ursa_ws/vitis2/hls_ursa_ws/mxm_execute_ursa/hls/.autopilot/db/shell.pp.0.cpp:2569:7: warning: Added loop label VITIS_LOOP_1207_1:   [xilinx-label-all-loops]
      for (i = 0; i < __N - 1; ++i) {
      ^~~
      VITIS_LOOP_1207_1: 
/home/fi/Documents/GitHub/ursa/exp/ursa_ws/vitis2/hls_ursa_ws/mxm_execute_ursa/hls/.autopilot/db/shell.pp.0.cpp:2569:7: note: FIX-IT applied suggested code changes
/home/fi/Documents/GitHub/ursa/exp/ursa_ws/vitis2/hls_ursa_ws/mxm_execute_ursa/hls/.autopilot/db/shell.pp.0.cpp:3543:5: warning: Added loop label VITIS_LOOP_676_1:   [xilinx-label-all-loops]
    for (unsigned i = low; i != high; ++i) {
    ^~~
    VITIS_LOOP_676_1: 
/home/fi/Documents/GitHub/ursa/exp/ursa_ws/vitis2/hls_ursa_ws/mxm_execute_ursa/hls/.autopilot/db/shell.pp.0.cpp:3543:5: note: FIX-IT applied suggested code changes
/home/fi/Documents/GitHub/ursa/exp/ursa_ws/vitis2/hls_ursa_ws/mxm_execute_ursa/hls/.autopilot/db/shell.pp.0.cpp:3557:5: warning: Added loop label VITIS_LOOP_690_1:   [xilinx-label-all-loops]
    for (unsigned i = low; i != high; ++i) {
    ^~~
    VITIS_LOOP_690_1: 
/home/fi/Documents/GitHub/ursa/exp/ursa_ws/vitis2/hls_ursa_ws/mxm_execute_ursa/hls/.autopilot/db/shell.pp.0.cpp:3557:5: note: FIX-IT applied suggested code changes
/home/fi/Documents/GitHub/ursa/exp/ursa_ws/vitis2/hls_ursa_ws/mxm_execute_ursa/hls/.autopilot/db/shell.pp.0.cpp:3571:5: warning: Added loop label VITIS_LOOP_704_1:   [xilinx-label-all-loops]
    for (unsigned i = low; i != high; ++i) {
    ^~~
    VITIS_LOOP_704_1: 
/home/fi/Documents/GitHub/ursa/exp/ursa_ws/vitis2/hls_ursa_ws/mxm_execute_ursa/hls/.autopilot/db/shell.pp.0.cpp:3571:5: note: FIX-IT applied suggested code changes
/home/fi/Documents/GitHub/ursa/exp/ursa_ws/vitis2/hls_ursa_ws/mxm_execute_ursa/hls/.autopilot/db/shell.pp.0.cpp:5188:7: warning: Added loop label VITIS_LOOP_1247_1:   [xilinx-label-all-loops]
      for (i = 0; i < __N - 1; ++i) {
      ^~~
      VITIS_LOOP_1247_1: 
/home/fi/Documents/GitHub/ursa/exp/ursa_ws/vitis2/hls_ursa_ws/mxm_execute_ursa/hls/.autopilot/db/shell.pp.0.cpp:5188:7: note: FIX-IT applied suggested code changes
/home/fi/Documents/GitHub/ursa/exp/ursa_ws/vitis2/hls_ursa_ws/mxm_execute_ursa/hls/.autopilot/db/shell.pp.0.cpp:7025:2: warning: Added loop label VITIS_LOOP_9_1:   [xilinx-label-all-loops]
 for(uint16_t i=0;i<8;i++){
 ^~~
 VITIS_LOOP_9_1: 
/home/fi/Documents/GitHub/ursa/exp/ursa_ws/vitis2/hls_ursa_ws/mxm_execute_ursa/hls/.autopilot/db/shell.pp.0.cpp:7025:2: note: FIX-IT applied suggested code changes
/home/fi/Documents/GitHub/ursa/exp/ursa_ws/vitis2/hls_ursa_ws/mxm_execute_ursa/hls/.autopilot/db/shell.pp.0.cpp:7048:2: warning: Added loop label VITIS_LOOP_32_1:   [xilinx-label-all-loops]
 for(uint16_t j=0; j<8; j++){
 ^~~
 VITIS_LOOP_32_1: 
/home/fi/Documents/GitHub/ursa/exp/ursa_ws/vitis2/hls_ursa_ws/mxm_execute_ursa/hls/.autopilot/db/shell.pp.0.cpp:7048:2: note: FIX-IT applied suggested code changes
/home/fi/Documents/GitHub/ursa/exp/ursa_ws/vitis2/hls_ursa_ws/mxm_execute_ursa/hls/.autopilot/db/shell.pp.0.cpp:7083:5: warning: Added loop label VITIS_LOOP_67_1:   [xilinx-label-all-loops]
    for(uint16_t j = 0; j < 8; j++) {
    ^~~
    VITIS_LOOP_67_1: 
/home/fi/Documents/GitHub/ursa/exp/ursa_ws/vitis2/hls_ursa_ws/mxm_execute_ursa/hls/.autopilot/db/shell.pp.0.cpp:7083:5: note: FIX-IT applied suggested code changes
/home/fi/Documents/GitHub/ursa/exp/ursa_ws/vitis2/hls_ursa_ws/mxm_execute_ursa/hls/.autopilot/db/shell.pp.0.cpp:7103:2: warning: Added loop label VITIS_LOOP_87_1:   [xilinx-label-all-loops]
 for(uint16_t k=0;k<8;k++) {
 ^~~
 VITIS_LOOP_87_1: 
/home/fi/Documents/GitHub/ursa/exp/ursa_ws/vitis2/hls_ursa_ws/mxm_execute_ursa/hls/.autopilot/db/shell.pp.0.cpp:7103:2: note: FIX-IT applied suggested code changes
/home/fi/Documents/GitHub/ursa/exp/ursa_ws/vitis2/hls_ursa_ws/mxm_execute_ursa/hls/.autopilot/db/shell.pp.0.cpp:7112:2: warning: Added loop label VITIS_LOOP_96_1:   [xilinx-label-all-loops]
 for(uint16_t i = 0; i < 8; i++){
 ^~~
 VITIS_LOOP_96_1: 
/home/fi/Documents/GitHub/ursa/exp/ursa_ws/vitis2/hls_ursa_ws/mxm_execute_ursa/hls/.autopilot/db/shell.pp.0.cpp:7112:2: note: FIX-IT applied suggested code changes
/home/fi/Documents/GitHub/ursa/exp/ursa_ws/vitis2/hls_ursa_ws/mxm_execute_ursa/hls/.autopilot/db/shell.pp.0.cpp:7193:9: warning: Added loop label VITIS_LOOP_312_1:   [xilinx-label-all-loops]
        for(uint16_t i=0;i<call_p;i++){
        ^~~
        VITIS_LOOP_312_1: 
/home/fi/Documents/GitHub/ursa/exp/ursa_ws/vitis2/hls_ursa_ws/mxm_execute_ursa/hls/.autopilot/db/shell.pp.0.cpp:7193:9: note: FIX-IT applied suggested code changes
/home/fi/Documents/GitHub/ursa/exp/ursa_ws/vitis2/hls_ursa_ws/mxm_execute_ursa/hls/.autopilot/db/shell.pp.0.cpp:7194:13: warning: Added loop label VITIS_LOOP_313_2:   [xilinx-label-all-loops]
            for(uint16_t j=0;j<call_q;j++){
            ^~~
            VITIS_LOOP_313_2: 
/home/fi/Documents/GitHub/ursa/exp/ursa_ws/vitis2/hls_ursa_ws/mxm_execute_ursa/hls/.autopilot/db/shell.pp.0.cpp:7194:13: note: FIX-IT applied suggested code changes
/home/fi/Documents/GitHub/ursa/exp/ursa_ws/vitis2/hls_ursa_ws/mxm_execute_ursa/hls/.autopilot/db/shell.pp.0.cpp:7198:17: warning: Added loop label VITIS_LOOP_328_3:   [xilinx-label-all-loops]
                for (uint16_t k = 0; k < call_m; k++){
                ^~~
                VITIS_LOOP_328_3: 
/home/fi/Documents/GitHub/ursa/exp/ursa_ws/vitis2/hls_ursa_ws/mxm_execute_ursa/hls/.autopilot/db/shell.pp.0.cpp:7198:17: note: FIX-IT applied suggested code changes
/home/fi/Documents/GitHub/ursa/exp/ursa_ws/vitis2/hls_ursa_ws/mxm_execute_ursa/hls/.autopilot/db/shell.pp.0.cpp:7211:21: warning: Added loop label VITIS_LOOP_341_4:   [xilinx-label-all-loops]
                    for(uint16_t t = 0; t < 8; t++){
                    ^~~
                    VITIS_LOOP_341_4: 
/home/fi/Documents/GitHub/ursa/exp/ursa_ws/vitis2/hls_ursa_ws/mxm_execute_ursa/hls/.autopilot/db/shell.pp.0.cpp:7211:21: note: FIX-IT applied suggested code changes
/home/fi/Documents/GitHub/ursa/exp/ursa_ws/vitis2/hls_ursa_ws/mxm_execute_ursa/hls/.autopilot/db/shell.pp.0.cpp:7218:25: warning: Added loop label VITIS_LOOP_348_5:   [xilinx-label-all-loops]
                        for(uint16_t idx=0; idx<8; idx++) {
                        ^~~
                        VITIS_LOOP_348_5: 
/home/fi/Documents/GitHub/ursa/exp/ursa_ws/vitis2/hls_ursa_ws/mxm_execute_ursa/hls/.autopilot/db/shell.pp.0.cpp:7218:25: note: FIX-IT applied suggested code changes
/home/fi/Documents/GitHub/ursa/exp/ursa_ws/vitis2/hls_ursa_ws/mxm_execute_ursa/hls/.autopilot/db/shell.pp.0.cpp:7231:21: warning: Added loop label VITIS_LOOP_361_6:   [xilinx-label-all-loops]
                    for(uint16_t t = 0; t < total_cycles; t++){
                    ^~~
                    VITIS_LOOP_361_6: 
/home/fi/Documents/GitHub/ursa/exp/ursa_ws/vitis2/hls_ursa_ws/mxm_execute_ursa/hls/.autopilot/db/shell.pp.0.cpp:7231:21: note: FIX-IT applied suggested code changes
/home/fi/Documents/GitHub/ursa/exp/ursa_ws/vitis2/hls_ursa_ws/mxm_execute_ursa/hls/.autopilot/db/shell.pp.0.cpp:7252:17: warning: Added loop label VITIS_LOOP_382_7:   [xilinx-label-all-loops]
                for (uint16_t r = 0; r < 8; r++){
                ^~~
                VITIS_LOOP_382_7: 
/home/fi/Documents/GitHub/ursa/exp/ursa_ws/vitis2/hls_ursa_ws/mxm_execute_ursa/hls/.autopilot/db/shell.pp.0.cpp:7252:17: note: FIX-IT applied suggested code changes
/home/fi/Documents/GitHub/ursa/exp/ursa_ws/vitis2/hls_ursa_ws/mxm_execute_ursa/hls/.autopilot/db/shell.pp.0.cpp:7254:2: warning: Added loop label VITIS_LOOP_384_8:   [xilinx-label-all-loops]
 for (uint16_t c =0; c < 8; c++){
 ^~~
 VITIS_LOOP_384_8: 
/home/fi/Documents/GitHub/ursa/exp/ursa_ws/vitis2/hls_ursa_ws/mxm_execute_ursa/hls/.autopilot/db/shell.pp.0.cpp:7254:2: note: FIX-IT applied suggested code changes
