

================================================================
== Synthesis Summary Report of 'mxm_execute_ursa'
================================================================
+ General Information: 
    * Date:           Fri Apr 10 14:38:39 2026
    * Version:        2023.2 (Build 4023990 on Oct 11 2023)
    * Project:        mxm_execute_ursa
    * Solution:       hls (Vivado IP Flow Target)
    * Product family: zynq
    * Target device:  xc7z020-clg484-1
    

+ Performance & Resource Estimates: 
    
    PS: '+' for module; 'o' for loop; '*' for dataflow
    +------------------------------------------------+------+------+----------------+-----------+----------+----------------+----------+----------+--------+----------+-----------+-------------+-----+
    |                     Modules                    | Issue|      |    Latency     |  Latency  | Iteration|                |   Trip   |          |        |          |           |             |     |
    |                     & Loops                    | Type | Slack|    (cycles)    |    (ns)   |  Latency |    Interval    |   Count  | Pipelined|  BRAM  |    DSP   |     FF    |     LUT     | URAM|
    +------------------------------------------------+------+------+----------------+-----------+----------+----------------+----------+----------+--------+----------+-----------+-------------+-----+
    |+ mxm_execute_ursa                              |     -|  0.00|  35193092538628|  3.519e+14|         -|  35193092538629|         -|        no|  8 (2%)|  75 (34%)|  9202 (8%)|  10048 (18%)|    -|
    | o VITIS_LOOP_165_1_VITIS_LOOP_166_2            |     -|  7.30|  35193092538626|  3.519e+14|    524546|               -|  67092481|        no|       -|         -|          -|            -|    -|
    |  + mxm_execute_ursa_Pipeline_VITIS_LOOP_183_3  |     -|  0.00|          524412|  5.244e+06|         -|          524412|         -|        no|       -|  72 (32%)|  3299 (3%)|    4240 (7%)|    -|
    |   o VITIS_LOOP_183_3                           |    II|  7.30|          524410|  5.244e+06|        27|               8|     65549|       yes|       -|         -|          -|            -|    -|
    |  + sa_store                                    |    II|  0.00|              70|    700.000|         -|              64|         -|       yes|       -|         -|  446 (~0%)|    1362 (2%)|    -|
    |  + sa_reset                                    |     -|  7.30|               0|      0.000|         -|               1|         -|       yes|       -|         -|          -|            -|    -|
    +------------------------------------------------+------+------+----------------+-----------+----------+----------------+----------+----------+--------+----------+-----------+-------------+-----+


================================================================
== HW Interfaces
================================================================
* M_AXI
+-----------+------------+---------------+---------+--------+----------+-----------+--------------+--------------+-------------+-------------+-------------------+
| Interface | Data Width | Address Width | Latency | Offset | Register | Max Widen | Max Read     | Max Write    | Num Read    | Num Write   | Resource Estimate |
|           | (SW->HW)   |               |         |        |          | Bitwidth  | Burst Length | Burst Length | Outstanding | Outstanding |                   |
+-----------+------------+---------------+---------+--------+----------+-----------+--------------+--------------+-------------+-------------+-------------------+
| m_axi_aw  | 8 -> 8     | 32            | 0       | slave  | 0        | 0         | 16           | 16           | 8           | 8           | BRAM=2            |
| m_axi_bi  | 8 -> 8     | 32            | 0       | slave  | 0        | 0         | 16           | 16           | 8           | 8           | BRAM=2            |
| m_axi_ca  | 32 -> 32   | 32            | 0       | slave  | 0        | 0         | 16           | 16           | 8           | 8           | BRAM=4            |
+-----------+------------+---------------+---------+--------+----------+-----------+--------------+--------------+-------------+-------------+-------------------+

* S_AXILITE Interfaces
+---------------+------------+---------------+--------+----------+
| Interface     | Data Width | Address Width | Offset | Register |
+---------------+------------+---------------+--------+----------+
| s_axi_ap      | 32         | 6             | 24     | 1        |
| s_axi_control | 32         | 6             | 16     | 0        |
+---------------+------------+---------------+--------+----------+

* S_AXILITE Registers
+---------------+-----------+--------+-------+--------+----------------------------------+----------------------------------------------------------------------+
| Interface     | Register  | Offset | Width | Access | Description                      | Bit Fields                                                           |
+---------------+-----------+--------+-------+--------+----------------------------------+----------------------------------------------------------------------+
| s_axi_ap      | CTRL      | 0x00   | 32    | RW     | Control signals                  | 0=AP_START 1=AP_DONE 2=AP_IDLE 3=AP_READY 7=AUTO_RESTART 9=INTERRUPT |
| s_axi_ap      | GIER      | 0x04   | 32    | RW     | Global Interrupt Enable Register | 0=Enable                                                             |
| s_axi_ap      | IP_IER    | 0x08   | 32    | RW     | IP Interrupt Enable Register     | 0=CHAN0_INT_EN 1=CHAN1_INT_EN                                        |
| s_axi_ap      | IP_ISR    | 0x0c   | 32    | RW     | IP Interrupt Status Register     | 0=CHAN0_INT_ST 1=CHAN1_INT_ST                                        |
| s_axi_ap      | ap_return | 0x10   | 32    | R      | Data signal of ap_return         |                                                                      |
| s_axi_ap      | a0_p      | 0x18   | 32    | W      | Data signal of a0_p              |                                                                      |
| s_axi_ap      | b0_q      | 0x20   | 32    | W      | Data signal of b0_q              |                                                                      |
| s_axi_ap      | m         | 0x28   | 32    | W      | Data signal of m                 |                                                                      |
| s_axi_control | addr_a0   | 0x10   | 32    | W      | Data signal of addr_a0           |                                                                      |
| s_axi_control | addr_b0   | 0x18   | 32    | W      | Data signal of addr_b0           |                                                                      |
| s_axi_control | addr_c0   | 0x20   | 32    | W      | Data signal of addr_c0           |                                                                      |
+---------------+-----------+--------+-------+--------+----------------------------------+----------------------------------------------------------------------+

* TOP LEVEL CONTROL
+-----------+------------+-----------+
| Interface | Type       | Ports     |
+-----------+------------+-----------+
| ap_clk    | clock      | ap_clk    |
| ap_rst_n  | reset      | ap_rst_n  |
| interrupt | interrupt  | interrupt |
| ap_ctrl   | ap_ctrl_hs |           |
+-----------+------------+-----------+


================================================================
== SW I/O Information
================================================================
* Top Function Arguments
+----------+-----------+----------------+
| Argument | Direction | Datatype       |
+----------+-----------+----------------+
| addr_a0  | in        | signed char*   |
| a0_p     | in        | unsigned short |
| addr_b0  | in        | unsigned char* |
| b0_q     | in        | unsigned short |
| addr_c0  | out       | int*           |
| m        | in        | unsigned short |
| return   | out       | unsigned char  |
+----------+-----------+----------------+

* SW-to-HW Mapping
+----------+---------------+-----------+----------+-------------------------------------+
| Argument | HW Interface  | HW Type   | HW Usage | HW Info                             |
+----------+---------------+-----------+----------+-------------------------------------+
| addr_a0  | m_axi_aw      | interface |          |                                     |
| addr_a0  | s_axi_control | register  | offset   | name=addr_a0 offset=0x10 range=32   |
| a0_p     | s_axi_ap      | register  |          | name=a0_p offset=0x18 range=32      |
| addr_b0  | m_axi_bi      | interface |          |                                     |
| addr_b0  | s_axi_control | register  | offset   | name=addr_b0 offset=0x18 range=32   |
| b0_q     | s_axi_ap      | register  |          | name=b0_q offset=0x20 range=32      |
| addr_c0  | m_axi_ca      | interface |          |                                     |
| addr_c0  | s_axi_control | register  | offset   | name=addr_c0 offset=0x20 range=32   |
| m        | s_axi_ap      | register  |          | name=m offset=0x28 range=32         |
| return   | s_axi_ap      | register  |          | name=ap_return offset=0x10 range=32 |
+----------+---------------+-----------+----------+-------------------------------------+


================================================================
== M_AXI Burst Information
================================================================
 Note: All burst requests might be further partitioned into multiple requests during RTL generation based on max_read_burst_length or max_write_burst_length settings.

* Inferred Burst Summary
+--------------+-----------+--------+-------+
| HW Interface | Direction | Length | Width |
+--------------+-----------+--------+-------+
| m_axi_ca     | write     | 8      | 32    |
+--------------+-----------+--------+-------+

* All M_AXI Variable Accesses
+--------------+----------+--------------------------------------------------+-----------+--------------+--------+------------+-------------------------------------------------------------------------------------------------------+
| HW Interface | Variable | Access Location                                  | Direction | Burst Status | Length | Resolution | Problem                                                                                               |
+--------------+----------+--------------------------------------------------+-----------+--------------+--------+------------+-------------------------------------------------------------------------------------------------------+
| m_axi_ca     | out      | /home/ulisses/Projects/ursa/exp/src/sa.cpp:92:17 | write     | Widen Fail   |        | 214-353    | Could not widen since type i32 size is greater than or equal to the max_widen_bitwidth threshold of 0 |
| m_axi_ca     | out      | /home/ulisses/Projects/ursa/exp/src/sa.cpp:92:17 | write     | Inferred     | 8      |            |                                                                                                       |
+--------------+----------+--------------------------------------------------+-----------+--------------+--------+------------+-------------------------------------------------------------------------------------------------------+

    * Resolution URL: docs.xilinx.com/access/sources/dita/topic?Doc_Version=2023.2%20English&url=ug1448-hls-guidance&resourceid=XXX-YYY.html (replace XXX-YYY with column value)

================================================================
== Bind Op Report
================================================================
+-----------------------------------------------+-----+--------+-------------+-----+-----------+---------+
| Name                                          | DSP | Pragma | Variable    | Op  | Impl      | Latency |
+-----------------------------------------------+-----+--------+-------------+-----+-----------+---------+
| + mxm_execute_ursa                            | 75  |        |             |     |           |         |
|   sub24_fu_1173_p2                            |     |        | sub24       | add | fabric    | 0       |
|   mul_13ns_13ns_26_1_1_U283                   | 1   |        | bound       | mul | auto      | 0       |
|   add_ln165_fu_1229_p2                        |     |        | add_ln165   | add | fabric    | 0       |
|   add_ln165_1_fu_1254_p2                      |     |        | add_ln165_1 | add | fabric    | 0       |
|   mul_13ns_16ns_29_1_1_U284                   | 1   |        | mul_ln165   | mul | auto      | 0       |
|   mul_13ns_16ns_27_1_1_U285                   | 1   |        | mul_ln165_1 | mul | auto      | 0       |
|   add_ln199_fu_1333_p2                        |     |        | add_ln199   | add | fabric    | 0       |
|   add_ln166_fu_1268_p2                        |     |        | add_ln166   | add | fabric    | 0       |
|  + mxm_execute_ursa_Pipeline_VITIS_LOOP_183_3 | 72  |        |             |     |           |         |
|    k_fu_974_p2                                |     |        | k           | add | fabric    | 0       |
|    add_ln25_fu_990_p2                         |     |        | add_ln25    | add | fabric    | 0       |
|    add_ln25_1_fu_996_p2                       |     |        | add_ln25_1  | add | fabric    | 0       |
|    add_ln24_fu_1489_p2                        |     |        | add_ln24    | add | fabric    | 0       |
|    add_ln25_3_fu_1515_p2                      |     |        | add_ln25_3  | add | fabric    | 0       |
|    add_ln24_1_fu_1062_p2                      |     |        | add_ln24_1  | add | fabric    | 0       |
|    add_ln24_2_fu_1556_p2                      |     |        | add_ln24_2  | add | fabric    | 0       |
|    add_ln25_8_fu_1571_p2                      |     |        | add_ln25_8  | add | fabric    | 0       |
|    add_ln24_3_fu_1126_p2                      |     |        | add_ln24_3  | add | fabric    | 0       |
|    add_ln24_4_fu_1162_p2                      |     |        | add_ln24_4  | add | fabric    | 0       |
|    add_ln25_15_fu_1624_p2                     |     |        | add_ln25_15 | add | fabric    | 0       |
|    sub_ln18_fu_1204_p2                        |     |        | sub_ln18    | sub | fabric    | 0       |
|    add_ln24_5_fu_1220_p2                      |     |        | add_ln24_5  | add | fabric    | 0       |
|    add_ln24_6_fu_1256_p2                      |     |        | add_ln24_6  | add | fabric    | 0       |
|    add_ln25_20_fu_1274_p2                     |     |        | add_ln25_20 | add | fabric    | 0       |
|    sub_i_fu_1308_p2                           |     |        | sub_i       | add | fabric    | 0       |
|    mul_17s_16ns_32_1_1_U1                     | 1   |        | mul_i       | mul | auto      | 0       |
|    add_ln46_7_fu_1897_p2                      |     |        | add_ln46_7  | add | fabric    | 0       |
|    add_ln53_8_fu_1902_p2                      |     |        | add_ln53_8  | add | fabric    | 0       |
|    add_ln46_fu_1677_p2                        |     |        | add_ln46    | add | fabric    | 0       |
|    mul_17s_16ns_32_1_1_U2                     | 1   |        | mul_ln46    | mul | auto      | 0       |
|    add_ln53_9_fu_2188_p2                      |     |        | add_ln53_9  | add | fabric    | 0       |
|    add_ln46_1_fu_1931_p2                      |     |        | add_ln46_1  | add | fabric    | 0       |
|    mul_17s_16ns_32_1_1_U3                     | 1   |        | mul_ln46_1  | mul | auto      | 0       |
|    add_ln53_10_fu_2520_p2                     |     |        | add_ln53_10 | add | fabric    | 0       |
|    add_ln46_2_fu_2217_p2                      |     |        | add_ln46_2  | add | fabric    | 0       |
|    mul_17s_16ns_32_1_1_U4                     | 1   |        | mul_ln46_2  | mul | auto      | 0       |
|    add_ln53_11_fu_2717_p2                     |     |        | add_ln53_11 | add | fabric    | 0       |
|    add_ln46_3_fu_2549_p2                      |     |        | add_ln46_3  | add | fabric    | 0       |
|    mul_17s_16ns_32_1_1_U5                     | 1   |        | mul_ln46_3  | mul | auto      | 0       |
|    add_ln53_12_fu_2881_p2                     |     |        | add_ln53_12 | add | fabric    | 0       |
|    add_ln46_4_fu_2746_p2                      |     |        | add_ln46_4  | add | fabric    | 0       |
|    mul_17s_16ns_32_1_1_U6                     | 1   |        | mul_ln46_4  | mul | auto      | 0       |
|    add_ln53_13_fu_3045_p2                     |     |        | add_ln53_13 | add | fabric    | 0       |
|    add_ln46_5_fu_2910_p2                      |     |        | add_ln46_5  | add | fabric    | 0       |
|    mul_17s_16ns_32_1_1_U7                     | 1   |        | mul_ln46_5  | mul | auto      | 0       |
|    add_ln53_14_fu_3145_p2                     |     |        | add_ln53_14 | add | fabric    | 0       |
|    add_ln46_6_fu_3074_p2                      |     |        | add_ln46_6  | add | fabric    | 0       |
|    mul_17s_16ns_32_1_1_U8                     | 1   |        | mul_ln46_6  | mul | auto      | 0       |
|    add_ln53_15_fu_3201_p2                     |     |        | add_ln53_15 | add | fabric    | 0       |
|    mac_muladd_8ns_8s_32s_32_4_1_U55           | 1   |        | mul_ln19    | mul | dsp_slice | 3       |
|    mac_muladd_8s_8ns_32s_32_4_1_U61           | 1   |        | mul_ln19_1  | mul | dsp_slice | 3       |
|    mac_muladd_8s_8ns_32s_32_4_1_U62           | 1   |        | mul_ln19_2  | mul | dsp_slice | 3       |
|    mac_muladd_8s_8ns_32s_32_4_1_U65           | 1   |        | mul_ln19_3  | mul | dsp_slice | 3       |
|    mac_muladd_8s_8ns_32s_32_4_1_U67           | 1   |        | mul_ln19_4  | mul | dsp_slice | 3       |
|    mac_muladd_8s_8ns_32s_32_4_1_U69           | 1   |        | mul_ln19_5  | mul | dsp_slice | 3       |
|    mac_muladd_8s_8ns_32s_32_4_1_U70           | 1   |        | mul_ln19_6  | mul | dsp_slice | 3       |
|    mac_muladd_8s_8ns_32s_32_4_1_U71           | 1   |        | mul_ln19_7  | mul | dsp_slice | 3       |
|    mac_muladd_8ns_8s_32s_32_4_1_U56           | 1   |        | mul_ln19_8  | mul | dsp_slice | 3       |
|    mac_muladd_8ns_8s_32s_32_4_1_U46           | 1   |        | mul_ln19_9  | mul | dsp_slice | 3       |
|    mac_muladd_8ns_8s_32s_32_4_1_U48           | 1   |        | mul_ln19_10 | mul | dsp_slice | 3       |
|    mac_muladd_8ns_8s_32s_32_4_1_U50           | 1   |        | mul_ln19_11 | mul | dsp_slice | 3       |
|    mac_muladd_8ns_8s_32s_32_4_1_U51           | 1   |        | mul_ln19_12 | mul | dsp_slice | 3       |
|    mac_muladd_8ns_8s_32s_32_4_1_U52           | 1   |        | mul_ln19_13 | mul | dsp_slice | 3       |
|    mac_muladd_8ns_8s_32s_32_4_1_U57           | 1   |        | mul_ln19_14 | mul | dsp_slice | 3       |
|    mac_muladd_8ns_8s_32s_32_4_1_U58           | 1   |        | mul_ln19_15 | mul | dsp_slice | 3       |
|    mac_muladd_8ns_8s_32s_32_4_1_U59           | 1   |        | mul_ln19_16 | mul | dsp_slice | 3       |
|    mac_muladd_8ns_8s_32s_32_4_1_U44           | 1   |        | mul_ln19_17 | mul | dsp_slice | 3       |
|    mac_muladd_8ns_8s_32s_32_4_1_U9            | 1   |        | mul_ln19_18 | mul | dsp_slice | 3       |
|    mac_muladd_8ns_8s_32s_32_4_1_U33           | 1   |        | mul_ln19_19 | mul | dsp_slice | 3       |
|    mac_muladd_8ns_8s_32s_32_4_1_U34           | 1   |        | mul_ln19_20 | mul | dsp_slice | 3       |
|    mac_muladd_8ns_8s_32s_32_4_1_U41           | 1   |        | mul_ln19_21 | mul | dsp_slice | 3       |
|    mac_muladd_8ns_8s_32s_32_4_1_U42           | 1   |        | mul_ln19_22 | mul | dsp_slice | 3       |
|    mac_muladd_8ns_8s_32s_32_4_1_U45           | 1   |        | mul_ln19_23 | mul | dsp_slice | 3       |
|    mac_muladd_8ns_8s_32s_32_4_1_U63           | 1   |        | mul_ln19_24 | mul | dsp_slice | 3       |
|    mac_muladd_8ns_8s_32s_32_4_1_U47           | 1   |        | mul_ln19_25 | mul | dsp_slice | 3       |
|    mac_muladd_8ns_8s_32s_32_4_1_U10           | 1   |        | mul_ln19_26 | mul | dsp_slice | 3       |
|    mac_muladd_8ns_8s_32s_32_4_1_U11           | 1   |        | mul_ln19_27 | mul | dsp_slice | 3       |
|    mac_muladd_8ns_8s_32s_32_4_1_U12           | 1   |        | mul_ln19_28 | mul | dsp_slice | 3       |
|    mac_muladd_8ns_8s_32s_32_4_1_U13           | 1   |        | mul_ln19_29 | mul | dsp_slice | 3       |
|    mac_muladd_8ns_8s_32s_32_4_1_U14           | 1   |        | mul_ln19_30 | mul | dsp_slice | 3       |
|    mac_muladd_8ns_8s_32s_32_4_1_U15           | 1   |        | mul_ln19_31 | mul | dsp_slice | 3       |
|    mac_muladd_8ns_8s_32s_32_4_1_U64           | 1   |        | mul_ln19_32 | mul | dsp_slice | 3       |
|    mac_muladd_8ns_8s_32s_32_4_1_U49           | 1   |        | mul_ln19_33 | mul | dsp_slice | 3       |
|    mac_muladd_8ns_8s_32s_32_4_1_U16           | 1   |        | mul_ln19_34 | mul | dsp_slice | 3       |
|    mac_muladd_8ns_8s_32s_32_4_1_U17           | 1   |        | mul_ln19_35 | mul | dsp_slice | 3       |
|    mac_muladd_8ns_8s_32s_32_4_1_U18           | 1   |        | mul_ln19_36 | mul | dsp_slice | 3       |
|    mac_muladd_8ns_8s_32s_32_4_1_U19           | 1   |        | mul_ln19_37 | mul | dsp_slice | 3       |
|    mac_muladd_8ns_8s_32s_32_4_1_U20           | 1   |        | mul_ln19_38 | mul | dsp_slice | 3       |
|    mac_muladd_8ns_8s_32s_32_4_1_U21           | 1   |        | mul_ln19_39 | mul | dsp_slice | 3       |
|    mac_muladd_8ns_8s_32s_32_4_1_U66           | 1   |        | mul_ln19_40 | mul | dsp_slice | 3       |
|    mac_muladd_8ns_8s_32s_32_4_1_U53           | 1   |        | mul_ln19_41 | mul | dsp_slice | 3       |
|    mac_muladd_8ns_8s_32s_32_4_1_U35           | 1   |        | mul_ln19_42 | mul | dsp_slice | 3       |
|    mac_muladd_8ns_8s_32s_32_4_1_U22           | 1   |        | mul_ln19_43 | mul | dsp_slice | 3       |
|    mac_muladd_8ns_8s_32s_32_4_1_U23           | 1   |        | mul_ln19_44 | mul | dsp_slice | 3       |
|    mac_muladd_8ns_8s_32s_32_4_1_U24           | 1   |        | mul_ln19_45 | mul | dsp_slice | 3       |
|    mac_muladd_8ns_8s_32s_32_4_1_U25           | 1   |        | mul_ln19_46 | mul | dsp_slice | 3       |
|    mac_muladd_8ns_8s_32s_32_4_1_U26           | 1   |        | mul_ln19_47 | mul | dsp_slice | 3       |
|    mac_muladd_8ns_8s_32s_32_4_1_U68           | 1   |        | mul_ln19_48 | mul | dsp_slice | 3       |
|    mac_muladd_8ns_8s_32s_32_4_1_U54           | 1   |        | mul_ln19_49 | mul | dsp_slice | 3       |
|    mac_muladd_8ns_8s_32s_32_4_1_U36           | 1   |        | mul_ln19_50 | mul | dsp_slice | 3       |
|    mac_muladd_8ns_8s_32s_32_4_1_U27           | 1   |        | mul_ln19_51 | mul | dsp_slice | 3       |
|    mac_muladd_8ns_8s_32s_32_4_1_U28           | 1   |        | mul_ln19_52 | mul | dsp_slice | 3       |
|    mac_muladd_8ns_8s_32s_32_4_1_U29           | 1   |        | mul_ln19_53 | mul | dsp_slice | 3       |
|    mac_muladd_8ns_8s_32s_32_4_1_U30           | 1   |        | mul_ln19_54 | mul | dsp_slice | 3       |
|    mac_muladd_8ns_8s_32s_32_4_1_U31           | 1   |        | mul_ln19_55 | mul | dsp_slice | 3       |
|    mac_muladd_8ns_8s_32s_32_4_1_U72           | 1   |        | mul_ln19_56 | mul | dsp_slice | 3       |
|    mac_muladd_8ns_8s_32s_32_4_1_U60           | 1   |        | mul_ln19_57 | mul | dsp_slice | 3       |
|    mac_muladd_8ns_8s_32s_32_4_1_U43           | 1   |        | mul_ln19_58 | mul | dsp_slice | 3       |
|    mac_muladd_8ns_8s_32s_32_4_1_U32           | 1   |        | mul_ln19_59 | mul | dsp_slice | 3       |
|    mac_muladd_8ns_8s_32s_32_4_1_U37           | 1   |        | mul_ln19_60 | mul | dsp_slice | 3       |
|    mac_muladd_8ns_8s_32s_32_4_1_U38           | 1   |        | mul_ln19_61 | mul | dsp_slice | 3       |
|    mac_muladd_8ns_8s_32s_32_4_1_U39           | 1   |        | mul_ln19_62 | mul | dsp_slice | 3       |
|    mac_muladd_8ns_8s_32s_32_4_1_U40           | 1   |        | mul_ln19_63 | mul | dsp_slice | 3       |
|    mac_muladd_8ns_8s_32s_32_4_1_U55           | 1   |        | add_ln19    | add | dsp_slice | 3       |
|    mac_muladd_8s_8ns_32s_32_4_1_U61           | 1   |        | add_ln19_1  | add | dsp_slice | 3       |
|    mac_muladd_8s_8ns_32s_32_4_1_U62           | 1   |        | add_ln19_2  | add | dsp_slice | 3       |
|    mac_muladd_8s_8ns_32s_32_4_1_U65           | 1   |        | add_ln19_3  | add | dsp_slice | 3       |
|    mac_muladd_8s_8ns_32s_32_4_1_U67           | 1   |        | add_ln19_4  | add | dsp_slice | 3       |
|    mac_muladd_8s_8ns_32s_32_4_1_U69           | 1   |        | add_ln19_5  | add | dsp_slice | 3       |
|    mac_muladd_8s_8ns_32s_32_4_1_U70           | 1   |        | add_ln19_6  | add | dsp_slice | 3       |
|    mac_muladd_8s_8ns_32s_32_4_1_U71           | 1   |        | add_ln19_7  | add | dsp_slice | 3       |
|    mac_muladd_8ns_8s_32s_32_4_1_U56           | 1   |        | add_ln19_8  | add | dsp_slice | 3       |
|    mac_muladd_8ns_8s_32s_32_4_1_U46           | 1   |        | add_ln19_9  | add | dsp_slice | 3       |
|    mac_muladd_8ns_8s_32s_32_4_1_U48           | 1   |        | add_ln19_10 | add | dsp_slice | 3       |
|    mac_muladd_8ns_8s_32s_32_4_1_U50           | 1   |        | add_ln19_11 | add | dsp_slice | 3       |
|    mac_muladd_8ns_8s_32s_32_4_1_U51           | 1   |        | add_ln19_12 | add | dsp_slice | 3       |
|    mac_muladd_8ns_8s_32s_32_4_1_U52           | 1   |        | add_ln19_13 | add | dsp_slice | 3       |
|    mac_muladd_8ns_8s_32s_32_4_1_U57           | 1   |        | add_ln19_14 | add | dsp_slice | 3       |
|    mac_muladd_8ns_8s_32s_32_4_1_U58           | 1   |        | add_ln19_15 | add | dsp_slice | 3       |
|    mac_muladd_8ns_8s_32s_32_4_1_U59           | 1   |        | add_ln19_16 | add | dsp_slice | 3       |
|    mac_muladd_8ns_8s_32s_32_4_1_U44           | 1   |        | add_ln19_17 | add | dsp_slice | 3       |
|    mac_muladd_8ns_8s_32s_32_4_1_U9            | 1   |        | add_ln19_18 | add | dsp_slice | 3       |
|    mac_muladd_8ns_8s_32s_32_4_1_U33           | 1   |        | add_ln19_19 | add | dsp_slice | 3       |
|    mac_muladd_8ns_8s_32s_32_4_1_U34           | 1   |        | add_ln19_20 | add | dsp_slice | 3       |
|    mac_muladd_8ns_8s_32s_32_4_1_U41           | 1   |        | add_ln19_21 | add | dsp_slice | 3       |
|    mac_muladd_8ns_8s_32s_32_4_1_U42           | 1   |        | add_ln19_22 | add | dsp_slice | 3       |
|    mac_muladd_8ns_8s_32s_32_4_1_U45           | 1   |        | add_ln19_23 | add | dsp_slice | 3       |
|    mac_muladd_8ns_8s_32s_32_4_1_U63           | 1   |        | add_ln19_24 | add | dsp_slice | 3       |
|    mac_muladd_8ns_8s_32s_32_4_1_U47           | 1   |        | add_ln19_25 | add | dsp_slice | 3       |
|    mac_muladd_8ns_8s_32s_32_4_1_U10           | 1   |        | add_ln19_26 | add | dsp_slice | 3       |
|    mac_muladd_8ns_8s_32s_32_4_1_U11           | 1   |        | add_ln19_27 | add | dsp_slice | 3       |
|    mac_muladd_8ns_8s_32s_32_4_1_U12           | 1   |        | add_ln19_28 | add | dsp_slice | 3       |
|    mac_muladd_8ns_8s_32s_32_4_1_U13           | 1   |        | add_ln19_29 | add | dsp_slice | 3       |
|    mac_muladd_8ns_8s_32s_32_4_1_U14           | 1   |        | add_ln19_30 | add | dsp_slice | 3       |
|    mac_muladd_8ns_8s_32s_32_4_1_U15           | 1   |        | add_ln19_31 | add | dsp_slice | 3       |
|    mac_muladd_8ns_8s_32s_32_4_1_U64           | 1   |        | add_ln19_32 | add | dsp_slice | 3       |
|    mac_muladd_8ns_8s_32s_32_4_1_U49           | 1   |        | add_ln19_33 | add | dsp_slice | 3       |
|    mac_muladd_8ns_8s_32s_32_4_1_U16           | 1   |        | add_ln19_34 | add | dsp_slice | 3       |
|    mac_muladd_8ns_8s_32s_32_4_1_U17           | 1   |        | add_ln19_35 | add | dsp_slice | 3       |
|    mac_muladd_8ns_8s_32s_32_4_1_U18           | 1   |        | add_ln19_36 | add | dsp_slice | 3       |
|    mac_muladd_8ns_8s_32s_32_4_1_U19           | 1   |        | add_ln19_37 | add | dsp_slice | 3       |
|    mac_muladd_8ns_8s_32s_32_4_1_U20           | 1   |        | add_ln19_38 | add | dsp_slice | 3       |
|    mac_muladd_8ns_8s_32s_32_4_1_U21           | 1   |        | add_ln19_39 | add | dsp_slice | 3       |
|    mac_muladd_8ns_8s_32s_32_4_1_U66           | 1   |        | add_ln19_40 | add | dsp_slice | 3       |
|    mac_muladd_8ns_8s_32s_32_4_1_U53           | 1   |        | add_ln19_41 | add | dsp_slice | 3       |
|    mac_muladd_8ns_8s_32s_32_4_1_U35           | 1   |        | add_ln19_42 | add | dsp_slice | 3       |
|    mac_muladd_8ns_8s_32s_32_4_1_U22           | 1   |        | add_ln19_43 | add | dsp_slice | 3       |
|    mac_muladd_8ns_8s_32s_32_4_1_U23           | 1   |        | add_ln19_44 | add | dsp_slice | 3       |
|    mac_muladd_8ns_8s_32s_32_4_1_U24           | 1   |        | add_ln19_45 | add | dsp_slice | 3       |
|    mac_muladd_8ns_8s_32s_32_4_1_U25           | 1   |        | add_ln19_46 | add | dsp_slice | 3       |
|    mac_muladd_8ns_8s_32s_32_4_1_U26           | 1   |        | add_ln19_47 | add | dsp_slice | 3       |
|    mac_muladd_8ns_8s_32s_32_4_1_U68           | 1   |        | add_ln19_48 | add | dsp_slice | 3       |
|    mac_muladd_8ns_8s_32s_32_4_1_U54           | 1   |        | add_ln19_49 | add | dsp_slice | 3       |
|    mac_muladd_8ns_8s_32s_32_4_1_U36           | 1   |        | add_ln19_50 | add | dsp_slice | 3       |
|    mac_muladd_8ns_8s_32s_32_4_1_U27           | 1   |        | add_ln19_51 | add | dsp_slice | 3       |
|    mac_muladd_8ns_8s_32s_32_4_1_U28           | 1   |        | add_ln19_52 | add | dsp_slice | 3       |
|    mac_muladd_8ns_8s_32s_32_4_1_U29           | 1   |        | add_ln19_53 | add | dsp_slice | 3       |
|    mac_muladd_8ns_8s_32s_32_4_1_U30           | 1   |        | add_ln19_54 | add | dsp_slice | 3       |
|    mac_muladd_8ns_8s_32s_32_4_1_U31           | 1   |        | add_ln19_55 | add | dsp_slice | 3       |
|    mac_muladd_8ns_8s_32s_32_4_1_U72           | 1   |        | add_ln19_56 | add | dsp_slice | 3       |
|    mac_muladd_8ns_8s_32s_32_4_1_U60           | 1   |        | add_ln19_57 | add | dsp_slice | 3       |
|    mac_muladd_8ns_8s_32s_32_4_1_U43           | 1   |        | add_ln19_58 | add | dsp_slice | 3       |
|    mac_muladd_8ns_8s_32s_32_4_1_U32           | 1   |        | add_ln19_59 | add | dsp_slice | 3       |
|    mac_muladd_8ns_8s_32s_32_4_1_U37           | 1   |        | add_ln19_60 | add | dsp_slice | 3       |
|    mac_muladd_8ns_8s_32s_32_4_1_U38           | 1   |        | add_ln19_61 | add | dsp_slice | 3       |
|    mac_muladd_8ns_8s_32s_32_4_1_U39           | 1   |        | add_ln19_62 | add | dsp_slice | 3       |
|    mac_muladd_8ns_8s_32s_32_4_1_U40           | 1   |        | add_ln19_63 | add | dsp_slice | 3       |
|  + sa_store                                   | 0   |        |             |     |           |         |
|    add_ln92_fu_794_p2                         |     |        | add_ln92    | add | fabric    | 0       |
|    add_ln92_1_fu_859_p2                       |     |        | add_ln92_1  | add | fabric    | 0       |
|    add_ln92_2_fu_872_p2                       |     |        | add_ln92_2  | add | fabric    | 0       |
|    add_ln92_3_fu_948_p2                       |     |        | add_ln92_3  | add | fabric    | 0       |
|    add_ln92_4_fu_961_p2                       |     |        | add_ln92_4  | add | fabric    | 0       |
|    sub_ln92_fu_1047_p2                        |     |        | sub_ln92    | sub | fabric    | 0       |
|    add_ln92_5_fu_1057_p2                      |     |        | add_ln92_5  | add | fabric    | 0       |
|    add_ln92_6_fu_1070_p2                      |     |        | add_ln92_6  | add | fabric    | 0       |
|    add_ln92_7_fu_1085_p2                      |     |        | add_ln92_7  | add | fabric    | 0       |
|    add_ln92_8_fu_1098_p2                      |     |        | add_ln92_8  | add | fabric    | 0       |
|    add_ln92_9_fu_1113_p2                      |     |        | add_ln92_9  | add | fabric    | 0       |
|    add_ln92_10_fu_1126_p2                     |     |        | add_ln92_10 | add | fabric    | 0       |
|    mul_6_fu_1155_p2                           |     |        | mul_6       | sub | fabric    | 0       |
|    add_ln92_11_fu_1165_p2                     |     |        | add_ln92_11 | add | fabric    | 0       |
|    add_ln92_12_fu_1178_p2                     |     |        | add_ln92_12 | add | fabric    | 0       |
|    sub_ln92_1_fu_1193_p2                      |     |        | sub_ln92_1  | sub | fabric    | 0       |
|    add_ln92_13_fu_1203_p2                     |     |        | add_ln92_13 | add | fabric    | 0       |
|    add_ln92_14_fu_1216_p2                     |     |        | add_ln92_14 | add | fabric    | 0       |
+-----------------------------------------------+-----+--------+-------------+-----+-----------+---------+


================================================================
== Storage Report
================================================================
+--------------------+-----------+-----------+------+------+--------+----------+------+---------+------------------+
| Name               | Usage     | Type      | BRAM | URAM | Pragma | Variable | Impl | Latency | Bitwidth, Depth, |
|                    |           |           |      |      |        |          |      |         | Banks            |
+--------------------+-----------+-----------+------+------+--------+----------+------+---------+------------------+
| + mxm_execute_ursa |           |           | 8    | 0    |        |          |      |         |                  |
|   ap_s_axi_U       | interface | s_axilite |      |      |        |          |      |         |                  |
|   control_s_axi_U  | interface | s_axilite |      |      |        |          |      |         |                  |
|   aw_m_axi_U       | interface | m_axi     | 2    |      |        |          |      |         |                  |
|   bi_m_axi_U       | interface | m_axi     | 2    |      |        |          |      |         |                  |
|   ca_m_axi_U       | interface | m_axi     | 4    |      |        |          |      |         |                  |
+--------------------+-----------+-----------+------+------+--------+----------+------+---------+------------------+


================================================================
== Pragma Report
================================================================
* Pragmas with Warnings
+----------+---------+---------------------------------------------+--------------------------------------------------------------+
| Type     | Options | Location                                    | Messages                                                     |
+----------+---------+---------------------------------------------+--------------------------------------------------------------+
| unroll   |         | ../../src/pe.cpp:16 in pe_compute           | '#pragma HLS unroll' can only be applied inside loop body    |
| dataflow |         | ../../src/shell.cpp:160 in mxm_execute_ursa | Only 'for' loop or function body support the dataflow pragma |
+----------+---------+---------------------------------------------+--------------------------------------------------------------+

* Valid Pragma Syntax
+-----------------+--------------------------------------------------------------------------------------------------------------------------------------------------------------+--------------------------------------------------------+
| Type            | Options                                                                                                                                                      | Location                                               |
+-----------------+--------------------------------------------------------------------------------------------------------------------------------------------------------------+--------------------------------------------------------+
| array_partition | variable=sa->pe complete                                                                                                                                     | ../../src/sa.cpp:8 in sa_init, sa->pe                  |
| array_partition | variable=sa->in_mtx_a_li complete                                                                                                                            | ../../src/sa.cpp:9 in sa_init, sa->in_mtx_a_li         |
| array_partition | variable=sa->in_mtx_b_tw complete                                                                                                                            | ../../src/sa.cpp:10 in sa_init, sa->in_mtx_b_tw        |
| pipeline        | II=1                                                                                                                                                         | ../../src/sa.cpp:14 in sa_init                         |
| unroll          |                                                                                                                                                              | ../../src/sa.cpp:17 in sa_init                         |
| unroll          |                                                                                                                                                              | ../../src/sa.cpp:19 in sa_init                         |
| pipeline        | II=1                                                                                                                                                         | ../../src/sa.cpp:26 in sa_reset                        |
| unroll          |                                                                                                                                                              | ../../src/sa.cpp:29 in sa_reset                        |
| unroll          |                                                                                                                                                              | ../../src/sa.cpp:31 in sa_reset                        |
| dependence      | variable=sa->in_mtx_a_li inter false                                                                                                                         | ../../src/sa.cpp:38 in sa_input_a_b, sa->in_mtx_a_li   |
| dependence      | variable=sa->in_mtx_b_tw inter false                                                                                                                         | ../../src/sa.cpp:39 in sa_input_a_b, sa->in_mtx_b_tw   |
| pipeline        | II=1                                                                                                                                                         | ../../src/sa.cpp:48 in sa_compute                      |
| unroll          |                                                                                                                                                              | ../../src/sa.cpp:52 in sa_compute                      |
| unroll          |                                                                                                                                                              | ../../src/sa.cpp:59 in sa_compute                      |
| unroll          |                                                                                                                                                              | ../../src/sa.cpp:61 in sa_compute                      |
| unroll          |                                                                                                                                                              | ../../src/sa.cpp:68 in sa_compute                      |
| unroll          |                                                                                                                                                              | ../../src/sa.cpp:70 in sa_compute                      |
| unroll          |                                                                                                                                                              | ../../src/sa.cpp:77 in sa_compute                      |
| unroll          |                                                                                                                                                              | ../../src/sa.cpp:79 in sa_compute                      |
| pipeline        | II=1                                                                                                                                                         | ../../src/sa.cpp:86 in sa_store                        |
| unroll          |                                                                                                                                                              | ../../src/sa.cpp:89 in sa_store                        |
| unroll          |                                                                                                                                                              | ../../src/sa.cpp:91 in sa_store                        |
| pipeline        | II=1                                                                                                                                                         | ../../src/shell.cpp:15 in fill_inputs_a                |
| unroll          |                                                                                                                                                              | ../../src/shell.cpp:17 in fill_inputs_a                |
| pipeline        | II=1                                                                                                                                                         | ../../src/shell.cpp:43 in fill_inputs_b                |
| unroll          |                                                                                                                                                              | ../../src/shell.cpp:45 in fill_inputs_b                |
| pipeline        | II=1                                                                                                                                                         | ../../src/shell.cpp:65 in load_inputs_sa               |
| unroll          | factor=8                                                                                                                                                     | ../../src/shell.cpp:68 in load_inputs_sa               |
| interface       | mode=m_axi port=casted_a0 bundle=aw offset=slave num_read_outstanding=8 num_write_outstanding=8 max_read_burst_length=16 max_write_burst_length=16 depth=200 | ../../src/shell.cpp:107 in mxm_execute_ursa, casted_a0 |
| interface       | mode=m_axi port=casted_b0 bundle=bi offset=slave num_read_outstanding=8 num_write_outstanding=8 max_read_burst_length=16 max_write_burst_length=16 depth=200 | ../../src/shell.cpp:111 in mxm_execute_ursa, casted_b0 |
| interface       | mode=m_axi port=casted_c0 bundle=ca offset=slave num_read_outstanding=8 num_write_outstanding=8 max_read_burst_length=16 max_write_burst_length=16 depth=200 | ../../src/shell.cpp:115 in mxm_execute_ursa, casted_c0 |
| interface       | mode=s_axilite port=return bundle=ap register                                                                                                                | ../../src/shell.cpp:120 in mxm_execute_ursa, return    |
| interface       | mode=s_axilite port=a0_p bundle=ap register                                                                                                                  | ../../src/shell.cpp:123 in mxm_execute_ursa, a0_p      |
| interface       | mode=s_axilite port=b0_q bundle=ap register                                                                                                                  | ../../src/shell.cpp:124 in mxm_execute_ursa, b0_q      |
| interface       | mode=s_axilite port=m bundle=ap register                                                                                                                     | ../../src/shell.cpp:125 in mxm_execute_ursa, m         |
| array_partition | variable=in_a complete dim=1                                                                                                                                 | ../../src/shell.cpp:143 in mxm_execute_ursa, in_a      |
| array_partition | variable=in_b complete dim=1                                                                                                                                 | ../../src/shell.cpp:146 in mxm_execute_ursa, in_b      |
| array_partition | variable=sa complete dim=1                                                                                                                                   | ../../src/shell.cpp:157 in mxm_execute_ursa, sa        |
| pipeline        | II=1                                                                                                                                                         | ../../src/shell.cpp:184 in mxm_execute_ursa            |
+-----------------+--------------------------------------------------------------------------------------------------------------------------------------------------------------+--------------------------------------------------------+


