
*** Running vivado
    with args -log ursa_vanilla_xbar_2.vds -m64 -product Vivado -mode batch -messageDb vivado.pb -notrace -source ursa_vanilla_xbar_2.tcl


****** Vivado v2023.2 (64-bit)
  **** SW Build 4029153 on Fri Oct 13 20:13:54 MDT 2023
  **** IP Build 4028589 on Sat Oct 14 00:45:43 MDT 2023
  **** SharedData Build 4025554 on Tue Oct 10 17:18:54 MDT 2023
    ** Copyright 1986-2022 Xilinx, Inc. All Rights Reserved.
    ** Copyright 2022-2023 Advanced Micro Devices, Inc. All Rights Reserved.

source ursa_vanilla_xbar_2.tcl -notrace
INFO: [IP_Flow 19-234] Refreshing IP repositories
INFO: [IP_Flow 19-1700] Loaded user IP repository '/home/fi/Documents/GitHub/ursa/vitis/hls_ursa/hls_ursa'.
INFO: [IP_Flow 19-2313] Loaded Vivado IP repository '/opt/Xilinx/Vivado/2023.2/data/ip'.
INFO: [IP_Flow 19-6924] IPCACHE: Running cache check for IP inst: ursa_vanilla_xbar_2
Command: synth_design -top ursa_vanilla_xbar_2 -part xc7z020clg484-1 -incremental_mode off -mode out_of_context
Starting synth_design
Attempting to get a license for feature 'Synthesis' and/or device 'xc7z020'
INFO: [Common 17-349] Got license for feature 'Synthesis' and/or device 'xc7z020'
INFO: [Device 21-403] Loading part xc7z020clg484-1
INFO: [Synth 8-7079] Multithreading enabled for synth_design using a maximum of 4 processes.
INFO: [Synth 8-7078] Launching helper process for spawning children vivado processes
INFO: [Synth 8-7075] Helper process launched with PID 888054
---------------------------------------------------------------------------------
Starting RTL Elaboration : Time (s): cpu = 00:00:03 ; elapsed = 00:00:03 . Memory (MB): peak = 2118.449 ; gain = 402.801 ; free physical = 716 ; free virtual = 4992
---------------------------------------------------------------------------------
INFO: [Synth 8-6157] synthesizing module 'ursa_vanilla_xbar_2' [/home/fi/Documents/GitHub/ursa/exp/vivado/ursa_vanilla/ursa_vanilla.gen/sources_1/bd/ursa_vanilla/ip/ursa_vanilla_xbar_2/synth/ursa_vanilla_xbar_2.v:53]
INFO: [Synth 8-6157] synthesizing module 'axi_crossbar_v2_1_30_axi_crossbar' [/home/fi/Documents/GitHub/ursa/exp/vivado/ursa_vanilla/ursa_vanilla.gen/sources_1/bd/ursa_vanilla/ipshared/fb47/hdl/axi_crossbar_v2_1_vl_rfs.v:4871]
INFO: [Synth 8-6157] synthesizing module 'axi_crossbar_v2_1_30_crossbar' [/home/fi/Documents/GitHub/ursa/exp/vivado/ursa_vanilla/ursa_vanilla.gen/sources_1/bd/ursa_vanilla/ipshared/fb47/hdl/axi_crossbar_v2_1_vl_rfs.v:2232]
INFO: [Synth 8-6157] synthesizing module 'axi_crossbar_v2_1_30_si_transactor' [/home/fi/Documents/GitHub/ursa/exp/vivado/ursa_vanilla/ursa_vanilla.gen/sources_1/bd/ursa_vanilla/ipshared/fb47/hdl/axi_crossbar_v2_1_vl_rfs.v:3791]
INFO: [Synth 8-6157] synthesizing module 'axi_crossbar_v2_1_30_addr_decoder' [/home/fi/Documents/GitHub/ursa/exp/vivado/ursa_vanilla/ursa_vanilla.gen/sources_1/bd/ursa_vanilla/ipshared/fb47/hdl/axi_crossbar_v2_1_vl_rfs.v:790]
INFO: [Synth 8-6157] synthesizing module 'generic_baseblocks_v2_1_1_comparator_static' [/home/fi/Documents/GitHub/ursa/exp/vivado/ursa_vanilla/ursa_vanilla.gen/sources_1/bd/ursa_vanilla/ipshared/10ab/hdl/generic_baseblocks_v2_1_vl_rfs.v:2119]
INFO: [Synth 8-6157] synthesizing module 'generic_baseblocks_v2_1_1_carry_and' [/home/fi/Documents/GitHub/ursa/exp/vivado/ursa_vanilla/ursa_vanilla.gen/sources_1/bd/ursa_vanilla/ipshared/10ab/hdl/generic_baseblocks_v2_1_vl_rfs.v:60]
INFO: [Synth 8-6155] done synthesizing module 'generic_baseblocks_v2_1_1_carry_and' (0#1) [/home/fi/Documents/GitHub/ursa/exp/vivado/ursa_vanilla/ursa_vanilla.gen/sources_1/bd/ursa_vanilla/ipshared/10ab/hdl/generic_baseblocks_v2_1_vl_rfs.v:60]
INFO: [Synth 8-6155] done synthesizing module 'generic_baseblocks_v2_1_1_comparator_static' (0#1) [/home/fi/Documents/GitHub/ursa/exp/vivado/ursa_vanilla/ursa_vanilla.gen/sources_1/bd/ursa_vanilla/ipshared/10ab/hdl/generic_baseblocks_v2_1_vl_rfs.v:2119]
INFO: [Synth 8-6155] done synthesizing module 'axi_crossbar_v2_1_30_addr_decoder' (0#1) [/home/fi/Documents/GitHub/ursa/exp/vivado/ursa_vanilla/ursa_vanilla.gen/sources_1/bd/ursa_vanilla/ipshared/fb47/hdl/axi_crossbar_v2_1_vl_rfs.v:790]
INFO: [Synth 8-6157] synthesizing module 'axi_data_fifo_v2_1_28_axic_srl_fifo' [/home/fi/Documents/GitHub/ursa/exp/vivado/ursa_vanilla/ursa_vanilla.gen/sources_1/bd/ursa_vanilla/ipshared/279e/hdl/axi_data_fifo_v2_1_vl_rfs.v:694]
INFO: [Synth 8-6157] synthesizing module 'axi_data_fifo_v2_1_28_ndeep_srl' [/home/fi/Documents/GitHub/ursa/exp/vivado/ursa_vanilla/ursa_vanilla.gen/sources_1/bd/ursa_vanilla/ipshared/279e/hdl/axi_data_fifo_v2_1_vl_rfs.v:1129]
INFO: [Synth 8-6157] synthesizing module 'SRLC32E' [/opt/Xilinx/Vivado/2023.2/scripts/rt/data/unisim_comp.v:133887]
INFO: [Synth 8-6155] done synthesizing module 'SRLC32E' (0#1) [/opt/Xilinx/Vivado/2023.2/scripts/rt/data/unisim_comp.v:133887]
INFO: [Synth 8-6155] done synthesizing module 'axi_data_fifo_v2_1_28_ndeep_srl' (0#1) [/home/fi/Documents/GitHub/ursa/exp/vivado/ursa_vanilla/ursa_vanilla.gen/sources_1/bd/ursa_vanilla/ipshared/279e/hdl/axi_data_fifo_v2_1_vl_rfs.v:1129]
INFO: [Synth 8-6155] done synthesizing module 'axi_data_fifo_v2_1_28_axic_srl_fifo' (0#1) [/home/fi/Documents/GitHub/ursa/exp/vivado/ursa_vanilla/ursa_vanilla.gen/sources_1/bd/ursa_vanilla/ipshared/279e/hdl/axi_data_fifo_v2_1_vl_rfs.v:694]
INFO: [Synth 8-6157] synthesizing module 'axi_crossbar_v2_1_30_arbiter_resp' [/home/fi/Documents/GitHub/ursa/exp/vivado/ursa_vanilla/ursa_vanilla.gen/sources_1/bd/ursa_vanilla/ipshared/fb47/hdl/axi_crossbar_v2_1_vl_rfs.v:1020]
INFO: [Synth 8-6155] done synthesizing module 'axi_crossbar_v2_1_30_arbiter_resp' (0#1) [/home/fi/Documents/GitHub/ursa/exp/vivado/ursa_vanilla/ursa_vanilla.gen/sources_1/bd/ursa_vanilla/ipshared/fb47/hdl/axi_crossbar_v2_1_vl_rfs.v:1020]
INFO: [Synth 8-6157] synthesizing module 'generic_baseblocks_v2_1_1_mux_enc' [/home/fi/Documents/GitHub/ursa/exp/vivado/ursa_vanilla/ursa_vanilla.gen/sources_1/bd/ursa_vanilla/ipshared/10ab/hdl/generic_baseblocks_v2_1_vl_rfs.v:2436]
INFO: [Synth 8-6155] done synthesizing module 'generic_baseblocks_v2_1_1_mux_enc' (0#1) [/home/fi/Documents/GitHub/ursa/exp/vivado/ursa_vanilla/ursa_vanilla.gen/sources_1/bd/ursa_vanilla/ipshared/10ab/hdl/generic_baseblocks_v2_1_vl_rfs.v:2436]
INFO: [Synth 8-6155] done synthesizing module 'axi_crossbar_v2_1_30_si_transactor' (0#1) [/home/fi/Documents/GitHub/ursa/exp/vivado/ursa_vanilla/ursa_vanilla.gen/sources_1/bd/ursa_vanilla/ipshared/fb47/hdl/axi_crossbar_v2_1_vl_rfs.v:3791]
INFO: [Synth 8-6157] synthesizing module 'axi_crossbar_v2_1_30_si_transactor__parameterized0' [/home/fi/Documents/GitHub/ursa/exp/vivado/ursa_vanilla/ursa_vanilla.gen/sources_1/bd/ursa_vanilla/ipshared/fb47/hdl/axi_crossbar_v2_1_vl_rfs.v:3791]
INFO: [Synth 8-6157] synthesizing module 'generic_baseblocks_v2_1_1_mux_enc__parameterized0' [/home/fi/Documents/GitHub/ursa/exp/vivado/ursa_vanilla/ursa_vanilla.gen/sources_1/bd/ursa_vanilla/ipshared/10ab/hdl/generic_baseblocks_v2_1_vl_rfs.v:2436]
INFO: [Synth 8-6155] done synthesizing module 'generic_baseblocks_v2_1_1_mux_enc__parameterized0' (0#1) [/home/fi/Documents/GitHub/ursa/exp/vivado/ursa_vanilla/ursa_vanilla.gen/sources_1/bd/ursa_vanilla/ipshared/10ab/hdl/generic_baseblocks_v2_1_vl_rfs.v:2436]
INFO: [Synth 8-6155] done synthesizing module 'axi_crossbar_v2_1_30_si_transactor__parameterized0' (0#1) [/home/fi/Documents/GitHub/ursa/exp/vivado/ursa_vanilla/ursa_vanilla.gen/sources_1/bd/ursa_vanilla/ipshared/fb47/hdl/axi_crossbar_v2_1_vl_rfs.v:3791]
INFO: [Synth 8-6157] synthesizing module 'axi_crossbar_v2_1_30_splitter' [/home/fi/Documents/GitHub/ursa/exp/vivado/ursa_vanilla/ursa_vanilla.gen/sources_1/bd/ursa_vanilla/ipshared/fb47/hdl/axi_crossbar_v2_1_vl_rfs.v:4451]
INFO: [Synth 8-6155] done synthesizing module 'axi_crossbar_v2_1_30_splitter' (0#1) [/home/fi/Documents/GitHub/ursa/exp/vivado/ursa_vanilla/ursa_vanilla.gen/sources_1/bd/ursa_vanilla/ipshared/fb47/hdl/axi_crossbar_v2_1_vl_rfs.v:4451]
INFO: [Synth 8-6157] synthesizing module 'axi_crossbar_v2_1_30_wdata_router' [/home/fi/Documents/GitHub/ursa/exp/vivado/ursa_vanilla/ursa_vanilla.gen/sources_1/bd/ursa_vanilla/ipshared/fb47/hdl/axi_crossbar_v2_1_vl_rfs.v:4724]
INFO: [Synth 8-6157] synthesizing module 'axi_data_fifo_v2_1_28_axic_reg_srl_fifo' [/home/fi/Documents/GitHub/ursa/exp/vivado/ursa_vanilla/ursa_vanilla.gen/sources_1/bd/ursa_vanilla/ipshared/279e/hdl/axi_data_fifo_v2_1_vl_rfs.v:884]
INFO: [Synth 8-6157] synthesizing module 'axi_data_fifo_v2_1_28_ndeep_srl__parameterized0' [/home/fi/Documents/GitHub/ursa/exp/vivado/ursa_vanilla/ursa_vanilla.gen/sources_1/bd/ursa_vanilla/ipshared/279e/hdl/axi_data_fifo_v2_1_vl_rfs.v:1129]
INFO: [Synth 8-6155] done synthesizing module 'axi_data_fifo_v2_1_28_ndeep_srl__parameterized0' (0#1) [/home/fi/Documents/GitHub/ursa/exp/vivado/ursa_vanilla/ursa_vanilla.gen/sources_1/bd/ursa_vanilla/ipshared/279e/hdl/axi_data_fifo_v2_1_vl_rfs.v:1129]
INFO: [Synth 8-155] case statement is not full and has no default [/home/fi/Documents/GitHub/ursa/exp/vivado/ursa_vanilla/ursa_vanilla.gen/sources_1/bd/ursa_vanilla/ipshared/279e/hdl/axi_data_fifo_v2_1_vl_rfs.v:982]
INFO: [Synth 8-6155] done synthesizing module 'axi_data_fifo_v2_1_28_axic_reg_srl_fifo' (0#1) [/home/fi/Documents/GitHub/ursa/exp/vivado/ursa_vanilla/ursa_vanilla.gen/sources_1/bd/ursa_vanilla/ipshared/279e/hdl/axi_data_fifo_v2_1_vl_rfs.v:884]
INFO: [Synth 8-6155] done synthesizing module 'axi_crossbar_v2_1_30_wdata_router' (0#1) [/home/fi/Documents/GitHub/ursa/exp/vivado/ursa_vanilla/ursa_vanilla.gen/sources_1/bd/ursa_vanilla/ipshared/fb47/hdl/axi_crossbar_v2_1_vl_rfs.v:4724]
INFO: [Synth 8-6157] synthesizing module 'axi_crossbar_v2_1_30_si_transactor__parameterized1' [/home/fi/Documents/GitHub/ursa/exp/vivado/ursa_vanilla/ursa_vanilla.gen/sources_1/bd/ursa_vanilla/ipshared/fb47/hdl/axi_crossbar_v2_1_vl_rfs.v:3791]
INFO: [Synth 8-6155] done synthesizing module 'axi_crossbar_v2_1_30_si_transactor__parameterized1' (0#1) [/home/fi/Documents/GitHub/ursa/exp/vivado/ursa_vanilla/ursa_vanilla.gen/sources_1/bd/ursa_vanilla/ipshared/fb47/hdl/axi_crossbar_v2_1_vl_rfs.v:3791]
INFO: [Synth 8-6157] synthesizing module 'axi_crossbar_v2_1_30_addr_decoder__parameterized0' [/home/fi/Documents/GitHub/ursa/exp/vivado/ursa_vanilla/ursa_vanilla.gen/sources_1/bd/ursa_vanilla/ipshared/fb47/hdl/axi_crossbar_v2_1_vl_rfs.v:790]
INFO: [Synth 8-6157] synthesizing module 'generic_baseblocks_v2_1_1_comparator_static__parameterized0' [/home/fi/Documents/GitHub/ursa/exp/vivado/ursa_vanilla/ursa_vanilla.gen/sources_1/bd/ursa_vanilla/ipshared/10ab/hdl/generic_baseblocks_v2_1_vl_rfs.v:2119]
INFO: [Synth 8-6155] done synthesizing module 'generic_baseblocks_v2_1_1_comparator_static__parameterized0' (0#1) [/home/fi/Documents/GitHub/ursa/exp/vivado/ursa_vanilla/ursa_vanilla.gen/sources_1/bd/ursa_vanilla/ipshared/10ab/hdl/generic_baseblocks_v2_1_vl_rfs.v:2119]
INFO: [Synth 8-6157] synthesizing module 'generic_baseblocks_v2_1_1_comparator_static__parameterized1' [/home/fi/Documents/GitHub/ursa/exp/vivado/ursa_vanilla/ursa_vanilla.gen/sources_1/bd/ursa_vanilla/ipshared/10ab/hdl/generic_baseblocks_v2_1_vl_rfs.v:2119]
INFO: [Synth 8-6155] done synthesizing module 'generic_baseblocks_v2_1_1_comparator_static__parameterized1' (0#1) [/home/fi/Documents/GitHub/ursa/exp/vivado/ursa_vanilla/ursa_vanilla.gen/sources_1/bd/ursa_vanilla/ipshared/10ab/hdl/generic_baseblocks_v2_1_vl_rfs.v:2119]
INFO: [Synth 8-6155] done synthesizing module 'axi_crossbar_v2_1_30_addr_decoder__parameterized0' (0#1) [/home/fi/Documents/GitHub/ursa/exp/vivado/ursa_vanilla/ursa_vanilla.gen/sources_1/bd/ursa_vanilla/ipshared/fb47/hdl/axi_crossbar_v2_1_vl_rfs.v:790]
INFO: [Synth 8-6157] synthesizing module 'axi_crossbar_v2_1_30_addr_decoder__parameterized1' [/home/fi/Documents/GitHub/ursa/exp/vivado/ursa_vanilla/ursa_vanilla.gen/sources_1/bd/ursa_vanilla/ipshared/fb47/hdl/axi_crossbar_v2_1_vl_rfs.v:790]
INFO: [Synth 8-6155] done synthesizing module 'axi_crossbar_v2_1_30_addr_decoder__parameterized1' (0#1) [/home/fi/Documents/GitHub/ursa/exp/vivado/ursa_vanilla/ursa_vanilla.gen/sources_1/bd/ursa_vanilla/ipshared/fb47/hdl/axi_crossbar_v2_1_vl_rfs.v:790]
INFO: [Synth 8-6157] synthesizing module 'axi_data_fifo_v2_1_28_axic_srl_fifo__parameterized0' [/home/fi/Documents/GitHub/ursa/exp/vivado/ursa_vanilla/ursa_vanilla.gen/sources_1/bd/ursa_vanilla/ipshared/279e/hdl/axi_data_fifo_v2_1_vl_rfs.v:694]
INFO: [Synth 8-6155] done synthesizing module 'axi_data_fifo_v2_1_28_axic_srl_fifo__parameterized0' (0#1) [/home/fi/Documents/GitHub/ursa/exp/vivado/ursa_vanilla/ursa_vanilla.gen/sources_1/bd/ursa_vanilla/ipshared/279e/hdl/axi_data_fifo_v2_1_vl_rfs.v:694]
INFO: [Synth 8-6157] synthesizing module 'axi_crossbar_v2_1_30_wdata_mux' [/home/fi/Documents/GitHub/ursa/exp/vivado/ursa_vanilla/ursa_vanilla.gen/sources_1/bd/ursa_vanilla/ipshared/fb47/hdl/axi_crossbar_v2_1_vl_rfs.v:4550]
INFO: [Synth 8-6157] synthesizing module 'axi_data_fifo_v2_1_28_axic_reg_srl_fifo__parameterized0' [/home/fi/Documents/GitHub/ursa/exp/vivado/ursa_vanilla/ursa_vanilla.gen/sources_1/bd/ursa_vanilla/ipshared/279e/hdl/axi_data_fifo_v2_1_vl_rfs.v:884]
INFO: [Synth 8-155] case statement is not full and has no default [/home/fi/Documents/GitHub/ursa/exp/vivado/ursa_vanilla/ursa_vanilla.gen/sources_1/bd/ursa_vanilla/ipshared/279e/hdl/axi_data_fifo_v2_1_vl_rfs.v:982]
INFO: [Synth 8-6155] done synthesizing module 'axi_data_fifo_v2_1_28_axic_reg_srl_fifo__parameterized0' (0#1) [/home/fi/Documents/GitHub/ursa/exp/vivado/ursa_vanilla/ursa_vanilla.gen/sources_1/bd/ursa_vanilla/ipshared/279e/hdl/axi_data_fifo_v2_1_vl_rfs.v:884]
INFO: [Synth 8-6157] synthesizing module 'generic_baseblocks_v2_1_1_mux_enc__parameterized1' [/home/fi/Documents/GitHub/ursa/exp/vivado/ursa_vanilla/ursa_vanilla.gen/sources_1/bd/ursa_vanilla/ipshared/10ab/hdl/generic_baseblocks_v2_1_vl_rfs.v:2436]
INFO: [Synth 8-6155] done synthesizing module 'generic_baseblocks_v2_1_1_mux_enc__parameterized1' (0#1) [/home/fi/Documents/GitHub/ursa/exp/vivado/ursa_vanilla/ursa_vanilla.gen/sources_1/bd/ursa_vanilla/ipshared/10ab/hdl/generic_baseblocks_v2_1_vl_rfs.v:2436]
INFO: [Synth 8-6155] done synthesizing module 'axi_crossbar_v2_1_30_wdata_mux' (0#1) [/home/fi/Documents/GitHub/ursa/exp/vivado/ursa_vanilla/ursa_vanilla.gen/sources_1/bd/ursa_vanilla/ipshared/fb47/hdl/axi_crossbar_v2_1_vl_rfs.v:4550]
INFO: [Synth 8-6157] synthesizing module 'axi_register_slice_v2_1_29_axi_register_slice' [/home/fi/Documents/GitHub/ursa/exp/vivado/ursa_vanilla/ursa_vanilla.gen/sources_1/bd/ursa_vanilla/ipshared/ff9f/hdl/axi_register_slice_v2_1_vl_rfs.v:3718]
INFO: [Synth 8-6157] synthesizing module 'axi_infrastructure_v1_1_0_axi2vector' [/home/fi/Documents/GitHub/ursa/exp/vivado/ursa_vanilla/ursa_vanilla.gen/sources_1/bd/ursa_vanilla/ipshared/ec67/hdl/axi_infrastructure_v1_1_vl_rfs.v:59]
INFO: [Synth 8-6155] done synthesizing module 'axi_infrastructure_v1_1_0_axi2vector' (0#1) [/home/fi/Documents/GitHub/ursa/exp/vivado/ursa_vanilla/ursa_vanilla.gen/sources_1/bd/ursa_vanilla/ipshared/ec67/hdl/axi_infrastructure_v1_1_vl_rfs.v:59]
INFO: [Synth 8-6157] synthesizing module 'axi_infrastructure_v1_1_0_vector2axi' [/home/fi/Documents/GitHub/ursa/exp/vivado/ursa_vanilla/ursa_vanilla.gen/sources_1/bd/ursa_vanilla/ipshared/ec67/hdl/axi_infrastructure_v1_1_vl_rfs.v:473]
INFO: [Synth 8-6155] done synthesizing module 'axi_infrastructure_v1_1_0_vector2axi' (0#1) [/home/fi/Documents/GitHub/ursa/exp/vivado/ursa_vanilla/ursa_vanilla.gen/sources_1/bd/ursa_vanilla/ipshared/ec67/hdl/axi_infrastructure_v1_1_vl_rfs.v:473]
INFO: [Synth 8-6157] synthesizing module 'axi_register_slice_v2_1_29_axic_register_slice' [/home/fi/Documents/GitHub/ursa/exp/vivado/ursa_vanilla/ursa_vanilla.gen/sources_1/bd/ursa_vanilla/ipshared/ff9f/hdl/axi_register_slice_v2_1_vl_rfs.v:1492]
INFO: [Synth 8-6155] done synthesizing module 'axi_register_slice_v2_1_29_axic_register_slice' (0#1) [/home/fi/Documents/GitHub/ursa/exp/vivado/ursa_vanilla/ursa_vanilla.gen/sources_1/bd/ursa_vanilla/ipshared/ff9f/hdl/axi_register_slice_v2_1_vl_rfs.v:1492]
INFO: [Synth 8-6157] synthesizing module 'axi_register_slice_v2_1_29_axic_register_slice__parameterized0' [/home/fi/Documents/GitHub/ursa/exp/vivado/ursa_vanilla/ursa_vanilla.gen/sources_1/bd/ursa_vanilla/ipshared/ff9f/hdl/axi_register_slice_v2_1_vl_rfs.v:1492]
INFO: [Synth 8-6155] done synthesizing module 'axi_register_slice_v2_1_29_axic_register_slice__parameterized0' (0#1) [/home/fi/Documents/GitHub/ursa/exp/vivado/ursa_vanilla/ursa_vanilla.gen/sources_1/bd/ursa_vanilla/ipshared/ff9f/hdl/axi_register_slice_v2_1_vl_rfs.v:1492]
INFO: [Synth 8-6157] synthesizing module 'axi_register_slice_v2_1_29_axic_register_slice__parameterized1' [/home/fi/Documents/GitHub/ursa/exp/vivado/ursa_vanilla/ursa_vanilla.gen/sources_1/bd/ursa_vanilla/ipshared/ff9f/hdl/axi_register_slice_v2_1_vl_rfs.v:1492]
INFO: [Synth 8-6155] done synthesizing module 'axi_register_slice_v2_1_29_axic_register_slice__parameterized1' (0#1) [/home/fi/Documents/GitHub/ursa/exp/vivado/ursa_vanilla/ursa_vanilla.gen/sources_1/bd/ursa_vanilla/ipshared/ff9f/hdl/axi_register_slice_v2_1_vl_rfs.v:1492]
INFO: [Synth 8-6157] synthesizing module 'axi_register_slice_v2_1_29_axic_register_slice__parameterized2' [/home/fi/Documents/GitHub/ursa/exp/vivado/ursa_vanilla/ursa_vanilla.gen/sources_1/bd/ursa_vanilla/ipshared/ff9f/hdl/axi_register_slice_v2_1_vl_rfs.v:1492]
INFO: [Synth 8-6155] done synthesizing module 'axi_register_slice_v2_1_29_axic_register_slice__parameterized2' (0#1) [/home/fi/Documents/GitHub/ursa/exp/vivado/ursa_vanilla/ursa_vanilla.gen/sources_1/bd/ursa_vanilla/ipshared/ff9f/hdl/axi_register_slice_v2_1_vl_rfs.v:1492]
INFO: [Synth 8-6155] done synthesizing module 'axi_register_slice_v2_1_29_axi_register_slice' (0#1) [/home/fi/Documents/GitHub/ursa/exp/vivado/ursa_vanilla/ursa_vanilla.gen/sources_1/bd/ursa_vanilla/ipshared/ff9f/hdl/axi_register_slice_v2_1_vl_rfs.v:3718]
WARNING: [Synth 8-7071] port 'aclk2x' of module 'axi_register_slice_v2_1_29_axi_register_slice' is unconnected for instance 'reg_slice_mi' [/home/fi/Documents/GitHub/ursa/exp/vivado/ursa_vanilla/ursa_vanilla.gen/sources_1/bd/ursa_vanilla/ipshared/fb47/hdl/axi_crossbar_v2_1_vl_rfs.v:3116]
WARNING: [Synth 8-7023] instance 'reg_slice_mi' of module 'axi_register_slice_v2_1_29_axi_register_slice' has 93 connections declared, but only 92 given [/home/fi/Documents/GitHub/ursa/exp/vivado/ursa_vanilla/ursa_vanilla.gen/sources_1/bd/ursa_vanilla/ipshared/fb47/hdl/axi_crossbar_v2_1_vl_rfs.v:3116]
INFO: [Synth 8-6157] synthesizing module 'axi_data_fifo_v2_1_28_axic_srl_fifo__parameterized1' [/home/fi/Documents/GitHub/ursa/exp/vivado/ursa_vanilla/ursa_vanilla.gen/sources_1/bd/ursa_vanilla/ipshared/279e/hdl/axi_data_fifo_v2_1_vl_rfs.v:694]
INFO: [Synth 8-6157] synthesizing module 'axi_data_fifo_v2_1_28_ndeep_srl__parameterized1' [/home/fi/Documents/GitHub/ursa/exp/vivado/ursa_vanilla/ursa_vanilla.gen/sources_1/bd/ursa_vanilla/ipshared/279e/hdl/axi_data_fifo_v2_1_vl_rfs.v:1129]
INFO: [Synth 8-6155] done synthesizing module 'axi_data_fifo_v2_1_28_ndeep_srl__parameterized1' (0#1) [/home/fi/Documents/GitHub/ursa/exp/vivado/ursa_vanilla/ursa_vanilla.gen/sources_1/bd/ursa_vanilla/ipshared/279e/hdl/axi_data_fifo_v2_1_vl_rfs.v:1129]
INFO: [Synth 8-6155] done synthesizing module 'axi_data_fifo_v2_1_28_axic_srl_fifo__parameterized1' (0#1) [/home/fi/Documents/GitHub/ursa/exp/vivado/ursa_vanilla/ursa_vanilla.gen/sources_1/bd/ursa_vanilla/ipshared/279e/hdl/axi_data_fifo_v2_1_vl_rfs.v:694]
INFO: [Synth 8-6157] synthesizing module 'axi_crossbar_v2_1_30_wdata_mux__parameterized0' [/home/fi/Documents/GitHub/ursa/exp/vivado/ursa_vanilla/ursa_vanilla.gen/sources_1/bd/ursa_vanilla/ipshared/fb47/hdl/axi_crossbar_v2_1_vl_rfs.v:4550]
INFO: [Synth 8-6157] synthesizing module 'axi_data_fifo_v2_1_28_axic_reg_srl_fifo__parameterized1' [/home/fi/Documents/GitHub/ursa/exp/vivado/ursa_vanilla/ursa_vanilla.gen/sources_1/bd/ursa_vanilla/ipshared/279e/hdl/axi_data_fifo_v2_1_vl_rfs.v:884]
INFO: [Synth 8-155] case statement is not full and has no default [/home/fi/Documents/GitHub/ursa/exp/vivado/ursa_vanilla/ursa_vanilla.gen/sources_1/bd/ursa_vanilla/ipshared/279e/hdl/axi_data_fifo_v2_1_vl_rfs.v:982]
INFO: [Synth 8-6155] done synthesizing module 'axi_data_fifo_v2_1_28_axic_reg_srl_fifo__parameterized1' (0#1) [/home/fi/Documents/GitHub/ursa/exp/vivado/ursa_vanilla/ursa_vanilla.gen/sources_1/bd/ursa_vanilla/ipshared/279e/hdl/axi_data_fifo_v2_1_vl_rfs.v:884]
INFO: [Synth 8-6155] done synthesizing module 'axi_crossbar_v2_1_30_wdata_mux__parameterized0' (0#1) [/home/fi/Documents/GitHub/ursa/exp/vivado/ursa_vanilla/ursa_vanilla.gen/sources_1/bd/ursa_vanilla/ipshared/fb47/hdl/axi_crossbar_v2_1_vl_rfs.v:4550]
WARNING: [Synth 8-7071] port 'aclk2x' of module 'axi_register_slice_v2_1_29_axi_register_slice' is unconnected for instance 'reg_slice_mi' [/home/fi/Documents/GitHub/ursa/exp/vivado/ursa_vanilla/ursa_vanilla.gen/sources_1/bd/ursa_vanilla/ipshared/fb47/hdl/axi_crossbar_v2_1_vl_rfs.v:3116]
WARNING: [Synth 8-7023] instance 'reg_slice_mi' of module 'axi_register_slice_v2_1_29_axi_register_slice' has 93 connections declared, but only 92 given [/home/fi/Documents/GitHub/ursa/exp/vivado/ursa_vanilla/ursa_vanilla.gen/sources_1/bd/ursa_vanilla/ipshared/fb47/hdl/axi_crossbar_v2_1_vl_rfs.v:3116]
INFO: [Synth 8-6157] synthesizing module 'axi_crossbar_v2_1_30_decerr_slave' [/home/fi/Documents/GitHub/ursa/exp/vivado/ursa_vanilla/ursa_vanilla.gen/sources_1/bd/ursa_vanilla/ipshared/fb47/hdl/axi_crossbar_v2_1_vl_rfs.v:3493]
INFO: [Synth 8-155] case statement is not full and has no default [/home/fi/Documents/GitHub/ursa/exp/vivado/ursa_vanilla/ursa_vanilla.gen/sources_1/bd/ursa_vanilla/ipshared/fb47/hdl/axi_crossbar_v2_1_vl_rfs.v:3626]
INFO: [Synth 8-6155] done synthesizing module 'axi_crossbar_v2_1_30_decerr_slave' (0#1) [/home/fi/Documents/GitHub/ursa/exp/vivado/ursa_vanilla/ursa_vanilla.gen/sources_1/bd/ursa_vanilla/ipshared/fb47/hdl/axi_crossbar_v2_1_vl_rfs.v:3493]
INFO: [Synth 8-6157] synthesizing module 'axi_crossbar_v2_1_30_addr_arbiter' [/home/fi/Documents/GitHub/ursa/exp/vivado/ursa_vanilla/ursa_vanilla.gen/sources_1/bd/ursa_vanilla/ipshared/fb47/hdl/axi_crossbar_v2_1_vl_rfs.v:420]
INFO: [Synth 8-6157] synthesizing module 'generic_baseblocks_v2_1_1_mux_enc__parameterized2' [/home/fi/Documents/GitHub/ursa/exp/vivado/ursa_vanilla/ursa_vanilla.gen/sources_1/bd/ursa_vanilla/ipshared/10ab/hdl/generic_baseblocks_v2_1_vl_rfs.v:2436]
INFO: [Synth 8-6155] done synthesizing module 'generic_baseblocks_v2_1_1_mux_enc__parameterized2' (0#1) [/home/fi/Documents/GitHub/ursa/exp/vivado/ursa_vanilla/ursa_vanilla.gen/sources_1/bd/ursa_vanilla/ipshared/10ab/hdl/generic_baseblocks_v2_1_vl_rfs.v:2436]
INFO: [Synth 8-6157] synthesizing module 'generic_baseblocks_v2_1_1_mux_enc__parameterized3' [/home/fi/Documents/GitHub/ursa/exp/vivado/ursa_vanilla/ursa_vanilla.gen/sources_1/bd/ursa_vanilla/ipshared/10ab/hdl/generic_baseblocks_v2_1_vl_rfs.v:2436]
INFO: [Synth 8-6155] done synthesizing module 'generic_baseblocks_v2_1_1_mux_enc__parameterized3' (0#1) [/home/fi/Documents/GitHub/ursa/exp/vivado/ursa_vanilla/ursa_vanilla.gen/sources_1/bd/ursa_vanilla/ipshared/10ab/hdl/generic_baseblocks_v2_1_vl_rfs.v:2436]
INFO: [Synth 8-6155] done synthesizing module 'axi_crossbar_v2_1_30_addr_arbiter' (0#1) [/home/fi/Documents/GitHub/ursa/exp/vivado/ursa_vanilla/ursa_vanilla.gen/sources_1/bd/ursa_vanilla/ipshared/fb47/hdl/axi_crossbar_v2_1_vl_rfs.v:420]
INFO: [Synth 8-6155] done synthesizing module 'axi_crossbar_v2_1_30_crossbar' (0#1) [/home/fi/Documents/GitHub/ursa/exp/vivado/ursa_vanilla/ursa_vanilla.gen/sources_1/bd/ursa_vanilla/ipshared/fb47/hdl/axi_crossbar_v2_1_vl_rfs.v:2232]
INFO: [Synth 8-6155] done synthesizing module 'axi_crossbar_v2_1_30_axi_crossbar' (0#1) [/home/fi/Documents/GitHub/ursa/exp/vivado/ursa_vanilla/ursa_vanilla.gen/sources_1/bd/ursa_vanilla/ipshared/fb47/hdl/axi_crossbar_v2_1_vl_rfs.v:4871]
INFO: [Synth 8-6155] done synthesizing module 'ursa_vanilla_xbar_2' (0#1) [/home/fi/Documents/GitHub/ursa/exp/vivado/ursa_vanilla/ursa_vanilla.gen/sources_1/bd/ursa_vanilla/ip/ursa_vanilla_xbar_2/synth/ursa_vanilla_xbar_2.v:53]
WARNING: [Synth 8-6014] Unused sequential element areset_d1_reg was removed.  [/home/fi/Documents/GitHub/ursa/exp/vivado/ursa_vanilla/ursa_vanilla.gen/sources_1/bd/ursa_vanilla/ipshared/279e/hdl/axi_data_fifo_v2_1_vl_rfs.v:747]
WARNING: [Synth 8-6014] Unused sequential element S_READY_i_reg was removed.  [/home/fi/Documents/GitHub/ursa/exp/vivado/ursa_vanilla/ursa_vanilla.gen/sources_1/bd/ursa_vanilla/ipshared/279e/hdl/axi_data_fifo_v2_1_vl_rfs.v:786]
WARNING: [Synth 8-6014] Unused sequential element gen_multi_thread.gen_thread_loop[0].gen_debug_r_multi_thread.debug_r_beat_cnt_i_reg was removed.  [/home/fi/Documents/GitHub/ursa/exp/vivado/ursa_vanilla/ursa_vanilla.gen/sources_1/bd/ursa_vanilla/ipshared/fb47/hdl/axi_crossbar_v2_1_vl_rfs.v:4338]
WARNING: [Synth 8-6014] Unused sequential element gen_multi_thread.gen_thread_loop[1].gen_debug_r_multi_thread.debug_r_beat_cnt_i_reg was removed.  [/home/fi/Documents/GitHub/ursa/exp/vivado/ursa_vanilla/ursa_vanilla.gen/sources_1/bd/ursa_vanilla/ipshared/fb47/hdl/axi_crossbar_v2_1_vl_rfs.v:4338]
WARNING: [Synth 8-6014] Unused sequential element gen_multi_thread.gen_thread_loop[2].gen_debug_r_multi_thread.debug_r_beat_cnt_i_reg was removed.  [/home/fi/Documents/GitHub/ursa/exp/vivado/ursa_vanilla/ursa_vanilla.gen/sources_1/bd/ursa_vanilla/ipshared/fb47/hdl/axi_crossbar_v2_1_vl_rfs.v:4338]
WARNING: [Synth 8-6014] Unused sequential element gen_multi_thread.gen_thread_loop[3].gen_debug_r_multi_thread.debug_r_beat_cnt_i_reg was removed.  [/home/fi/Documents/GitHub/ursa/exp/vivado/ursa_vanilla/ursa_vanilla.gen/sources_1/bd/ursa_vanilla/ipshared/fb47/hdl/axi_crossbar_v2_1_vl_rfs.v:4338]
WARNING: [Synth 8-6014] Unused sequential element gen_multi_thread.gen_thread_loop[4].gen_debug_r_multi_thread.debug_r_beat_cnt_i_reg was removed.  [/home/fi/Documents/GitHub/ursa/exp/vivado/ursa_vanilla/ursa_vanilla.gen/sources_1/bd/ursa_vanilla/ipshared/fb47/hdl/axi_crossbar_v2_1_vl_rfs.v:4338]
WARNING: [Synth 8-6014] Unused sequential element gen_multi_thread.gen_thread_loop[5].gen_debug_r_multi_thread.debug_r_beat_cnt_i_reg was removed.  [/home/fi/Documents/GitHub/ursa/exp/vivado/ursa_vanilla/ursa_vanilla.gen/sources_1/bd/ursa_vanilla/ipshared/fb47/hdl/axi_crossbar_v2_1_vl_rfs.v:4338]
WARNING: [Synth 8-6014] Unused sequential element gen_multi_thread.gen_thread_loop[6].gen_debug_r_multi_thread.debug_r_beat_cnt_i_reg was removed.  [/home/fi/Documents/GitHub/ursa/exp/vivado/ursa_vanilla/ursa_vanilla.gen/sources_1/bd/ursa_vanilla/ipshared/fb47/hdl/axi_crossbar_v2_1_vl_rfs.v:4338]
WARNING: [Synth 8-6014] Unused sequential element gen_multi_thread.gen_thread_loop[7].gen_debug_r_multi_thread.debug_r_beat_cnt_i_reg was removed.  [/home/fi/Documents/GitHub/ursa/exp/vivado/ursa_vanilla/ursa_vanilla.gen/sources_1/bd/ursa_vanilla/ipshared/fb47/hdl/axi_crossbar_v2_1_vl_rfs.v:4338]
WARNING: [Synth 8-6014] Unused sequential element gen_multi_thread.gen_thread_loop[0].gen_debug_r_multi_thread.debug_r_beat_cnt_i_reg was removed.  [/home/fi/Documents/GitHub/ursa/exp/vivado/ursa_vanilla/ursa_vanilla.gen/sources_1/bd/ursa_vanilla/ipshared/fb47/hdl/axi_crossbar_v2_1_vl_rfs.v:4338]
WARNING: [Synth 8-6014] Unused sequential element gen_multi_thread.gen_thread_loop[1].gen_debug_r_multi_thread.debug_r_beat_cnt_i_reg was removed.  [/home/fi/Documents/GitHub/ursa/exp/vivado/ursa_vanilla/ursa_vanilla.gen/sources_1/bd/ursa_vanilla/ipshared/fb47/hdl/axi_crossbar_v2_1_vl_rfs.v:4338]
WARNING: [Synth 8-6014] Unused sequential element gen_multi_thread.gen_thread_loop[2].gen_debug_r_multi_thread.debug_r_beat_cnt_i_reg was removed.  [/home/fi/Documents/GitHub/ursa/exp/vivado/ursa_vanilla/ursa_vanilla.gen/sources_1/bd/ursa_vanilla/ipshared/fb47/hdl/axi_crossbar_v2_1_vl_rfs.v:4338]
WARNING: [Synth 8-6014] Unused sequential element gen_multi_thread.gen_thread_loop[3].gen_debug_r_multi_thread.debug_r_beat_cnt_i_reg was removed.  [/home/fi/Documents/GitHub/ursa/exp/vivado/ursa_vanilla/ursa_vanilla.gen/sources_1/bd/ursa_vanilla/ipshared/fb47/hdl/axi_crossbar_v2_1_vl_rfs.v:4338]
WARNING: [Synth 8-6014] Unused sequential element gen_multi_thread.gen_thread_loop[4].gen_debug_r_multi_thread.debug_r_beat_cnt_i_reg was removed.  [/home/fi/Documents/GitHub/ursa/exp/vivado/ursa_vanilla/ursa_vanilla.gen/sources_1/bd/ursa_vanilla/ipshared/fb47/hdl/axi_crossbar_v2_1_vl_rfs.v:4338]
WARNING: [Synth 8-6014] Unused sequential element gen_multi_thread.gen_thread_loop[5].gen_debug_r_multi_thread.debug_r_beat_cnt_i_reg was removed.  [/home/fi/Documents/GitHub/ursa/exp/vivado/ursa_vanilla/ursa_vanilla.gen/sources_1/bd/ursa_vanilla/ipshared/fb47/hdl/axi_crossbar_v2_1_vl_rfs.v:4338]
WARNING: [Synth 8-6014] Unused sequential element gen_multi_thread.gen_thread_loop[6].gen_debug_r_multi_thread.debug_r_beat_cnt_i_reg was removed.  [/home/fi/Documents/GitHub/ursa/exp/vivado/ursa_vanilla/ursa_vanilla.gen/sources_1/bd/ursa_vanilla/ipshared/fb47/hdl/axi_crossbar_v2_1_vl_rfs.v:4338]
WARNING: [Synth 8-6014] Unused sequential element gen_multi_thread.gen_thread_loop[7].gen_debug_r_multi_thread.debug_r_beat_cnt_i_reg was removed.  [/home/fi/Documents/GitHub/ursa/exp/vivado/ursa_vanilla/ursa_vanilla.gen/sources_1/bd/ursa_vanilla/ipshared/fb47/hdl/axi_crossbar_v2_1_vl_rfs.v:4338]
WARNING: [Synth 8-6014] Unused sequential element gen_multi_thread.gen_thread_loop[0].gen_debug_r_multi_thread.debug_r_beat_cnt_i_reg was removed.  [/home/fi/Documents/GitHub/ursa/exp/vivado/ursa_vanilla/ursa_vanilla.gen/sources_1/bd/ursa_vanilla/ipshared/fb47/hdl/axi_crossbar_v2_1_vl_rfs.v:4338]
WARNING: [Synth 8-6014] Unused sequential element gen_multi_thread.gen_thread_loop[1].gen_debug_r_multi_thread.debug_r_beat_cnt_i_reg was removed.  [/home/fi/Documents/GitHub/ursa/exp/vivado/ursa_vanilla/ursa_vanilla.gen/sources_1/bd/ursa_vanilla/ipshared/fb47/hdl/axi_crossbar_v2_1_vl_rfs.v:4338]
WARNING: [Synth 8-6014] Unused sequential element areset_d1_reg was removed.  [/home/fi/Documents/GitHub/ursa/exp/vivado/ursa_vanilla/ursa_vanilla.gen/sources_1/bd/ursa_vanilla/ipshared/279e/hdl/axi_data_fifo_v2_1_vl_rfs.v:747]
WARNING: [Synth 8-6014] Unused sequential element S_READY_i_reg was removed.  [/home/fi/Documents/GitHub/ursa/exp/vivado/ursa_vanilla/ursa_vanilla.gen/sources_1/bd/ursa_vanilla/ipshared/279e/hdl/axi_data_fifo_v2_1_vl_rfs.v:786]
WARNING: [Synth 8-6014] Unused sequential element s_ready_i_reg was removed.  [/home/fi/Documents/GitHub/ursa/exp/vivado/ursa_vanilla/ursa_vanilla.gen/sources_1/bd/ursa_vanilla/ipshared/279e/hdl/axi_data_fifo_v2_1_vl_rfs.v:1034]
WARNING: [Synth 8-6014] Unused sequential element areset_d1_reg was removed.  [/home/fi/Documents/GitHub/ursa/exp/vivado/ursa_vanilla/ursa_vanilla.gen/sources_1/bd/ursa_vanilla/ipshared/279e/hdl/axi_data_fifo_v2_1_vl_rfs.v:747]
WARNING: [Synth 8-6014] Unused sequential element S_READY_i_reg was removed.  [/home/fi/Documents/GitHub/ursa/exp/vivado/ursa_vanilla/ursa_vanilla.gen/sources_1/bd/ursa_vanilla/ipshared/279e/hdl/axi_data_fifo_v2_1_vl_rfs.v:786]
WARNING: [Synth 8-6014] Unused sequential element s_ready_i_reg was removed.  [/home/fi/Documents/GitHub/ursa/exp/vivado/ursa_vanilla/ursa_vanilla.gen/sources_1/bd/ursa_vanilla/ipshared/279e/hdl/axi_data_fifo_v2_1_vl_rfs.v:1034]
WARNING: [Synth 8-6014] Unused sequential element gen_master_slots[0].gen_mi_write.gen_debug_w.debug_w_beat_cnt_i_reg was removed.  [/home/fi/Documents/GitHub/ursa/exp/vivado/ursa_vanilla/ursa_vanilla.gen/sources_1/bd/ursa_vanilla/ipshared/fb47/hdl/axi_crossbar_v2_1_vl_rfs.v:2991]
WARNING: [Synth 8-6014] Unused sequential element gen_master_slots[1].gen_mi_write.gen_debug_w.debug_w_beat_cnt_i_reg was removed.  [/home/fi/Documents/GitHub/ursa/exp/vivado/ursa_vanilla/ursa_vanilla.gen/sources_1/bd/ursa_vanilla/ipshared/fb47/hdl/axi_crossbar_v2_1_vl_rfs.v:2991]
WARNING: [Synth 8-7129] Port ACLK in module axi_register_slice_v2_1_29_axic_register_slice is either unconnected or has no load
WARNING: [Synth 8-7129] Port ARESET in module axi_register_slice_v2_1_29_axic_register_slice is either unconnected or has no load
WARNING: [Synth 8-7129] Port ACLK in module axi_register_slice_v2_1_29_axic_register_slice__parameterized0 is either unconnected or has no load
WARNING: [Synth 8-7129] Port ARESET in module axi_register_slice_v2_1_29_axic_register_slice__parameterized0 is either unconnected or has no load
WARNING: [Synth 8-7129] Port m_axi_buser[0] in module axi_infrastructure_v1_1_0_vector2axi is either unconnected or has no load
WARNING: [Synth 8-7129] Port m_axi_ruser[0] in module axi_infrastructure_v1_1_0_vector2axi is either unconnected or has no load
WARNING: [Synth 8-7129] Port s_axi_awuser[0] in module axi_infrastructure_v1_1_0_axi2vector is either unconnected or has no load
WARNING: [Synth 8-7129] Port s_axi_wid[12] in module axi_infrastructure_v1_1_0_axi2vector is either unconnected or has no load
WARNING: [Synth 8-7129] Port s_axi_wid[11] in module axi_infrastructure_v1_1_0_axi2vector is either unconnected or has no load
WARNING: [Synth 8-7129] Port s_axi_wid[10] in module axi_infrastructure_v1_1_0_axi2vector is either unconnected or has no load
WARNING: [Synth 8-7129] Port s_axi_wid[9] in module axi_infrastructure_v1_1_0_axi2vector is either unconnected or has no load
WARNING: [Synth 8-7129] Port s_axi_wid[8] in module axi_infrastructure_v1_1_0_axi2vector is either unconnected or has no load
WARNING: [Synth 8-7129] Port s_axi_wid[7] in module axi_infrastructure_v1_1_0_axi2vector is either unconnected or has no load
WARNING: [Synth 8-7129] Port s_axi_wid[6] in module axi_infrastructure_v1_1_0_axi2vector is either unconnected or has no load
WARNING: [Synth 8-7129] Port s_axi_wid[5] in module axi_infrastructure_v1_1_0_axi2vector is either unconnected or has no load
WARNING: [Synth 8-7129] Port s_axi_wid[4] in module axi_infrastructure_v1_1_0_axi2vector is either unconnected or has no load
WARNING: [Synth 8-7129] Port s_axi_wid[3] in module axi_infrastructure_v1_1_0_axi2vector is either unconnected or has no load
WARNING: [Synth 8-7129] Port s_axi_wid[2] in module axi_infrastructure_v1_1_0_axi2vector is either unconnected or has no load
WARNING: [Synth 8-7129] Port s_axi_wid[1] in module axi_infrastructure_v1_1_0_axi2vector is either unconnected or has no load
WARNING: [Synth 8-7129] Port s_axi_wid[0] in module axi_infrastructure_v1_1_0_axi2vector is either unconnected or has no load
WARNING: [Synth 8-7129] Port s_axi_wuser[0] in module axi_infrastructure_v1_1_0_axi2vector is either unconnected or has no load
WARNING: [Synth 8-7129] Port s_axi_aruser[0] in module axi_infrastructure_v1_1_0_axi2vector is either unconnected or has no load
WARNING: [Synth 8-7129] Port aclk2x in module axi_register_slice_v2_1_29_axi_register_slice is either unconnected or has no load
WARNING: [Synth 8-7129] Port ADDR[1] in module axi_crossbar_v2_1_30_addr_decoder is either unconnected or has no load
WARNING: [Synth 8-7129] Port ADDR[0] in module axi_crossbar_v2_1_30_addr_decoder is either unconnected or has no load
WARNING: [Synth 8-7129] Port S_ABURST[1] in module axi_crossbar_v2_1_30_si_transactor__parameterized1 is either unconnected or has no load
WARNING: [Synth 8-7129] Port S_ABURST[0] in module axi_crossbar_v2_1_30_si_transactor__parameterized1 is either unconnected or has no load
WARNING: [Synth 8-7129] Port S_ABURST[1] in module axi_crossbar_v2_1_30_si_transactor__parameterized0 is either unconnected or has no load
WARNING: [Synth 8-7129] Port S_ABURST[0] in module axi_crossbar_v2_1_30_si_transactor__parameterized0 is either unconnected or has no load
WARNING: [Synth 8-7129] Port S_ABURST[1] in module axi_crossbar_v2_1_30_si_transactor is either unconnected or has no load
WARNING: [Synth 8-7129] Port S_ABURST[0] in module axi_crossbar_v2_1_30_si_transactor is either unconnected or has no load
WARNING: [Synth 8-7129] Port S_AXI_AWID[25] in module axi_crossbar_v2_1_30_crossbar is either unconnected or has no load
WARNING: [Synth 8-7129] Port S_AXI_AWID[24] in module axi_crossbar_v2_1_30_crossbar is either unconnected or has no load
WARNING: [Synth 8-7129] Port S_AXI_AWID[23] in module axi_crossbar_v2_1_30_crossbar is either unconnected or has no load
WARNING: [Synth 8-7129] Port S_AXI_AWID[22] in module axi_crossbar_v2_1_30_crossbar is either unconnected or has no load
WARNING: [Synth 8-7129] Port S_AXI_AWID[21] in module axi_crossbar_v2_1_30_crossbar is either unconnected or has no load
WARNING: [Synth 8-7129] Port S_AXI_AWID[20] in module axi_crossbar_v2_1_30_crossbar is either unconnected or has no load
WARNING: [Synth 8-7129] Port S_AXI_AWID[19] in module axi_crossbar_v2_1_30_crossbar is either unconnected or has no load
WARNING: [Synth 8-7129] Port S_AXI_AWID[18] in module axi_crossbar_v2_1_30_crossbar is either unconnected or has no load
WARNING: [Synth 8-7129] Port S_AXI_AWID[17] in module axi_crossbar_v2_1_30_crossbar is either unconnected or has no load
WARNING: [Synth 8-7129] Port S_AXI_AWID[16] in module axi_crossbar_v2_1_30_crossbar is either unconnected or has no load
WARNING: [Synth 8-7129] Port S_AXI_AWID[15] in module axi_crossbar_v2_1_30_crossbar is either unconnected or has no load
WARNING: [Synth 8-7129] Port S_AXI_AWID[14] in module axi_crossbar_v2_1_30_crossbar is either unconnected or has no load
WARNING: [Synth 8-7129] Port S_AXI_AWID[13] in module axi_crossbar_v2_1_30_crossbar is either unconnected or has no load
WARNING: [Synth 8-7129] Port S_AXI_AWADDR[63] in module axi_crossbar_v2_1_30_crossbar is either unconnected or has no load
WARNING: [Synth 8-7129] Port S_AXI_AWADDR[62] in module axi_crossbar_v2_1_30_crossbar is either unconnected or has no load
WARNING: [Synth 8-7129] Port S_AXI_AWADDR[61] in module axi_crossbar_v2_1_30_crossbar is either unconnected or has no load
WARNING: [Synth 8-7129] Port S_AXI_AWADDR[60] in module axi_crossbar_v2_1_30_crossbar is either unconnected or has no load
WARNING: [Synth 8-7129] Port S_AXI_AWADDR[59] in module axi_crossbar_v2_1_30_crossbar is either unconnected or has no load
WARNING: [Synth 8-7129] Port S_AXI_AWADDR[58] in module axi_crossbar_v2_1_30_crossbar is either unconnected or has no load
WARNING: [Synth 8-7129] Port S_AXI_AWADDR[57] in module axi_crossbar_v2_1_30_crossbar is either unconnected or has no load
WARNING: [Synth 8-7129] Port S_AXI_AWADDR[56] in module axi_crossbar_v2_1_30_crossbar is either unconnected or has no load
WARNING: [Synth 8-7129] Port S_AXI_AWADDR[55] in module axi_crossbar_v2_1_30_crossbar is either unconnected or has no load
WARNING: [Synth 8-7129] Port S_AXI_AWADDR[54] in module axi_crossbar_v2_1_30_crossbar is either unconnected or has no load
WARNING: [Synth 8-7129] Port S_AXI_AWADDR[53] in module axi_crossbar_v2_1_30_crossbar is either unconnected or has no load
WARNING: [Synth 8-7129] Port S_AXI_AWADDR[52] in module axi_crossbar_v2_1_30_crossbar is either unconnected or has no load
WARNING: [Synth 8-7129] Port S_AXI_AWADDR[51] in module axi_crossbar_v2_1_30_crossbar is either unconnected or has no load
WARNING: [Synth 8-7129] Port S_AXI_AWADDR[50] in module axi_crossbar_v2_1_30_crossbar is either unconnected or has no load
WARNING: [Synth 8-7129] Port S_AXI_AWADDR[49] in module axi_crossbar_v2_1_30_crossbar is either unconnected or has no load
WARNING: [Synth 8-7129] Port S_AXI_AWADDR[48] in module axi_crossbar_v2_1_30_crossbar is either unconnected or has no load
WARNING: [Synth 8-7129] Port S_AXI_AWADDR[47] in module axi_crossbar_v2_1_30_crossbar is either unconnected or has no load
WARNING: [Synth 8-7129] Port S_AXI_AWADDR[46] in module axi_crossbar_v2_1_30_crossbar is either unconnected or has no load
WARNING: [Synth 8-7129] Port S_AXI_AWADDR[45] in module axi_crossbar_v2_1_30_crossbar is either unconnected or has no load
WARNING: [Synth 8-7129] Port S_AXI_AWADDR[44] in module axi_crossbar_v2_1_30_crossbar is either unconnected or has no load
WARNING: [Synth 8-7129] Port S_AXI_AWADDR[43] in module axi_crossbar_v2_1_30_crossbar is either unconnected or has no load
WARNING: [Synth 8-7129] Port S_AXI_AWADDR[42] in module axi_crossbar_v2_1_30_crossbar is either unconnected or has no load
WARNING: [Synth 8-7129] Port S_AXI_AWADDR[41] in module axi_crossbar_v2_1_30_crossbar is either unconnected or has no load
WARNING: [Synth 8-7129] Port S_AXI_AWADDR[40] in module axi_crossbar_v2_1_30_crossbar is either unconnected or has no load
WARNING: [Synth 8-7129] Port S_AXI_AWADDR[39] in module axi_crossbar_v2_1_30_crossbar is either unconnected or has no load
WARNING: [Synth 8-7129] Port S_AXI_AWADDR[38] in module axi_crossbar_v2_1_30_crossbar is either unconnected or has no load
WARNING: [Synth 8-7129] Port S_AXI_AWADDR[37] in module axi_crossbar_v2_1_30_crossbar is either unconnected or has no load
WARNING: [Synth 8-7129] Port S_AXI_AWADDR[36] in module axi_crossbar_v2_1_30_crossbar is either unconnected or has no load
WARNING: [Synth 8-7129] Port S_AXI_AWADDR[35] in module axi_crossbar_v2_1_30_crossbar is either unconnected or has no load
WARNING: [Synth 8-7129] Port S_AXI_AWADDR[34] in module axi_crossbar_v2_1_30_crossbar is either unconnected or has no load
WARNING: [Synth 8-7129] Port S_AXI_AWADDR[33] in module axi_crossbar_v2_1_30_crossbar is either unconnected or has no load
WARNING: [Synth 8-7129] Port S_AXI_AWADDR[32] in module axi_crossbar_v2_1_30_crossbar is either unconnected or has no load
WARNING: [Synth 8-7129] Port S_AXI_AWLEN[15] in module axi_crossbar_v2_1_30_crossbar is either unconnected or has no load
WARNING: [Synth 8-7129] Port S_AXI_AWLEN[14] in module axi_crossbar_v2_1_30_crossbar is either unconnected or has no load
WARNING: [Synth 8-7129] Port S_AXI_AWLEN[13] in module axi_crossbar_v2_1_30_crossbar is either unconnected or has no load
WARNING: [Synth 8-7129] Port S_AXI_AWLEN[12] in module axi_crossbar_v2_1_30_crossbar is either unconnected or has no load
WARNING: [Synth 8-7129] Port S_AXI_AWLEN[11] in module axi_crossbar_v2_1_30_crossbar is either unconnected or has no load
WARNING: [Synth 8-7129] Port S_AXI_AWLEN[10] in module axi_crossbar_v2_1_30_crossbar is either unconnected or has no load
WARNING: [Synth 8-7129] Port S_AXI_AWLEN[9] in module axi_crossbar_v2_1_30_crossbar is either unconnected or has no load
WARNING: [Synth 8-7129] Port S_AXI_AWLEN[8] in module axi_crossbar_v2_1_30_crossbar is either unconnected or has no load
WARNING: [Synth 8-7129] Port S_AXI_AWSIZE[5] in module axi_crossbar_v2_1_30_crossbar is either unconnected or has no load
WARNING: [Synth 8-7129] Port S_AXI_AWSIZE[4] in module axi_crossbar_v2_1_30_crossbar is either unconnected or has no load
WARNING: [Synth 8-7129] Port S_AXI_AWSIZE[3] in module axi_crossbar_v2_1_30_crossbar is either unconnected or has no load
WARNING: [Synth 8-7129] Port S_AXI_AWBURST[3] in module axi_crossbar_v2_1_30_crossbar is either unconnected or has no load
WARNING: [Synth 8-7129] Port S_AXI_AWBURST[2] in module axi_crossbar_v2_1_30_crossbar is either unconnected or has no load
WARNING: [Synth 8-7129] Port S_AXI_AWLOCK[3] in module axi_crossbar_v2_1_30_crossbar is either unconnected or has no load
WARNING: [Synth 8-7129] Port S_AXI_AWLOCK[2] in module axi_crossbar_v2_1_30_crossbar is either unconnected or has no load
WARNING: [Synth 8-7129] Port S_AXI_AWCACHE[7] in module axi_crossbar_v2_1_30_crossbar is either unconnected or has no load
WARNING: [Synth 8-7129] Port S_AXI_AWCACHE[6] in module axi_crossbar_v2_1_30_crossbar is either unconnected or has no load
WARNING: [Synth 8-7129] Port S_AXI_AWCACHE[5] in module axi_crossbar_v2_1_30_crossbar is either unconnected or has no load
WARNING: [Synth 8-7129] Port S_AXI_AWCACHE[4] in module axi_crossbar_v2_1_30_crossbar is either unconnected or has no load
WARNING: [Synth 8-7129] Port S_AXI_AWPROT[5] in module axi_crossbar_v2_1_30_crossbar is either unconnected or has no load
WARNING: [Synth 8-7129] Port S_AXI_AWPROT[4] in module axi_crossbar_v2_1_30_crossbar is either unconnected or has no load
WARNING: [Synth 8-7129] Port S_AXI_AWPROT[3] in module axi_crossbar_v2_1_30_crossbar is either unconnected or has no load
WARNING: [Synth 8-7129] Port S_AXI_AWQOS[7] in module axi_crossbar_v2_1_30_crossbar is either unconnected or has no load
WARNING: [Synth 8-7129] Port S_AXI_AWQOS[6] in module axi_crossbar_v2_1_30_crossbar is either unconnected or has no load
INFO: [Common 17-14] Message 'Synth 8-7129' appears 100 times and further instances of the messages will be disabled. Use the Tcl command set_msg_config to change the current settings.
---------------------------------------------------------------------------------
Finished RTL Elaboration : Time (s): cpu = 00:00:05 ; elapsed = 00:00:06 . Memory (MB): peak = 2333.387 ; gain = 617.738 ; free physical = 253 ; free virtual = 3560
---------------------------------------------------------------------------------
---------------------------------------------------------------------------------
Start Handling Custom Attributes
---------------------------------------------------------------------------------
---------------------------------------------------------------------------------
Finished Handling Custom Attributes : Time (s): cpu = 00:00:05 ; elapsed = 00:00:06 . Memory (MB): peak = 2333.387 ; gain = 617.738 ; free physical = 247 ; free virtual = 3554
---------------------------------------------------------------------------------
---------------------------------------------------------------------------------
Finished RTL Optimization Phase 1 : Time (s): cpu = 00:00:05 ; elapsed = 00:00:06 . Memory (MB): peak = 2333.387 ; gain = 617.738 ; free physical = 247 ; free virtual = 3554
---------------------------------------------------------------------------------
Netlist sorting complete. Time (s): cpu = 00:00:00.05 ; elapsed = 00:00:00.05 . Memory (MB): peak = 2333.387 ; gain = 0.000 ; free physical = 251 ; free virtual = 3565
INFO: [Project 1-570] Preparing netlist for logic optimization

Processing XDC Constraints
Initializing timing engine
Parsing XDC File [/home/fi/Documents/GitHub/ursa/exp/vivado/ursa_vanilla/ursa_vanilla.gen/sources_1/bd/ursa_vanilla/ip/ursa_vanilla_xbar_2/ursa_vanilla_xbar_2_ooc.xdc] for cell 'inst'
Finished Parsing XDC File [/home/fi/Documents/GitHub/ursa/exp/vivado/ursa_vanilla/ursa_vanilla.gen/sources_1/bd/ursa_vanilla/ip/ursa_vanilla_xbar_2/ursa_vanilla_xbar_2_ooc.xdc] for cell 'inst'
Parsing XDC File [/home/fi/Documents/GitHub/ursa/exp/vivado/ursa_vanilla/ursa_vanilla.runs/ursa_vanilla_xbar_2_synth_1/dont_touch.xdc]
Finished Parsing XDC File [/home/fi/Documents/GitHub/ursa/exp/vivado/ursa_vanilla/ursa_vanilla.runs/ursa_vanilla_xbar_2_synth_1/dont_touch.xdc]
Completed Processing XDC Constraints

Netlist sorting complete. Time (s): cpu = 00:00:00 ; elapsed = 00:00:00 . Memory (MB): peak = 2415.230 ; gain = 0.000 ; free physical = 253 ; free virtual = 3564
INFO: [Project 1-111] Unisim Transformation Summary:
No Unisim elements were transformed.

Constraint Validation Runtime : Time (s): cpu = 00:00:00.15 ; elapsed = 00:00:00.07 . Memory (MB): peak = 2415.266 ; gain = 0.000 ; free physical = 250 ; free virtual = 3562
INFO: [Designutils 20-5008] Incremental synthesis strategy off
---------------------------------------------------------------------------------
Finished Constraint Validation : Time (s): cpu = 00:00:09 ; elapsed = 00:00:09 . Memory (MB): peak = 2415.266 ; gain = 699.617 ; free physical = 291 ; free virtual = 3508
---------------------------------------------------------------------------------
---------------------------------------------------------------------------------
Start Loading Part and Timing Information
---------------------------------------------------------------------------------
Loading part: xc7z020clg484-1
---------------------------------------------------------------------------------
Finished Loading Part and Timing Information : Time (s): cpu = 00:00:09 ; elapsed = 00:00:09 . Memory (MB): peak = 2415.266 ; gain = 699.617 ; free physical = 291 ; free virtual = 3508
---------------------------------------------------------------------------------
---------------------------------------------------------------------------------
Start Applying 'set_property' XDC Constraints
---------------------------------------------------------------------------------
Applied set_property KEEP_HIERARCHY = SOFT for inst. (constraint file  /home/fi/Documents/GitHub/ursa/exp/vivado/ursa_vanilla/ursa_vanilla.runs/ursa_vanilla_xbar_2_synth_1/dont_touch.xdc, line 9).
---------------------------------------------------------------------------------
Finished applying 'set_property' XDC Constraints : Time (s): cpu = 00:00:09 ; elapsed = 00:00:09 . Memory (MB): peak = 2415.266 ; gain = 699.617 ; free physical = 291 ; free virtual = 3508
---------------------------------------------------------------------------------
INFO: [Synth 8-802] inferred FSM for state register 'state_reg' in module 'axi_data_fifo_v2_1_28_axic_reg_srl_fifo'
INFO: [Synth 8-802] inferred FSM for state register 'state_reg' in module 'axi_data_fifo_v2_1_28_axic_reg_srl_fifo__parameterized0'
INFO: [Synth 8-802] inferred FSM for state register 'state_reg' in module 'axi_data_fifo_v2_1_28_axic_reg_srl_fifo__parameterized1'
INFO: [Synth 8-802] inferred FSM for state register 'gen_axi.write_cs_reg' in module 'axi_crossbar_v2_1_30_decerr_slave'
---------------------------------------------------------------------------------------------------
                   State |                     New Encoding |                Previous Encoding 
---------------------------------------------------------------------------------------------------
                    ZERO |                             1000 |                               10
                     ONE |                             0010 |                               11
                     TWO |                             0001 |                               01
                  iSTATE |                             0100 |                               00
---------------------------------------------------------------------------------------------------
INFO: [Synth 8-3354] encoded FSM with state register 'state_reg' using encoding 'one-hot' in module 'axi_data_fifo_v2_1_28_axic_reg_srl_fifo'
---------------------------------------------------------------------------------------------------
                   State |                     New Encoding |                Previous Encoding 
---------------------------------------------------------------------------------------------------
                    ZERO |                             1000 |                               10
                     ONE |                             0010 |                               11
                     TWO |                             0001 |                               01
                  iSTATE |                             0100 |                               00
---------------------------------------------------------------------------------------------------
INFO: [Synth 8-3354] encoded FSM with state register 'state_reg' using encoding 'one-hot' in module 'axi_data_fifo_v2_1_28_axic_reg_srl_fifo__parameterized0'
---------------------------------------------------------------------------------------------------
                   State |                     New Encoding |                Previous Encoding 
---------------------------------------------------------------------------------------------------
                    ZERO |                             1000 |                               10
                     ONE |                             0010 |                               11
                     TWO |                             0001 |                               01
                  iSTATE |                             0100 |                               00
---------------------------------------------------------------------------------------------------
INFO: [Synth 8-3354] encoded FSM with state register 'state_reg' using encoding 'one-hot' in module 'axi_data_fifo_v2_1_28_axic_reg_srl_fifo__parameterized1'
---------------------------------------------------------------------------------------------------
                   State |                     New Encoding |                Previous Encoding 
---------------------------------------------------------------------------------------------------
            P_WRITE_IDLE |                              001 |                               00
            P_WRITE_DATA |                              010 |                               01
            P_WRITE_RESP |                              100 |                               10
---------------------------------------------------------------------------------------------------
INFO: [Synth 8-3354] encoded FSM with state register 'gen_axi.write_cs_reg' using encoding 'one-hot' in module 'axi_crossbar_v2_1_30_decerr_slave'
---------------------------------------------------------------------------------
Finished RTL Optimization Phase 2 : Time (s): cpu = 00:00:10 ; elapsed = 00:00:10 . Memory (MB): peak = 2415.266 ; gain = 699.617 ; free physical = 329 ; free virtual = 3393
---------------------------------------------------------------------------------
---------------------------------------------------------------------------------
Start RTL Component Statistics 
---------------------------------------------------------------------------------
Detailed RTL Component Info : 
+---Adders : 
	   2 Input    8 Bit       Adders := 3     
	   2 Input    4 Bit       Adders := 41    
	   2 Input    3 Bit       Adders := 5     
	   2 Input    2 Bit       Adders := 3     
	   2 Input    1 Bit       Adders := 2     
+---XORs : 
	   2 Input      1 Bit         XORs := 23    
+---Registers : 
	               76 Bit    Registers := 2     
	               48 Bit    Registers := 4     
	               15 Bit    Registers := 2     
	               13 Bit    Registers := 2     
	                8 Bit    Registers := 3     
	                4 Bit    Registers := 21    
	                3 Bit    Registers := 3     
	                2 Bit    Registers := 24    
	                1 Bit    Registers := 51    
+---Muxes : 
	   2 Input   64 Bit        Muxes := 16    
	   2 Input   48 Bit        Muxes := 4     
	   2 Input   16 Bit        Muxes := 6     
	   2 Input    8 Bit        Muxes := 1     
	   3 Input    4 Bit        Muxes := 21    
	   2 Input    4 Bit        Muxes := 11    
	   2 Input    3 Bit        Muxes := 2     
	   2 Input    2 Bit        Muxes := 52    
	   2 Input    1 Bit        Muxes := 70    
	   4 Input    1 Bit        Muxes := 9     
	   3 Input    1 Bit        Muxes := 9     
---------------------------------------------------------------------------------
Finished RTL Component Statistics 
---------------------------------------------------------------------------------
---------------------------------------------------------------------------------
Start Part Resource Summary
---------------------------------------------------------------------------------
Part Resources:
DSPs: 220 (col length:60)
BRAMs: 280 (col length: RAMB18 60 RAMB36 30)
---------------------------------------------------------------------------------
Finished Part Resource Summary
---------------------------------------------------------------------------------
---------------------------------------------------------------------------------
Start Cross Boundary and Area Optimization
---------------------------------------------------------------------------------
WARNING: [Synth 8-7080] Parallel synthesis criteria is not met
INFO: [Synth 8-3332] Sequential element (gen_samd.crossbar_samd/gen_slave_slots[0].gen_si_write.wdata_router_w/wrouter_aw_fifo/FSM_onehot_state_reg[2]) is unused and will be removed from module axi_crossbar_v2_1_30_axi_crossbar.
INFO: [Synth 8-3332] Sequential element (gen_samd.crossbar_samd/gen_master_slots[0].gen_mi_write.wdata_mux_w/gen_wmux.wmux_aw_fifo/FSM_onehot_state_reg[2]) is unused and will be removed from module axi_crossbar_v2_1_30_axi_crossbar.
INFO: [Synth 8-3332] Sequential element (gen_samd.crossbar_samd/gen_master_slots[1].gen_mi_write.wdata_mux_w/gen_wmux.wmux_aw_fifo/FSM_onehot_state_reg[2]) is unused and will be removed from module axi_crossbar_v2_1_30_axi_crossbar.
---------------------------------------------------------------------------------
Finished Cross Boundary and Area Optimization : Time (s): cpu = 00:00:13 ; elapsed = 00:00:13 . Memory (MB): peak = 2415.266 ; gain = 699.617 ; free physical = 1275 ; free virtual = 4322
---------------------------------------------------------------------------------
---------------------------------------------------------------------------------
Start Applying XDC Timing Constraints
---------------------------------------------------------------------------------
---------------------------------------------------------------------------------
Finished Applying XDC Timing Constraints : Time (s): cpu = 00:00:14 ; elapsed = 00:00:15 . Memory (MB): peak = 2415.266 ; gain = 699.617 ; free physical = 6689 ; free virtual = 9736
---------------------------------------------------------------------------------
---------------------------------------------------------------------------------
Start Timing Optimization
---------------------------------------------------------------------------------
---------------------------------------------------------------------------------
Finished Timing Optimization : Time (s): cpu = 00:00:17 ; elapsed = 00:00:17 . Memory (MB): peak = 2415.266 ; gain = 699.617 ; free physical = 6505 ; free virtual = 9553
---------------------------------------------------------------------------------
---------------------------------------------------------------------------------
Start Technology Mapping
---------------------------------------------------------------------------------
---------------------------------------------------------------------------------
Finished Technology Mapping : Time (s): cpu = 00:00:17 ; elapsed = 00:00:17 . Memory (MB): peak = 2415.266 ; gain = 699.617 ; free physical = 6497 ; free virtual = 9545
---------------------------------------------------------------------------------
---------------------------------------------------------------------------------
Start IO Insertion
---------------------------------------------------------------------------------
---------------------------------------------------------------------------------
Start Flattening Before IO Insertion
---------------------------------------------------------------------------------
---------------------------------------------------------------------------------
Finished Flattening Before IO Insertion
---------------------------------------------------------------------------------
---------------------------------------------------------------------------------
Start Final Netlist Cleanup
---------------------------------------------------------------------------------
---------------------------------------------------------------------------------
Finished Final Netlist Cleanup
---------------------------------------------------------------------------------
---------------------------------------------------------------------------------
Finished IO Insertion : Time (s): cpu = 00:00:19 ; elapsed = 00:00:19 . Memory (MB): peak = 2415.266 ; gain = 699.617 ; free physical = 9457 ; free virtual = 12505
---------------------------------------------------------------------------------
---------------------------------------------------------------------------------
Start Renaming Generated Instances
---------------------------------------------------------------------------------
---------------------------------------------------------------------------------
Finished Renaming Generated Instances : Time (s): cpu = 00:00:19 ; elapsed = 00:00:19 . Memory (MB): peak = 2415.266 ; gain = 699.617 ; free physical = 9457 ; free virtual = 12505
---------------------------------------------------------------------------------
---------------------------------------------------------------------------------
Start Rebuilding User Hierarchy
---------------------------------------------------------------------------------
---------------------------------------------------------------------------------
Finished Rebuilding User Hierarchy : Time (s): cpu = 00:00:19 ; elapsed = 00:00:19 . Memory (MB): peak = 2415.266 ; gain = 699.617 ; free physical = 9447 ; free virtual = 12495
---------------------------------------------------------------------------------
---------------------------------------------------------------------------------
Start Renaming Generated Ports
---------------------------------------------------------------------------------
---------------------------------------------------------------------------------
Finished Renaming Generated Ports : Time (s): cpu = 00:00:19 ; elapsed = 00:00:19 . Memory (MB): peak = 2415.266 ; gain = 699.617 ; free physical = 9447 ; free virtual = 12495
---------------------------------------------------------------------------------
---------------------------------------------------------------------------------
Start Handling Custom Attributes
---------------------------------------------------------------------------------
---------------------------------------------------------------------------------
Finished Handling Custom Attributes : Time (s): cpu = 00:00:19 ; elapsed = 00:00:19 . Memory (MB): peak = 2415.266 ; gain = 699.617 ; free physical = 9443 ; free virtual = 12491
---------------------------------------------------------------------------------
---------------------------------------------------------------------------------
Start Renaming Generated Nets
---------------------------------------------------------------------------------
---------------------------------------------------------------------------------
Finished Renaming Generated Nets : Time (s): cpu = 00:00:19 ; elapsed = 00:00:19 . Memory (MB): peak = 2415.266 ; gain = 699.617 ; free physical = 9439 ; free virtual = 12487
---------------------------------------------------------------------------------
---------------------------------------------------------------------------------
Start Writing Synthesis Report
---------------------------------------------------------------------------------

Report BlackBoxes: 
+-+--------------+----------+
| |BlackBox name |Instances |
+-+--------------+----------+
+-+--------------+----------+

Report Cell Usage: 
+------+--------+------+
|      |Cell    |Count |
+------+--------+------+
|1     |CARRY4  |    32|
|2     |LUT1    |    29|
|3     |LUT2    |    89|
|4     |LUT3    |   208|
|5     |LUT4    |    96|
|6     |LUT5    |   114|
|7     |LUT6    |   341|
|8     |SRLC32E |     3|
|9     |FDRE    |   690|
|10    |FDSE    |    22|
+------+--------+------+
---------------------------------------------------------------------------------
Finished Writing Synthesis Report : Time (s): cpu = 00:00:19 ; elapsed = 00:00:19 . Memory (MB): peak = 2415.266 ; gain = 699.617 ; free physical = 9439 ; free virtual = 12487
---------------------------------------------------------------------------------
Synthesis finished with 0 errors, 0 critical warnings and 338 warnings.
Synthesis Optimization Runtime : Time (s): cpu = 00:00:17 ; elapsed = 00:00:18 . Memory (MB): peak = 2415.266 ; gain = 617.738 ; free physical = 9431 ; free virtual = 12479
Synthesis Optimization Complete : Time (s): cpu = 00:00:19 ; elapsed = 00:00:19 . Memory (MB): peak = 2415.266 ; gain = 699.617 ; free physical = 9431 ; free virtual = 12479
INFO: [Project 1-571] Translating synthesized netlist
Netlist sorting complete. Time (s): cpu = 00:00:00.01 ; elapsed = 00:00:00.01 . Memory (MB): peak = 2415.266 ; gain = 0.000 ; free physical = 10024 ; free virtual = 13072
INFO: [Netlist 29-17] Analyzing 32 Unisim elements for replacement
INFO: [Netlist 29-28] Unisim Transformation completed in 0 CPU seconds
INFO: [Project 1-570] Preparing netlist for logic optimization
INFO: [Opt 31-138] Pushed 0 inverter(s) to 0 load pin(s).
Netlist sorting complete. Time (s): cpu = 00:00:00 ; elapsed = 00:00:00 . Memory (MB): peak = 2415.266 ; gain = 0.000 ; free physical = 9997 ; free virtual = 13047
INFO: [Project 1-111] Unisim Transformation Summary:
No Unisim elements were transformed.

Synth Design complete | Checksum: d17688c6
INFO: [Common 17-83] Releasing license: Synthesis
119 Infos, 133 Warnings, 0 Critical Warnings and 0 Errors encountered.
synth_design completed successfully
synth_design: Time (s): cpu = 00:00:22 ; elapsed = 00:00:21 . Memory (MB): peak = 2415.266 ; gain = 1052.117 ; free physical = 9996 ; free virtual = 13046
INFO: [Common 17-2834] synth_design peak Physical Memory [PSS] (MB): overall = 1766.373; main = 1507.106; forked = 298.680
INFO: [Common 17-2834] synth_design peak Virtual Memory [VSS] (MB): overall = 3376.402; main = 2415.234; forked = 993.184
Write ShapeDB Complete: Time (s): cpu = 00:00:00 ; elapsed = 00:00:00 . Memory (MB): peak = 2439.242 ; gain = 0.000 ; free physical = 9996 ; free virtual = 13046
INFO: [Common 17-1381] The checkpoint '/home/fi/Documents/GitHub/ursa/exp/vivado/ursa_vanilla/ursa_vanilla.runs/ursa_vanilla_xbar_2_synth_1/ursa_vanilla_xbar_2.dcp' has been generated.
INFO: [Coretcl 2-1648] Added synthesis output to IP cache for IP ursa_vanilla_xbar_2, cache-ID = 1c610ed27f41ce6d
INFO: [Coretcl 2-1174] Renamed 28 cell refs.
Write ShapeDB Complete: Time (s): cpu = 00:00:00.01 ; elapsed = 00:00:00 . Memory (MB): peak = 2439.242 ; gain = 0.000 ; free physical = 10097 ; free virtual = 13153
INFO: [Common 17-1381] The checkpoint '/home/fi/Documents/GitHub/ursa/exp/vivado/ursa_vanilla/ursa_vanilla.runs/ursa_vanilla_xbar_2_synth_1/ursa_vanilla_xbar_2.dcp' has been generated.
INFO: [runtcl-4] Executing : report_utilization -file ursa_vanilla_xbar_2_utilization_synth.rpt -pb ursa_vanilla_xbar_2_utilization_synth.pb
INFO: [Common 17-206] Exiting Vivado at Tue Jul  7 14:21:47 2026...
