/home/fi/Documents/GitHub/ursa/exp/vitis/hls_ursa/hls_ursa/hls/.autopilot/db/im2col.pp.0.cpp:3023:7: warning: Added loop label VITIS_LOOP_1207_1:   [xilinx-label-all-loops]
      for (i = 0; i < __N - 1; ++i) {
      ^~~
      VITIS_LOOP_1207_1: 
/home/fi/Documents/GitHub/ursa/exp/vitis/hls_ursa/hls_ursa/hls/.autopilot/db/im2col.pp.0.cpp:3023:7: note: FIX-IT applied suggested code changes
/home/fi/Documents/GitHub/ursa/exp/vitis/hls_ursa/hls_ursa/hls/.autopilot/db/im2col.pp.0.cpp:3997:5: warning: Added loop label VITIS_LOOP_676_1:   [xilinx-label-all-loops]
    for (unsigned i = low; i != high; ++i) {
    ^~~
    VITIS_LOOP_676_1: 
/home/fi/Documents/GitHub/ursa/exp/vitis/hls_ursa/hls_ursa/hls/.autopilot/db/im2col.pp.0.cpp:3997:5: note: FIX-IT applied suggested code changes
/home/fi/Documents/GitHub/ursa/exp/vitis/hls_ursa/hls_ursa/hls/.autopilot/db/im2col.pp.0.cpp:4011:5: warning: Added loop label VITIS_LOOP_690_1:   [xilinx-label-all-loops]
    for (unsigned i = low; i != high; ++i) {
    ^~~
    VITIS_LOOP_690_1: 
/home/fi/Documents/GitHub/ursa/exp/vitis/hls_ursa/hls_ursa/hls/.autopilot/db/im2col.pp.0.cpp:4011:5: note: FIX-IT applied suggested code changes
/home/fi/Documents/GitHub/ursa/exp/vitis/hls_ursa/hls_ursa/hls/.autopilot/db/im2col.pp.0.cpp:4025:5: warning: Added loop label VITIS_LOOP_704_1:   [xilinx-label-all-loops]
    for (unsigned i = low; i != high; ++i) {
    ^~~
    VITIS_LOOP_704_1: 
/home/fi/Documents/GitHub/ursa/exp/vitis/hls_ursa/hls_ursa/hls/.autopilot/db/im2col.pp.0.cpp:4025:5: note: FIX-IT applied suggested code changes
/home/fi/Documents/GitHub/ursa/exp/vitis/hls_ursa/hls_ursa/hls/.autopilot/db/im2col.pp.0.cpp:5642:7: warning: Added loop label VITIS_LOOP_1247_1:   [xilinx-label-all-loops]
      for (i = 0; i < __N - 1; ++i) {
      ^~~
      VITIS_LOOP_1247_1: 
/home/fi/Documents/GitHub/ursa/exp/vitis/hls_ursa/hls_ursa/hls/.autopilot/db/im2col.pp.0.cpp:5642:7: note: FIX-IT applied suggested code changes
/home/fi/Documents/GitHub/ursa/exp/vitis/hls_ursa/hls_ursa/hls/.autopilot/db/im2col.pp.0.cpp:7550:5: warning: Added loop label VITIS_LOOP_39_1:   [xilinx-label-all-loops]
    for (uint8_t channel = channels; channel--; data_im += channel_size) {
    ^~~
    VITIS_LOOP_39_1: 
/home/fi/Documents/GitHub/ursa/exp/vitis/hls_ursa/hls_ursa/hls/.autopilot/db/im2col.pp.0.cpp:7550:5: note: FIX-IT applied suggested code changes
/home/fi/Documents/GitHub/ursa/exp/vitis/hls_ursa/hls_ursa/hls/.autopilot/db/im2col.pp.0.cpp:7551:9: warning: Added loop label VITIS_LOOP_40_2:   [xilinx-label-all-loops]
        for (uint8_t kernel_row = 0; kernel_row < kernel_h; kernel_row++) {
        ^~~
        VITIS_LOOP_40_2: 
/home/fi/Documents/GitHub/ursa/exp/vitis/hls_ursa/hls_ursa/hls/.autopilot/db/im2col.pp.0.cpp:7551:9: note: FIX-IT applied suggested code changes
/home/fi/Documents/GitHub/ursa/exp/vitis/hls_ursa/hls_ursa/hls/.autopilot/db/im2col.pp.0.cpp:7552:13: warning: Added loop label VITIS_LOOP_41_3:   [xilinx-label-all-loops]
            for (uint8_t kernel_col = 0; kernel_col < kernel_w; kernel_col++) {
            ^~~
            VITIS_LOOP_41_3: 
/home/fi/Documents/GitHub/ursa/exp/vitis/hls_ursa/hls_ursa/hls/.autopilot/db/im2col.pp.0.cpp:7552:13: note: FIX-IT applied suggested code changes
/home/fi/Documents/GitHub/ursa/exp/vitis/hls_ursa/hls_ursa/hls/.autopilot/db/im2col.pp.0.cpp:7556:17: warning: Added loop label VITIS_LOOP_45_4:   [xilinx-label-all-loops]
                for (int output_rows = output_h; output_rows; output_rows--) {
                ^~~
                VITIS_LOOP_45_4: 
/home/fi/Documents/GitHub/ursa/exp/vitis/hls_ursa/hls_ursa/hls/.autopilot/db/im2col.pp.0.cpp:7556:17: note: FIX-IT applied suggested code changes
/home/fi/Documents/GitHub/ursa/exp/vitis/hls_ursa/hls_ursa/hls/.autopilot/db/im2col.pp.0.cpp:7558:25: warning: Added loop label VITIS_LOOP_47_5:   [xilinx-label-all-loops]
                        for (int output_cols = output_w; output_cols; output_cols--) {
                        ^~~
                        VITIS_LOOP_47_5: 
/home/fi/Documents/GitHub/ursa/exp/vitis/hls_ursa/hls_ursa/hls/.autopilot/db/im2col.pp.0.cpp:7558:25: note: FIX-IT applied suggested code changes
/home/fi/Documents/GitHub/ursa/exp/vitis/hls_ursa/hls_ursa/hls/.autopilot/db/im2col.pp.0.cpp:7565:25: warning: Added loop label VITIS_LOOP_54_6:   [xilinx-label-all-loops]
                        for (int output_col = output_w; output_col; output_col--) {
                        ^~~
                        VITIS_LOOP_54_6: 
/home/fi/Documents/GitHub/ursa/exp/vitis/hls_ursa/hls_ursa/hls/.autopilot/db/im2col.pp.0.cpp:7565:25: note: FIX-IT applied suggested code changes
/home/fi/Documents/GitHub/ursa/exp/vitis/hls_ursa/hls_ursa/hls/.autopilot/db/im2col.pp.0.cpp:7577:17: warning: Added loop label VITIS_LOOP_66_7:   [xilinx-label-all-loops]
                for (int k = (output_h*output_w); k < aligned_wh_out; k++) {
                ^~~
                VITIS_LOOP_66_7: 
/home/fi/Documents/GitHub/ursa/exp/vitis/hls_ursa/hls_ursa/hls/.autopilot/db/im2col.pp.0.cpp:7577:17: note: FIX-IT applied suggested code changes
/home/fi/Documents/GitHub/ursa/exp/vitis/hls_ursa/hls_ursa/hls/.autopilot/db/im2col.pp.0.cpp:7624:5: warning: Added loop label VITIS_LOOP_113_1:   [xilinx-label-all-loops]
    for (uint8_t channel = channels; channel--; data_im += channel_size) {
    ^~~
    VITIS_LOOP_113_1: 
/home/fi/Documents/GitHub/ursa/exp/vitis/hls_ursa/hls_ursa/hls/.autopilot/db/im2col.pp.0.cpp:7624:5: note: FIX-IT applied suggested code changes
/home/fi/Documents/GitHub/ursa/exp/vitis/hls_ursa/hls_ursa/hls/.autopilot/db/im2col.pp.0.cpp:7626:2: warning: Added loop label VITIS_LOOP_115_2:   [xilinx-label-all-loops]
 for (uint8_t kernel_row = 0; kernel_row < kernel_h; kernel_row++) {
 ^~~
 VITIS_LOOP_115_2: 
/home/fi/Documents/GitHub/ursa/exp/vitis/hls_ursa/hls_ursa/hls/.autopilot/db/im2col.pp.0.cpp:7626:2: note: FIX-IT applied suggested code changes
/home/fi/Documents/GitHub/ursa/exp/vitis/hls_ursa/hls_ursa/hls/.autopilot/db/im2col.pp.0.cpp:7627:13: warning: Added loop label VITIS_LOOP_116_3:   [xilinx-label-all-loops]
            for (uint8_t kernel_col = 0; kernel_col < kernel_w; kernel_col++) {
            ^~~
            VITIS_LOOP_116_3: 
/home/fi/Documents/GitHub/ursa/exp/vitis/hls_ursa/hls_ursa/hls/.autopilot/db/im2col.pp.0.cpp:7627:13: note: FIX-IT applied suggested code changes
/home/fi/Documents/GitHub/ursa/exp/vitis/hls_ursa/hls_ursa/hls/.autopilot/db/im2col.pp.0.cpp:7631:17: warning: Added loop label VITIS_LOOP_120_4:   [xilinx-label-all-loops]
                for (int output_rows = output_h; output_rows; output_rows--) {
                ^~~
                VITIS_LOOP_120_4: 
/home/fi/Documents/GitHub/ursa/exp/vitis/hls_ursa/hls_ursa/hls/.autopilot/db/im2col.pp.0.cpp:7631:17: note: FIX-IT applied suggested code changes
/home/fi/Documents/GitHub/ursa/exp/vitis/hls_ursa/hls_ursa/hls/.autopilot/db/im2col.pp.0.cpp:7636:21: warning: Added loop label VITIS_LOOP_125_5:   [xilinx-label-all-loops]
                    for (int output_col = output_w; output_col; output_col--) {
                    ^~~
                    VITIS_LOOP_125_5: 
/home/fi/Documents/GitHub/ursa/exp/vitis/hls_ursa/hls_ursa/hls/.autopilot/db/im2col.pp.0.cpp:7636:21: note: FIX-IT applied suggested code changes
/home/fi/Documents/GitHub/ursa/exp/vitis/hls_ursa/hls_ursa/hls/.autopilot/db/im2col.pp.0.cpp:7648:17: warning: Added loop label VITIS_LOOP_137_6:   [xilinx-label-all-loops]
                for (int k = (output_h * output_w); k < aligned_wh_out; k++) {
                ^~~
                VITIS_LOOP_137_6: 
/home/fi/Documents/GitHub/ursa/exp/vitis/hls_ursa/hls_ursa/hls/.autopilot/db/im2col.pp.0.cpp:7648:17: note: FIX-IT applied suggested code changes
