/home/fi/Documents/GitHub/ursa/exp/vitis/hls_ursa/hls_ursa/hls/.autopilot/db/sa.pp.0.cpp:2565:7: warning: Added loop label VITIS_LOOP_1207_1:   [xilinx-label-all-loops]
      for (i = 0; i < __N - 1; ++i) {
      ^~~
      VITIS_LOOP_1207_1: 
/home/fi/Documents/GitHub/ursa/exp/vitis/hls_ursa/hls_ursa/hls/.autopilot/db/sa.pp.0.cpp:2565:7: note: FIX-IT applied suggested code changes
/home/fi/Documents/GitHub/ursa/exp/vitis/hls_ursa/hls_ursa/hls/.autopilot/db/sa.pp.0.cpp:3539:5: warning: Added loop label VITIS_LOOP_676_1:   [xilinx-label-all-loops]
    for (unsigned i = low; i != high; ++i) {
    ^~~
    VITIS_LOOP_676_1: 
/home/fi/Documents/GitHub/ursa/exp/vitis/hls_ursa/hls_ursa/hls/.autopilot/db/sa.pp.0.cpp:3539:5: note: FIX-IT applied suggested code changes
/home/fi/Documents/GitHub/ursa/exp/vitis/hls_ursa/hls_ursa/hls/.autopilot/db/sa.pp.0.cpp:3553:5: warning: Added loop label VITIS_LOOP_690_1:   [xilinx-label-all-loops]
    for (unsigned i = low; i != high; ++i) {
    ^~~
    VITIS_LOOP_690_1: 
/home/fi/Documents/GitHub/ursa/exp/vitis/hls_ursa/hls_ursa/hls/.autopilot/db/sa.pp.0.cpp:3553:5: note: FIX-IT applied suggested code changes
/home/fi/Documents/GitHub/ursa/exp/vitis/hls_ursa/hls_ursa/hls/.autopilot/db/sa.pp.0.cpp:3567:5: warning: Added loop label VITIS_LOOP_704_1:   [xilinx-label-all-loops]
    for (unsigned i = low; i != high; ++i) {
    ^~~
    VITIS_LOOP_704_1: 
/home/fi/Documents/GitHub/ursa/exp/vitis/hls_ursa/hls_ursa/hls/.autopilot/db/sa.pp.0.cpp:3567:5: note: FIX-IT applied suggested code changes
/home/fi/Documents/GitHub/ursa/exp/vitis/hls_ursa/hls_ursa/hls/.autopilot/db/sa.pp.0.cpp:5184:7: warning: Added loop label VITIS_LOOP_1247_1:   [xilinx-label-all-loops]
      for (i = 0; i < __N - 1; ++i) {
      ^~~
      VITIS_LOOP_1247_1: 
/home/fi/Documents/GitHub/ursa/exp/vitis/hls_ursa/hls_ursa/hls/.autopilot/db/sa.pp.0.cpp:5184:7: note: FIX-IT applied suggested code changes
/home/fi/Documents/GitHub/ursa/exp/vitis/hls_ursa/hls_ursa/hls/.autopilot/db/sa.pp.0.cpp:7027:2: warning: Added loop label VITIS_LOOP_16_1:   [xilinx-label-all-loops]
 for(i=0;i<9;i++){
 ^~~
 VITIS_LOOP_16_1: 
/home/fi/Documents/GitHub/ursa/exp/vitis/hls_ursa/hls_ursa/hls/.autopilot/db/sa.pp.0.cpp:7027:2: note: FIX-IT applied suggested code changes
/home/fi/Documents/GitHub/ursa/exp/vitis/hls_ursa/hls_ursa/hls/.autopilot/db/sa.pp.0.cpp:7029:2: warning: Added loop label VITIS_LOOP_18_2:   [xilinx-label-all-loops]
 for(j=0;j<9;j++){
 ^~~
 VITIS_LOOP_18_2: 
/home/fi/Documents/GitHub/ursa/exp/vitis/hls_ursa/hls_ursa/hls/.autopilot/db/sa.pp.0.cpp:7029:2: note: FIX-IT applied suggested code changes
/home/fi/Documents/GitHub/ursa/exp/vitis/hls_ursa/hls_ursa/hls/.autopilot/db/sa.pp.0.cpp:7039:2: warning: Added loop label VITIS_LOOP_28_1:   [xilinx-label-all-loops]
 for(uint16_t i=0;i<9;i++){
 ^~~
 VITIS_LOOP_28_1: 
/home/fi/Documents/GitHub/ursa/exp/vitis/hls_ursa/hls_ursa/hls/.autopilot/db/sa.pp.0.cpp:7039:2: note: FIX-IT applied suggested code changes
/home/fi/Documents/GitHub/ursa/exp/vitis/hls_ursa/hls_ursa/hls/.autopilot/db/sa.pp.0.cpp:7041:2: warning: Added loop label VITIS_LOOP_30_2:   [xilinx-label-all-loops]
 for(uint16_t j=0;j<9;j++){
 ^~~
 VITIS_LOOP_30_2: 
/home/fi/Documents/GitHub/ursa/exp/vitis/hls_ursa/hls_ursa/hls/.autopilot/db/sa.pp.0.cpp:7041:2: note: FIX-IT applied suggested code changes
/home/fi/Documents/GitHub/ursa/exp/vitis/hls_ursa/hls_ursa/hls/.autopilot/db/sa.pp.0.cpp:7062:2: warning: Added loop label VITIS_LOOP_51_1:   [xilinx-label-all-loops]
 for(i=0;i<9;i++){
 ^~~
 VITIS_LOOP_51_1: 
/home/fi/Documents/GitHub/ursa/exp/vitis/hls_ursa/hls_ursa/hls/.autopilot/db/sa.pp.0.cpp:7062:2: note: FIX-IT applied suggested code changes
/home/fi/Documents/GitHub/ursa/exp/vitis/hls_ursa/hls_ursa/hls/.autopilot/db/sa.pp.0.cpp:7069:4: warning: Added loop label VITIS_LOOP_58_2:   [xilinx-label-all-loops]
   for(j=1;j<9;j++) {
   ^~~
   VITIS_LOOP_58_2: 
/home/fi/Documents/GitHub/ursa/exp/vitis/hls_ursa/hls_ursa/hls/.autopilot/db/sa.pp.0.cpp:7069:4: note: FIX-IT applied suggested code changes
/home/fi/Documents/GitHub/ursa/exp/vitis/hls_ursa/hls_ursa/hls/.autopilot/db/sa.pp.0.cpp:7071:2: warning: Added loop label VITIS_LOOP_60_3:   [xilinx-label-all-loops]
 for(i=0;i<9;i++) {
 ^~~
 VITIS_LOOP_60_3: 
/home/fi/Documents/GitHub/ursa/exp/vitis/hls_ursa/hls_ursa/hls/.autopilot/db/sa.pp.0.cpp:7071:2: note: FIX-IT applied suggested code changes
/home/fi/Documents/GitHub/ursa/exp/vitis/hls_ursa/hls_ursa/hls/.autopilot/db/sa.pp.0.cpp:7078:4: warning: Added loop label VITIS_LOOP_67_4:   [xilinx-label-all-loops]
   for(i=1;i<9;i++) {
   ^~~
   VITIS_LOOP_67_4: 
/home/fi/Documents/GitHub/ursa/exp/vitis/hls_ursa/hls_ursa/hls/.autopilot/db/sa.pp.0.cpp:7078:4: note: FIX-IT applied suggested code changes
/home/fi/Documents/GitHub/ursa/exp/vitis/hls_ursa/hls_ursa/hls/.autopilot/db/sa.pp.0.cpp:7080:2: warning: Added loop label VITIS_LOOP_69_5:   [xilinx-label-all-loops]
 for(j=0;j<9;j++) {
 ^~~
 VITIS_LOOP_69_5: 
/home/fi/Documents/GitHub/ursa/exp/vitis/hls_ursa/hls_ursa/hls/.autopilot/db/sa.pp.0.cpp:7080:2: note: FIX-IT applied suggested code changes
/home/fi/Documents/GitHub/ursa/exp/vitis/hls_ursa/hls_ursa/hls/.autopilot/db/sa.pp.0.cpp:7087:4: warning: Added loop label VITIS_LOOP_76_6:   [xilinx-label-all-loops]
   for(i=0;i<9;i++) {
   ^~~
   VITIS_LOOP_76_6: 
/home/fi/Documents/GitHub/ursa/exp/vitis/hls_ursa/hls_ursa/hls/.autopilot/db/sa.pp.0.cpp:7087:4: note: FIX-IT applied suggested code changes
/home/fi/Documents/GitHub/ursa/exp/vitis/hls_ursa/hls_ursa/hls/.autopilot/db/sa.pp.0.cpp:7089:2: warning: Added loop label VITIS_LOOP_78_7:   [xilinx-label-all-loops]
 for(j=0;j<9;j++) {
 ^~~
 VITIS_LOOP_78_7: 
/home/fi/Documents/GitHub/ursa/exp/vitis/hls_ursa/hls_ursa/hls/.autopilot/db/sa.pp.0.cpp:7089:2: note: FIX-IT applied suggested code changes
/home/fi/Documents/GitHub/ursa/exp/vitis/hls_ursa/hls_ursa/hls/.autopilot/db/sa.pp.0.cpp:7099:2: warning: Added loop label VITIS_LOOP_88_1:   [xilinx-label-all-loops]
 for(uint16_t i=0;i<9;i++){
 ^~~
 VITIS_LOOP_88_1: 
/home/fi/Documents/GitHub/ursa/exp/vitis/hls_ursa/hls_ursa/hls/.autopilot/db/sa.pp.0.cpp:7099:2: note: FIX-IT applied suggested code changes
/home/fi/Documents/GitHub/ursa/exp/vitis/hls_ursa/hls_ursa/hls/.autopilot/db/sa.pp.0.cpp:7101:2: warning: Added loop label VITIS_LOOP_90_2:   [xilinx-label-all-loops]
 for(uint16_t j=0;j<9;j++){
 ^~~
 VITIS_LOOP_90_2: 
/home/fi/Documents/GitHub/ursa/exp/vitis/hls_ursa/hls_ursa/hls/.autopilot/db/sa.pp.0.cpp:7101:2: note: FIX-IT applied suggested code changes
