/home/fi/Documents/GitHub/ursa/src/core/shell.cpp:11:9: warning: HLS pragma dump _XLX_SEP_ PragmaIsValid=1_XLX_SEP_ PragmaType=pipeline_XLX_SEP_ PragmaContext=_XLX_SEP_ PragmaFunction=fill_inputs_a_XLX_SEP_ PragmaOptions=II=1_XLX_SEP_ [-Wdump-hls-pragmas]
#pragma HLS PIPELINE II=1
        ^
/home/fi/Documents/GitHub/ursa/src/core/shell.cpp:13:9: warning: HLS pragma dump _XLX_SEP_ PragmaIsValid=1_XLX_SEP_ PragmaType=unroll_XLX_SEP_ PragmaContext=_XLX_SEP_ PragmaFunction=fill_inputs_a_XLX_SEP_ PragmaOptions=_XLX_SEP_ [-Wdump-hls-pragmas]
#pragma HLS UNROLL
        ^
/home/fi/Documents/GitHub/ursa/src/core/shell.cpp:39:9: warning: HLS pragma dump _XLX_SEP_ PragmaIsValid=1_XLX_SEP_ PragmaType=pipeline_XLX_SEP_ PragmaContext=_XLX_SEP_ PragmaFunction=fill_inputs_b_XLX_SEP_ PragmaOptions=II=1_XLX_SEP_ [-Wdump-hls-pragmas]
#pragma HLS PIPELINE II=1
        ^
/home/fi/Documents/GitHub/ursa/src/core/shell.cpp:41:9: warning: HLS pragma dump _XLX_SEP_ PragmaIsValid=1_XLX_SEP_ PragmaType=unroll_XLX_SEP_ PragmaContext=_XLX_SEP_ PragmaFunction=fill_inputs_b_XLX_SEP_ PragmaOptions=_XLX_SEP_ [-Wdump-hls-pragmas]
#pragma HLS UNROLL
        ^
/home/fi/Documents/GitHub/ursa/src/core/shell.cpp:61:9: warning: HLS pragma dump _XLX_SEP_ PragmaIsValid=1_XLX_SEP_ PragmaType=pipeline_XLX_SEP_ PragmaContext=_XLX_SEP_ PragmaFunction=load_inputs_sa_XLX_SEP_ PragmaOptions=II=1_XLX_SEP_ [-Wdump-hls-pragmas]
#pragma HLS PIPELINE II=1
        ^
/home/fi/Documents/GitHub/ursa/src/core/shell.cpp:64:9: warning: HLS pragma dump _XLX_SEP_ PragmaIsValid=1_XLX_SEP_ PragmaType=unroll_XLX_SEP_ PragmaContext=_XLX_SEP_ PragmaFunction=load_inputs_sa_XLX_SEP_ PragmaOptions=factor=9_XLX_SEP_ [-Wdump-hls-pragmas]
#pragma HLS UNROLL factor=9
        ^
directive:1:9: warning: HLS pragma dump _XLX_SEP_ PragmaIsValid=1_XLX_SEP_ PragmaType=top_XLX_SEP_ PragmaContext=directive_XLX_SEP_ PragmaFunction=mxm_execute_ursa_XLX_SEP_ PragmaOptions=name=mxm_execute_ursa_XLX_SEP_ [-Wdump-hls-pragmas]
#pragma HLSDIRECTIVE TOP name=mxm_execute_ursa
        ^
/home/fi/Documents/GitHub/ursa/src/core/shell.cpp:201:9: warning: HLS pragma dump _XLX_SEP_ PragmaIsValid=1_XLX_SEP_ PragmaType=interface_XLX_SEP_ PragmaContext=_XLX_SEP_ PragmaFunction=mxm_execute_ursa_XLX_SEP_ PragmaOptions=mode=m_axi port=casted_a0 bundle=aw offset=slave num_read_outstanding=8 num_write_outstanding=8 max_read_burst_length=64 max_write_burst_length=16 depth=200_XLX_SEP_ [-Wdump-hls-pragmas]
#pragma HLS INTERFACE mode=m_axi port=casted_a0 bundle=aw offset=slave num_read_outstanding=8 num_write_outstanding=8 max_read_burst_length=64 max_write_burst_length=16 depth=200
        ^
/home/fi/Documents/GitHub/ursa/src/core/shell.cpp:205:9: warning: HLS pragma dump _XLX_SEP_ PragmaIsValid=1_XLX_SEP_ PragmaType=interface_XLX_SEP_ PragmaContext=_XLX_SEP_ PragmaFunction=mxm_execute_ursa_XLX_SEP_ PragmaOptions=mode=m_axi port=casted_c0 bundle=ca offset=slave num_read_outstanding=8 num_write_outstanding=8 max_read_burst_length=64 max_write_burst_length=16 depth=200_XLX_SEP_ [-Wdump-hls-pragmas]
#pragma HLS INTERFACE mode=m_axi port=casted_c0 bundle=ca offset=slave num_read_outstanding=8 num_write_outstanding=8 max_read_burst_length=64 max_write_burst_length=16 depth=200
        ^
/home/fi/Documents/GitHub/ursa/src/core/shell.cpp:209:9: warning: HLS pragma dump _XLX_SEP_ PragmaIsValid=1_XLX_SEP_ PragmaType=interface_XLX_SEP_ PragmaContext=_XLX_SEP_ PragmaFunction=mxm_execute_ursa_XLX_SEP_ PragmaOptions=mode=s_axilite port=return bundle=ap register_XLX_SEP_ [-Wdump-hls-pragmas]
#pragma HLS INTERFACE mode=s_axilite port=return bundle=ap register
        ^
/home/fi/Documents/GitHub/ursa/src/core/shell.cpp:210:9: warning: HLS pragma dump _XLX_SEP_ PragmaIsValid=1_XLX_SEP_ PragmaType=interface_XLX_SEP_ PragmaContext=_XLX_SEP_ PragmaFunction=mxm_execute_ursa_XLX_SEP_ PragmaOptions=mode=s_axilite port=a0_p bundle=ap register_XLX_SEP_ [-Wdump-hls-pragmas]
#pragma HLS INTERFACE mode=s_axilite port=a0_p bundle=ap register
        ^
/home/fi/Documents/GitHub/ursa/src/core/shell.cpp:211:9: warning: HLS pragma dump _XLX_SEP_ PragmaIsValid=1_XLX_SEP_ PragmaType=interface_XLX_SEP_ PragmaContext=_XLX_SEP_ PragmaFunction=mxm_execute_ursa_XLX_SEP_ PragmaOptions=mode=s_axilite port=b0_q bundle=ap register_XLX_SEP_ [-Wdump-hls-pragmas]
#pragma HLS INTERFACE mode=s_axilite port=b0_q bundle=ap register
        ^
/home/fi/Documents/GitHub/ursa/src/core/shell.cpp:212:9: warning: HLS pragma dump _XLX_SEP_ PragmaIsValid=1_XLX_SEP_ PragmaType=interface_XLX_SEP_ PragmaContext=_XLX_SEP_ PragmaFunction=mxm_execute_ursa_XLX_SEP_ PragmaOptions=mode=s_axilite port=m bundle=ap register_XLX_SEP_ [-Wdump-hls-pragmas]
#pragma HLS INTERFACE mode=s_axilite port=m bundle=ap register
        ^
/home/fi/Documents/GitHub/ursa/src/core/shell.cpp:226:9: warning: HLS pragma dump _XLX_SEP_ PragmaIsValid=1_XLX_SEP_ PragmaType=interface_XLX_SEP_ PragmaContext=_XLX_SEP_ PragmaFunction=mxm_execute_ursa_XLX_SEP_ PragmaOptions=mode=m_axi port=casted_b0 bundle=bi offset=slave num_read_outstanding=8 num_write_outstanding=8 max_read_burst_length=64 max_write_burst_length=16 depth=200_XLX_SEP_ [-Wdump-hls-pragmas]
#pragma HLS INTERFACE mode=m_axi port=casted_b0 bundle=bi offset=slave num_read_outstanding=8 num_write_outstanding=8 max_read_burst_length=64 max_write_burst_length=16 depth=200
        ^
/home/fi/Documents/GitHub/ursa/src/core/shell.cpp:245:9: warning: HLS pragma dump _XLX_SEP_ PragmaIsValid=1_XLX_SEP_ PragmaType=array_partition_XLX_SEP_ PragmaContext=_XLX_SEP_ PragmaFunction=mxm_execute_ursa_XLX_SEP_ PragmaOptions=variable=in_a complete dim=1_XLX_SEP_ [-Wdump-hls-pragmas]
#pragma HLS ARRAY_PARTITION variable=in_a complete dim=1
        ^
/home/fi/Documents/GitHub/ursa/src/core/shell.cpp:248:9: warning: HLS pragma dump _XLX_SEP_ PragmaIsValid=1_XLX_SEP_ PragmaType=array_partition_XLX_SEP_ PragmaContext=_XLX_SEP_ PragmaFunction=mxm_execute_ursa_XLX_SEP_ PragmaOptions=variable=in_b complete dim=1_XLX_SEP_ [-Wdump-hls-pragmas]
#pragma HLS ARRAY_PARTITION variable=in_b complete dim=1
        ^
/home/fi/Documents/GitHub/ursa/src/core/shell.cpp:259:9: warning: HLS pragma dump _XLX_SEP_ PragmaIsValid=1_XLX_SEP_ PragmaType=array_partition_XLX_SEP_ PragmaContext=_XLX_SEP_ PragmaFunction=mxm_execute_ursa_XLX_SEP_ PragmaOptions=variable=sa complete dim=1_XLX_SEP_ [-Wdump-hls-pragmas]
#pragma HLS ARRAY_PARTITION variable=sa complete dim=1
        ^
/home/fi/Documents/GitHub/ursa/src/core/shell.cpp:262:9: warning: HLS pragma dump _XLX_SEP_ PragmaIsValid=1_XLX_SEP_ PragmaType=dataflow_XLX_SEP_ PragmaContext=_XLX_SEP_ PragmaFunction=mxm_execute_ursa_XLX_SEP_ PragmaOptions=_XLX_SEP_ [-Wdump-hls-pragmas]
#pragma HLS DATAFLOW
        ^
/home/fi/Documents/GitHub/ursa/src/core/shell.cpp:285:9: warning: HLS pragma dump _XLX_SEP_ PragmaIsValid=1_XLX_SEP_ PragmaType=pipeline_XLX_SEP_ PragmaContext=_XLX_SEP_ PragmaFunction=mxm_execute_ursa_XLX_SEP_ PragmaOptions=II=1_XLX_SEP_ [-Wdump-hls-pragmas]
#pragma HLS PIPELINE II=1
        ^
/home/fi/Documents/GitHub/ursa/src/core/shell.cpp:262:9: warning: Only 'for' loop or function body support the dataflow pragma [-Wignored-hls-attributes]
#pragma HLS DATAFLOW
        ^~~~~~~~~~~~
20 warnings generated.
