/home/fi/Documents/GitHub/ursa/exp/vitis/hls_ursa/hls_ursa/hls/.autopilot/db/shell.pp.0.cpp:2569:7: warning: Added loop label VITIS_LOOP_1207_1:   [xilinx-label-all-loops]
      for (i = 0; i < __N - 1; ++i) {
      ^~~
      VITIS_LOOP_1207_1: 
/home/fi/Documents/GitHub/ursa/exp/vitis/hls_ursa/hls_ursa/hls/.autopilot/db/shell.pp.0.cpp:2569:7: note: FIX-IT applied suggested code changes
/home/fi/Documents/GitHub/ursa/exp/vitis/hls_ursa/hls_ursa/hls/.autopilot/db/shell.pp.0.cpp:3543:5: warning: Added loop label VITIS_LOOP_676_1:   [xilinx-label-all-loops]
    for (unsigned i = low; i != high; ++i) {
    ^~~
    VITIS_LOOP_676_1: 
/home/fi/Documents/GitHub/ursa/exp/vitis/hls_ursa/hls_ursa/hls/.autopilot/db/shell.pp.0.cpp:3543:5: note: FIX-IT applied suggested code changes
/home/fi/Documents/GitHub/ursa/exp/vitis/hls_ursa/hls_ursa/hls/.autopilot/db/shell.pp.0.cpp:3557:5: warning: Added loop label VITIS_LOOP_690_1:   [xilinx-label-all-loops]
    for (unsigned i = low; i != high; ++i) {
    ^~~
    VITIS_LOOP_690_1: 
/home/fi/Documents/GitHub/ursa/exp/vitis/hls_ursa/hls_ursa/hls/.autopilot/db/shell.pp.0.cpp:3557:5: note: FIX-IT applied suggested code changes
/home/fi/Documents/GitHub/ursa/exp/vitis/hls_ursa/hls_ursa/hls/.autopilot/db/shell.pp.0.cpp:3571:5: warning: Added loop label VITIS_LOOP_704_1:   [xilinx-label-all-loops]
    for (unsigned i = low; i != high; ++i) {
    ^~~
    VITIS_LOOP_704_1: 
/home/fi/Documents/GitHub/ursa/exp/vitis/hls_ursa/hls_ursa/hls/.autopilot/db/shell.pp.0.cpp:3571:5: note: FIX-IT applied suggested code changes
/home/fi/Documents/GitHub/ursa/exp/vitis/hls_ursa/hls_ursa/hls/.autopilot/db/shell.pp.0.cpp:5188:7: warning: Added loop label VITIS_LOOP_1247_1:   [xilinx-label-all-loops]
      for (i = 0; i < __N - 1; ++i) {
      ^~~
      VITIS_LOOP_1247_1: 
/home/fi/Documents/GitHub/ursa/exp/vitis/hls_ursa/hls_ursa/hls/.autopilot/db/shell.pp.0.cpp:5188:7: note: FIX-IT applied suggested code changes
/home/fi/Documents/GitHub/ursa/exp/vitis/hls_ursa/hls_ursa/hls/.autopilot/db/shell.pp.0.cpp:7028:2: warning: Added loop label VITIS_LOOP_12_1:   [xilinx-label-all-loops]
 for(uint16_t i=0;i<9;i++){
 ^~~
 VITIS_LOOP_12_1: 
/home/fi/Documents/GitHub/ursa/exp/vitis/hls_ursa/hls_ursa/hls/.autopilot/db/shell.pp.0.cpp:7028:2: note: FIX-IT applied suggested code changes
/home/fi/Documents/GitHub/ursa/exp/vitis/hls_ursa/hls_ursa/hls/.autopilot/db/shell.pp.0.cpp:7056:2: warning: Added loop label VITIS_LOOP_40_1:   [xilinx-label-all-loops]
 for(uint16_t j=0;j<9;j++){
 ^~~
 VITIS_LOOP_40_1: 
/home/fi/Documents/GitHub/ursa/exp/vitis/hls_ursa/hls_ursa/hls/.autopilot/db/shell.pp.0.cpp:7056:2: note: FIX-IT applied suggested code changes
/home/fi/Documents/GitHub/ursa/exp/vitis/hls_ursa/hls_ursa/hls/.autopilot/db/shell.pp.0.cpp:7079:2: warning: Added loop label VITIS_LOOP_63_1:   [xilinx-label-all-loops]
 for(uint16_t k=0;k<9;k++) {
 ^~~
 VITIS_LOOP_63_1: 
/home/fi/Documents/GitHub/ursa/exp/vitis/hls_ursa/hls_ursa/hls/.autopilot/db/shell.pp.0.cpp:7079:2: note: FIX-IT applied suggested code changes
/home/fi/Documents/GitHub/ursa/exp/vitis/hls_ursa/hls_ursa/hls/.autopilot/db/shell.pp.0.cpp:7150:9: warning: Added loop label VITIS_LOOP_267_1:   [xilinx-label-all-loops]
        for(uint16_t i=0;i<call_a;i++){
        ^~~
        VITIS_LOOP_267_1: 
/home/fi/Documents/GitHub/ursa/exp/vitis/hls_ursa/hls_ursa/hls/.autopilot/db/shell.pp.0.cpp:7150:9: note: FIX-IT applied suggested code changes
/home/fi/Documents/GitHub/ursa/exp/vitis/hls_ursa/hls_ursa/hls/.autopilot/db/shell.pp.0.cpp:7151:13: warning: Added loop label VITIS_LOOP_268_2:   [xilinx-label-all-loops]
            for(uint16_t j=0;j<call_b;j++){
            ^~~
            VITIS_LOOP_268_2: 
/home/fi/Documents/GitHub/ursa/exp/vitis/hls_ursa/hls_ursa/hls/.autopilot/db/shell.pp.0.cpp:7151:13: note: FIX-IT applied suggested code changes
/home/fi/Documents/GitHub/ursa/exp/vitis/hls_ursa/hls_ursa/hls/.autopilot/db/shell.pp.0.cpp:7156:17: warning: Added loop label VITIS_LOOP_284_3:   [xilinx-label-all-loops]
                for(uint16_t k=0;k<m+9 -1+9 -1;k++){
                ^~~
                VITIS_LOOP_284_3: 
/home/fi/Documents/GitHub/ursa/exp/vitis/hls_ursa/hls_ursa/hls/.autopilot/db/shell.pp.0.cpp:7156:17: note: FIX-IT applied suggested code changes
