INFO: [vitis-run 60-1548] Creating build summary session with primary output /home/ulisses/Projects/ursa/exp/vitis/hls_ursa_8x8/mxm_execute_ursa/mxm_execute_ursa.hlsrun_csim_summary, at Fri Apr 10 14:37:43 2026
INFO: [vitis-run 82-31] Launching vitis_hls: vitis_hls -nolog -run csim -work_dir /home/ulisses/Projects/ursa/exp/vitis/hls_ursa_8x8/mxm_execute_ursa -config /home/ulisses/Projects/ursa/exp/vitis/hls_ursa_8x8/hls_config.cfg -cmdlineconfig /home/ulisses/Projects/ursa/exp/vitis/hls_ursa_8x8/mxm_execute_ursa/hls/config.cmdline

****** Vitis HLS - High-Level Synthesis from C, C++ and OpenCL v2023.2 (64-bit)
  **** SW Build 4023990 on Oct 11 2023
  **** IP Build 4028589 on Sat Oct 14 00:45:43 MDT 2023
  **** SharedData Build 4025554 on Tue Oct 10 17:18:54 MDT 2023
    ** Copyright 1986-2022 Xilinx, Inc. All Rights Reserved.
    ** Copyright 2022-2023 Advanced Micro Devices, Inc. All Rights Reserved.

source /opt/Xilinx/Vitis_HLS/2023.2/scripts/vitis_hls/hls.tcl -notrace
INFO: [HLS 200-10] Running '/opt/Xilinx/Vitis_HLS/2023.2/bin/unwrapped/lnx64.o/vitis_hls'
INFO: [HLS 200-10] For user 'ulisses' on host 'ulisses-thinkpad' (Linux_x86_64 version 6.8.0-106-generic) on Fri Apr 10 14:37:44 -03 2026
INFO: [HLS 200-10] On os Ubuntu 22.04.5 LTS
INFO: [HLS 200-10] In directory '/home/ulisses/Projects/ursa/exp/vitis/hls_ursa_8x8'
INFO: [HLS 200-1909] Reading HLS ini file /home/ulisses/Projects/ursa/exp/vitis/hls_ursa_8x8/hls_config.cfg
INFO: [HLS 200-1909] Reading HLS ini file /home/ulisses/Projects/ursa/exp/vitis/hls_ursa_8x8/mxm_execute_ursa/hls/config.cmdline
INFO: [HLS 200-2005] Using work_dir /home/ulisses/Projects/ursa/exp/vitis/hls_ursa_8x8/mxm_execute_ursa 
INFO: [HLS 200-1510] Running: open_project /home/ulisses/Projects/ursa/exp/vitis/hls_ursa_8x8/mxm_execute_ursa -diskless 
INFO: [HLS 200-1510] Running: open_solution hls 
INFO: [HLS 200-1505] Using default flow_target 'vivado'
Resolution: For help on HLS 200-1505 see docs.xilinx.com/access/sources/dita/topic?Doc_Version=2023.2%20English&url=ug1448-hls-guidance&resourceid=200-1505.html
INFO: [HLS 200-1510] Running: apply_ini /home/ulisses/Projects/ursa/exp/vitis/hls_ursa_8x8/hls_config.cfg 
INFO: [HLS 200-1909] Reading HLS ini file /home/ulisses/Projects/ursa/exp/vitis/hls_ursa_8x8/hls_config.cfg
INFO: [HLS 200-1465] Applying ini 'syn.file=/home/ulisses/Projects/ursa/exp/src/labft.cpp' at /home/ulisses/Projects/ursa/exp/vitis/hls_ursa_8x8/hls_config.cfg(7)
INFO: [HLS 200-10] Adding design file '/home/ulisses/Projects/ursa/exp/src/labft.cpp' to the project
INFO: [HLS 200-1465] Applying ini 'syn.file=/home/ulisses/Projects/ursa/exp/src/labft.h' at /home/ulisses/Projects/ursa/exp/vitis/hls_ursa_8x8/hls_config.cfg(8)
INFO: [HLS 200-10] Adding design file '/home/ulisses/Projects/ursa/exp/src/labft.h' to the project
INFO: [HLS 200-1465] Applying ini 'syn.file=/home/ulisses/Projects/ursa/exp/src/math_sa.h' at /home/ulisses/Projects/ursa/exp/vitis/hls_ursa_8x8/hls_config.cfg(9)
INFO: [HLS 200-10] Adding design file '/home/ulisses/Projects/ursa/exp/src/math_sa.h' to the project
INFO: [HLS 200-1465] Applying ini 'syn.file=/home/ulisses/Projects/ursa/exp/src/pe.cpp' at /home/ulisses/Projects/ursa/exp/vitis/hls_ursa_8x8/hls_config.cfg(10)
INFO: [HLS 200-10] Adding design file '/home/ulisses/Projects/ursa/exp/src/pe.cpp' to the project
INFO: [HLS 200-1465] Applying ini 'syn.file=/home/ulisses/Projects/ursa/exp/src/pe.h' at /home/ulisses/Projects/ursa/exp/vitis/hls_ursa_8x8/hls_config.cfg(11)
INFO: [HLS 200-10] Adding design file '/home/ulisses/Projects/ursa/exp/src/pe.h' to the project
INFO: [HLS 200-1465] Applying ini 'syn.file=/home/ulisses/Projects/ursa/exp/src/sa.cpp' at /home/ulisses/Projects/ursa/exp/vitis/hls_ursa_8x8/hls_config.cfg(12)
INFO: [HLS 200-10] Adding design file '/home/ulisses/Projects/ursa/exp/src/sa.cpp' to the project
INFO: [HLS 200-1465] Applying ini 'syn.file=/home/ulisses/Projects/ursa/exp/src/sa.h' at /home/ulisses/Projects/ursa/exp/vitis/hls_ursa_8x8/hls_config.cfg(13)
INFO: [HLS 200-10] Adding design file '/home/ulisses/Projects/ursa/exp/src/sa.h' to the project
INFO: [HLS 200-1465] Applying ini 'syn.file=/home/ulisses/Projects/ursa/exp/src/shell.cpp' at /home/ulisses/Projects/ursa/exp/vitis/hls_ursa_8x8/hls_config.cfg(14)
INFO: [HLS 200-10] Adding design file '/home/ulisses/Projects/ursa/exp/src/shell.cpp' to the project
INFO: [HLS 200-1465] Applying ini 'syn.file=/home/ulisses/Projects/ursa/exp/src/shell.h' at /home/ulisses/Projects/ursa/exp/vitis/hls_ursa_8x8/hls_config.cfg(15)
INFO: [HLS 200-10] Adding design file '/home/ulisses/Projects/ursa/exp/src/shell.h' to the project
INFO: [HLS 200-1465] Applying ini 'tb.file=/home/ulisses/Projects/ursa/exp/tb/simple_mxm/matrices.cpp' at /home/ulisses/Projects/ursa/exp/vitis/hls_ursa_8x8/hls_config.cfg(16)
INFO: [HLS 200-10] Adding test bench file '/home/ulisses/Projects/ursa/exp/tb/simple_mxm/matrices.cpp' to the project
INFO: [HLS 200-1465] Applying ini 'tb.file=/home/ulisses/Projects/ursa/exp/tb/simple_mxm/matrices.h' at /home/ulisses/Projects/ursa/exp/vitis/hls_ursa_8x8/hls_config.cfg(17)
INFO: [HLS 200-10] Adding test bench file '/home/ulisses/Projects/ursa/exp/tb/simple_mxm/matrices.h' to the project
INFO: [HLS 200-1465] Applying ini 'tb.file=/home/ulisses/Projects/ursa/exp/tb/simple_mxm/tb_main.cpp' at /home/ulisses/Projects/ursa/exp/vitis/hls_ursa_8x8/hls_config.cfg(18)
INFO: [HLS 200-10] Adding test bench file '/home/ulisses/Projects/ursa/exp/tb/simple_mxm/tb_main.cpp' to the project
INFO: [HLS 200-1465] Applying ini 'syn.top=mxm_execute_ursa' at /home/ulisses/Projects/ursa/exp/vitis/hls_ursa_8x8/hls_config.cfg(19)
INFO: [HLS 200-1465] Applying ini 'flow_target=vivado' at /home/ulisses/Projects/ursa/exp/vitis/hls_ursa_8x8/hls_config.cfg(4)
INFO: [HLS 200-1505] Using flow_target 'vivado'
Resolution: For help on HLS 200-1505 see docs.xilinx.com/access/sources/dita/topic?Doc_Version=2023.2%20English&url=ug1448-hls-guidance&resourceid=200-1505.html
INFO: [HLS 200-1465] Applying ini 'part=xc7z020clg484-1' at /home/ulisses/Projects/ursa/exp/vitis/hls_ursa_8x8/hls_config.cfg(1)
INFO: [HLS 200-1611] Setting target device to 'xc7z020-clg484-1'
INFO: [HLS 200-1465] Applying ini 'clock=10ns' at /home/ulisses/Projects/ursa/exp/vitis/hls_ursa_8x8/hls_config.cfg(20)
INFO: [SYN 201-201] Setting up clock 'default' with a period of 10ns.
INFO: [HLS 200-1465] Applying ini 'package.output.format=ip_catalog' at /home/ulisses/Projects/ursa/exp/vitis/hls_ursa_8x8/hls_config.cfg(5)
INFO: [HLS 200-1465] Applying ini 'syn.interface.m_axi_addr64=0' at /home/ulisses/Projects/ursa/exp/vitis/hls_ursa_8x8/hls_config.cfg(22)
INFO: [HLS 200-1465] Applying ini 'syn.interface.m_axi_max_bitwidth=32' at /home/ulisses/Projects/ursa/exp/vitis/hls_ursa_8x8/hls_config.cfg(23)
INFO: [HLS 200-1510] Running: apply_ini /home/ulisses/Projects/ursa/exp/vitis/hls_ursa_8x8/mxm_execute_ursa/hls/config.cmdline 
INFO: [HLS 200-1909] Reading HLS ini file /home/ulisses/Projects/ursa/exp/vitis/hls_ursa_8x8/mxm_execute_ursa/hls/config.cmdline
INFO: [HLS 200-1510] Running: csim_design 
INFO: [SIM 211-2] *************** CSIM start ***************
INFO: [SIM 211-4] CSIM will launch GCC as the compiler.
INFO: [HLS 200-2036] Building debug C Simulation binaries
   Compiling ../../../../../../tb/simple_mxm/tb_main.cpp in debug mode
   Compiling ../../../../../../tb/simple_mxm/matrices.cpp in debug mode
   Compiling ../../../../../../src/shell.cpp in debug mode
   Compiling ../../../../../../src/sa.cpp in debug mode
   Compiling ../../../../../../src/pe.cpp in debug mode
   Compiling ../../../../../../src/labft.cpp in debug mode
   Generating csim.exe
[PASS] URSA output matches gold!
INFO: [SIM 211-1] CSim done with 0 errors.
INFO: [SIM 211-3] *************** CSIM finish ***************
INFO: [HLS 200-111] Finished Command csim_design CPU user time: 0.26 seconds. CPU system time: 0.24 seconds. Elapsed time: 0.51 seconds; current allocated memory: 0.000 MB.
INFO: [HLS 200-1510] Running: close_project 
INFO: [HLS 200-112] Total CPU user time: 1.79 seconds. Total CPU system time: 0.53 seconds. Total elapsed time: 2.17 seconds; peak allocated memory: 274.461 MB.
INFO: [Common 17-206] Exiting vitis_hls at Fri Apr 10 14:37:45 2026...
INFO: [vitis-run 60-791] Total elapsed time: 0h 0m 5s
