Fri Apr 10 14:35:51 2026: Running xcd server. This server was built by gradle.
Fri Apr 10 14:35:51 2026: Server was asked to start on port: '37531'
Fri Apr 10 14:35:51 2026: Server is using token UUID: 'e7667bb9-3d75-40ef-b938-f2b4a7a88043'
Fri Apr 10 14:35:51 2026: SESSION_MGR: creating session with session uuid: '6d04a3e9-ade5-4ab9-8d63-1f78fcd2ec76' and name 'default'
Fri Apr 10 14:35:51 2026: Attempting to start server on port '37531'
Fri Apr 10 14:35:51 2026: XCD main fifo: created main fifo '/tmp/xcdmaine7667bb9-3d75-40ef-b938-f2b4a7a88043', fd read = 13
Fri Apr 10 14:35:51 2026: Running Dispatch Server
Fri Apr 10 14:35:51 2026: Version 2.2.0
Fri Apr 10 14:35:53 2026: Dispatch Server: Accepted socket connection from client
Fri Apr 10 14:35:53 2026: Starting Socket connection
Fri Apr 10 14:35:53 2026: EXCHANGE_TOKEN received, server token: e7667bb9-3d75-40ef-b938-f2b4a7a88043, passed token: e7667bb9-3d75-40ef-b938-f2b4a7a88043
Fri Apr 10 14:35:53 2026: DISPATCH_HANDLER: Adding handler from function makeHandler in library libxv_system_diagram
Fri Apr 10 14:35:53 2026: SESSION_MGR: creating session with session uuid: '634c6a5b-fc50-4842-981c-b6617beda82b' and name 'vitis-run_compile_mxm_execute_ursa'
Fri Apr 10 14:35:53 2026: KERNEL_SVC: creating session with uuid: '634c6a5b-fc50-4842-981c-b6617beda82b' and name 'vitis-run_compile_mxm_execute_ursa'
Fri Apr 10 14:35:53 2026: GUIDANCE_SMGR: creating guidance session with uuid: '634c6a5b-fc50-4842-981c-b6617beda82b' and name 'vitis-run_compile_mxm_execute_ursa'
Fri Apr 10 14:35:53 2026: SYSTEM_DIAGRAM: creating session with uuid: '634c6a5b-fc50-4842-981c-b6617beda82b' and name 'vitis-run_compile_mxm_execute_ursa'
Fri Apr 10 14:35:56 2026: Dispatch Server: Accepted socket connection from client
Fri Apr 10 14:35:56 2026: Starting Socket connection
Fri Apr 10 14:35:56 2026: SESSION_MGR: closing session for UUID '634c6a5b-fc50-4842-981c-b6617beda82b' with name 'vitis-run_compile_mxm_execute_ursa'
Fri Apr 10 14:35:56 2026: KERNEL_SVC: closing session for UUID '634c6a5b-fc50-4842-981c-b6617beda82b' with name 'vitis-run_compile_mxm_execute_ursa'
Fri Apr 10 14:35:56 2026: GUIDANCE_SMGR: closing session for UUID '634c6a5b-fc50-4842-981c-b6617beda82b' with name 'vitis-run_compile_mxm_execute_ursa'
Fri Apr 10 14:35:56 2026: SYSTEM_DIAGRAM: closing session for UUID '634c6a5b-fc50-4842-981c-b6617beda82b' with name 'vitis-run_compile_mxm_execute_ursa'
Fri Apr 10 14:35:56 2026: STOP_SERVER received, server token: e7667bb9-3d75-40ef-b938-f2b4a7a88043, passed token: e7667bb9-3d75-40ef-b938-f2b4a7a88043
Fri Apr 10 14:35:56 2026: Socket received request to stop server.
Fri Apr 10 14:35:56 2026: Dispatch Server: do_await_stop
Fri Apr 10 14:35:56 2026: Dispatch Server: stopping mainFifo_
Fri Apr 10 14:35:56 2026: XCD main fifo: Stopping
Fri Apr 10 14:35:56 2026: XCD main fifo: do_read error code: Operation canceled
Fri Apr 10 14:35:56 2026: XCD main fifo: bytes_transferred: 0
Fri Apr 10 14:35:56 2026: SERVER: destructor for server bound to port 37531
Fri Apr 10 14:35:56 2026: XCD main fifo: Good unlink of /tmp/xcdmaine7667bb9-3d75-40ef-b938-f2b4a7a88043
Fri Apr 10 14:35:56 2026: Server exiting with status 0.
Fri Apr 10 14:35:56 2026: Closing log file.
Fri Apr 10 14:36:32 2026: Running xcd server. This server was built by gradle.
Fri Apr 10 14:36:32 2026: Server was asked to start on port: '36191'
Fri Apr 10 14:36:32 2026: Server is using token UUID: '3c1dd186-7483-46b9-8f54-d2efd2f1f0ac'
Fri Apr 10 14:36:32 2026: SESSION_MGR: creating session with session uuid: '6d04a3e9-ade5-4ab9-8d63-1f78fcd2ec76' and name 'default'
Fri Apr 10 14:36:32 2026: Attempting to start server on port '36191'
Fri Apr 10 14:36:32 2026: XCD main fifo: created main fifo '/tmp/xcdmain3c1dd186-7483-46b9-8f54-d2efd2f1f0ac', fd read = 13
Fri Apr 10 14:36:32 2026: Running Dispatch Server
Fri Apr 10 14:36:32 2026: Version 2.2.0
Fri Apr 10 14:36:34 2026: Dispatch Server: Accepted socket connection from client
Fri Apr 10 14:36:34 2026: Starting Socket connection
Fri Apr 10 14:36:34 2026: EXCHANGE_TOKEN received, server token: 3c1dd186-7483-46b9-8f54-d2efd2f1f0ac, passed token: 3c1dd186-7483-46b9-8f54-d2efd2f1f0ac
Fri Apr 10 14:36:34 2026: DISPATCH_HANDLER: Adding handler from function makeHandler in library libxv_system_diagram
Fri Apr 10 14:36:34 2026: SESSION_MGR: creating session with session uuid: '1ded93d1-93d7-4041-91ce-a1b5a9554738' and name 'vitis-run_compile_mxm_execute_ursa'
Fri Apr 10 14:36:34 2026: KERNEL_SVC: creating session with uuid: '1ded93d1-93d7-4041-91ce-a1b5a9554738' and name 'vitis-run_compile_mxm_execute_ursa'
Fri Apr 10 14:36:34 2026: GUIDANCE_SMGR: creating guidance session with uuid: '1ded93d1-93d7-4041-91ce-a1b5a9554738' and name 'vitis-run_compile_mxm_execute_ursa'
Fri Apr 10 14:36:34 2026: SYSTEM_DIAGRAM: creating session with uuid: '1ded93d1-93d7-4041-91ce-a1b5a9554738' and name 'vitis-run_compile_mxm_execute_ursa'
Fri Apr 10 14:36:36 2026: Dispatch Server: Accepted socket connection from client
Fri Apr 10 14:36:36 2026: Starting Socket connection
Fri Apr 10 14:36:37 2026: SESSION_MGR: closing session for UUID '1ded93d1-93d7-4041-91ce-a1b5a9554738' with name 'vitis-run_compile_mxm_execute_ursa'
Fri Apr 10 14:36:37 2026: KERNEL_SVC: closing session for UUID '1ded93d1-93d7-4041-91ce-a1b5a9554738' with name 'vitis-run_compile_mxm_execute_ursa'
Fri Apr 10 14:36:37 2026: GUIDANCE_SMGR: closing session for UUID '1ded93d1-93d7-4041-91ce-a1b5a9554738' with name 'vitis-run_compile_mxm_execute_ursa'
Fri Apr 10 14:36:37 2026: SYSTEM_DIAGRAM: closing session for UUID '1ded93d1-93d7-4041-91ce-a1b5a9554738' with name 'vitis-run_compile_mxm_execute_ursa'
Fri Apr 10 14:36:37 2026: STOP_SERVER received, server token: 3c1dd186-7483-46b9-8f54-d2efd2f1f0ac, passed token: 3c1dd186-7483-46b9-8f54-d2efd2f1f0ac
Fri Apr 10 14:36:37 2026: Socket received request to stop server.
Fri Apr 10 14:36:37 2026: Dispatch Server: do_await_stop
Fri Apr 10 14:36:37 2026: Dispatch Server: stopping mainFifo_
Fri Apr 10 14:36:37 2026: XCD main fifo: Stopping
Fri Apr 10 14:36:37 2026: XCD main fifo: do_read error code: Operation canceled
Fri Apr 10 14:36:37 2026: XCD main fifo: bytes_transferred: 0
Fri Apr 10 14:36:37 2026: SERVER: destructor for server bound to port 36191
Fri Apr 10 14:36:37 2026: XCD main fifo: Good unlink of /tmp/xcdmain3c1dd186-7483-46b9-8f54-d2efd2f1f0ac
Fri Apr 10 14:36:37 2026: Server exiting with status 0.
Fri Apr 10 14:36:37 2026: Closing log file.
Fri Apr 10 14:37:40 2026: Running xcd server. This server was built by gradle.
Fri Apr 10 14:37:40 2026: Server was asked to start on port: '39947'
Fri Apr 10 14:37:40 2026: Server is using token UUID: '1e013b18-b148-4b83-827d-d7351a6e47c8'
Fri Apr 10 14:37:40 2026: SESSION_MGR: creating session with session uuid: '6d04a3e9-ade5-4ab9-8d63-1f78fcd2ec76' and name 'default'
Fri Apr 10 14:37:40 2026: Attempting to start server on port '39947'
Fri Apr 10 14:37:40 2026: XCD main fifo: created main fifo '/tmp/xcdmain1e013b18-b148-4b83-827d-d7351a6e47c8', fd read = 13
Fri Apr 10 14:37:40 2026: Running Dispatch Server
Fri Apr 10 14:37:40 2026: Version 2.2.0
Fri Apr 10 14:37:42 2026: Dispatch Server: Accepted socket connection from client
Fri Apr 10 14:37:42 2026: Starting Socket connection
Fri Apr 10 14:37:42 2026: EXCHANGE_TOKEN received, server token: 1e013b18-b148-4b83-827d-d7351a6e47c8, passed token: 1e013b18-b148-4b83-827d-d7351a6e47c8
Fri Apr 10 14:37:43 2026: DISPATCH_HANDLER: Adding handler from function makeHandler in library libxv_system_diagram
Fri Apr 10 14:37:43 2026: SESSION_MGR: creating session with session uuid: '7379f072-12c3-4445-9ba1-8c3fd96f7f9a' and name 'vitis-run_compile_mxm_execute_ursa'
Fri Apr 10 14:37:43 2026: KERNEL_SVC: creating session with uuid: '7379f072-12c3-4445-9ba1-8c3fd96f7f9a' and name 'vitis-run_compile_mxm_execute_ursa'
Fri Apr 10 14:37:43 2026: GUIDANCE_SMGR: creating guidance session with uuid: '7379f072-12c3-4445-9ba1-8c3fd96f7f9a' and name 'vitis-run_compile_mxm_execute_ursa'
Fri Apr 10 14:37:43 2026: SYSTEM_DIAGRAM: creating session with uuid: '7379f072-12c3-4445-9ba1-8c3fd96f7f9a' and name 'vitis-run_compile_mxm_execute_ursa'
Fri Apr 10 14:37:45 2026: Dispatch Server: Accepted socket connection from client
Fri Apr 10 14:37:45 2026: Starting Socket connection
Fri Apr 10 14:37:46 2026: SESSION_MGR: closing session for UUID '7379f072-12c3-4445-9ba1-8c3fd96f7f9a' with name 'vitis-run_compile_mxm_execute_ursa'
Fri Apr 10 14:37:46 2026: KERNEL_SVC: closing session for UUID '7379f072-12c3-4445-9ba1-8c3fd96f7f9a' with name 'vitis-run_compile_mxm_execute_ursa'
Fri Apr 10 14:37:46 2026: GUIDANCE_SMGR: closing session for UUID '7379f072-12c3-4445-9ba1-8c3fd96f7f9a' with name 'vitis-run_compile_mxm_execute_ursa'
Fri Apr 10 14:37:46 2026: SYSTEM_DIAGRAM: closing session for UUID '7379f072-12c3-4445-9ba1-8c3fd96f7f9a' with name 'vitis-run_compile_mxm_execute_ursa'
Fri Apr 10 14:37:46 2026: STOP_SERVER received, server token: 1e013b18-b148-4b83-827d-d7351a6e47c8, passed token: 1e013b18-b148-4b83-827d-d7351a6e47c8
Fri Apr 10 14:37:46 2026: Socket received request to stop server.
Fri Apr 10 14:37:46 2026: Dispatch Server: do_await_stop
Fri Apr 10 14:37:46 2026: Dispatch Server: stopping mainFifo_
Fri Apr 10 14:37:46 2026: XCD main fifo: Stopping
Fri Apr 10 14:37:46 2026: XCD main fifo: do_read error code: Operation canceled
Fri Apr 10 14:37:46 2026: XCD main fifo: bytes_transferred: 0
Fri Apr 10 14:37:46 2026: SERVER: destructor for server bound to port 39947
Fri Apr 10 14:37:46 2026: XCD main fifo: Good unlink of /tmp/xcdmain1e013b18-b148-4b83-827d-d7351a6e47c8
Fri Apr 10 14:37:46 2026: Server exiting with status 0.
Fri Apr 10 14:37:46 2026: Closing log file.
Fri Apr 10 14:38:19 2026: Running xcd server. This server was built by gradle.
Fri Apr 10 14:38:19 2026: Server was asked to start on port: '38921'
Fri Apr 10 14:38:19 2026: Server is using token UUID: '31978123-f9bf-4c59-9acb-2926762618dc'
Fri Apr 10 14:38:19 2026: SESSION_MGR: creating session with session uuid: '6d04a3e9-ade5-4ab9-8d63-1f78fcd2ec76' and name 'default'
Fri Apr 10 14:38:19 2026: Attempting to start server on port '38921'
Fri Apr 10 14:38:19 2026: XCD main fifo: created main fifo '/tmp/xcdmain31978123-f9bf-4c59-9acb-2926762618dc', fd read = 13
Fri Apr 10 14:38:19 2026: Running Dispatch Server
Fri Apr 10 14:38:19 2026: Version 2.2.0
Fri Apr 10 14:38:21 2026: Dispatch Server: Accepted socket connection from client
Fri Apr 10 14:38:21 2026: Starting Socket connection
Fri Apr 10 14:38:21 2026: EXCHANGE_TOKEN received, server token: 31978123-f9bf-4c59-9acb-2926762618dc, passed token: 31978123-f9bf-4c59-9acb-2926762618dc
Fri Apr 10 14:38:21 2026: DISPATCH_HANDLER: Adding handler from function makeHandler in library libxv_system_diagram
Fri Apr 10 14:38:21 2026: SESSION_MGR: creating session with session uuid: 'f073e779-b733-47d1-a288-f31ac2db7b41' and name 'v++_compile_mxm_execute_ursa'
Fri Apr 10 14:38:21 2026: KERNEL_SVC: creating session with uuid: 'f073e779-b733-47d1-a288-f31ac2db7b41' and name 'v++_compile_mxm_execute_ursa'
Fri Apr 10 14:38:21 2026: GUIDANCE_SMGR: creating guidance session with uuid: 'f073e779-b733-47d1-a288-f31ac2db7b41' and name 'v++_compile_mxm_execute_ursa'
Fri Apr 10 14:38:21 2026: SYSTEM_DIAGRAM: creating session with uuid: 'f073e779-b733-47d1-a288-f31ac2db7b41' and name 'v++_compile_mxm_execute_ursa'
Fri Apr 10 14:38:23 2026: Dispatch Server: Accepted socket connection from client
Fri Apr 10 14:38:23 2026: Starting Socket connection
Fri Apr 10 14:38:41 2026: SESSION_MGR: closing session for UUID 'f073e779-b733-47d1-a288-f31ac2db7b41' with name 'v++_compile_mxm_execute_ursa'
Fri Apr 10 14:38:41 2026: KERNEL_SVC: closing session for UUID 'f073e779-b733-47d1-a288-f31ac2db7b41' with name 'v++_compile_mxm_execute_ursa'
Fri Apr 10 14:38:41 2026: GUIDANCE_SMGR: closing session for UUID 'f073e779-b733-47d1-a288-f31ac2db7b41' with name 'v++_compile_mxm_execute_ursa'
Fri Apr 10 14:38:41 2026: SYSTEM_DIAGRAM: closing session for UUID 'f073e779-b733-47d1-a288-f31ac2db7b41' with name 'v++_compile_mxm_execute_ursa'
Fri Apr 10 14:38:41 2026: STOP_SERVER received, server token: 31978123-f9bf-4c59-9acb-2926762618dc, passed token: 31978123-f9bf-4c59-9acb-2926762618dc
Fri Apr 10 14:38:41 2026: Socket received request to stop server.
Fri Apr 10 14:38:41 2026: Dispatch Server: do_await_stop
Fri Apr 10 14:38:41 2026: Dispatch Server: stopping mainFifo_
Fri Apr 10 14:38:41 2026: XCD main fifo: Stopping
Fri Apr 10 14:38:41 2026: XCD main fifo: do_read error code: Operation canceled
Fri Apr 10 14:38:41 2026: XCD main fifo: bytes_transferred: 0
Fri Apr 10 14:38:41 2026: SERVER: destructor for server bound to port 38921
Fri Apr 10 14:38:41 2026: XCD main fifo: Good unlink of /tmp/xcdmain31978123-f9bf-4c59-9acb-2926762618dc
Fri Apr 10 14:38:41 2026: Server exiting with status 0.
Fri Apr 10 14:38:41 2026: Closing log file.
Fri Apr 10 14:52:01 2026: Running xcd server. This server was built by gradle.
Fri Apr 10 14:52:01 2026: Server was asked to start on port: '40449'
Fri Apr 10 14:52:01 2026: Server is using token UUID: '7ad89e7b-647d-418d-b0e8-523c753e08ed'
Fri Apr 10 14:52:01 2026: SESSION_MGR: creating session with session uuid: '6d04a3e9-ade5-4ab9-8d63-1f78fcd2ec76' and name 'default'
Fri Apr 10 14:52:01 2026: Attempting to start server on port '40449'
Fri Apr 10 14:52:01 2026: XCD main fifo: created main fifo '/tmp/xcdmain7ad89e7b-647d-418d-b0e8-523c753e08ed', fd read = 13
Fri Apr 10 14:52:01 2026: Running Dispatch Server
Fri Apr 10 14:52:01 2026: Version 2.2.0
Fri Apr 10 14:52:03 2026: Dispatch Server: Accepted socket connection from client
Fri Apr 10 14:52:03 2026: Starting Socket connection
Fri Apr 10 14:52:03 2026: EXCHANGE_TOKEN received, server token: 7ad89e7b-647d-418d-b0e8-523c753e08ed, passed token: 7ad89e7b-647d-418d-b0e8-523c753e08ed
Fri Apr 10 14:52:03 2026: DISPATCH_HANDLER: Adding handler from function makeHandler in library libxv_system_diagram
Fri Apr 10 14:52:03 2026: SESSION_MGR: creating session with session uuid: '9e2f06a7-ff95-4af6-bf91-4184b859b7a6' and name 'vitis-run_compile_mxm_execute_ursa'
Fri Apr 10 14:52:03 2026: KERNEL_SVC: creating session with uuid: '9e2f06a7-ff95-4af6-bf91-4184b859b7a6' and name 'vitis-run_compile_mxm_execute_ursa'
Fri Apr 10 14:52:03 2026: GUIDANCE_SMGR: creating guidance session with uuid: '9e2f06a7-ff95-4af6-bf91-4184b859b7a6' and name 'vitis-run_compile_mxm_execute_ursa'
Fri Apr 10 14:52:03 2026: SYSTEM_DIAGRAM: creating session with uuid: '9e2f06a7-ff95-4af6-bf91-4184b859b7a6' and name 'vitis-run_compile_mxm_execute_ursa'
Fri Apr 10 14:52:06 2026: Dispatch Server: Accepted socket connection from client
Fri Apr 10 14:52:06 2026: Starting Socket connection
Fri Apr 10 14:52:21 2026: SESSION_MGR: closing session for UUID '9e2f06a7-ff95-4af6-bf91-4184b859b7a6' with name 'vitis-run_compile_mxm_execute_ursa'
Fri Apr 10 14:52:21 2026: KERNEL_SVC: closing session for UUID '9e2f06a7-ff95-4af6-bf91-4184b859b7a6' with name 'vitis-run_compile_mxm_execute_ursa'
Fri Apr 10 14:52:21 2026: GUIDANCE_SMGR: closing session for UUID '9e2f06a7-ff95-4af6-bf91-4184b859b7a6' with name 'vitis-run_compile_mxm_execute_ursa'
Fri Apr 10 14:52:21 2026: SYSTEM_DIAGRAM: closing session for UUID '9e2f06a7-ff95-4af6-bf91-4184b859b7a6' with name 'vitis-run_compile_mxm_execute_ursa'
Fri Apr 10 14:52:21 2026: STOP_SERVER received, server token: 7ad89e7b-647d-418d-b0e8-523c753e08ed, passed token: 7ad89e7b-647d-418d-b0e8-523c753e08ed
Fri Apr 10 14:52:21 2026: Socket received request to stop server.
Fri Apr 10 14:52:21 2026: Dispatch Server: do_await_stop
Fri Apr 10 14:52:21 2026: Dispatch Server: stopping mainFifo_
Fri Apr 10 14:52:21 2026: XCD main fifo: Stopping
Fri Apr 10 14:52:21 2026: XCD main fifo: do_read error code: Operation canceled
Fri Apr 10 14:52:21 2026: XCD main fifo: bytes_transferred: 0
Fri Apr 10 14:52:21 2026: SERVER: destructor for server bound to port 40449
Fri Apr 10 14:52:21 2026: XCD main fifo: Good unlink of /tmp/xcdmain7ad89e7b-647d-418d-b0e8-523c753e08ed
Fri Apr 10 14:52:21 2026: Server exiting with status 0.
Fri Apr 10 14:52:21 2026: Closing log file.
