

================================================================
== Synthesis Summary Report of 'mxm_execute_ursa'
================================================================
+ General Information: 
    * Date:           Fri Sep 25 16:05:38 2026
    * Version:        2023.2 (Build 4023990 on Oct 11 2023)
    * Project:        ursa
    * Solution:       hls (Vivado IP Flow Target)
    * Product family: zynq
    * Target device:  xc7z020-clg484-1
    

+ Performance & Resource Estimates: 
    
    PS: '+' for module; 'o' for loop; '*' for dataflow
    +-----------------------------------------+--------+-------+---------+-----------+----------+---------+------+----------+---------+----------+------------+-------------+-----+
    |                 Modules                 |  Issue |       | Latency |  Latency  | Iteration|         | Trip |          |         |          |            |             |     |
    |                 & Loops                 |  Type  | Slack | (cycles)|    (ns)   |  Latency | Interval| Count| Pipelined|  BRAM   |    DSP   |     FF     |     LUT     | URAM|
    +-----------------------------------------+--------+-------+---------+-----------+----------+---------+------+----------+---------+----------+------------+-------------+-----+
    |+ mxm_execute_ursa                       |  Timing|  -0.28|   111743|  1.117e+06|         -|   111744|     -|        no|  20 (7%)|  64 (29%)|   7433 (6%)|  11033 (20%)|    -|
    | o TILE_ROW                              |       -|   7.30|   111740|  1.117e+06|     27935|        -|     4|        no|        -|         -|           -|            -|    -|
    |  + mxm_execute_ursa_Pipeline_LOAD_A     |       -|   0.00|      147|  1.470e+03|         -|      147|     -|        no|        -|         -|   155 (~0%)|    219 (~0%)|    -|
    |   o LOAD_A                              |       -|   7.30|      145|  1.450e+03|         3|        1|   144|       yes|        -|         -|           -|            -|    -|
    |  o TILE_COL                             |       -|   7.30|    27776|  2.778e+05|       434|        -|    64|        no|        -|         -|           -|            -|    -|
    |   + mxm_execute_ursa_Pipeline_LOAD_B    |       -|   0.00|      155|  1.550e+03|         -|      155|     -|        no|        -|         -|   245 (~0%)|    220 (~0%)|    -|
    |    o LOAD_B                             |       -|   7.30|      153|  1.530e+03|        11|        1|   144|       yes|        -|         -|           -|            -|    -|
    |   + mxm_execute_ursa_Pipeline_STREAM_K  |  Timing|  -0.28|      156|  1.560e+03|         -|      156|     -|        no|        -|  64 (29%)|  1051 (~0%)|    3394 (6%)|    -|
    |    o STREAM_K                           |       -|   7.30|      154|  1.540e+03|         6|        1|   150|       yes|        -|         -|           -|            -|    -|
    |   + sa_store                            |      II|   0.00|       69|    690.000|         -|       64|     -|       yes|        -|         -|   404 (~0%)|    1068 (2%)|    -|
    |   + sa_reset                            |       -|   7.30|        0|      0.000|         -|        1|     -|       yes|        -|         -|           -|            -|    -|
    +-----------------------------------------+--------+-------+---------+-----------+----------+---------+------+----------+---------+----------+------------+-------------+-----+


================================================================
== HW Interfaces
================================================================
* M_AXI
+-----------+------------+---------------+---------+--------+----------+-----------+--------------+--------------+-------------+-------------+-------------------+
| Interface | Data Width | Address Width | Latency | Offset | Register | Max Widen | Max Read     | Max Write    | Num Read    | Num Write   | Resource Estimate |
|           | (SW->HW)   |               |         |        |          | Bitwidth  | Burst Length | Burst Length | Outstanding | Outstanding |                   |
+-----------+------------+---------------+---------+--------+----------+-----------+--------------+--------------+-------------+-------------+-------------------+
| m_axi_aw  | 64 -> 64   | 32            | 0       | slave  | 0        | 0         | 64           | 16           | 8           | 8           | BRAM=8            |
| m_axi_bi  | 64 -> 64   | 32            | 0       | slave  | 0        | 0         | 64           | 16           | 8           | 8           | BRAM=8            |
| m_axi_ca  | 32 -> 32   | 32            | 0       | slave  | 0        | 0         | 64           | 16           | 8           | 8           | BRAM=4            |
+-----------+------------+---------------+---------+--------+----------+-----------+--------------+--------------+-------------+-------------+-------------------+

* S_AXILITE Interfaces
+---------------+------------+---------------+--------+----------+
| Interface     | Data Width | Address Width | Offset | Register |
+---------------+------------+---------------+--------+----------+
| s_axi_ap      | 32         | 6             | 24     | 1        |
| s_axi_control | 32         | 6             | 16     | 0        |
+---------------+------------+---------------+--------+----------+

* S_AXILITE Registers
+---------------+-----------+--------+-------+--------+----------------------------------+----------------------------------------------------------------------+
| Interface     | Register  | Offset | Width | Access | Description                      | Bit Fields                                                           |
+---------------+-----------+--------+-------+--------+----------------------------------+----------------------------------------------------------------------+
| s_axi_ap      | CTRL      | 0x00   | 32    | RW     | Control signals                  | 0=AP_START 1=AP_DONE 2=AP_IDLE 3=AP_READY 7=AUTO_RESTART 9=INTERRUPT |
| s_axi_ap      | GIER      | 0x04   | 32    | RW     | Global Interrupt Enable Register | 0=Enable                                                             |
| s_axi_ap      | IP_IER    | 0x08   | 32    | RW     | IP Interrupt Enable Register     | 0=CHAN0_INT_EN 1=CHAN1_INT_EN                                        |
| s_axi_ap      | IP_ISR    | 0x0c   | 32    | RW     | IP Interrupt Status Register     | 0=CHAN0_INT_ST 1=CHAN1_INT_ST                                        |
| s_axi_ap      | ap_return | 0x10   | 32    | R      | Data signal of ap_return         |                                                                      |
| s_axi_ap      | a0_p      | 0x18   | 32    | W      | Data signal of a0_p              |                                                                      |
| s_axi_ap      | b0_q      | 0x20   | 32    | W      | Data signal of b0_q              |                                                                      |
| s_axi_ap      | m         | 0x28   | 32    | W      | Data signal of m                 |                                                                      |
| s_axi_control | addr_a0   | 0x10   | 32    | W      | Data signal of addr_a0           |                                                                      |
| s_axi_control | addr_b0   | 0x18   | 32    | W      | Data signal of addr_b0           |                                                                      |
| s_axi_control | addr_c0   | 0x20   | 32    | W      | Data signal of addr_c0           |                                                                      |
+---------------+-----------+--------+-------+--------+----------------------------------+----------------------------------------------------------------------+

* TOP LEVEL CONTROL
+-----------+------------+-----------+
| Interface | Type       | Ports     |
+-----------+------------+-----------+
| ap_clk    | clock      | ap_clk    |
| ap_rst_n  | reset      | ap_rst_n  |
| interrupt | interrupt  | interrupt |
| ap_ctrl   | ap_ctrl_hs |           |
+-----------+------------+-----------+


================================================================
== SW I/O Information
================================================================
* Top Function Arguments
+----------+-----------+----------------+
| Argument | Direction | Datatype       |
+----------+-----------+----------------+
| addr_a0  | in        | ap_uint<64>*   |
| a0_p     | in        | unsigned short |
| addr_b0  | in        | ap_uint<64>*   |
| b0_q     | in        | unsigned short |
| addr_c0  | out       | int*           |
| m        | in        | unsigned short |
| return   | out       | unsigned char  |
+----------+-----------+----------------+

* SW-to-HW Mapping
+----------+---------------+-----------+----------+-------------------------------------+
| Argument | HW Interface  | HW Type   | HW Usage | HW Info                             |
+----------+---------------+-----------+----------+-------------------------------------+
| addr_a0  | m_axi_aw      | interface |          |                                     |
| addr_a0  | s_axi_control | register  | offset   | name=addr_a0 offset=0x10 range=32   |
| a0_p     | s_axi_ap      | register  |          | name=a0_p offset=0x18 range=32      |
| addr_b0  | m_axi_bi      | interface |          |                                     |
| addr_b0  | s_axi_control | register  | offset   | name=addr_b0 offset=0x18 range=32   |
| b0_q     | s_axi_ap      | register  |          | name=b0_q offset=0x20 range=32      |
| addr_c0  | m_axi_ca      | interface |          |                                     |
| addr_c0  | s_axi_control | register  | offset   | name=addr_c0 offset=0x20 range=32   |
| m        | s_axi_ap      | register  |          | name=m offset=0x28 range=32         |
| return   | s_axi_ap      | register  |          | name=ap_return offset=0x10 range=32 |
+----------+---------------+-----------+----------+-------------------------------------+


================================================================
== M_AXI Burst Information
================================================================
 Note: All burst requests might be further partitioned into multiple requests during RTL generation based on max_read_burst_length or max_write_burst_length settings.

* Inferred Burst Summary
+--------------+-----------+----------+-------+--------+------------------------------------------------------------------------------------------------+
| HW Interface | Direction | Length   | Width | Loop   | Loop Location                                                                                  |
+--------------+-----------+----------+-------+--------+------------------------------------------------------------------------------------------------+
| m_axi_aw     | read      | variable | 64    | LOAD_A | /home/ulisses/Projects/ursa/exp/output-stationary-v2/sources/vanilla/src/core/shell.cpp:106:13 |
| m_axi_ca     | write     | 8        | 32    |        |                                                                                                |
+--------------+-----------+----------+-------+--------+------------------------------------------------------------------------------------------------+

* All M_AXI Variable Accesses
+--------------+----------+------------------------------------------------------------------------------------------------+-----------+--------------+----------+--------+------------------------------------------------------------------------------------------------+------------+-------------------------------------------------------------------------------------------------------+
| HW Interface | Variable | Access Location                                                                                | Direction | Burst Status | Length   | Loop   | Loop Location                                                                                  | Resolution | Problem                                                                                               |
+--------------+----------+------------------------------------------------------------------------------------------------+-----------+--------------+----------+--------+------------------------------------------------------------------------------------------------+------------+-------------------------------------------------------------------------------------------------------+
| m_axi_aw     | addr_a0  | /home/ulisses/Projects/ursa/exp/output-stationary-v2/sources/vanilla/src/core/shell.cpp:109:14 | read      | Widen Fail   |          | LOAD_A | /home/ulisses/Projects/ursa/exp/output-stationary-v2/sources/vanilla/src/core/shell.cpp:106:13 | 214-353    | Could not widen since type i64 size is greater than or equal to the max_widen_bitwidth threshold of 0 |
| m_axi_aw     | addr_a0  | /home/ulisses/Projects/ursa/exp/output-stationary-v2/sources/vanilla/src/core/shell.cpp:109:14 | read      | Fail         |          |        |                                                                                                | 214-231    | Access is clobbered by call                                                                           |
| m_axi_aw     | addr_a0  | /home/ulisses/Projects/ursa/exp/output-stationary-v2/sources/vanilla/src/core/shell.cpp:109:14 | read      | Inferred     | variable | LOAD_A | /home/ulisses/Projects/ursa/exp/output-stationary-v2/sources/vanilla/src/core/shell.cpp:106:13 |            |                                                                                                       |
| m_axi_bi     | addr_b0  | /home/ulisses/Projects/ursa/exp/output-stationary-v2/sources/vanilla/src/core/shell.cpp:126:15 | read      | Fail         |          | LOAD_B | /home/ulisses/Projects/ursa/exp/output-stationary-v2/sources/vanilla/src/core/shell.cpp:123:13 | 214-230    | Stride is incompatible                                                                                |
| m_axi_ca     | out      | /home/ulisses/Projects/ursa/exp/output-stationary-v2/sources/vanilla/src/core/sa.cpp:92:17     | write     | Widen Fail   |          |        |                                                                                                | 214-353    | Could not widen since type i32 size is greater than or equal to the max_widen_bitwidth threshold of 0 |
| m_axi_ca     | out      | /home/ulisses/Projects/ursa/exp/output-stationary-v2/sources/vanilla/src/core/sa.cpp:92:17     | write     | Inferred     | 8        |        |                                                                                                |            |                                                                                                       |
+--------------+----------+------------------------------------------------------------------------------------------------+-----------+--------------+----------+--------+------------------------------------------------------------------------------------------------+------------+-------------------------------------------------------------------------------------------------------+

    * Resolution URL: docs.xilinx.com/access/sources/dita/topic?Doc_Version=2023.2%20English&url=ug1448-hls-guidance&resourceid=XXX-YYY.html (replace XXX-YYY with column value)

================================================================
== Bind Op Report
================================================================
+---------------------------------------+-----+--------+-------------+-----+-----------+---------+
| Name                                  | DSP | Pragma | Variable    | Op  | Impl      | Latency |
+---------------------------------------+-----+--------+-------------+-----+-----------+---------+
| + mxm_execute_ursa                    | 64  |        |             |     |           |         |
|   add_ln176_fu_1384_p2                |     |        | add_ln176   | add | fabric    | 0       |
|   add_ln204_fu_1430_p2                |     |        | add_ln204   | add | fabric    | 0       |
|   add30_fu_1470_p2                    |     |        | add30       | add | fabric    | 0       |
|   add_ln53_fu_1476_p2                 |     |        | add_ln53    | add | fabric    | 0       |
|   add_i_1_fu_1482_p2                  |     |        | add_i_1     | add | fabric    | 0       |
|   add_i_2_fu_1492_p2                  |     |        | add_i_2     | add | fabric    | 0       |
|   add_i_3_fu_1502_p2                  |     |        | add_i_3     | add | fabric    | 0       |
|   add_i_4_fu_1512_p2                  |     |        | add_i_4     | add | fabric    | 0       |
|   add_i_5_fu_1522_p2                  |     |        | add_i_5     | add | fabric    | 0       |
|   add_i_6_fu_1532_p2                  |     |        | add_i_6     | add | fabric    | 0       |
|   sub_i28_fu_1542_p2                  |     |        | sub_i28     | add | fabric    | 0       |
|   i_2_fu_1606_p2                      |     |        | i_2         | add | fabric    | 0       |
|   add_ln106_fu_1620_p2                |     |        | add_ln106   | add | fabric    | 0       |
|   add_ln220_fu_1650_p2                |     |        | add_ln220   | add | fabric    | 0       |
|   add_ln241_fu_1662_p2                |     |        | add_ln241   | add | fabric    | 0       |
|   off_cj_2_fu_1667_p2                 |     |        | off_cj_2    | add | fabric    | 0       |
|   off_a_fu_1673_p2                    |     |        | off_a       | add | fabric    | 0       |
|   off_c_3_fu_1678_p2                  |     |        | off_c_3     | add | fabric    | 0       |
|  + mxm_execute_ursa_Pipeline_LOAD_A   | 0   |        |             |     |           |         |
|    add_ln106_fu_271_p2                |     |        | add_ln106   | add | fabric    | 0       |
|    r_4_fu_307_p2                      |     |        | r_4         | add | fabric    | 0       |
|    c_4_fu_313_p2                      |     |        | c_4         | add | fabric    | 0       |
|  + mxm_execute_ursa_Pipeline_LOAD_B   | 0   |        |             |     |           |         |
|    add_ln123_fu_294_p2                |     |        | add_ln123   | add | fabric    | 0       |
|    add_ln126_fu_311_p2                |     |        | add_ln126   | add | fabric    | 0       |
|    idx_1_fu_330_p2                    |     |        | idx_1       | add | fabric    | 0       |
|  + mxm_execute_ursa_Pipeline_STREAM_K | 64  |        |             |     |           |         |
|    t_2_fu_830_p2                      |     |        | t_2         | add | fabric    | 0       |
|    k_fu_846_p2                        |     |        | k           | sub | fabric    | 0       |
|    k_1_fu_889_p2                      |     |        | k_1         | sub | fabric    | 0       |
|    sub_ln73_fu_1409_p2                |     |        | sub_ln73    | sub | fabric    | 0       |
|    sub_ln73_1_fu_1418_p2              |     |        | sub_ln73_1  | sub | fabric    | 0       |
|    sub_ln73_2_fu_1427_p2              |     |        | sub_ln73_2  | sub | fabric    | 0       |
|    sub_ln73_3_fu_1436_p2              |     |        | sub_ln73_3  | sub | fabric    | 0       |
|    sub_ln73_4_fu_1445_p2              |     |        | sub_ln73_4  | sub | fabric    | 0       |
|    sub_ln73_5_fu_1454_p2              |     |        | sub_ln73_5  | sub | fabric    | 0       |
|    mac_muladd_8ns_8s_20s_20_4_1_U26   | 1   |        | mul_ln20    | mul | dsp_slice | 3       |
|    mac_muladd_8ns_8s_20s_20_4_1_U26   | 1   |        | add_ln20    | add | dsp_slice | 3       |
|    mac_muladd_8s_8ns_20s_20_4_1_U27   | 1   |        | mul_ln20_1  | mul | dsp_slice | 3       |
|    mac_muladd_8s_8ns_20s_20_4_1_U27   | 1   |        | add_ln20_1  | add | dsp_slice | 3       |
|    mac_muladd_8s_8ns_20s_20_4_1_U28   | 1   |        | mul_ln20_2  | mul | dsp_slice | 3       |
|    mac_muladd_8s_8ns_20s_20_4_1_U28   | 1   |        | add_ln20_2  | add | dsp_slice | 3       |
|    mac_muladd_8s_8ns_20s_20_4_1_U29   | 1   |        | mul_ln20_3  | mul | dsp_slice | 3       |
|    mac_muladd_8s_8ns_20s_20_4_1_U29   | 1   |        | add_ln20_3  | add | dsp_slice | 3       |
|    mac_muladd_8s_8ns_20s_20_4_1_U30   | 1   |        | mul_ln20_4  | mul | dsp_slice | 3       |
|    mac_muladd_8s_8ns_20s_20_4_1_U30   | 1   |        | add_ln20_4  | add | dsp_slice | 3       |
|    mac_muladd_8s_8ns_20s_20_4_1_U31   | 1   |        | mul_ln20_5  | mul | dsp_slice | 3       |
|    mac_muladd_8s_8ns_20s_20_4_1_U31   | 1   |        | add_ln20_5  | add | dsp_slice | 3       |
|    mac_muladd_8s_8ns_20s_20_4_1_U32   | 1   |        | mul_ln20_6  | mul | dsp_slice | 3       |
|    mac_muladd_8s_8ns_20s_20_4_1_U32   | 1   |        | add_ln20_6  | add | dsp_slice | 3       |
|    mac_muladd_8s_8ns_20s_20_4_1_U33   | 1   |        | mul_ln20_7  | mul | dsp_slice | 3       |
|    mac_muladd_8s_8ns_20s_20_4_1_U33   | 1   |        | add_ln20_7  | add | dsp_slice | 3       |
|    mac_muladd_8ns_8s_20s_20_4_1_U34   | 1   |        | mul_ln20_8  | mul | dsp_slice | 3       |
|    mac_muladd_8ns_8s_20s_20_4_1_U34   | 1   |        | add_ln20_8  | add | dsp_slice | 3       |
|    mac_muladd_8ns_8s_20s_20_4_1_U35   | 1   |        | mul_ln20_9  | mul | dsp_slice | 3       |
|    mac_muladd_8ns_8s_20s_20_4_1_U35   | 1   |        | add_ln20_9  | add | dsp_slice | 3       |
|    mac_muladd_8ns_8s_20s_20_4_1_U36   | 1   |        | mul_ln20_10 | mul | dsp_slice | 3       |
|    mac_muladd_8ns_8s_20s_20_4_1_U36   | 1   |        | add_ln20_10 | add | dsp_slice | 3       |
|    mac_muladd_8ns_8s_20s_20_4_1_U37   | 1   |        | mul_ln20_11 | mul | dsp_slice | 3       |
|    mac_muladd_8ns_8s_20s_20_4_1_U37   | 1   |        | add_ln20_11 | add | dsp_slice | 3       |
|    mac_muladd_8ns_8s_20s_20_4_1_U38   | 1   |        | mul_ln20_12 | mul | dsp_slice | 3       |
|    mac_muladd_8ns_8s_20s_20_4_1_U38   | 1   |        | add_ln20_12 | add | dsp_slice | 3       |
|    mac_muladd_8ns_8s_20s_20_4_1_U39   | 1   |        | mul_ln20_13 | mul | dsp_slice | 3       |
|    mac_muladd_8ns_8s_20s_20_4_1_U39   | 1   |        | add_ln20_13 | add | dsp_slice | 3       |
|    mac_muladd_8ns_8s_20s_20_4_1_U40   | 1   |        | mul_ln20_14 | mul | dsp_slice | 3       |
|    mac_muladd_8ns_8s_20s_20_4_1_U40   | 1   |        | add_ln20_14 | add | dsp_slice | 3       |
|    mac_muladd_8ns_8s_20s_20_4_1_U41   | 1   |        | mul_ln20_15 | mul | dsp_slice | 3       |
|    mac_muladd_8ns_8s_20s_20_4_1_U41   | 1   |        | add_ln20_15 | add | dsp_slice | 3       |
|    mac_muladd_8ns_8s_20s_20_4_1_U42   | 1   |        | mul_ln20_16 | mul | dsp_slice | 3       |
|    mac_muladd_8ns_8s_20s_20_4_1_U42   | 1   |        | add_ln20_16 | add | dsp_slice | 3       |
|    mac_muladd_8ns_8s_20s_20_4_1_U43   | 1   |        | mul_ln20_17 | mul | dsp_slice | 3       |
|    mac_muladd_8ns_8s_20s_20_4_1_U43   | 1   |        | add_ln20_17 | add | dsp_slice | 3       |
|    mac_muladd_8ns_8s_20s_20_4_1_U44   | 1   |        | mul_ln20_18 | mul | dsp_slice | 3       |
|    mac_muladd_8ns_8s_20s_20_4_1_U44   | 1   |        | add_ln20_18 | add | dsp_slice | 3       |
|    mac_muladd_8ns_8s_20s_20_4_1_U45   | 1   |        | mul_ln20_19 | mul | dsp_slice | 3       |
|    mac_muladd_8ns_8s_20s_20_4_1_U45   | 1   |        | add_ln20_19 | add | dsp_slice | 3       |
|    mac_muladd_8ns_8s_20s_20_4_1_U46   | 1   |        | mul_ln20_20 | mul | dsp_slice | 3       |
|    mac_muladd_8ns_8s_20s_20_4_1_U46   | 1   |        | add_ln20_20 | add | dsp_slice | 3       |
|    mac_muladd_8ns_8s_20s_20_4_1_U47   | 1   |        | mul_ln20_21 | mul | dsp_slice | 3       |
|    mac_muladd_8ns_8s_20s_20_4_1_U47   | 1   |        | add_ln20_21 | add | dsp_slice | 3       |
|    mac_muladd_8ns_8s_20s_20_4_1_U48   | 1   |        | mul_ln20_22 | mul | dsp_slice | 3       |
|    mac_muladd_8ns_8s_20s_20_4_1_U48   | 1   |        | add_ln20_22 | add | dsp_slice | 3       |
|    mac_muladd_8ns_8s_20s_20_4_1_U49   | 1   |        | mul_ln20_23 | mul | dsp_slice | 3       |
|    mac_muladd_8ns_8s_20s_20_4_1_U49   | 1   |        | add_ln20_23 | add | dsp_slice | 3       |
|    mac_muladd_8ns_8s_20s_20_4_1_U50   | 1   |        | mul_ln20_24 | mul | dsp_slice | 3       |
|    mac_muladd_8ns_8s_20s_20_4_1_U50   | 1   |        | add_ln20_24 | add | dsp_slice | 3       |
|    mac_muladd_8ns_8s_20s_20_4_1_U51   | 1   |        | mul_ln20_25 | mul | dsp_slice | 3       |
|    mac_muladd_8ns_8s_20s_20_4_1_U51   | 1   |        | add_ln20_25 | add | dsp_slice | 3       |
|    mac_muladd_8ns_8s_20s_20_4_1_U52   | 1   |        | mul_ln20_26 | mul | dsp_slice | 3       |
|    mac_muladd_8ns_8s_20s_20_4_1_U52   | 1   |        | add_ln20_26 | add | dsp_slice | 3       |
|    mac_muladd_8ns_8s_20s_20_4_1_U53   | 1   |        | mul_ln20_27 | mul | dsp_slice | 3       |
|    mac_muladd_8ns_8s_20s_20_4_1_U53   | 1   |        | add_ln20_27 | add | dsp_slice | 3       |
|    mac_muladd_8ns_8s_20s_20_4_1_U54   | 1   |        | mul_ln20_28 | mul | dsp_slice | 3       |
|    mac_muladd_8ns_8s_20s_20_4_1_U54   | 1   |        | add_ln20_28 | add | dsp_slice | 3       |
|    mac_muladd_8ns_8s_20s_20_4_1_U55   | 1   |        | mul_ln20_29 | mul | dsp_slice | 3       |
|    mac_muladd_8ns_8s_20s_20_4_1_U55   | 1   |        | add_ln20_29 | add | dsp_slice | 3       |
|    mac_muladd_8ns_8s_20s_20_4_1_U56   | 1   |        | mul_ln20_30 | mul | dsp_slice | 3       |
|    mac_muladd_8ns_8s_20s_20_4_1_U56   | 1   |        | add_ln20_30 | add | dsp_slice | 3       |
|    mac_muladd_8ns_8s_20s_20_4_1_U57   | 1   |        | mul_ln20_31 | mul | dsp_slice | 3       |
|    mac_muladd_8ns_8s_20s_20_4_1_U57   | 1   |        | add_ln20_31 | add | dsp_slice | 3       |
|    mac_muladd_8ns_8s_20s_20_4_1_U58   | 1   |        | mul_ln20_32 | mul | dsp_slice | 3       |
|    mac_muladd_8ns_8s_20s_20_4_1_U58   | 1   |        | add_ln20_32 | add | dsp_slice | 3       |
|    mac_muladd_8ns_8s_20s_20_4_1_U59   | 1   |        | mul_ln20_33 | mul | dsp_slice | 3       |
|    mac_muladd_8ns_8s_20s_20_4_1_U59   | 1   |        | add_ln20_33 | add | dsp_slice | 3       |
|    mac_muladd_8ns_8s_20s_20_4_1_U60   | 1   |        | mul_ln20_34 | mul | dsp_slice | 3       |
|    mac_muladd_8ns_8s_20s_20_4_1_U60   | 1   |        | add_ln20_34 | add | dsp_slice | 3       |
|    mac_muladd_8ns_8s_20s_20_4_1_U61   | 1   |        | mul_ln20_35 | mul | dsp_slice | 3       |
|    mac_muladd_8ns_8s_20s_20_4_1_U61   | 1   |        | add_ln20_35 | add | dsp_slice | 3       |
|    mac_muladd_8ns_8s_20s_20_4_1_U62   | 1   |        | mul_ln20_36 | mul | dsp_slice | 3       |
|    mac_muladd_8ns_8s_20s_20_4_1_U62   | 1   |        | add_ln20_36 | add | dsp_slice | 3       |
|    mac_muladd_8ns_8s_20s_20_4_1_U63   | 1   |        | mul_ln20_37 | mul | dsp_slice | 3       |
|    mac_muladd_8ns_8s_20s_20_4_1_U63   | 1   |        | add_ln20_37 | add | dsp_slice | 3       |
|    mac_muladd_8ns_8s_20s_20_4_1_U64   | 1   |        | mul_ln20_38 | mul | dsp_slice | 3       |
|    mac_muladd_8ns_8s_20s_20_4_1_U64   | 1   |        | add_ln20_38 | add | dsp_slice | 3       |
|    mac_muladd_8ns_8s_20s_20_4_1_U65   | 1   |        | mul_ln20_39 | mul | dsp_slice | 3       |
|    mac_muladd_8ns_8s_20s_20_4_1_U65   | 1   |        | add_ln20_39 | add | dsp_slice | 3       |
|    mac_muladd_8ns_8s_20s_20_4_1_U66   | 1   |        | mul_ln20_40 | mul | dsp_slice | 3       |
|    mac_muladd_8ns_8s_20s_20_4_1_U66   | 1   |        | add_ln20_40 | add | dsp_slice | 3       |
|    mac_muladd_8ns_8s_20s_20_4_1_U67   | 1   |        | mul_ln20_41 | mul | dsp_slice | 3       |
|    mac_muladd_8ns_8s_20s_20_4_1_U67   | 1   |        | add_ln20_41 | add | dsp_slice | 3       |
|    mac_muladd_8ns_8s_20s_20_4_1_U68   | 1   |        | mul_ln20_42 | mul | dsp_slice | 3       |
|    mac_muladd_8ns_8s_20s_20_4_1_U68   | 1   |        | add_ln20_42 | add | dsp_slice | 3       |
|    mac_muladd_8ns_8s_20s_20_4_1_U69   | 1   |        | mul_ln20_43 | mul | dsp_slice | 3       |
|    mac_muladd_8ns_8s_20s_20_4_1_U69   | 1   |        | add_ln20_43 | add | dsp_slice | 3       |
|    mac_muladd_8ns_8s_20s_20_4_1_U70   | 1   |        | mul_ln20_44 | mul | dsp_slice | 3       |
|    mac_muladd_8ns_8s_20s_20_4_1_U70   | 1   |        | add_ln20_44 | add | dsp_slice | 3       |
|    mac_muladd_8ns_8s_20s_20_4_1_U71   | 1   |        | mul_ln20_45 | mul | dsp_slice | 3       |
|    mac_muladd_8ns_8s_20s_20_4_1_U71   | 1   |        | add_ln20_45 | add | dsp_slice | 3       |
|    mac_muladd_8ns_8s_20s_20_4_1_U72   | 1   |        | mul_ln20_46 | mul | dsp_slice | 3       |
|    mac_muladd_8ns_8s_20s_20_4_1_U72   | 1   |        | add_ln20_46 | add | dsp_slice | 3       |
|    mac_muladd_8ns_8s_20s_20_4_1_U73   | 1   |        | mul_ln20_47 | mul | dsp_slice | 3       |
|    mac_muladd_8ns_8s_20s_20_4_1_U73   | 1   |        | add_ln20_47 | add | dsp_slice | 3       |
|    mac_muladd_8ns_8s_20s_20_4_1_U74   | 1   |        | mul_ln20_48 | mul | dsp_slice | 3       |
|    mac_muladd_8ns_8s_20s_20_4_1_U74   | 1   |        | add_ln20_48 | add | dsp_slice | 3       |
|    mac_muladd_8ns_8s_20s_20_4_1_U75   | 1   |        | mul_ln20_49 | mul | dsp_slice | 3       |
|    mac_muladd_8ns_8s_20s_20_4_1_U75   | 1   |        | add_ln20_49 | add | dsp_slice | 3       |
|    mac_muladd_8ns_8s_20s_20_4_1_U76   | 1   |        | mul_ln20_50 | mul | dsp_slice | 3       |
|    mac_muladd_8ns_8s_20s_20_4_1_U76   | 1   |        | add_ln20_50 | add | dsp_slice | 3       |
|    mac_muladd_8ns_8s_20s_20_4_1_U77   | 1   |        | mul_ln20_51 | mul | dsp_slice | 3       |
|    mac_muladd_8ns_8s_20s_20_4_1_U77   | 1   |        | add_ln20_51 | add | dsp_slice | 3       |
|    mac_muladd_8ns_8s_20s_20_4_1_U78   | 1   |        | mul_ln20_52 | mul | dsp_slice | 3       |
|    mac_muladd_8ns_8s_20s_20_4_1_U78   | 1   |        | add_ln20_52 | add | dsp_slice | 3       |
|    mac_muladd_8ns_8s_20s_20_4_1_U79   | 1   |        | mul_ln20_53 | mul | dsp_slice | 3       |
|    mac_muladd_8ns_8s_20s_20_4_1_U79   | 1   |        | add_ln20_53 | add | dsp_slice | 3       |
|    mac_muladd_8ns_8s_20s_20_4_1_U80   | 1   |        | mul_ln20_54 | mul | dsp_slice | 3       |
|    mac_muladd_8ns_8s_20s_20_4_1_U80   | 1   |        | add_ln20_54 | add | dsp_slice | 3       |
|    mac_muladd_8ns_8s_20s_20_4_1_U81   | 1   |        | mul_ln20_55 | mul | dsp_slice | 3       |
|    mac_muladd_8ns_8s_20s_20_4_1_U81   | 1   |        | add_ln20_55 | add | dsp_slice | 3       |
|    mac_muladd_8ns_8s_20s_20_4_1_U82   | 1   |        | mul_ln20_56 | mul | dsp_slice | 3       |
|    mac_muladd_8ns_8s_20s_20_4_1_U82   | 1   |        | add_ln20_56 | add | dsp_slice | 3       |
|    mac_muladd_8ns_8s_20s_20_4_1_U83   | 1   |        | mul_ln20_57 | mul | dsp_slice | 3       |
|    mac_muladd_8ns_8s_20s_20_4_1_U83   | 1   |        | add_ln20_57 | add | dsp_slice | 3       |
|    mac_muladd_8ns_8s_20s_20_4_1_U84   | 1   |        | mul_ln20_58 | mul | dsp_slice | 3       |
|    mac_muladd_8ns_8s_20s_20_4_1_U84   | 1   |        | add_ln20_58 | add | dsp_slice | 3       |
|    mac_muladd_8ns_8s_20s_20_4_1_U85   | 1   |        | mul_ln20_59 | mul | dsp_slice | 3       |
|    mac_muladd_8ns_8s_20s_20_4_1_U85   | 1   |        | add_ln20_59 | add | dsp_slice | 3       |
|    mac_muladd_8ns_8s_20s_20_4_1_U86   | 1   |        | mul_ln20_60 | mul | dsp_slice | 3       |
|    mac_muladd_8ns_8s_20s_20_4_1_U86   | 1   |        | add_ln20_60 | add | dsp_slice | 3       |
|    mac_muladd_8ns_8s_20s_20_4_1_U87   | 1   |        | mul_ln20_61 | mul | dsp_slice | 3       |
|    mac_muladd_8ns_8s_20s_20_4_1_U87   | 1   |        | add_ln20_61 | add | dsp_slice | 3       |
|    mac_muladd_8ns_8s_20s_20_4_1_U88   | 1   |        | mul_ln20_62 | mul | dsp_slice | 3       |
|    mac_muladd_8ns_8s_20s_20_4_1_U88   | 1   |        | add_ln20_62 | add | dsp_slice | 3       |
|    mac_muladd_8ns_8s_20s_20_4_1_U89   | 1   |        | mul_ln20_63 | mul | dsp_slice | 3       |
|    mac_muladd_8ns_8s_20s_20_4_1_U89   | 1   |        | add_ln20_63 | add | dsp_slice | 3       |
|  + sa_store                           | 0   |        |             |     |           |         |
|    empty_41_fu_876_p2                 |     |        | empty_41    | add | fabric    | 0       |
|    empty_44_fu_984_p2                 |     |        | empty_44    | add | fabric    | 0       |
|    empty_47_fu_1105_p2                |     |        | empty_47    | sub | fabric    | 0       |
|    empty_48_fu_1115_p2                |     |        | empty_48    | add | fabric    | 0       |
|    empty_51_fu_1130_p2                |     |        | empty_51    | add | fabric    | 0       |
|    empty_54_fu_1145_p2                |     |        | empty_54    | add | fabric    | 0       |
|    empty_57_fu_1171_p2                |     |        | empty_57    | sub | fabric    | 0       |
|    empty_58_fu_1181_p2                |     |        | empty_58    | add | fabric    | 0       |
|    empty_61_fu_1196_p2                |     |        | empty_61    | sub | fabric    | 0       |
|    empty_62_fu_1206_p2                |     |        | empty_62    | add | fabric    | 0       |
+---------------------------------------+-----+--------+-------------+-----+-----------+---------+


================================================================
== Storage Report
================================================================
+--------------------+--------------+-----------+------+------+--------+----------+--------+---------+------------------+
| Name               | Usage        | Type      | BRAM | URAM | Pragma | Variable | Impl   | Latency | Bitwidth, Depth, |
|                    |              |           |      |      |        |          |        |         | Banks            |
+--------------------+--------------+-----------+------+------+--------+----------+--------+---------+------------------+
| + mxm_execute_ursa |              |           | 20   | 0    |        |          |        |         |                  |
|   ap_s_axi_U       | interface    | s_axilite |      |      |        |          |        |         |                  |
|   control_s_axi_U  | interface    | s_axilite |      |      |        |          |        |         |                  |
|   aw_m_axi_U       | interface    | m_axi     | 8    |      |        |          |        |         |                  |
|   bi_m_axi_U       | interface    | m_axi     | 8    |      |        |          |        |         |                  |
|   ca_m_axi_U       | interface    | m_axi     | 4    |      |        |          |        |         |                  |
|   a_buf_U          | ram_1p array |           |      |      | yes    | a_buf    | lutram | 1       | 64, 32, 1        |
|   a_buf_1_U        | ram_1p array |           |      |      | yes    | a_buf_1  | lutram | 1       | 64, 32, 1        |
|   a_buf_2_U        | ram_1p array |           |      |      | yes    | a_buf_2  | lutram | 1       | 64, 32, 1        |
|   a_buf_3_U        | ram_1p array |           |      |      | yes    | a_buf_3  | lutram | 1       | 64, 32, 1        |
|   a_buf_4_U        | ram_1p array |           |      |      | yes    | a_buf_4  | lutram | 1       | 64, 32, 1        |
|   a_buf_5_U        | ram_1p array |           |      |      | yes    | a_buf_5  | lutram | 1       | 64, 32, 1        |
|   a_buf_6_U        | ram_1p array |           |      |      | yes    | a_buf_6  | lutram | 1       | 64, 32, 1        |
|   a_buf_7_U        | ram_1p array |           |      |      | yes    | a_buf_7  | lutram | 1       | 64, 32, 1        |
|   b_buf_U          | ram_1p array |           |      |      | yes    | b_buf    | lutram | 1       | 8, 256, 1        |
|   b_buf_1_U        | ram_1p array |           |      |      | yes    | b_buf_1  | lutram | 1       | 8, 256, 1        |
|   b_buf_2_U        | ram_1p array |           |      |      | yes    | b_buf_2  | lutram | 1       | 8, 256, 1        |
|   b_buf_3_U        | ram_1p array |           |      |      | yes    | b_buf_3  | lutram | 1       | 8, 256, 1        |
|   b_buf_4_U        | ram_1p array |           |      |      | yes    | b_buf_4  | lutram | 1       | 8, 256, 1        |
|   b_buf_5_U        | ram_1p array |           |      |      | yes    | b_buf_5  | lutram | 1       | 8, 256, 1        |
|   b_buf_6_U        | ram_1p array |           |      |      | yes    | b_buf_6  | lutram | 1       | 8, 256, 1        |
|   b_buf_7_U        | ram_1p array |           |      |      | yes    | b_buf_7  | lutram | 1       | 8, 256, 1        |
+--------------------+--------------+-----------+------+------+--------+----------+--------+---------+------------------+


================================================================
== Pragma Report
================================================================
* Valid Pragma Syntax
+-----------------+--------------------------------------------------------------------------------------------------------------------------------------------------------------------------+--------------------------------------------------------------------------+
| Type            | Options                                                                                                                                                                  | Location                                                                 |
+-----------------+--------------------------------------------------------------------------------------------------------------------------------------------------------------------------+--------------------------------------------------------------------------+
| array_partition | variable=sa->pe complete                                                                                                                                                 | ../sources/vanilla/src/core/sa.cpp:8 in sa_init, sa->pe                  |
| array_partition | variable=sa->in_mtx_a_li complete                                                                                                                                        | ../sources/vanilla/src/core/sa.cpp:9 in sa_init, sa->in_mtx_a_li         |
| array_partition | variable=sa->in_mtx_b_tw complete                                                                                                                                        | ../sources/vanilla/src/core/sa.cpp:10 in sa_init, sa->in_mtx_b_tw        |
| pipeline        | II=1                                                                                                                                                                     | ../sources/vanilla/src/core/sa.cpp:14 in sa_init                         |
| unroll          |                                                                                                                                                                          | ../sources/vanilla/src/core/sa.cpp:17 in sa_init                         |
| unroll          |                                                                                                                                                                          | ../sources/vanilla/src/core/sa.cpp:19 in sa_init                         |
| pipeline        | II=1                                                                                                                                                                     | ../sources/vanilla/src/core/sa.cpp:26 in sa_reset                        |
| unroll          |                                                                                                                                                                          | ../sources/vanilla/src/core/sa.cpp:29 in sa_reset                        |
| unroll          |                                                                                                                                                                          | ../sources/vanilla/src/core/sa.cpp:31 in sa_reset                        |
| dependence      | variable=sa->in_mtx_a_li inter false                                                                                                                                     | ../sources/vanilla/src/core/sa.cpp:38 in sa_input_a_b, sa->in_mtx_a_li   |
| dependence      | variable=sa->in_mtx_b_tw inter false                                                                                                                                     | ../sources/vanilla/src/core/sa.cpp:39 in sa_input_a_b, sa->in_mtx_b_tw   |
| pipeline        | II=1                                                                                                                                                                     | ../sources/vanilla/src/core/sa.cpp:48 in sa_compute                      |
| unroll          |                                                                                                                                                                          | ../sources/vanilla/src/core/sa.cpp:52 in sa_compute                      |
| unroll          |                                                                                                                                                                          | ../sources/vanilla/src/core/sa.cpp:59 in sa_compute                      |
| unroll          |                                                                                                                                                                          | ../sources/vanilla/src/core/sa.cpp:61 in sa_compute                      |
| unroll          |                                                                                                                                                                          | ../sources/vanilla/src/core/sa.cpp:68 in sa_compute                      |
| unroll          |                                                                                                                                                                          | ../sources/vanilla/src/core/sa.cpp:70 in sa_compute                      |
| unroll          |                                                                                                                                                                          | ../sources/vanilla/src/core/sa.cpp:77 in sa_compute                      |
| unroll          |                                                                                                                                                                          | ../sources/vanilla/src/core/sa.cpp:79 in sa_compute                      |
| pipeline        | II=1                                                                                                                                                                     | ../sources/vanilla/src/core/sa.cpp:86 in sa_store                        |
| unroll          |                                                                                                                                                                          | ../sources/vanilla/src/core/sa.cpp:89 in sa_store                        |
| unroll          |                                                                                                                                                                          | ../sources/vanilla/src/core/sa.cpp:91 in sa_store                        |
| inline          |                                                                                                                                                                          | ../sources/vanilla/src/core/shell.cpp:48 in fill_inputs_a                |
| unroll          |                                                                                                                                                                          | ../sources/vanilla/src/core/shell.cpp:50 in fill_inputs_a                |
| inline          |                                                                                                                                                                          | ../sources/vanilla/src/core/shell.cpp:68 in fill_inputs_b                |
| unroll          |                                                                                                                                                                          | ../sources/vanilla/src/core/shell.cpp:70 in fill_inputs_b                |
| inline          |                                                                                                                                                                          | ../sources/vanilla/src/core/shell.cpp:85 in load_inputs_sa               |
| unroll          |                                                                                                                                                                          | ../sources/vanilla/src/core/shell.cpp:87 in load_inputs_sa               |
| pipeline        | II=1                                                                                                                                                                     | ../sources/vanilla/src/core/shell.cpp:107 in load_tile_a                 |
| loop_tripcount  | min=36 max=144 avg=144                                                                                                                                                   | ../sources/vanilla/src/core/shell.cpp:108 in load_tile_a                 |
| pipeline        | II=1                                                                                                                                                                     | ../sources/vanilla/src/core/shell.cpp:124 in load_tile_b                 |
| loop_tripcount  | min=36 max=144 avg=144                                                                                                                                                   | ../sources/vanilla/src/core/shell.cpp:125 in load_tile_b                 |
| unroll          |                                                                                                                                                                          | ../sources/vanilla/src/core/shell.cpp:128 in load_tile_b                 |
| interface       | mode=m_axi port=addr_a0 bundle=aw offset=slave num_read_outstanding=8 num_write_outstanding=8 max_read_burst_length=64 max_write_burst_length=16 depth=((4*1024) / 8)    | ../sources/vanilla/src/core/shell.cpp:157 in mxm_execute_ursa, addr_a0   |
| interface       | mode=m_axi port=addr_b0 bundle=bi offset=slave num_read_outstanding=8 num_write_outstanding=8 max_read_burst_length=64 max_write_burst_length=16 depth=((16*1024) / 8)   | ../sources/vanilla/src/core/shell.cpp:161 in mxm_execute_ursa, addr_b0   |
| interface       | mode=m_axi port=casted_c0 bundle=ca offset=slave num_read_outstanding=8 num_write_outstanding=8 max_read_burst_length=64 max_write_burst_length=16 depth=((16*1024) / 4) | ../sources/vanilla/src/core/shell.cpp:165 in mxm_execute_ursa, casted_c0 |
| interface       | mode=s_axilite port=return bundle=ap register                                                                                                                            | ../sources/vanilla/src/core/shell.cpp:169 in mxm_execute_ursa, return    |
| interface       | mode=s_axilite port=a0_p bundle=ap register                                                                                                                              | ../sources/vanilla/src/core/shell.cpp:170 in mxm_execute_ursa, a0_p      |
| interface       | mode=s_axilite port=b0_q bundle=ap register                                                                                                                              | ../sources/vanilla/src/core/shell.cpp:171 in mxm_execute_ursa, b0_q      |
| interface       | mode=s_axilite port=m bundle=ap register                                                                                                                                 | ../sources/vanilla/src/core/shell.cpp:172 in mxm_execute_ursa, m         |
| array_partition | variable=in_a complete dim=1                                                                                                                                             | ../sources/vanilla/src/core/shell.cpp:181 in mxm_execute_ursa, in_a      |
| array_partition | variable=in_b complete dim=1                                                                                                                                             | ../sources/vanilla/src/core/shell.cpp:184 in mxm_execute_ursa, in_b      |
| array_partition | variable=a_buf complete dim=1                                                                                                                                            | ../sources/vanilla/src/core/shell.cpp:189 in mxm_execute_ursa, a_buf     |
| bind_storage    | variable=a_buf type=ram_1p impl=lutram                                                                                                                                   | ../sources/vanilla/src/core/shell.cpp:190 in mxm_execute_ursa, a_buf     |
| array_partition | variable=b_buf complete dim=1                                                                                                                                            | ../sources/vanilla/src/core/shell.cpp:193 in mxm_execute_ursa, b_buf     |
| bind_storage    | variable=b_buf type=ram_1p impl=lutram                                                                                                                                   | ../sources/vanilla/src/core/shell.cpp:194 in mxm_execute_ursa, b_buf     |
| array_partition | variable=sa complete dim=1                                                                                                                                               | ../sources/vanilla/src/core/shell.cpp:197 in mxm_execute_ursa, sa        |
| loop_tripcount  | min=2 max=4 avg=4                                                                                                                                                        | ../sources/vanilla/src/core/shell.cpp:213 in mxm_execute_ursa            |
| loop_tripcount  | min=16 max=64 avg=16                                                                                                                                                     | ../sources/vanilla/src/core/shell.cpp:221 in mxm_execute_ursa            |
| pipeline        | II=1                                                                                                                                                                     | ../sources/vanilla/src/core/shell.cpp:227 in mxm_execute_ursa            |
| loop_tripcount  | min=42 max=150 avg=150                                                                                                                                                   | ../sources/vanilla/src/core/shell.cpp:228 in mxm_execute_ursa            |
+-----------------+--------------------------------------------------------------------------------------------------------------------------------------------------------------------------+--------------------------------------------------------------------------+


