

================================================================
== Synthesis Summary Report of 'mxm_execute_ursa'
================================================================
+ General Information: 
    * Date:           Sun Sep 27 20:42:28 2026
    * Version:        2023.2 (Build 4023990 on Oct 11 2023)
    * Project:        ursa
    * Solution:       hls (Vivado IP Flow Target)
    * Product family: zynq
    * Target device:  xc7z020-clg484-1
    

+ Performance & Resource Estimates: 
    
    PS: '+' for module; 'o' for loop; '*' for dataflow
    +-----------------------------------------+------+------+---------+-----------+----------+---------+------+----------+---------+--------+-----------+-----------+-----+
    |                 Modules                 | Issue|      | Latency |  Latency  | Iteration|         | Trip |          |         |        |           |           |     |
    |                 & Loops                 | Type | Slack| (cycles)|    (ns)   |  Latency | Interval| Count| Pipelined|  BRAM   |   DSP  |     FF    |    LUT    | URAM|
    +-----------------------------------------+------+------+---------+-----------+----------+---------+------+----------+---------+--------+-----------+-----------+-----+
    |+ mxm_execute_ursa                       |     -|  0.00|    84095|  8.410e+05|         -|    84096|     -|        no|  12 (4%)|  4 (1%)|  4086 (3%)|  5028 (9%)|    -|
    | o TILE_ROW                              |     -|  7.30|    84092|  8.409e+05|     21023|        -|     4|        no|        -|       -|          -|          -|    -|
    |  + mxm_execute_ursa_Pipeline_LOAD_A     |     -|  0.00|      147|  1.470e+03|         -|      147|     -|        no|        -|       -|  116 (~0%)|  217 (~0%)|    -|
    |   o LOAD_A                              |     -|  7.30|      145|  1.450e+03|         3|        1|   144|       yes|        -|       -|          -|          -|    -|
    |  o TILE_COL                             |     -|  7.30|    20864|  2.086e+05|       326|        -|    64|        no|        -|       -|          -|          -|    -|
    |   + mxm_execute_ursa_Pipeline_LOAD_B    |     -|  0.00|      155|  1.550e+03|         -|      155|     -|        no|        -|       -|  285 (~0%)|  457 (~0%)|    -|
    |    o LOAD_B                             |     -|  7.30|      153|  1.530e+03|        11|        1|   144|       yes|        -|       -|          -|          -|    -|
    |   + mxm_execute_ursa_Pipeline_STREAM_K  |     -|  0.56|      156|  1.560e+03|         -|      156|     -|        no|        -|  4 (1%)|   99 (~0%)|  491 (~0%)|    -|
    |    o STREAM_K                           |     -|  7.30|      154|  1.540e+03|         6|        1|   150|       yes|        -|       -|          -|          -|    -|
    |   + sa_store                            |    II|  0.00|        9|     90.000|         -|        4|     -|       yes|        -|       -|   37 (~0%)|  164 (~0%)|    -|
    |   + sa_reset                            |     -|  7.30|        0|      0.000|         -|        1|     -|       yes|        -|       -|          -|          -|    -|
    +-----------------------------------------+------+------+---------+-----------+----------+---------+------+----------+---------+--------+-----------+-----------+-----+


================================================================
== HW Interfaces
================================================================
* M_AXI
+-----------+------------+---------------+---------+--------+----------+-----------+--------------+--------------+-------------+-------------+-------------------+
| Interface | Data Width | Address Width | Latency | Offset | Register | Max Widen | Max Read     | Max Write    | Num Read    | Num Write   | Resource Estimate |
|           | (SW->HW)   |               |         |        |          | Bitwidth  | Burst Length | Burst Length | Outstanding | Outstanding |                   |
+-----------+------------+---------------+---------+--------+----------+-----------+--------------+--------------+-------------+-------------+-------------------+
| m_axi_aw  | 32 -> 32   | 32            | 0       | slave  | 0        | 0         | 64           | 16           | 8           | 8           | BRAM=4            |
| m_axi_bi  | 32 -> 32   | 32            | 0       | slave  | 0        | 0         | 64           | 16           | 8           | 8           | BRAM=4            |
| m_axi_ca  | 32 -> 32   | 32            | 0       | slave  | 0        | 0         | 64           | 16           | 8           | 8           | BRAM=4            |
+-----------+------------+---------------+---------+--------+----------+-----------+--------------+--------------+-------------+-------------+-------------------+

* S_AXILITE Interfaces
+---------------+------------+---------------+--------+----------+
| Interface     | Data Width | Address Width | Offset | Register |
+---------------+------------+---------------+--------+----------+
| s_axi_ap      | 32         | 6             | 24     | 1        |
| s_axi_control | 32         | 6             | 16     | 0        |
+---------------+------------+---------------+--------+----------+

* S_AXILITE Registers
+---------------+-----------+--------+-------+--------+----------------------------------+----------------------------------------------------------------------+
| Interface     | Register  | Offset | Width | Access | Description                      | Bit Fields                                                           |
+---------------+-----------+--------+-------+--------+----------------------------------+----------------------------------------------------------------------+
| s_axi_ap      | CTRL      | 0x00   | 32    | RW     | Control signals                  | 0=AP_START 1=AP_DONE 2=AP_IDLE 3=AP_READY 7=AUTO_RESTART 9=INTERRUPT |
| s_axi_ap      | GIER      | 0x04   | 32    | RW     | Global Interrupt Enable Register | 0=Enable                                                             |
| s_axi_ap      | IP_IER    | 0x08   | 32    | RW     | IP Interrupt Enable Register     | 0=CHAN0_INT_EN 1=CHAN1_INT_EN                                        |
| s_axi_ap      | IP_ISR    | 0x0c   | 32    | RW     | IP Interrupt Status Register     | 0=CHAN0_INT_ST 1=CHAN1_INT_ST                                        |
| s_axi_ap      | ap_return | 0x10   | 32    | R      | Data signal of ap_return         |                                                                      |
| s_axi_ap      | a0_p      | 0x18   | 32    | W      | Data signal of a0_p              |                                                                      |
| s_axi_ap      | b0_q      | 0x20   | 32    | W      | Data signal of b0_q              |                                                                      |
| s_axi_ap      | m         | 0x28   | 32    | W      | Data signal of m                 |                                                                      |
| s_axi_control | addr_a0   | 0x10   | 32    | W      | Data signal of addr_a0           |                                                                      |
| s_axi_control | addr_b0   | 0x18   | 32    | W      | Data signal of addr_b0           |                                                                      |
| s_axi_control | addr_c0   | 0x20   | 32    | W      | Data signal of addr_c0           |                                                                      |
+---------------+-----------+--------+-------+--------+----------------------------------+----------------------------------------------------------------------+

* TOP LEVEL CONTROL
+-----------+------------+-----------+
| Interface | Type       | Ports     |
+-----------+------------+-----------+
| ap_clk    | clock      | ap_clk    |
| ap_rst_n  | reset      | ap_rst_n  |
| interrupt | interrupt  | interrupt |
| ap_ctrl   | ap_ctrl_hs |           |
+-----------+------------+-----------+


================================================================
== SW I/O Information
================================================================
* Top Function Arguments
+----------+-----------+----------------+
| Argument | Direction | Datatype       |
+----------+-----------+----------------+
| addr_a0  | in        | ap_uint<32>*   |
| a0_p     | in        | unsigned short |
| addr_b0  | in        | ap_uint<32>*   |
| b0_q     | in        | unsigned short |
| addr_c0  | out       | int*           |
| m        | in        | unsigned short |
| return   | out       | unsigned char  |
+----------+-----------+----------------+

* SW-to-HW Mapping
+----------+---------------+-----------+----------+-------------------------------------+
| Argument | HW Interface  | HW Type   | HW Usage | HW Info                             |
+----------+---------------+-----------+----------+-------------------------------------+
| addr_a0  | m_axi_aw      | interface |          |                                     |
| addr_a0  | s_axi_control | register  | offset   | name=addr_a0 offset=0x10 range=32   |
| a0_p     | s_axi_ap      | register  |          | name=a0_p offset=0x18 range=32      |
| addr_b0  | m_axi_bi      | interface |          |                                     |
| addr_b0  | s_axi_control | register  | offset   | name=addr_b0 offset=0x18 range=32   |
| b0_q     | s_axi_ap      | register  |          | name=b0_q offset=0x20 range=32      |
| addr_c0  | m_axi_ca      | interface |          |                                     |
| addr_c0  | s_axi_control | register  | offset   | name=addr_c0 offset=0x20 range=32   |
| m        | s_axi_ap      | register  |          | name=m offset=0x28 range=32         |
| return   | s_axi_ap      | register  |          | name=ap_return offset=0x10 range=32 |
+----------+---------------+-----------+----------+-------------------------------------+


================================================================
== M_AXI Burst Information
================================================================
 Note: All burst requests might be further partitioned into multiple requests during RTL generation based on max_read_burst_length or max_write_burst_length settings.

* Inferred Burst Summary
+--------------+-----------+----------+-------+--------+------------------------------------------------------------------------------------------------+
| HW Interface | Direction | Length   | Width | Loop   | Loop Location                                                                                  |
+--------------+-----------+----------+-------+--------+------------------------------------------------------------------------------------------------+
| m_axi_aw     | read      | variable | 32    | LOAD_A | /home/ulisses/Projects/ursa/exp/output-stationary-v2/sources/vanilla/src/core/shell.cpp:117:13 |
| m_axi_ca     | write     | 2        | 32    |        |                                                                                                |
+--------------+-----------+----------+-------+--------+------------------------------------------------------------------------------------------------+

* All M_AXI Variable Accesses
+--------------+----------+------------------------------------------------------------------------------------------------+-----------+--------------+----------+--------+------------------------------------------------------------------------------------------------+------------+-------------------------------------------------------------------------------------------------------+
| HW Interface | Variable | Access Location                                                                                | Direction | Burst Status | Length   | Loop   | Loop Location                                                                                  | Resolution | Problem                                                                                               |
+--------------+----------+------------------------------------------------------------------------------------------------+-----------+--------------+----------+--------+------------------------------------------------------------------------------------------------+------------+-------------------------------------------------------------------------------------------------------+
| m_axi_aw     | addr_a0  | /home/ulisses/Projects/ursa/exp/output-stationary-v2/sources/vanilla/src/core/shell.cpp:120:14 | read      | Widen Fail   |          | LOAD_A | /home/ulisses/Projects/ursa/exp/output-stationary-v2/sources/vanilla/src/core/shell.cpp:117:13 | 214-353    | Could not widen since type i32 size is greater than or equal to the max_widen_bitwidth threshold of 0 |
| m_axi_aw     | addr_a0  | /home/ulisses/Projects/ursa/exp/output-stationary-v2/sources/vanilla/src/core/shell.cpp:120:14 | read      | Fail         |          |        |                                                                                                | 214-231    | Access is clobbered by call                                                                           |
| m_axi_aw     | addr_a0  | /home/ulisses/Projects/ursa/exp/output-stationary-v2/sources/vanilla/src/core/shell.cpp:120:14 | read      | Inferred     | variable | LOAD_A | /home/ulisses/Projects/ursa/exp/output-stationary-v2/sources/vanilla/src/core/shell.cpp:117:13 |            |                                                                                                       |
| m_axi_bi     | addr_b0  | /home/ulisses/Projects/ursa/exp/output-stationary-v2/sources/vanilla/src/core/shell.cpp:163:15 | read      | Fail         |          | LOAD_B | /home/ulisses/Projects/ursa/exp/output-stationary-v2/sources/vanilla/src/core/shell.cpp:160:13 | 214-229    | Could not analyze pattern                                                                             |
| m_axi_ca     | out      | /home/ulisses/Projects/ursa/exp/output-stationary-v2/sources/vanilla/src/core/sa.cpp:92:17     | write     | Widen Fail   |          |        |                                                                                                | 214-353    | Could not widen since type i32 size is greater than or equal to the max_widen_bitwidth threshold of 0 |
| m_axi_ca     | out      | /home/ulisses/Projects/ursa/exp/output-stationary-v2/sources/vanilla/src/core/sa.cpp:92:17     | write     | Inferred     | 2        |        |                                                                                                |            |                                                                                                       |
+--------------+----------+------------------------------------------------------------------------------------------------+-----------+--------------+----------+--------+------------------------------------------------------------------------------------------------+------------+-------------------------------------------------------------------------------------------------------+

    * Resolution URL: docs.xilinx.com/access/sources/dita/topic?Doc_Version=2023.2%20English&url=ug1448-hls-guidance&resourceid=XXX-YYY.html (replace XXX-YYY with column value)

================================================================
== Bind Op Report
================================================================
+---------------------------------------+-----+--------+------------+-----+-----------+---------+
| Name                                  | DSP | Pragma | Variable   | Op  | Impl      | Latency |
+---------------------------------------+-----+--------+------------+-----+-----------+---------+
| + mxm_execute_ursa                    | 4   |        |            |     |           |         |
|   add_ln217_fu_370_p2                 |     |        | add_ln217  | add | fabric    | 0       |
|   add_ln245_fu_406_p2                 |     |        | add_ln245  | add | fabric    | 0       |
|   add31_fu_446_p2                     |     |        | add31      | add | fabric    | 0       |
|   add_ln64_fu_452_p2                  |     |        | add_ln64   | add | fabric    | 0       |
|   add_i_1_fu_458_p2                   |     |        | add_i_1    | add | fabric    | 0       |
|   sub_i28_fu_464_p2                   |     |        | sub_i28    | add | fabric    | 0       |
|   i_2_fu_538_p2                       |     |        | i_2        | add | fabric    | 0       |
|   add_ln117_fu_552_p2                 |     |        | add_ln117  | add | fabric    | 0       |
|   add_ln264_fu_582_p2                 |     |        | add_ln264  | add | fabric    | 0       |
|   add_ln289_fu_603_p2                 |     |        | add_ln289  | add | fabric    | 0       |
|   off_cj_2_fu_608_p2                  |     |        | off_cj_2   | add | fabric    | 0       |
|   off_a_fu_614_p2                     |     |        | off_a      | add | fabric    | 0       |
|   off_c_3_fu_619_p2                   |     |        | off_c_3    | add | fabric    | 0       |
|  + mxm_execute_ursa_Pipeline_LOAD_A   | 0   |        |            |     |           |         |
|    add_ln117_fu_161_p2                |     |        | add_ln117  | add | fabric    | 0       |
|    r_4_fu_203_p2                      |     |        | r_4        | add | fabric    | 0       |
|    c_4_fu_209_p2                      |     |        | c_4        | add | fabric    | 0       |
|  + mxm_execute_ursa_Pipeline_LOAD_B   | 0   |        |            |     |           |         |
|    add_ln160_fu_194_p2                |     |        | add_ln160  | add | fabric    | 0       |
|    add_ln163_fu_221_p2                |     |        | add_ln163  | add | fabric    | 0       |
|    off_1_fu_248_p2                    |     |        | off_1      | add | fabric    | 0       |
|  + mxm_execute_ursa_Pipeline_STREAM_K | 4   |        |            |     |           |         |
|    t_2_fu_186_p2                      |     |        | t_2        | add | fabric    | 0       |
|    k_fu_202_p2                        |     |        | k          | sub | fabric    | 0       |
|    k_1_fu_245_p2                      |     |        | k_1        | sub | fabric    | 0       |
|    mac_muladd_8ns_8s_20s_20_4_1_U14   | 1   |        | mul_ln20   | mul | dsp_slice | 3       |
|    mac_muladd_8s_8ns_20s_20_4_1_U15   | 1   |        | mul_ln20_1 | mul | dsp_slice | 3       |
|    mac_muladd_8ns_8s_20s_20_4_1_U16   | 1   |        | mul_ln20_2 | mul | dsp_slice | 3       |
|    mac_muladd_8ns_8s_20s_20_4_1_U17   | 1   |        | mul_ln20_3 | mul | dsp_slice | 3       |
|    mac_muladd_8ns_8s_20s_20_4_1_U14   | 1   |        | add_ln20   | add | dsp_slice | 3       |
|    mac_muladd_8s_8ns_20s_20_4_1_U15   | 1   |        | add_ln20_1 | add | dsp_slice | 3       |
|    mac_muladd_8ns_8s_20s_20_4_1_U16   | 1   |        | add_ln20_2 | add | dsp_slice | 3       |
|    mac_muladd_8ns_8s_20s_20_4_1_U17   | 1   |        | add_ln20_3 | add | dsp_slice | 3       |
|  + sa_store                           | 0   |        |            |     |           |         |
|    empty_33_fu_153_p2                 |     |        | empty_33   | add | fabric    | 0       |
+---------------------------------------+-----+--------+------------+-----+-----------+---------+


================================================================
== Storage Report
================================================================
+--------------------+--------------+-----------+------+------+--------+----------+--------+---------+------------------+
| Name               | Usage        | Type      | BRAM | URAM | Pragma | Variable | Impl   | Latency | Bitwidth, Depth, |
|                    |              |           |      |      |        |          |        |         | Banks            |
+--------------------+--------------+-----------+------+------+--------+----------+--------+---------+------------------+
| + mxm_execute_ursa |              |           | 12   | 0    |        |          |        |         |                  |
|   ap_s_axi_U       | interface    | s_axilite |      |      |        |          |        |         |                  |
|   control_s_axi_U  | interface    | s_axilite |      |      |        |          |        |         |                  |
|   aw_m_axi_U       | interface    | m_axi     | 4    |      |        |          |        |         |                  |
|   bi_m_axi_U       | interface    | m_axi     | 4    |      |        |          |        |         |                  |
|   ca_m_axi_U       | interface    | m_axi     | 4    |      |        |          |        |         |                  |
|   a_buf_U          | ram_1p array |           |      |      | yes    | a_buf    | lutram | 1       | 32, 64, 1        |
|   a_buf_1_U        | ram_1p array |           |      |      | yes    | a_buf_1  | lutram | 1       | 32, 64, 1        |
|   b_buf_U          | ram_1p array |           |      |      | yes    | b_buf    | lutram | 1       | 8, 256, 1        |
|   b_buf_1_U        | ram_1p array |           |      |      | yes    | b_buf_1  | lutram | 1       | 8, 256, 1        |
+--------------------+--------------+-----------+------+------+--------+----------+--------+---------+------------------+


================================================================
== Pragma Report
================================================================
* Valid Pragma Syntax
+-----------------+--------------------------------------------------------------------------------------------------------------------------------------------------------------------------+--------------------------------------------------------------------------+
| Type            | Options                                                                                                                                                                  | Location                                                                 |
+-----------------+--------------------------------------------------------------------------------------------------------------------------------------------------------------------------+--------------------------------------------------------------------------+
| array_partition | variable=sa->pe complete                                                                                                                                                 | ../sources/vanilla/src/core/sa.cpp:8 in sa_init, sa->pe                  |
| array_partition | variable=sa->in_mtx_a_li complete                                                                                                                                        | ../sources/vanilla/src/core/sa.cpp:9 in sa_init, sa->in_mtx_a_li         |
| array_partition | variable=sa->in_mtx_b_tw complete                                                                                                                                        | ../sources/vanilla/src/core/sa.cpp:10 in sa_init, sa->in_mtx_b_tw        |
| pipeline        | II=1                                                                                                                                                                     | ../sources/vanilla/src/core/sa.cpp:14 in sa_init                         |
| unroll          |                                                                                                                                                                          | ../sources/vanilla/src/core/sa.cpp:17 in sa_init                         |
| unroll          |                                                                                                                                                                          | ../sources/vanilla/src/core/sa.cpp:19 in sa_init                         |
| pipeline        | II=1                                                                                                                                                                     | ../sources/vanilla/src/core/sa.cpp:26 in sa_reset                        |
| unroll          |                                                                                                                                                                          | ../sources/vanilla/src/core/sa.cpp:29 in sa_reset                        |
| unroll          |                                                                                                                                                                          | ../sources/vanilla/src/core/sa.cpp:31 in sa_reset                        |
| dependence      | variable=sa->in_mtx_a_li inter false                                                                                                                                     | ../sources/vanilla/src/core/sa.cpp:38 in sa_input_a_b, sa->in_mtx_a_li   |
| dependence      | variable=sa->in_mtx_b_tw inter false                                                                                                                                     | ../sources/vanilla/src/core/sa.cpp:39 in sa_input_a_b, sa->in_mtx_b_tw   |
| pipeline        | II=1                                                                                                                                                                     | ../sources/vanilla/src/core/sa.cpp:48 in sa_compute                      |
| unroll          |                                                                                                                                                                          | ../sources/vanilla/src/core/sa.cpp:52 in sa_compute                      |
| unroll          |                                                                                                                                                                          | ../sources/vanilla/src/core/sa.cpp:59 in sa_compute                      |
| unroll          |                                                                                                                                                                          | ../sources/vanilla/src/core/sa.cpp:61 in sa_compute                      |
| unroll          |                                                                                                                                                                          | ../sources/vanilla/src/core/sa.cpp:68 in sa_compute                      |
| unroll          |                                                                                                                                                                          | ../sources/vanilla/src/core/sa.cpp:70 in sa_compute                      |
| unroll          |                                                                                                                                                                          | ../sources/vanilla/src/core/sa.cpp:77 in sa_compute                      |
| unroll          |                                                                                                                                                                          | ../sources/vanilla/src/core/sa.cpp:79 in sa_compute                      |
| pipeline        | II=1                                                                                                                                                                     | ../sources/vanilla/src/core/sa.cpp:86 in sa_store                        |
| unroll          |                                                                                                                                                                          | ../sources/vanilla/src/core/sa.cpp:89 in sa_store                        |
| unroll          |                                                                                                                                                                          | ../sources/vanilla/src/core/sa.cpp:91 in sa_store                        |
| inline          |                                                                                                                                                                          | ../sources/vanilla/src/core/shell.cpp:59 in fill_inputs_a                |
| unroll          |                                                                                                                                                                          | ../sources/vanilla/src/core/shell.cpp:61 in fill_inputs_a                |
| inline          |                                                                                                                                                                          | ../sources/vanilla/src/core/shell.cpp:79 in fill_inputs_b                |
| unroll          |                                                                                                                                                                          | ../sources/vanilla/src/core/shell.cpp:81 in fill_inputs_b                |
| inline          |                                                                                                                                                                          | ../sources/vanilla/src/core/shell.cpp:96 in load_inputs_sa               |
| unroll          |                                                                                                                                                                          | ../sources/vanilla/src/core/shell.cpp:98 in load_inputs_sa               |
| pipeline        | II=1                                                                                                                                                                     | ../sources/vanilla/src/core/shell.cpp:118 in load_tile_a                 |
| loop_tripcount  | min=36 max=144 avg=144                                                                                                                                                   | ../sources/vanilla/src/core/shell.cpp:119 in load_tile_a                 |
| pipeline        | II=1                                                                                                                                                                     | ../sources/vanilla/src/core/shell.cpp:161 in load_tile_b                 |
| loop_tripcount  | min=36 max=144 avg=144                                                                                                                                                   | ../sources/vanilla/src/core/shell.cpp:162 in load_tile_b                 |
| unroll          |                                                                                                                                                                          | ../sources/vanilla/src/core/shell.cpp:166 in load_tile_b                 |
| interface       | mode=m_axi port=addr_a0 bundle=aw offset=slave num_read_outstanding=8 num_write_outstanding=8 max_read_burst_length=64 max_write_burst_length=16 depth=((4*1024) / 4)    | ../sources/vanilla/src/core/shell.cpp:198 in mxm_execute_ursa, addr_a0   |
| interface       | mode=m_axi port=addr_b0 bundle=bi offset=slave num_read_outstanding=8 num_write_outstanding=8 max_read_burst_length=64 max_write_burst_length=16 depth=((16*1024) / 4)   | ../sources/vanilla/src/core/shell.cpp:202 in mxm_execute_ursa, addr_b0   |
| interface       | mode=m_axi port=casted_c0 bundle=ca offset=slave num_read_outstanding=8 num_write_outstanding=8 max_read_burst_length=64 max_write_burst_length=16 depth=((16*1024) / 4) | ../sources/vanilla/src/core/shell.cpp:206 in mxm_execute_ursa, casted_c0 |
| interface       | mode=s_axilite port=return bundle=ap register                                                                                                                            | ../sources/vanilla/src/core/shell.cpp:210 in mxm_execute_ursa, return    |
| interface       | mode=s_axilite port=a0_p bundle=ap register                                                                                                                              | ../sources/vanilla/src/core/shell.cpp:211 in mxm_execute_ursa, a0_p      |
| interface       | mode=s_axilite port=b0_q bundle=ap register                                                                                                                              | ../sources/vanilla/src/core/shell.cpp:212 in mxm_execute_ursa, b0_q      |
| interface       | mode=s_axilite port=m bundle=ap register                                                                                                                                 | ../sources/vanilla/src/core/shell.cpp:213 in mxm_execute_ursa, m         |
| array_partition | variable=in_a complete dim=1                                                                                                                                             | ../sources/vanilla/src/core/shell.cpp:222 in mxm_execute_ursa, in_a      |
| array_partition | variable=in_b complete dim=1                                                                                                                                             | ../sources/vanilla/src/core/shell.cpp:225 in mxm_execute_ursa, in_b      |
| array_partition | variable=a_buf complete dim=1                                                                                                                                            | ../sources/vanilla/src/core/shell.cpp:230 in mxm_execute_ursa, a_buf     |
| bind_storage    | variable=a_buf type=ram_1p impl=lutram                                                                                                                                   | ../sources/vanilla/src/core/shell.cpp:231 in mxm_execute_ursa, a_buf     |
| array_partition | variable=b_buf complete dim=1                                                                                                                                            | ../sources/vanilla/src/core/shell.cpp:234 in mxm_execute_ursa, b_buf     |
| bind_storage    | variable=b_buf type=ram_1p impl=lutram                                                                                                                                   | ../sources/vanilla/src/core/shell.cpp:235 in mxm_execute_ursa, b_buf     |
| array_partition | variable=sa complete dim=1                                                                                                                                               | ../sources/vanilla/src/core/shell.cpp:238 in mxm_execute_ursa, sa        |
| loop_tripcount  | min=2 max=4 avg=4                                                                                                                                                        | ../sources/vanilla/src/core/shell.cpp:257 in mxm_execute_ursa            |
| loop_tripcount  | min=16 max=64 avg=16                                                                                                                                                     | ../sources/vanilla/src/core/shell.cpp:265 in mxm_execute_ursa            |
| pipeline        | II=1                                                                                                                                                                     | ../sources/vanilla/src/core/shell.cpp:275 in mxm_execute_ursa            |
| loop_tripcount  | min=42 max=150 avg=150                                                                                                                                                   | ../sources/vanilla/src/core/shell.cpp:276 in mxm_execute_ursa            |
+-----------------+--------------------------------------------------------------------------------------------------------------------------------------------------------------------------+--------------------------------------------------------------------------+


