

================================================================
== Vitis HLS Report for 'sa_reset'
================================================================
* Date:           Wed Sep  9 20:18:39 2026

* Version:        2023.2 (Build 4023990 on Oct 11 2023)
* Project:        mxm_execute_ursa
* Solution:       hls (Vivado IP Flow Target)
* Product family: zynq
* Target device:  xc7z020-clg484-1


================================================================
== Performance Estimates
================================================================
+ Timing: 
    * Summary: 
    +--------+----------+----------+------------+
    |  Clock |  Target  | Estimated| Uncertainty|
    +--------+----------+----------+------------+
    |ap_clk  |  10.00 ns|      0 ns|     2.70 ns|
    +--------+----------+----------+------------+

+ Latency: 
    * Summary: 
    +---------+---------+----------+----------+-----+-----+---------+
    |  Latency (cycles) |  Latency (absolute) |  Interval | Pipeline|
    |   min   |   max   |    min   |    max   | min | max |   Type  |
    +---------+---------+----------+----------+-----+-----+---------+
    |        0|        0|      0 ns|      0 ns|    1|    1|      yes|
    +---------+---------+----------+----------+-----+-----+---------+

    + Detail: 
        * Instance: 
        N/A

        * Loop: 
        N/A



================================================================
== Utilization Estimates
================================================================
* Summary: 
+-----------------+---------+-----+--------+-------+-----+
|       Name      | BRAM_18K| DSP |   FF   |  LUT  | URAM|
+-----------------+---------+-----+--------+-------+-----+
|DSP              |        -|    -|       -|      -|    -|
|Expression       |        -|    -|       -|      -|    -|
|FIFO             |        -|    -|       -|      -|    -|
|Instance         |        -|    -|       -|      -|    -|
|Memory           |        -|    -|       -|      -|    -|
|Multiplexer      |        -|    -|       -|      -|    -|
|Register         |        -|    -|       -|      -|    -|
+-----------------+---------+-----+--------+-------+-----+
|Total            |        0|    0|       0|      0|    0|
+-----------------+---------+-----+--------+-------+-----+
|Available        |      280|  220|  106400|  53200|    0|
+-----------------+---------+-----+--------+-------+-----+
|Utilization (%)  |        0|    0|       0|      0|    0|
+-----------------+---------+-----+--------+-------+-----+

+ Detail: 
    * Instance: 
    N/A

    * DSP: 
    N/A

    * Memory: 
    N/A

    * FIFO: 
    N/A

    * Expression: 
    N/A

    * Multiplexer: 
    N/A

    * Register: 
    N/A



================================================================
== Interface
================================================================
* Summary: 
+-------------------------------------------------------------------------------------+-----+-----+------------+------------------------------------------------------------------------------+--------------+
|                                      RTL Ports                                      | Dir | Bits|  Protocol  |                                 Source Object                                |    C Type    |
+-------------------------------------------------------------------------------------+-----+-----+------------+------------------------------------------------------------------------------+--------------+
|ap_ready                                                                             |  out|    1|  ap_ctrl_hs|                                                                      sa_reset|  return value|
|mxm_execute_ursa_signed_char_unsigned_short_unsigned_char_unsigned_short_i_3         |  out|   20|      ap_vld|  mxm_execute_ursa_signed_char_unsigned_short_unsigned_char_unsigned_short_i_3|       pointer|
|mxm_execute_ursa_signed_char_unsigned_short_unsigned_char_unsigned_short_i_3_ap_vld  |  out|    1|      ap_vld|  mxm_execute_ursa_signed_char_unsigned_short_unsigned_char_unsigned_short_i_3|       pointer|
|mxm_execute_ursa_signed_char_unsigned_short_unsigned_char_unsigned_short_i_2         |  out|   20|      ap_vld|  mxm_execute_ursa_signed_char_unsigned_short_unsigned_char_unsigned_short_i_2|       pointer|
|mxm_execute_ursa_signed_char_unsigned_short_unsigned_char_unsigned_short_i_2_ap_vld  |  out|    1|      ap_vld|  mxm_execute_ursa_signed_char_unsigned_short_unsigned_char_unsigned_short_i_2|       pointer|
|mxm_execute_ursa_signed_char_unsigned_short_unsigned_char_unsigned_short_i_1         |  out|   20|      ap_vld|  mxm_execute_ursa_signed_char_unsigned_short_unsigned_char_unsigned_short_i_1|       pointer|
|mxm_execute_ursa_signed_char_unsigned_short_unsigned_char_unsigned_short_i_1_ap_vld  |  out|    1|      ap_vld|  mxm_execute_ursa_signed_char_unsigned_short_unsigned_char_unsigned_short_i_1|       pointer|
|mxm_execute_ursa_signed_char_unsigned_short_unsigned_char_unsigned_short_i           |  out|   20|      ap_vld|    mxm_execute_ursa_signed_char_unsigned_short_unsigned_char_unsigned_short_i|       pointer|
|mxm_execute_ursa_signed_char_unsigned_short_unsigned_char_unsigned_short_i_ap_vld    |  out|    1|      ap_vld|    mxm_execute_ursa_signed_char_unsigned_short_unsigned_char_unsigned_short_i|       pointer|
+-------------------------------------------------------------------------------------+-----+-----+------------+------------------------------------------------------------------------------+--------------+

============================================================
+ Verbose Summary: Synthesis Manager
============================================================
InlineROM: 1
ExposeGlobal: 0
============================================================
+ Verbose Summary: CDFG Model
============================================================
IsTopModel: 0
ResetActiveHigh: 1
IsCombinational: 1
IsDatapathOnly: 2
HasWiredReturn: 1
HasMFsm: 2
HasVarLatency: 0
IsPipeline: 1
IsRtlPipelined: 0
IsInstanceOverlapped: 0
IsDontTouch: 0
HasImplIP: 0
IsGatedGlobalClock: 0

+ Individual pipeline summary: 
  * Pipeline-0: initiation interval (II) = 1, depth = 1


============================================================
+ Verbose Summary: Schedule
============================================================
* Number of FSM states : 1
* Pipeline : 1
  Pipeline-0 : II = 1, D = 1, States = { 1 }
* Dataflow Pipeline: 0

* FSM state transitions: 
1 --> 

* FSM state operations: 

State 1 <SV = 0> <Delay = 0.00>
ST_1 : Operation 2 [1/1] (0.00ns)   --->   "%specpipeline_ln12 = specpipeline void @_ssdm_op_SpecPipeline, i32 1, i32 0, i32 0, i32 0, void @empty_0" [/home/ulisses/Projects/ursa/exp/output-stationary/vitis_component/inp_data/hls_src/core/pe.cpp:12->/home/ulisses/Projects/ursa/exp/output-stationary/vitis_component/inp_data/hls_src/core/sa.cpp:32]   --->   Operation 2 'specpipeline' 'specpipeline_ln12' <Predicate = true> <Delay = 0.00>
ST_1 : Operation 3 [1/1] (0.00ns)   --->   "%store_ln12 = store i20 0, i20 %mxm_execute_ursa_signed_char_unsigned_short_unsigned_char_unsigned_short_i_3" [/home/ulisses/Projects/ursa/exp/output-stationary/vitis_component/inp_data/hls_src/core/pe.cpp:12->/home/ulisses/Projects/ursa/exp/output-stationary/vitis_component/inp_data/hls_src/core/sa.cpp:32]   --->   Operation 3 'store' 'store_ln12' <Predicate = true> <Delay = 0.00>
ST_1 : Operation 4 [1/1] (0.00ns)   --->   "%store_ln12 = store i20 0, i20 %mxm_execute_ursa_signed_char_unsigned_short_unsigned_char_unsigned_short_i_2" [/home/ulisses/Projects/ursa/exp/output-stationary/vitis_component/inp_data/hls_src/core/pe.cpp:12->/home/ulisses/Projects/ursa/exp/output-stationary/vitis_component/inp_data/hls_src/core/sa.cpp:32]   --->   Operation 4 'store' 'store_ln12' <Predicate = true> <Delay = 0.00>
ST_1 : Operation 5 [1/1] (0.00ns)   --->   "%store_ln12 = store i20 0, i20 %mxm_execute_ursa_signed_char_unsigned_short_unsigned_char_unsigned_short_i_1" [/home/ulisses/Projects/ursa/exp/output-stationary/vitis_component/inp_data/hls_src/core/pe.cpp:12->/home/ulisses/Projects/ursa/exp/output-stationary/vitis_component/inp_data/hls_src/core/sa.cpp:32]   --->   Operation 5 'store' 'store_ln12' <Predicate = true> <Delay = 0.00>
ST_1 : Operation 6 [1/1] (0.00ns)   --->   "%store_ln12 = store i20 0, i20 %mxm_execute_ursa_signed_char_unsigned_short_unsigned_char_unsigned_short_i" [/home/ulisses/Projects/ursa/exp/output-stationary/vitis_component/inp_data/hls_src/core/pe.cpp:12->/home/ulisses/Projects/ursa/exp/output-stationary/vitis_component/inp_data/hls_src/core/sa.cpp:32]   --->   Operation 6 'store' 'store_ln12' <Predicate = true> <Delay = 0.00>
ST_1 : Operation 7 [1/1] (0.00ns)   --->   "%ret_ln35 = ret" [/home/ulisses/Projects/ursa/exp/output-stationary/vitis_component/inp_data/hls_src/core/sa.cpp:35]   --->   Operation 7 'ret' 'ret_ln35' <Predicate = true> <Delay = 0.00>


============================================================
+ Verbose Summary: Binding
============================================================
STG Binding: 
---------------- STG Properties BEGIN ----------------
- Is combinational: 1
- Is one-state seq: 0
- Is datapath-only: 0
- Is pipelined: 1
- Is top level: 0
Port [ Return ] is wired: 1; IO mode=ap_ctrl_hs:ce=0
Port [ mxm_execute_ursa_signed_char_unsigned_short_unsigned_char_unsigned_short_i_3]:  wired=1; compound=0; hidden=0; nouse=0; global=1; static=1; extern=0; dir=1; type=0; pingpong=0; private_global=0; IO mode=ap_vld:ce=0
Port [ mxm_execute_ursa_signed_char_unsigned_short_unsigned_char_unsigned_short_i_2]:  wired=1; compound=0; hidden=0; nouse=0; global=1; static=1; extern=0; dir=1; type=0; pingpong=0; private_global=0; IO mode=ap_vld:ce=0
Port [ mxm_execute_ursa_signed_char_unsigned_short_unsigned_char_unsigned_short_i_1]:  wired=1; compound=0; hidden=0; nouse=0; global=1; static=1; extern=0; dir=1; type=0; pingpong=0; private_global=0; IO mode=ap_vld:ce=0
Port [ mxm_execute_ursa_signed_char_unsigned_short_unsigned_char_unsigned_short_i]:  wired=1; compound=0; hidden=0; nouse=0; global=1; static=1; extern=0; dir=1; type=0; pingpong=0; private_global=0; IO mode=ap_vld:ce=0
---------------- STG Properties END ------------------

---------------- Datapath Model BEGIN ----------------

<LifeTime>
<method=bitvector/>
specpipeline_ln12 (specpipeline) [ 00]
store_ln12        (store       ) [ 00]
store_ln12        (store       ) [ 00]
store_ln12        (store       ) [ 00]
store_ln12        (store       ) [ 00]
ret_ln35          (ret         ) [ 00]
</LifeTime>

<model>

<comp_list>
<comp id="0" class="1000" name="mxm_execute_ursa_signed_char_unsigned_short_unsigned_char_unsigned_short_i_3">
<pin_list>
<pin id="1" dir="1" index="0" bw="1" slack="0"/>
</pin_list>
<bind>
<StgValue><ssdm name="mxm_execute_ursa_signed_char_unsigned_short_unsigned_char_unsigned_short_i_3"/></StgValue>
</bind>
</comp>

<comp id="2" class="1000" name="mxm_execute_ursa_signed_char_unsigned_short_unsigned_char_unsigned_short_i_2">
<pin_list>
<pin id="3" dir="1" index="0" bw="1" slack="0"/>
</pin_list>
<bind>
<StgValue><ssdm name="mxm_execute_ursa_signed_char_unsigned_short_unsigned_char_unsigned_short_i_2"/></StgValue>
</bind>
</comp>

<comp id="4" class="1000" name="mxm_execute_ursa_signed_char_unsigned_short_unsigned_char_unsigned_short_i_1">
<pin_list>
<pin id="5" dir="1" index="0" bw="1" slack="0"/>
</pin_list>
<bind>
<StgValue><ssdm name="mxm_execute_ursa_signed_char_unsigned_short_unsigned_char_unsigned_short_i_1"/></StgValue>
</bind>
</comp>

<comp id="6" class="1000" name="mxm_execute_ursa_signed_char_unsigned_short_unsigned_char_unsigned_short_i">
<pin_list>
<pin id="7" dir="1" index="0" bw="1" slack="0"/>
</pin_list>
<bind>
<StgValue><ssdm name="mxm_execute_ursa_signed_char_unsigned_short_unsigned_char_unsigned_short_i"/></StgValue>
</bind>
</comp>

<comp id="8" class="1001" name="const_8">
<pin_list>
<pin id="9" dir="1" index="0" bw="1" slack="2147483647"/>
</pin_list>
<bind>
<StgValue><ssdm name="_ssdm_op_SpecPipeline"/></StgValue>
</bind>
</comp>

<comp id="10" class="1001" name="const_10">
<pin_list>
<pin id="11" dir="1" index="0" bw="1" slack="2147483647"/>
</pin_list>
<bind>
<StgValue><ssdm name=""/></StgValue>
</bind>
</comp>

<comp id="12" class="1001" name="const_12">
<pin_list>
<pin id="13" dir="1" index="0" bw="1" slack="2147483647"/>
</pin_list>
<bind>
<StgValue><ssdm name=""/></StgValue>
</bind>
</comp>

<comp id="14" class="1001" name="const_14">
<pin_list>
<pin id="15" dir="1" index="0" bw="1" slack="2147483647"/>
</pin_list>
<bind>
<StgValue><ssdm name="empty_0"/></StgValue>
</bind>
</comp>

<comp id="16" class="1001" name="const_16">
<pin_list>
<pin id="17" dir="1" index="0" bw="1" slack="0"/>
</pin_list>
<bind>
<StgValue><ssdm name=""/></StgValue>
</bind>
</comp>

<comp id="18" class="1004" name="store_ln12_store_fu_18">
<pin_list>
<pin id="19" dir="0" index="0" bw="1" slack="0"/>
<pin id="20" dir="0" index="1" bw="20" slack="0"/>
<pin id="21" dir="1" index="2" bw="0" slack="2147483647"/>
</pin_list>
<bind>
<opcode="store(28) " fcode="store"/>
<opset="store_ln12/1 "/>
</bind>
</comp>

<comp id="24" class="1004" name="store_ln12_store_fu_24">
<pin_list>
<pin id="25" dir="0" index="0" bw="1" slack="0"/>
<pin id="26" dir="0" index="1" bw="20" slack="0"/>
<pin id="27" dir="1" index="2" bw="0" slack="2147483647"/>
</pin_list>
<bind>
<opcode="store(28) " fcode="store"/>
<opset="store_ln12/1 "/>
</bind>
</comp>

<comp id="30" class="1004" name="store_ln12_store_fu_30">
<pin_list>
<pin id="31" dir="0" index="0" bw="1" slack="0"/>
<pin id="32" dir="0" index="1" bw="20" slack="0"/>
<pin id="33" dir="1" index="2" bw="0" slack="2147483647"/>
</pin_list>
<bind>
<opcode="store(28) " fcode="store"/>
<opset="store_ln12/1 "/>
</bind>
</comp>

<comp id="36" class="1004" name="store_ln12_store_fu_36">
<pin_list>
<pin id="37" dir="0" index="0" bw="1" slack="0"/>
<pin id="38" dir="0" index="1" bw="20" slack="0"/>
<pin id="39" dir="1" index="2" bw="0" slack="2147483647"/>
</pin_list>
<bind>
<opcode="store(28) " fcode="store"/>
<opset="store_ln12/1 "/>
</bind>
</comp>

</comp_list>

<net_list>
<net id="22"><net_src comp="16" pin="0"/><net_sink comp="18" pin=0"/></net>

<net id="23"><net_src comp="0" pin="0"/><net_sink comp="18" pin=1"/></net>

<net id="28"><net_src comp="16" pin="0"/><net_sink comp="24" pin=0"/></net>

<net id="29"><net_src comp="2" pin="0"/><net_sink comp="24" pin=1"/></net>

<net id="34"><net_src comp="16" pin="0"/><net_sink comp="30" pin=0"/></net>

<net id="35"><net_src comp="4" pin="0"/><net_sink comp="30" pin=1"/></net>

<net id="40"><net_src comp="16" pin="0"/><net_sink comp="36" pin=0"/></net>

<net id="41"><net_src comp="6" pin="0"/><net_sink comp="36" pin=1"/></net>

</net_list>

</model> 
---------------- Datapath Model END ------------------

* FSMD analyzer results:
  - Output states:
	Port: mxm_execute_ursa_signed_char_unsigned_short_unsigned_char_unsigned_short_i_3 | {1 }
	Port: mxm_execute_ursa_signed_char_unsigned_short_unsigned_char_unsigned_short_i_2 | {1 }
	Port: mxm_execute_ursa_signed_char_unsigned_short_unsigned_char_unsigned_short_i_1 | {1 }
	Port: mxm_execute_ursa_signed_char_unsigned_short_unsigned_char_unsigned_short_i | {1 }
 - Input state : 
	Port: sa_reset : mxm_execute_ursa_signed_char_unsigned_short_unsigned_char_unsigned_short_i_3 | {}
	Port: sa_reset : mxm_execute_ursa_signed_char_unsigned_short_unsigned_char_unsigned_short_i_2 | {}
	Port: sa_reset : mxm_execute_ursa_signed_char_unsigned_short_unsigned_char_unsigned_short_i_1 | {}
	Port: sa_reset : mxm_execute_ursa_signed_char_unsigned_short_unsigned_char_unsigned_short_i | {}
  - Chain level:
	State 1


============================================================
+ Verbose Summary: Datapath Resource usage 
============================================================

* Functional unit list:
|----------|----------------|
| Operation| Functional Unit|
|----------|----------------|
|   Total  |                |
|----------|----------------|

Memories:
N/A

* Register list:
N/A

* Multiplexer (MUX) list: 
|--------|------|------|------|--------|
|  Comp  |  Pin | Size |  BW  | S x BW |
|--------|------|------|------|--------|
|  Total |      |      |      |    0   |
|--------|------|------|------|--------|



* Summary:
+-----------+
|           |
+-----------+
|  Function |
|   Memory  |
|Multiplexer|
|  Register |
+-----------+
|   Total   |
+-----------+
