Thu Sep 24 13:31:41 2026: Running xcd server. This server was built by gradle.
Thu Sep 24 13:31:41 2026: Server was asked to start on port: '45477'
Thu Sep 24 13:31:41 2026: Server is using token UUID: 'babfb6bf-fc6b-42c1-8ff4-cb08407d357a'
Thu Sep 24 13:31:41 2026: SESSION_MGR: creating session with session uuid: '6d04a3e9-ade5-4ab9-8d63-1f78fcd2ec76' and name 'default'
Thu Sep 24 13:31:41 2026: Attempting to start server on port '45477'
Thu Sep 24 13:31:41 2026: XCD main fifo: created main fifo '/tmp/xcdmainbabfb6bf-fc6b-42c1-8ff4-cb08407d357a', fd read = 13
Thu Sep 24 13:31:41 2026: Running Dispatch Server
Thu Sep 24 13:31:41 2026: Version 2.2.0
Thu Sep 24 13:31:43 2026: Dispatch Server: Accepted socket connection from client
Thu Sep 24 13:31:43 2026: Starting Socket connection
Thu Sep 24 13:31:43 2026: EXCHANGE_TOKEN received, server token: babfb6bf-fc6b-42c1-8ff4-cb08407d357a, passed token: babfb6bf-fc6b-42c1-8ff4-cb08407d357a
Thu Sep 24 13:31:43 2026: DISPATCH_HANDLER: Adding handler from function makeHandler in library libxv_system_diagram
Thu Sep 24 13:31:43 2026: SESSION_MGR: creating session with session uuid: '392187b8-be8b-44ba-82be-29681745c8e7' and name 'vitis-run_compile_mxm_execute_ursa'
Thu Sep 24 13:31:43 2026: KERNEL_SVC: creating session with uuid: '392187b8-be8b-44ba-82be-29681745c8e7' and name 'vitis-run_compile_mxm_execute_ursa'
Thu Sep 24 13:31:43 2026: GUIDANCE_SMGR: creating guidance session with uuid: '392187b8-be8b-44ba-82be-29681745c8e7' and name 'vitis-run_compile_mxm_execute_ursa'
Thu Sep 24 13:31:43 2026: SYSTEM_DIAGRAM: creating session with uuid: '392187b8-be8b-44ba-82be-29681745c8e7' and name 'vitis-run_compile_mxm_execute_ursa'
Thu Sep 24 13:31:45 2026: Dispatch Server: Accepted socket connection from client
Thu Sep 24 13:31:45 2026: Starting Socket connection
Thu Sep 24 13:31:45 2026: SESSION_MGR: closing session for UUID '392187b8-be8b-44ba-82be-29681745c8e7' with name 'vitis-run_compile_mxm_execute_ursa'
Thu Sep 24 13:31:45 2026: KERNEL_SVC: closing session for UUID '392187b8-be8b-44ba-82be-29681745c8e7' with name 'vitis-run_compile_mxm_execute_ursa'
Thu Sep 24 13:31:45 2026: GUIDANCE_SMGR: closing session for UUID '392187b8-be8b-44ba-82be-29681745c8e7' with name 'vitis-run_compile_mxm_execute_ursa'
Thu Sep 24 13:31:45 2026: SYSTEM_DIAGRAM: closing session for UUID '392187b8-be8b-44ba-82be-29681745c8e7' with name 'vitis-run_compile_mxm_execute_ursa'
Thu Sep 24 13:31:45 2026: STOP_SERVER received, server token: babfb6bf-fc6b-42c1-8ff4-cb08407d357a, passed token: babfb6bf-fc6b-42c1-8ff4-cb08407d357a
Thu Sep 24 13:31:45 2026: Socket received request to stop server.
Thu Sep 24 13:31:45 2026: Dispatch Server: do_await_stop
Thu Sep 24 13:31:45 2026: Dispatch Server: stopping mainFifo_
Thu Sep 24 13:31:45 2026: XCD main fifo: Stopping
Thu Sep 24 13:31:45 2026: XCD main fifo: do_read error code: Operation canceled
Thu Sep 24 13:31:45 2026: XCD main fifo: bytes_transferred: 0
Thu Sep 24 13:31:45 2026: SERVER: destructor for server bound to port 45477
Thu Sep 24 13:31:45 2026: XCD main fifo: Good unlink of /tmp/xcdmainbabfb6bf-fc6b-42c1-8ff4-cb08407d357a
Thu Sep 24 13:31:45 2026: Server exiting with status 0.
Thu Sep 24 13:31:45 2026: Closing log file.
Thu Sep 24 13:57:14 2026: Running xcd server. This server was built by gradle.
Thu Sep 24 13:57:14 2026: Server was asked to start on port: '38789'
Thu Sep 24 13:57:14 2026: Server is using token UUID: '318306bb-4de2-45ef-8a68-247f62b96676'
Thu Sep 24 13:57:14 2026: SESSION_MGR: creating session with session uuid: '6d04a3e9-ade5-4ab9-8d63-1f78fcd2ec76' and name 'default'
Thu Sep 24 13:57:14 2026: Attempting to start server on port '38789'
Thu Sep 24 13:57:14 2026: XCD main fifo: created main fifo '/tmp/xcdmain318306bb-4de2-45ef-8a68-247f62b96676', fd read = 13
Thu Sep 24 13:57:14 2026: Running Dispatch Server
Thu Sep 24 13:57:14 2026: Version 2.2.0
Thu Sep 24 13:57:16 2026: Dispatch Server: Accepted socket connection from client
Thu Sep 24 13:57:16 2026: Starting Socket connection
Thu Sep 24 13:57:16 2026: EXCHANGE_TOKEN received, server token: 318306bb-4de2-45ef-8a68-247f62b96676, passed token: 318306bb-4de2-45ef-8a68-247f62b96676
Thu Sep 24 13:57:16 2026: DISPATCH_HANDLER: Adding handler from function makeHandler in library libxv_system_diagram
Thu Sep 24 13:57:16 2026: SESSION_MGR: creating session with session uuid: '26498d00-aa19-43c2-be1d-f6d15f8ae896' and name 'vitis-run_compile_mxm_execute_ursa'
Thu Sep 24 13:57:16 2026: KERNEL_SVC: creating session with uuid: '26498d00-aa19-43c2-be1d-f6d15f8ae896' and name 'vitis-run_compile_mxm_execute_ursa'
Thu Sep 24 13:57:16 2026: GUIDANCE_SMGR: creating guidance session with uuid: '26498d00-aa19-43c2-be1d-f6d15f8ae896' and name 'vitis-run_compile_mxm_execute_ursa'
Thu Sep 24 13:57:16 2026: SYSTEM_DIAGRAM: creating session with uuid: '26498d00-aa19-43c2-be1d-f6d15f8ae896' and name 'vitis-run_compile_mxm_execute_ursa'
Thu Sep 24 13:57:18 2026: Dispatch Server: Accepted socket connection from client
Thu Sep 24 13:57:18 2026: Starting Socket connection
Thu Sep 24 13:57:18 2026: SESSION_MGR: closing session for UUID '26498d00-aa19-43c2-be1d-f6d15f8ae896' with name 'vitis-run_compile_mxm_execute_ursa'
Thu Sep 24 13:57:18 2026: KERNEL_SVC: closing session for UUID '26498d00-aa19-43c2-be1d-f6d15f8ae896' with name 'vitis-run_compile_mxm_execute_ursa'
Thu Sep 24 13:57:18 2026: GUIDANCE_SMGR: closing session for UUID '26498d00-aa19-43c2-be1d-f6d15f8ae896' with name 'vitis-run_compile_mxm_execute_ursa'
Thu Sep 24 13:57:18 2026: SYSTEM_DIAGRAM: closing session for UUID '26498d00-aa19-43c2-be1d-f6d15f8ae896' with name 'vitis-run_compile_mxm_execute_ursa'
Thu Sep 24 13:57:18 2026: STOP_SERVER received, server token: 318306bb-4de2-45ef-8a68-247f62b96676, passed token: 318306bb-4de2-45ef-8a68-247f62b96676
Thu Sep 24 13:57:18 2026: Socket received request to stop server.
Thu Sep 24 13:57:18 2026: Dispatch Server: do_await_stop
Thu Sep 24 13:57:18 2026: Dispatch Server: stopping mainFifo_
Thu Sep 24 13:57:18 2026: XCD main fifo: Stopping
Thu Sep 24 13:57:18 2026: XCD main fifo: do_read error code: Operation canceled
Thu Sep 24 13:57:18 2026: XCD main fifo: bytes_transferred: 0
Thu Sep 24 13:57:18 2026: SERVER: destructor for server bound to port 38789
Thu Sep 24 13:57:18 2026: XCD main fifo: Good unlink of /tmp/xcdmain318306bb-4de2-45ef-8a68-247f62b96676
Thu Sep 24 13:57:18 2026: Server exiting with status 0.
Thu Sep 24 13:57:18 2026: Closing log file.
Thu Sep 24 14:06:25 2026: Running xcd server. This server was built by gradle.
Thu Sep 24 14:06:25 2026: Server was asked to start on port: '40207'
Thu Sep 24 14:06:25 2026: Server is using token UUID: '0b1a8340-8cd0-4763-8a0b-25b91fc74165'
Thu Sep 24 14:06:25 2026: SESSION_MGR: creating session with session uuid: '6d04a3e9-ade5-4ab9-8d63-1f78fcd2ec76' and name 'default'
Thu Sep 24 14:06:25 2026: Attempting to start server on port '40207'
Thu Sep 24 14:06:25 2026: XCD main fifo: created main fifo '/tmp/xcdmain0b1a8340-8cd0-4763-8a0b-25b91fc74165', fd read = 13
Thu Sep 24 14:06:25 2026: Running Dispatch Server
Thu Sep 24 14:06:25 2026: Version 2.2.0
Thu Sep 24 14:06:27 2026: Dispatch Server: Accepted socket connection from client
Thu Sep 24 14:06:27 2026: Starting Socket connection
Thu Sep 24 14:06:27 2026: EXCHANGE_TOKEN received, server token: 0b1a8340-8cd0-4763-8a0b-25b91fc74165, passed token: 0b1a8340-8cd0-4763-8a0b-25b91fc74165
Thu Sep 24 14:06:27 2026: DISPATCH_HANDLER: Adding handler from function makeHandler in library libxv_system_diagram
Thu Sep 24 14:06:27 2026: SESSION_MGR: creating session with session uuid: '4a8d0822-83b7-4195-a946-579f77dffd95' and name 'vitis-run_compile_mxm_execute_ursa'
Thu Sep 24 14:06:27 2026: KERNEL_SVC: creating session with uuid: '4a8d0822-83b7-4195-a946-579f77dffd95' and name 'vitis-run_compile_mxm_execute_ursa'
Thu Sep 24 14:06:27 2026: GUIDANCE_SMGR: creating guidance session with uuid: '4a8d0822-83b7-4195-a946-579f77dffd95' and name 'vitis-run_compile_mxm_execute_ursa'
Thu Sep 24 14:06:27 2026: SYSTEM_DIAGRAM: creating session with uuid: '4a8d0822-83b7-4195-a946-579f77dffd95' and name 'vitis-run_compile_mxm_execute_ursa'
Thu Sep 24 14:06:28 2026: Dispatch Server: Accepted socket connection from client
Thu Sep 24 14:06:28 2026: Starting Socket connection
Thu Sep 24 14:06:33 2026: SESSION_MGR: closing session for UUID '4a8d0822-83b7-4195-a946-579f77dffd95' with name 'vitis-run_compile_mxm_execute_ursa'
Thu Sep 24 14:06:33 2026: KERNEL_SVC: closing session for UUID '4a8d0822-83b7-4195-a946-579f77dffd95' with name 'vitis-run_compile_mxm_execute_ursa'
Thu Sep 24 14:06:33 2026: GUIDANCE_SMGR: closing session for UUID '4a8d0822-83b7-4195-a946-579f77dffd95' with name 'vitis-run_compile_mxm_execute_ursa'
Thu Sep 24 14:06:33 2026: SYSTEM_DIAGRAM: closing session for UUID '4a8d0822-83b7-4195-a946-579f77dffd95' with name 'vitis-run_compile_mxm_execute_ursa'
Thu Sep 24 14:06:33 2026: STOP_SERVER received, server token: 0b1a8340-8cd0-4763-8a0b-25b91fc74165, passed token: 0b1a8340-8cd0-4763-8a0b-25b91fc74165
Thu Sep 24 14:06:33 2026: Socket received request to stop server.
Thu Sep 24 14:06:33 2026: Dispatch Server: do_await_stop
Thu Sep 24 14:06:33 2026: Dispatch Server: stopping mainFifo_
Thu Sep 24 14:06:33 2026: XCD main fifo: Stopping
Thu Sep 24 14:06:33 2026: XCD main fifo: do_read error code: Operation canceled
Thu Sep 24 14:06:33 2026: XCD main fifo: bytes_transferred: 0
Thu Sep 24 14:06:33 2026: SERVER: destructor for server bound to port 40207
Thu Sep 24 14:06:33 2026: XCD main fifo: Good unlink of /tmp/xcdmain0b1a8340-8cd0-4763-8a0b-25b91fc74165
Thu Sep 24 14:06:33 2026: Server exiting with status 0.
Thu Sep 24 14:06:33 2026: Closing log file.
Thu Sep 24 14:09:33 2026: Running xcd server. This server was built by gradle.
Thu Sep 24 14:09:33 2026: Server was asked to start on port: '40483'
Thu Sep 24 14:09:33 2026: Server is using token UUID: '2408ed58-83af-431c-886c-0efb54253d58'
Thu Sep 24 14:09:33 2026: SESSION_MGR: creating session with session uuid: '6d04a3e9-ade5-4ab9-8d63-1f78fcd2ec76' and name 'default'
Thu Sep 24 14:09:33 2026: Attempting to start server on port '40483'
Thu Sep 24 14:09:33 2026: XCD main fifo: created main fifo '/tmp/xcdmain2408ed58-83af-431c-886c-0efb54253d58', fd read = 13
Thu Sep 24 14:09:33 2026: Running Dispatch Server
Thu Sep 24 14:09:33 2026: Version 2.2.0
Thu Sep 24 14:09:35 2026: Dispatch Server: Accepted socket connection from client
Thu Sep 24 14:09:35 2026: Starting Socket connection
Thu Sep 24 14:09:35 2026: EXCHANGE_TOKEN received, server token: 2408ed58-83af-431c-886c-0efb54253d58, passed token: 2408ed58-83af-431c-886c-0efb54253d58
Thu Sep 24 14:09:35 2026: DISPATCH_HANDLER: Adding handler from function makeHandler in library libxv_system_diagram
Thu Sep 24 14:09:35 2026: SESSION_MGR: creating session with session uuid: '94a3b647-1212-4be0-a432-3ace67f9109d' and name 'v++_compile_mxm_execute_ursa'
Thu Sep 24 14:09:35 2026: KERNEL_SVC: creating session with uuid: '94a3b647-1212-4be0-a432-3ace67f9109d' and name 'v++_compile_mxm_execute_ursa'
Thu Sep 24 14:09:35 2026: GUIDANCE_SMGR: creating guidance session with uuid: '94a3b647-1212-4be0-a432-3ace67f9109d' and name 'v++_compile_mxm_execute_ursa'
Thu Sep 24 14:09:35 2026: SYSTEM_DIAGRAM: creating session with uuid: '94a3b647-1212-4be0-a432-3ace67f9109d' and name 'v++_compile_mxm_execute_ursa'
Thu Sep 24 14:09:37 2026: Dispatch Server: Accepted socket connection from client
Thu Sep 24 14:09:37 2026: Starting Socket connection
Thu Sep 24 14:09:54 2026: SESSION_MGR: closing session for UUID '94a3b647-1212-4be0-a432-3ace67f9109d' with name 'v++_compile_mxm_execute_ursa'
Thu Sep 24 14:09:54 2026: KERNEL_SVC: closing session for UUID '94a3b647-1212-4be0-a432-3ace67f9109d' with name 'v++_compile_mxm_execute_ursa'
Thu Sep 24 14:09:54 2026: GUIDANCE_SMGR: closing session for UUID '94a3b647-1212-4be0-a432-3ace67f9109d' with name 'v++_compile_mxm_execute_ursa'
Thu Sep 24 14:09:54 2026: SYSTEM_DIAGRAM: closing session for UUID '94a3b647-1212-4be0-a432-3ace67f9109d' with name 'v++_compile_mxm_execute_ursa'
Thu Sep 24 14:09:54 2026: STOP_SERVER received, server token: 2408ed58-83af-431c-886c-0efb54253d58, passed token: 2408ed58-83af-431c-886c-0efb54253d58
Thu Sep 24 14:09:54 2026: Socket received request to stop server.
Thu Sep 24 14:09:54 2026: Dispatch Server: do_await_stop
Thu Sep 24 14:09:54 2026: Dispatch Server: stopping mainFifo_
Thu Sep 24 14:09:54 2026: XCD main fifo: Stopping
Thu Sep 24 14:09:54 2026: XCD main fifo: do_read error code: Operation canceled
Thu Sep 24 14:09:54 2026: XCD main fifo: bytes_transferred: 0
Thu Sep 24 14:09:54 2026: SERVER: destructor for server bound to port 40483
Thu Sep 24 14:09:54 2026: XCD main fifo: Good unlink of /tmp/xcdmain2408ed58-83af-431c-886c-0efb54253d58
Thu Sep 24 14:09:54 2026: Server exiting with status 0.
Thu Sep 24 14:09:54 2026: Closing log file.
Thu Sep 24 14:12:52 2026: Running xcd server. This server was built by gradle.
Thu Sep 24 14:12:52 2026: Server was asked to start on port: '39263'
Thu Sep 24 14:12:52 2026: Server is using token UUID: '5f3d1d98-9e00-4099-a50d-9e3534acc6b0'
Thu Sep 24 14:12:52 2026: SESSION_MGR: creating session with session uuid: '6d04a3e9-ade5-4ab9-8d63-1f78fcd2ec76' and name 'default'
Thu Sep 24 14:12:52 2026: Attempting to start server on port '39263'
Thu Sep 24 14:12:52 2026: XCD main fifo: created main fifo '/tmp/xcdmain5f3d1d98-9e00-4099-a50d-9e3534acc6b0', fd read = 13
Thu Sep 24 14:12:52 2026: Running Dispatch Server
Thu Sep 24 14:12:52 2026: Version 2.2.0
Thu Sep 24 14:12:54 2026: Dispatch Server: Accepted socket connection from client
Thu Sep 24 14:12:54 2026: Starting Socket connection
Thu Sep 24 14:12:54 2026: EXCHANGE_TOKEN received, server token: 5f3d1d98-9e00-4099-a50d-9e3534acc6b0, passed token: 5f3d1d98-9e00-4099-a50d-9e3534acc6b0
Thu Sep 24 14:12:54 2026: DISPATCH_HANDLER: Adding handler from function makeHandler in library libxv_system_diagram
Thu Sep 24 14:12:54 2026: SESSION_MGR: creating session with session uuid: 'ce27e7b2-bcbd-4c07-92d5-5f76b1553666' and name 'vitis-run_compile_mxm_execute_ursa'
Thu Sep 24 14:12:54 2026: KERNEL_SVC: creating session with uuid: 'ce27e7b2-bcbd-4c07-92d5-5f76b1553666' and name 'vitis-run_compile_mxm_execute_ursa'
Thu Sep 24 14:12:54 2026: GUIDANCE_SMGR: creating guidance session with uuid: 'ce27e7b2-bcbd-4c07-92d5-5f76b1553666' and name 'vitis-run_compile_mxm_execute_ursa'
Thu Sep 24 14:12:54 2026: SYSTEM_DIAGRAM: creating session with uuid: 'ce27e7b2-bcbd-4c07-92d5-5f76b1553666' and name 'vitis-run_compile_mxm_execute_ursa'
Thu Sep 24 14:12:56 2026: Dispatch Server: Accepted socket connection from client
Thu Sep 24 14:12:56 2026: Starting Socket connection
Thu Sep 24 14:12:56 2026: SESSION_MGR: closing session for UUID 'ce27e7b2-bcbd-4c07-92d5-5f76b1553666' with name 'vitis-run_compile_mxm_execute_ursa'
Thu Sep 24 14:12:56 2026: KERNEL_SVC: closing session for UUID 'ce27e7b2-bcbd-4c07-92d5-5f76b1553666' with name 'vitis-run_compile_mxm_execute_ursa'
Thu Sep 24 14:12:56 2026: GUIDANCE_SMGR: closing session for UUID 'ce27e7b2-bcbd-4c07-92d5-5f76b1553666' with name 'vitis-run_compile_mxm_execute_ursa'
Thu Sep 24 14:12:56 2026: SYSTEM_DIAGRAM: closing session for UUID 'ce27e7b2-bcbd-4c07-92d5-5f76b1553666' with name 'vitis-run_compile_mxm_execute_ursa'
Thu Sep 24 14:12:56 2026: STOP_SERVER received, server token: 5f3d1d98-9e00-4099-a50d-9e3534acc6b0, passed token: 5f3d1d98-9e00-4099-a50d-9e3534acc6b0
Thu Sep 24 14:12:56 2026: Socket received request to stop server.
Thu Sep 24 14:12:56 2026: Dispatch Server: do_await_stop
Thu Sep 24 14:12:56 2026: Dispatch Server: stopping mainFifo_
Thu Sep 24 14:12:56 2026: XCD main fifo: Stopping
Thu Sep 24 14:12:56 2026: XCD main fifo: do_read error code: Operation canceled
Thu Sep 24 14:12:56 2026: XCD main fifo: bytes_transferred: 0
Thu Sep 24 14:12:56 2026: SERVER: destructor for server bound to port 39263
Thu Sep 24 14:12:56 2026: XCD main fifo: Good unlink of /tmp/xcdmain5f3d1d98-9e00-4099-a50d-9e3534acc6b0
Thu Sep 24 14:12:56 2026: Server exiting with status 0.
Thu Sep 24 14:12:56 2026: Closing log file.
Thu Sep 24 14:13:24 2026: Running xcd server. This server was built by gradle.
Thu Sep 24 14:13:24 2026: Server was asked to start on port: '35911'
Thu Sep 24 14:13:24 2026: Server is using token UUID: '378c180c-9b57-43d4-9e08-c491d5c19593'
Thu Sep 24 14:13:24 2026: SESSION_MGR: creating session with session uuid: '6d04a3e9-ade5-4ab9-8d63-1f78fcd2ec76' and name 'default'
Thu Sep 24 14:13:24 2026: Attempting to start server on port '35911'
Thu Sep 24 14:13:24 2026: XCD main fifo: created main fifo '/tmp/xcdmain378c180c-9b57-43d4-9e08-c491d5c19593', fd read = 13
Thu Sep 24 14:13:24 2026: Running Dispatch Server
Thu Sep 24 14:13:24 2026: Version 2.2.0
Thu Sep 24 14:13:26 2026: Dispatch Server: Accepted socket connection from client
Thu Sep 24 14:13:26 2026: Starting Socket connection
Thu Sep 24 14:13:26 2026: EXCHANGE_TOKEN received, server token: 378c180c-9b57-43d4-9e08-c491d5c19593, passed token: 378c180c-9b57-43d4-9e08-c491d5c19593
Thu Sep 24 14:13:26 2026: DISPATCH_HANDLER: Adding handler from function makeHandler in library libxv_system_diagram
Thu Sep 24 14:13:26 2026: SESSION_MGR: creating session with session uuid: 'a1a0ca0e-1228-4e37-b735-ccd979f22288' and name 'vitis-run_compile_mxm_execute_ursa'
Thu Sep 24 14:13:26 2026: KERNEL_SVC: creating session with uuid: 'a1a0ca0e-1228-4e37-b735-ccd979f22288' and name 'vitis-run_compile_mxm_execute_ursa'
Thu Sep 24 14:13:26 2026: GUIDANCE_SMGR: creating guidance session with uuid: 'a1a0ca0e-1228-4e37-b735-ccd979f22288' and name 'vitis-run_compile_mxm_execute_ursa'
Thu Sep 24 14:13:26 2026: SYSTEM_DIAGRAM: creating session with uuid: 'a1a0ca0e-1228-4e37-b735-ccd979f22288' and name 'vitis-run_compile_mxm_execute_ursa'
Thu Sep 24 14:13:27 2026: Dispatch Server: Accepted socket connection from client
Thu Sep 24 14:13:27 2026: Starting Socket connection
Thu Sep 24 14:13:28 2026: SESSION_MGR: closing session for UUID 'a1a0ca0e-1228-4e37-b735-ccd979f22288' with name 'vitis-run_compile_mxm_execute_ursa'
Thu Sep 24 14:13:28 2026: KERNEL_SVC: closing session for UUID 'a1a0ca0e-1228-4e37-b735-ccd979f22288' with name 'vitis-run_compile_mxm_execute_ursa'
Thu Sep 24 14:13:28 2026: GUIDANCE_SMGR: closing session for UUID 'a1a0ca0e-1228-4e37-b735-ccd979f22288' with name 'vitis-run_compile_mxm_execute_ursa'
Thu Sep 24 14:13:28 2026: SYSTEM_DIAGRAM: closing session for UUID 'a1a0ca0e-1228-4e37-b735-ccd979f22288' with name 'vitis-run_compile_mxm_execute_ursa'
Thu Sep 24 14:13:28 2026: STOP_SERVER received, server token: 378c180c-9b57-43d4-9e08-c491d5c19593, passed token: 378c180c-9b57-43d4-9e08-c491d5c19593
Thu Sep 24 14:13:28 2026: Socket received request to stop server.
Thu Sep 24 14:13:28 2026: Dispatch Server: do_await_stop
Thu Sep 24 14:13:28 2026: Dispatch Server: stopping mainFifo_
Thu Sep 24 14:13:28 2026: XCD main fifo: Stopping
Thu Sep 24 14:13:28 2026: XCD main fifo: do_read error code: Operation canceled
Thu Sep 24 14:13:28 2026: XCD main fifo: bytes_transferred: 0
Thu Sep 24 14:13:28 2026: SERVER: destructor for server bound to port 35911
Thu Sep 24 14:13:28 2026: XCD main fifo: Good unlink of /tmp/xcdmain378c180c-9b57-43d4-9e08-c491d5c19593
Thu Sep 24 14:13:28 2026: Server exiting with status 0.
Thu Sep 24 14:13:28 2026: Closing log file.
Thu Sep 24 14:16:36 2026: Running xcd server. This server was built by gradle.
Thu Sep 24 14:16:36 2026: Server was asked to start on port: '43005'
Thu Sep 24 14:16:36 2026: Server is using token UUID: '185b7d68-d694-43fd-a846-126a4655a349'
Thu Sep 24 14:16:36 2026: SESSION_MGR: creating session with session uuid: '6d04a3e9-ade5-4ab9-8d63-1f78fcd2ec76' and name 'default'
Thu Sep 24 14:16:36 2026: Attempting to start server on port '43005'
Thu Sep 24 14:16:36 2026: XCD main fifo: created main fifo '/tmp/xcdmain185b7d68-d694-43fd-a846-126a4655a349', fd read = 13
Thu Sep 24 14:16:36 2026: Running Dispatch Server
Thu Sep 24 14:16:36 2026: Version 2.2.0
Thu Sep 24 14:16:38 2026: Dispatch Server: Accepted socket connection from client
Thu Sep 24 14:16:38 2026: Starting Socket connection
Thu Sep 24 14:16:38 2026: EXCHANGE_TOKEN received, server token: 185b7d68-d694-43fd-a846-126a4655a349, passed token: 185b7d68-d694-43fd-a846-126a4655a349
Thu Sep 24 14:16:38 2026: DISPATCH_HANDLER: Adding handler from function makeHandler in library libxv_system_diagram
Thu Sep 24 14:16:38 2026: SESSION_MGR: creating session with session uuid: '33562ac7-e4ff-404d-8417-f6900556bbc1' and name 'vitis-run_compile_mxm_execute_ursa'
Thu Sep 24 14:16:38 2026: KERNEL_SVC: creating session with uuid: '33562ac7-e4ff-404d-8417-f6900556bbc1' and name 'vitis-run_compile_mxm_execute_ursa'
Thu Sep 24 14:16:38 2026: GUIDANCE_SMGR: creating guidance session with uuid: '33562ac7-e4ff-404d-8417-f6900556bbc1' and name 'vitis-run_compile_mxm_execute_ursa'
Thu Sep 24 14:16:38 2026: SYSTEM_DIAGRAM: creating session with uuid: '33562ac7-e4ff-404d-8417-f6900556bbc1' and name 'vitis-run_compile_mxm_execute_ursa'
Thu Sep 24 14:16:39 2026: Dispatch Server: Accepted socket connection from client
Thu Sep 24 14:16:39 2026: Starting Socket connection
Thu Sep 24 14:16:40 2026: SESSION_MGR: closing session for UUID '33562ac7-e4ff-404d-8417-f6900556bbc1' with name 'vitis-run_compile_mxm_execute_ursa'
Thu Sep 24 14:16:40 2026: KERNEL_SVC: closing session for UUID '33562ac7-e4ff-404d-8417-f6900556bbc1' with name 'vitis-run_compile_mxm_execute_ursa'
Thu Sep 24 14:16:40 2026: GUIDANCE_SMGR: closing session for UUID '33562ac7-e4ff-404d-8417-f6900556bbc1' with name 'vitis-run_compile_mxm_execute_ursa'
Thu Sep 24 14:16:40 2026: SYSTEM_DIAGRAM: closing session for UUID '33562ac7-e4ff-404d-8417-f6900556bbc1' with name 'vitis-run_compile_mxm_execute_ursa'
Thu Sep 24 14:16:40 2026: STOP_SERVER received, server token: 185b7d68-d694-43fd-a846-126a4655a349, passed token: 185b7d68-d694-43fd-a846-126a4655a349
Thu Sep 24 14:16:40 2026: Socket received request to stop server.
Thu Sep 24 14:16:40 2026: Dispatch Server: do_await_stop
Thu Sep 24 14:16:40 2026: Dispatch Server: stopping mainFifo_
Thu Sep 24 14:16:40 2026: XCD main fifo: Stopping
Thu Sep 24 14:16:40 2026: XCD main fifo: do_read error code: Operation canceled
Thu Sep 24 14:16:40 2026: XCD main fifo: bytes_transferred: 0
Thu Sep 24 14:16:40 2026: SERVER: destructor for server bound to port 43005
Thu Sep 24 14:16:40 2026: XCD main fifo: Good unlink of /tmp/xcdmain185b7d68-d694-43fd-a846-126a4655a349
Thu Sep 24 14:16:40 2026: Server exiting with status 0.
Thu Sep 24 14:16:40 2026: Closing log file.
Thu Sep 24 14:25:43 2026: Running xcd server. This server was built by gradle.
Thu Sep 24 14:25:43 2026: Server was asked to start on port: '44117'
Thu Sep 24 14:25:43 2026: Server is using token UUID: 'bc2a51aa-fe84-4ec2-b378-616ba68ece8b'
Thu Sep 24 14:25:43 2026: SESSION_MGR: creating session with session uuid: '6d04a3e9-ade5-4ab9-8d63-1f78fcd2ec76' and name 'default'
Thu Sep 24 14:25:43 2026: Attempting to start server on port '44117'
Thu Sep 24 14:25:43 2026: XCD main fifo: created main fifo '/tmp/xcdmainbc2a51aa-fe84-4ec2-b378-616ba68ece8b', fd read = 13
Thu Sep 24 14:25:43 2026: Running Dispatch Server
Thu Sep 24 14:25:43 2026: Version 2.2.0
Thu Sep 24 14:25:45 2026: Dispatch Server: Accepted socket connection from client
Thu Sep 24 14:25:45 2026: Starting Socket connection
Thu Sep 24 14:25:45 2026: EXCHANGE_TOKEN received, server token: bc2a51aa-fe84-4ec2-b378-616ba68ece8b, passed token: bc2a51aa-fe84-4ec2-b378-616ba68ece8b
Thu Sep 24 14:25:45 2026: DISPATCH_HANDLER: Adding handler from function makeHandler in library libxv_system_diagram
Thu Sep 24 14:25:45 2026: SESSION_MGR: creating session with session uuid: '88f31aaf-3fa6-4512-967d-0268800d9eaf' and name 'vitis-run_compile_mxm_execute_ursa'
Thu Sep 24 14:25:45 2026: KERNEL_SVC: creating session with uuid: '88f31aaf-3fa6-4512-967d-0268800d9eaf' and name 'vitis-run_compile_mxm_execute_ursa'
Thu Sep 24 14:25:45 2026: GUIDANCE_SMGR: creating guidance session with uuid: '88f31aaf-3fa6-4512-967d-0268800d9eaf' and name 'vitis-run_compile_mxm_execute_ursa'
Thu Sep 24 14:25:45 2026: SYSTEM_DIAGRAM: creating session with uuid: '88f31aaf-3fa6-4512-967d-0268800d9eaf' and name 'vitis-run_compile_mxm_execute_ursa'
Thu Sep 24 14:25:46 2026: Dispatch Server: Accepted socket connection from client
Thu Sep 24 14:25:46 2026: Starting Socket connection
Thu Sep 24 14:25:49 2026: SESSION_MGR: closing session for UUID '88f31aaf-3fa6-4512-967d-0268800d9eaf' with name 'vitis-run_compile_mxm_execute_ursa'
Thu Sep 24 14:25:49 2026: KERNEL_SVC: closing session for UUID '88f31aaf-3fa6-4512-967d-0268800d9eaf' with name 'vitis-run_compile_mxm_execute_ursa'
Thu Sep 24 14:25:49 2026: GUIDANCE_SMGR: closing session for UUID '88f31aaf-3fa6-4512-967d-0268800d9eaf' with name 'vitis-run_compile_mxm_execute_ursa'
Thu Sep 24 14:25:49 2026: SYSTEM_DIAGRAM: closing session for UUID '88f31aaf-3fa6-4512-967d-0268800d9eaf' with name 'vitis-run_compile_mxm_execute_ursa'
Thu Sep 24 14:25:49 2026: STOP_SERVER received, server token: bc2a51aa-fe84-4ec2-b378-616ba68ece8b, passed token: bc2a51aa-fe84-4ec2-b378-616ba68ece8b
Thu Sep 24 14:25:49 2026: Socket received request to stop server.
Thu Sep 24 14:25:49 2026: Dispatch Server: do_await_stop
Thu Sep 24 14:25:49 2026: Dispatch Server: stopping mainFifo_
Thu Sep 24 14:25:49 2026: XCD main fifo: Stopping
Thu Sep 24 14:25:49 2026: XCD main fifo: do_read error code: Operation canceled
Thu Sep 24 14:25:49 2026: XCD main fifo: bytes_transferred: 0
Thu Sep 24 14:25:49 2026: SERVER: destructor for server bound to port 44117
Thu Sep 24 14:25:49 2026: XCD main fifo: Good unlink of /tmp/xcdmainbc2a51aa-fe84-4ec2-b378-616ba68ece8b
Thu Sep 24 14:25:49 2026: Server exiting with status 0.
Thu Sep 24 14:25:49 2026: Closing log file.
Thu Sep 24 14:32:01 2026: Running xcd server. This server was built by gradle.
Thu Sep 24 14:32:01 2026: Server was asked to start on port: '33479'
Thu Sep 24 14:32:01 2026: Server is using token UUID: 'd13e21fe-206d-444b-904b-9c0d69889b07'
Thu Sep 24 14:32:01 2026: SESSION_MGR: creating session with session uuid: '6d04a3e9-ade5-4ab9-8d63-1f78fcd2ec76' and name 'default'
Thu Sep 24 14:32:01 2026: Attempting to start server on port '33479'
Thu Sep 24 14:32:01 2026: XCD main fifo: created main fifo '/tmp/xcdmaind13e21fe-206d-444b-904b-9c0d69889b07', fd read = 13
Thu Sep 24 14:32:01 2026: Running Dispatch Server
Thu Sep 24 14:32:01 2026: Version 2.2.0
Thu Sep 24 14:32:03 2026: Dispatch Server: Accepted socket connection from client
Thu Sep 24 14:32:03 2026: Starting Socket connection
Thu Sep 24 14:32:03 2026: EXCHANGE_TOKEN received, server token: d13e21fe-206d-444b-904b-9c0d69889b07, passed token: d13e21fe-206d-444b-904b-9c0d69889b07
Thu Sep 24 14:32:03 2026: DISPATCH_HANDLER: Adding handler from function makeHandler in library libxv_system_diagram
Thu Sep 24 14:32:03 2026: SESSION_MGR: creating session with session uuid: '12077085-e5e5-4f83-8ba1-b548554e3a42' and name 'v++_compile_mxm_execute_ursa'
Thu Sep 24 14:32:03 2026: KERNEL_SVC: creating session with uuid: '12077085-e5e5-4f83-8ba1-b548554e3a42' and name 'v++_compile_mxm_execute_ursa'
Thu Sep 24 14:32:03 2026: GUIDANCE_SMGR: creating guidance session with uuid: '12077085-e5e5-4f83-8ba1-b548554e3a42' and name 'v++_compile_mxm_execute_ursa'
Thu Sep 24 14:32:03 2026: SYSTEM_DIAGRAM: creating session with uuid: '12077085-e5e5-4f83-8ba1-b548554e3a42' and name 'v++_compile_mxm_execute_ursa'
Thu Sep 24 14:32:05 2026: Dispatch Server: Accepted socket connection from client
Thu Sep 24 14:32:05 2026: Starting Socket connection
Thu Sep 24 14:32:22 2026: SESSION_MGR: closing session for UUID '12077085-e5e5-4f83-8ba1-b548554e3a42' with name 'v++_compile_mxm_execute_ursa'
Thu Sep 24 14:32:22 2026: KERNEL_SVC: closing session for UUID '12077085-e5e5-4f83-8ba1-b548554e3a42' with name 'v++_compile_mxm_execute_ursa'
Thu Sep 24 14:32:22 2026: GUIDANCE_SMGR: closing session for UUID '12077085-e5e5-4f83-8ba1-b548554e3a42' with name 'v++_compile_mxm_execute_ursa'
Thu Sep 24 14:32:22 2026: SYSTEM_DIAGRAM: closing session for UUID '12077085-e5e5-4f83-8ba1-b548554e3a42' with name 'v++_compile_mxm_execute_ursa'
Thu Sep 24 14:32:22 2026: STOP_SERVER received, server token: d13e21fe-206d-444b-904b-9c0d69889b07, passed token: d13e21fe-206d-444b-904b-9c0d69889b07
Thu Sep 24 14:32:22 2026: Socket received request to stop server.
Thu Sep 24 14:32:22 2026: Dispatch Server: do_await_stop
Thu Sep 24 14:32:22 2026: Dispatch Server: stopping mainFifo_
Thu Sep 24 14:32:22 2026: XCD main fifo: Stopping
Thu Sep 24 14:32:22 2026: XCD main fifo: do_read error code: Operation canceled
Thu Sep 24 14:32:22 2026: XCD main fifo: bytes_transferred: 0
Thu Sep 24 14:32:22 2026: SERVER: destructor for server bound to port 33479
Thu Sep 24 14:32:22 2026: XCD main fifo: Good unlink of /tmp/xcdmaind13e21fe-206d-444b-904b-9c0d69889b07
Thu Sep 24 14:32:22 2026: Server exiting with status 0.
Thu Sep 24 14:32:22 2026: Closing log file.
Thu Sep 24 14:32:29 2026: Running xcd server. This server was built by gradle.
Thu Sep 24 14:32:29 2026: Server was asked to start on port: '36099'
Thu Sep 24 14:32:29 2026: Server is using token UUID: '25317d5c-7576-424f-8fac-b9a8e4126eef'
Thu Sep 24 14:32:29 2026: SESSION_MGR: creating session with session uuid: '6d04a3e9-ade5-4ab9-8d63-1f78fcd2ec76' and name 'default'
Thu Sep 24 14:32:29 2026: Attempting to start server on port '36099'
Thu Sep 24 14:32:29 2026: XCD main fifo: created main fifo '/tmp/xcdmain25317d5c-7576-424f-8fac-b9a8e4126eef', fd read = 13
Thu Sep 24 14:32:29 2026: Running Dispatch Server
Thu Sep 24 14:32:29 2026: Version 2.2.0
Thu Sep 24 14:32:31 2026: Dispatch Server: Accepted socket connection from client
Thu Sep 24 14:32:31 2026: Starting Socket connection
Thu Sep 24 14:32:31 2026: EXCHANGE_TOKEN received, server token: 25317d5c-7576-424f-8fac-b9a8e4126eef, passed token: 25317d5c-7576-424f-8fac-b9a8e4126eef
Thu Sep 24 14:32:31 2026: DISPATCH_HANDLER: Adding handler from function makeHandler in library libxv_system_diagram
Thu Sep 24 14:32:31 2026: SESSION_MGR: creating session with session uuid: '72b4c9bb-4473-4687-ac3a-e471b48a0c71' and name 'vitis-run_compile_mxm_execute_ursa'
Thu Sep 24 14:32:31 2026: KERNEL_SVC: creating session with uuid: '72b4c9bb-4473-4687-ac3a-e471b48a0c71' and name 'vitis-run_compile_mxm_execute_ursa'
Thu Sep 24 14:32:31 2026: GUIDANCE_SMGR: creating guidance session with uuid: '72b4c9bb-4473-4687-ac3a-e471b48a0c71' and name 'vitis-run_compile_mxm_execute_ursa'
Thu Sep 24 14:32:31 2026: SYSTEM_DIAGRAM: creating session with uuid: '72b4c9bb-4473-4687-ac3a-e471b48a0c71' and name 'vitis-run_compile_mxm_execute_ursa'
Thu Sep 24 14:32:33 2026: Dispatch Server: Accepted socket connection from client
Thu Sep 24 14:32:33 2026: Starting Socket connection
Thu Sep 24 14:32:51 2026: SESSION_MGR: closing session for UUID '72b4c9bb-4473-4687-ac3a-e471b48a0c71' with name 'vitis-run_compile_mxm_execute_ursa'
Thu Sep 24 14:32:51 2026: KERNEL_SVC: closing session for UUID '72b4c9bb-4473-4687-ac3a-e471b48a0c71' with name 'vitis-run_compile_mxm_execute_ursa'
Thu Sep 24 14:32:51 2026: GUIDANCE_SMGR: closing session for UUID '72b4c9bb-4473-4687-ac3a-e471b48a0c71' with name 'vitis-run_compile_mxm_execute_ursa'
Thu Sep 24 14:32:51 2026: SYSTEM_DIAGRAM: closing session for UUID '72b4c9bb-4473-4687-ac3a-e471b48a0c71' with name 'vitis-run_compile_mxm_execute_ursa'
Thu Sep 24 14:32:51 2026: STOP_SERVER received, server token: 25317d5c-7576-424f-8fac-b9a8e4126eef, passed token: 25317d5c-7576-424f-8fac-b9a8e4126eef
Thu Sep 24 14:32:51 2026: Socket received request to stop server.
Thu Sep 24 14:32:51 2026: Dispatch Server: do_await_stop
Thu Sep 24 14:32:51 2026: Dispatch Server: stopping mainFifo_
Thu Sep 24 14:32:51 2026: XCD main fifo: Stopping
Thu Sep 24 14:32:51 2026: XCD main fifo: do_read error code: Operation canceled
Thu Sep 24 14:32:51 2026: XCD main fifo: bytes_transferred: 0
Thu Sep 24 14:32:51 2026: SERVER: destructor for server bound to port 36099
Thu Sep 24 14:32:51 2026: XCD main fifo: Good unlink of /tmp/xcdmain25317d5c-7576-424f-8fac-b9a8e4126eef
Thu Sep 24 14:32:51 2026: Server exiting with status 0.
Thu Sep 24 14:32:51 2026: Closing log file.
