INFO: [vitis-run 60-1548] Creating build summary session with primary output /home/ulisses/Projects/ursa/exp/output-stationary/vitis/hls_ursa_vanilla/mxm_execute_ursa/mxm_execute_ursa.hlsrun_cosim_summary, at Wed Sep  9 18:44:43 2026
INFO: [vitis-run 82-31] Launching vitis_hls: vitis_hls -nolog -run cosim -work_dir /home/ulisses/Projects/ursa/exp/output-stationary/vitis/hls_ursa_vanilla/mxm_execute_ursa -config /home/ulisses/Projects/ursa/exp/output-stationary/vitis/hls_ursa_vanilla/hls_config.cfg -cmdlineconfig /home/ulisses/Projects/ursa/exp/output-stationary/vitis/hls_ursa_vanilla/mxm_execute_ursa/hls/config.cmdline

****** Vitis HLS - High-Level Synthesis from C, C++ and OpenCL v2023.2 (64-bit)
  **** SW Build 4023990 on Oct 11 2023
  **** IP Build 4028589 on Sat Oct 14 00:45:43 MDT 2023
  **** SharedData Build 4025554 on Tue Oct 10 17:18:54 MDT 2023
    ** Copyright 1986-2022 Xilinx, Inc. All Rights Reserved.
    ** Copyright 2022-2023 Advanced Micro Devices, Inc. All Rights Reserved.

source /opt/Xilinx/Vitis_HLS/2023.2/scripts/vitis_hls/hls.tcl -notrace
INFO: [HLS 200-10] Running '/opt/Xilinx/Vitis_HLS/2023.2/bin/unwrapped/lnx64.o/vitis_hls'
INFO: [HLS 200-10] For user 'ulisses' on host 'ulisses-thinkpad' (Linux_x86_64 version 6.8.0-138-generic) on Wed Sep 09 18:44:44 -03 2026
INFO: [HLS 200-10] On os Ubuntu 22.04.5 LTS
INFO: [HLS 200-10] In directory '/home/ulisses/Projects/ursa/exp/output-stationary/vitis/hls_ursa_vanilla'
INFO: [HLS 200-1909] Reading HLS ini file /home/ulisses/Projects/ursa/exp/output-stationary/vitis/hls_ursa_vanilla/hls_config.cfg
INFO: [HLS 200-1909] Reading HLS ini file /home/ulisses/Projects/ursa/exp/output-stationary/vitis/hls_ursa_vanilla/mxm_execute_ursa/hls/config.cmdline
INFO: [HLS 200-2005] Using work_dir /home/ulisses/Projects/ursa/exp/output-stationary/vitis/hls_ursa_vanilla/mxm_execute_ursa 
INFO: [HLS 200-1510] Running: open_project /home/ulisses/Projects/ursa/exp/output-stationary/vitis/hls_ursa_vanilla/mxm_execute_ursa -diskless 
INFO: [HLS 200-1510] Running: open_solution hls 
INFO: [HLS 200-1505] Using default flow_target 'vivado'
Resolution: For help on HLS 200-1505 see docs.xilinx.com/access/sources/dita/topic?Doc_Version=2023.2%20English&url=ug1448-hls-guidance&resourceid=200-1505.html
INFO: [HLS 200-1510] Running: apply_ini /home/ulisses/Projects/ursa/exp/output-stationary/vitis/hls_ursa_vanilla/hls_config.cfg 
INFO: [HLS 200-1909] Reading HLS ini file /home/ulisses/Projects/ursa/exp/output-stationary/vitis/hls_ursa_vanilla/hls_config.cfg
INFO: [HLS 200-1465] Applying ini 'syn.file=/home/ulisses/Projects/ursa/exp/output-stationary/vitis_component/inp_data/hls_src/core/shell.h' at /home/ulisses/Projects/ursa/exp/output-stationary/vitis/hls_ursa_vanilla/hls_config.cfg(7)
INFO: [HLS 200-10] Adding design file '/home/ulisses/Projects/ursa/exp/output-stationary/vitis_component/inp_data/hls_src/core/shell.h' to the project
INFO: [HLS 200-1465] Applying ini 'syn.file=/home/ulisses/Projects/ursa/exp/output-stationary/vitis_component/inp_data/hls_src/core/shell.cpp' at /home/ulisses/Projects/ursa/exp/output-stationary/vitis/hls_ursa_vanilla/hls_config.cfg(8)
INFO: [HLS 200-10] Adding design file '/home/ulisses/Projects/ursa/exp/output-stationary/vitis_component/inp_data/hls_src/core/shell.cpp' to the project
INFO: [HLS 200-1465] Applying ini 'syn.file=/home/ulisses/Projects/ursa/exp/output-stationary/vitis_component/inp_data/hls_src/core/sa.h' at /home/ulisses/Projects/ursa/exp/output-stationary/vitis/hls_ursa_vanilla/hls_config.cfg(9)
INFO: [HLS 200-10] Adding design file '/home/ulisses/Projects/ursa/exp/output-stationary/vitis_component/inp_data/hls_src/core/sa.h' to the project
INFO: [HLS 200-1465] Applying ini 'syn.file=/home/ulisses/Projects/ursa/exp/output-stationary/vitis_component/inp_data/hls_src/core/sa.cpp' at /home/ulisses/Projects/ursa/exp/output-stationary/vitis/hls_ursa_vanilla/hls_config.cfg(10)
INFO: [HLS 200-10] Adding design file '/home/ulisses/Projects/ursa/exp/output-stationary/vitis_component/inp_data/hls_src/core/sa.cpp' to the project
INFO: [HLS 200-1465] Applying ini 'syn.file=/home/ulisses/Projects/ursa/exp/output-stationary/vitis_component/inp_data/hls_src/core/pe.h' at /home/ulisses/Projects/ursa/exp/output-stationary/vitis/hls_ursa_vanilla/hls_config.cfg(11)
INFO: [HLS 200-10] Adding design file '/home/ulisses/Projects/ursa/exp/output-stationary/vitis_component/inp_data/hls_src/core/pe.h' to the project
INFO: [HLS 200-1465] Applying ini 'syn.file=/home/ulisses/Projects/ursa/exp/output-stationary/vitis_component/inp_data/hls_src/core/pe.cpp' at /home/ulisses/Projects/ursa/exp/output-stationary/vitis/hls_ursa_vanilla/hls_config.cfg(12)
INFO: [HLS 200-10] Adding design file '/home/ulisses/Projects/ursa/exp/output-stationary/vitis_component/inp_data/hls_src/core/pe.cpp' to the project
INFO: [HLS 200-1465] Applying ini 'syn.file=/home/ulisses/Projects/ursa/exp/output-stationary/vitis_component/inp_data/hls_src/settings.h' at /home/ulisses/Projects/ursa/exp/output-stationary/vitis/hls_ursa_vanilla/hls_config.cfg(13)
INFO: [HLS 200-10] Adding design file '/home/ulisses/Projects/ursa/exp/output-stationary/vitis_component/inp_data/hls_src/settings.h' to the project
INFO: [HLS 200-1465] Applying ini 'tb.file=/home/ulisses/Projects/ursa/exp/output-stationary/vitis_component/inp_data/hls_tb/simple_mxm/tb_main.cpp' at /home/ulisses/Projects/ursa/exp/output-stationary/vitis/hls_ursa_vanilla/hls_config.cfg(14)
INFO: [HLS 200-10] Adding test bench file '/home/ulisses/Projects/ursa/exp/output-stationary/vitis_component/inp_data/hls_tb/simple_mxm/tb_main.cpp' to the project
INFO: [HLS 200-1465] Applying ini 'tb.file=/home/ulisses/Projects/ursa/exp/output-stationary/vitis_component/inp_data/hls_tb/simple_mxm/matrices.h' at /home/ulisses/Projects/ursa/exp/output-stationary/vitis/hls_ursa_vanilla/hls_config.cfg(15)
INFO: [HLS 200-10] Adding test bench file '/home/ulisses/Projects/ursa/exp/output-stationary/vitis_component/inp_data/hls_tb/simple_mxm/matrices.h' to the project
INFO: [HLS 200-1465] Applying ini 'tb.file=/home/ulisses/Projects/ursa/exp/output-stationary/vitis_component/inp_data/hls_tb/simple_mxm/matrices.cpp' at /home/ulisses/Projects/ursa/exp/output-stationary/vitis/hls_ursa_vanilla/hls_config.cfg(16)
INFO: [HLS 200-10] Adding test bench file '/home/ulisses/Projects/ursa/exp/output-stationary/vitis_component/inp_data/hls_tb/simple_mxm/matrices.cpp' to the project
INFO: [HLS 200-1465] Applying ini 'syn.top=mxm_execute_ursa' at /home/ulisses/Projects/ursa/exp/output-stationary/vitis/hls_ursa_vanilla/hls_config.cfg(17)
INFO: [HLS 200-1465] Applying ini 'flow_target=vivado' at /home/ulisses/Projects/ursa/exp/output-stationary/vitis/hls_ursa_vanilla/hls_config.cfg(4)
INFO: [HLS 200-1505] Using flow_target 'vivado'
Resolution: For help on HLS 200-1505 see docs.xilinx.com/access/sources/dita/topic?Doc_Version=2023.2%20English&url=ug1448-hls-guidance&resourceid=200-1505.html
INFO: [HLS 200-1465] Applying ini 'part=xc7z020clg484-1' at /home/ulisses/Projects/ursa/exp/output-stationary/vitis/hls_ursa_vanilla/hls_config.cfg(1)
INFO: [HLS 200-1611] Setting target device to 'xc7z020-clg484-1'
INFO: [HLS 200-1465] Applying ini 'clock=10' at /home/ulisses/Projects/ursa/exp/output-stationary/vitis/hls_ursa_vanilla/hls_config.cfg(18)
INFO: [SYN 201-201] Setting up clock 'default' with a period of 10ns.
INFO: [HLS 200-1465] Applying ini 'package.ip.display_name=ursa_vanilla_8x8' at /home/ulisses/Projects/ursa/exp/output-stationary/vitis/hls_ursa_vanilla/hls_config.cfg(22)
INFO: [HLS 200-1465] Applying ini 'package.output.format=ip_catalog' at /home/ulisses/Projects/ursa/exp/output-stationary/vitis/hls_ursa_vanilla/hls_config.cfg(5)
INFO: [HLS 200-1465] Applying ini 'syn.interface.m_axi_addr64=0' at /home/ulisses/Projects/ursa/exp/output-stationary/vitis/hls_ursa_vanilla/hls_config.cfg(21)
INFO: [HLS 200-1465] Applying ini 'syn.interface.m_axi_max_bitwidth=32' at /home/ulisses/Projects/ursa/exp/output-stationary/vitis/hls_ursa_vanilla/hls_config.cfg(20)
INFO: [HLS 200-1510] Running: apply_ini /home/ulisses/Projects/ursa/exp/output-stationary/vitis/hls_ursa_vanilla/mxm_execute_ursa/hls/config.cmdline 
INFO: [HLS 200-1909] Reading HLS ini file /home/ulisses/Projects/ursa/exp/output-stationary/vitis/hls_ursa_vanilla/mxm_execute_ursa/hls/config.cmdline
INFO: [HLS 200-1510] Running: cosim_design 
INFO: [COSIM 212-47] Using XSIM for RTL simulation.
INFO: [COSIM 212-14] Instrumenting C test bench ...
   Build using "/opt/Xilinx/Vitis_HLS/2023.2/tps/lnx64/gcc-8.3.0/bin/g++"
   Compiling apatb_mxm_execute_ursa.cpp
   Compiling matrices.cpp_pre.cpp.tb.cpp
   Compiling pe.cpp_pre.cpp.tb.cpp
   Compiling sa.cpp_pre.cpp.tb.cpp
   Compiling shell.cpp_pre.cpp.tb.cpp
   Compiling tb_main.cpp_pre.cpp.tb.cpp
   Compiling apatb_mxm_execute_ursa_ir.ll
   Generating cosim.tv.exe
INFO: [COSIM 212-302] Starting C TB testing ... 
[PASS] URSA output matches gold!
INFO: [COSIM 212-333] Generating C post check test bench ...
INFO: [COSIM 212-12] Generating RTL test bench ...
INFO: [COSIM 212-1] *** C/RTL co-simulation file generation completed. ***
INFO: [COSIM 212-323] Starting verilog simulation. 
INFO: [COSIM 212-15] Starting XSIM ...
Vivado Simulator v2023.2
Copyright 1986-2022 Xilinx, Inc. All Rights Reserved.
Copyright 2022-2023 Advanced Micro Devices, Inc. All Rights Reserved.
Running: /opt/Xilinx/Vivado/2023.2/bin/unwrapped/lnx64.o/xelab xil_defaultlib.apatb_mxm_execute_ursa_top glbl -Oenable_linking_all_libraries -prj mxm_execute_ursa.prj -L smartconnect_v1_0 -L axi_protocol_checker_v1_1_12 -L axi_protocol_checker_v1_1_13 -L axis_protocol_checker_v1_1_11 -L axis_protocol_checker_v1_1_12 -L xil_defaultlib -L unisims_ver -L xpm -L floating_point_v7_1_16 -L floating_point_v7_0_21 --lib ieee_proposed=./ieee_proposed -s mxm_execute_ursa 
Multi-threading is on. Using 10 slave threads.
WARNING: [XSIM 43-3431] One or more environment variables have been detected which affect the operation of the C compiler. These are typically not set in standard installations and are not tested by AMD, however they may be appropriate for your system, so the flow will attempt to continue.  If errors occur, try running xelab with the "-mt off -v 1" switches to see more information from the C compiler. The following environment variables have been detected:
    LIBRARY_PATH
INFO: [VRFC 10-2263] Analyzing SystemVerilog file "/home/ulisses/Projects/ursa/exp/output-stationary/vitis/hls_ursa_vanilla/mxm_execute_ursa/hls/sim/verilog/glbl.v" into library work
INFO: [VRFC 10-311] analyzing module glbl
INFO: [VRFC 10-2263] Analyzing SystemVerilog file "/home/ulisses/Projects/ursa/exp/output-stationary/vitis/hls_ursa_vanilla/mxm_execute_ursa/hls/sim/verilog/AESL_axi_master_ca.v" into library xil_defaultlib
INFO: [VRFC 10-311] analyzing module AESL_axi_master_ca
INFO: [VRFC 10-2263] Analyzing SystemVerilog file "/home/ulisses/Projects/ursa/exp/output-stationary/vitis/hls_ursa_vanilla/mxm_execute_ursa/hls/sim/verilog/mxm_execute_ursa_sa_reset.v" into library xil_defaultlib
INFO: [VRFC 10-311] analyzing module mxm_execute_ursa_sa_reset
INFO: [VRFC 10-2263] Analyzing SystemVerilog file "/home/ulisses/Projects/ursa/exp/output-stationary/vitis/hls_ursa_vanilla/mxm_execute_ursa/hls/sim/verilog/mxm_execute_ursa_ca_m_axi.v" into library xil_defaultlib
INFO: [VRFC 10-311] analyzing module mxm_execute_ursa_ca_m_axi
INFO: [VRFC 10-311] analyzing module mxm_execute_ursa_ca_m_axi_load
INFO: [VRFC 10-311] analyzing module mxm_execute_ursa_ca_m_axi_store
INFO: [VRFC 10-311] analyzing module mxm_execute_ursa_ca_m_axi_read
INFO: [VRFC 10-311] analyzing module mxm_execute_ursa_ca_m_axi_write
INFO: [VRFC 10-311] analyzing module mxm_execute_ursa_ca_m_axi_burst_converter
INFO: [VRFC 10-311] analyzing module mxm_execute_ursa_ca_m_axi_throttle
INFO: [VRFC 10-311] analyzing module mxm_execute_ursa_ca_m_axi_reg_slice
INFO: [VRFC 10-311] analyzing module mxm_execute_ursa_ca_m_axi_fifo
INFO: [VRFC 10-311] analyzing module mxm_execute_ursa_ca_m_axi_srl
INFO: [VRFC 10-311] analyzing module mxm_execute_ursa_ca_m_axi_mem
INFO: [VRFC 10-2263] Analyzing SystemVerilog file "/home/ulisses/Projects/ursa/exp/output-stationary/vitis/hls_ursa_vanilla/mxm_execute_ursa/hls/sim/verilog/mxm_execute_ursa_ap_s_axi.v" into library xil_defaultlib
INFO: [VRFC 10-311] analyzing module mxm_execute_ursa_ap_s_axi
INFO: [VRFC 10-2263] Analyzing SystemVerilog file "/home/ulisses/Projects/ursa/exp/output-stationary/vitis/hls_ursa_vanilla/mxm_execute_ursa/hls/sim/verilog/AESL_axi_master_bi.v" into library xil_defaultlib
INFO: [VRFC 10-311] analyzing module AESL_axi_master_bi
INFO: [VRFC 10-2263] Analyzing SystemVerilog file "/home/ulisses/Projects/ursa/exp/output-stationary/vitis/hls_ursa_vanilla/mxm_execute_ursa/hls/sim/verilog/mxm_execute_ursa_mac_muladd_8s_8ns_20s_20_4_1.v" into library xil_defaultlib
INFO: [VRFC 10-311] analyzing module mxm_execute_ursa_mac_muladd_8s_8ns_20s_20_4_1_DSP48_1
INFO: [VRFC 10-311] analyzing module mxm_execute_ursa_mac_muladd_8s_8ns_20s_20_4_1
INFO: [VRFC 10-2263] Analyzing SystemVerilog file "/home/ulisses/Projects/ursa/exp/output-stationary/vitis/hls_ursa_vanilla/mxm_execute_ursa/hls/sim/verilog/mxm_execute_ursa_mac_muladd_8ns_8s_20s_20_4_1.v" into library xil_defaultlib
INFO: [VRFC 10-311] analyzing module mxm_execute_ursa_mac_muladd_8ns_8s_20s_20_4_1_DSP48_0
INFO: [VRFC 10-311] analyzing module mxm_execute_ursa_mac_muladd_8ns_8s_20s_20_4_1
INFO: [VRFC 10-2263] Analyzing SystemVerilog file "/home/ulisses/Projects/ursa/exp/output-stationary/vitis/hls_ursa_vanilla/mxm_execute_ursa/hls/sim/verilog/mxm_execute_ursa_control_s_axi.v" into library xil_defaultlib
INFO: [VRFC 10-311] analyzing module mxm_execute_ursa_control_s_axi
INFO: [VRFC 10-2263] Analyzing SystemVerilog file "/home/ulisses/Projects/ursa/exp/output-stationary/vitis/hls_ursa_vanilla/mxm_execute_ursa/hls/sim/verilog/mxm_execute_ursa.v" into library xil_defaultlib
INFO: [VRFC 10-311] analyzing module mxm_execute_ursa
INFO: [VRFC 10-2263] Analyzing SystemVerilog file "/home/ulisses/Projects/ursa/exp/output-stationary/vitis/hls_ursa_vanilla/mxm_execute_ursa/hls/sim/verilog/AESL_axi_slave_control.v" into library xil_defaultlib
INFO: [VRFC 10-311] analyzing module AESL_axi_slave_control
INFO: [VRFC 10-2263] Analyzing SystemVerilog file "/home/ulisses/Projects/ursa/exp/output-stationary/vitis/hls_ursa_vanilla/mxm_execute_ursa/hls/sim/verilog/mxm_execute_ursa_sa_store.v" into library xil_defaultlib
INFO: [VRFC 10-311] analyzing module mxm_execute_ursa_sa_store
INFO: [VRFC 10-2263] Analyzing SystemVerilog file "/home/ulisses/Projects/ursa/exp/output-stationary/vitis/hls_ursa_vanilla/mxm_execute_ursa/hls/sim/verilog/mxm_execute_ursa_bi_m_axi.v" into library xil_defaultlib
INFO: [VRFC 10-311] analyzing module mxm_execute_ursa_bi_m_axi
INFO: [VRFC 10-311] analyzing module mxm_execute_ursa_bi_m_axi_load
INFO: [VRFC 10-311] analyzing module mxm_execute_ursa_bi_m_axi_store
INFO: [VRFC 10-311] analyzing module mxm_execute_ursa_bi_m_axi_read
INFO: [VRFC 10-311] analyzing module mxm_execute_ursa_bi_m_axi_write
INFO: [VRFC 10-311] analyzing module mxm_execute_ursa_bi_m_axi_burst_converter
INFO: [VRFC 10-311] analyzing module mxm_execute_ursa_bi_m_axi_throttle
INFO: [VRFC 10-311] analyzing module mxm_execute_ursa_bi_m_axi_reg_slice
INFO: [VRFC 10-311] analyzing module mxm_execute_ursa_bi_m_axi_fifo
INFO: [VRFC 10-311] analyzing module mxm_execute_ursa_bi_m_axi_srl
INFO: [VRFC 10-311] analyzing module mxm_execute_ursa_bi_m_axi_mem
INFO: [VRFC 10-2263] Analyzing SystemVerilog file "/home/ulisses/Projects/ursa/exp/output-stationary/vitis/hls_ursa_vanilla/mxm_execute_ursa/hls/sim/verilog/mxm_execute_ursa_mul_17s_16ns_32_1_1.v" into library xil_defaultlib
INFO: [VRFC 10-311] analyzing module mxm_execute_ursa_mul_17s_16ns_32_1_1
INFO: [VRFC 10-2263] Analyzing SystemVerilog file "/home/ulisses/Projects/ursa/exp/output-stationary/vitis/hls_ursa_vanilla/mxm_execute_ursa/hls/sim/verilog/mxm_execute_ursa_mxm_execute_ursa_Pipeline_VITIS_LOOP_138_3.v" into library xil_defaultlib
INFO: [VRFC 10-311] analyzing module mxm_execute_ursa_mxm_execute_ursa_Pipeline_VITIS_LOOP_138_3
INFO: [VRFC 10-2263] Analyzing SystemVerilog file "/home/ulisses/Projects/ursa/exp/output-stationary/vitis/hls_ursa_vanilla/mxm_execute_ursa/hls/sim/verilog/mxm_execute_ursa.autotb.v" into library xil_defaultlib
INFO: [VRFC 10-311] analyzing module apatb_mxm_execute_ursa_top
INFO: [VRFC 10-2263] Analyzing SystemVerilog file "/home/ulisses/Projects/ursa/exp/output-stationary/vitis/hls_ursa_vanilla/mxm_execute_ursa/hls/sim/verilog/mxm_execute_ursa_aw_m_axi.v" into library xil_defaultlib
INFO: [VRFC 10-311] analyzing module mxm_execute_ursa_aw_m_axi
INFO: [VRFC 10-311] analyzing module mxm_execute_ursa_aw_m_axi_load
INFO: [VRFC 10-311] analyzing module mxm_execute_ursa_aw_m_axi_store
INFO: [VRFC 10-311] analyzing module mxm_execute_ursa_aw_m_axi_read
INFO: [VRFC 10-311] analyzing module mxm_execute_ursa_aw_m_axi_write
INFO: [VRFC 10-311] analyzing module mxm_execute_ursa_aw_m_axi_burst_converter
INFO: [VRFC 10-311] analyzing module mxm_execute_ursa_aw_m_axi_throttle
INFO: [VRFC 10-311] analyzing module mxm_execute_ursa_aw_m_axi_reg_slice
INFO: [VRFC 10-311] analyzing module mxm_execute_ursa_aw_m_axi_fifo
INFO: [VRFC 10-311] analyzing module mxm_execute_ursa_aw_m_axi_srl
INFO: [VRFC 10-311] analyzing module mxm_execute_ursa_aw_m_axi_mem
INFO: [VRFC 10-2263] Analyzing SystemVerilog file "/home/ulisses/Projects/ursa/exp/output-stationary/vitis/hls_ursa_vanilla/mxm_execute_ursa/hls/sim/verilog/mxm_execute_ursa_mul_15ns_16ns_29_1_1.v" into library xil_defaultlib
INFO: [VRFC 10-311] analyzing module mxm_execute_ursa_mul_15ns_16ns_29_1_1
INFO: [VRFC 10-2263] Analyzing SystemVerilog file "/home/ulisses/Projects/ursa/exp/output-stationary/vitis/hls_ursa_vanilla/mxm_execute_ursa/hls/sim/verilog/mxm_execute_ursa_mul_15ns_16ns_31_1_1.v" into library xil_defaultlib
INFO: [VRFC 10-311] analyzing module mxm_execute_ursa_mul_15ns_16ns_31_1_1
INFO: [VRFC 10-2263] Analyzing SystemVerilog file "/home/ulisses/Projects/ursa/exp/output-stationary/vitis/hls_ursa_vanilla/mxm_execute_ursa/hls/sim/verilog/AESL_axi_master_aw.v" into library xil_defaultlib
INFO: [VRFC 10-311] analyzing module AESL_axi_master_aw
INFO: [VRFC 10-2263] Analyzing SystemVerilog file "/home/ulisses/Projects/ursa/exp/output-stationary/vitis/hls_ursa_vanilla/mxm_execute_ursa/hls/sim/verilog/AESL_axi_slave_ap.v" into library xil_defaultlib
INFO: [VRFC 10-311] analyzing module AESL_axi_slave_ap
INFO: [VRFC 10-2263] Analyzing SystemVerilog file "/home/ulisses/Projects/ursa/exp/output-stationary/vitis/hls_ursa_vanilla/mxm_execute_ursa/hls/sim/verilog/mxm_execute_ursa_flow_control_loop_pipe_sequential_init.v" into library xil_defaultlib
INFO: [VRFC 10-311] analyzing module mxm_execute_ursa_flow_control_loop_pipe_sequential_init
INFO: [VRFC 10-2263] Analyzing SystemVerilog file "/home/ulisses/Projects/ursa/exp/output-stationary/vitis/hls_ursa_vanilla/mxm_execute_ursa/hls/sim/verilog/mxm_execute_ursa_mul_15ns_15ns_30_1_1.v" into library xil_defaultlib
INFO: [VRFC 10-311] analyzing module mxm_execute_ursa_mul_15ns_15ns_30_1_1
INFO: [VRFC 10-2263] Analyzing SystemVerilog file "/home/ulisses/Projects/ursa/exp/output-stationary/vitis/hls_ursa_vanilla/mxm_execute_ursa/hls/sim/verilog/dataflow_monitor.sv" into library xil_defaultlib
INFO: [VRFC 10-311] analyzing module dataflow_monitor
Starting static elaboration
Pass Through NonSizing Optimizer
Completed static elaboration
Starting simulation data flow analysis
Completed simulation data flow analysis
Time Resolution for simulation is 1ps
Compiling package xil_defaultlib.$unit_dataflow_monitor_sv
Compiling module xil_defaultlib.mxm_execute_ursa_mul_17s_16ns_32...
Compiling module xil_defaultlib.mxm_execute_ursa_mac_muladd_8ns_...
Compiling module xil_defaultlib.mxm_execute_ursa_mac_muladd_8ns_...
Compiling module xil_defaultlib.mxm_execute_ursa_mac_muladd_8s_8...
Compiling module xil_defaultlib.mxm_execute_ursa_mac_muladd_8s_8...
Compiling module xil_defaultlib.mxm_execute_ursa_flow_control_lo...
Compiling module xil_defaultlib.mxm_execute_ursa_mxm_execute_urs...
Compiling module xil_defaultlib.mxm_execute_ursa_sa_store
Compiling module xil_defaultlib.mxm_execute_ursa_sa_reset
Compiling module xil_defaultlib.mxm_execute_ursa_ap_s_axi
Compiling module xil_defaultlib.mxm_execute_ursa_control_s_axi
Compiling module xil_defaultlib.mxm_execute_ursa_aw_m_axi_srl(DA...
Compiling module xil_defaultlib.mxm_execute_ursa_aw_m_axi_fifo(D...
Compiling module xil_defaultlib.mxm_execute_ursa_aw_m_axi_mem(ME...
Compiling module xil_defaultlib.mxm_execute_ursa_aw_m_axi_fifo(M...
Compiling module xil_defaultlib.mxm_execute_ursa_aw_m_axi_srl(DA...
Compiling module xil_defaultlib.mxm_execute_ursa_aw_m_axi_fifo(D...
Compiling module xil_defaultlib.mxm_execute_ursa_aw_m_axi_srl(DA...
Compiling module xil_defaultlib.mxm_execute_ursa_aw_m_axi_fifo(D...
Compiling module xil_defaultlib.mxm_execute_ursa_aw_m_axi_srl(DA...
Compiling module xil_defaultlib.mxm_execute_ursa_aw_m_axi_fifo(D...
Compiling module xil_defaultlib.mxm_execute_ursa_aw_m_axi_store(...
Compiling module xil_defaultlib.mxm_execute_ursa_aw_m_axi_mem(ME...
Compiling module xil_defaultlib.mxm_execute_ursa_aw_m_axi_fifo(M...
Compiling module xil_defaultlib.mxm_execute_ursa_aw_m_axi_srl(DA...
Compiling module xil_defaultlib.mxm_execute_ursa_aw_m_axi_fifo(D...
Compiling module xil_defaultlib.mxm_execute_ursa_aw_m_axi_load(N...
Compiling module xil_defaultlib.mxm_execute_ursa_aw_m_axi_reg_sl...
Compiling module xil_defaultlib.mxm_execute_ursa_aw_m_axi_burst_...
Compiling module xil_defaultlib.mxm_execute_ursa_aw_m_axi_srl(DA...
Compiling module xil_defaultlib.mxm_execute_ursa_aw_m_axi_fifo(D...
Compiling module xil_defaultlib.mxm_execute_ursa_aw_m_axi_reg_sl...
Compiling module xil_defaultlib.mxm_execute_ursa_aw_m_axi_srl(DA...
Compiling module xil_defaultlib.mxm_execute_ursa_aw_m_axi_fifo(D...
Compiling module xil_defaultlib.mxm_execute_ursa_aw_m_axi_srl(DA...
Compiling module xil_defaultlib.mxm_execute_ursa_aw_m_axi_fifo(D...
Compiling module xil_defaultlib.mxm_execute_ursa_aw_m_axi_thrott...
Compiling module xil_defaultlib.mxm_execute_ursa_aw_m_axi_reg_sl...
Compiling module xil_defaultlib.mxm_execute_ursa_aw_m_axi_write(...
Compiling module xil_defaultlib.mxm_execute_ursa_aw_m_axi_burst_...
Compiling module xil_defaultlib.mxm_execute_ursa_aw_m_axi_reg_sl...
Compiling module xil_defaultlib.mxm_execute_ursa_aw_m_axi_read(C...
Compiling module xil_defaultlib.mxm_execute_ursa_aw_m_axi(CONSER...
Compiling module xil_defaultlib.mxm_execute_ursa_bi_m_axi_srl(DA...
Compiling module xil_defaultlib.mxm_execute_ursa_bi_m_axi_fifo(D...
Compiling module xil_defaultlib.mxm_execute_ursa_bi_m_axi_mem(ME...
Compiling module xil_defaultlib.mxm_execute_ursa_bi_m_axi_fifo(M...
Compiling module xil_defaultlib.mxm_execute_ursa_bi_m_axi_srl(DA...
Compiling module xil_defaultlib.mxm_execute_ursa_bi_m_axi_fifo(D...
Compiling module xil_defaultlib.mxm_execute_ursa_bi_m_axi_srl(DA...
Compiling module xil_defaultlib.mxm_execute_ursa_bi_m_axi_fifo(D...
Compiling module xil_defaultlib.mxm_execute_ursa_bi_m_axi_srl(DA...
Compiling module xil_defaultlib.mxm_execute_ursa_bi_m_axi_fifo(D...
Compiling module xil_defaultlib.mxm_execute_ursa_bi_m_axi_store(...
Compiling module xil_defaultlib.mxm_execute_ursa_bi_m_axi_mem(ME...
Compiling module xil_defaultlib.mxm_execute_ursa_bi_m_axi_fifo(M...
Compiling module xil_defaultlib.mxm_execute_ursa_bi_m_axi_srl(DA...
Compiling module xil_defaultlib.mxm_execute_ursa_bi_m_axi_fifo(D...
Compiling module xil_defaultlib.mxm_execute_ursa_bi_m_axi_load(N...
Compiling module xil_defaultlib.mxm_execute_ursa_bi_m_axi_reg_sl...
Compiling module xil_defaultlib.mxm_execute_ursa_bi_m_axi_burst_...
Compiling module xil_defaultlib.mxm_execute_ursa_bi_m_axi_srl(DA...
Compiling module xil_defaultlib.mxm_execute_ursa_bi_m_axi_fifo(D...
Compiling module xil_defaultlib.mxm_execute_ursa_bi_m_axi_reg_sl...
Compiling module xil_defaultlib.mxm_execute_ursa_bi_m_axi_srl(DA...
Compiling module xil_defaultlib.mxm_execute_ursa_bi_m_axi_fifo(D...
Compiling module xil_defaultlib.mxm_execute_ursa_bi_m_axi_srl(DA...
Compiling module xil_defaultlib.mxm_execute_ursa_bi_m_axi_fifo(D...
Compiling module xil_defaultlib.mxm_execute_ursa_bi_m_axi_thrott...
Compiling module xil_defaultlib.mxm_execute_ursa_bi_m_axi_reg_sl...
Compiling module xil_defaultlib.mxm_execute_ursa_bi_m_axi_write(...
Compiling module xil_defaultlib.mxm_execute_ursa_bi_m_axi_burst_...
Compiling module xil_defaultlib.mxm_execute_ursa_bi_m_axi_reg_sl...
Compiling module xil_defaultlib.mxm_execute_ursa_bi_m_axi_read(C...
Compiling module xil_defaultlib.mxm_execute_ursa_bi_m_axi(CONSER...
Compiling module xil_defaultlib.mxm_execute_ursa_ca_m_axi_srl(DA...
Compiling module xil_defaultlib.mxm_execute_ursa_ca_m_axi_fifo(D...
Compiling module xil_defaultlib.mxm_execute_ursa_ca_m_axi_mem(ME...
Compiling module xil_defaultlib.mxm_execute_ursa_ca_m_axi_fifo(M...
Compiling module xil_defaultlib.mxm_execute_ursa_ca_m_axi_srl(DA...
Compiling module xil_defaultlib.mxm_execute_ursa_ca_m_axi_fifo(D...
Compiling module xil_defaultlib.mxm_execute_ursa_ca_m_axi_srl(DA...
Compiling module xil_defaultlib.mxm_execute_ursa_ca_m_axi_fifo(D...
Compiling module xil_defaultlib.mxm_execute_ursa_ca_m_axi_store(...
Compiling module xil_defaultlib.mxm_execute_ursa_ca_m_axi_mem(ME...
Compiling module xil_defaultlib.mxm_execute_ursa_ca_m_axi_fifo(M...
Compiling module xil_defaultlib.mxm_execute_ursa_ca_m_axi_load(N...
Compiling module xil_defaultlib.mxm_execute_ursa_ca_m_axi_reg_sl...
Compiling module xil_defaultlib.mxm_execute_ursa_ca_m_axi_burst_...
Compiling module xil_defaultlib.mxm_execute_ursa_ca_m_axi_srl(DA...
Compiling module xil_defaultlib.mxm_execute_ursa_ca_m_axi_fifo(D...
Compiling module xil_defaultlib.mxm_execute_ursa_ca_m_axi_reg_sl...
Compiling module xil_defaultlib.mxm_execute_ursa_ca_m_axi_srl(DA...
Compiling module xil_defaultlib.mxm_execute_ursa_ca_m_axi_fifo(D...
Compiling module xil_defaultlib.mxm_execute_ursa_ca_m_axi_srl(DA...
Compiling module xil_defaultlib.mxm_execute_ursa_ca_m_axi_fifo(D...
Compiling module xil_defaultlib.mxm_execute_ursa_ca_m_axi_thrott...
Compiling module xil_defaultlib.mxm_execute_ursa_ca_m_axi_reg_sl...
Compiling module xil_defaultlib.mxm_execute_ursa_ca_m_axi_write(...
Compiling module xil_defaultlib.mxm_execute_ursa_ca_m_axi_burst_...
Compiling module xil_defaultlib.mxm_execute_ursa_ca_m_axi_reg_sl...
Compiling module xil_defaultlib.mxm_execute_ursa_ca_m_axi_read(C...
Compiling module xil_defaultlib.mxm_execute_ursa_ca_m_axi(CONSER...
Compiling module xil_defaultlib.mxm_execute_ursa_mul_15ns_15ns_3...
Compiling module xil_defaultlib.mxm_execute_ursa_mul_15ns_16ns_3...
Compiling module xil_defaultlib.mxm_execute_ursa_mul_15ns_16ns_2...
Compiling module xil_defaultlib.mxm_execute_ursa
Compiling module xil_defaultlib.AESL_axi_master_aw
Compiling module xil_defaultlib.AESL_axi_master_bi
Compiling module xil_defaultlib.AESL_axi_master_ca
Compiling module xil_defaultlib.AESL_axi_slave_control
Compiling module xil_defaultlib.AESL_axi_slave_ap
Compiling module xil_defaultlib.nodf_module_intf
Compiling module xil_defaultlib.seq_loop_intf(FSM_WIDTH=16)
Compiling module xil_defaultlib.upc_loop_intf
Compiling module xil_defaultlib.dataflow_monitor_1
Compiling module xil_defaultlib.apatb_mxm_execute_ursa_top
Compiling module work.glbl
Built simulation snapshot mxm_execute_ursa

****** xsim v2023.2 (64-bit)
  **** SW Build 4029153 on Fri Oct 13 20:13:54 MDT 2023
  **** IP Build 4028589 on Sat Oct 14 00:45:43 MDT 2023
  **** SharedData Build 4025554 on Tue Oct 10 17:18:54 MDT 2023
    ** Copyright 1986-2022 Xilinx, Inc. All Rights Reserved.
    ** Copyright 2022-2023 Advanced Micro Devices, Inc. All Rights Reserved.

source xsim.dir/mxm_execute_ursa/xsim_script.tcl
# xsim {mxm_execute_ursa} -autoloadwcfg -tclbatch {mxm_execute_ursa.tcl}
Time resolution is 1 ps
source mxm_execute_ursa.tcl
## run all
////////////////////////////////////////////////////////////////////////////////////
// Inter-Transaction Progress: Completed Transaction / Total Transaction
// Intra-Transaction Progress: Measured Latency / Latency Estimation * 100%
//
// RTL Simulation : "Inter-Transaction Progress" ["Intra-Transaction Progress"] @ "Simulation Time"
////////////////////////////////////////////////////////////////////////////////////
// RTL Simulation : 0 / 1 [0.00%] @ "125000"
// RTL Simulation : 1 / 1 [100.00%] @ "12685000"
////////////////////////////////////////////////////////////////////////////////////
$finish called at time : 12745 ns : File "/home/ulisses/Projects/ursa/exp/output-stationary/vitis/hls_ursa_vanilla/mxm_execute_ursa/hls/sim/verilog/mxm_execute_ursa.autotb.v" Line 843
## quit
INFO: [Common 17-206] Exiting xsim at Wed Sep  9 18:45:02 2026...
INFO: [COSIM 212-316] Starting C post checking ...
ERROR: [COSIM 212-379] Detected segmentation violation, please check C tb.
ERROR: [COSIM 212-362] Aborting co-simulation: C TB post check failed.
ERROR: [COSIM 212-4] *** C/RTL co-simulation finished: FAIL ***
INFO: [COSIM 212-211] II is measurable only when transaction number is greater than 1 in RTL simulation. Otherwise, they will be marked as all NA. If user wants to calculate them, please make sure there are at least 2 transactions in RTL simulation.
INFO: [HLS 200-111] Finished Command cosim_design CPU user time: 24.37 seconds. CPU system time: 3.2 seconds. Elapsed time: 17.27 seconds; current allocated memory: 8.988 MB.
INFO: [HLS 200-1510] Running: close_project 
ERROR: 
INFO: [HLS 200-112] Total CPU user time: 25.86 seconds. Total CPU system time: 3.51 seconds. Total elapsed time: 18.88 seconds; peak allocated memory: 283.465 MB.
INFO: [Common 17-206] Exiting vitis_hls at Wed Sep  9 18:45:03 2026...
