INFO: [vitis-run 60-1548] Creating build summary session with primary output /home/ulisses/Projects/ursa/exp/output-stationary/vitis/hls_ursa_vanilla_exp/mxm_execute_ursa/mxm_execute_ursa.hlsrun_cosim_summary, at Wed Sep  2 19:00:07 2026
INFO: [vitis-run 82-31] Launching vitis_hls: vitis_hls -nolog -run cosim -work_dir /home/ulisses/Projects/ursa/exp/output-stationary/vitis/hls_ursa_vanilla_exp/mxm_execute_ursa -config /home/ulisses/Projects/ursa/exp/output-stationary/vitis/hls_ursa_vanilla_exp/hls_config.cfg -cmdlineconfig /home/ulisses/Projects/ursa/exp/output-stationary/vitis/hls_ursa_vanilla_exp/mxm_execute_ursa/hls/config.cmdline

****** Vitis HLS - High-Level Synthesis from C, C++ and OpenCL v2023.2 (64-bit)
  **** SW Build 4023990 on Oct 11 2023
  **** IP Build 4028589 on Sat Oct 14 00:45:43 MDT 2023
  **** SharedData Build 4025554 on Tue Oct 10 17:18:54 MDT 2023
    ** Copyright 1986-2022 Xilinx, Inc. All Rights Reserved.
    ** Copyright 2022-2023 Advanced Micro Devices, Inc. All Rights Reserved.

source /opt/Xilinx/Vitis_HLS/2023.2/scripts/vitis_hls/hls.tcl -notrace
INFO: [HLS 200-10] Running '/opt/Xilinx/Vitis_HLS/2023.2/bin/unwrapped/lnx64.o/vitis_hls'
INFO: [HLS 200-10] For user 'ulisses' on host 'ulisses-thinkpad' (Linux_x86_64 version 6.8.0-138-generic) on Wed Sep 02 19:00:08 -03 2026
INFO: [HLS 200-10] On os Ubuntu 22.04.5 LTS
INFO: [HLS 200-10] In directory '/home/ulisses/Projects/ursa/exp/output-stationary/vitis/hls_ursa_vanilla_exp'
INFO: [HLS 200-1909] Reading HLS ini file /home/ulisses/Projects/ursa/exp/output-stationary/vitis/hls_ursa_vanilla_exp/hls_config.cfg
INFO: [HLS 200-1909] Reading HLS ini file /home/ulisses/Projects/ursa/exp/output-stationary/vitis/hls_ursa_vanilla_exp/mxm_execute_ursa/hls/config.cmdline
INFO: [HLS 200-2005] Using work_dir /home/ulisses/Projects/ursa/exp/output-stationary/vitis/hls_ursa_vanilla_exp/mxm_execute_ursa 
INFO: [HLS 200-1510] Running: open_project /home/ulisses/Projects/ursa/exp/output-stationary/vitis/hls_ursa_vanilla_exp/mxm_execute_ursa -diskless 
INFO: [HLS 200-1510] Running: open_solution hls 
INFO: [HLS 200-1505] Using default flow_target 'vivado'
Resolution: For help on HLS 200-1505 see docs.xilinx.com/access/sources/dita/topic?Doc_Version=2023.2%20English&url=ug1448-hls-guidance&resourceid=200-1505.html
INFO: [HLS 200-1510] Running: apply_ini /home/ulisses/Projects/ursa/exp/output-stationary/vitis/hls_ursa_vanilla_exp/hls_config.cfg 
INFO: [HLS 200-1909] Reading HLS ini file /home/ulisses/Projects/ursa/exp/output-stationary/vitis/hls_ursa_vanilla_exp/hls_config.cfg
INFO: [HLS 200-1465] Applying ini 'syn.file=/home/ulisses/Projects/ursa/exp/output-stationary/vitis_component/inp_data_exp/hls_src/core/pe.cpp' at /home/ulisses/Projects/ursa/exp/output-stationary/vitis/hls_ursa_vanilla_exp/hls_config.cfg(7)
INFO: [HLS 200-10] Adding design file '/home/ulisses/Projects/ursa/exp/output-stationary/vitis_component/inp_data_exp/hls_src/core/pe.cpp' to the project
INFO: [HLS 200-1465] Applying ini 'syn.file=/home/ulisses/Projects/ursa/exp/output-stationary/vitis_component/inp_data_exp/hls_src/core/pe.h' at /home/ulisses/Projects/ursa/exp/output-stationary/vitis/hls_ursa_vanilla_exp/hls_config.cfg(8)
INFO: [HLS 200-10] Adding design file '/home/ulisses/Projects/ursa/exp/output-stationary/vitis_component/inp_data_exp/hls_src/core/pe.h' to the project
INFO: [HLS 200-1465] Applying ini 'syn.file=/home/ulisses/Projects/ursa/exp/output-stationary/vitis_component/inp_data_exp/hls_src/core/sa.cpp' at /home/ulisses/Projects/ursa/exp/output-stationary/vitis/hls_ursa_vanilla_exp/hls_config.cfg(9)
INFO: [HLS 200-10] Adding design file '/home/ulisses/Projects/ursa/exp/output-stationary/vitis_component/inp_data_exp/hls_src/core/sa.cpp' to the project
INFO: [HLS 200-1465] Applying ini 'syn.file=/home/ulisses/Projects/ursa/exp/output-stationary/vitis_component/inp_data_exp/hls_src/core/sa.h' at /home/ulisses/Projects/ursa/exp/output-stationary/vitis/hls_ursa_vanilla_exp/hls_config.cfg(10)
INFO: [HLS 200-10] Adding design file '/home/ulisses/Projects/ursa/exp/output-stationary/vitis_component/inp_data_exp/hls_src/core/sa.h' to the project
INFO: [HLS 200-1465] Applying ini 'syn.file=/home/ulisses/Projects/ursa/exp/output-stationary/vitis_component/inp_data_exp/hls_src/core/shell.cpp' at /home/ulisses/Projects/ursa/exp/output-stationary/vitis/hls_ursa_vanilla_exp/hls_config.cfg(11)
INFO: [HLS 200-10] Adding design file '/home/ulisses/Projects/ursa/exp/output-stationary/vitis_component/inp_data_exp/hls_src/core/shell.cpp' to the project
INFO: [HLS 200-1465] Applying ini 'syn.file=/home/ulisses/Projects/ursa/exp/output-stationary/vitis_component/inp_data_exp/hls_src/core/shell.h' at /home/ulisses/Projects/ursa/exp/output-stationary/vitis/hls_ursa_vanilla_exp/hls_config.cfg(12)
INFO: [HLS 200-10] Adding design file '/home/ulisses/Projects/ursa/exp/output-stationary/vitis_component/inp_data_exp/hls_src/core/shell.h' to the project
INFO: [HLS 200-1465] Applying ini 'syn.file=/home/ulisses/Projects/ursa/exp/output-stationary/vitis_component/inp_data_exp/hls_src/settings.h' at /home/ulisses/Projects/ursa/exp/output-stationary/vitis/hls_ursa_vanilla_exp/hls_config.cfg(13)
INFO: [HLS 200-10] Adding design file '/home/ulisses/Projects/ursa/exp/output-stationary/vitis_component/inp_data_exp/hls_src/settings.h' to the project
INFO: [HLS 200-1465] Applying ini 'tb.file=/home/ulisses/Projects/ursa/exp/output-stationary/vitis_component/inp_data_exp/hls_tb/simple_mxm/matrices.cpp' at /home/ulisses/Projects/ursa/exp/output-stationary/vitis/hls_ursa_vanilla_exp/hls_config.cfg(14)
INFO: [HLS 200-10] Adding test bench file '/home/ulisses/Projects/ursa/exp/output-stationary/vitis_component/inp_data_exp/hls_tb/simple_mxm/matrices.cpp' to the project
INFO: [HLS 200-1465] Applying ini 'tb.file=/home/ulisses/Projects/ursa/exp/output-stationary/vitis_component/inp_data_exp/hls_tb/simple_mxm/matrices.h' at /home/ulisses/Projects/ursa/exp/output-stationary/vitis/hls_ursa_vanilla_exp/hls_config.cfg(15)
INFO: [HLS 200-10] Adding test bench file '/home/ulisses/Projects/ursa/exp/output-stationary/vitis_component/inp_data_exp/hls_tb/simple_mxm/matrices.h' to the project
INFO: [HLS 200-1465] Applying ini 'tb.file=/home/ulisses/Projects/ursa/exp/output-stationary/vitis_component/inp_data_exp/hls_tb/simple_mxm/tb_main.cpp' at /home/ulisses/Projects/ursa/exp/output-stationary/vitis/hls_ursa_vanilla_exp/hls_config.cfg(16)
INFO: [HLS 200-10] Adding test bench file '/home/ulisses/Projects/ursa/exp/output-stationary/vitis_component/inp_data_exp/hls_tb/simple_mxm/tb_main.cpp' to the project
INFO: [HLS 200-1465] Applying ini 'syn.top=mxm_execute_ursa' at /home/ulisses/Projects/ursa/exp/output-stationary/vitis/hls_ursa_vanilla_exp/hls_config.cfg(17)
INFO: [HLS 200-1465] Applying ini 'flow_target=vivado' at /home/ulisses/Projects/ursa/exp/output-stationary/vitis/hls_ursa_vanilla_exp/hls_config.cfg(4)
INFO: [HLS 200-1505] Using flow_target 'vivado'
Resolution: For help on HLS 200-1505 see docs.xilinx.com/access/sources/dita/topic?Doc_Version=2023.2%20English&url=ug1448-hls-guidance&resourceid=200-1505.html
INFO: [HLS 200-1465] Applying ini 'part=xc7z020clg484-1' at /home/ulisses/Projects/ursa/exp/output-stationary/vitis/hls_ursa_vanilla_exp/hls_config.cfg(1)
INFO: [HLS 200-1611] Setting target device to 'xc7z020-clg484-1'
INFO: [HLS 200-1465] Applying ini 'clock=10ns' at /home/ulisses/Projects/ursa/exp/output-stationary/vitis/hls_ursa_vanilla_exp/hls_config.cfg(18)
INFO: [SYN 201-201] Setting up clock 'default' with a period of 10ns.
INFO: [HLS 200-1465] Applying ini 'cosim.trace_level=all' at /home/ulisses/Projects/ursa/exp/output-stationary/vitis/hls_ursa_vanilla_exp/hls_config.cfg(22)
INFO: [HLS 200-1465] Applying ini 'cosim.wave_debug=true' at /home/ulisses/Projects/ursa/exp/output-stationary/vitis/hls_ursa_vanilla_exp/hls_config.cfg(23)
INFO: [HLS 200-1465] Applying ini 'package.ip.display_name=ursa_vanilla_8x8' at /home/ulisses/Projects/ursa/exp/output-stationary/vitis/hls_ursa_vanilla_exp/hls_config.cfg(21)
INFO: [HLS 200-1465] Applying ini 'package.output.format=ip_catalog' at /home/ulisses/Projects/ursa/exp/output-stationary/vitis/hls_ursa_vanilla_exp/hls_config.cfg(5)
INFO: [HLS 200-1465] Applying ini 'syn.interface.m_axi_addr64=0' at /home/ulisses/Projects/ursa/exp/output-stationary/vitis/hls_ursa_vanilla_exp/hls_config.cfg(20)
INFO: [HLS 200-1465] Applying ini 'syn.interface.m_axi_max_bitwidth=32' at /home/ulisses/Projects/ursa/exp/output-stationary/vitis/hls_ursa_vanilla_exp/hls_config.cfg(19)
INFO: [HLS 200-1510] Running: apply_ini /home/ulisses/Projects/ursa/exp/output-stationary/vitis/hls_ursa_vanilla_exp/mxm_execute_ursa/hls/config.cmdline 
INFO: [HLS 200-1909] Reading HLS ini file /home/ulisses/Projects/ursa/exp/output-stationary/vitis/hls_ursa_vanilla_exp/mxm_execute_ursa/hls/config.cmdline
INFO: [HLS 200-1510] Running: cosim_design 
INFO: [COSIM 212-47] Using XSIM for RTL simulation.
INFO: [COSIM 212-14] Instrumenting C test bench ...
   Build using "/opt/Xilinx/Vitis_HLS/2023.2/tps/lnx64/gcc-8.3.0/bin/g++"
   Compiling apatb_mxm_execute_ursa.cpp
   Compiling matrices.cpp_pre.cpp.tb.cpp
   Compiling pe.cpp_pre.cpp.tb.cpp
   Compiling sa.cpp_pre.cpp.tb.cpp
   Compiling shell.cpp_pre.cpp.tb.cpp
   Compiling tb_main.cpp_pre.cpp.tb.cpp
   Compiling apatb_mxm_execute_ursa_ir.ll
   Generating cosim.tv.exe
INFO: [COSIM 212-302] Starting C TB testing ... 
=== URSA testbench ===
SA_SIZE=2  ACC_BITS=20
P=2  Q=2  M=8
tiles=1  k iterations per tile=10
[PASS] URSA output matches gold
INFO: [COSIM 212-333] Generating C post check test bench ...
INFO: [COSIM 212-12] Generating RTL test bench ...
INFO: [COSIM 212-1] *** C/RTL co-simulation file generation completed. ***
INFO: [COSIM 212-323] Starting verilog simulation. 
INFO: [COSIM 212-15] Starting XSIM ...
Vivado Simulator v2023.2
Copyright 1986-2022 Xilinx, Inc. All Rights Reserved.
Copyright 2022-2023 Advanced Micro Devices, Inc. All Rights Reserved.
Running: /opt/Xilinx/Vivado/2023.2/bin/unwrapped/lnx64.o/xelab xil_defaultlib.apatb_mxm_execute_ursa_top glbl -Oenable_linking_all_libraries -prj mxm_execute_ursa.prj -L smartconnect_v1_0 -L axi_protocol_checker_v1_1_12 -L axi_protocol_checker_v1_1_13 -L axis_protocol_checker_v1_1_11 -L axis_protocol_checker_v1_1_12 -L xil_defaultlib -L unisims_ver -L xpm -L floating_point_v7_1_16 -L floating_point_v7_0_21 --lib ieee_proposed=./ieee_proposed -s mxm_execute_ursa -debug all 
Multi-threading is on. Using 10 slave threads.
WARNING: [XSIM 43-3431] One or more environment variables have been detected which affect the operation of the C compiler. These are typically not set in standard installations and are not tested by AMD, however they may be appropriate for your system, so the flow will attempt to continue.  If errors occur, try running xelab with the "-mt off -v 1" switches to see more information from the C compiler. The following environment variables have been detected:
    LIBRARY_PATH
INFO: [VRFC 10-2263] Analyzing SystemVerilog file "/home/ulisses/Projects/ursa/exp/output-stationary/vitis/hls_ursa_vanilla_exp/mxm_execute_ursa/hls/sim/verilog/glbl.v" into library work
INFO: [VRFC 10-311] analyzing module glbl
INFO: [VRFC 10-2263] Analyzing SystemVerilog file "/home/ulisses/Projects/ursa/exp/output-stationary/vitis/hls_ursa_vanilla_exp/mxm_execute_ursa/hls/sim/verilog/AESL_axi_master_ca.v" into library xil_defaultlib
INFO: [VRFC 10-311] analyzing module AESL_axi_master_ca
