================================================================
== Design Size Report
================================================================

* Total Instructions per Compilation Phase
+---------------+-----------------------------+--------------+----------------------------------------------------------------------------------------+
| Phase         | Step                        | Instructions | Description                                                                            |
+---------------+-----------------------------+--------------+----------------------------------------------------------------------------------------+
| Compile/Link  |                             | 1,254        | After all functions are compiled and linked into a single design                       |
|               |                             |              |                                                                                        |
| Unroll/Inline |                             |              | After user unroll and inline pragmas are applied                                       |
|               | (1) unroll                  | 2,828        | user unroll pragmas are applied                                                        |
|               | (2) simplification          | 2,399        | simplification of applied user unroll pragmas                                          |
|               | (3) inline                  | 2,454        | user inline pragmas are applied                                                        |
|               | (4) simplification          | 2,310        | simplification of applied user inline pragmas                                          |
|               |                             |              |                                                                                        |
| Array/Struct  |                             |              | After user array partition and struct aggregate/disaggregate pragmas are applied       |
|               | (1) array partition         | 2,379        | user array partition pragmas are applied                                               |
|               | (2) simplification          | 2,379        | simplification of applied user array partition & struct aggregate/disaggregate pragmas |
|               | (3) aggregate/disaggregate  | 2,379        | user struct aggregate/disaggregate pragmas are applied                                 |
|               | (4) array reshape           | 2,379        | apply array reshape pragmas                                                            |
|               | (5) access patterns         | 2,382        | array access pattern optmizations                                                      |
|               |                             |              |                                                                                        |
| Performance   |                             |              | After transformations are applied to meet performance pragma targets                   |
|               | (1) loop simplification     | 2,382        | loop and instruction simplification                                                    |
|               | (2) parallelization         | 2,316        | loops are unrolled or pipelined to meet performance targets                            |
|               | (3) array partition         | 2,276        | arrays are partitioned to meet performance targets                                     |
|               | (4) simplification          | 2,178        | simplification of design after performance transformations                             |
|               |                             |              |                                                                                        |
| HW Transforms |                             |              | After hardware transfomations                                                          |
|               | (1) lowering                | 2,151        | initial conversion to HW specific instructions                                         |
|               | (2) optimizations           | 2,172        | high level synthesis optimizations                                                     |
+---------------+-----------------------------+--------------+----------------------------------------------------------------------------------------+

* Instructions per Function for each Compilation Phase
+------------------------+---------------+--------------+---------------+--------------+-------------+---------------+
| Function               | Location      | Compile/Link | Unroll/Inline | Array/Struct | Performance | HW Transforms |
+------------------------+---------------+--------------+---------------+--------------+-------------+---------------+
| + mxm_execute_ursa     | shell.cpp:180 | 1,254        | 2,310         | 2,382        | 2,178       | 2,172         |
|  + sa_init             | sa.cpp:7      |  158         |               |              |             |               |
|     pe_init            | pe.cpp:4      |  127         |               |              |             |               |
|    fetch_weight_row    | shell.cpp:56  |   71         |  136          |  122         |             |               |
|  + sa_load_weights     | sa.cpp:45     |  129         |  257          |  257         |             |               |
|     pe_load_weights    | pe.cpp:23     |   51         |               |              |             |               |
|    fill_left_inputs    | shell.cpp:6   |   89         |  142          |  114         |             |               |
|    fill_top_inputs     | shell.cpp:29  |  110         |  271          |  250         |             |               |
|  + load_inputs_sa      | shell.cpp:84  |   37         |   63          |  161         |             |               |
|     sa_input_l_t       | sa.cpp:37     |   15         |               |              |             |               |
|  + sa_compute          | sa.cpp:74     |  355         | 1,089         | 1,089        |             |               |
|     pe_compute         | pe.cpp:16     |  233         |               |              |             |               |
|    store_right_outputs | shell.cpp:93  |   40         |   90          |   90         |             |               |
+------------------------+---------------+--------------+---------------+--------------+-------------+---------------+

* Design Size Message Settings
+---------------------------------------------+--------+------------------------------------------------------------------+
| Message Setting                             | Value  | Description                                                      |
+---------------------------------------------+--------+------------------------------------------------------------------+
| config_compile -design_size_maximum_warning | 100000 | Show a warning when total design instructions exceeds this value |
+---------------------------------------------+--------+------------------------------------------------------------------+


