

================================================================
== Vitis HLS Report for 'mxm_execute_ursa'
================================================================
* Date:           Fri Aug  7 15:00:23 2026

* Version:        2023.2 (Build 4023990 on Oct 11 2023)
* Project:        mxm_execute_ursa
* Solution:       hls (Vivado IP Flow Target)
* Product family: zynq
* Target device:  xc7z020-clg484-1


================================================================
== Performance Estimates
================================================================
+ Timing: 
    * Summary: 
    +--------+----------+----------+------------+
    |  Clock |  Target  | Estimated| Uncertainty|
    +--------+----------+----------+------------+
    |ap_clk  |  10.00 ns|  8.133 ns|     2.70 ns|
    +--------+----------+----------+------------+

+ Latency: 
    * Summary: 
    +---------+-----------------+-----------+-------------+-----+-----------------+---------+
    |      Latency (cycles)     |    Latency (absolute)   |        Interval       | Pipeline|
    |   min   |       max       |    min    |     max     | min |       max       |   Type  |
    +---------+-----------------+-----------+-------------+-----+-----------------+---------+
    |        3|  155586129821699|  30.000 ns|  1.6e+06 sec|    4|  155586129821700|       no|
    +---------+-----------------+-----------+-------------+-----+-----------------+---------+

    + Detail: 
        * Instance: 
        +--------------------------------------------------------+--------------------------------------------+---------+---------+----------+----------+-----+-----+---------+
        |                                                        |                                            |  Latency (cycles) |  Latency (absolute) |  Interval | Pipeline|
        |                        Instance                        |                   Module                   |   min   |   max   |    min   |    max   | min | max |   Type  |
        +--------------------------------------------------------+--------------------------------------------+---------+---------+----------+----------+-----+-----+---------+
        |grp_mxm_execute_ursa_Pipeline_VITIS_LOOP_341_4_fu_1035  |mxm_execute_ursa_Pipeline_VITIS_LOOP_341_4  |       77|       77|  0.770 us|  0.770 us|   77|   77|       no|
        |grp_mxm_execute_ursa_Pipeline_VITIS_LOOP_361_6_fu_1408  |mxm_execute_ursa_Pipeline_VITIS_LOOP_361_6  |      201|      201|  2.010 us|  2.010 us|  201|  201|       no|
        |grp_mxm_execute_ursa_Pipeline_VITIS_LOOP_382_7_fu_1831  |mxm_execute_ursa_Pipeline_VITIS_LOOP_382_7  |       73|       73|  0.730 us|  0.730 us|   73|   73|       no|
        +--------------------------------------------------------+--------------------------------------------+---------+---------+----------+----------+-----+-----+---------+

        * Loop: 
        +-------------------------------------+---------+-----------------+--------------+-----------+-----------+--------------+----------+
        |                                     |      Latency (cycles)     |   Iteration  |  Initiation Interval  |     Trip     |          |
        |              Loop Name              |   min   |       max       |    Latency   |  achieved |   target  |     Count    | Pipelined|
        +-------------------------------------+---------+-----------------+--------------+-----------+-----------+--------------+----------+
        |- VITIS_LOOP_312_1_VITIS_LOOP_313_2  |        0|  155586129821696|  78 ~ 2318414|          -|          -|  0 ~ 67108864|        no|
        | + VITIS_LOOP_328_3                  |        0|          2318336|           283|          -|          -|      0 ~ 8192|        no|
        +-------------------------------------+---------+-----------------+--------------+-----------+-----------+--------------+----------+



================================================================
== Utilization Estimates
================================================================
* Summary: 
+-----------------+---------+-----+--------+-------+-----+
|       Name      | BRAM_18K| DSP |   FF   |  LUT  | URAM|
+-----------------+---------+-----+--------+-------+-----+
|DSP              |        -|    -|       -|      -|    -|
|Expression       |        -|    -|       0|    628|    -|
|FIFO             |        -|    -|       -|      -|    -|
|Instance         |        8|   68|   11905|  11553|    -|
|Memory           |        2|    -|       0|      0|    0|
|Multiplexer      |        -|    -|       -|   1246|    -|
|Register         |        -|    -|    2232|      -|    -|
+-----------------+---------+-----+--------+-------+-----+
|Total            |       10|   68|   14137|  13427|    0|
+-----------------+---------+-----+--------+-------+-----+
|Available        |      280|  220|  106400|  53200|    0|
+-----------------+---------+-----+--------+-------+-----+
|Utilization (%)  |        3|   30|      13|     25|    0|
+-----------------+---------+-----+--------+-------+-----+

+ Detail: 
    * Instance: 
    +--------------------------------------------------------+--------------------------------------------+---------+----+------+------+-----+
    |                        Instance                        |                   Module                   | BRAM_18K| DSP|  FF  |  LUT | URAM|
    +--------------------------------------------------------+--------------------------------------------+---------+----+------+------+-----+
    |ap_s_axi_U                                              |ap_s_axi                                    |        0|   0|   110|   152|    0|
    |aw_m_axi_U                                              |aw_m_axi                                    |        2|   0|   866|   853|    0|
    |bi_m_axi_U                                              |bi_m_axi                                    |        2|   0|   866|   853|    0|
    |ca_m_axi_U                                              |ca_m_axi                                    |        4|   0|   830|   733|    0|
    |control_s_axi_U                                         |control_s_axi                               |        0|   0|   240|   424|    0|
    |mul_13ns_16ns_29_1_1_U591                               |mul_13ns_16ns_29_1_1                        |        0|   1|     0|     6|    0|
    |mul_13ns_16ns_29_1_1_U592                               |mul_13ns_16ns_29_1_1                        |        0|   1|     0|     6|    0|
    |mul_14ns_14ns_28_1_1_U590                               |mul_14ns_14ns_28_1_1                        |        0|   1|     0|     6|    0|
    |grp_mxm_execute_ursa_Pipeline_VITIS_LOOP_341_4_fu_1035  |mxm_execute_ursa_Pipeline_VITIS_LOOP_341_4  |        0|   0|  1874|  2703|    0|
    |grp_mxm_execute_ursa_Pipeline_VITIS_LOOP_361_6_fu_1408  |mxm_execute_ursa_Pipeline_VITIS_LOOP_361_6  |        0|  64|  6221|  4480|    0|
    |grp_mxm_execute_ursa_Pipeline_VITIS_LOOP_382_7_fu_1831  |mxm_execute_ursa_Pipeline_VITIS_LOOP_382_7  |        0|   1|   898|  1337|    0|
    +--------------------------------------------------------+--------------------------------------------+---------+----+------+------+-----+
    |Total                                                   |                                            |        8|  68| 11905| 11553|    0|
    +--------------------------------------------------------+--------------------------------------------+---------+----+------+------+-----+

    * DSP: 
    N/A

    * Memory: 
    +--------------+--------------------------+---------+---+----+-----+------+-----+------+-------------+
    |    Memory    |          Module          | BRAM_18K| FF| LUT| URAM| Words| Bits| Banks| W*Bits*Banks|
    +--------------+--------------------------+---------+---+----+-----+------+-----+------+-------------+
    |c_tile_acc_U  |c_tile_acc_RAM_AUTO_1R1W  |        2|  0|   0|    0|    64|   32|     1|         2048|
    +--------------+--------------------------+---------+---+----+-----+------+-----+------+-------------+
    |Total         |                          |        2|  0|   0|    0|    64|   32|     1|         2048|
    +--------------+--------------------------+---------+---+----+-----+------+-----+------+-------------+

    * FIFO: 
    N/A

    * Expression: 
    +---------------------------+----------+----+---+----+------------+------------+
    |       Variable Name       | Operation| DSP| FF| LUT| Bitwidth P0| Bitwidth P1|
    +---------------------------+----------+----+---+----+------------+------------+
    |add_ln308_fu_2381_p2       |         +|   0|  0|  24|          17|           3|
    |add_ln309_fu_2391_p2       |         +|   0|  0|  24|          17|           3|
    |add_ln310_fu_2420_p2       |         +|   0|  0|  24|          17|           3|
    |add_ln312_1_fu_2466_p2     |         +|   0|  0|  34|          27|           1|
    |add_ln312_fu_2478_p2       |         +|   0|  0|  17|          14|           1|
    |add_ln313_fu_2654_p2       |         +|   0|  0|  17|          14|           1|
    |add_ln328_fu_2544_p2       |         +|   0|  0|  17|          14|           1|
    |add_ln330_fu_2566_p2       |         +|   0|  0|  39|          32|          32|
    |add_ln331_fu_2903_p2       |         +|   0|  0|  39|          32|          32|
    |cmp124_1_fu_2589_p2        |      icmp|   0|  0|  23|          16|          16|
    |cmp124_2_fu_2599_p2        |      icmp|   0|  0|  23|          16|          16|
    |cmp124_3_fu_2609_p2        |      icmp|   0|  0|  23|          16|          16|
    |cmp124_4_fu_2619_p2        |      icmp|   0|  0|  23|          16|          16|
    |cmp124_5_fu_2629_p2        |      icmp|   0|  0|  23|          16|          16|
    |cmp124_6_fu_2639_p2        |      icmp|   0|  0|  23|          16|          16|
    |cmp124_7_fu_2649_p2        |      icmp|   0|  0|  23|          16|          16|
    |cmp124_fu_2580_p2          |      icmp|   0|  0|  23|          16|          16|
    |icmp_ln312_fu_2461_p2      |      icmp|   0|  0|  35|          28|          28|
    |icmp_ln313_fu_2484_p2      |      icmp|   0|  0|  17|          14|          14|
    |icmp_ln328_fu_2539_p2      |      icmp|   0|  0|  17|          14|          14|
    |global_col_10_fu_2624_p2   |        or|   0|  0|  16|          16|           3|
    |global_col_12_fu_2634_p2   |        or|   0|  0|  16|          16|           3|
    |global_col_14_fu_2644_p2   |        or|   0|  0|  16|          16|           3|
    |global_col_2_fu_2584_p2    |        or|   0|  0|  16|          16|           1|
    |global_col_4_fu_2594_p2    |        or|   0|  0|  16|          16|           2|
    |global_col_6_fu_2604_p2    |        or|   0|  0|  16|          16|           2|
    |global_col_8_fu_2614_p2    |        or|   0|  0|  16|          16|           3|
    |select_ln312_1_fu_2489_p3  |    select|   0|  0|  14|           1|          14|
    |select_ln312_fu_2501_p3    |    select|   0|  0|  14|           1|           1|
    +---------------------------+----------+----+---+----+------------+------------+
    |Total                      |          |   0|  0| 628|         482|         293|
    +---------------------------+----------+----+---+----+------------+------------+

    * Multiplexer: 
    +---------------------------------------------------------------------------------------+----+-----------+-----+-----------+
    |                                          Name                                         | LUT| Input Size| Bits| Total Bits|
    +---------------------------------------------------------------------------------------+----+-----------+-----+-----------+
    |ap_NS_fsm                                                                              |  65|         13|    1|         13|
    |aw_ARVALID                                                                             |   9|          2|    1|          2|
    |aw_RREADY                                                                              |   9|          2|    1|          2|
    |bi_ARVALID                                                                             |   9|          2|    1|          2|
    |bi_RREADY                                                                              |   9|          2|    1|          2|
    |c_tile_acc_address0                                                                    |  14|          3|    6|         18|
    |c_tile_acc_address1                                                                    |  14|          3|    6|         18|
    |c_tile_acc_ce0                                                                         |  14|          3|    1|          3|
    |c_tile_acc_ce1                                                                         |  14|          3|    1|          3|
    |c_tile_acc_we0                                                                         |   9|          2|    1|          2|
    |c_tile_acc_we1                                                                         |   9|          2|    1|          2|
    |ca_AWVALID                                                                             |   9|          2|    1|          2|
    |ca_BREADY                                                                              |   9|          2|    1|          2|
    |ca_WVALID                                                                              |   9|          2|    1|          2|
    |i_fu_496                                                                               |   9|          2|   14|         28|
    |indvar_flatten_fu_500                                                                  |   9|          2|   27|         54|
    |j_fu_492                                                                               |   9|          2|   14|         28|
    |k_reg_1024                                                                             |   9|          2|   14|         28|
    |mxm_execute_ursa_signed_char_unsigned_short_unsigned_char_unsigned_short_i_13          |   9|          2|    8|         16|
    |mxm_execute_ursa_signed_char_unsigned_short_unsigned_char_unsigned_short_i_178         |   9|          2|    8|         16|
    |mxm_execute_ursa_signed_char_unsigned_short_unsigned_char_unsigned_short_i_179         |   9|          2|    8|         16|
    |mxm_execute_ursa_signed_char_unsigned_short_unsigned_char_unsigned_short_i_180         |   9|          2|    8|         16|
    |mxm_execute_ursa_signed_char_unsigned_short_unsigned_char_unsigned_short_i_181         |   9|          2|    8|         16|
    |mxm_execute_ursa_signed_char_unsigned_short_unsigned_char_unsigned_short_i_182         |   9|          2|    8|         16|
    |mxm_execute_ursa_signed_char_unsigned_short_unsigned_char_unsigned_short_i_183         |   9|          2|    8|         16|
    |mxm_execute_ursa_signed_char_unsigned_short_unsigned_char_unsigned_short_i_184         |   9|          2|    8|         16|
    |mxm_execute_ursa_signed_char_unsigned_short_unsigned_char_unsigned_short_i_185         |   9|          2|    8|         16|
    |mxm_execute_ursa_signed_char_unsigned_short_unsigned_char_unsigned_short_i_186         |   9|          2|    8|         16|
    |mxm_execute_ursa_signed_char_unsigned_short_unsigned_char_unsigned_short_i_187         |   9|          2|    8|         16|
    |mxm_execute_ursa_signed_char_unsigned_short_unsigned_char_unsigned_short_i_189         |   9|          2|    8|         16|
    |mxm_execute_ursa_signed_char_unsigned_short_unsigned_char_unsigned_short_i_190         |   9|          2|    8|         16|
    |mxm_execute_ursa_signed_char_unsigned_short_unsigned_char_unsigned_short_i_191         |   9|          2|    8|         16|
    |mxm_execute_ursa_signed_char_unsigned_short_unsigned_char_unsigned_short_i_192         |   9|          2|    8|         16|
    |mxm_execute_ursa_signed_char_unsigned_short_unsigned_char_unsigned_short_i_193         |   9|          2|    8|         16|
    |mxm_execute_ursa_signed_char_unsigned_short_unsigned_char_unsigned_short_i_194         |   9|          2|    8|         16|
    |mxm_execute_ursa_signed_char_unsigned_short_unsigned_char_unsigned_short_i_195         |   9|          2|    8|         16|
    |mxm_execute_ursa_signed_char_unsigned_short_unsigned_char_unsigned_short_i_196         |   9|          2|    8|         16|
    |mxm_execute_ursa_signed_char_unsigned_short_unsigned_char_unsigned_short_i_197         |   9|          2|    8|         16|
    |mxm_execute_ursa_signed_char_unsigned_short_unsigned_char_unsigned_short_i_198         |   9|          2|    8|         16|
    |mxm_execute_ursa_signed_char_unsigned_short_unsigned_char_unsigned_short_i_200         |   9|          2|    8|         16|
    |mxm_execute_ursa_signed_char_unsigned_short_unsigned_char_unsigned_short_i_201         |   9|          2|    8|         16|
    |mxm_execute_ursa_signed_char_unsigned_short_unsigned_char_unsigned_short_i_202         |   9|          2|    8|         16|
    |mxm_execute_ursa_signed_char_unsigned_short_unsigned_char_unsigned_short_i_203         |   9|          2|    8|         16|
    |mxm_execute_ursa_signed_char_unsigned_short_unsigned_char_unsigned_short_i_204         |   9|          2|    8|         16|
    |mxm_execute_ursa_signed_char_unsigned_short_unsigned_char_unsigned_short_i_205         |   9|          2|    8|         16|
    |mxm_execute_ursa_signed_char_unsigned_short_unsigned_char_unsigned_short_i_206         |   9|          2|    8|         16|
    |mxm_execute_ursa_signed_char_unsigned_short_unsigned_char_unsigned_short_i_207         |   9|          2|    8|         16|
    |mxm_execute_ursa_signed_char_unsigned_short_unsigned_char_unsigned_short_i_208         |   9|          2|    8|         16|
    |mxm_execute_ursa_signed_char_unsigned_short_unsigned_char_unsigned_short_i_209         |   9|          2|    8|         16|
    |mxm_execute_ursa_signed_char_unsigned_short_unsigned_char_unsigned_short_i_211         |   9|          2|    8|         16|
    |mxm_execute_ursa_signed_char_unsigned_short_unsigned_char_unsigned_short_i_212         |   9|          2|    8|         16|
    |mxm_execute_ursa_signed_char_unsigned_short_unsigned_char_unsigned_short_i_213         |   9|          2|    8|         16|
    |mxm_execute_ursa_signed_char_unsigned_short_unsigned_char_unsigned_short_i_214         |   9|          2|    8|         16|
    |mxm_execute_ursa_signed_char_unsigned_short_unsigned_char_unsigned_short_i_215         |   9|          2|    8|         16|
    |mxm_execute_ursa_signed_char_unsigned_short_unsigned_char_unsigned_short_i_216         |   9|          2|    8|         16|
    |mxm_execute_ursa_signed_char_unsigned_short_unsigned_char_unsigned_short_i_217         |   9|          2|    8|         16|
    |mxm_execute_ursa_signed_char_unsigned_short_unsigned_char_unsigned_short_i_218         |   9|          2|    8|         16|
    |mxm_execute_ursa_signed_char_unsigned_short_unsigned_char_unsigned_short_i_219         |   9|          2|    8|         16|
    |mxm_execute_ursa_signed_char_unsigned_short_unsigned_char_unsigned_short_i_22          |   9|          2|    8|         16|
    |mxm_execute_ursa_signed_char_unsigned_short_unsigned_char_unsigned_short_i_220         |   9|          2|    8|         16|
    |mxm_execute_ursa_signed_char_unsigned_short_unsigned_char_unsigned_short_i_222         |   9|          2|    8|         16|
    |mxm_execute_ursa_signed_char_unsigned_short_unsigned_char_unsigned_short_i_223         |   9|          2|    8|         16|
    |mxm_execute_ursa_signed_char_unsigned_short_unsigned_char_unsigned_short_i_224         |   9|          2|    8|         16|
    |mxm_execute_ursa_signed_char_unsigned_short_unsigned_char_unsigned_short_i_225         |   9|          2|    8|         16|
    |mxm_execute_ursa_signed_char_unsigned_short_unsigned_char_unsigned_short_i_226         |   9|          2|    8|         16|
    |mxm_execute_ursa_signed_char_unsigned_short_unsigned_char_unsigned_short_i_227         |   9|          2|    8|         16|
    |mxm_execute_ursa_signed_char_unsigned_short_unsigned_char_unsigned_short_i_228         |   9|          2|    8|         16|
    |mxm_execute_ursa_signed_char_unsigned_short_unsigned_char_unsigned_short_i_229         |   9|          2|    8|         16|
    |mxm_execute_ursa_signed_char_unsigned_short_unsigned_char_unsigned_short_i_230         |   9|          2|    8|         16|
    |mxm_execute_ursa_signed_char_unsigned_short_unsigned_char_unsigned_short_i_231         |   9|          2|    8|         16|
    |mxm_execute_ursa_signed_char_unsigned_short_unsigned_char_unsigned_short_i_233         |   9|          2|    8|         16|
    |mxm_execute_ursa_signed_char_unsigned_short_unsigned_char_unsigned_short_i_234         |   9|          2|    8|         16|
    |mxm_execute_ursa_signed_char_unsigned_short_unsigned_char_unsigned_short_i_251_fu_648  |   9|          2|    8|         16|
    |mxm_execute_ursa_signed_char_unsigned_short_unsigned_char_unsigned_short_i_252_fu_644  |   9|          2|    8|         16|
    |mxm_execute_ursa_signed_char_unsigned_short_unsigned_char_unsigned_short_i_253_fu_640  |   9|          2|    8|         16|
    |mxm_execute_ursa_signed_char_unsigned_short_unsigned_char_unsigned_short_i_254_fu_636  |   9|          2|    8|         16|
    |mxm_execute_ursa_signed_char_unsigned_short_unsigned_char_unsigned_short_i_255_fu_632  |   9|          2|    8|         16|
    |mxm_execute_ursa_signed_char_unsigned_short_unsigned_char_unsigned_short_i_256_fu_628  |   9|          2|    8|         16|
    |mxm_execute_ursa_signed_char_unsigned_short_unsigned_char_unsigned_short_i_257_fu_624  |   9|          2|    8|         16|
    |mxm_execute_ursa_signed_char_unsigned_short_unsigned_char_unsigned_short_i_258_fu_620  |   9|          2|    8|         16|
    |mxm_execute_ursa_signed_char_unsigned_short_unsigned_char_unsigned_short_i_259_fu_616  |   9|          2|    8|         16|
    |mxm_execute_ursa_signed_char_unsigned_short_unsigned_char_unsigned_short_i_260_fu_612  |   9|          2|    8|         16|
    |mxm_execute_ursa_signed_char_unsigned_short_unsigned_char_unsigned_short_i_261_fu_608  |   9|          2|    8|         16|
    |mxm_execute_ursa_signed_char_unsigned_short_unsigned_char_unsigned_short_i_262_fu_604  |   9|          2|    8|         16|
    |mxm_execute_ursa_signed_char_unsigned_short_unsigned_char_unsigned_short_i_263_fu_600  |   9|          2|    8|         16|
    |mxm_execute_ursa_signed_char_unsigned_short_unsigned_char_unsigned_short_i_264_fu_596  |   9|          2|    8|         16|
    |mxm_execute_ursa_signed_char_unsigned_short_unsigned_char_unsigned_short_i_265_fu_592  |   9|          2|    8|         16|
    |mxm_execute_ursa_signed_char_unsigned_short_unsigned_char_unsigned_short_i_266_fu_588  |   9|          2|    8|         16|
    |mxm_execute_ursa_signed_char_unsigned_short_unsigned_char_unsigned_short_i_267_fu_584  |   9|          2|    8|         16|
    |mxm_execute_ursa_signed_char_unsigned_short_unsigned_char_unsigned_short_i_268_fu_580  |   9|          2|    8|         16|
    |mxm_execute_ursa_signed_char_unsigned_short_unsigned_char_unsigned_short_i_269_fu_576  |   9|          2|    8|         16|
    |mxm_execute_ursa_signed_char_unsigned_short_unsigned_char_unsigned_short_i_270_fu_572  |   9|          2|    8|         16|
    |mxm_execute_ursa_signed_char_unsigned_short_unsigned_char_unsigned_short_i_271_fu_568  |   9|          2|    8|         16|
    |mxm_execute_ursa_signed_char_unsigned_short_unsigned_char_unsigned_short_i_272_fu_564  |   9|          2|    8|         16|
    |mxm_execute_ursa_signed_char_unsigned_short_unsigned_char_unsigned_short_i_273_fu_560  |   9|          2|    8|         16|
    |mxm_execute_ursa_signed_char_unsigned_short_unsigned_char_unsigned_short_i_274_fu_556  |   9|          2|    8|         16|
    |mxm_execute_ursa_signed_char_unsigned_short_unsigned_char_unsigned_short_i_275_fu_552  |   9|          2|    8|         16|
    |mxm_execute_ursa_signed_char_unsigned_short_unsigned_char_unsigned_short_i_276_fu_548  |   9|          2|    8|         16|
    |mxm_execute_ursa_signed_char_unsigned_short_unsigned_char_unsigned_short_i_277_fu_544  |   9|          2|    8|         16|
    |mxm_execute_ursa_signed_char_unsigned_short_unsigned_char_unsigned_short_i_278_fu_540  |   9|          2|    8|         16|
    |mxm_execute_ursa_signed_char_unsigned_short_unsigned_char_unsigned_short_i_279_fu_536  |   9|          2|    8|         16|
    |mxm_execute_ursa_signed_char_unsigned_short_unsigned_char_unsigned_short_i_280_fu_532  |   9|          2|    8|         16|
    |mxm_execute_ursa_signed_char_unsigned_short_unsigned_char_unsigned_short_i_281_fu_528  |   9|          2|    8|         16|
    |mxm_execute_ursa_signed_char_unsigned_short_unsigned_char_unsigned_short_i_282_fu_524  |   9|          2|    8|         16|
    |mxm_execute_ursa_signed_char_unsigned_short_unsigned_char_unsigned_short_i_283_fu_520  |   9|          2|    8|         16|
    |mxm_execute_ursa_signed_char_unsigned_short_unsigned_char_unsigned_short_i_284_fu_516  |   9|          2|    8|         16|
    |mxm_execute_ursa_signed_char_unsigned_short_unsigned_char_unsigned_short_i_285_fu_512  |   9|          2|    8|         16|
    |mxm_execute_ursa_signed_char_unsigned_short_unsigned_char_unsigned_short_i_286_fu_508  |   9|          2|    8|         16|
    |mxm_execute_ursa_signed_char_unsigned_short_unsigned_char_unsigned_short_i_287_fu_504  |   9|          2|    8|         16|
    |mxm_execute_ursa_signed_char_unsigned_short_unsigned_char_unsigned_short_i_30          |   9|          2|    8|         16|
    |mxm_execute_ursa_signed_char_unsigned_short_unsigned_char_unsigned_short_i_4           |   9|          2|    8|         16|
    |mxm_execute_ursa_signed_char_unsigned_short_unsigned_char_unsigned_short_i_539_fu_652  |   9|          2|    8|         16|
    |mxm_execute_ursa_signed_char_unsigned_short_unsigned_char_unsigned_short_i_540_fu_656  |   9|          2|    8|         16|
    |mxm_execute_ursa_signed_char_unsigned_short_unsigned_char_unsigned_short_i_541_fu_660  |   9|          2|    8|         16|
    |mxm_execute_ursa_signed_char_unsigned_short_unsigned_char_unsigned_short_i_542_fu_664  |   9|          2|    8|         16|
    |mxm_execute_ursa_signed_char_unsigned_short_unsigned_char_unsigned_short_i_543_fu_668  |   9|          2|    8|         16|
    |mxm_execute_ursa_signed_char_unsigned_short_unsigned_char_unsigned_short_i_544_fu_672  |   9|          2|    8|         16|
    |mxm_execute_ursa_signed_char_unsigned_short_unsigned_char_unsigned_short_i_545_fu_676  |   9|          2|    8|         16|
    |mxm_execute_ursa_signed_char_unsigned_short_unsigned_char_unsigned_short_i_546_fu_680  |   9|          2|    8|         16|
    |mxm_execute_ursa_signed_char_unsigned_short_unsigned_char_unsigned_short_i_547_fu_684  |   9|          2|    8|         16|
    |mxm_execute_ursa_signed_char_unsigned_short_unsigned_char_unsigned_short_i_548_fu_688  |   9|          2|    8|         16|
    |mxm_execute_ursa_signed_char_unsigned_short_unsigned_char_unsigned_short_i_549_fu_692  |   9|          2|    8|         16|
    |mxm_execute_ursa_signed_char_unsigned_short_unsigned_char_unsigned_short_i_550_fu_696  |   9|          2|    8|         16|
    |mxm_execute_ursa_signed_char_unsigned_short_unsigned_char_unsigned_short_i_551_fu_700  |   9|          2|    8|         16|
    |mxm_execute_ursa_signed_char_unsigned_short_unsigned_char_unsigned_short_i_552_fu_704  |   9|          2|    8|         16|
    |mxm_execute_ursa_signed_char_unsigned_short_unsigned_char_unsigned_short_i_553_fu_708  |   9|          2|    8|         16|
    |mxm_execute_ursa_signed_char_unsigned_short_unsigned_char_unsigned_short_i_554_fu_712  |   9|          2|    8|         16|
    |mxm_execute_ursa_signed_char_unsigned_short_unsigned_char_unsigned_short_i_555_fu_716  |   9|          2|    8|         16|
    |mxm_execute_ursa_signed_char_unsigned_short_unsigned_char_unsigned_short_i_556_fu_720  |   9|          2|    8|         16|
    |mxm_execute_ursa_signed_char_unsigned_short_unsigned_char_unsigned_short_i_557_fu_724  |   9|          2|    8|         16|
    +---------------------------------------------------------------------------------------+----+-----------+-----+-----------+
    |Total                                                                                  |1246|        275|  989|       2003|
    +---------------------------------------------------------------------------------------+----+-----------+-----+-----------+

    * Register: 
    +---------------------------------------------------------------------------------------+----+----+-----+-----------+
    |                                          Name                                         | FF | LUT| Bits| Const Bits|
    +---------------------------------------------------------------------------------------+----+----+-----+-----------+
    |a0_p_0_data_reg                                                                        |  16|   0|   16|          0|
    |a0_p_0_vld_reg                                                                         |   0|   0|    1|          1|
    |a0_p_read_reg_4322                                                                     |  16|   0|   16|          0|
    |add_ln312_1_reg_4362                                                                   |  27|   0|   27|          0|
    |add_ln328_reg_4419                                                                     |  14|   0|   14|          0|
    |add_ln330_reg_4434                                                                     |  29|   0|   32|          3|
    |add_ln331_reg_4687                                                                     |  29|   0|   32|          3|
    |addr_a0_read_reg_3907                                                                  |  64|   0|   64|          0|
    |addr_b0_read_reg_3902                                                                  |  64|   0|   64|          0|
    |addr_c0_read_reg_3897                                                                  |  64|   0|   64|          0|
    |ap_CS_fsm                                                                              |  12|   0|   12|          0|
    |b0_q_0_data_reg                                                                        |  16|   0|   16|          0|
    |b0_q_0_vld_reg                                                                         |   0|   0|    1|          1|
    |b0_q_read_reg_4304                                                                     |  16|   0|   16|          0|
    |base_col_A_reg_4429                                                                    |  13|   0|   16|          3|
    |base_col_B_cast_reg_4411                                                               |  13|   0|   32|         19|
    |base_col_B_reg_4397                                                                    |  13|   0|   16|          3|
    |bound_reg_4354                                                                         |  28|   0|   28|          0|
    |cmp124_1_reg_4454                                                                      |   1|   0|    1|          0|
    |cmp124_2_reg_4464                                                                      |   1|   0|    1|          0|
    |cmp124_3_reg_4474                                                                      |   1|   0|    1|          0|
    |cmp124_4_reg_4484                                                                      |   1|   0|    1|          0|
    |cmp124_5_reg_4494                                                                      |   1|   0|    1|          0|
    |cmp124_6_reg_4504                                                                      |   1|   0|    1|          0|
    |cmp124_7_reg_4514                                                                      |   1|   0|    1|          0|
    |cmp124_reg_4444                                                                        |   1|   0|    1|          0|
    |global_col_10_reg_4489                                                                 |  13|   0|   16|          3|
    |global_col_12_reg_4499                                                                 |  13|   0|   16|          3|
    |global_col_14_reg_4509                                                                 |  13|   0|   16|          3|
    |global_col_2_reg_4449                                                                  |  13|   0|   16|          3|
    |global_col_4_reg_4459                                                                  |  13|   0|   16|          3|
    |global_col_6_reg_4469                                                                  |  13|   0|   16|          3|
    |global_col_8_reg_4479                                                                  |  13|   0|   16|          3|
    |grp_mxm_execute_ursa_Pipeline_VITIS_LOOP_341_4_fu_1035_ap_start_reg                    |   1|   0|    1|          0|
    |grp_mxm_execute_ursa_Pipeline_VITIS_LOOP_361_6_fu_1408_ap_start_reg                    |   1|   0|    1|          0|
    |grp_mxm_execute_ursa_Pipeline_VITIS_LOOP_382_7_fu_1831_ap_start_reg                    |   1|   0|    1|          0|
    |i_fu_496                                                                               |  14|   0|   14|          0|
    |icmp_ln313_reg_4370                                                                    |   1|   0|    1|          0|
    |indvar_flatten_fu_500                                                                  |  27|   0|   27|          0|
    |j_fu_492                                                                               |  14|   0|   14|          0|
    |k_reg_1024                                                                             |  14|   0|   14|          0|
    |lshr_ln309_cast_reg_4328                                                               |  14|   0|   14|          0|
    |lshr_ln310_cast_reg_4339                                                               |  14|   0|   14|          0|
    |m_0_data_reg                                                                           |  16|   0|   16|          0|
    |m_0_vld_reg                                                                            |   0|   0|    1|          1|
    |m_read_reg_4296                                                                        |  16|   0|   16|          0|
    |mul_ln331_reg_4439                                                                     |  29|   0|   29|          0|
    |mxm_execute_ursa_signed_char_unsigned_short_unsigned_char_unsigned_short_i_10          |   8|   0|    8|          0|
    |mxm_execute_ursa_signed_char_unsigned_short_unsigned_char_unsigned_short_i_13          |   8|   0|    8|          0|
    |mxm_execute_ursa_signed_char_unsigned_short_unsigned_char_unsigned_short_i_175         |   8|   0|    8|          0|
    |mxm_execute_ursa_signed_char_unsigned_short_unsigned_char_unsigned_short_i_176         |   8|   0|    8|          0|
    |mxm_execute_ursa_signed_char_unsigned_short_unsigned_char_unsigned_short_i_177         |   8|   0|    8|          0|
    |mxm_execute_ursa_signed_char_unsigned_short_unsigned_char_unsigned_short_i_178         |   8|   0|    8|          0|
    |mxm_execute_ursa_signed_char_unsigned_short_unsigned_char_unsigned_short_i_179         |   8|   0|    8|          0|
    |mxm_execute_ursa_signed_char_unsigned_short_unsigned_char_unsigned_short_i_180         |   8|   0|    8|          0|
    |mxm_execute_ursa_signed_char_unsigned_short_unsigned_char_unsigned_short_i_181         |   8|   0|    8|          0|
    |mxm_execute_ursa_signed_char_unsigned_short_unsigned_char_unsigned_short_i_182         |   8|   0|    8|          0|
    |mxm_execute_ursa_signed_char_unsigned_short_unsigned_char_unsigned_short_i_183         |   8|   0|    8|          0|
    |mxm_execute_ursa_signed_char_unsigned_short_unsigned_char_unsigned_short_i_184         |   8|   0|    8|          0|
    |mxm_execute_ursa_signed_char_unsigned_short_unsigned_char_unsigned_short_i_185         |   8|   0|    8|          0|
    |mxm_execute_ursa_signed_char_unsigned_short_unsigned_char_unsigned_short_i_186         |   8|   0|    8|          0|
    |mxm_execute_ursa_signed_char_unsigned_short_unsigned_char_unsigned_short_i_187         |   8|   0|    8|          0|
    |mxm_execute_ursa_signed_char_unsigned_short_unsigned_char_unsigned_short_i_188         |   8|   0|    8|          0|
    |mxm_execute_ursa_signed_char_unsigned_short_unsigned_char_unsigned_short_i_189         |   8|   0|    8|          0|
    |mxm_execute_ursa_signed_char_unsigned_short_unsigned_char_unsigned_short_i_190         |   8|   0|    8|          0|
    |mxm_execute_ursa_signed_char_unsigned_short_unsigned_char_unsigned_short_i_191         |   8|   0|    8|          0|
    |mxm_execute_ursa_signed_char_unsigned_short_unsigned_char_unsigned_short_i_192         |   8|   0|    8|          0|
    |mxm_execute_ursa_signed_char_unsigned_short_unsigned_char_unsigned_short_i_193         |   8|   0|    8|          0|
    |mxm_execute_ursa_signed_char_unsigned_short_unsigned_char_unsigned_short_i_194         |   8|   0|    8|          0|
    |mxm_execute_ursa_signed_char_unsigned_short_unsigned_char_unsigned_short_i_195         |   8|   0|    8|          0|
    |mxm_execute_ursa_signed_char_unsigned_short_unsigned_char_unsigned_short_i_196         |   8|   0|    8|          0|
    |mxm_execute_ursa_signed_char_unsigned_short_unsigned_char_unsigned_short_i_197         |   8|   0|    8|          0|
    |mxm_execute_ursa_signed_char_unsigned_short_unsigned_char_unsigned_short_i_198         |   8|   0|    8|          0|
    |mxm_execute_ursa_signed_char_unsigned_short_unsigned_char_unsigned_short_i_199         |   8|   0|    8|          0|
    |mxm_execute_ursa_signed_char_unsigned_short_unsigned_char_unsigned_short_i_200         |   8|   0|    8|          0|
    |mxm_execute_ursa_signed_char_unsigned_short_unsigned_char_unsigned_short_i_201         |   8|   0|    8|          0|
    |mxm_execute_ursa_signed_char_unsigned_short_unsigned_char_unsigned_short_i_202         |   8|   0|    8|          0|
    |mxm_execute_ursa_signed_char_unsigned_short_unsigned_char_unsigned_short_i_203         |   8|   0|    8|          0|
    |mxm_execute_ursa_signed_char_unsigned_short_unsigned_char_unsigned_short_i_204         |   8|   0|    8|          0|
    |mxm_execute_ursa_signed_char_unsigned_short_unsigned_char_unsigned_short_i_205         |   8|   0|    8|          0|
    |mxm_execute_ursa_signed_char_unsigned_short_unsigned_char_unsigned_short_i_206         |   8|   0|    8|          0|
    |mxm_execute_ursa_signed_char_unsigned_short_unsigned_char_unsigned_short_i_207         |   8|   0|    8|          0|
    |mxm_execute_ursa_signed_char_unsigned_short_unsigned_char_unsigned_short_i_208         |   8|   0|    8|          0|
    |mxm_execute_ursa_signed_char_unsigned_short_unsigned_char_unsigned_short_i_209         |   8|   0|    8|          0|
    |mxm_execute_ursa_signed_char_unsigned_short_unsigned_char_unsigned_short_i_21          |   8|   0|    8|          0|
    |mxm_execute_ursa_signed_char_unsigned_short_unsigned_char_unsigned_short_i_210         |   8|   0|    8|          0|
    |mxm_execute_ursa_signed_char_unsigned_short_unsigned_char_unsigned_short_i_211         |   8|   0|    8|          0|
    |mxm_execute_ursa_signed_char_unsigned_short_unsigned_char_unsigned_short_i_212         |   8|   0|    8|          0|
    |mxm_execute_ursa_signed_char_unsigned_short_unsigned_char_unsigned_short_i_213         |   8|   0|    8|          0|
    |mxm_execute_ursa_signed_char_unsigned_short_unsigned_char_unsigned_short_i_214         |   8|   0|    8|          0|
    |mxm_execute_ursa_signed_char_unsigned_short_unsigned_char_unsigned_short_i_215         |   8|   0|    8|          0|
    |mxm_execute_ursa_signed_char_unsigned_short_unsigned_char_unsigned_short_i_216         |   8|   0|    8|          0|
    |mxm_execute_ursa_signed_char_unsigned_short_unsigned_char_unsigned_short_i_217         |   8|   0|    8|          0|
    |mxm_execute_ursa_signed_char_unsigned_short_unsigned_char_unsigned_short_i_218         |   8|   0|    8|          0|
    |mxm_execute_ursa_signed_char_unsigned_short_unsigned_char_unsigned_short_i_219         |   8|   0|    8|          0|
    |mxm_execute_ursa_signed_char_unsigned_short_unsigned_char_unsigned_short_i_22          |   8|   0|    8|          0|
    |mxm_execute_ursa_signed_char_unsigned_short_unsigned_char_unsigned_short_i_220         |   8|   0|    8|          0|
    |mxm_execute_ursa_signed_char_unsigned_short_unsigned_char_unsigned_short_i_221         |   8|   0|    8|          0|
    |mxm_execute_ursa_signed_char_unsigned_short_unsigned_char_unsigned_short_i_222         |   8|   0|    8|          0|
    |mxm_execute_ursa_signed_char_unsigned_short_unsigned_char_unsigned_short_i_223         |   8|   0|    8|          0|
    |mxm_execute_ursa_signed_char_unsigned_short_unsigned_char_unsigned_short_i_224         |   8|   0|    8|          0|
    |mxm_execute_ursa_signed_char_unsigned_short_unsigned_char_unsigned_short_i_225         |   8|   0|    8|          0|
    |mxm_execute_ursa_signed_char_unsigned_short_unsigned_char_unsigned_short_i_226         |   8|   0|    8|          0|
    |mxm_execute_ursa_signed_char_unsigned_short_unsigned_char_unsigned_short_i_227         |   8|   0|    8|          0|
    |mxm_execute_ursa_signed_char_unsigned_short_unsigned_char_unsigned_short_i_228         |   8|   0|    8|          0|
    |mxm_execute_ursa_signed_char_unsigned_short_unsigned_char_unsigned_short_i_229         |   8|   0|    8|          0|
    |mxm_execute_ursa_signed_char_unsigned_short_unsigned_char_unsigned_short_i_230         |   8|   0|    8|          0|
    |mxm_execute_ursa_signed_char_unsigned_short_unsigned_char_unsigned_short_i_231         |   8|   0|    8|          0|
    |mxm_execute_ursa_signed_char_unsigned_short_unsigned_char_unsigned_short_i_232         |   8|   0|    8|          0|
    |mxm_execute_ursa_signed_char_unsigned_short_unsigned_char_unsigned_short_i_233         |   8|   0|    8|          0|
    |mxm_execute_ursa_signed_char_unsigned_short_unsigned_char_unsigned_short_i_234         |   8|   0|    8|          0|
    |mxm_execute_ursa_signed_char_unsigned_short_unsigned_char_unsigned_short_i_243         |   8|   0|    8|          0|
    |mxm_execute_ursa_signed_char_unsigned_short_unsigned_char_unsigned_short_i_251_fu_648  |   8|   0|    8|          0|
    |mxm_execute_ursa_signed_char_unsigned_short_unsigned_char_unsigned_short_i_252_fu_644  |   8|   0|    8|          0|
    |mxm_execute_ursa_signed_char_unsigned_short_unsigned_char_unsigned_short_i_253_fu_640  |   8|   0|    8|          0|
    |mxm_execute_ursa_signed_char_unsigned_short_unsigned_char_unsigned_short_i_254_fu_636  |   8|   0|    8|          0|
    |mxm_execute_ursa_signed_char_unsigned_short_unsigned_char_unsigned_short_i_255_fu_632  |   8|   0|    8|          0|
    |mxm_execute_ursa_signed_char_unsigned_short_unsigned_char_unsigned_short_i_256_fu_628  |   8|   0|    8|          0|
    |mxm_execute_ursa_signed_char_unsigned_short_unsigned_char_unsigned_short_i_257_fu_624  |   8|   0|    8|          0|
    |mxm_execute_ursa_signed_char_unsigned_short_unsigned_char_unsigned_short_i_258_fu_620  |   8|   0|    8|          0|
    |mxm_execute_ursa_signed_char_unsigned_short_unsigned_char_unsigned_short_i_259_fu_616  |   8|   0|    8|          0|
    |mxm_execute_ursa_signed_char_unsigned_short_unsigned_char_unsigned_short_i_260_fu_612  |   8|   0|    8|          0|
    |mxm_execute_ursa_signed_char_unsigned_short_unsigned_char_unsigned_short_i_261_fu_608  |   8|   0|    8|          0|
    |mxm_execute_ursa_signed_char_unsigned_short_unsigned_char_unsigned_short_i_262_fu_604  |   8|   0|    8|          0|
    |mxm_execute_ursa_signed_char_unsigned_short_unsigned_char_unsigned_short_i_263_fu_600  |   8|   0|    8|          0|
    |mxm_execute_ursa_signed_char_unsigned_short_unsigned_char_unsigned_short_i_264_fu_596  |   8|   0|    8|          0|
    |mxm_execute_ursa_signed_char_unsigned_short_unsigned_char_unsigned_short_i_265_fu_592  |   8|   0|    8|          0|
    |mxm_execute_ursa_signed_char_unsigned_short_unsigned_char_unsigned_short_i_266_fu_588  |   8|   0|    8|          0|
    |mxm_execute_ursa_signed_char_unsigned_short_unsigned_char_unsigned_short_i_267_fu_584  |   8|   0|    8|          0|
    |mxm_execute_ursa_signed_char_unsigned_short_unsigned_char_unsigned_short_i_268_fu_580  |   8|   0|    8|          0|
    |mxm_execute_ursa_signed_char_unsigned_short_unsigned_char_unsigned_short_i_269_fu_576  |   8|   0|    8|          0|
    |mxm_execute_ursa_signed_char_unsigned_short_unsigned_char_unsigned_short_i_270_fu_572  |   8|   0|    8|          0|
    |mxm_execute_ursa_signed_char_unsigned_short_unsigned_char_unsigned_short_i_271_fu_568  |   8|   0|    8|          0|
    |mxm_execute_ursa_signed_char_unsigned_short_unsigned_char_unsigned_short_i_272_fu_564  |   8|   0|    8|          0|
    |mxm_execute_ursa_signed_char_unsigned_short_unsigned_char_unsigned_short_i_273_fu_560  |   8|   0|    8|          0|
    |mxm_execute_ursa_signed_char_unsigned_short_unsigned_char_unsigned_short_i_274_fu_556  |   8|   0|    8|          0|
    |mxm_execute_ursa_signed_char_unsigned_short_unsigned_char_unsigned_short_i_275_fu_552  |   8|   0|    8|          0|
    |mxm_execute_ursa_signed_char_unsigned_short_unsigned_char_unsigned_short_i_276_fu_548  |   8|   0|    8|          0|
    |mxm_execute_ursa_signed_char_unsigned_short_unsigned_char_unsigned_short_i_277_fu_544  |   8|   0|    8|          0|
    |mxm_execute_ursa_signed_char_unsigned_short_unsigned_char_unsigned_short_i_278_fu_540  |   8|   0|    8|          0|
    |mxm_execute_ursa_signed_char_unsigned_short_unsigned_char_unsigned_short_i_279_fu_536  |   8|   0|    8|          0|
    |mxm_execute_ursa_signed_char_unsigned_short_unsigned_char_unsigned_short_i_280_fu_532  |   8|   0|    8|          0|
    |mxm_execute_ursa_signed_char_unsigned_short_unsigned_char_unsigned_short_i_281_fu_528  |   8|   0|    8|          0|
    |mxm_execute_ursa_signed_char_unsigned_short_unsigned_char_unsigned_short_i_282_fu_524  |   8|   0|    8|          0|
    |mxm_execute_ursa_signed_char_unsigned_short_unsigned_char_unsigned_short_i_283_fu_520  |   8|   0|    8|          0|
    |mxm_execute_ursa_signed_char_unsigned_short_unsigned_char_unsigned_short_i_284_fu_516  |   8|   0|    8|          0|
    |mxm_execute_ursa_signed_char_unsigned_short_unsigned_char_unsigned_short_i_285_fu_512  |   8|   0|    8|          0|
    |mxm_execute_ursa_signed_char_unsigned_short_unsigned_char_unsigned_short_i_286_fu_508  |   8|   0|    8|          0|
    |mxm_execute_ursa_signed_char_unsigned_short_unsigned_char_unsigned_short_i_287_fu_504  |   8|   0|    8|          0|
    |mxm_execute_ursa_signed_char_unsigned_short_unsigned_char_unsigned_short_i_30          |   8|   0|    8|          0|
    |mxm_execute_ursa_signed_char_unsigned_short_unsigned_char_unsigned_short_i_32          |   8|   0|    8|          0|
    |mxm_execute_ursa_signed_char_unsigned_short_unsigned_char_unsigned_short_i_39          |   8|   0|    8|          0|
    |mxm_execute_ursa_signed_char_unsigned_short_unsigned_char_unsigned_short_i_4           |   8|   0|    8|          0|
    |mxm_execute_ursa_signed_char_unsigned_short_unsigned_char_unsigned_short_i_40          |   8|   0|    8|          0|
    |mxm_execute_ursa_signed_char_unsigned_short_unsigned_char_unsigned_short_i_41          |   8|   0|    8|          0|
    |mxm_execute_ursa_signed_char_unsigned_short_unsigned_char_unsigned_short_i_42          |   8|   0|    8|          0|
    |mxm_execute_ursa_signed_char_unsigned_short_unsigned_char_unsigned_short_i_43          |   8|   0|    8|          0|
    |mxm_execute_ursa_signed_char_unsigned_short_unsigned_char_unsigned_short_i_44          |   8|   0|    8|          0|
    |mxm_execute_ursa_signed_char_unsigned_short_unsigned_char_unsigned_short_i_45          |   8|   0|    8|          0|
    |mxm_execute_ursa_signed_char_unsigned_short_unsigned_char_unsigned_short_i_46          |   8|   0|    8|          0|
    |mxm_execute_ursa_signed_char_unsigned_short_unsigned_char_unsigned_short_i_47          |   8|   0|    8|          0|
    |mxm_execute_ursa_signed_char_unsigned_short_unsigned_char_unsigned_short_i_48          |   8|   0|    8|          0|
    |mxm_execute_ursa_signed_char_unsigned_short_unsigned_char_unsigned_short_i_49          |   8|   0|    8|          0|
    |mxm_execute_ursa_signed_char_unsigned_short_unsigned_char_unsigned_short_i_50          |   8|   0|    8|          0|
    |mxm_execute_ursa_signed_char_unsigned_short_unsigned_char_unsigned_short_i_51          |   8|   0|    8|          0|
    |mxm_execute_ursa_signed_char_unsigned_short_unsigned_char_unsigned_short_i_52          |   8|   0|    8|          0|
    |mxm_execute_ursa_signed_char_unsigned_short_unsigned_char_unsigned_short_i_53          |   8|   0|    8|          0|
    |mxm_execute_ursa_signed_char_unsigned_short_unsigned_char_unsigned_short_i_539_fu_652  |   8|   0|    8|          0|
    |mxm_execute_ursa_signed_char_unsigned_short_unsigned_char_unsigned_short_i_54          |   8|   0|    8|          0|
    |mxm_execute_ursa_signed_char_unsigned_short_unsigned_char_unsigned_short_i_540_fu_656  |   8|   0|    8|          0|
    |mxm_execute_ursa_signed_char_unsigned_short_unsigned_char_unsigned_short_i_541_fu_660  |   8|   0|    8|          0|
    |mxm_execute_ursa_signed_char_unsigned_short_unsigned_char_unsigned_short_i_542_fu_664  |   8|   0|    8|          0|
    |mxm_execute_ursa_signed_char_unsigned_short_unsigned_char_unsigned_short_i_543_fu_668  |   8|   0|    8|          0|
    |mxm_execute_ursa_signed_char_unsigned_short_unsigned_char_unsigned_short_i_544_fu_672  |   8|   0|    8|          0|
    |mxm_execute_ursa_signed_char_unsigned_short_unsigned_char_unsigned_short_i_545_fu_676  |   8|   0|    8|          0|
    |mxm_execute_ursa_signed_char_unsigned_short_unsigned_char_unsigned_short_i_546_fu_680  |   8|   0|    8|          0|
    |mxm_execute_ursa_signed_char_unsigned_short_unsigned_char_unsigned_short_i_547_fu_684  |   8|   0|    8|          0|
    |mxm_execute_ursa_signed_char_unsigned_short_unsigned_char_unsigned_short_i_548_fu_688  |   8|   0|    8|          0|
    |mxm_execute_ursa_signed_char_unsigned_short_unsigned_char_unsigned_short_i_549_fu_692  |   8|   0|    8|          0|
    |mxm_execute_ursa_signed_char_unsigned_short_unsigned_char_unsigned_short_i_55          |   8|   0|    8|          0|
    |mxm_execute_ursa_signed_char_unsigned_short_unsigned_char_unsigned_short_i_550_fu_696  |   8|   0|    8|          0|
    |mxm_execute_ursa_signed_char_unsigned_short_unsigned_char_unsigned_short_i_551_fu_700  |   8|   0|    8|          0|
    |mxm_execute_ursa_signed_char_unsigned_short_unsigned_char_unsigned_short_i_552_fu_704  |   8|   0|    8|          0|
    |mxm_execute_ursa_signed_char_unsigned_short_unsigned_char_unsigned_short_i_553_fu_708  |   8|   0|    8|          0|
    |mxm_execute_ursa_signed_char_unsigned_short_unsigned_char_unsigned_short_i_554_fu_712  |   8|   0|    8|          0|
    |mxm_execute_ursa_signed_char_unsigned_short_unsigned_char_unsigned_short_i_555_fu_716  |   8|   0|    8|          0|
    |mxm_execute_ursa_signed_char_unsigned_short_unsigned_char_unsigned_short_i_556_fu_720  |   8|   0|    8|          0|
    |mxm_execute_ursa_signed_char_unsigned_short_unsigned_char_unsigned_short_i_557_fu_724  |   8|   0|    8|          0|
    |mxm_execute_ursa_signed_char_unsigned_short_unsigned_char_unsigned_short_i_56          |   8|   0|    8|          0|
    |mxm_execute_ursa_signed_char_unsigned_short_unsigned_char_unsigned_short_i_57          |   8|   0|    8|          0|
    |mxm_execute_ursa_signed_char_unsigned_short_unsigned_char_unsigned_short_i_58          |   8|   0|    8|          0|
    |mxm_execute_ursa_signed_char_unsigned_short_unsigned_char_unsigned_short_i_59          |   8|   0|    8|          0|
    |mxm_execute_ursa_signed_char_unsigned_short_unsigned_char_unsigned_short_i_60          |   8|   0|    8|          0|
    |mxm_execute_ursa_signed_char_unsigned_short_unsigned_char_unsigned_short_i_61          |   8|   0|    8|          0|
    |mxm_execute_ursa_signed_char_unsigned_short_unsigned_char_unsigned_short_i_62          |   8|   0|    8|          0|
    |mxm_execute_ursa_signed_char_unsigned_short_unsigned_char_unsigned_short_i_63          |   8|   0|    8|          0|
    |mxm_execute_ursa_signed_char_unsigned_short_unsigned_char_unsigned_short_i_64          |   8|   0|    8|          0|
    |mxm_execute_ursa_signed_char_unsigned_short_unsigned_char_unsigned_short_i_65          |   8|   0|    8|          0|
    |mxm_execute_ursa_signed_char_unsigned_short_unsigned_char_unsigned_short_i_66          |   8|   0|    8|          0|
    |mxm_execute_ursa_signed_char_unsigned_short_unsigned_char_unsigned_short_i_67          |   8|   0|    8|          0|
    |mxm_execute_ursa_signed_char_unsigned_short_unsigned_char_unsigned_short_i_68          |   8|   0|    8|          0|
    |mxm_execute_ursa_signed_char_unsigned_short_unsigned_char_unsigned_short_i_69          |   8|   0|    8|          0|
    |mxm_execute_ursa_signed_char_unsigned_short_unsigned_char_unsigned_short_i_70          |   8|   0|    8|          0|
    |mxm_execute_ursa_signed_char_unsigned_short_unsigned_char_unsigned_short_i_71          |   8|   0|    8|          0|
    |mxm_execute_ursa_signed_char_unsigned_short_unsigned_char_unsigned_short_i_72          |   8|   0|    8|          0|
    |mxm_execute_ursa_signed_char_unsigned_short_unsigned_char_unsigned_short_i_73          |   8|   0|    8|          0|
    |mxm_execute_ursa_signed_char_unsigned_short_unsigned_char_unsigned_short_i_74          |   8|   0|    8|          0|
    |mxm_execute_ursa_signed_char_unsigned_short_unsigned_char_unsigned_short_i_75          |   8|   0|    8|          0|
    |mxm_execute_ursa_signed_char_unsigned_short_unsigned_char_unsigned_short_i_76          |   8|   0|    8|          0|
    |mxm_execute_ursa_signed_char_unsigned_short_unsigned_char_unsigned_short_i_77          |   8|   0|    8|          0|
    |mxm_execute_ursa_signed_char_unsigned_short_unsigned_char_unsigned_short_i_78          |   8|   0|    8|          0|
    |mxm_execute_ursa_signed_char_unsigned_short_unsigned_char_unsigned_short_i_79          |   8|   0|    8|          0|
    |mxm_execute_ursa_signed_char_unsigned_short_unsigned_char_unsigned_short_i_80          |   8|   0|    8|          0|
    |mxm_execute_ursa_signed_char_unsigned_short_unsigned_char_unsigned_short_i_81          |   8|   0|    8|          0|
    |mxm_execute_ursa_signed_char_unsigned_short_unsigned_char_unsigned_short_i_82          |   8|   0|    8|          0|
    |mxm_execute_ursa_signed_char_unsigned_short_unsigned_char_unsigned_short_i_83          |   8|   0|    8|          0|
    |mxm_execute_ursa_signed_char_unsigned_short_unsigned_char_unsigned_short_i_84          |   8|   0|    8|          0|
    |mxm_execute_ursa_signed_char_unsigned_short_unsigned_char_unsigned_short_i_85          |   8|   0|    8|          0|
    |mxm_execute_ursa_signed_char_unsigned_short_unsigned_char_unsigned_short_i_86          |   8|   0|    8|          0|
    |mxm_execute_ursa_signed_char_unsigned_short_unsigned_char_unsigned_short_i_87          |   8|   0|    8|          0|
    |mxm_execute_ursa_signed_char_unsigned_short_unsigned_char_unsigned_short_i_88          |   8|   0|    8|          0|
    |mxm_execute_ursa_signed_char_unsigned_short_unsigned_char_unsigned_short_i_89          |   8|   0|    8|          0|
    |mxm_execute_ursa_signed_char_unsigned_short_unsigned_char_unsigned_short_i_96          |   8|   0|    8|          0|
    |p_mid_reg_4392                                                                         |  29|   0|   32|          3|
    |select_ln312_1_reg_4375                                                                |  14|   0|   14|          0|
    |select_ln312_reg_4387                                                                  |  14|   0|   14|          0|
    |trunc_ln312_reg_4380                                                                   |  13|   0|   13|          0|
    |trunc_ln334_reg_4424                                                                   |  13|   0|   13|          0|
    |trunc_ln_reg_4334                                                                      |  14|   0|   14|          0|
    |zext_ln312_reg_4349                                                                    |  16|   0|   29|         13|
    |zext_ln331_reg_4344                                                                    |  16|   0|   29|         13|
    +---------------------------------------------------------------------------------------+----+----+-----+-----------+
    |Total                                                                                  |2232|   0| 2316|         84|
    +---------------------------------------------------------------------------------------+----+----+-----+-----------+



================================================================
== Interface
================================================================
* Summary: 
+-----------------------+-----+-----+------------+------------------+--------------+
|       RTL Ports       | Dir | Bits|  Protocol  |   Source Object  |    C Type    |
+-----------------------+-----+-----+------------+------------------+--------------+
|s_axi_ap_AWVALID       |   in|    1|       s_axi|                ap|        scalar|
|s_axi_ap_AWREADY       |  out|    1|       s_axi|                ap|        scalar|
|s_axi_ap_AWADDR        |   in|    6|       s_axi|                ap|        scalar|
|s_axi_ap_WVALID        |   in|    1|       s_axi|                ap|        scalar|
|s_axi_ap_WREADY        |  out|    1|       s_axi|                ap|        scalar|
|s_axi_ap_WDATA         |   in|   32|       s_axi|                ap|        scalar|
|s_axi_ap_WSTRB         |   in|    4|       s_axi|                ap|        scalar|
|s_axi_ap_ARVALID       |   in|    1|       s_axi|                ap|        scalar|
|s_axi_ap_ARREADY       |  out|    1|       s_axi|                ap|        scalar|
|s_axi_ap_ARADDR        |   in|    6|       s_axi|                ap|        scalar|
|s_axi_ap_RVALID        |  out|    1|       s_axi|                ap|        scalar|
|s_axi_ap_RREADY        |   in|    1|       s_axi|                ap|        scalar|
|s_axi_ap_RDATA         |  out|   32|       s_axi|                ap|        scalar|
|s_axi_ap_RRESP         |  out|    2|       s_axi|                ap|        scalar|
|s_axi_ap_BVALID        |  out|    1|       s_axi|                ap|        scalar|
|s_axi_ap_BREADY        |   in|    1|       s_axi|                ap|        scalar|
|s_axi_ap_BRESP         |  out|    2|       s_axi|                ap|        scalar|
|s_axi_control_AWVALID  |   in|    1|       s_axi|           control|        scalar|
|s_axi_control_AWREADY  |  out|    1|       s_axi|           control|        scalar|
|s_axi_control_AWADDR   |   in|    6|       s_axi|           control|        scalar|
|s_axi_control_WVALID   |   in|    1|       s_axi|           control|        scalar|
|s_axi_control_WREADY   |  out|    1|       s_axi|           control|        scalar|
|s_axi_control_WDATA    |   in|   32|       s_axi|           control|        scalar|
|s_axi_control_WSTRB    |   in|    4|       s_axi|           control|        scalar|
|s_axi_control_ARVALID  |   in|    1|       s_axi|           control|        scalar|
|s_axi_control_ARREADY  |  out|    1|       s_axi|           control|        scalar|
|s_axi_control_ARADDR   |   in|    6|       s_axi|           control|        scalar|
|s_axi_control_RVALID   |  out|    1|       s_axi|           control|        scalar|
|s_axi_control_RREADY   |   in|    1|       s_axi|           control|        scalar|
|s_axi_control_RDATA    |  out|   32|       s_axi|           control|        scalar|
|s_axi_control_RRESP    |  out|    2|       s_axi|           control|        scalar|
|s_axi_control_BVALID   |  out|    1|       s_axi|           control|        scalar|
|s_axi_control_BREADY   |   in|    1|       s_axi|           control|        scalar|
|s_axi_control_BRESP    |  out|    2|       s_axi|           control|        scalar|
|ap_clk                 |   in|    1|  ap_ctrl_hs|  mxm_execute_ursa|  return value|
|ap_rst_n               |   in|    1|  ap_ctrl_hs|  mxm_execute_ursa|  return value|
|interrupt              |  out|    1|  ap_ctrl_hs|  mxm_execute_ursa|  return value|
|m_axi_aw_AWVALID       |  out|    1|       m_axi|                aw|       pointer|
|m_axi_aw_AWREADY       |   in|    1|       m_axi|                aw|       pointer|
|m_axi_aw_AWADDR        |  out|   64|       m_axi|                aw|       pointer|
|m_axi_aw_AWID          |  out|    1|       m_axi|                aw|       pointer|
|m_axi_aw_AWLEN         |  out|    8|       m_axi|                aw|       pointer|
|m_axi_aw_AWSIZE        |  out|    3|       m_axi|                aw|       pointer|
|m_axi_aw_AWBURST       |  out|    2|       m_axi|                aw|       pointer|
|m_axi_aw_AWLOCK        |  out|    2|       m_axi|                aw|       pointer|
|m_axi_aw_AWCACHE       |  out|    4|       m_axi|                aw|       pointer|
|m_axi_aw_AWPROT        |  out|    3|       m_axi|                aw|       pointer|
|m_axi_aw_AWQOS         |  out|    4|       m_axi|                aw|       pointer|
|m_axi_aw_AWREGION      |  out|    4|       m_axi|                aw|       pointer|
|m_axi_aw_AWUSER        |  out|    1|       m_axi|                aw|       pointer|
|m_axi_aw_WVALID        |  out|    1|       m_axi|                aw|       pointer|
|m_axi_aw_WREADY        |   in|    1|       m_axi|                aw|       pointer|
|m_axi_aw_WDATA         |  out|   32|       m_axi|                aw|       pointer|
|m_axi_aw_WSTRB         |  out|    4|       m_axi|                aw|       pointer|
|m_axi_aw_WLAST         |  out|    1|       m_axi|                aw|       pointer|
|m_axi_aw_WID           |  out|    1|       m_axi|                aw|       pointer|
|m_axi_aw_WUSER         |  out|    1|       m_axi|                aw|       pointer|
|m_axi_aw_ARVALID       |  out|    1|       m_axi|                aw|       pointer|
|m_axi_aw_ARREADY       |   in|    1|       m_axi|                aw|       pointer|
|m_axi_aw_ARADDR        |  out|   64|       m_axi|                aw|       pointer|
|m_axi_aw_ARID          |  out|    1|       m_axi|                aw|       pointer|
|m_axi_aw_ARLEN         |  out|    8|       m_axi|                aw|       pointer|
|m_axi_aw_ARSIZE        |  out|    3|       m_axi|                aw|       pointer|
|m_axi_aw_ARBURST       |  out|    2|       m_axi|                aw|       pointer|
|m_axi_aw_ARLOCK        |  out|    2|       m_axi|                aw|       pointer|
|m_axi_aw_ARCACHE       |  out|    4|       m_axi|                aw|       pointer|
|m_axi_aw_ARPROT        |  out|    3|       m_axi|                aw|       pointer|
|m_axi_aw_ARQOS         |  out|    4|       m_axi|                aw|       pointer|
|m_axi_aw_ARREGION      |  out|    4|       m_axi|                aw|       pointer|
|m_axi_aw_ARUSER        |  out|    1|       m_axi|                aw|       pointer|
|m_axi_aw_RVALID        |   in|    1|       m_axi|                aw|       pointer|
|m_axi_aw_RREADY        |  out|    1|       m_axi|                aw|       pointer|
|m_axi_aw_RDATA         |   in|   32|       m_axi|                aw|       pointer|
|m_axi_aw_RLAST         |   in|    1|       m_axi|                aw|       pointer|
|m_axi_aw_RID           |   in|    1|       m_axi|                aw|       pointer|
|m_axi_aw_RUSER         |   in|    1|       m_axi|                aw|       pointer|
|m_axi_aw_RRESP         |   in|    2|       m_axi|                aw|       pointer|
|m_axi_aw_BVALID        |   in|    1|       m_axi|                aw|       pointer|
|m_axi_aw_BREADY        |  out|    1|       m_axi|                aw|       pointer|
|m_axi_aw_BRESP         |   in|    2|       m_axi|                aw|       pointer|
|m_axi_aw_BID           |   in|    1|       m_axi|                aw|       pointer|
|m_axi_aw_BUSER         |   in|    1|       m_axi|                aw|       pointer|
|m_axi_bi_AWVALID       |  out|    1|       m_axi|                bi|       pointer|
|m_axi_bi_AWREADY       |   in|    1|       m_axi|                bi|       pointer|
|m_axi_bi_AWADDR        |  out|   64|       m_axi|                bi|       pointer|
|m_axi_bi_AWID          |  out|    1|       m_axi|                bi|       pointer|
|m_axi_bi_AWLEN         |  out|    8|       m_axi|                bi|       pointer|
|m_axi_bi_AWSIZE        |  out|    3|       m_axi|                bi|       pointer|
|m_axi_bi_AWBURST       |  out|    2|       m_axi|                bi|       pointer|
|m_axi_bi_AWLOCK        |  out|    2|       m_axi|                bi|       pointer|
|m_axi_bi_AWCACHE       |  out|    4|       m_axi|                bi|       pointer|
|m_axi_bi_AWPROT        |  out|    3|       m_axi|                bi|       pointer|
|m_axi_bi_AWQOS         |  out|    4|       m_axi|                bi|       pointer|
|m_axi_bi_AWREGION      |  out|    4|       m_axi|                bi|       pointer|
|m_axi_bi_AWUSER        |  out|    1|       m_axi|                bi|       pointer|
|m_axi_bi_WVALID        |  out|    1|       m_axi|                bi|       pointer|
|m_axi_bi_WREADY        |   in|    1|       m_axi|                bi|       pointer|
|m_axi_bi_WDATA         |  out|   32|       m_axi|                bi|       pointer|
|m_axi_bi_WSTRB         |  out|    4|       m_axi|                bi|       pointer|
|m_axi_bi_WLAST         |  out|    1|       m_axi|                bi|       pointer|
|m_axi_bi_WID           |  out|    1|       m_axi|                bi|       pointer|
|m_axi_bi_WUSER         |  out|    1|       m_axi|                bi|       pointer|
|m_axi_bi_ARVALID       |  out|    1|       m_axi|                bi|       pointer|
|m_axi_bi_ARREADY       |   in|    1|       m_axi|                bi|       pointer|
|m_axi_bi_ARADDR        |  out|   64|       m_axi|                bi|       pointer|
|m_axi_bi_ARID          |  out|    1|       m_axi|                bi|       pointer|
|m_axi_bi_ARLEN         |  out|    8|       m_axi|                bi|       pointer|
|m_axi_bi_ARSIZE        |  out|    3|       m_axi|                bi|       pointer|
|m_axi_bi_ARBURST       |  out|    2|       m_axi|                bi|       pointer|
|m_axi_bi_ARLOCK        |  out|    2|       m_axi|                bi|       pointer|
|m_axi_bi_ARCACHE       |  out|    4|       m_axi|                bi|       pointer|
|m_axi_bi_ARPROT        |  out|    3|       m_axi|                bi|       pointer|
|m_axi_bi_ARQOS         |  out|    4|       m_axi|                bi|       pointer|
|m_axi_bi_ARREGION      |  out|    4|       m_axi|                bi|       pointer|
|m_axi_bi_ARUSER        |  out|    1|       m_axi|                bi|       pointer|
|m_axi_bi_RVALID        |   in|    1|       m_axi|                bi|       pointer|
|m_axi_bi_RREADY        |  out|    1|       m_axi|                bi|       pointer|
|m_axi_bi_RDATA         |   in|   32|       m_axi|                bi|       pointer|
|m_axi_bi_RLAST         |   in|    1|       m_axi|                bi|       pointer|
|m_axi_bi_RID           |   in|    1|       m_axi|                bi|       pointer|
|m_axi_bi_RUSER         |   in|    1|       m_axi|                bi|       pointer|
|m_axi_bi_RRESP         |   in|    2|       m_axi|                bi|       pointer|
|m_axi_bi_BVALID        |   in|    1|       m_axi|                bi|       pointer|
|m_axi_bi_BREADY        |  out|    1|       m_axi|                bi|       pointer|
|m_axi_bi_BRESP         |   in|    2|       m_axi|                bi|       pointer|
|m_axi_bi_BID           |   in|    1|       m_axi|                bi|       pointer|
|m_axi_bi_BUSER         |   in|    1|       m_axi|                bi|       pointer|
|m_axi_ca_AWVALID       |  out|    1|       m_axi|                ca|       pointer|
|m_axi_ca_AWREADY       |   in|    1|       m_axi|                ca|       pointer|
|m_axi_ca_AWADDR        |  out|   64|       m_axi|                ca|       pointer|
|m_axi_ca_AWID          |  out|    1|       m_axi|                ca|       pointer|
|m_axi_ca_AWLEN         |  out|    8|       m_axi|                ca|       pointer|
|m_axi_ca_AWSIZE        |  out|    3|       m_axi|                ca|       pointer|
|m_axi_ca_AWBURST       |  out|    2|       m_axi|                ca|       pointer|
|m_axi_ca_AWLOCK        |  out|    2|       m_axi|                ca|       pointer|
|m_axi_ca_AWCACHE       |  out|    4|       m_axi|                ca|       pointer|
|m_axi_ca_AWPROT        |  out|    3|       m_axi|                ca|       pointer|
|m_axi_ca_AWQOS         |  out|    4|       m_axi|                ca|       pointer|
|m_axi_ca_AWREGION      |  out|    4|       m_axi|                ca|       pointer|
|m_axi_ca_AWUSER        |  out|    1|       m_axi|                ca|       pointer|
|m_axi_ca_WVALID        |  out|    1|       m_axi|                ca|       pointer|
|m_axi_ca_WREADY        |   in|    1|       m_axi|                ca|       pointer|
|m_axi_ca_WDATA         |  out|   32|       m_axi|                ca|       pointer|
|m_axi_ca_WSTRB         |  out|    4|       m_axi|                ca|       pointer|
|m_axi_ca_WLAST         |  out|    1|       m_axi|                ca|       pointer|
|m_axi_ca_WID           |  out|    1|       m_axi|                ca|       pointer|
|m_axi_ca_WUSER         |  out|    1|       m_axi|                ca|       pointer|
|m_axi_ca_ARVALID       |  out|    1|       m_axi|                ca|       pointer|
|m_axi_ca_ARREADY       |   in|    1|       m_axi|                ca|       pointer|
|m_axi_ca_ARADDR        |  out|   64|       m_axi|                ca|       pointer|
|m_axi_ca_ARID          |  out|    1|       m_axi|                ca|       pointer|
|m_axi_ca_ARLEN         |  out|    8|       m_axi|                ca|       pointer|
|m_axi_ca_ARSIZE        |  out|    3|       m_axi|                ca|       pointer|
|m_axi_ca_ARBURST       |  out|    2|       m_axi|                ca|       pointer|
|m_axi_ca_ARLOCK        |  out|    2|       m_axi|                ca|       pointer|
|m_axi_ca_ARCACHE       |  out|    4|       m_axi|                ca|       pointer|
|m_axi_ca_ARPROT        |  out|    3|       m_axi|                ca|       pointer|
|m_axi_ca_ARQOS         |  out|    4|       m_axi|                ca|       pointer|
|m_axi_ca_ARREGION      |  out|    4|       m_axi|                ca|       pointer|
|m_axi_ca_ARUSER        |  out|    1|       m_axi|                ca|       pointer|
|m_axi_ca_RVALID        |   in|    1|       m_axi|                ca|       pointer|
|m_axi_ca_RREADY        |  out|    1|       m_axi|                ca|       pointer|
|m_axi_ca_RDATA         |   in|   32|       m_axi|                ca|       pointer|
|m_axi_ca_RLAST         |   in|    1|       m_axi|                ca|       pointer|
|m_axi_ca_RID           |   in|    1|       m_axi|                ca|       pointer|
|m_axi_ca_RUSER         |   in|    1|       m_axi|                ca|       pointer|
|m_axi_ca_RRESP         |   in|    2|       m_axi|                ca|       pointer|
|m_axi_ca_BVALID        |   in|    1|       m_axi|                ca|       pointer|
|m_axi_ca_BREADY        |  out|    1|       m_axi|                ca|       pointer|
|m_axi_ca_BRESP         |   in|    2|       m_axi|                ca|       pointer|
|m_axi_ca_BID           |   in|    1|       m_axi|                ca|       pointer|
|m_axi_ca_BUSER         |   in|    1|       m_axi|                ca|       pointer|
+-----------------------+-----+-----+------------+------------------+--------------+

