
*** Running vivado
    with args -log ursa_vanilla_axi_bram_ctrl_1_0.vds -m64 -product Vivado -mode batch -messageDb vivado.pb -notrace -source ursa_vanilla_axi_bram_ctrl_1_0.tcl


****** Vivado v2023.2 (64-bit)
  **** SW Build 4029153 on Fri Oct 13 20:13:54 MDT 2023
  **** IP Build 4028589 on Sat Oct 14 00:45:43 MDT 2023
  **** SharedData Build 4025554 on Tue Oct 10 17:18:54 MDT 2023
    ** Copyright 1986-2022 Xilinx, Inc. All Rights Reserved.
    ** Copyright 2022-2023 Advanced Micro Devices, Inc. All Rights Reserved.

source ursa_vanilla_axi_bram_ctrl_1_0.tcl -notrace
INFO: [IP_Flow 19-234] Refreshing IP repositories
INFO: [IP_Flow 19-1700] Loaded user IP repository '/home/fi/Documents/GitHub/ursa/vitis/hls_ursa/hls_ursa'.
INFO: [IP_Flow 19-2313] Loaded Vivado IP repository '/opt/Xilinx/Vivado/2023.2/data/ip'.
INFO: [IP_Flow 19-6924] IPCACHE: Running cache check for IP inst: ursa_vanilla_axi_bram_ctrl_1_0
INFO: [IP_Flow 19-6922] IPCACHE: Exporting cached entry e76aa0c3e9736d60 to dir: /home/fi/Documents/GitHub/ursa/exp/vivado/ursa_vanilla/ursa_vanilla.runs/ursa_vanilla_axi_bram_ctrl_1_0_synth_1
INFO: [IP_Flow 19-6928] IPCACHE: copied cached file /home/fi/Documents/GitHub/ursa/exp/vivado/ursa_vanilla/ursa_vanilla.cache/ip/2023.2/e/7/e76aa0c3e9736d60/ursa_vanilla_axi_bram_ctrl_0_0_sim_netlist.vhdl to /home/fi/Documents/GitHub/ursa/exp/vivado/ursa_vanilla/ursa_vanilla.runs/ursa_vanilla_axi_bram_ctrl_1_0_synth_1/ursa_vanilla_axi_bram_ctrl_1_0_sim_netlist.vhdl.
INFO: [IP_Flow 19-6928] IPCACHE: copied cached file /home/fi/Documents/GitHub/ursa/exp/vivado/ursa_vanilla/ursa_vanilla.cache/ip/2023.2/e/7/e76aa0c3e9736d60/ursa_vanilla_axi_bram_ctrl_0_0_stub.vhdl to /home/fi/Documents/GitHub/ursa/exp/vivado/ursa_vanilla/ursa_vanilla.runs/ursa_vanilla_axi_bram_ctrl_1_0_synth_1/ursa_vanilla_axi_bram_ctrl_1_0_stub.vhdl.
INFO: [IP_Flow 19-6928] IPCACHE: copied cached file /home/fi/Documents/GitHub/ursa/exp/vivado/ursa_vanilla/ursa_vanilla.cache/ip/2023.2/e/7/e76aa0c3e9736d60/ursa_vanilla_axi_bram_ctrl_0_0_sim_netlist.v to /home/fi/Documents/GitHub/ursa/exp/vivado/ursa_vanilla/ursa_vanilla.runs/ursa_vanilla_axi_bram_ctrl_1_0_synth_1/ursa_vanilla_axi_bram_ctrl_1_0_sim_netlist.v.
INFO: [IP_Flow 19-6928] IPCACHE: copied cached file /home/fi/Documents/GitHub/ursa/exp/vivado/ursa_vanilla/ursa_vanilla.cache/ip/2023.2/e/7/e76aa0c3e9736d60/ursa_vanilla_axi_bram_ctrl_0_0.dcp to /home/fi/Documents/GitHub/ursa/exp/vivado/ursa_vanilla/ursa_vanilla.runs/ursa_vanilla_axi_bram_ctrl_1_0_synth_1/ursa_vanilla_axi_bram_ctrl_1_0.dcp.
INFO: [IP_Flow 19-6928] IPCACHE: copied cached file /home/fi/Documents/GitHub/ursa/exp/vivado/ursa_vanilla/ursa_vanilla.cache/ip/2023.2/e/7/e76aa0c3e9736d60/ursa_vanilla_axi_bram_ctrl_0_0_stub.v to /home/fi/Documents/GitHub/ursa/exp/vivado/ursa_vanilla/ursa_vanilla.runs/ursa_vanilla_axi_bram_ctrl_1_0_synth_1/ursa_vanilla_axi_bram_ctrl_1_0_stub.v.
INFO: [IP_Flow 19-4838] Using cached IP synthesis design for IP ursa_vanilla_axi_bram_ctrl_1_0, cache-ID = e76aa0c3e9736d60.
INFO: [Common 17-206] Exiting Vivado at Tue Jul  7 14:21:46 2026...
