

================================================================
== Vitis HLS Report for 'sa_store'
================================================================
* Date:           Wed Sep  9 20:08:03 2026

* Version:        2023.2 (Build 4023990 on Oct 11 2023)
* Project:        mxm_execute_ursa
* Solution:       hls (Vivado IP Flow Target)
* Product family: zynq
* Target device:  xc7z020-clg484-1


================================================================
== Performance Estimates
================================================================
+ Timing: 
    * Summary: 
    +--------+----------+----------+------------+
    |  Clock |  Target  | Estimated| Uncertainty|
    +--------+----------+----------+------------+
    |ap_clk  |  10.00 ns|  7.300 ns|     2.70 ns|
    +--------+----------+----------+------------+

+ Latency: 
    * Summary: 
    +---------+---------+----------+----------+-----+-----+---------+
    |  Latency (cycles) |  Latency (absolute) |  Interval | Pipeline|
    |   min   |   max   |    min   |    max   | min | max |   Type  |
    +---------+---------+----------+----------+-----+-----+---------+
    |       21|       21|  0.210 us|  0.210 us|   16|   16|      yes|
    +---------+---------+----------+----------+-----+-----+---------+

    + Detail: 
        * Instance: 
        N/A

        * Loop: 
        N/A



================================================================
== Utilization Estimates
================================================================
* Summary: 
+-----------------+---------+-----+--------+-------+-----+
|       Name      | BRAM_18K| DSP |   FF   |  LUT  | URAM|
+-----------------+---------+-----+--------+-------+-----+
|DSP              |        -|    -|       -|      -|    -|
|Expression       |        -|    -|       0|    175|    -|
|FIFO             |        -|    -|       -|      -|    -|
|Instance         |        -|    -|       -|      -|    -|
|Memory           |        -|    -|       -|      -|    -|
|Multiplexer      |        -|    -|       -|    232|    -|
|Register         |        -|    -|     156|      -|    -|
+-----------------+---------+-----+--------+-------+-----+
|Total            |        0|    0|     156|    407|    0|
+-----------------+---------+-----+--------+-------+-----+
|Available        |      280|  220|  106400|  53200|    0|
+-----------------+---------+-----+--------+-------+-----+
|Utilization (%)  |        0|    0|      ~0|     ~0|    0|
+-----------------+---------+-----+--------+-------+-----+

+ Detail: 
    * Instance: 
    N/A

    * DSP: 
    N/A

    * Memory: 
    N/A

    * FIFO: 
    N/A

    * Expression: 
    +----------------------------+----------+----+---+----+------------+------------+
    |        Variable Name       | Operation| DSP| FF| LUT| Bitwidth P0| Bitwidth P1|
    +----------------------------+----------+----+---+----+------------+------------+
    |empty_25_fu_330_p2          |         +|   0|  0|  39|          32|          32|
    |empty_28_fu_357_p2          |         +|   0|  0|  39|          32|          32|
    |empty_32_fu_394_p2          |         +|   0|  0|  39|          32|          32|
    |empty_31_fu_384_p2          |         -|   0|  0|  28|          21|          21|
    |ap_block_pp0_stage10_11001  |       and|   0|  0|   2|           1|           1|
    |ap_block_pp0_stage12_11001  |       and|   0|  0|   2|           1|           1|
    |ap_block_pp0_stage13_01001  |       and|   0|  0|   2|           1|           1|
    |ap_block_pp0_stage13_11001  |       and|   0|  0|   2|           1|           1|
    |ap_block_pp0_stage1_01001   |       and|   0|  0|   2|           1|           1|
    |ap_block_pp0_stage4_11001   |       and|   0|  0|   2|           1|           1|
    |ap_block_pp0_stage5_01001   |       and|   0|  0|   2|           1|           1|
    |ap_block_pp0_stage8_11001   |       and|   0|  0|   2|           1|           1|
    |ap_block_pp0_stage9_01001   |       and|   0|  0|   2|           1|           1|
    |ap_block_pp0_stage9_11001   |       and|   0|  0|   2|           1|           1|
    |ap_block_pp0_stage0_11001   |        or|   0|  0|   2|           1|           1|
    |ap_block_pp0_stage1_11001   |        or|   0|  0|   2|           1|           1|
    |ap_block_pp0_stage5_11001   |        or|   0|  0|   2|           1|           1|
    |ap_block_state13_io         |        or|   0|  0|   2|           1|           1|
    |ap_enable_pp0               |       xor|   0|  0|   2|           1|           2|
    +----------------------------+----------+----+---+----+------------+------------+
    |Total                       |          |   0|  0| 175|         132|         133|
    +----------------------------+----------+----+---+----+------------+------------+

    * Multiplexer: 
    +-------------------------+----+-----------+-----+-----------+
    |           Name          | LUT| Input Size| Bits| Total Bits|
    +-------------------------+----+-----------+-----+-----------+
    |ap_NS_fsm                |  81|         17|    1|         17|
    |ap_enable_reg_pp0_iter0  |   9|          2|    1|          2|
    |ap_enable_reg_pp0_iter1  |   9|          2|    1|          2|
    |ca_blk_n_AW              |   9|          2|    1|          2|
    |ca_blk_n_B               |   9|          2|    1|          2|
    |ca_blk_n_W               |   9|          2|    1|          2|
    |m_axi_ca_AWADDR          |  25|          5|   32|        160|
    |m_axi_ca_WDATA           |  81|         17|   32|        544|
    +-------------------------+----+-----------+-----+-----------+
    |Total                    | 232|         49|   70|        731|
    +-------------------------+----+-----------+-----+-----------+

    * Register: 
    +-----------------------------+----+----+-----+-----------+
    |             Name            | FF | LUT| Bits| Const Bits|
    +-----------------------------+----+----+-----+-----------+
    |ap_CS_fsm                    |  16|   0|   16|          0|
    |ap_enable_reg_pp0_iter0_reg  |   1|   0|    1|          0|
    |ap_enable_reg_pp0_iter1      |   1|   0|    1|          0|
    |ap_port_reg_b0_q             |  16|   0|   16|          0|
    |out_read_reg_556             |  32|   0|   32|          0|
    |p_cast2_reg_577              |  30|   0|   30|          0|
    |p_cast_reg_572               |  30|   0|   30|          0|
    |trunc_ln1_reg_582            |  30|   0|   30|          0|
    +-----------------------------+----+----+-----+-----------+
    |Total                        | 156|   0|  156|          0|
    +-----------------------------+----+----+-----+-----------+



================================================================
== Interface
================================================================
* Summary: 
+-------------------------------------------------------------------------------+-----+-----+------------+-------------------------------------------------------------------------------+--------------+
|                                   RTL Ports                                   | Dir | Bits|  Protocol  |                                 Source Object                                 |    C Type    |
+-------------------------------------------------------------------------------+-----+-----+------------+-------------------------------------------------------------------------------+--------------+
|ap_clk                                                                         |   in|    1|  ap_ctrl_hs|                                                                       sa_store|  return value|
|ap_rst                                                                         |   in|    1|  ap_ctrl_hs|                                                                       sa_store|  return value|
|ap_start                                                                       |   in|    1|  ap_ctrl_hs|                                                                       sa_store|  return value|
|ap_done                                                                        |  out|    1|  ap_ctrl_hs|                                                                       sa_store|  return value|
|ap_idle                                                                        |  out|    1|  ap_ctrl_hs|                                                                       sa_store|  return value|
|ap_ready                                                                       |  out|    1|  ap_ctrl_hs|                                                                       sa_store|  return value|
|ca_blk_n_AW                                                                    |  out|    1|  ap_ctrl_hs|                                                                       sa_store|  return value|
|ca_blk_n_W                                                                     |  out|    1|  ap_ctrl_hs|                                                                       sa_store|  return value|
|ca_blk_n_B                                                                     |  out|    1|  ap_ctrl_hs|                                                                       sa_store|  return value|
|m_axi_ca_AWVALID                                                               |  out|    1|       m_axi|                                                                             ca|       pointer|
|m_axi_ca_AWREADY                                                               |   in|    1|       m_axi|                                                                             ca|       pointer|
|m_axi_ca_AWADDR                                                                |  out|   32|       m_axi|                                                                             ca|       pointer|
|m_axi_ca_AWID                                                                  |  out|    1|       m_axi|                                                                             ca|       pointer|
|m_axi_ca_AWLEN                                                                 |  out|   32|       m_axi|                                                                             ca|       pointer|
|m_axi_ca_AWSIZE                                                                |  out|    3|       m_axi|                                                                             ca|       pointer|
|m_axi_ca_AWBURST                                                               |  out|    2|       m_axi|                                                                             ca|       pointer|
|m_axi_ca_AWLOCK                                                                |  out|    2|       m_axi|                                                                             ca|       pointer|
|m_axi_ca_AWCACHE                                                               |  out|    4|       m_axi|                                                                             ca|       pointer|
|m_axi_ca_AWPROT                                                                |  out|    3|       m_axi|                                                                             ca|       pointer|
|m_axi_ca_AWQOS                                                                 |  out|    4|       m_axi|                                                                             ca|       pointer|
|m_axi_ca_AWREGION                                                              |  out|    4|       m_axi|                                                                             ca|       pointer|
|m_axi_ca_AWUSER                                                                |  out|    1|       m_axi|                                                                             ca|       pointer|
|m_axi_ca_WVALID                                                                |  out|    1|       m_axi|                                                                             ca|       pointer|
|m_axi_ca_WREADY                                                                |   in|    1|       m_axi|                                                                             ca|       pointer|
|m_axi_ca_WDATA                                                                 |  out|   32|       m_axi|                                                                             ca|       pointer|
|m_axi_ca_WSTRB                                                                 |  out|    4|       m_axi|                                                                             ca|       pointer|
|m_axi_ca_WLAST                                                                 |  out|    1|       m_axi|                                                                             ca|       pointer|
|m_axi_ca_WID                                                                   |  out|    1|       m_axi|                                                                             ca|       pointer|
|m_axi_ca_WUSER                                                                 |  out|    1|       m_axi|                                                                             ca|       pointer|
|m_axi_ca_ARVALID                                                               |  out|    1|       m_axi|                                                                             ca|       pointer|
|m_axi_ca_ARREADY                                                               |   in|    1|       m_axi|                                                                             ca|       pointer|
|m_axi_ca_ARADDR                                                                |  out|   32|       m_axi|                                                                             ca|       pointer|
|m_axi_ca_ARID                                                                  |  out|    1|       m_axi|                                                                             ca|       pointer|
|m_axi_ca_ARLEN                                                                 |  out|   32|       m_axi|                                                                             ca|       pointer|
|m_axi_ca_ARSIZE                                                                |  out|    3|       m_axi|                                                                             ca|       pointer|
|m_axi_ca_ARBURST                                                               |  out|    2|       m_axi|                                                                             ca|       pointer|
|m_axi_ca_ARLOCK                                                                |  out|    2|       m_axi|                                                                             ca|       pointer|
|m_axi_ca_ARCACHE                                                               |  out|    4|       m_axi|                                                                             ca|       pointer|
|m_axi_ca_ARPROT                                                                |  out|    3|       m_axi|                                                                             ca|       pointer|
|m_axi_ca_ARQOS                                                                 |  out|    4|       m_axi|                                                                             ca|       pointer|
|m_axi_ca_ARREGION                                                              |  out|    4|       m_axi|                                                                             ca|       pointer|
|m_axi_ca_ARUSER                                                                |  out|    1|       m_axi|                                                                             ca|       pointer|
|m_axi_ca_RVALID                                                                |   in|    1|       m_axi|                                                                             ca|       pointer|
|m_axi_ca_RREADY                                                                |  out|    1|       m_axi|                                                                             ca|       pointer|
|m_axi_ca_RDATA                                                                 |   in|   32|       m_axi|                                                                             ca|       pointer|
|m_axi_ca_RLAST                                                                 |   in|    1|       m_axi|                                                                             ca|       pointer|
|m_axi_ca_RID                                                                   |   in|    1|       m_axi|                                                                             ca|       pointer|
|m_axi_ca_RFIFONUM                                                              |   in|   10|       m_axi|                                                                             ca|       pointer|
|m_axi_ca_RUSER                                                                 |   in|    1|       m_axi|                                                                             ca|       pointer|
|m_axi_ca_RRESP                                                                 |   in|    2|       m_axi|                                                                             ca|       pointer|
|m_axi_ca_BVALID                                                                |   in|    1|       m_axi|                                                                             ca|       pointer|
|m_axi_ca_BREADY                                                                |  out|    1|       m_axi|                                                                             ca|       pointer|
|m_axi_ca_BRESP                                                                 |   in|    2|       m_axi|                                                                             ca|       pointer|
|m_axi_ca_BID                                                                   |   in|    1|       m_axi|                                                                             ca|       pointer|
|m_axi_ca_BUSER                                                                 |   in|    1|       m_axi|                                                                             ca|       pointer|
|out_r                                                                          |   in|   32|     ap_none|                                                                          out_r|        scalar|
|b0_q                                                                           |   in|   16|     ap_none|                                                                           b0_q|        scalar|
|mxm_execute_ursa_signed_char_unsigned_short_unsigned_char_unsigned_short_i_21  |   in|   20|     ap_none|  mxm_execute_ursa_signed_char_unsigned_short_unsigned_char_unsigned_short_i_21|       pointer|
|mxm_execute_ursa_signed_char_unsigned_short_unsigned_char_unsigned_short_i_20  |   in|   20|     ap_none|  mxm_execute_ursa_signed_char_unsigned_short_unsigned_char_unsigned_short_i_20|       pointer|
|mxm_execute_ursa_signed_char_unsigned_short_unsigned_char_unsigned_short_i_19  |   in|   20|     ap_none|  mxm_execute_ursa_signed_char_unsigned_short_unsigned_char_unsigned_short_i_19|       pointer|
|mxm_execute_ursa_signed_char_unsigned_short_unsigned_char_unsigned_short_i_18  |   in|   20|     ap_none|  mxm_execute_ursa_signed_char_unsigned_short_unsigned_char_unsigned_short_i_18|       pointer|
|mxm_execute_ursa_signed_char_unsigned_short_unsigned_char_unsigned_short_i_17  |   in|   20|     ap_none|  mxm_execute_ursa_signed_char_unsigned_short_unsigned_char_unsigned_short_i_17|       pointer|
|mxm_execute_ursa_signed_char_unsigned_short_unsigned_char_unsigned_short_i_16  |   in|   20|     ap_none|  mxm_execute_ursa_signed_char_unsigned_short_unsigned_char_unsigned_short_i_16|       pointer|
|mxm_execute_ursa_signed_char_unsigned_short_unsigned_char_unsigned_short_i_15  |   in|   20|     ap_none|  mxm_execute_ursa_signed_char_unsigned_short_unsigned_char_unsigned_short_i_15|       pointer|
|mxm_execute_ursa_signed_char_unsigned_short_unsigned_char_unsigned_short_i_14  |   in|   20|     ap_none|  mxm_execute_ursa_signed_char_unsigned_short_unsigned_char_unsigned_short_i_14|       pointer|
|mxm_execute_ursa_signed_char_unsigned_short_unsigned_char_unsigned_short_i_13  |   in|   20|     ap_none|  mxm_execute_ursa_signed_char_unsigned_short_unsigned_char_unsigned_short_i_13|       pointer|
|mxm_execute_ursa_signed_char_unsigned_short_unsigned_char_unsigned_short_i_12  |   in|   20|     ap_none|  mxm_execute_ursa_signed_char_unsigned_short_unsigned_char_unsigned_short_i_12|       pointer|
|mxm_execute_ursa_signed_char_unsigned_short_unsigned_char_unsigned_short_i_11  |   in|   20|     ap_none|  mxm_execute_ursa_signed_char_unsigned_short_unsigned_char_unsigned_short_i_11|       pointer|
|mxm_execute_ursa_signed_char_unsigned_short_unsigned_char_unsigned_short_i_10  |   in|   20|     ap_none|  mxm_execute_ursa_signed_char_unsigned_short_unsigned_char_unsigned_short_i_10|       pointer|
|mxm_execute_ursa_signed_char_unsigned_short_unsigned_char_unsigned_short_i_9   |   in|   20|     ap_none|   mxm_execute_ursa_signed_char_unsigned_short_unsigned_char_unsigned_short_i_9|       pointer|
|mxm_execute_ursa_signed_char_unsigned_short_unsigned_char_unsigned_short_i_8   |   in|   20|     ap_none|   mxm_execute_ursa_signed_char_unsigned_short_unsigned_char_unsigned_short_i_8|       pointer|
|mxm_execute_ursa_signed_char_unsigned_short_unsigned_char_unsigned_short_i_7   |   in|   20|     ap_none|   mxm_execute_ursa_signed_char_unsigned_short_unsigned_char_unsigned_short_i_7|       pointer|
|mxm_execute_ursa_signed_char_unsigned_short_unsigned_char_unsigned_short_i_6   |   in|   20|     ap_none|   mxm_execute_ursa_signed_char_unsigned_short_unsigned_char_unsigned_short_i_6|       pointer|
+-------------------------------------------------------------------------------+-----+-----+------------+-------------------------------------------------------------------------------+--------------+

