Thu Sep 24 13:31:41 2026: Running xcd server. This server was built by gradle.
Thu Sep 24 13:31:41 2026: Server was asked to start on port: '45477'
Thu Sep 24 13:31:41 2026: Server is using token UUID: 'babfb6bf-fc6b-42c1-8ff4-cb08407d357a'
Thu Sep 24 13:31:41 2026: SESSION_MGR: creating session with session uuid: '6d04a3e9-ade5-4ab9-8d63-1f78fcd2ec76' and name 'default'
Thu Sep 24 13:31:41 2026: Attempting to start server on port '45477'
Thu Sep 24 13:31:41 2026: XCD main fifo: created main fifo '/tmp/xcdmainbabfb6bf-fc6b-42c1-8ff4-cb08407d357a', fd read = 13
Thu Sep 24 13:31:41 2026: Running Dispatch Server
Thu Sep 24 13:31:41 2026: Version 2.2.0
Thu Sep 24 13:31:43 2026: Dispatch Server: Accepted socket connection from client
Thu Sep 24 13:31:43 2026: Starting Socket connection
Thu Sep 24 13:31:43 2026: EXCHANGE_TOKEN received, server token: babfb6bf-fc6b-42c1-8ff4-cb08407d357a, passed token: babfb6bf-fc6b-42c1-8ff4-cb08407d357a
Thu Sep 24 13:31:43 2026: DISPATCH_HANDLER: Adding handler from function makeHandler in library libxv_system_diagram
Thu Sep 24 13:31:43 2026: SESSION_MGR: creating session with session uuid: '392187b8-be8b-44ba-82be-29681745c8e7' and name 'vitis-run_compile_mxm_execute_ursa'
Thu Sep 24 13:31:43 2026: KERNEL_SVC: creating session with uuid: '392187b8-be8b-44ba-82be-29681745c8e7' and name 'vitis-run_compile_mxm_execute_ursa'
Thu Sep 24 13:31:43 2026: GUIDANCE_SMGR: creating guidance session with uuid: '392187b8-be8b-44ba-82be-29681745c8e7' and name 'vitis-run_compile_mxm_execute_ursa'
Thu Sep 24 13:31:43 2026: SYSTEM_DIAGRAM: creating session with uuid: '392187b8-be8b-44ba-82be-29681745c8e7' and name 'vitis-run_compile_mxm_execute_ursa'
Thu Sep 24 13:31:45 2026: Dispatch Server: Accepted socket connection from client
Thu Sep 24 13:31:45 2026: Starting Socket connection
Thu Sep 24 13:31:45 2026: SESSION_MGR: closing session for UUID '392187b8-be8b-44ba-82be-29681745c8e7' with name 'vitis-run_compile_mxm_execute_ursa'
Thu Sep 24 13:31:45 2026: KERNEL_SVC: closing session for UUID '392187b8-be8b-44ba-82be-29681745c8e7' with name 'vitis-run_compile_mxm_execute_ursa'
Thu Sep 24 13:31:45 2026: GUIDANCE_SMGR: closing session for UUID '392187b8-be8b-44ba-82be-29681745c8e7' with name 'vitis-run_compile_mxm_execute_ursa'
Thu Sep 24 13:31:45 2026: SYSTEM_DIAGRAM: closing session for UUID '392187b8-be8b-44ba-82be-29681745c8e7' with name 'vitis-run_compile_mxm_execute_ursa'
Thu Sep 24 13:31:45 2026: STOP_SERVER received, server token: babfb6bf-fc6b-42c1-8ff4-cb08407d357a, passed token: babfb6bf-fc6b-42c1-8ff4-cb08407d357a
Thu Sep 24 13:31:45 2026: Socket received request to stop server.
Thu Sep 24 13:31:45 2026: Dispatch Server: do_await_stop
Thu Sep 24 13:31:45 2026: Dispatch Server: stopping mainFifo_
Thu Sep 24 13:31:45 2026: XCD main fifo: Stopping
Thu Sep 24 13:31:45 2026: XCD main fifo: do_read error code: Operation canceled
Thu Sep 24 13:31:45 2026: XCD main fifo: bytes_transferred: 0
Thu Sep 24 13:31:45 2026: SERVER: destructor for server bound to port 45477
Thu Sep 24 13:31:45 2026: XCD main fifo: Good unlink of /tmp/xcdmainbabfb6bf-fc6b-42c1-8ff4-cb08407d357a
Thu Sep 24 13:31:45 2026: Server exiting with status 0.
Thu Sep 24 13:31:45 2026: Closing log file.
Thu Sep 24 13:57:14 2026: Running xcd server. This server was built by gradle.
Thu Sep 24 13:57:14 2026: Server was asked to start on port: '38789'
Thu Sep 24 13:57:14 2026: Server is using token UUID: '318306bb-4de2-45ef-8a68-247f62b96676'
Thu Sep 24 13:57:14 2026: SESSION_MGR: creating session with session uuid: '6d04a3e9-ade5-4ab9-8d63-1f78fcd2ec76' and name 'default'
Thu Sep 24 13:57:14 2026: Attempting to start server on port '38789'
Thu Sep 24 13:57:14 2026: XCD main fifo: created main fifo '/tmp/xcdmain318306bb-4de2-45ef-8a68-247f62b96676', fd read = 13
Thu Sep 24 13:57:14 2026: Running Dispatch Server
Thu Sep 24 13:57:14 2026: Version 2.2.0
Thu Sep 24 13:57:16 2026: Dispatch Server: Accepted socket connection from client
Thu Sep 24 13:57:16 2026: Starting Socket connection
Thu Sep 24 13:57:16 2026: EXCHANGE_TOKEN received, server token: 318306bb-4de2-45ef-8a68-247f62b96676, passed token: 318306bb-4de2-45ef-8a68-247f62b96676
Thu Sep 24 13:57:16 2026: DISPATCH_HANDLER: Adding handler from function makeHandler in library libxv_system_diagram
Thu Sep 24 13:57:16 2026: SESSION_MGR: creating session with session uuid: '26498d00-aa19-43c2-be1d-f6d15f8ae896' and name 'vitis-run_compile_mxm_execute_ursa'
Thu Sep 24 13:57:16 2026: KERNEL_SVC: creating session with uuid: '26498d00-aa19-43c2-be1d-f6d15f8ae896' and name 'vitis-run_compile_mxm_execute_ursa'
Thu Sep 24 13:57:16 2026: GUIDANCE_SMGR: creating guidance session with uuid: '26498d00-aa19-43c2-be1d-f6d15f8ae896' and name 'vitis-run_compile_mxm_execute_ursa'
Thu Sep 24 13:57:16 2026: SYSTEM_DIAGRAM: creating session with uuid: '26498d00-aa19-43c2-be1d-f6d15f8ae896' and name 'vitis-run_compile_mxm_execute_ursa'
Thu Sep 24 13:57:18 2026: Dispatch Server: Accepted socket connection from client
Thu Sep 24 13:57:18 2026: Starting Socket connection
Thu Sep 24 13:57:18 2026: SESSION_MGR: closing session for UUID '26498d00-aa19-43c2-be1d-f6d15f8ae896' with name 'vitis-run_compile_mxm_execute_ursa'
Thu Sep 24 13:57:18 2026: KERNEL_SVC: closing session for UUID '26498d00-aa19-43c2-be1d-f6d15f8ae896' with name 'vitis-run_compile_mxm_execute_ursa'
Thu Sep 24 13:57:18 2026: GUIDANCE_SMGR: closing session for UUID '26498d00-aa19-43c2-be1d-f6d15f8ae896' with name 'vitis-run_compile_mxm_execute_ursa'
Thu Sep 24 13:57:18 2026: SYSTEM_DIAGRAM: closing session for UUID '26498d00-aa19-43c2-be1d-f6d15f8ae896' with name 'vitis-run_compile_mxm_execute_ursa'
Thu Sep 24 13:57:18 2026: STOP_SERVER received, server token: 318306bb-4de2-45ef-8a68-247f62b96676, passed token: 318306bb-4de2-45ef-8a68-247f62b96676
Thu Sep 24 13:57:18 2026: Socket received request to stop server.
Thu Sep 24 13:57:18 2026: Dispatch Server: do_await_stop
Thu Sep 24 13:57:18 2026: Dispatch Server: stopping mainFifo_
Thu Sep 24 13:57:18 2026: XCD main fifo: Stopping
Thu Sep 24 13:57:18 2026: XCD main fifo: do_read error code: Operation canceled
Thu Sep 24 13:57:18 2026: XCD main fifo: bytes_transferred: 0
Thu Sep 24 13:57:18 2026: SERVER: destructor for server bound to port 38789
Thu Sep 24 13:57:18 2026: XCD main fifo: Good unlink of /tmp/xcdmain318306bb-4de2-45ef-8a68-247f62b96676
Thu Sep 24 13:57:18 2026: Server exiting with status 0.
Thu Sep 24 13:57:18 2026: Closing log file.
Thu Sep 24 14:06:25 2026: Running xcd server. This server was built by gradle.
Thu Sep 24 14:06:25 2026: Server was asked to start on port: '40207'
Thu Sep 24 14:06:25 2026: Server is using token UUID: '0b1a8340-8cd0-4763-8a0b-25b91fc74165'
Thu Sep 24 14:06:25 2026: SESSION_MGR: creating session with session uuid: '6d04a3e9-ade5-4ab9-8d63-1f78fcd2ec76' and name 'default'
Thu Sep 24 14:06:25 2026: Attempting to start server on port '40207'
Thu Sep 24 14:06:25 2026: XCD main fifo: created main fifo '/tmp/xcdmain0b1a8340-8cd0-4763-8a0b-25b91fc74165', fd read = 13
Thu Sep 24 14:06:25 2026: Running Dispatch Server
Thu Sep 24 14:06:25 2026: Version 2.2.0
Thu Sep 24 14:06:27 2026: Dispatch Server: Accepted socket connection from client
Thu Sep 24 14:06:27 2026: Starting Socket connection
Thu Sep 24 14:06:27 2026: EXCHANGE_TOKEN received, server token: 0b1a8340-8cd0-4763-8a0b-25b91fc74165, passed token: 0b1a8340-8cd0-4763-8a0b-25b91fc74165
Thu Sep 24 14:06:27 2026: DISPATCH_HANDLER: Adding handler from function makeHandler in library libxv_system_diagram
Thu Sep 24 14:06:27 2026: SESSION_MGR: creating session with session uuid: '4a8d0822-83b7-4195-a946-579f77dffd95' and name 'vitis-run_compile_mxm_execute_ursa'
Thu Sep 24 14:06:27 2026: KERNEL_SVC: creating session with uuid: '4a8d0822-83b7-4195-a946-579f77dffd95' and name 'vitis-run_compile_mxm_execute_ursa'
Thu Sep 24 14:06:27 2026: GUIDANCE_SMGR: creating guidance session with uuid: '4a8d0822-83b7-4195-a946-579f77dffd95' and name 'vitis-run_compile_mxm_execute_ursa'
Thu Sep 24 14:06:27 2026: SYSTEM_DIAGRAM: creating session with uuid: '4a8d0822-83b7-4195-a946-579f77dffd95' and name 'vitis-run_compile_mxm_execute_ursa'
Thu Sep 24 14:06:28 2026: Dispatch Server: Accepted socket connection from client
Thu Sep 24 14:06:28 2026: Starting Socket connection
Thu Sep 24 14:06:33 2026: SESSION_MGR: closing session for UUID '4a8d0822-83b7-4195-a946-579f77dffd95' with name 'vitis-run_compile_mxm_execute_ursa'
Thu Sep 24 14:06:33 2026: KERNEL_SVC: closing session for UUID '4a8d0822-83b7-4195-a946-579f77dffd95' with name 'vitis-run_compile_mxm_execute_ursa'
Thu Sep 24 14:06:33 2026: GUIDANCE_SMGR: closing session for UUID '4a8d0822-83b7-4195-a946-579f77dffd95' with name 'vitis-run_compile_mxm_execute_ursa'
Thu Sep 24 14:06:33 2026: SYSTEM_DIAGRAM: closing session for UUID '4a8d0822-83b7-4195-a946-579f77dffd95' with name 'vitis-run_compile_mxm_execute_ursa'
Thu Sep 24 14:06:33 2026: STOP_SERVER received, server token: 0b1a8340-8cd0-4763-8a0b-25b91fc74165, passed token: 0b1a8340-8cd0-4763-8a0b-25b91fc74165
Thu Sep 24 14:06:33 2026: Socket received request to stop server.
Thu Sep 24 14:06:33 2026: Dispatch Server: do_await_stop
Thu Sep 24 14:06:33 2026: Dispatch Server: stopping mainFifo_
Thu Sep 24 14:06:33 2026: XCD main fifo: Stopping
Thu Sep 24 14:06:33 2026: XCD main fifo: do_read error code: Operation canceled
Thu Sep 24 14:06:33 2026: XCD main fifo: bytes_transferred: 0
Thu Sep 24 14:06:33 2026: SERVER: destructor for server bound to port 40207
Thu Sep 24 14:06:33 2026: XCD main fifo: Good unlink of /tmp/xcdmain0b1a8340-8cd0-4763-8a0b-25b91fc74165
Thu Sep 24 14:06:33 2026: Server exiting with status 0.
Thu Sep 24 14:06:33 2026: Closing log file.
Thu Sep 24 14:09:33 2026: Running xcd server. This server was built by gradle.
Thu Sep 24 14:09:33 2026: Server was asked to start on port: '40483'
Thu Sep 24 14:09:33 2026: Server is using token UUID: '2408ed58-83af-431c-886c-0efb54253d58'
Thu Sep 24 14:09:33 2026: SESSION_MGR: creating session with session uuid: '6d04a3e9-ade5-4ab9-8d63-1f78fcd2ec76' and name 'default'
Thu Sep 24 14:09:33 2026: Attempting to start server on port '40483'
Thu Sep 24 14:09:33 2026: XCD main fifo: created main fifo '/tmp/xcdmain2408ed58-83af-431c-886c-0efb54253d58', fd read = 13
Thu Sep 24 14:09:33 2026: Running Dispatch Server
Thu Sep 24 14:09:33 2026: Version 2.2.0
Thu Sep 24 14:09:35 2026: Dispatch Server: Accepted socket connection from client
Thu Sep 24 14:09:35 2026: Starting Socket connection
Thu Sep 24 14:09:35 2026: EXCHANGE_TOKEN received, server token: 2408ed58-83af-431c-886c-0efb54253d58, passed token: 2408ed58-83af-431c-886c-0efb54253d58
Thu Sep 24 14:09:35 2026: DISPATCH_HANDLER: Adding handler from function makeHandler in library libxv_system_diagram
Thu Sep 24 14:09:35 2026: SESSION_MGR: creating session with session uuid: '94a3b647-1212-4be0-a432-3ace67f9109d' and name 'v++_compile_mxm_execute_ursa'
Thu Sep 24 14:09:35 2026: KERNEL_SVC: creating session with uuid: '94a3b647-1212-4be0-a432-3ace67f9109d' and name 'v++_compile_mxm_execute_ursa'
Thu Sep 24 14:09:35 2026: GUIDANCE_SMGR: creating guidance session with uuid: '94a3b647-1212-4be0-a432-3ace67f9109d' and name 'v++_compile_mxm_execute_ursa'
Thu Sep 24 14:09:35 2026: SYSTEM_DIAGRAM: creating session with uuid: '94a3b647-1212-4be0-a432-3ace67f9109d' and name 'v++_compile_mxm_execute_ursa'
Thu Sep 24 14:09:37 2026: Dispatch Server: Accepted socket connection from client
Thu Sep 24 14:09:37 2026: Starting Socket connection
Thu Sep 24 14:09:54 2026: SESSION_MGR: closing session for UUID '94a3b647-1212-4be0-a432-3ace67f9109d' with name 'v++_compile_mxm_execute_ursa'
Thu Sep 24 14:09:54 2026: KERNEL_SVC: closing session for UUID '94a3b647-1212-4be0-a432-3ace67f9109d' with name 'v++_compile_mxm_execute_ursa'
Thu Sep 24 14:09:54 2026: GUIDANCE_SMGR: closing session for UUID '94a3b647-1212-4be0-a432-3ace67f9109d' with name 'v++_compile_mxm_execute_ursa'
Thu Sep 24 14:09:54 2026: SYSTEM_DIAGRAM: closing session for UUID '94a3b647-1212-4be0-a432-3ace67f9109d' with name 'v++_compile_mxm_execute_ursa'
Thu Sep 24 14:09:54 2026: STOP_SERVER received, server token: 2408ed58-83af-431c-886c-0efb54253d58, passed token: 2408ed58-83af-431c-886c-0efb54253d58
Thu Sep 24 14:09:54 2026: Socket received request to stop server.
Thu Sep 24 14:09:54 2026: Dispatch Server: do_await_stop
Thu Sep 24 14:09:54 2026: Dispatch Server: stopping mainFifo_
Thu Sep 24 14:09:54 2026: XCD main fifo: Stopping
Thu Sep 24 14:09:54 2026: XCD main fifo: do_read error code: Operation canceled
Thu Sep 24 14:09:54 2026: XCD main fifo: bytes_transferred: 0
Thu Sep 24 14:09:54 2026: SERVER: destructor for server bound to port 40483
Thu Sep 24 14:09:54 2026: XCD main fifo: Good unlink of /tmp/xcdmain2408ed58-83af-431c-886c-0efb54253d58
Thu Sep 24 14:09:54 2026: Server exiting with status 0.
Thu Sep 24 14:09:54 2026: Closing log file.
Thu Sep 24 14:12:52 2026: Running xcd server. This server was built by gradle.
Thu Sep 24 14:12:52 2026: Server was asked to start on port: '39263'
Thu Sep 24 14:12:52 2026: Server is using token UUID: '5f3d1d98-9e00-4099-a50d-9e3534acc6b0'
Thu Sep 24 14:12:52 2026: SESSION_MGR: creating session with session uuid: '6d04a3e9-ade5-4ab9-8d63-1f78fcd2ec76' and name 'default'
Thu Sep 24 14:12:52 2026: Attempting to start server on port '39263'
Thu Sep 24 14:12:52 2026: XCD main fifo: created main fifo '/tmp/xcdmain5f3d1d98-9e00-4099-a50d-9e3534acc6b0', fd read = 13
Thu Sep 24 14:12:52 2026: Running Dispatch Server
Thu Sep 24 14:12:52 2026: Version 2.2.0
Thu Sep 24 14:12:54 2026: Dispatch Server: Accepted socket connection from client
Thu Sep 24 14:12:54 2026: Starting Socket connection
Thu Sep 24 14:12:54 2026: EXCHANGE_TOKEN received, server token: 5f3d1d98-9e00-4099-a50d-9e3534acc6b0, passed token: 5f3d1d98-9e00-4099-a50d-9e3534acc6b0
Thu Sep 24 14:12:54 2026: DISPATCH_HANDLER: Adding handler from function makeHandler in library libxv_system_diagram
Thu Sep 24 14:12:54 2026: SESSION_MGR: creating session with session uuid: 'ce27e7b2-bcbd-4c07-92d5-5f76b1553666' and name 'vitis-run_compile_mxm_execute_ursa'
Thu Sep 24 14:12:54 2026: KERNEL_SVC: creating session with uuid: 'ce27e7b2-bcbd-4c07-92d5-5f76b1553666' and name 'vitis-run_compile_mxm_execute_ursa'
Thu Sep 24 14:12:54 2026: GUIDANCE_SMGR: creating guidance session with uuid: 'ce27e7b2-bcbd-4c07-92d5-5f76b1553666' and name 'vitis-run_compile_mxm_execute_ursa'
Thu Sep 24 14:12:54 2026: SYSTEM_DIAGRAM: creating session with uuid: 'ce27e7b2-bcbd-4c07-92d5-5f76b1553666' and name 'vitis-run_compile_mxm_execute_ursa'
Thu Sep 24 14:12:56 2026: Dispatch Server: Accepted socket connection from client
Thu Sep 24 14:12:56 2026: Starting Socket connection
Thu Sep 24 14:12:56 2026: SESSION_MGR: closing session for UUID 'ce27e7b2-bcbd-4c07-92d5-5f76b1553666' with name 'vitis-run_compile_mxm_execute_ursa'
Thu Sep 24 14:12:56 2026: KERNEL_SVC: closing session for UUID 'ce27e7b2-bcbd-4c07-92d5-5f76b1553666' with name 'vitis-run_compile_mxm_execute_ursa'
Thu Sep 24 14:12:56 2026: GUIDANCE_SMGR: closing session for UUID 'ce27e7b2-bcbd-4c07-92d5-5f76b1553666' with name 'vitis-run_compile_mxm_execute_ursa'
Thu Sep 24 14:12:56 2026: SYSTEM_DIAGRAM: closing session for UUID 'ce27e7b2-bcbd-4c07-92d5-5f76b1553666' with name 'vitis-run_compile_mxm_execute_ursa'
Thu Sep 24 14:12:56 2026: STOP_SERVER received, server token: 5f3d1d98-9e00-4099-a50d-9e3534acc6b0, passed token: 5f3d1d98-9e00-4099-a50d-9e3534acc6b0
Thu Sep 24 14:12:56 2026: Socket received request to stop server.
Thu Sep 24 14:12:56 2026: Dispatch Server: do_await_stop
Thu Sep 24 14:12:56 2026: Dispatch Server: stopping mainFifo_
Thu Sep 24 14:12:56 2026: XCD main fifo: Stopping
Thu Sep 24 14:12:56 2026: XCD main fifo: do_read error code: Operation canceled
Thu Sep 24 14:12:56 2026: XCD main fifo: bytes_transferred: 0
Thu Sep 24 14:12:56 2026: SERVER: destructor for server bound to port 39263
Thu Sep 24 14:12:56 2026: XCD main fifo: Good unlink of /tmp/xcdmain5f3d1d98-9e00-4099-a50d-9e3534acc6b0
Thu Sep 24 14:12:56 2026: Server exiting with status 0.
Thu Sep 24 14:12:56 2026: Closing log file.
Thu Sep 24 14:13:24 2026: Running xcd server. This server was built by gradle.
Thu Sep 24 14:13:24 2026: Server was asked to start on port: '35911'
Thu Sep 24 14:13:24 2026: Server is using token UUID: '378c180c-9b57-43d4-9e08-c491d5c19593'
Thu Sep 24 14:13:24 2026: SESSION_MGR: creating session with session uuid: '6d04a3e9-ade5-4ab9-8d63-1f78fcd2ec76' and name 'default'
Thu Sep 24 14:13:24 2026: Attempting to start server on port '35911'
Thu Sep 24 14:13:24 2026: XCD main fifo: created main fifo '/tmp/xcdmain378c180c-9b57-43d4-9e08-c491d5c19593', fd read = 13
Thu Sep 24 14:13:24 2026: Running Dispatch Server
Thu Sep 24 14:13:24 2026: Version 2.2.0
Thu Sep 24 14:13:26 2026: Dispatch Server: Accepted socket connection from client
Thu Sep 24 14:13:26 2026: Starting Socket connection
Thu Sep 24 14:13:26 2026: EXCHANGE_TOKEN received, server token: 378c180c-9b57-43d4-9e08-c491d5c19593, passed token: 378c180c-9b57-43d4-9e08-c491d5c19593
Thu Sep 24 14:13:26 2026: DISPATCH_HANDLER: Adding handler from function makeHandler in library libxv_system_diagram
Thu Sep 24 14:13:26 2026: SESSION_MGR: creating session with session uuid: 'a1a0ca0e-1228-4e37-b735-ccd979f22288' and name 'vitis-run_compile_mxm_execute_ursa'
Thu Sep 24 14:13:26 2026: KERNEL_SVC: creating session with uuid: 'a1a0ca0e-1228-4e37-b735-ccd979f22288' and name 'vitis-run_compile_mxm_execute_ursa'
Thu Sep 24 14:13:26 2026: GUIDANCE_SMGR: creating guidance session with uuid: 'a1a0ca0e-1228-4e37-b735-ccd979f22288' and name 'vitis-run_compile_mxm_execute_ursa'
Thu Sep 24 14:13:26 2026: SYSTEM_DIAGRAM: creating session with uuid: 'a1a0ca0e-1228-4e37-b735-ccd979f22288' and name 'vitis-run_compile_mxm_execute_ursa'
Thu Sep 24 14:13:27 2026: Dispatch Server: Accepted socket connection from client
Thu Sep 24 14:13:27 2026: Starting Socket connection
Thu Sep 24 14:13:28 2026: SESSION_MGR: closing session for UUID 'a1a0ca0e-1228-4e37-b735-ccd979f22288' with name 'vitis-run_compile_mxm_execute_ursa'
Thu Sep 24 14:13:28 2026: KERNEL_SVC: closing session for UUID 'a1a0ca0e-1228-4e37-b735-ccd979f22288' with name 'vitis-run_compile_mxm_execute_ursa'
Thu Sep 24 14:13:28 2026: GUIDANCE_SMGR: closing session for UUID 'a1a0ca0e-1228-4e37-b735-ccd979f22288' with name 'vitis-run_compile_mxm_execute_ursa'
Thu Sep 24 14:13:28 2026: SYSTEM_DIAGRAM: closing session for UUID 'a1a0ca0e-1228-4e37-b735-ccd979f22288' with name 'vitis-run_compile_mxm_execute_ursa'
Thu Sep 24 14:13:28 2026: STOP_SERVER received, server token: 378c180c-9b57-43d4-9e08-c491d5c19593, passed token: 378c180c-9b57-43d4-9e08-c491d5c19593
Thu Sep 24 14:13:28 2026: Socket received request to stop server.
Thu Sep 24 14:13:28 2026: Dispatch Server: do_await_stop
Thu Sep 24 14:13:28 2026: Dispatch Server: stopping mainFifo_
Thu Sep 24 14:13:28 2026: XCD main fifo: Stopping
Thu Sep 24 14:13:28 2026: XCD main fifo: do_read error code: Operation canceled
Thu Sep 24 14:13:28 2026: XCD main fifo: bytes_transferred: 0
Thu Sep 24 14:13:28 2026: SERVER: destructor for server bound to port 35911
Thu Sep 24 14:13:28 2026: XCD main fifo: Good unlink of /tmp/xcdmain378c180c-9b57-43d4-9e08-c491d5c19593
Thu Sep 24 14:13:28 2026: Server exiting with status 0.
Thu Sep 24 14:13:28 2026: Closing log file.
Thu Sep 24 14:16:36 2026: Running xcd server. This server was built by gradle.
Thu Sep 24 14:16:36 2026: Server was asked to start on port: '43005'
Thu Sep 24 14:16:36 2026: Server is using token UUID: '185b7d68-d694-43fd-a846-126a4655a349'
Thu Sep 24 14:16:36 2026: SESSION_MGR: creating session with session uuid: '6d04a3e9-ade5-4ab9-8d63-1f78fcd2ec76' and name 'default'
Thu Sep 24 14:16:36 2026: Attempting to start server on port '43005'
Thu Sep 24 14:16:36 2026: XCD main fifo: created main fifo '/tmp/xcdmain185b7d68-d694-43fd-a846-126a4655a349', fd read = 13
Thu Sep 24 14:16:36 2026: Running Dispatch Server
Thu Sep 24 14:16:36 2026: Version 2.2.0
Thu Sep 24 14:16:38 2026: Dispatch Server: Accepted socket connection from client
Thu Sep 24 14:16:38 2026: Starting Socket connection
Thu Sep 24 14:16:38 2026: EXCHANGE_TOKEN received, server token: 185b7d68-d694-43fd-a846-126a4655a349, passed token: 185b7d68-d694-43fd-a846-126a4655a349
Thu Sep 24 14:16:38 2026: DISPATCH_HANDLER: Adding handler from function makeHandler in library libxv_system_diagram
Thu Sep 24 14:16:38 2026: SESSION_MGR: creating session with session uuid: '33562ac7-e4ff-404d-8417-f6900556bbc1' and name 'vitis-run_compile_mxm_execute_ursa'
Thu Sep 24 14:16:38 2026: KERNEL_SVC: creating session with uuid: '33562ac7-e4ff-404d-8417-f6900556bbc1' and name 'vitis-run_compile_mxm_execute_ursa'
Thu Sep 24 14:16:38 2026: GUIDANCE_SMGR: creating guidance session with uuid: '33562ac7-e4ff-404d-8417-f6900556bbc1' and name 'vitis-run_compile_mxm_execute_ursa'
Thu Sep 24 14:16:38 2026: SYSTEM_DIAGRAM: creating session with uuid: '33562ac7-e4ff-404d-8417-f6900556bbc1' and name 'vitis-run_compile_mxm_execute_ursa'
Thu Sep 24 14:16:39 2026: Dispatch Server: Accepted socket connection from client
Thu Sep 24 14:16:39 2026: Starting Socket connection
Thu Sep 24 14:16:40 2026: SESSION_MGR: closing session for UUID '33562ac7-e4ff-404d-8417-f6900556bbc1' with name 'vitis-run_compile_mxm_execute_ursa'
Thu Sep 24 14:16:40 2026: KERNEL_SVC: closing session for UUID '33562ac7-e4ff-404d-8417-f6900556bbc1' with name 'vitis-run_compile_mxm_execute_ursa'
Thu Sep 24 14:16:40 2026: GUIDANCE_SMGR: closing session for UUID '33562ac7-e4ff-404d-8417-f6900556bbc1' with name 'vitis-run_compile_mxm_execute_ursa'
Thu Sep 24 14:16:40 2026: SYSTEM_DIAGRAM: closing session for UUID '33562ac7-e4ff-404d-8417-f6900556bbc1' with name 'vitis-run_compile_mxm_execute_ursa'
Thu Sep 24 14:16:40 2026: STOP_SERVER received, server token: 185b7d68-d694-43fd-a846-126a4655a349, passed token: 185b7d68-d694-43fd-a846-126a4655a349
Thu Sep 24 14:16:40 2026: Socket received request to stop server.
Thu Sep 24 14:16:40 2026: Dispatch Server: do_await_stop
Thu Sep 24 14:16:40 2026: Dispatch Server: stopping mainFifo_
Thu Sep 24 14:16:40 2026: XCD main fifo: Stopping
Thu Sep 24 14:16:40 2026: XCD main fifo: do_read error code: Operation canceled
Thu Sep 24 14:16:40 2026: XCD main fifo: bytes_transferred: 0
Thu Sep 24 14:16:40 2026: SERVER: destructor for server bound to port 43005
Thu Sep 24 14:16:40 2026: XCD main fifo: Good unlink of /tmp/xcdmain185b7d68-d694-43fd-a846-126a4655a349
Thu Sep 24 14:16:40 2026: Server exiting with status 0.
Thu Sep 24 14:16:40 2026: Closing log file.
Thu Sep 24 14:25:43 2026: Running xcd server. This server was built by gradle.
Thu Sep 24 14:25:43 2026: Server was asked to start on port: '44117'
Thu Sep 24 14:25:43 2026: Server is using token UUID: 'bc2a51aa-fe84-4ec2-b378-616ba68ece8b'
Thu Sep 24 14:25:43 2026: SESSION_MGR: creating session with session uuid: '6d04a3e9-ade5-4ab9-8d63-1f78fcd2ec76' and name 'default'
Thu Sep 24 14:25:43 2026: Attempting to start server on port '44117'
Thu Sep 24 14:25:43 2026: XCD main fifo: created main fifo '/tmp/xcdmainbc2a51aa-fe84-4ec2-b378-616ba68ece8b', fd read = 13
Thu Sep 24 14:25:43 2026: Running Dispatch Server
Thu Sep 24 14:25:43 2026: Version 2.2.0
Thu Sep 24 14:25:45 2026: Dispatch Server: Accepted socket connection from client
Thu Sep 24 14:25:45 2026: Starting Socket connection
Thu Sep 24 14:25:45 2026: EXCHANGE_TOKEN received, server token: bc2a51aa-fe84-4ec2-b378-616ba68ece8b, passed token: bc2a51aa-fe84-4ec2-b378-616ba68ece8b
Thu Sep 24 14:25:45 2026: DISPATCH_HANDLER: Adding handler from function makeHandler in library libxv_system_diagram
Thu Sep 24 14:25:45 2026: SESSION_MGR: creating session with session uuid: '88f31aaf-3fa6-4512-967d-0268800d9eaf' and name 'vitis-run_compile_mxm_execute_ursa'
Thu Sep 24 14:25:45 2026: KERNEL_SVC: creating session with uuid: '88f31aaf-3fa6-4512-967d-0268800d9eaf' and name 'vitis-run_compile_mxm_execute_ursa'
Thu Sep 24 14:25:45 2026: GUIDANCE_SMGR: creating guidance session with uuid: '88f31aaf-3fa6-4512-967d-0268800d9eaf' and name 'vitis-run_compile_mxm_execute_ursa'
Thu Sep 24 14:25:45 2026: SYSTEM_DIAGRAM: creating session with uuid: '88f31aaf-3fa6-4512-967d-0268800d9eaf' and name 'vitis-run_compile_mxm_execute_ursa'
Thu Sep 24 14:25:46 2026: Dispatch Server: Accepted socket connection from client
Thu Sep 24 14:25:46 2026: Starting Socket connection
Thu Sep 24 14:25:49 2026: SESSION_MGR: closing session for UUID '88f31aaf-3fa6-4512-967d-0268800d9eaf' with name 'vitis-run_compile_mxm_execute_ursa'
Thu Sep 24 14:25:49 2026: KERNEL_SVC: closing session for UUID '88f31aaf-3fa6-4512-967d-0268800d9eaf' with name 'vitis-run_compile_mxm_execute_ursa'
Thu Sep 24 14:25:49 2026: GUIDANCE_SMGR: closing session for UUID '88f31aaf-3fa6-4512-967d-0268800d9eaf' with name 'vitis-run_compile_mxm_execute_ursa'
Thu Sep 24 14:25:49 2026: SYSTEM_DIAGRAM: closing session for UUID '88f31aaf-3fa6-4512-967d-0268800d9eaf' with name 'vitis-run_compile_mxm_execute_ursa'
Thu Sep 24 14:25:49 2026: STOP_SERVER received, server token: bc2a51aa-fe84-4ec2-b378-616ba68ece8b, passed token: bc2a51aa-fe84-4ec2-b378-616ba68ece8b
Thu Sep 24 14:25:49 2026: Socket received request to stop server.
Thu Sep 24 14:25:49 2026: Dispatch Server: do_await_stop
Thu Sep 24 14:25:49 2026: Dispatch Server: stopping mainFifo_
Thu Sep 24 14:25:49 2026: XCD main fifo: Stopping
Thu Sep 24 14:25:49 2026: XCD main fifo: do_read error code: Operation canceled
Thu Sep 24 14:25:49 2026: XCD main fifo: bytes_transferred: 0
Thu Sep 24 14:25:49 2026: SERVER: destructor for server bound to port 44117
Thu Sep 24 14:25:49 2026: XCD main fifo: Good unlink of /tmp/xcdmainbc2a51aa-fe84-4ec2-b378-616ba68ece8b
Thu Sep 24 14:25:49 2026: Server exiting with status 0.
Thu Sep 24 14:25:49 2026: Closing log file.
Thu Sep 24 14:32:01 2026: Running xcd server. This server was built by gradle.
Thu Sep 24 14:32:01 2026: Server was asked to start on port: '33479'
Thu Sep 24 14:32:01 2026: Server is using token UUID: 'd13e21fe-206d-444b-904b-9c0d69889b07'
Thu Sep 24 14:32:01 2026: SESSION_MGR: creating session with session uuid: '6d04a3e9-ade5-4ab9-8d63-1f78fcd2ec76' and name 'default'
Thu Sep 24 14:32:01 2026: Attempting to start server on port '33479'
Thu Sep 24 14:32:01 2026: XCD main fifo: created main fifo '/tmp/xcdmaind13e21fe-206d-444b-904b-9c0d69889b07', fd read = 13
Thu Sep 24 14:32:01 2026: Running Dispatch Server
Thu Sep 24 14:32:01 2026: Version 2.2.0
Thu Sep 24 14:32:03 2026: Dispatch Server: Accepted socket connection from client
Thu Sep 24 14:32:03 2026: Starting Socket connection
Thu Sep 24 14:32:03 2026: EXCHANGE_TOKEN received, server token: d13e21fe-206d-444b-904b-9c0d69889b07, passed token: d13e21fe-206d-444b-904b-9c0d69889b07
Thu Sep 24 14:32:03 2026: DISPATCH_HANDLER: Adding handler from function makeHandler in library libxv_system_diagram
Thu Sep 24 14:32:03 2026: SESSION_MGR: creating session with session uuid: '12077085-e5e5-4f83-8ba1-b548554e3a42' and name 'v++_compile_mxm_execute_ursa'
Thu Sep 24 14:32:03 2026: KERNEL_SVC: creating session with uuid: '12077085-e5e5-4f83-8ba1-b548554e3a42' and name 'v++_compile_mxm_execute_ursa'
Thu Sep 24 14:32:03 2026: GUIDANCE_SMGR: creating guidance session with uuid: '12077085-e5e5-4f83-8ba1-b548554e3a42' and name 'v++_compile_mxm_execute_ursa'
Thu Sep 24 14:32:03 2026: SYSTEM_DIAGRAM: creating session with uuid: '12077085-e5e5-4f83-8ba1-b548554e3a42' and name 'v++_compile_mxm_execute_ursa'
Thu Sep 24 14:32:05 2026: Dispatch Server: Accepted socket connection from client
Thu Sep 24 14:32:05 2026: Starting Socket connection
Thu Sep 24 14:32:22 2026: SESSION_MGR: closing session for UUID '12077085-e5e5-4f83-8ba1-b548554e3a42' with name 'v++_compile_mxm_execute_ursa'
Thu Sep 24 14:32:22 2026: KERNEL_SVC: closing session for UUID '12077085-e5e5-4f83-8ba1-b548554e3a42' with name 'v++_compile_mxm_execute_ursa'
Thu Sep 24 14:32:22 2026: GUIDANCE_SMGR: closing session for UUID '12077085-e5e5-4f83-8ba1-b548554e3a42' with name 'v++_compile_mxm_execute_ursa'
Thu Sep 24 14:32:22 2026: SYSTEM_DIAGRAM: closing session for UUID '12077085-e5e5-4f83-8ba1-b548554e3a42' with name 'v++_compile_mxm_execute_ursa'
Thu Sep 24 14:32:22 2026: STOP_SERVER received, server token: d13e21fe-206d-444b-904b-9c0d69889b07, passed token: d13e21fe-206d-444b-904b-9c0d69889b07
Thu Sep 24 14:32:22 2026: Socket received request to stop server.
Thu Sep 24 14:32:22 2026: Dispatch Server: do_await_stop
Thu Sep 24 14:32:22 2026: Dispatch Server: stopping mainFifo_
Thu Sep 24 14:32:22 2026: XCD main fifo: Stopping
Thu Sep 24 14:32:22 2026: XCD main fifo: do_read error code: Operation canceled
Thu Sep 24 14:32:22 2026: XCD main fifo: bytes_transferred: 0
Thu Sep 24 14:32:22 2026: SERVER: destructor for server bound to port 33479
Thu Sep 24 14:32:22 2026: XCD main fifo: Good unlink of /tmp/xcdmaind13e21fe-206d-444b-904b-9c0d69889b07
Thu Sep 24 14:32:22 2026: Server exiting with status 0.
Thu Sep 24 14:32:22 2026: Closing log file.
Thu Sep 24 14:32:29 2026: Running xcd server. This server was built by gradle.
Thu Sep 24 14:32:29 2026: Server was asked to start on port: '36099'
Thu Sep 24 14:32:29 2026: Server is using token UUID: '25317d5c-7576-424f-8fac-b9a8e4126eef'
Thu Sep 24 14:32:29 2026: SESSION_MGR: creating session with session uuid: '6d04a3e9-ade5-4ab9-8d63-1f78fcd2ec76' and name 'default'
Thu Sep 24 14:32:29 2026: Attempting to start server on port '36099'
Thu Sep 24 14:32:29 2026: XCD main fifo: created main fifo '/tmp/xcdmain25317d5c-7576-424f-8fac-b9a8e4126eef', fd read = 13
Thu Sep 24 14:32:29 2026: Running Dispatch Server
Thu Sep 24 14:32:29 2026: Version 2.2.0
Thu Sep 24 14:32:31 2026: Dispatch Server: Accepted socket connection from client
Thu Sep 24 14:32:31 2026: Starting Socket connection
Thu Sep 24 14:32:31 2026: EXCHANGE_TOKEN received, server token: 25317d5c-7576-424f-8fac-b9a8e4126eef, passed token: 25317d5c-7576-424f-8fac-b9a8e4126eef
Thu Sep 24 14:32:31 2026: DISPATCH_HANDLER: Adding handler from function makeHandler in library libxv_system_diagram
Thu Sep 24 14:32:31 2026: SESSION_MGR: creating session with session uuid: '72b4c9bb-4473-4687-ac3a-e471b48a0c71' and name 'vitis-run_compile_mxm_execute_ursa'
Thu Sep 24 14:32:31 2026: KERNEL_SVC: creating session with uuid: '72b4c9bb-4473-4687-ac3a-e471b48a0c71' and name 'vitis-run_compile_mxm_execute_ursa'
Thu Sep 24 14:32:31 2026: GUIDANCE_SMGR: creating guidance session with uuid: '72b4c9bb-4473-4687-ac3a-e471b48a0c71' and name 'vitis-run_compile_mxm_execute_ursa'
Thu Sep 24 14:32:31 2026: SYSTEM_DIAGRAM: creating session with uuid: '72b4c9bb-4473-4687-ac3a-e471b48a0c71' and name 'vitis-run_compile_mxm_execute_ursa'
Thu Sep 24 14:32:33 2026: Dispatch Server: Accepted socket connection from client
Thu Sep 24 14:32:33 2026: Starting Socket connection
Thu Sep 24 14:32:51 2026: SESSION_MGR: closing session for UUID '72b4c9bb-4473-4687-ac3a-e471b48a0c71' with name 'vitis-run_compile_mxm_execute_ursa'
Thu Sep 24 14:32:51 2026: KERNEL_SVC: closing session for UUID '72b4c9bb-4473-4687-ac3a-e471b48a0c71' with name 'vitis-run_compile_mxm_execute_ursa'
Thu Sep 24 14:32:51 2026: GUIDANCE_SMGR: closing session for UUID '72b4c9bb-4473-4687-ac3a-e471b48a0c71' with name 'vitis-run_compile_mxm_execute_ursa'
Thu Sep 24 14:32:51 2026: SYSTEM_DIAGRAM: closing session for UUID '72b4c9bb-4473-4687-ac3a-e471b48a0c71' with name 'vitis-run_compile_mxm_execute_ursa'
Thu Sep 24 14:32:51 2026: STOP_SERVER received, server token: 25317d5c-7576-424f-8fac-b9a8e4126eef, passed token: 25317d5c-7576-424f-8fac-b9a8e4126eef
Thu Sep 24 14:32:51 2026: Socket received request to stop server.
Thu Sep 24 14:32:51 2026: Dispatch Server: do_await_stop
Thu Sep 24 14:32:51 2026: Dispatch Server: stopping mainFifo_
Thu Sep 24 14:32:51 2026: XCD main fifo: Stopping
Thu Sep 24 14:32:51 2026: XCD main fifo: do_read error code: Operation canceled
Thu Sep 24 14:32:51 2026: XCD main fifo: bytes_transferred: 0
Thu Sep 24 14:32:51 2026: SERVER: destructor for server bound to port 36099
Thu Sep 24 14:32:51 2026: XCD main fifo: Good unlink of /tmp/xcdmain25317d5c-7576-424f-8fac-b9a8e4126eef
Thu Sep 24 14:32:51 2026: Server exiting with status 0.
Thu Sep 24 14:32:51 2026: Closing log file.
Thu Sep 24 17:03:50 2026: Running xcd server. This server was built by gradle.
Thu Sep 24 17:03:50 2026: Server was asked to start on port: '42237'
Thu Sep 24 17:03:50 2026: Server is using token UUID: '596b02d2-a6b6-4939-9099-6ccb099b799d'
Thu Sep 24 17:03:50 2026: SESSION_MGR: creating session with session uuid: '6d04a3e9-ade5-4ab9-8d63-1f78fcd2ec76' and name 'default'
Thu Sep 24 17:03:50 2026: Attempting to start server on port '42237'
Thu Sep 24 17:03:50 2026: XCD main fifo: created main fifo '/tmp/xcdmain596b02d2-a6b6-4939-9099-6ccb099b799d', fd read = 13
Thu Sep 24 17:03:50 2026: Running Dispatch Server
Thu Sep 24 17:03:50 2026: Version 2.2.0
Thu Sep 24 17:03:52 2026: Dispatch Server: Accepted socket connection from client
Thu Sep 24 17:03:52 2026: Starting Socket connection
Thu Sep 24 17:03:52 2026: EXCHANGE_TOKEN received, server token: 596b02d2-a6b6-4939-9099-6ccb099b799d, passed token: 596b02d2-a6b6-4939-9099-6ccb099b799d
Thu Sep 24 17:03:52 2026: DISPATCH_HANDLER: Adding handler from function makeHandler in library libxv_system_diagram
Thu Sep 24 17:03:52 2026: SESSION_MGR: creating session with session uuid: '1c811c9e-bef6-4f6c-95c8-8884adc10091' and name 'vitis-run_compile_mxm_execute_ursa'
Thu Sep 24 17:03:52 2026: KERNEL_SVC: creating session with uuid: '1c811c9e-bef6-4f6c-95c8-8884adc10091' and name 'vitis-run_compile_mxm_execute_ursa'
Thu Sep 24 17:03:52 2026: GUIDANCE_SMGR: creating guidance session with uuid: '1c811c9e-bef6-4f6c-95c8-8884adc10091' and name 'vitis-run_compile_mxm_execute_ursa'
Thu Sep 24 17:03:52 2026: SYSTEM_DIAGRAM: creating session with uuid: '1c811c9e-bef6-4f6c-95c8-8884adc10091' and name 'vitis-run_compile_mxm_execute_ursa'
Thu Sep 24 17:03:54 2026: Dispatch Server: Accepted socket connection from client
Thu Sep 24 17:03:54 2026: Starting Socket connection
Thu Sep 24 17:03:58 2026: SESSION_MGR: closing session for UUID '1c811c9e-bef6-4f6c-95c8-8884adc10091' with name 'vitis-run_compile_mxm_execute_ursa'
Thu Sep 24 17:03:58 2026: KERNEL_SVC: closing session for UUID '1c811c9e-bef6-4f6c-95c8-8884adc10091' with name 'vitis-run_compile_mxm_execute_ursa'
Thu Sep 24 17:03:58 2026: GUIDANCE_SMGR: closing session for UUID '1c811c9e-bef6-4f6c-95c8-8884adc10091' with name 'vitis-run_compile_mxm_execute_ursa'
Thu Sep 24 17:03:58 2026: SYSTEM_DIAGRAM: closing session for UUID '1c811c9e-bef6-4f6c-95c8-8884adc10091' with name 'vitis-run_compile_mxm_execute_ursa'
Thu Sep 24 17:03:58 2026: STOP_SERVER received, server token: 596b02d2-a6b6-4939-9099-6ccb099b799d, passed token: 596b02d2-a6b6-4939-9099-6ccb099b799d
Thu Sep 24 17:03:58 2026: Socket received request to stop server.
Thu Sep 24 17:03:58 2026: Dispatch Server: do_await_stop
Thu Sep 24 17:03:58 2026: Dispatch Server: stopping mainFifo_
Thu Sep 24 17:03:58 2026: XCD main fifo: Stopping
Thu Sep 24 17:03:58 2026: XCD main fifo: do_read error code: Operation canceled
Thu Sep 24 17:03:58 2026: XCD main fifo: bytes_transferred: 0
Thu Sep 24 17:03:58 2026: SERVER: destructor for server bound to port 42237
Thu Sep 24 17:03:58 2026: XCD main fifo: Good unlink of /tmp/xcdmain596b02d2-a6b6-4939-9099-6ccb099b799d
Thu Sep 24 17:03:58 2026: Server exiting with status 0.
Thu Sep 24 17:03:58 2026: Closing log file.
Thu Sep 24 17:04:12 2026: Running xcd server. This server was built by gradle.
Thu Sep 24 17:04:12 2026: Server was asked to start on port: '42177'
Thu Sep 24 17:04:12 2026: Server is using token UUID: '9eb35ce5-a7d7-4ed8-ad39-d1baf7b8ff33'
Thu Sep 24 17:04:12 2026: SESSION_MGR: creating session with session uuid: '6d04a3e9-ade5-4ab9-8d63-1f78fcd2ec76' and name 'default'
Thu Sep 24 17:04:12 2026: Attempting to start server on port '42177'
Thu Sep 24 17:04:12 2026: XCD main fifo: created main fifo '/tmp/xcdmain9eb35ce5-a7d7-4ed8-ad39-d1baf7b8ff33', fd read = 13
Thu Sep 24 17:04:12 2026: Running Dispatch Server
Thu Sep 24 17:04:12 2026: Version 2.2.0
Thu Sep 24 17:04:14 2026: Dispatch Server: Accepted socket connection from client
Thu Sep 24 17:04:14 2026: Starting Socket connection
Thu Sep 24 17:04:14 2026: EXCHANGE_TOKEN received, server token: 9eb35ce5-a7d7-4ed8-ad39-d1baf7b8ff33, passed token: 9eb35ce5-a7d7-4ed8-ad39-d1baf7b8ff33
Thu Sep 24 17:04:14 2026: DISPATCH_HANDLER: Adding handler from function makeHandler in library libxv_system_diagram
Thu Sep 24 17:04:14 2026: SESSION_MGR: creating session with session uuid: '0f5a977f-85f2-49cd-9bac-4c2979cd49d4' and name 'vitis-run_compile_mxm_execute_ursa'
Thu Sep 24 17:04:14 2026: KERNEL_SVC: creating session with uuid: '0f5a977f-85f2-49cd-9bac-4c2979cd49d4' and name 'vitis-run_compile_mxm_execute_ursa'
Thu Sep 24 17:04:14 2026: GUIDANCE_SMGR: creating guidance session with uuid: '0f5a977f-85f2-49cd-9bac-4c2979cd49d4' and name 'vitis-run_compile_mxm_execute_ursa'
Thu Sep 24 17:04:14 2026: SYSTEM_DIAGRAM: creating session with uuid: '0f5a977f-85f2-49cd-9bac-4c2979cd49d4' and name 'vitis-run_compile_mxm_execute_ursa'
Thu Sep 24 17:04:16 2026: Dispatch Server: Accepted socket connection from client
Thu Sep 24 17:04:16 2026: Starting Socket connection
Thu Sep 24 17:04:18 2026: SESSION_MGR: closing session for UUID '0f5a977f-85f2-49cd-9bac-4c2979cd49d4' with name 'vitis-run_compile_mxm_execute_ursa'
Thu Sep 24 17:04:18 2026: KERNEL_SVC: closing session for UUID '0f5a977f-85f2-49cd-9bac-4c2979cd49d4' with name 'vitis-run_compile_mxm_execute_ursa'
Thu Sep 24 17:04:18 2026: GUIDANCE_SMGR: closing session for UUID '0f5a977f-85f2-49cd-9bac-4c2979cd49d4' with name 'vitis-run_compile_mxm_execute_ursa'
Thu Sep 24 17:04:18 2026: SYSTEM_DIAGRAM: closing session for UUID '0f5a977f-85f2-49cd-9bac-4c2979cd49d4' with name 'vitis-run_compile_mxm_execute_ursa'
Thu Sep 24 17:04:18 2026: STOP_SERVER received, server token: 9eb35ce5-a7d7-4ed8-ad39-d1baf7b8ff33, passed token: 9eb35ce5-a7d7-4ed8-ad39-d1baf7b8ff33
Thu Sep 24 17:04:18 2026: Socket received request to stop server.
Thu Sep 24 17:04:18 2026: Dispatch Server: do_await_stop
Thu Sep 24 17:04:18 2026: Dispatch Server: stopping mainFifo_
Thu Sep 24 17:04:18 2026: XCD main fifo: Stopping
Thu Sep 24 17:04:18 2026: XCD main fifo: do_read error code: Operation canceled
Thu Sep 24 17:04:18 2026: XCD main fifo: bytes_transferred: 0
Thu Sep 24 17:04:18 2026: SERVER: destructor for server bound to port 42177
Thu Sep 24 17:04:18 2026: XCD main fifo: Good unlink of /tmp/xcdmain9eb35ce5-a7d7-4ed8-ad39-d1baf7b8ff33
Thu Sep 24 17:04:18 2026: Server exiting with status 0.
Thu Sep 24 17:04:18 2026: Closing log file.
Thu Sep 24 17:12:49 2026: Running xcd server. This server was built by gradle.
Thu Sep 24 17:12:49 2026: Server was asked to start on port: '44347'
Thu Sep 24 17:12:49 2026: Server is using token UUID: 'cc08394d-7d54-46c5-a2fa-8757a191319e'
Thu Sep 24 17:12:49 2026: SESSION_MGR: creating session with session uuid: '6d04a3e9-ade5-4ab9-8d63-1f78fcd2ec76' and name 'default'
Thu Sep 24 17:12:49 2026: Attempting to start server on port '44347'
Thu Sep 24 17:12:49 2026: XCD main fifo: created main fifo '/tmp/xcdmaincc08394d-7d54-46c5-a2fa-8757a191319e', fd read = 13
Thu Sep 24 17:12:49 2026: Running Dispatch Server
Thu Sep 24 17:12:49 2026: Version 2.2.0
Thu Sep 24 17:12:51 2026: Dispatch Server: Accepted socket connection from client
Thu Sep 24 17:12:51 2026: Starting Socket connection
Thu Sep 24 17:12:51 2026: EXCHANGE_TOKEN received, server token: cc08394d-7d54-46c5-a2fa-8757a191319e, passed token: cc08394d-7d54-46c5-a2fa-8757a191319e
Thu Sep 24 17:12:51 2026: DISPATCH_HANDLER: Adding handler from function makeHandler in library libxv_system_diagram
Thu Sep 24 17:12:51 2026: SESSION_MGR: creating session with session uuid: '28e948d8-d0a1-4a1b-83df-c0c49725fa32' and name 'vitis-run_compile_mxm_execute_ursa'
Thu Sep 24 17:12:51 2026: KERNEL_SVC: creating session with uuid: '28e948d8-d0a1-4a1b-83df-c0c49725fa32' and name 'vitis-run_compile_mxm_execute_ursa'
Thu Sep 24 17:12:51 2026: GUIDANCE_SMGR: creating guidance session with uuid: '28e948d8-d0a1-4a1b-83df-c0c49725fa32' and name 'vitis-run_compile_mxm_execute_ursa'
Thu Sep 24 17:12:51 2026: SYSTEM_DIAGRAM: creating session with uuid: '28e948d8-d0a1-4a1b-83df-c0c49725fa32' and name 'vitis-run_compile_mxm_execute_ursa'
Thu Sep 24 17:12:53 2026: Dispatch Server: Accepted socket connection from client
Thu Sep 24 17:12:53 2026: Starting Socket connection
Thu Sep 24 17:12:55 2026: SESSION_MGR: closing session for UUID '28e948d8-d0a1-4a1b-83df-c0c49725fa32' with name 'vitis-run_compile_mxm_execute_ursa'
Thu Sep 24 17:12:55 2026: KERNEL_SVC: closing session for UUID '28e948d8-d0a1-4a1b-83df-c0c49725fa32' with name 'vitis-run_compile_mxm_execute_ursa'
Thu Sep 24 17:12:55 2026: GUIDANCE_SMGR: closing session for UUID '28e948d8-d0a1-4a1b-83df-c0c49725fa32' with name 'vitis-run_compile_mxm_execute_ursa'
Thu Sep 24 17:12:55 2026: SYSTEM_DIAGRAM: closing session for UUID '28e948d8-d0a1-4a1b-83df-c0c49725fa32' with name 'vitis-run_compile_mxm_execute_ursa'
Thu Sep 24 17:12:55 2026: STOP_SERVER received, server token: cc08394d-7d54-46c5-a2fa-8757a191319e, passed token: cc08394d-7d54-46c5-a2fa-8757a191319e
Thu Sep 24 17:12:55 2026: Socket received request to stop server.
Thu Sep 24 17:12:55 2026: Dispatch Server: do_await_stop
Thu Sep 24 17:12:55 2026: Dispatch Server: stopping mainFifo_
Thu Sep 24 17:12:55 2026: XCD main fifo: Stopping
Thu Sep 24 17:12:55 2026: XCD main fifo: do_read error code: Operation canceled
Thu Sep 24 17:12:55 2026: XCD main fifo: bytes_transferred: 0
Thu Sep 24 17:12:55 2026: SERVER: destructor for server bound to port 44347
Thu Sep 24 17:12:55 2026: XCD main fifo: Good unlink of /tmp/xcdmaincc08394d-7d54-46c5-a2fa-8757a191319e
Thu Sep 24 17:12:55 2026: Server exiting with status 0.
Thu Sep 24 17:12:55 2026: Closing log file.
Thu Sep 24 17:13:39 2026: Running xcd server. This server was built by gradle.
Thu Sep 24 17:13:39 2026: Server was asked to start on port: '38855'
Thu Sep 24 17:13:39 2026: Server is using token UUID: 'e9a96fe0-4145-47a9-a506-0e30645be7bb'
Thu Sep 24 17:13:39 2026: SESSION_MGR: creating session with session uuid: '6d04a3e9-ade5-4ab9-8d63-1f78fcd2ec76' and name 'default'
Thu Sep 24 17:13:39 2026: Attempting to start server on port '38855'
Thu Sep 24 17:13:39 2026: XCD main fifo: created main fifo '/tmp/xcdmaine9a96fe0-4145-47a9-a506-0e30645be7bb', fd read = 13
Thu Sep 24 17:13:39 2026: Running Dispatch Server
Thu Sep 24 17:13:39 2026: Version 2.2.0
Thu Sep 24 17:13:41 2026: Dispatch Server: Accepted socket connection from client
Thu Sep 24 17:13:41 2026: Starting Socket connection
Thu Sep 24 17:13:41 2026: EXCHANGE_TOKEN received, server token: e9a96fe0-4145-47a9-a506-0e30645be7bb, passed token: e9a96fe0-4145-47a9-a506-0e30645be7bb
Thu Sep 24 17:13:41 2026: DISPATCH_HANDLER: Adding handler from function makeHandler in library libxv_system_diagram
Thu Sep 24 17:13:41 2026: SESSION_MGR: creating session with session uuid: '64f61095-bbd4-49a7-bef2-8d6f2e98a90e' and name 'vitis-run_compile_mxm_execute_ursa'
Thu Sep 24 17:13:41 2026: KERNEL_SVC: creating session with uuid: '64f61095-bbd4-49a7-bef2-8d6f2e98a90e' and name 'vitis-run_compile_mxm_execute_ursa'
Thu Sep 24 17:13:41 2026: GUIDANCE_SMGR: creating guidance session with uuid: '64f61095-bbd4-49a7-bef2-8d6f2e98a90e' and name 'vitis-run_compile_mxm_execute_ursa'
Thu Sep 24 17:13:41 2026: SYSTEM_DIAGRAM: creating session with uuid: '64f61095-bbd4-49a7-bef2-8d6f2e98a90e' and name 'vitis-run_compile_mxm_execute_ursa'
Thu Sep 24 17:13:43 2026: Dispatch Server: Accepted socket connection from client
Thu Sep 24 17:13:43 2026: Starting Socket connection
Thu Sep 24 17:13:46 2026: SESSION_MGR: closing session for UUID '64f61095-bbd4-49a7-bef2-8d6f2e98a90e' with name 'vitis-run_compile_mxm_execute_ursa'
Thu Sep 24 17:13:46 2026: KERNEL_SVC: closing session for UUID '64f61095-bbd4-49a7-bef2-8d6f2e98a90e' with name 'vitis-run_compile_mxm_execute_ursa'
Thu Sep 24 17:13:46 2026: GUIDANCE_SMGR: closing session for UUID '64f61095-bbd4-49a7-bef2-8d6f2e98a90e' with name 'vitis-run_compile_mxm_execute_ursa'
Thu Sep 24 17:13:46 2026: SYSTEM_DIAGRAM: closing session for UUID '64f61095-bbd4-49a7-bef2-8d6f2e98a90e' with name 'vitis-run_compile_mxm_execute_ursa'
Thu Sep 24 17:13:46 2026: STOP_SERVER received, server token: e9a96fe0-4145-47a9-a506-0e30645be7bb, passed token: e9a96fe0-4145-47a9-a506-0e30645be7bb
Thu Sep 24 17:13:46 2026: Socket received request to stop server.
Thu Sep 24 17:13:46 2026: Dispatch Server: do_await_stop
Thu Sep 24 17:13:46 2026: Dispatch Server: stopping mainFifo_
Thu Sep 24 17:13:46 2026: XCD main fifo: Stopping
Thu Sep 24 17:13:46 2026: XCD main fifo: do_read error code: Operation canceled
Thu Sep 24 17:13:46 2026: XCD main fifo: bytes_transferred: 0
Thu Sep 24 17:13:46 2026: SERVER: destructor for server bound to port 38855
Thu Sep 24 17:13:46 2026: XCD main fifo: Good unlink of /tmp/xcdmaine9a96fe0-4145-47a9-a506-0e30645be7bb
Thu Sep 24 17:13:46 2026: Server exiting with status 0.
Thu Sep 24 17:13:46 2026: Closing log file.
Thu Sep 24 17:15:18 2026: Running xcd server. This server was built by gradle.
Thu Sep 24 17:15:18 2026: Server was asked to start on port: '34107'
Thu Sep 24 17:15:18 2026: Server is using token UUID: 'e33bee5b-640b-467f-8860-ca792d120a77'
Thu Sep 24 17:15:18 2026: SESSION_MGR: creating session with session uuid: '6d04a3e9-ade5-4ab9-8d63-1f78fcd2ec76' and name 'default'
Thu Sep 24 17:15:18 2026: Attempting to start server on port '34107'
Thu Sep 24 17:15:18 2026: XCD main fifo: created main fifo '/tmp/xcdmaine33bee5b-640b-467f-8860-ca792d120a77', fd read = 13
Thu Sep 24 17:15:18 2026: Running Dispatch Server
Thu Sep 24 17:15:18 2026: Version 2.2.0
Thu Sep 24 17:15:20 2026: Dispatch Server: Accepted socket connection from client
Thu Sep 24 17:15:20 2026: Starting Socket connection
Thu Sep 24 17:15:20 2026: EXCHANGE_TOKEN received, server token: e33bee5b-640b-467f-8860-ca792d120a77, passed token: e33bee5b-640b-467f-8860-ca792d120a77
Thu Sep 24 17:15:20 2026: DISPATCH_HANDLER: Adding handler from function makeHandler in library libxv_system_diagram
Thu Sep 24 17:15:20 2026: SESSION_MGR: creating session with session uuid: 'c06c74f7-fc69-4caa-9e9b-4b5d27bdb039' and name 'v++_compile_mxm_execute_ursa'
Thu Sep 24 17:15:20 2026: KERNEL_SVC: creating session with uuid: 'c06c74f7-fc69-4caa-9e9b-4b5d27bdb039' and name 'v++_compile_mxm_execute_ursa'
Thu Sep 24 17:15:20 2026: GUIDANCE_SMGR: creating guidance session with uuid: 'c06c74f7-fc69-4caa-9e9b-4b5d27bdb039' and name 'v++_compile_mxm_execute_ursa'
Thu Sep 24 17:15:20 2026: SYSTEM_DIAGRAM: creating session with uuid: 'c06c74f7-fc69-4caa-9e9b-4b5d27bdb039' and name 'v++_compile_mxm_execute_ursa'
Thu Sep 24 17:15:22 2026: Dispatch Server: Accepted socket connection from client
Thu Sep 24 17:15:22 2026: Starting Socket connection
Thu Sep 24 17:15:42 2026: SESSION_MGR: closing session for UUID 'c06c74f7-fc69-4caa-9e9b-4b5d27bdb039' with name 'v++_compile_mxm_execute_ursa'
Thu Sep 24 17:15:42 2026: KERNEL_SVC: closing session for UUID 'c06c74f7-fc69-4caa-9e9b-4b5d27bdb039' with name 'v++_compile_mxm_execute_ursa'
Thu Sep 24 17:15:42 2026: GUIDANCE_SMGR: closing session for UUID 'c06c74f7-fc69-4caa-9e9b-4b5d27bdb039' with name 'v++_compile_mxm_execute_ursa'
Thu Sep 24 17:15:42 2026: SYSTEM_DIAGRAM: closing session for UUID 'c06c74f7-fc69-4caa-9e9b-4b5d27bdb039' with name 'v++_compile_mxm_execute_ursa'
Thu Sep 24 17:15:42 2026: STOP_SERVER received, server token: e33bee5b-640b-467f-8860-ca792d120a77, passed token: e33bee5b-640b-467f-8860-ca792d120a77
Thu Sep 24 17:15:42 2026: Socket received request to stop server.
Thu Sep 24 17:15:42 2026: Dispatch Server: do_await_stop
Thu Sep 24 17:15:42 2026: Dispatch Server: stopping mainFifo_
Thu Sep 24 17:15:42 2026: XCD main fifo: Stopping
Thu Sep 24 17:15:42 2026: XCD main fifo: do_read error code: Operation canceled
Thu Sep 24 17:15:42 2026: XCD main fifo: bytes_transferred: 0
Thu Sep 24 17:15:42 2026: SERVER: destructor for server bound to port 34107
Thu Sep 24 17:15:42 2026: XCD main fifo: Good unlink of /tmp/xcdmaine33bee5b-640b-467f-8860-ca792d120a77
Thu Sep 24 17:15:42 2026: Server exiting with status 0.
Thu Sep 24 17:15:42 2026: Closing log file.
Thu Sep 24 17:16:17 2026: Running xcd server. This server was built by gradle.
Thu Sep 24 17:16:17 2026: Server was asked to start on port: '34697'
Thu Sep 24 17:16:17 2026: Server is using token UUID: '5e54ee1d-cc58-44b2-88d0-d64122cedae8'
Thu Sep 24 17:16:17 2026: SESSION_MGR: creating session with session uuid: '6d04a3e9-ade5-4ab9-8d63-1f78fcd2ec76' and name 'default'
Thu Sep 24 17:16:17 2026: Attempting to start server on port '34697'
Thu Sep 24 17:16:17 2026: XCD main fifo: created main fifo '/tmp/xcdmain5e54ee1d-cc58-44b2-88d0-d64122cedae8', fd read = 13
Thu Sep 24 17:16:17 2026: Running Dispatch Server
Thu Sep 24 17:16:17 2026: Version 2.2.0
Thu Sep 24 17:16:19 2026: Dispatch Server: Accepted socket connection from client
Thu Sep 24 17:16:19 2026: Starting Socket connection
Thu Sep 24 17:16:19 2026: EXCHANGE_TOKEN received, server token: 5e54ee1d-cc58-44b2-88d0-d64122cedae8, passed token: 5e54ee1d-cc58-44b2-88d0-d64122cedae8
Thu Sep 24 17:16:20 2026: DISPATCH_HANDLER: Adding handler from function makeHandler in library libxv_system_diagram
Thu Sep 24 17:16:20 2026: SESSION_MGR: creating session with session uuid: '5df6f995-1091-43e1-ac59-9a5ce2b972e5' and name 'vitis-run_compile_mxm_execute_ursa'
Thu Sep 24 17:16:20 2026: KERNEL_SVC: creating session with uuid: '5df6f995-1091-43e1-ac59-9a5ce2b972e5' and name 'vitis-run_compile_mxm_execute_ursa'
Thu Sep 24 17:16:20 2026: GUIDANCE_SMGR: creating guidance session with uuid: '5df6f995-1091-43e1-ac59-9a5ce2b972e5' and name 'vitis-run_compile_mxm_execute_ursa'
Thu Sep 24 17:16:20 2026: SYSTEM_DIAGRAM: creating session with uuid: '5df6f995-1091-43e1-ac59-9a5ce2b972e5' and name 'vitis-run_compile_mxm_execute_ursa'
Thu Sep 24 17:16:21 2026: Dispatch Server: Accepted socket connection from client
Thu Sep 24 17:16:21 2026: Starting Socket connection
Thu Sep 24 17:16:39 2026: SESSION_MGR: closing session for UUID '5df6f995-1091-43e1-ac59-9a5ce2b972e5' with name 'vitis-run_compile_mxm_execute_ursa'
Thu Sep 24 17:16:39 2026: KERNEL_SVC: closing session for UUID '5df6f995-1091-43e1-ac59-9a5ce2b972e5' with name 'vitis-run_compile_mxm_execute_ursa'
Thu Sep 24 17:16:39 2026: GUIDANCE_SMGR: closing session for UUID '5df6f995-1091-43e1-ac59-9a5ce2b972e5' with name 'vitis-run_compile_mxm_execute_ursa'
Thu Sep 24 17:16:39 2026: SYSTEM_DIAGRAM: closing session for UUID '5df6f995-1091-43e1-ac59-9a5ce2b972e5' with name 'vitis-run_compile_mxm_execute_ursa'
Thu Sep 24 17:16:39 2026: STOP_SERVER received, server token: 5e54ee1d-cc58-44b2-88d0-d64122cedae8, passed token: 5e54ee1d-cc58-44b2-88d0-d64122cedae8
Thu Sep 24 17:16:39 2026: Socket received request to stop server.
Thu Sep 24 17:16:39 2026: Dispatch Server: do_await_stop
Thu Sep 24 17:16:39 2026: Dispatch Server: stopping mainFifo_
Thu Sep 24 17:16:39 2026: XCD main fifo: Stopping
Thu Sep 24 17:16:39 2026: XCD main fifo: do_read error code: Operation canceled
Thu Sep 24 17:16:39 2026: XCD main fifo: bytes_transferred: 0
Thu Sep 24 17:16:39 2026: SERVER: destructor for server bound to port 34697
Thu Sep 24 17:16:39 2026: XCD main fifo: Good unlink of /tmp/xcdmain5e54ee1d-cc58-44b2-88d0-d64122cedae8
Thu Sep 24 17:16:39 2026: Server exiting with status 0.
Thu Sep 24 17:16:39 2026: Closing log file.
Thu Sep 24 17:25:20 2026: Running xcd server. This server was built by gradle.
Thu Sep 24 17:25:20 2026: Server was asked to start on port: '38683'
Thu Sep 24 17:25:20 2026: Server is using token UUID: 'b10001b0-4d1c-4d27-9e4f-6e8b94259de1'
Thu Sep 24 17:25:20 2026: SESSION_MGR: creating session with session uuid: '6d04a3e9-ade5-4ab9-8d63-1f78fcd2ec76' and name 'default'
Thu Sep 24 17:25:20 2026: Attempting to start server on port '38683'
Thu Sep 24 17:25:20 2026: XCD main fifo: created main fifo '/tmp/xcdmainb10001b0-4d1c-4d27-9e4f-6e8b94259de1', fd read = 13
Thu Sep 24 17:25:20 2026: Running Dispatch Server
Thu Sep 24 17:25:20 2026: Version 2.2.0
Thu Sep 24 17:25:22 2026: Dispatch Server: Accepted socket connection from client
Thu Sep 24 17:25:22 2026: Starting Socket connection
Thu Sep 24 17:25:22 2026: EXCHANGE_TOKEN received, server token: b10001b0-4d1c-4d27-9e4f-6e8b94259de1, passed token: b10001b0-4d1c-4d27-9e4f-6e8b94259de1
Thu Sep 24 17:25:22 2026: DISPATCH_HANDLER: Adding handler from function makeHandler in library libxv_system_diagram
Thu Sep 24 17:25:22 2026: SESSION_MGR: creating session with session uuid: 'c1853a00-6546-40da-9e80-23a9758b4b1f' and name 'vitis-run_compile_mxm_execute_ursa'
Thu Sep 24 17:25:22 2026: KERNEL_SVC: creating session with uuid: 'c1853a00-6546-40da-9e80-23a9758b4b1f' and name 'vitis-run_compile_mxm_execute_ursa'
Thu Sep 24 17:25:22 2026: GUIDANCE_SMGR: creating guidance session with uuid: 'c1853a00-6546-40da-9e80-23a9758b4b1f' and name 'vitis-run_compile_mxm_execute_ursa'
Thu Sep 24 17:25:22 2026: SYSTEM_DIAGRAM: creating session with uuid: 'c1853a00-6546-40da-9e80-23a9758b4b1f' and name 'vitis-run_compile_mxm_execute_ursa'
Thu Sep 24 17:25:24 2026: Dispatch Server: Accepted socket connection from client
Thu Sep 24 17:25:24 2026: Starting Socket connection
Thu Sep 24 17:25:24 2026: SESSION_MGR: closing session for UUID 'c1853a00-6546-40da-9e80-23a9758b4b1f' with name 'vitis-run_compile_mxm_execute_ursa'
Thu Sep 24 17:25:24 2026: KERNEL_SVC: closing session for UUID 'c1853a00-6546-40da-9e80-23a9758b4b1f' with name 'vitis-run_compile_mxm_execute_ursa'
Thu Sep 24 17:25:24 2026: GUIDANCE_SMGR: closing session for UUID 'c1853a00-6546-40da-9e80-23a9758b4b1f' with name 'vitis-run_compile_mxm_execute_ursa'
Thu Sep 24 17:25:24 2026: SYSTEM_DIAGRAM: closing session for UUID 'c1853a00-6546-40da-9e80-23a9758b4b1f' with name 'vitis-run_compile_mxm_execute_ursa'
Thu Sep 24 17:25:24 2026: STOP_SERVER received, server token: b10001b0-4d1c-4d27-9e4f-6e8b94259de1, passed token: b10001b0-4d1c-4d27-9e4f-6e8b94259de1
Thu Sep 24 17:25:24 2026: Socket received request to stop server.
Thu Sep 24 17:25:24 2026: Dispatch Server: do_await_stop
Thu Sep 24 17:25:24 2026: Dispatch Server: stopping mainFifo_
Thu Sep 24 17:25:24 2026: XCD main fifo: Stopping
Thu Sep 24 17:25:24 2026: XCD main fifo: do_read error code: Operation canceled
Thu Sep 24 17:25:24 2026: XCD main fifo: bytes_transferred: 0
Thu Sep 24 17:25:24 2026: SERVER: destructor for server bound to port 38683
Thu Sep 24 17:25:24 2026: XCD main fifo: Good unlink of /tmp/xcdmainb10001b0-4d1c-4d27-9e4f-6e8b94259de1
Thu Sep 24 17:25:24 2026: Server exiting with status 0.
Thu Sep 24 17:25:24 2026: Closing log file.
Thu Sep 24 17:25:45 2026: Running xcd server. This server was built by gradle.
Thu Sep 24 17:25:45 2026: Server was asked to start on port: '45907'
Thu Sep 24 17:25:45 2026: Server is using token UUID: 'f5b0fdd6-8c9e-4d7b-b747-b23e483680b0'
Thu Sep 24 17:25:45 2026: SESSION_MGR: creating session with session uuid: '6d04a3e9-ade5-4ab9-8d63-1f78fcd2ec76' and name 'default'
Thu Sep 24 17:25:45 2026: Attempting to start server on port '45907'
Thu Sep 24 17:25:45 2026: XCD main fifo: created main fifo '/tmp/xcdmainf5b0fdd6-8c9e-4d7b-b747-b23e483680b0', fd read = 13
Thu Sep 24 17:25:45 2026: Running Dispatch Server
Thu Sep 24 17:25:45 2026: Version 2.2.0
Thu Sep 24 17:25:47 2026: Dispatch Server: Accepted socket connection from client
Thu Sep 24 17:25:47 2026: Starting Socket connection
Thu Sep 24 17:25:47 2026: EXCHANGE_TOKEN received, server token: f5b0fdd6-8c9e-4d7b-b747-b23e483680b0, passed token: f5b0fdd6-8c9e-4d7b-b747-b23e483680b0
Thu Sep 24 17:25:47 2026: DISPATCH_HANDLER: Adding handler from function makeHandler in library libxv_system_diagram
Thu Sep 24 17:25:47 2026: SESSION_MGR: creating session with session uuid: 'a7c10746-2186-4992-82f2-55fce85faf88' and name 'vitis-run_compile_mxm_execute_ursa'
Thu Sep 24 17:25:47 2026: KERNEL_SVC: creating session with uuid: 'a7c10746-2186-4992-82f2-55fce85faf88' and name 'vitis-run_compile_mxm_execute_ursa'
Thu Sep 24 17:25:47 2026: GUIDANCE_SMGR: creating guidance session with uuid: 'a7c10746-2186-4992-82f2-55fce85faf88' and name 'vitis-run_compile_mxm_execute_ursa'
Thu Sep 24 17:25:47 2026: SYSTEM_DIAGRAM: creating session with uuid: 'a7c10746-2186-4992-82f2-55fce85faf88' and name 'vitis-run_compile_mxm_execute_ursa'
Thu Sep 24 17:25:48 2026: Dispatch Server: Accepted socket connection from client
Thu Sep 24 17:25:48 2026: Starting Socket connection
Thu Sep 24 17:25:50 2026: SESSION_MGR: closing session for UUID 'a7c10746-2186-4992-82f2-55fce85faf88' with name 'vitis-run_compile_mxm_execute_ursa'
Thu Sep 24 17:25:50 2026: KERNEL_SVC: closing session for UUID 'a7c10746-2186-4992-82f2-55fce85faf88' with name 'vitis-run_compile_mxm_execute_ursa'
Thu Sep 24 17:25:50 2026: GUIDANCE_SMGR: closing session for UUID 'a7c10746-2186-4992-82f2-55fce85faf88' with name 'vitis-run_compile_mxm_execute_ursa'
Thu Sep 24 17:25:50 2026: SYSTEM_DIAGRAM: closing session for UUID 'a7c10746-2186-4992-82f2-55fce85faf88' with name 'vitis-run_compile_mxm_execute_ursa'
Thu Sep 24 17:25:50 2026: STOP_SERVER received, server token: f5b0fdd6-8c9e-4d7b-b747-b23e483680b0, passed token: f5b0fdd6-8c9e-4d7b-b747-b23e483680b0
Thu Sep 24 17:25:50 2026: Socket received request to stop server.
Thu Sep 24 17:25:50 2026: Dispatch Server: do_await_stop
Thu Sep 24 17:25:50 2026: Dispatch Server: stopping mainFifo_
Thu Sep 24 17:25:50 2026: XCD main fifo: Stopping
Thu Sep 24 17:25:50 2026: XCD main fifo: do_read error code: Operation canceled
Thu Sep 24 17:25:50 2026: XCD main fifo: bytes_transferred: 0
Thu Sep 24 17:25:50 2026: SERVER: destructor for server bound to port 45907
Thu Sep 24 17:25:50 2026: XCD main fifo: Good unlink of /tmp/xcdmainf5b0fdd6-8c9e-4d7b-b747-b23e483680b0
Thu Sep 24 17:25:50 2026: Server exiting with status 0.
Thu Sep 24 17:25:50 2026: Closing log file.
Thu Sep 24 17:26:49 2026: Running xcd server. This server was built by gradle.
Thu Sep 24 17:26:49 2026: Server was asked to start on port: '33929'
Thu Sep 24 17:26:49 2026: Server is using token UUID: 'd87df705-5ccf-450f-8050-53e71aa51de5'
Thu Sep 24 17:26:49 2026: SESSION_MGR: creating session with session uuid: '6d04a3e9-ade5-4ab9-8d63-1f78fcd2ec76' and name 'default'
Thu Sep 24 17:26:49 2026: Attempting to start server on port '33929'
Thu Sep 24 17:26:49 2026: XCD main fifo: created main fifo '/tmp/xcdmaind87df705-5ccf-450f-8050-53e71aa51de5', fd read = 13
Thu Sep 24 17:26:49 2026: Running Dispatch Server
Thu Sep 24 17:26:49 2026: Version 2.2.0
Thu Sep 24 17:26:51 2026: Dispatch Server: Accepted socket connection from client
Thu Sep 24 17:26:51 2026: Starting Socket connection
Thu Sep 24 17:26:51 2026: EXCHANGE_TOKEN received, server token: d87df705-5ccf-450f-8050-53e71aa51de5, passed token: d87df705-5ccf-450f-8050-53e71aa51de5
Thu Sep 24 17:26:51 2026: DISPATCH_HANDLER: Adding handler from function makeHandler in library libxv_system_diagram
Thu Sep 24 17:26:51 2026: SESSION_MGR: creating session with session uuid: 'b83320b1-760f-455d-8763-9eaf320574e3' and name 'v++_compile_mxm_execute_ursa'
Thu Sep 24 17:26:51 2026: KERNEL_SVC: creating session with uuid: 'b83320b1-760f-455d-8763-9eaf320574e3' and name 'v++_compile_mxm_execute_ursa'
Thu Sep 24 17:26:51 2026: GUIDANCE_SMGR: creating guidance session with uuid: 'b83320b1-760f-455d-8763-9eaf320574e3' and name 'v++_compile_mxm_execute_ursa'
Thu Sep 24 17:26:51 2026: SYSTEM_DIAGRAM: creating session with uuid: 'b83320b1-760f-455d-8763-9eaf320574e3' and name 'v++_compile_mxm_execute_ursa'
Thu Sep 24 17:26:53 2026: Dispatch Server: Accepted socket connection from client
Thu Sep 24 17:26:53 2026: Starting Socket connection
Thu Sep 24 17:27:13 2026: SESSION_MGR: closing session for UUID 'b83320b1-760f-455d-8763-9eaf320574e3' with name 'v++_compile_mxm_execute_ursa'
Thu Sep 24 17:27:13 2026: KERNEL_SVC: closing session for UUID 'b83320b1-760f-455d-8763-9eaf320574e3' with name 'v++_compile_mxm_execute_ursa'
Thu Sep 24 17:27:13 2026: GUIDANCE_SMGR: closing session for UUID 'b83320b1-760f-455d-8763-9eaf320574e3' with name 'v++_compile_mxm_execute_ursa'
Thu Sep 24 17:27:13 2026: SYSTEM_DIAGRAM: closing session for UUID 'b83320b1-760f-455d-8763-9eaf320574e3' with name 'v++_compile_mxm_execute_ursa'
Thu Sep 24 17:27:13 2026: STOP_SERVER received, server token: d87df705-5ccf-450f-8050-53e71aa51de5, passed token: d87df705-5ccf-450f-8050-53e71aa51de5
Thu Sep 24 17:27:13 2026: Socket received request to stop server.
Thu Sep 24 17:27:13 2026: Dispatch Server: do_await_stop
Thu Sep 24 17:27:13 2026: Dispatch Server: stopping mainFifo_
Thu Sep 24 17:27:13 2026: XCD main fifo: Stopping
Thu Sep 24 17:27:13 2026: XCD main fifo: do_read error code: Operation canceled
Thu Sep 24 17:27:13 2026: XCD main fifo: bytes_transferred: 0
Thu Sep 24 17:27:13 2026: SERVER: destructor for server bound to port 33929
Thu Sep 24 17:27:13 2026: XCD main fifo: Good unlink of /tmp/xcdmaind87df705-5ccf-450f-8050-53e71aa51de5
Thu Sep 24 17:27:13 2026: Server exiting with status 0.
Thu Sep 24 17:27:13 2026: Closing log file.
Thu Sep 24 17:28:12 2026: Running xcd server. This server was built by gradle.
Thu Sep 24 17:28:12 2026: Server was asked to start on port: '45079'
Thu Sep 24 17:28:12 2026: Server is using token UUID: '855cc51c-7710-41ba-99d5-392f617cd646'
Thu Sep 24 17:28:12 2026: SESSION_MGR: creating session with session uuid: '6d04a3e9-ade5-4ab9-8d63-1f78fcd2ec76' and name 'default'
Thu Sep 24 17:28:12 2026: Attempting to start server on port '45079'
Thu Sep 24 17:28:12 2026: XCD main fifo: created main fifo '/tmp/xcdmain855cc51c-7710-41ba-99d5-392f617cd646', fd read = 13
Thu Sep 24 17:28:12 2026: Running Dispatch Server
Thu Sep 24 17:28:12 2026: Version 2.2.0
Thu Sep 24 17:28:14 2026: Dispatch Server: Accepted socket connection from client
Thu Sep 24 17:28:14 2026: Starting Socket connection
Thu Sep 24 17:28:14 2026: EXCHANGE_TOKEN received, server token: 855cc51c-7710-41ba-99d5-392f617cd646, passed token: 855cc51c-7710-41ba-99d5-392f617cd646
Thu Sep 24 17:28:14 2026: DISPATCH_HANDLER: Adding handler from function makeHandler in library libxv_system_diagram
Thu Sep 24 17:28:14 2026: SESSION_MGR: creating session with session uuid: '76de8c62-f7b3-4194-b6ec-792a1edd6cf4' and name 'vitis-run_compile_mxm_execute_ursa'
Thu Sep 24 17:28:14 2026: KERNEL_SVC: creating session with uuid: '76de8c62-f7b3-4194-b6ec-792a1edd6cf4' and name 'vitis-run_compile_mxm_execute_ursa'
Thu Sep 24 17:28:14 2026: GUIDANCE_SMGR: creating guidance session with uuid: '76de8c62-f7b3-4194-b6ec-792a1edd6cf4' and name 'vitis-run_compile_mxm_execute_ursa'
Thu Sep 24 17:28:14 2026: SYSTEM_DIAGRAM: creating session with uuid: '76de8c62-f7b3-4194-b6ec-792a1edd6cf4' and name 'vitis-run_compile_mxm_execute_ursa'
Thu Sep 24 17:28:15 2026: Dispatch Server: Accepted socket connection from client
Thu Sep 24 17:28:15 2026: Starting Socket connection
Thu Sep 24 17:28:34 2026: SESSION_MGR: closing session for UUID '76de8c62-f7b3-4194-b6ec-792a1edd6cf4' with name 'vitis-run_compile_mxm_execute_ursa'
Thu Sep 24 17:28:34 2026: KERNEL_SVC: closing session for UUID '76de8c62-f7b3-4194-b6ec-792a1edd6cf4' with name 'vitis-run_compile_mxm_execute_ursa'
Thu Sep 24 17:28:34 2026: GUIDANCE_SMGR: closing session for UUID '76de8c62-f7b3-4194-b6ec-792a1edd6cf4' with name 'vitis-run_compile_mxm_execute_ursa'
Thu Sep 24 17:28:34 2026: SYSTEM_DIAGRAM: closing session for UUID '76de8c62-f7b3-4194-b6ec-792a1edd6cf4' with name 'vitis-run_compile_mxm_execute_ursa'
Thu Sep 24 17:28:34 2026: STOP_SERVER received, server token: 855cc51c-7710-41ba-99d5-392f617cd646, passed token: 855cc51c-7710-41ba-99d5-392f617cd646
Thu Sep 24 17:28:34 2026: Socket received request to stop server.
Thu Sep 24 17:28:34 2026: Dispatch Server: do_await_stop
Thu Sep 24 17:28:34 2026: Dispatch Server: stopping mainFifo_
Thu Sep 24 17:28:34 2026: XCD main fifo: Stopping
Thu Sep 24 17:28:34 2026: XCD main fifo: do_read error code: Operation canceled
Thu Sep 24 17:28:34 2026: XCD main fifo: bytes_transferred: 0
Thu Sep 24 17:28:34 2026: SERVER: destructor for server bound to port 45079
Thu Sep 24 17:28:34 2026: XCD main fifo: Good unlink of /tmp/xcdmain855cc51c-7710-41ba-99d5-392f617cd646
Thu Sep 24 17:28:34 2026: Server exiting with status 0.
Thu Sep 24 17:28:34 2026: Closing log file.
