Copyright 1986-2022 Xilinx, Inc. All Rights Reserved. Copyright 2022-2023 Advanced Micro Devices, Inc. All Rights Reserved.
---------------------------------------------------------------------------------------------------------------------------------------------
| Tool Version : Vivado v.2023.2 (lin64) Build 4029153 Fri Oct 13 20:13:54 MDT 2023
| Date         : Thu Apr 16 12:37:24 2026
| Host         : 67221-1 running 64-bit Ubuntu 22.04.5 LTS
| Command      : report_drc -file ursa_8x8_wrapper_drc_opted.rpt -pb ursa_8x8_wrapper_drc_opted.pb -rpx ursa_8x8_wrapper_drc_opted.rpx
| Design       : ursa_8x8_wrapper
| Device       : xc7z020clg484-1
| Speed File   : -1
| Design State : Synthesized
---------------------------------------------------------------------------------------------------------------------------------------------

Report DRC

Table of Contents
-----------------
1. REPORT SUMMARY
2. REPORT DETAILS

1. REPORT SUMMARY
-----------------
            Netlist: netlist
          Floorplan: design_1
      Design limits: <entire design considered>
           Ruledeck: default
             Max violations: <unlimited>
             Violations found: 10
+--------+----------+------------------------+------------+
| Rule   | Severity | Description            | Violations |
+--------+----------+------------------------+------------+
| DPOP-2 | Warning  | MREG Output pipelining | 10         |
+--------+----------+------------------------+------------+

2. REPORT DETAILS
-----------------
DPOP-2#1 Warning
MREG Output pipelining  
DSP ursa_8x8_i/mxm_execute_ursa_0/inst/bound_reg_1407_reg multiplier stage ursa_8x8_i/mxm_execute_ursa_0/inst/bound_reg_1407_reg/P[47:0] is not pipelined (MREG=0). Pipelining the multiplier function will improve performance and will save significant power so it is suggested whenever possible to fully pipeline this function.  If this multiplier was inferred, it is suggested to describe an additional register stage after this function.  If there is no registered adder/accumulator following the multiply function, two pipeline stages are suggested to allow both the MREG and PREG registers to be used.  If the DSP48 was instantiated in the design, it is suggested to set both the MREG and PREG attributes to 1 when performing multiply functions.
Related violations: <none>

DPOP-2#2 Warning
MREG Output pipelining  
DSP ursa_8x8_i/mxm_execute_ursa_0/inst/grp_mxm_execute_ursa_Pipeline_VITIS_LOOP_183_3_fu_516/mul_i_reg_4937_reg multiplier stage ursa_8x8_i/mxm_execute_ursa_0/inst/grp_mxm_execute_ursa_Pipeline_VITIS_LOOP_183_3_fu_516/mul_i_reg_4937_reg/P[47:0] is not pipelined (MREG=0). Pipelining the multiplier function will improve performance and will save significant power so it is suggested whenever possible to fully pipeline this function.  If this multiplier was inferred, it is suggested to describe an additional register stage after this function.  If there is no registered adder/accumulator following the multiply function, two pipeline stages are suggested to allow both the MREG and PREG registers to be used.  If the DSP48 was instantiated in the design, it is suggested to set both the MREG and PREG attributes to 1 when performing multiply functions.
Related violations: <none>

DPOP-2#3 Warning
MREG Output pipelining  
DSP ursa_8x8_i/mxm_execute_ursa_0/inst/grp_mxm_execute_ursa_Pipeline_VITIS_LOOP_183_3_fu_516/mul_ln46_1_reg_5231_reg multiplier stage ursa_8x8_i/mxm_execute_ursa_0/inst/grp_mxm_execute_ursa_Pipeline_VITIS_LOOP_183_3_fu_516/mul_ln46_1_reg_5231_reg/P[47:0] is not pipelined (MREG=0). Pipelining the multiplier function will improve performance and will save significant power so it is suggested whenever possible to fully pipeline this function.  If this multiplier was inferred, it is suggested to describe an additional register stage after this function.  If there is no registered adder/accumulator following the multiply function, two pipeline stages are suggested to allow both the MREG and PREG registers to be used.  If the DSP48 was instantiated in the design, it is suggested to set both the MREG and PREG attributes to 1 when performing multiply functions.
Related violations: <none>

DPOP-2#4 Warning
MREG Output pipelining  
DSP ursa_8x8_i/mxm_execute_ursa_0/inst/grp_mxm_execute_ursa_Pipeline_VITIS_LOOP_183_3_fu_516/mul_ln46_2_reg_5377_reg multiplier stage ursa_8x8_i/mxm_execute_ursa_0/inst/grp_mxm_execute_ursa_Pipeline_VITIS_LOOP_183_3_fu_516/mul_ln46_2_reg_5377_reg/P[47:0] is not pipelined (MREG=0). Pipelining the multiplier function will improve performance and will save significant power so it is suggested whenever possible to fully pipeline this function.  If this multiplier was inferred, it is suggested to describe an additional register stage after this function.  If there is no registered adder/accumulator following the multiply function, two pipeline stages are suggested to allow both the MREG and PREG registers to be used.  If the DSP48 was instantiated in the design, it is suggested to set both the MREG and PREG attributes to 1 when performing multiply functions.
Related violations: <none>

DPOP-2#5 Warning
MREG Output pipelining  
DSP ursa_8x8_i/mxm_execute_ursa_0/inst/grp_mxm_execute_ursa_Pipeline_VITIS_LOOP_183_3_fu_516/mul_ln46_3_reg_5468_reg multiplier stage ursa_8x8_i/mxm_execute_ursa_0/inst/grp_mxm_execute_ursa_Pipeline_VITIS_LOOP_183_3_fu_516/mul_ln46_3_reg_5468_reg/P[47:0] is not pipelined (MREG=0). Pipelining the multiplier function will improve performance and will save significant power so it is suggested whenever possible to fully pipeline this function.  If this multiplier was inferred, it is suggested to describe an additional register stage after this function.  If there is no registered adder/accumulator following the multiply function, two pipeline stages are suggested to allow both the MREG and PREG registers to be used.  If the DSP48 was instantiated in the design, it is suggested to set both the MREG and PREG attributes to 1 when performing multiply functions.
Related violations: <none>

DPOP-2#6 Warning
MREG Output pipelining  
DSP ursa_8x8_i/mxm_execute_ursa_0/inst/grp_mxm_execute_ursa_Pipeline_VITIS_LOOP_183_3_fu_516/mul_ln46_4_reg_5549_reg multiplier stage ursa_8x8_i/mxm_execute_ursa_0/inst/grp_mxm_execute_ursa_Pipeline_VITIS_LOOP_183_3_fu_516/mul_ln46_4_reg_5549_reg/P[47:0] is not pipelined (MREG=0). Pipelining the multiplier function will improve performance and will save significant power so it is suggested whenever possible to fully pipeline this function.  If this multiplier was inferred, it is suggested to describe an additional register stage after this function.  If there is no registered adder/accumulator following the multiply function, two pipeline stages are suggested to allow both the MREG and PREG registers to be used.  If the DSP48 was instantiated in the design, it is suggested to set both the MREG and PREG attributes to 1 when performing multiply functions.
Related violations: <none>

DPOP-2#7 Warning
MREG Output pipelining  
DSP ursa_8x8_i/mxm_execute_ursa_0/inst/grp_mxm_execute_ursa_Pipeline_VITIS_LOOP_183_3_fu_516/mul_ln46_5_reg_5612_reg multiplier stage ursa_8x8_i/mxm_execute_ursa_0/inst/grp_mxm_execute_ursa_Pipeline_VITIS_LOOP_183_3_fu_516/mul_ln46_5_reg_5612_reg/P[47:0] is not pipelined (MREG=0). Pipelining the multiplier function will improve performance and will save significant power so it is suggested whenever possible to fully pipeline this function.  If this multiplier was inferred, it is suggested to describe an additional register stage after this function.  If there is no registered adder/accumulator following the multiply function, two pipeline stages are suggested to allow both the MREG and PREG registers to be used.  If the DSP48 was instantiated in the design, it is suggested to set both the MREG and PREG attributes to 1 when performing multiply functions.
Related violations: <none>

DPOP-2#8 Warning
MREG Output pipelining  
DSP ursa_8x8_i/mxm_execute_ursa_0/inst/grp_mxm_execute_ursa_Pipeline_VITIS_LOOP_183_3_fu_516/mul_ln46_6_reg_5658_reg multiplier stage ursa_8x8_i/mxm_execute_ursa_0/inst/grp_mxm_execute_ursa_Pipeline_VITIS_LOOP_183_3_fu_516/mul_ln46_6_reg_5658_reg/P[47:0] is not pipelined (MREG=0). Pipelining the multiplier function will improve performance and will save significant power so it is suggested whenever possible to fully pipeline this function.  If this multiplier was inferred, it is suggested to describe an additional register stage after this function.  If there is no registered adder/accumulator following the multiply function, two pipeline stages are suggested to allow both the MREG and PREG registers to be used.  If the DSP48 was instantiated in the design, it is suggested to set both the MREG and PREG attributes to 1 when performing multiply functions.
Related violations: <none>

DPOP-2#9 Warning
MREG Output pipelining  
DSP ursa_8x8_i/mxm_execute_ursa_0/inst/grp_mxm_execute_ursa_Pipeline_VITIS_LOOP_183_3_fu_516/mul_ln46_reg_5070_reg multiplier stage ursa_8x8_i/mxm_execute_ursa_0/inst/grp_mxm_execute_ursa_Pipeline_VITIS_LOOP_183_3_fu_516/mul_ln46_reg_5070_reg/P[47:0] is not pipelined (MREG=0). Pipelining the multiplier function will improve performance and will save significant power so it is suggested whenever possible to fully pipeline this function.  If this multiplier was inferred, it is suggested to describe an additional register stage after this function.  If there is no registered adder/accumulator following the multiply function, two pipeline stages are suggested to allow both the MREG and PREG registers to be used.  If the DSP48 was instantiated in the design, it is suggested to set both the MREG and PREG attributes to 1 when performing multiply functions.
Related violations: <none>

DPOP-2#10 Warning
MREG Output pipelining  
DSP ursa_8x8_i/mxm_execute_ursa_0/inst/mul_ln165_1_reg_1431_reg multiplier stage ursa_8x8_i/mxm_execute_ursa_0/inst/mul_ln165_1_reg_1431_reg/P[47:0] is not pipelined (MREG=0). Pipelining the multiplier function will improve performance and will save significant power so it is suggested whenever possible to fully pipeline this function.  If this multiplier was inferred, it is suggested to describe an additional register stage after this function.  If there is no registered adder/accumulator following the multiply function, two pipeline stages are suggested to allow both the MREG and PREG registers to be used.  If the DSP48 was instantiated in the design, it is suggested to set both the MREG and PREG attributes to 1 when performing multiply functions.
Related violations: <none>


