

================================================================
== Vitis HLS Report for 'mxm_execute_ursa_Pipeline_LOAD_B'
================================================================
* Date:           Thu Sep 24 17:27:09 2026

* Version:        2023.2 (Build 4023990 on Oct 11 2023)
* Project:        mxm_execute_ursa
* Solution:       hls (Vivado IP Flow Target)
* Product family: zynq
* Target device:  xc7z020-clg484-1


================================================================
== Performance Estimates
================================================================
+ Timing: 
    * Summary: 
    +--------+----------+----------+------------+
    |  Clock |  Target  | Estimated| Uncertainty|
    +--------+----------+----------+------------+
    |ap_clk  |  10.00 ns|  7.300 ns|     2.70 ns|
    +--------+----------+----------+------------+

+ Latency: 
    * Summary: 
    +---------+---------+----------+----------+-----+-----+---------+
    |  Latency (cycles) |  Latency (absolute) |  Interval | Pipeline|
    |   min   |   max   |    min   |    max   | min | max |   Type  |
    +---------+---------+----------+----------+-----+-----+---------+
    |       47|      155|  0.470 us|  1.550 us|   47|  155|       no|
    +---------+---------+----------+----------+-----+-----+---------+

    + Detail: 
        * Instance: 
        N/A

        * Loop: 
        +----------+---------+---------+----------+-----------+-----------+----------+----------+
        |          |  Latency (cycles) | Iteration|  Initiation Interval  |   Trip   |          |
        | Loop Name|   min   |   max   |  Latency |  achieved |   target  |   Count  | Pipelined|
        +----------+---------+---------+----------+-----------+-----------+----------+----------+
        |- LOAD_B  |       45|      153|        11|          1|          1|  36 ~ 144|       yes|
        +----------+---------+---------+----------+-----------+-----------+----------+----------+

============================================================
+ Verbose Summary: Synthesis Manager
============================================================
InlineROM: 1
ExposeGlobal: 0
============================================================
+ Verbose Summary: CDFG Model
============================================================
IsTopModel: 0
ResetActiveHigh: 1
IsCombinational: 0
IsDatapathOnly: 0
HasWiredReturn: 1
HasMFsm: 2
HasVarLatency: 1
IsPipeline: 0
IsRtlPipelined: 0
IsInstanceOverlapped: 0
IsDontTouch: 0
HasImplIP: 0
IsGatedGlobalClock: 0

+ Individual pipeline summary: 
  * Pipeline-0: initiation interval (II) = 1, depth = 12


============================================================
+ Verbose Summary: Schedule
============================================================
* Number of FSM states : 12
* Pipeline : 1
  Pipeline-0 : II = 1, D = 12, States = { 1 2 3 4 5 6 7 8 9 10 11 12 }
* Dataflow Pipeline: 0

* FSM state transitions: 
1 --> 2 
2 --> 3 
3 --> 4 
4 --> 5 
5 --> 6 
6 --> 7 
7 --> 8 
8 --> 9 
9 --> 10 
10 --> 11 
11 --> 12 
12 --> 

* FSM state operations: 

State 1 <SV = 0> <Delay = 1.58>
ST_1 : Operation 14 [1/1] (0.00ns)   --->   "%idx = alloca i32 1" [/home/ulisses/Projects/ursa/exp/output-stationary-v2/sources/vanilla/src/core/shell.cpp:121->/home/ulisses/Projects/ursa/exp/output-stationary-v2/sources/vanilla/src/core/shell.cpp:217]   --->   Operation 14 'alloca' 'idx' <Predicate = true> <Delay = 0.00>
ST_1 : Operation 15 [1/1] (0.00ns)   --->   "%k = alloca i32 1" [/home/ulisses/Projects/ursa/exp/output-stationary-v2/sources/vanilla/src/core/shell.cpp:123->/home/ulisses/Projects/ursa/exp/output-stationary-v2/sources/vanilla/src/core/shell.cpp:217]   --->   Operation 15 'alloca' 'k' <Predicate = true> <Delay = 0.00>
ST_1 : Operation 16 [1/1] (0.00ns)   --->   "%zext_ln196_read = read i13 @_ssdm_op_Read.ap_auto.i13, i13 %zext_ln196"   --->   Operation 16 'read' 'zext_ln196_read' <Predicate = true> <Delay = 0.00>
ST_1 : Operation 17 [1/1] (0.00ns)   --->   "%addr_b0_read = read i32 @_ssdm_op_Read.ap_auto.i32, i32 %addr_b0"   --->   Operation 17 'read' 'addr_b0_read' <Predicate = true> <Delay = 0.00>
ST_1 : Operation 18 [1/1] (0.00ns)   --->   "%select_ln123_read = read i16 @_ssdm_op_Read.ap_auto.i16, i16 %select_ln123"   --->   Operation 18 'read' 'select_ln123_read' <Predicate = true> <Delay = 0.00>
ST_1 : Operation 19 [1/1] (0.00ns)   --->   "%zext_ln214_read = read i13 @_ssdm_op_Read.ap_auto.i13, i13 %zext_ln214"   --->   Operation 19 'read' 'zext_ln214_read' <Predicate = true> <Delay = 0.00>
ST_1 : Operation 20 [1/1] (0.00ns)   --->   "%zext_ln196_cast = zext i13 %zext_ln196_read"   --->   Operation 20 'zext' 'zext_ln196_cast' <Predicate = true> <Delay = 0.00>
ST_1 : Operation 21 [1/1] (0.00ns)   --->   "%zext_ln214_cast = zext i13 %zext_ln214_read"   --->   Operation 21 'zext' 'zext_ln214_cast' <Predicate = true> <Delay = 0.00>
ST_1 : Operation 22 [1/1] (0.00ns)   --->   "%specinterface_ln0 = specinterface void @_ssdm_op_SpecInterface, i64 %bi, void @empty_6, i32 0, i32 0, void @empty_7, i32 0, i32 2048, void @empty_20, void @empty, void @empty_7, i32 8, i32 8, i32 64, i32 16, void @empty_7, void @empty_7, i32 4294967295, i32 0"   --->   Operation 22 'specinterface' 'specinterface_ln0' <Predicate = true> <Delay = 0.00>
ST_1 : Operation 23 [1/1] (1.58ns)   --->   "%store_ln123 = store i16 0, i16 %k" [/home/ulisses/Projects/ursa/exp/output-stationary-v2/sources/vanilla/src/core/shell.cpp:123->/home/ulisses/Projects/ursa/exp/output-stationary-v2/sources/vanilla/src/core/shell.cpp:217]   --->   Operation 23 'store' 'store_ln123' <Predicate = true> <Delay = 1.58>
ST_1 : Operation 24 [1/1] (1.58ns)   --->   "%store_ln121 = store i29 %zext_ln214_cast, i29 %idx" [/home/ulisses/Projects/ursa/exp/output-stationary-v2/sources/vanilla/src/core/shell.cpp:121->/home/ulisses/Projects/ursa/exp/output-stationary-v2/sources/vanilla/src/core/shell.cpp:217]   --->   Operation 24 'store' 'store_ln121' <Predicate = true> <Delay = 1.58>
ST_1 : Operation 25 [1/1] (0.00ns)   --->   "%br_ln0 = br void %VITIS_LOOP_127_1.i"   --->   Operation 25 'br' 'br_ln0' <Predicate = true> <Delay = 0.00>

State 2 <SV = 1> <Delay = 4.05>
ST_2 : Operation 26 [1/1] (0.00ns)   --->   "%k_8 = load i16 %k" [/home/ulisses/Projects/ursa/exp/output-stationary-v2/sources/vanilla/src/core/shell.cpp:129->/home/ulisses/Projects/ursa/exp/output-stationary-v2/sources/vanilla/src/core/shell.cpp:217]   --->   Operation 26 'load' 'k_8' <Predicate = true> <Delay = 0.00>
ST_2 : Operation 27 [1/1] (0.00ns)   --->   "%specbitsmap_ln0 = specbitsmap void @_ssdm_op_SpecBitsMap, i64 %bi"   --->   Operation 27 'specbitsmap' 'specbitsmap_ln0' <Predicate = true> <Delay = 0.00>
ST_2 : Operation 28 [1/1] (2.07ns)   --->   "%icmp_ln123 = icmp_eq  i16 %k_8, i16 %select_ln123_read" [/home/ulisses/Projects/ursa/exp/output-stationary-v2/sources/vanilla/src/core/shell.cpp:123->/home/ulisses/Projects/ursa/exp/output-stationary-v2/sources/vanilla/src/core/shell.cpp:217]   --->   Operation 28 'icmp' 'icmp_ln123' <Predicate = true> <Delay = 2.07> <CoreInst = "Cmp">   --->   Core 9 'Cmp' <Latency = 0> <II = 1> <Delay = 2.07> <FuncUnit> <Opcode : 'icmp'> <InPorts = 2> <OutPorts = 1>
ST_2 : Operation 29 [1/1] (2.07ns)   --->   "%add_ln123 = add i16 %k_8, i16 1" [/home/ulisses/Projects/ursa/exp/output-stationary-v2/sources/vanilla/src/core/shell.cpp:123->/home/ulisses/Projects/ursa/exp/output-stationary-v2/sources/vanilla/src/core/shell.cpp:217]   --->   Operation 29 'add' 'add_ln123' <Predicate = true> <Delay = 2.07> <CoreInst = "Adder">   --->   Core 1 'Adder' <Latency = 0> <II = 1> <Delay = 2.07> <FuncUnit> <Opcode : 'add' 'sub'> <InPorts = 2> <OutPorts = 1>
ST_2 : Operation 30 [1/1] (0.00ns)   --->   "%br_ln123 = br i1 %icmp_ln123, void %VITIS_LOOP_127_1.i.split, void %for.body33.preheader.exitStub" [/home/ulisses/Projects/ursa/exp/output-stationary-v2/sources/vanilla/src/core/shell.cpp:123->/home/ulisses/Projects/ursa/exp/output-stationary-v2/sources/vanilla/src/core/shell.cpp:217]   --->   Operation 30 'br' 'br_ln123' <Predicate = true> <Delay = 0.00>
ST_2 : Operation 31 [1/1] (0.00ns)   --->   "%idx_load = load i29 %idx" [/home/ulisses/Projects/ursa/exp/output-stationary-v2/sources/vanilla/src/core/shell.cpp:131->/home/ulisses/Projects/ursa/exp/output-stationary-v2/sources/vanilla/src/core/shell.cpp:217]   --->   Operation 31 'load' 'idx_load' <Predicate = (!icmp_ln123)> <Delay = 0.00>
ST_2 : Operation 32 [1/1] (0.00ns)   --->   "%shl_ln1 = bitconcatenate i32 @_ssdm_op_BitConcatenate.i32.i29.i3, i29 %idx_load, i3 0" [/home/ulisses/Projects/ursa/exp/output-stationary-v2/sources/vanilla/src/core/shell.cpp:126->/home/ulisses/Projects/ursa/exp/output-stationary-v2/sources/vanilla/src/core/shell.cpp:217]   --->   Operation 32 'bitconcatenate' 'shl_ln1' <Predicate = (!icmp_ln123)> <Delay = 0.00>
ST_2 : Operation 33 [1/1] (2.55ns)   --->   "%add_ln126 = add i32 %shl_ln1, i32 %addr_b0_read" [/home/ulisses/Projects/ursa/exp/output-stationary-v2/sources/vanilla/src/core/shell.cpp:126->/home/ulisses/Projects/ursa/exp/output-stationary-v2/sources/vanilla/src/core/shell.cpp:217]   --->   Operation 33 'add' 'add_ln126' <Predicate = (!icmp_ln123)> <Delay = 2.55> <CoreInst = "Adder">   --->   Core 1 'Adder' <Latency = 0> <II = 1> <Delay = 2.55> <FuncUnit> <Opcode : 'add' 'sub'> <InPorts = 2> <OutPorts = 1>
ST_2 : Operation 34 [1/1] (0.00ns)   --->   "%trunc_ln4 = partselect i29 @_ssdm_op_PartSelect.i29.i32.i32.i32, i32 %add_ln126, i32 3, i32 31" [/home/ulisses/Projects/ursa/exp/output-stationary-v2/sources/vanilla/src/core/shell.cpp:126->/home/ulisses/Projects/ursa/exp/output-stationary-v2/sources/vanilla/src/core/shell.cpp:217]   --->   Operation 34 'partselect' 'trunc_ln4' <Predicate = (!icmp_ln123)> <Delay = 0.00>
ST_2 : Operation 35 [1/1] (0.00ns)   --->   "%trunc_ln129_1 = trunc i16 %k_8" [/home/ulisses/Projects/ursa/exp/output-stationary-v2/sources/vanilla/src/core/shell.cpp:129->/home/ulisses/Projects/ursa/exp/output-stationary-v2/sources/vanilla/src/core/shell.cpp:217]   --->   Operation 35 'trunc' 'trunc_ln129_1' <Predicate = (!icmp_ln123)> <Delay = 0.00>
ST_2 : Operation 36 [1/1] (2.46ns)   --->   "%idx_1 = add i29 %zext_ln196_cast, i29 %idx_load" [/home/ulisses/Projects/ursa/exp/output-stationary-v2/sources/vanilla/src/core/shell.cpp:131->/home/ulisses/Projects/ursa/exp/output-stationary-v2/sources/vanilla/src/core/shell.cpp:217]   --->   Operation 36 'add' 'idx_1' <Predicate = (!icmp_ln123)> <Delay = 2.46> <CoreInst = "Adder">   --->   Core 1 'Adder' <Latency = 0> <II = 1> <Delay = 2.46> <FuncUnit> <Opcode : 'add' 'sub'> <InPorts = 2> <OutPorts = 1>
ST_2 : Operation 37 [1/1] (1.58ns)   --->   "%store_ln123 = store i16 %add_ln123, i16 %k" [/home/ulisses/Projects/ursa/exp/output-stationary-v2/sources/vanilla/src/core/shell.cpp:123->/home/ulisses/Projects/ursa/exp/output-stationary-v2/sources/vanilla/src/core/shell.cpp:217]   --->   Operation 37 'store' 'store_ln123' <Predicate = (!icmp_ln123)> <Delay = 1.58>
ST_2 : Operation 38 [1/1] (1.58ns)   --->   "%store_ln121 = store i29 %idx_1, i29 %idx" [/home/ulisses/Projects/ursa/exp/output-stationary-v2/sources/vanilla/src/core/shell.cpp:121->/home/ulisses/Projects/ursa/exp/output-stationary-v2/sources/vanilla/src/core/shell.cpp:217]   --->   Operation 38 'store' 'store_ln121' <Predicate = (!icmp_ln123)> <Delay = 1.58>

State 3 <SV = 2> <Delay = 7.30>
ST_3 : Operation 39 [1/1] (0.00ns)   --->   "%sext_ln126 = sext i29 %trunc_ln4" [/home/ulisses/Projects/ursa/exp/output-stationary-v2/sources/vanilla/src/core/shell.cpp:126->/home/ulisses/Projects/ursa/exp/output-stationary-v2/sources/vanilla/src/core/shell.cpp:217]   --->   Operation 39 'sext' 'sext_ln126' <Predicate = true> <Delay = 0.00>
ST_3 : Operation 40 [1/1] (0.00ns)   --->   "%bi_addr = getelementptr i64 %bi, i32 %sext_ln126" [/home/ulisses/Projects/ursa/exp/output-stationary-v2/sources/vanilla/src/core/shell.cpp:126->/home/ulisses/Projects/ursa/exp/output-stationary-v2/sources/vanilla/src/core/shell.cpp:217]   --->   Operation 40 'getelementptr' 'bi_addr' <Predicate = true> <Delay = 0.00>
ST_3 : Operation 41 [8/8] (7.30ns)   --->   "%w_req = readreq i1 @_ssdm_op_ReadReq.m_axi.i64P1A, i64 %bi_addr, i32 1" [/home/ulisses/Projects/ursa/exp/output-stationary-v2/sources/vanilla/src/core/shell.cpp:126->/home/ulisses/Projects/ursa/exp/output-stationary-v2/sources/vanilla/src/core/shell.cpp:217]   --->   Operation 41 'readreq' 'w_req' <Predicate = true> <Delay = 7.30> <CoreInst = "m_axi">   --->   Core 113 'm_axi' <Latency = 0> <II = 1> <Delay = 1.00> <Adapter> <Opcode : 'read' 'write' 'readreq' 'writereq' 'writeresp'>

State 4 <SV = 3> <Delay = 7.30>
ST_4 : Operation 42 [7/8] (7.30ns)   --->   "%w_req = readreq i1 @_ssdm_op_ReadReq.m_axi.i64P1A, i64 %bi_addr, i32 1" [/home/ulisses/Projects/ursa/exp/output-stationary-v2/sources/vanilla/src/core/shell.cpp:126->/home/ulisses/Projects/ursa/exp/output-stationary-v2/sources/vanilla/src/core/shell.cpp:217]   --->   Operation 42 'readreq' 'w_req' <Predicate = true> <Delay = 7.30> <CoreInst = "m_axi">   --->   Core 113 'm_axi' <Latency = 0> <II = 1> <Delay = 1.00> <Adapter> <Opcode : 'read' 'write' 'readreq' 'writereq' 'writeresp'>

State 5 <SV = 4> <Delay = 7.30>
ST_5 : Operation 43 [6/8] (7.30ns)   --->   "%w_req = readreq i1 @_ssdm_op_ReadReq.m_axi.i64P1A, i64 %bi_addr, i32 1" [/home/ulisses/Projects/ursa/exp/output-stationary-v2/sources/vanilla/src/core/shell.cpp:126->/home/ulisses/Projects/ursa/exp/output-stationary-v2/sources/vanilla/src/core/shell.cpp:217]   --->   Operation 43 'readreq' 'w_req' <Predicate = true> <Delay = 7.30> <CoreInst = "m_axi">   --->   Core 113 'm_axi' <Latency = 0> <II = 1> <Delay = 1.00> <Adapter> <Opcode : 'read' 'write' 'readreq' 'writereq' 'writeresp'>

State 6 <SV = 5> <Delay = 7.30>
ST_6 : Operation 44 [5/8] (7.30ns)   --->   "%w_req = readreq i1 @_ssdm_op_ReadReq.m_axi.i64P1A, i64 %bi_addr, i32 1" [/home/ulisses/Projects/ursa/exp/output-stationary-v2/sources/vanilla/src/core/shell.cpp:126->/home/ulisses/Projects/ursa/exp/output-stationary-v2/sources/vanilla/src/core/shell.cpp:217]   --->   Operation 44 'readreq' 'w_req' <Predicate = true> <Delay = 7.30> <CoreInst = "m_axi">   --->   Core 113 'm_axi' <Latency = 0> <II = 1> <Delay = 1.00> <Adapter> <Opcode : 'read' 'write' 'readreq' 'writereq' 'writeresp'>

State 7 <SV = 6> <Delay = 7.30>
ST_7 : Operation 45 [4/8] (7.30ns)   --->   "%w_req = readreq i1 @_ssdm_op_ReadReq.m_axi.i64P1A, i64 %bi_addr, i32 1" [/home/ulisses/Projects/ursa/exp/output-stationary-v2/sources/vanilla/src/core/shell.cpp:126->/home/ulisses/Projects/ursa/exp/output-stationary-v2/sources/vanilla/src/core/shell.cpp:217]   --->   Operation 45 'readreq' 'w_req' <Predicate = true> <Delay = 7.30> <CoreInst = "m_axi">   --->   Core 113 'm_axi' <Latency = 0> <II = 1> <Delay = 1.00> <Adapter> <Opcode : 'read' 'write' 'readreq' 'writereq' 'writeresp'>

State 8 <SV = 7> <Delay = 7.30>
ST_8 : Operation 46 [3/8] (7.30ns)   --->   "%w_req = readreq i1 @_ssdm_op_ReadReq.m_axi.i64P1A, i64 %bi_addr, i32 1" [/home/ulisses/Projects/ursa/exp/output-stationary-v2/sources/vanilla/src/core/shell.cpp:126->/home/ulisses/Projects/ursa/exp/output-stationary-v2/sources/vanilla/src/core/shell.cpp:217]   --->   Operation 46 'readreq' 'w_req' <Predicate = true> <Delay = 7.30> <CoreInst = "m_axi">   --->   Core 113 'm_axi' <Latency = 0> <II = 1> <Delay = 1.00> <Adapter> <Opcode : 'read' 'write' 'readreq' 'writereq' 'writeresp'>

State 9 <SV = 8> <Delay = 7.30>
ST_9 : Operation 47 [2/8] (7.30ns)   --->   "%w_req = readreq i1 @_ssdm_op_ReadReq.m_axi.i64P1A, i64 %bi_addr, i32 1" [/home/ulisses/Projects/ursa/exp/output-stationary-v2/sources/vanilla/src/core/shell.cpp:126->/home/ulisses/Projects/ursa/exp/output-stationary-v2/sources/vanilla/src/core/shell.cpp:217]   --->   Operation 47 'readreq' 'w_req' <Predicate = true> <Delay = 7.30> <CoreInst = "m_axi">   --->   Core 113 'm_axi' <Latency = 0> <II = 1> <Delay = 1.00> <Adapter> <Opcode : 'read' 'write' 'readreq' 'writereq' 'writeresp'>

State 10 <SV = 9> <Delay = 7.30>
ST_10 : Operation 48 [1/8] (7.30ns)   --->   "%w_req = readreq i1 @_ssdm_op_ReadReq.m_axi.i64P1A, i64 %bi_addr, i32 1" [/home/ulisses/Projects/ursa/exp/output-stationary-v2/sources/vanilla/src/core/shell.cpp:126->/home/ulisses/Projects/ursa/exp/output-stationary-v2/sources/vanilla/src/core/shell.cpp:217]   --->   Operation 48 'readreq' 'w_req' <Predicate = true> <Delay = 7.30> <CoreInst = "m_axi">   --->   Core 113 'm_axi' <Latency = 0> <II = 1> <Delay = 1.00> <Adapter> <Opcode : 'read' 'write' 'readreq' 'writereq' 'writeresp'>

State 11 <SV = 10> <Delay = 7.30>
ST_11 : Operation 49 [1/1] (7.30ns)   --->   "%w = read i64 @_ssdm_op_Read.m_axi.i64P1A, i64 %bi_addr" [/home/ulisses/Projects/ursa/exp/output-stationary-v2/sources/vanilla/src/core/shell.cpp:126->/home/ulisses/Projects/ursa/exp/output-stationary-v2/sources/vanilla/src/core/shell.cpp:217]   --->   Operation 49 'read' 'w' <Predicate = true> <Delay = 7.30> <CoreInst = "m_axi">   --->   Core 113 'm_axi' <Latency = 0> <II = 1> <Delay = 1.00> <Adapter> <Opcode : 'read' 'write' 'readreq' 'writereq' 'writeresp'>
ST_11 : Operation 50 [1/1] (0.00ns)   --->   "%trunc_ln129 = trunc i64 %w" [/home/ulisses/Projects/ursa/exp/output-stationary-v2/sources/vanilla/src/core/shell.cpp:129->/home/ulisses/Projects/ursa/exp/output-stationary-v2/sources/vanilla/src/core/shell.cpp:217]   --->   Operation 50 'trunc' 'trunc_ln129' <Predicate = true> <Delay = 0.00>
ST_11 : Operation 51 [1/1] (0.00ns)   --->   "%tmp_s = partselect i8 @_ssdm_op_PartSelect.i8.i64.i32.i32, i64 %w, i32 8, i32 15" [/home/ulisses/Projects/ursa/exp/output-stationary-v2/sources/vanilla/src/core/shell.cpp:129->/home/ulisses/Projects/ursa/exp/output-stationary-v2/sources/vanilla/src/core/shell.cpp:217]   --->   Operation 51 'partselect' 'tmp_s' <Predicate = true> <Delay = 0.00>
ST_11 : Operation 52 [1/1] (0.00ns)   --->   "%tmp_1 = partselect i8 @_ssdm_op_PartSelect.i8.i64.i32.i32, i64 %w, i32 16, i32 23" [/home/ulisses/Projects/ursa/exp/output-stationary-v2/sources/vanilla/src/core/shell.cpp:129->/home/ulisses/Projects/ursa/exp/output-stationary-v2/sources/vanilla/src/core/shell.cpp:217]   --->   Operation 52 'partselect' 'tmp_1' <Predicate = true> <Delay = 0.00>
ST_11 : Operation 53 [1/1] (0.00ns)   --->   "%tmp_2 = partselect i8 @_ssdm_op_PartSelect.i8.i64.i32.i32, i64 %w, i32 24, i32 31" [/home/ulisses/Projects/ursa/exp/output-stationary-v2/sources/vanilla/src/core/shell.cpp:129->/home/ulisses/Projects/ursa/exp/output-stationary-v2/sources/vanilla/src/core/shell.cpp:217]   --->   Operation 53 'partselect' 'tmp_2' <Predicate = true> <Delay = 0.00>
ST_11 : Operation 54 [1/1] (0.00ns)   --->   "%tmp_3 = partselect i8 @_ssdm_op_PartSelect.i8.i64.i32.i32, i64 %w, i32 32, i32 39" [/home/ulisses/Projects/ursa/exp/output-stationary-v2/sources/vanilla/src/core/shell.cpp:129->/home/ulisses/Projects/ursa/exp/output-stationary-v2/sources/vanilla/src/core/shell.cpp:217]   --->   Operation 54 'partselect' 'tmp_3' <Predicate = true> <Delay = 0.00>
ST_11 : Operation 55 [1/1] (0.00ns)   --->   "%tmp_4 = partselect i8 @_ssdm_op_PartSelect.i8.i64.i32.i32, i64 %w, i32 40, i32 47" [/home/ulisses/Projects/ursa/exp/output-stationary-v2/sources/vanilla/src/core/shell.cpp:129->/home/ulisses/Projects/ursa/exp/output-stationary-v2/sources/vanilla/src/core/shell.cpp:217]   --->   Operation 55 'partselect' 'tmp_4' <Predicate = true> <Delay = 0.00>
ST_11 : Operation 56 [1/1] (0.00ns)   --->   "%tmp_5 = partselect i8 @_ssdm_op_PartSelect.i8.i64.i32.i32, i64 %w, i32 48, i32 55" [/home/ulisses/Projects/ursa/exp/output-stationary-v2/sources/vanilla/src/core/shell.cpp:129->/home/ulisses/Projects/ursa/exp/output-stationary-v2/sources/vanilla/src/core/shell.cpp:217]   --->   Operation 56 'partselect' 'tmp_5' <Predicate = true> <Delay = 0.00>
ST_11 : Operation 57 [1/1] (0.00ns)   --->   "%tmp_6 = partselect i8 @_ssdm_op_PartSelect.i8.i64.i32.i32, i64 %w, i32 56, i32 63" [/home/ulisses/Projects/ursa/exp/output-stationary-v2/sources/vanilla/src/core/shell.cpp:129->/home/ulisses/Projects/ursa/exp/output-stationary-v2/sources/vanilla/src/core/shell.cpp:217]   --->   Operation 57 'partselect' 'tmp_6' <Predicate = true> <Delay = 0.00>
ST_11 : Operation 79 [1/1] (0.00ns)   --->   "%ret_ln0 = ret"   --->   Operation 79 'ret' 'ret_ln0' <Predicate = (icmp_ln123)> <Delay = 0.00>

State 12 <SV = 11> <Delay = 3.25>
ST_12 : Operation 58 [1/1] (0.00ns)   --->   "%specpipeline_ln124 = specpipeline void @_ssdm_op_SpecPipeline, i32 1, i32 0, i32 0, i32 0, void @empty_7" [/home/ulisses/Projects/ursa/exp/output-stationary-v2/sources/vanilla/src/core/shell.cpp:124->/home/ulisses/Projects/ursa/exp/output-stationary-v2/sources/vanilla/src/core/shell.cpp:217]   --->   Operation 58 'specpipeline' 'specpipeline_ln124' <Predicate = true> <Delay = 0.00>
ST_12 : Operation 59 [1/1] (0.00ns)   --->   "%speclooptripcount_ln125 = speclooptripcount void @_ssdm_op_SpecLoopTripCount, i64 36, i64 144, i64 144" [/home/ulisses/Projects/ursa/exp/output-stationary-v2/sources/vanilla/src/core/shell.cpp:125->/home/ulisses/Projects/ursa/exp/output-stationary-v2/sources/vanilla/src/core/shell.cpp:217]   --->   Operation 59 'speclooptripcount' 'speclooptripcount_ln125' <Predicate = true> <Delay = 0.00>
ST_12 : Operation 60 [1/1] (0.00ns)   --->   "%specloopname_ln123 = specloopname void @_ssdm_op_SpecLoopName, void @empty_15" [/home/ulisses/Projects/ursa/exp/output-stationary-v2/sources/vanilla/src/core/shell.cpp:123->/home/ulisses/Projects/ursa/exp/output-stationary-v2/sources/vanilla/src/core/shell.cpp:217]   --->   Operation 60 'specloopname' 'specloopname_ln123' <Predicate = true> <Delay = 0.00>
ST_12 : Operation 61 [1/1] (0.00ns)   --->   "%zext_ln129 = zext i8 %trunc_ln129_1" [/home/ulisses/Projects/ursa/exp/output-stationary-v2/sources/vanilla/src/core/shell.cpp:129->/home/ulisses/Projects/ursa/exp/output-stationary-v2/sources/vanilla/src/core/shell.cpp:217]   --->   Operation 61 'zext' 'zext_ln129' <Predicate = true> <Delay = 0.00>
ST_12 : Operation 62 [1/1] (0.00ns)   --->   "%b_buf_addr = getelementptr i8 %b_buf, i32 0, i32 %zext_ln129" [/home/ulisses/Projects/ursa/exp/output-stationary-v2/sources/vanilla/src/core/shell.cpp:129->/home/ulisses/Projects/ursa/exp/output-stationary-v2/sources/vanilla/src/core/shell.cpp:217]   --->   Operation 62 'getelementptr' 'b_buf_addr' <Predicate = true> <Delay = 0.00>
ST_12 : Operation 63 [1/1] (0.00ns)   --->   "%b_buf_1_addr = getelementptr i8 %b_buf_1, i32 0, i32 %zext_ln129" [/home/ulisses/Projects/ursa/exp/output-stationary-v2/sources/vanilla/src/core/shell.cpp:129->/home/ulisses/Projects/ursa/exp/output-stationary-v2/sources/vanilla/src/core/shell.cpp:217]   --->   Operation 63 'getelementptr' 'b_buf_1_addr' <Predicate = true> <Delay = 0.00>
ST_12 : Operation 64 [1/1] (0.00ns)   --->   "%b_buf_2_addr = getelementptr i8 %b_buf_2, i32 0, i32 %zext_ln129" [/home/ulisses/Projects/ursa/exp/output-stationary-v2/sources/vanilla/src/core/shell.cpp:129->/home/ulisses/Projects/ursa/exp/output-stationary-v2/sources/vanilla/src/core/shell.cpp:217]   --->   Operation 64 'getelementptr' 'b_buf_2_addr' <Predicate = true> <Delay = 0.00>
ST_12 : Operation 65 [1/1] (0.00ns)   --->   "%b_buf_3_addr = getelementptr i8 %b_buf_3, i32 0, i32 %zext_ln129" [/home/ulisses/Projects/ursa/exp/output-stationary-v2/sources/vanilla/src/core/shell.cpp:129->/home/ulisses/Projects/ursa/exp/output-stationary-v2/sources/vanilla/src/core/shell.cpp:217]   --->   Operation 65 'getelementptr' 'b_buf_3_addr' <Predicate = true> <Delay = 0.00>
ST_12 : Operation 66 [1/1] (0.00ns)   --->   "%b_buf_4_addr = getelementptr i8 %b_buf_4, i32 0, i32 %zext_ln129" [/home/ulisses/Projects/ursa/exp/output-stationary-v2/sources/vanilla/src/core/shell.cpp:129->/home/ulisses/Projects/ursa/exp/output-stationary-v2/sources/vanilla/src/core/shell.cpp:217]   --->   Operation 66 'getelementptr' 'b_buf_4_addr' <Predicate = true> <Delay = 0.00>
ST_12 : Operation 67 [1/1] (0.00ns)   --->   "%b_buf_5_addr = getelementptr i8 %b_buf_5, i32 0, i32 %zext_ln129" [/home/ulisses/Projects/ursa/exp/output-stationary-v2/sources/vanilla/src/core/shell.cpp:129->/home/ulisses/Projects/ursa/exp/output-stationary-v2/sources/vanilla/src/core/shell.cpp:217]   --->   Operation 67 'getelementptr' 'b_buf_5_addr' <Predicate = true> <Delay = 0.00>
ST_12 : Operation 68 [1/1] (0.00ns)   --->   "%b_buf_6_addr = getelementptr i8 %b_buf_6, i32 0, i32 %zext_ln129" [/home/ulisses/Projects/ursa/exp/output-stationary-v2/sources/vanilla/src/core/shell.cpp:129->/home/ulisses/Projects/ursa/exp/output-stationary-v2/sources/vanilla/src/core/shell.cpp:217]   --->   Operation 68 'getelementptr' 'b_buf_6_addr' <Predicate = true> <Delay = 0.00>
ST_12 : Operation 69 [1/1] (0.00ns)   --->   "%b_buf_7_addr = getelementptr i8 %b_buf_7, i32 0, i32 %zext_ln129" [/home/ulisses/Projects/ursa/exp/output-stationary-v2/sources/vanilla/src/core/shell.cpp:129->/home/ulisses/Projects/ursa/exp/output-stationary-v2/sources/vanilla/src/core/shell.cpp:217]   --->   Operation 69 'getelementptr' 'b_buf_7_addr' <Predicate = true> <Delay = 0.00>
ST_12 : Operation 70 [1/1] (3.25ns)   --->   "%store_ln129 = store i8 %trunc_ln129, i8 %b_buf_addr" [/home/ulisses/Projects/ursa/exp/output-stationary-v2/sources/vanilla/src/core/shell.cpp:129->/home/ulisses/Projects/ursa/exp/output-stationary-v2/sources/vanilla/src/core/shell.cpp:217]   --->   Operation 70 'store' 'store_ln129' <Predicate = true> <Delay = 3.25> <CoreInst = "RAM">   --->   Core 82 'RAM' <Latency = 1> <II = 1> <Delay = 3.25> <Storage> <Opcode : 'load' 'store'> <Ports = 2> <Width = 8> <Depth = 256> <RAM>
ST_12 : Operation 71 [1/1] (3.25ns)   --->   "%store_ln129 = store i8 %tmp_s, i8 %b_buf_1_addr" [/home/ulisses/Projects/ursa/exp/output-stationary-v2/sources/vanilla/src/core/shell.cpp:129->/home/ulisses/Projects/ursa/exp/output-stationary-v2/sources/vanilla/src/core/shell.cpp:217]   --->   Operation 71 'store' 'store_ln129' <Predicate = true> <Delay = 3.25> <CoreInst = "RAM">   --->   Core 82 'RAM' <Latency = 1> <II = 1> <Delay = 3.25> <Storage> <Opcode : 'load' 'store'> <Ports = 2> <Width = 8> <Depth = 256> <RAM>
ST_12 : Operation 72 [1/1] (3.25ns)   --->   "%store_ln129 = store i8 %tmp_1, i8 %b_buf_2_addr" [/home/ulisses/Projects/ursa/exp/output-stationary-v2/sources/vanilla/src/core/shell.cpp:129->/home/ulisses/Projects/ursa/exp/output-stationary-v2/sources/vanilla/src/core/shell.cpp:217]   --->   Operation 72 'store' 'store_ln129' <Predicate = true> <Delay = 3.25> <CoreInst = "RAM">   --->   Core 82 'RAM' <Latency = 1> <II = 1> <Delay = 3.25> <Storage> <Opcode : 'load' 'store'> <Ports = 2> <Width = 8> <Depth = 256> <RAM>
ST_12 : Operation 73 [1/1] (3.25ns)   --->   "%store_ln129 = store i8 %tmp_2, i8 %b_buf_3_addr" [/home/ulisses/Projects/ursa/exp/output-stationary-v2/sources/vanilla/src/core/shell.cpp:129->/home/ulisses/Projects/ursa/exp/output-stationary-v2/sources/vanilla/src/core/shell.cpp:217]   --->   Operation 73 'store' 'store_ln129' <Predicate = true> <Delay = 3.25> <CoreInst = "RAM">   --->   Core 82 'RAM' <Latency = 1> <II = 1> <Delay = 3.25> <Storage> <Opcode : 'load' 'store'> <Ports = 2> <Width = 8> <Depth = 256> <RAM>
ST_12 : Operation 74 [1/1] (3.25ns)   --->   "%store_ln129 = store i8 %tmp_3, i8 %b_buf_4_addr" [/home/ulisses/Projects/ursa/exp/output-stationary-v2/sources/vanilla/src/core/shell.cpp:129->/home/ulisses/Projects/ursa/exp/output-stationary-v2/sources/vanilla/src/core/shell.cpp:217]   --->   Operation 74 'store' 'store_ln129' <Predicate = true> <Delay = 3.25> <CoreInst = "RAM">   --->   Core 82 'RAM' <Latency = 1> <II = 1> <Delay = 3.25> <Storage> <Opcode : 'load' 'store'> <Ports = 2> <Width = 8> <Depth = 256> <RAM>
ST_12 : Operation 75 [1/1] (3.25ns)   --->   "%store_ln129 = store i8 %tmp_4, i8 %b_buf_5_addr" [/home/ulisses/Projects/ursa/exp/output-stationary-v2/sources/vanilla/src/core/shell.cpp:129->/home/ulisses/Projects/ursa/exp/output-stationary-v2/sources/vanilla/src/core/shell.cpp:217]   --->   Operation 75 'store' 'store_ln129' <Predicate = true> <Delay = 3.25> <CoreInst = "RAM">   --->   Core 82 'RAM' <Latency = 1> <II = 1> <Delay = 3.25> <Storage> <Opcode : 'load' 'store'> <Ports = 2> <Width = 8> <Depth = 256> <RAM>
ST_12 : Operation 76 [1/1] (3.25ns)   --->   "%store_ln129 = store i8 %tmp_5, i8 %b_buf_6_addr" [/home/ulisses/Projects/ursa/exp/output-stationary-v2/sources/vanilla/src/core/shell.cpp:129->/home/ulisses/Projects/ursa/exp/output-stationary-v2/sources/vanilla/src/core/shell.cpp:217]   --->   Operation 76 'store' 'store_ln129' <Predicate = true> <Delay = 3.25> <CoreInst = "RAM">   --->   Core 82 'RAM' <Latency = 1> <II = 1> <Delay = 3.25> <Storage> <Opcode : 'load' 'store'> <Ports = 2> <Width = 8> <Depth = 256> <RAM>
ST_12 : Operation 77 [1/1] (3.25ns)   --->   "%store_ln129 = store i8 %tmp_6, i8 %b_buf_7_addr" [/home/ulisses/Projects/ursa/exp/output-stationary-v2/sources/vanilla/src/core/shell.cpp:129->/home/ulisses/Projects/ursa/exp/output-stationary-v2/sources/vanilla/src/core/shell.cpp:217]   --->   Operation 77 'store' 'store_ln129' <Predicate = true> <Delay = 3.25> <CoreInst = "RAM">   --->   Core 82 'RAM' <Latency = 1> <II = 1> <Delay = 3.25> <Storage> <Opcode : 'load' 'store'> <Ports = 2> <Width = 8> <Depth = 256> <RAM>
ST_12 : Operation 78 [1/1] (0.00ns)   --->   "%br_ln123 = br void %VITIS_LOOP_127_1.i" [/home/ulisses/Projects/ursa/exp/output-stationary-v2/sources/vanilla/src/core/shell.cpp:123->/home/ulisses/Projects/ursa/exp/output-stationary-v2/sources/vanilla/src/core/shell.cpp:217]   --->   Operation 78 'br' 'br_ln123' <Predicate = true> <Delay = 0.00>


============================================================
+ Verbose Summary: Binding
============================================================
STG Binding: 
---------------- STG Properties BEGIN ----------------
- Is combinational: 0
- Is one-state seq: 0
- Is datapath-only: 0
- Is pipelined: 0
- Is top level: 0
Port [ Return ] is wired: 1; IO mode=ap_ctrl_hs:ce=0
Port [ zext_ln214]:  wired=1; compound=0; hidden=0; nouse=0; global=0; static=0; extern=0; dir=0; type=0; pingpong=0; private_global=0; IO mode=ap_none:ce=0
Port [ bi]:  wired=1; compound=1; hidden=0; nouse=0; global=0; static=0; extern=0; dir=0; type=4; pingpong=0; private_global=0; IO mode=m_axi:ce=0
Port [ select_ln123]:  wired=1; compound=0; hidden=0; nouse=0; global=0; static=0; extern=0; dir=0; type=0; pingpong=0; private_global=0; IO mode=ap_none:ce=0
Port [ b_buf_7]:  wired=1; compound=1; hidden=0; nouse=0; global=0; static=0; extern=0; dir=1; type=1; pingpong=0; private_global=0; MemPort=[03]; IO mode=ap_memory:ce=0
Port [ b_buf_6]:  wired=1; compound=1; hidden=0; nouse=0; global=0; static=0; extern=0; dir=1; type=1; pingpong=0; private_global=0; MemPort=[03]; IO mode=ap_memory:ce=0
Port [ b_buf_5]:  wired=1; compound=1; hidden=0; nouse=0; global=0; static=0; extern=0; dir=1; type=1; pingpong=0; private_global=0; MemPort=[03]; IO mode=ap_memory:ce=0
Port [ b_buf_4]:  wired=1; compound=1; hidden=0; nouse=0; global=0; static=0; extern=0; dir=1; type=1; pingpong=0; private_global=0; MemPort=[03]; IO mode=ap_memory:ce=0
Port [ b_buf_3]:  wired=1; compound=1; hidden=0; nouse=0; global=0; static=0; extern=0; dir=1; type=1; pingpong=0; private_global=0; MemPort=[03]; IO mode=ap_memory:ce=0
Port [ b_buf_2]:  wired=1; compound=1; hidden=0; nouse=0; global=0; static=0; extern=0; dir=1; type=1; pingpong=0; private_global=0; MemPort=[03]; IO mode=ap_memory:ce=0
Port [ b_buf_1]:  wired=1; compound=1; hidden=0; nouse=0; global=0; static=0; extern=0; dir=1; type=1; pingpong=0; private_global=0; MemPort=[03]; IO mode=ap_memory:ce=0
Port [ b_buf]:  wired=1; compound=1; hidden=0; nouse=0; global=0; static=0; extern=0; dir=1; type=1; pingpong=0; private_global=0; MemPort=[03]; IO mode=ap_memory:ce=0
Port [ addr_b0]:  wired=1; compound=0; hidden=0; nouse=0; global=0; static=0; extern=0; dir=0; type=0; pingpong=0; private_global=0; IO mode=ap_none:ce=0
Port [ zext_ln196]:  wired=1; compound=0; hidden=0; nouse=0; global=0; static=0; extern=0; dir=0; type=0; pingpong=0; private_global=0; IO mode=ap_none:ce=0
---------------- STG Properties END ------------------

---------------- Datapath Model BEGIN ----------------

<LifeTime>
<method=bitvector/>
idx                     (alloca           ) [ 0110000000000]
k                       (alloca           ) [ 0110000000000]
zext_ln196_read         (read             ) [ 0000000000000]
addr_b0_read            (read             ) [ 0110000000000]
select_ln123_read       (read             ) [ 0110000000000]
zext_ln214_read         (read             ) [ 0000000000000]
zext_ln196_cast         (zext             ) [ 0110000000000]
zext_ln214_cast         (zext             ) [ 0000000000000]
specinterface_ln0       (specinterface    ) [ 0000000000000]
store_ln123             (store            ) [ 0000000000000]
store_ln121             (store            ) [ 0000000000000]
br_ln0                  (br               ) [ 0000000000000]
k_8                     (load             ) [ 0000000000000]
specbitsmap_ln0         (specbitsmap      ) [ 0000000000000]
icmp_ln123              (icmp             ) [ 0111111111110]
add_ln123               (add              ) [ 0000000000000]
br_ln123                (br               ) [ 0000000000000]
idx_load                (load             ) [ 0000000000000]
shl_ln1                 (bitconcatenate   ) [ 0000000000000]
add_ln126               (add              ) [ 0000000000000]
trunc_ln4               (partselect       ) [ 0101000000000]
trunc_ln129_1           (trunc            ) [ 0101111111111]
idx_1                   (add              ) [ 0000000000000]
store_ln123             (store            ) [ 0000000000000]
store_ln121             (store            ) [ 0000000000000]
sext_ln126              (sext             ) [ 0000000000000]
bi_addr                 (getelementptr    ) [ 0100111111110]
w_req                   (readreq          ) [ 0000000000000]
w                       (read             ) [ 0000000000000]
trunc_ln129             (trunc            ) [ 0100000000001]
tmp_s                   (partselect       ) [ 0100000000001]
tmp_1                   (partselect       ) [ 0100000000001]
tmp_2                   (partselect       ) [ 0100000000001]
tmp_3                   (partselect       ) [ 0100000000001]
tmp_4                   (partselect       ) [ 0100000000001]
tmp_5                   (partselect       ) [ 0100000000001]
tmp_6                   (partselect       ) [ 0100000000001]
specpipeline_ln124      (specpipeline     ) [ 0000000000000]
speclooptripcount_ln125 (speclooptripcount) [ 0000000000000]
specloopname_ln123      (specloopname     ) [ 0000000000000]
zext_ln129              (zext             ) [ 0000000000000]
b_buf_addr              (getelementptr    ) [ 0000000000000]
b_buf_1_addr            (getelementptr    ) [ 0000000000000]
b_buf_2_addr            (getelementptr    ) [ 0000000000000]
b_buf_3_addr            (getelementptr    ) [ 0000000000000]
b_buf_4_addr            (getelementptr    ) [ 0000000000000]
b_buf_5_addr            (getelementptr    ) [ 0000000000000]
b_buf_6_addr            (getelementptr    ) [ 0000000000000]
b_buf_7_addr            (getelementptr    ) [ 0000000000000]
store_ln129             (store            ) [ 0000000000000]
store_ln129             (store            ) [ 0000000000000]
store_ln129             (store            ) [ 0000000000000]
store_ln129             (store            ) [ 0000000000000]
store_ln129             (store            ) [ 0000000000000]
store_ln129             (store            ) [ 0000000000000]
store_ln129             (store            ) [ 0000000000000]
store_ln129             (store            ) [ 0000000000000]
br_ln123                (br               ) [ 0000000000000]
ret_ln0                 (ret              ) [ 0000000000000]
</LifeTime>

<model>

<comp_list>
<comp id="0" class="1000" name="zext_ln214">
<pin_list>
<pin id="1" dir="1" index="0" bw="1" slack="0"/>
</pin_list>
<bind>
<StgValue><ssdm name="zext_ln214"/></StgValue>
</bind>
</comp>

<comp id="2" class="1000" name="bi">
<pin_list>
<pin id="3" dir="1" index="0" bw="1" slack="0"/>
</pin_list>
<bind>
<StgValue><ssdm name="bi"/></StgValue>
</bind>
</comp>

<comp id="4" class="1000" name="select_ln123">
<pin_list>
<pin id="5" dir="1" index="0" bw="1" slack="0"/>
</pin_list>
<bind>
<StgValue><ssdm name="select_ln123"/></StgValue>
</bind>
</comp>

<comp id="6" class="1000" name="b_buf_7">
<pin_list>
<pin id="7" dir="1" index="0" bw="1" slack="0"/>
</pin_list>
<bind>
<StgValue><ssdm name="b_buf_7"/><MemPortTyVec>0 3 </MemPortTyVec>
</StgValue>
</bind>
</comp>

<comp id="8" class="1000" name="b_buf_6">
<pin_list>
<pin id="9" dir="1" index="0" bw="1" slack="0"/>
</pin_list>
<bind>
<StgValue><ssdm name="b_buf_6"/><MemPortTyVec>0 3 </MemPortTyVec>
</StgValue>
</bind>
</comp>

<comp id="10" class="1000" name="b_buf_5">
<pin_list>
<pin id="11" dir="1" index="0" bw="1" slack="0"/>
</pin_list>
<bind>
<StgValue><ssdm name="b_buf_5"/><MemPortTyVec>0 3 </MemPortTyVec>
</StgValue>
</bind>
</comp>

<comp id="12" class="1000" name="b_buf_4">
<pin_list>
<pin id="13" dir="1" index="0" bw="1" slack="0"/>
</pin_list>
<bind>
<StgValue><ssdm name="b_buf_4"/><MemPortTyVec>0 3 </MemPortTyVec>
</StgValue>
</bind>
</comp>

<comp id="14" class="1000" name="b_buf_3">
<pin_list>
<pin id="15" dir="1" index="0" bw="1" slack="0"/>
</pin_list>
<bind>
<StgValue><ssdm name="b_buf_3"/><MemPortTyVec>0 3 </MemPortTyVec>
</StgValue>
</bind>
</comp>

<comp id="16" class="1000" name="b_buf_2">
<pin_list>
<pin id="17" dir="1" index="0" bw="1" slack="0"/>
</pin_list>
<bind>
<StgValue><ssdm name="b_buf_2"/><MemPortTyVec>0 3 </MemPortTyVec>
</StgValue>
</bind>
</comp>

<comp id="18" class="1000" name="b_buf_1">
<pin_list>
<pin id="19" dir="1" index="0" bw="1" slack="0"/>
</pin_list>
<bind>
<StgValue><ssdm name="b_buf_1"/><MemPortTyVec>0 3 </MemPortTyVec>
</StgValue>
</bind>
</comp>

<comp id="20" class="1000" name="b_buf">
<pin_list>
<pin id="21" dir="1" index="0" bw="1" slack="0"/>
</pin_list>
<bind>
<StgValue><ssdm name="b_buf"/><MemPortTyVec>0 3 </MemPortTyVec>
</StgValue>
</bind>
</comp>

<comp id="22" class="1000" name="addr_b0">
<pin_list>
<pin id="23" dir="1" index="0" bw="1" slack="0"/>
</pin_list>
<bind>
<StgValue><ssdm name="addr_b0"/></StgValue>
</bind>
</comp>

<comp id="24" class="1000" name="zext_ln196">
<pin_list>
<pin id="25" dir="1" index="0" bw="1" slack="0"/>
</pin_list>
<bind>
<StgValue><ssdm name="zext_ln196"/></StgValue>
</bind>
</comp>

<comp id="26" class="1001" name="const_26">
<pin_list>
<pin id="27" dir="1" index="0" bw="1" slack="0"/>
</pin_list>
<bind>
<StgValue><ssdm name=""/></StgValue>
</bind>
</comp>

<comp id="28" class="1001" name="const_28">
<pin_list>
<pin id="29" dir="1" index="0" bw="1" slack="0"/>
</pin_list>
<bind>
<StgValue><ssdm name="_ssdm_op_Read.ap_auto.i13"/></StgValue>
</bind>
</comp>

<comp id="30" class="1001" name="const_30">
<pin_list>
<pin id="31" dir="1" index="0" bw="1" slack="0"/>
</pin_list>
<bind>
<StgValue><ssdm name="_ssdm_op_Read.ap_auto.i32"/></StgValue>
</bind>
</comp>

<comp id="32" class="1001" name="const_32">
<pin_list>
<pin id="33" dir="1" index="0" bw="1" slack="0"/>
</pin_list>
<bind>
<StgValue><ssdm name="_ssdm_op_Read.ap_auto.i16"/></StgValue>
</bind>
</comp>

<comp id="34" class="1001" name="const_34">
<pin_list>
<pin id="35" dir="1" index="0" bw="1" slack="2147483647"/>
</pin_list>
<bind>
<StgValue><ssdm name="_ssdm_op_SpecInterface"/></StgValue>
</bind>
</comp>

<comp id="36" class="1001" name="const_36">
<pin_list>
<pin id="37" dir="1" index="0" bw="1" slack="2147483647"/>
</pin_list>
<bind>
<StgValue><ssdm name="empty_6"/></StgValue>
</bind>
</comp>

<comp id="38" class="1001" name="const_38">
<pin_list>
<pin id="39" dir="1" index="0" bw="1" slack="0"/>
</pin_list>
<bind>
<StgValue><ssdm name=""/></StgValue>
</bind>
</comp>

<comp id="40" class="1001" name="const_40">
<pin_list>
<pin id="41" dir="1" index="0" bw="1" slack="2147483647"/>
</pin_list>
<bind>
<StgValue><ssdm name="empty_7"/></StgValue>
</bind>
</comp>

<comp id="42" class="1001" name="const_42">
<pin_list>
<pin id="43" dir="1" index="0" bw="1" slack="2147483647"/>
</pin_list>
<bind>
<StgValue><ssdm name=""/></StgValue>
</bind>
</comp>

<comp id="44" class="1001" name="const_44">
<pin_list>
<pin id="45" dir="1" index="0" bw="1" slack="2147483647"/>
</pin_list>
<bind>
<StgValue><ssdm name="empty_20"/></StgValue>
</bind>
</comp>

<comp id="46" class="1001" name="const_46">
<pin_list>
<pin id="47" dir="1" index="0" bw="1" slack="2147483647"/>
</pin_list>
<bind>
<StgValue><ssdm name="empty"/></StgValue>
</bind>
</comp>

<comp id="48" class="1001" name="const_48">
<pin_list>
<pin id="49" dir="1" index="0" bw="1" slack="0"/>
</pin_list>
<bind>
<StgValue><ssdm name=""/></StgValue>
</bind>
</comp>

<comp id="50" class="1001" name="const_50">
<pin_list>
<pin id="51" dir="1" index="0" bw="1" slack="2147483647"/>
</pin_list>
<bind>
<StgValue><ssdm name=""/></StgValue>
</bind>
</comp>

<comp id="52" class="1001" name="const_52">
<pin_list>
<pin id="53" dir="1" index="0" bw="1" slack="0"/>
</pin_list>
<bind>
<StgValue><ssdm name=""/></StgValue>
</bind>
</comp>

<comp id="54" class="1001" name="const_54">
<pin_list>
<pin id="55" dir="1" index="0" bw="1" slack="2147483647"/>
</pin_list>
<bind>
<StgValue><ssdm name=""/></StgValue>
</bind>
</comp>

<comp id="56" class="1001" name="const_56">
<pin_list>
<pin id="57" dir="1" index="0" bw="1" slack="0"/>
</pin_list>
<bind>
<StgValue><ssdm name=""/></StgValue>
</bind>
</comp>

<comp id="58" class="1001" name="const_58">
<pin_list>
<pin id="59" dir="1" index="0" bw="1" slack="2147483647"/>
</pin_list>
<bind>
<StgValue><ssdm name="_ssdm_op_SpecBitsMap"/></StgValue>
</bind>
</comp>

<comp id="60" class="1001" name="const_60">
<pin_list>
<pin id="61" dir="1" index="0" bw="1" slack="0"/>
</pin_list>
<bind>
<StgValue><ssdm name=""/></StgValue>
</bind>
</comp>

<comp id="62" class="1001" name="const_62">
<pin_list>
<pin id="63" dir="1" index="0" bw="1" slack="0"/>
</pin_list>
<bind>
<StgValue><ssdm name="_ssdm_op_BitConcatenate.i32.i29.i3"/></StgValue>
</bind>
</comp>

<comp id="64" class="1001" name="const_64">
<pin_list>
<pin id="65" dir="1" index="0" bw="1" slack="0"/>
</pin_list>
<bind>
<StgValue><ssdm name=""/></StgValue>
</bind>
</comp>

<comp id="66" class="1001" name="const_66">
<pin_list>
<pin id="67" dir="1" index="0" bw="1" slack="0"/>
</pin_list>
<bind>
<StgValue><ssdm name="_ssdm_op_PartSelect.i29.i32.i32.i32"/></StgValue>
</bind>
</comp>

<comp id="68" class="1001" name="const_68">
<pin_list>
<pin id="69" dir="1" index="0" bw="1" slack="0"/>
</pin_list>
<bind>
<StgValue><ssdm name=""/></StgValue>
</bind>
</comp>

<comp id="70" class="1001" name="const_70">
<pin_list>
<pin id="71" dir="1" index="0" bw="1" slack="0"/>
</pin_list>
<bind>
<StgValue><ssdm name=""/></StgValue>
</bind>
</comp>

<comp id="72" class="1001" name="const_72">
<pin_list>
<pin id="73" dir="1" index="0" bw="1" slack="0"/>
</pin_list>
<bind>
<StgValue><ssdm name="_ssdm_op_ReadReq.m_axi.i64P1A"/></StgValue>
</bind>
</comp>

<comp id="74" class="1001" name="const_74">
<pin_list>
<pin id="75" dir="1" index="0" bw="1" slack="0"/>
</pin_list>
<bind>
<StgValue><ssdm name="_ssdm_op_Read.m_axi.i64P1A"/></StgValue>
</bind>
</comp>

<comp id="76" class="1001" name="const_76">
<pin_list>
<pin id="77" dir="1" index="0" bw="1" slack="0"/>
</pin_list>
<bind>
<StgValue><ssdm name="_ssdm_op_PartSelect.i8.i64.i32.i32"/></StgValue>
</bind>
</comp>

<comp id="78" class="1001" name="const_78">
<pin_list>
<pin id="79" dir="1" index="0" bw="1" slack="0"/>
</pin_list>
<bind>
<StgValue><ssdm name=""/></StgValue>
</bind>
</comp>

<comp id="80" class="1001" name="const_80">
<pin_list>
<pin id="81" dir="1" index="0" bw="1" slack="0"/>
</pin_list>
<bind>
<StgValue><ssdm name=""/></StgValue>
</bind>
</comp>

<comp id="82" class="1001" name="const_82">
<pin_list>
<pin id="83" dir="1" index="0" bw="1" slack="0"/>
</pin_list>
<bind>
<StgValue><ssdm name=""/></StgValue>
</bind>
</comp>

<comp id="84" class="1001" name="const_84">
<pin_list>
<pin id="85" dir="1" index="0" bw="1" slack="0"/>
</pin_list>
<bind>
<StgValue><ssdm name=""/></StgValue>
</bind>
</comp>

<comp id="86" class="1001" name="const_86">
<pin_list>
<pin id="87" dir="1" index="0" bw="1" slack="0"/>
</pin_list>
<bind>
<StgValue><ssdm name=""/></StgValue>
</bind>
</comp>

<comp id="88" class="1001" name="const_88">
<pin_list>
<pin id="89" dir="1" index="0" bw="1" slack="0"/>
</pin_list>
<bind>
<StgValue><ssdm name=""/></StgValue>
</bind>
</comp>

<comp id="90" class="1001" name="const_90">
<pin_list>
<pin id="91" dir="1" index="0" bw="1" slack="0"/>
</pin_list>
<bind>
<StgValue><ssdm name=""/></StgValue>
</bind>
</comp>

<comp id="92" class="1001" name="const_92">
<pin_list>
<pin id="93" dir="1" index="0" bw="1" slack="0"/>
</pin_list>
<bind>
<StgValue><ssdm name=""/></StgValue>
</bind>
</comp>

<comp id="94" class="1001" name="const_94">
<pin_list>
<pin id="95" dir="1" index="0" bw="1" slack="0"/>
</pin_list>
<bind>
<StgValue><ssdm name=""/></StgValue>
</bind>
</comp>

<comp id="96" class="1001" name="const_96">
<pin_list>
<pin id="97" dir="1" index="0" bw="1" slack="0"/>
</pin_list>
<bind>
<StgValue><ssdm name=""/></StgValue>
</bind>
</comp>

<comp id="98" class="1001" name="const_98">
<pin_list>
<pin id="99" dir="1" index="0" bw="1" slack="0"/>
</pin_list>
<bind>
<StgValue><ssdm name=""/></StgValue>
</bind>
</comp>

<comp id="100" class="1001" name="const_100">
<pin_list>
<pin id="101" dir="1" index="0" bw="1" slack="2147483647"/>
</pin_list>
<bind>
<StgValue><ssdm name="_ssdm_op_SpecPipeline"/></StgValue>
</bind>
</comp>

<comp id="102" class="1001" name="const_102">
<pin_list>
<pin id="103" dir="1" index="0" bw="1" slack="2147483647"/>
</pin_list>
<bind>
<StgValue><ssdm name="_ssdm_op_SpecLoopTripCount"/></StgValue>
</bind>
</comp>

<comp id="104" class="1001" name="const_104">
<pin_list>
<pin id="105" dir="1" index="0" bw="1" slack="2147483647"/>
</pin_list>
<bind>
<StgValue><ssdm name=""/></StgValue>
</bind>
</comp>

<comp id="106" class="1001" name="const_106">
<pin_list>
<pin id="107" dir="1" index="0" bw="1" slack="2147483647"/>
</pin_list>
<bind>
<StgValue><ssdm name=""/></StgValue>
</bind>
</comp>

<comp id="108" class="1001" name="const_108">
<pin_list>
<pin id="109" dir="1" index="0" bw="1" slack="2147483647"/>
</pin_list>
<bind>
<StgValue><ssdm name="_ssdm_op_SpecLoopName"/></StgValue>
</bind>
</comp>

<comp id="110" class="1001" name="const_110">
<pin_list>
<pin id="111" dir="1" index="0" bw="1" slack="2147483647"/>
</pin_list>
<bind>
<StgValue><ssdm name="empty_15"/></StgValue>
</bind>
</comp>

<comp id="112" class="1004" name="idx_fu_112">
<pin_list>
<pin id="113" dir="0" index="0" bw="1" slack="0"/>
<pin id="114" dir="1" index="1" bw="29" slack="0"/>
</pin_list>
<bind>
<opcode="alloca(26) " fcode="alloca"/>
<opset="idx/1 "/>
</bind>
</comp>

<comp id="116" class="1004" name="k_fu_116">
<pin_list>
<pin id="117" dir="0" index="0" bw="1" slack="0"/>
<pin id="118" dir="1" index="1" bw="16" slack="0"/>
</pin_list>
<bind>
<opcode="alloca(26) " fcode="alloca"/>
<opset="k/1 "/>
</bind>
</comp>

<comp id="120" class="1004" name="zext_ln196_read_read_fu_120">
<pin_list>
<pin id="121" dir="0" index="0" bw="13" slack="0"/>
<pin id="122" dir="0" index="1" bw="13" slack="0"/>
<pin id="123" dir="1" index="2" bw="13" slack="0"/>
</pin_list>
<bind>
<opcode="read(1150) " fcode="read"/>
<opset="zext_ln196_read/1 "/>
</bind>
</comp>

<comp id="126" class="1004" name="addr_b0_read_read_fu_126">
<pin_list>
<pin id="127" dir="0" index="0" bw="32" slack="0"/>
<pin id="128" dir="0" index="1" bw="32" slack="0"/>
<pin id="129" dir="1" index="2" bw="32" slack="1"/>
</pin_list>
<bind>
<opcode="read(1150) " fcode="read"/>
<opset="addr_b0_read/1 "/>
</bind>
</comp>

<comp id="132" class="1004" name="select_ln123_read_read_fu_132">
<pin_list>
<pin id="133" dir="0" index="0" bw="16" slack="0"/>
<pin id="134" dir="0" index="1" bw="16" slack="0"/>
<pin id="135" dir="1" index="2" bw="16" slack="1"/>
</pin_list>
<bind>
<opcode="read(1150) " fcode="read"/>
<opset="select_ln123_read/1 "/>
</bind>
</comp>

<comp id="138" class="1004" name="zext_ln214_read_read_fu_138">
<pin_list>
<pin id="139" dir="0" index="0" bw="13" slack="0"/>
<pin id="140" dir="0" index="1" bw="13" slack="0"/>
<pin id="141" dir="1" index="2" bw="13" slack="0"/>
</pin_list>
<bind>
<opcode="read(1150) " fcode="read"/>
<opset="zext_ln214_read/1 "/>
</bind>
</comp>

<comp id="144" class="1004" name="grp_readreq_fu_144">
<pin_list>
<pin id="145" dir="0" index="0" bw="1" slack="0"/>
<pin id="146" dir="0" index="1" bw="64" slack="0"/>
<pin id="147" dir="0" index="2" bw="1" slack="0"/>
<pin id="148" dir="1" index="3" bw="1" slack="2147483647"/>
</pin_list>
<bind>
<opcode="readreq(1154) " fcode="readreq"/>
<opset="w_req/3 "/>
</bind>
</comp>

<comp id="151" class="1004" name="w_read_fu_151">
<pin_list>
<pin id="152" dir="0" index="0" bw="64" slack="0"/>
<pin id="153" dir="0" index="1" bw="64" slack="8"/>
<pin id="154" dir="1" index="2" bw="64" slack="0"/>
</pin_list>
<bind>
<opcode="read(1150) " fcode="read"/>
<opset="w/11 "/>
</bind>
</comp>

<comp id="156" class="1004" name="b_buf_addr_gep_fu_156">
<pin_list>
<pin id="157" dir="0" index="0" bw="8" slack="0"/>
<pin id="158" dir="0" index="1" bw="1" slack="0"/>
<pin id="159" dir="0" index="2" bw="8" slack="0"/>
<pin id="160" dir="1" index="3" bw="8" slack="0"/>
</pin_list>
<bind>
<opcode="getelementptr(29) " fcode="getelementptr"/>
<opset="b_buf_addr/12 "/>
</bind>
</comp>

<comp id="163" class="1004" name="b_buf_1_addr_gep_fu_163">
<pin_list>
<pin id="164" dir="0" index="0" bw="8" slack="0"/>
<pin id="165" dir="0" index="1" bw="1" slack="0"/>
<pin id="166" dir="0" index="2" bw="8" slack="0"/>
<pin id="167" dir="1" index="3" bw="8" slack="0"/>
</pin_list>
<bind>
<opcode="getelementptr(29) " fcode="getelementptr"/>
<opset="b_buf_1_addr/12 "/>
</bind>
</comp>

<comp id="170" class="1004" name="b_buf_2_addr_gep_fu_170">
<pin_list>
<pin id="171" dir="0" index="0" bw="8" slack="0"/>
<pin id="172" dir="0" index="1" bw="1" slack="0"/>
<pin id="173" dir="0" index="2" bw="8" slack="0"/>
<pin id="174" dir="1" index="3" bw="8" slack="0"/>
</pin_list>
<bind>
<opcode="getelementptr(29) " fcode="getelementptr"/>
<opset="b_buf_2_addr/12 "/>
</bind>
</comp>

<comp id="177" class="1004" name="b_buf_3_addr_gep_fu_177">
<pin_list>
<pin id="178" dir="0" index="0" bw="8" slack="0"/>
<pin id="179" dir="0" index="1" bw="1" slack="0"/>
<pin id="180" dir="0" index="2" bw="8" slack="0"/>
<pin id="181" dir="1" index="3" bw="8" slack="0"/>
</pin_list>
<bind>
<opcode="getelementptr(29) " fcode="getelementptr"/>
<opset="b_buf_3_addr/12 "/>
</bind>
</comp>

<comp id="184" class="1004" name="b_buf_4_addr_gep_fu_184">
<pin_list>
<pin id="185" dir="0" index="0" bw="8" slack="0"/>
<pin id="186" dir="0" index="1" bw="1" slack="0"/>
<pin id="187" dir="0" index="2" bw="8" slack="0"/>
<pin id="188" dir="1" index="3" bw="8" slack="0"/>
</pin_list>
<bind>
<opcode="getelementptr(29) " fcode="getelementptr"/>
<opset="b_buf_4_addr/12 "/>
</bind>
</comp>

<comp id="191" class="1004" name="b_buf_5_addr_gep_fu_191">
<pin_list>
<pin id="192" dir="0" index="0" bw="8" slack="0"/>
<pin id="193" dir="0" index="1" bw="1" slack="0"/>
<pin id="194" dir="0" index="2" bw="8" slack="0"/>
<pin id="195" dir="1" index="3" bw="8" slack="0"/>
</pin_list>
<bind>
<opcode="getelementptr(29) " fcode="getelementptr"/>
<opset="b_buf_5_addr/12 "/>
</bind>
</comp>

<comp id="198" class="1004" name="b_buf_6_addr_gep_fu_198">
<pin_list>
<pin id="199" dir="0" index="0" bw="8" slack="0"/>
<pin id="200" dir="0" index="1" bw="1" slack="0"/>
<pin id="201" dir="0" index="2" bw="8" slack="0"/>
<pin id="202" dir="1" index="3" bw="8" slack="0"/>
</pin_list>
<bind>
<opcode="getelementptr(29) " fcode="getelementptr"/>
<opset="b_buf_6_addr/12 "/>
</bind>
</comp>

<comp id="205" class="1004" name="b_buf_7_addr_gep_fu_205">
<pin_list>
<pin id="206" dir="0" index="0" bw="8" slack="0"/>
<pin id="207" dir="0" index="1" bw="1" slack="0"/>
<pin id="208" dir="0" index="2" bw="8" slack="0"/>
<pin id="209" dir="1" index="3" bw="8" slack="0"/>
</pin_list>
<bind>
<opcode="getelementptr(29) " fcode="getelementptr"/>
<opset="b_buf_7_addr/12 "/>
</bind>
</comp>

<comp id="212" class="1004" name="store_ln129_access_fu_212">
<pin_list>
<pin id="213" dir="0" index="0" bw="8" slack="0"/>
<pin id="214" dir="0" index="1" bw="8" slack="1"/>
<pin id="215" dir="0" index="2" bw="0" slack="2147483647"/>
<pin id="216" dir="1" index="3" bw="8" slack="2147483647"/>
</pin_list>
<bind>
<opcode="store(28) " fcode="store"/>
<opset="store_ln129/12 "/>
</bind>
</comp>

<comp id="218" class="1004" name="store_ln129_access_fu_218">
<pin_list>
<pin id="219" dir="0" index="0" bw="8" slack="0"/>
<pin id="220" dir="0" index="1" bw="8" slack="1"/>
<pin id="221" dir="0" index="2" bw="0" slack="2147483647"/>
<pin id="222" dir="1" index="3" bw="8" slack="2147483647"/>
</pin_list>
<bind>
<opcode="store(28) " fcode="store"/>
<opset="store_ln129/12 "/>
</bind>
</comp>

<comp id="224" class="1004" name="store_ln129_access_fu_224">
<pin_list>
<pin id="225" dir="0" index="0" bw="8" slack="0"/>
<pin id="226" dir="0" index="1" bw="8" slack="1"/>
<pin id="227" dir="0" index="2" bw="0" slack="2147483647"/>
<pin id="228" dir="1" index="3" bw="8" slack="2147483647"/>
</pin_list>
<bind>
<opcode="store(28) " fcode="store"/>
<opset="store_ln129/12 "/>
</bind>
</comp>

<comp id="230" class="1004" name="store_ln129_access_fu_230">
<pin_list>
<pin id="231" dir="0" index="0" bw="8" slack="0"/>
<pin id="232" dir="0" index="1" bw="8" slack="1"/>
<pin id="233" dir="0" index="2" bw="0" slack="2147483647"/>
<pin id="234" dir="1" index="3" bw="8" slack="2147483647"/>
</pin_list>
<bind>
<opcode="store(28) " fcode="store"/>
<opset="store_ln129/12 "/>
</bind>
</comp>

<comp id="236" class="1004" name="store_ln129_access_fu_236">
<pin_list>
<pin id="237" dir="0" index="0" bw="8" slack="0"/>
<pin id="238" dir="0" index="1" bw="8" slack="1"/>
<pin id="239" dir="0" index="2" bw="0" slack="2147483647"/>
<pin id="240" dir="1" index="3" bw="8" slack="2147483647"/>
</pin_list>
<bind>
<opcode="store(28) " fcode="store"/>
<opset="store_ln129/12 "/>
</bind>
</comp>

<comp id="242" class="1004" name="store_ln129_access_fu_242">
<pin_list>
<pin id="243" dir="0" index="0" bw="8" slack="0"/>
<pin id="244" dir="0" index="1" bw="8" slack="1"/>
<pin id="245" dir="0" index="2" bw="0" slack="2147483647"/>
<pin id="246" dir="1" index="3" bw="8" slack="2147483647"/>
</pin_list>
<bind>
<opcode="store(28) " fcode="store"/>
<opset="store_ln129/12 "/>
</bind>
</comp>

<comp id="248" class="1004" name="store_ln129_access_fu_248">
<pin_list>
<pin id="249" dir="0" index="0" bw="8" slack="0"/>
<pin id="250" dir="0" index="1" bw="8" slack="1"/>
<pin id="251" dir="0" index="2" bw="0" slack="2147483647"/>
<pin id="252" dir="1" index="3" bw="8" slack="2147483647"/>
</pin_list>
<bind>
<opcode="store(28) " fcode="store"/>
<opset="store_ln129/12 "/>
</bind>
</comp>

<comp id="254" class="1004" name="store_ln129_access_fu_254">
<pin_list>
<pin id="255" dir="0" index="0" bw="8" slack="0"/>
<pin id="256" dir="0" index="1" bw="8" slack="1"/>
<pin id="257" dir="0" index="2" bw="0" slack="2147483647"/>
<pin id="258" dir="1" index="3" bw="8" slack="2147483647"/>
</pin_list>
<bind>
<opcode="store(28) " fcode="store"/>
<opset="store_ln129/12 "/>
</bind>
</comp>

<comp id="260" class="1004" name="zext_ln196_cast_fu_260">
<pin_list>
<pin id="261" dir="0" index="0" bw="13" slack="0"/>
<pin id="262" dir="1" index="1" bw="29" slack="1"/>
</pin_list>
<bind>
<opcode="zext(34) " fcode="zext"/>
<opset="zext_ln196_cast/1 "/>
</bind>
</comp>

<comp id="264" class="1004" name="zext_ln214_cast_fu_264">
<pin_list>
<pin id="265" dir="0" index="0" bw="13" slack="0"/>
<pin id="266" dir="1" index="1" bw="29" slack="0"/>
</pin_list>
<bind>
<opcode="zext(34) " fcode="zext"/>
<opset="zext_ln214_cast/1 "/>
</bind>
</comp>

<comp id="268" class="1004" name="store_ln123_store_fu_268">
<pin_list>
<pin id="269" dir="0" index="0" bw="1" slack="0"/>
<pin id="270" dir="0" index="1" bw="16" slack="0"/>
<pin id="271" dir="1" index="2" bw="0" slack="2147483647"/>
</pin_list>
<bind>
<opcode="store(28) " fcode="store"/>
<opset="store_ln123/1 "/>
</bind>
</comp>

<comp id="273" class="1004" name="store_ln121_store_fu_273">
<pin_list>
<pin id="274" dir="0" index="0" bw="13" slack="0"/>
<pin id="275" dir="0" index="1" bw="29" slack="0"/>
<pin id="276" dir="1" index="2" bw="0" slack="2147483647"/>
</pin_list>
<bind>
<opcode="store(28) " fcode="store"/>
<opset="store_ln121/1 "/>
</bind>
</comp>

<comp id="278" class="1004" name="k_8_load_fu_278">
<pin_list>
<pin id="279" dir="0" index="0" bw="16" slack="1"/>
<pin id="280" dir="1" index="1" bw="16" slack="0"/>
</pin_list>
<bind>
<opcode="load(27) " fcode="load"/>
<opset="k_8/2 "/>
</bind>
</comp>

<comp id="281" class="1004" name="icmp_ln123_fu_281">
<pin_list>
<pin id="282" dir="0" index="0" bw="16" slack="0"/>
<pin id="283" dir="0" index="1" bw="16" slack="1"/>
<pin id="284" dir="1" index="2" bw="1" slack="9"/>
</pin_list>
<bind>
<opcode="icmp(45) " fcode="icmp"/>
<opset="icmp_ln123/2 "/>
</bind>
</comp>

<comp id="286" class="1004" name="add_ln123_fu_286">
<pin_list>
<pin id="287" dir="0" index="0" bw="16" slack="0"/>
<pin id="288" dir="0" index="1" bw="1" slack="0"/>
<pin id="289" dir="1" index="2" bw="16" slack="0"/>
</pin_list>
<bind>
<opcode="add(8) " fcode="add"/>
<opset="add_ln123/2 "/>
</bind>
</comp>

<comp id="292" class="1004" name="idx_load_load_fu_292">
<pin_list>
<pin id="293" dir="0" index="0" bw="29" slack="1"/>
<pin id="294" dir="1" index="1" bw="29" slack="0"/>
</pin_list>
<bind>
<opcode="load(27) " fcode="load"/>
<opset="idx_load/2 "/>
</bind>
</comp>

<comp id="295" class="1004" name="shl_ln1_fu_295">
<pin_list>
<pin id="296" dir="0" index="0" bw="32" slack="0"/>
<pin id="297" dir="0" index="1" bw="29" slack="0"/>
<pin id="298" dir="0" index="2" bw="1" slack="0"/>
<pin id="299" dir="1" index="3" bw="32" slack="0"/>
</pin_list>
<bind>
<opcode="bitconcatenate(1004) " fcode="bitconcatenate"/>
<opset="shl_ln1/2 "/>
</bind>
</comp>

<comp id="303" class="1004" name="add_ln126_fu_303">
<pin_list>
<pin id="304" dir="0" index="0" bw="32" slack="0"/>
<pin id="305" dir="0" index="1" bw="32" slack="1"/>
<pin id="306" dir="1" index="2" bw="32" slack="0"/>
</pin_list>
<bind>
<opcode="add(8) " fcode="add"/>
<opset="add_ln126/2 "/>
</bind>
</comp>

<comp id="308" class="1004" name="trunc_ln4_fu_308">
<pin_list>
<pin id="309" dir="0" index="0" bw="29" slack="0"/>
<pin id="310" dir="0" index="1" bw="32" slack="0"/>
<pin id="311" dir="0" index="2" bw="3" slack="0"/>
<pin id="312" dir="0" index="3" bw="6" slack="0"/>
<pin id="313" dir="1" index="4" bw="29" slack="1"/>
</pin_list>
<bind>
<opcode="partselect(1002) " fcode="partselect"/>
<opset="trunc_ln4/2 "/>
</bind>
</comp>

<comp id="318" class="1004" name="trunc_ln129_1_fu_318">
<pin_list>
<pin id="319" dir="0" index="0" bw="16" slack="0"/>
<pin id="320" dir="1" index="1" bw="8" slack="10"/>
</pin_list>
<bind>
<opcode="trunc(33) " fcode="trunc"/>
<opset="trunc_ln129_1/2 "/>
</bind>
</comp>

<comp id="322" class="1004" name="idx_1_fu_322">
<pin_list>
<pin id="323" dir="0" index="0" bw="13" slack="1"/>
<pin id="324" dir="0" index="1" bw="29" slack="0"/>
<pin id="325" dir="1" index="2" bw="29" slack="0"/>
</pin_list>
<bind>
<opcode="add(8) " fcode="add"/>
<opset="idx_1/2 "/>
</bind>
</comp>

<comp id="327" class="1004" name="store_ln123_store_fu_327">
<pin_list>
<pin id="328" dir="0" index="0" bw="16" slack="0"/>
<pin id="329" dir="0" index="1" bw="16" slack="1"/>
<pin id="330" dir="1" index="2" bw="0" slack="2147483647"/>
</pin_list>
<bind>
<opcode="store(28) " fcode="store"/>
<opset="store_ln123/2 "/>
</bind>
</comp>

<comp id="332" class="1004" name="store_ln121_store_fu_332">
<pin_list>
<pin id="333" dir="0" index="0" bw="29" slack="0"/>
<pin id="334" dir="0" index="1" bw="29" slack="1"/>
<pin id="335" dir="1" index="2" bw="0" slack="2147483647"/>
</pin_list>
<bind>
<opcode="store(28) " fcode="store"/>
<opset="store_ln121/2 "/>
</bind>
</comp>

<comp id="337" class="1004" name="sext_ln126_fu_337">
<pin_list>
<pin id="338" dir="0" index="0" bw="29" slack="1"/>
<pin id="339" dir="1" index="1" bw="32" slack="0"/>
</pin_list>
<bind>
<opcode="sext(35) " fcode="sext"/>
<opset="sext_ln126/3 "/>
</bind>
</comp>

<comp id="340" class="1004" name="bi_addr_fu_340">
<pin_list>
<pin id="341" dir="0" index="0" bw="64" slack="0"/>
<pin id="342" dir="0" index="1" bw="29" slack="0"/>
<pin id="343" dir="1" index="2" bw="64" slack="0"/>
</pin_list>
<bind>
<opcode="getelementptr(29) " fcode="getelementptr"/>
<opset="bi_addr/3 "/>
</bind>
</comp>

<comp id="347" class="1004" name="trunc_ln129_fu_347">
<pin_list>
<pin id="348" dir="0" index="0" bw="64" slack="0"/>
<pin id="349" dir="1" index="1" bw="8" slack="1"/>
</pin_list>
<bind>
<opcode="trunc(33) " fcode="trunc"/>
<opset="trunc_ln129/11 "/>
</bind>
</comp>

<comp id="351" class="1004" name="tmp_s_fu_351">
<pin_list>
<pin id="352" dir="0" index="0" bw="8" slack="0"/>
<pin id="353" dir="0" index="1" bw="64" slack="0"/>
<pin id="354" dir="0" index="2" bw="5" slack="0"/>
<pin id="355" dir="0" index="3" bw="5" slack="0"/>
<pin id="356" dir="1" index="4" bw="8" slack="1"/>
</pin_list>
<bind>
<opcode="partselect(1002) " fcode="partselect"/>
<opset="tmp_s/11 "/>
</bind>
</comp>

<comp id="361" class="1004" name="tmp_1_fu_361">
<pin_list>
<pin id="362" dir="0" index="0" bw="8" slack="0"/>
<pin id="363" dir="0" index="1" bw="64" slack="0"/>
<pin id="364" dir="0" index="2" bw="6" slack="0"/>
<pin id="365" dir="0" index="3" bw="6" slack="0"/>
<pin id="366" dir="1" index="4" bw="8" slack="1"/>
</pin_list>
<bind>
<opcode="partselect(1002) " fcode="partselect"/>
<opset="tmp_1/11 "/>
</bind>
</comp>

<comp id="371" class="1004" name="tmp_2_fu_371">
<pin_list>
<pin id="372" dir="0" index="0" bw="8" slack="0"/>
<pin id="373" dir="0" index="1" bw="64" slack="0"/>
<pin id="374" dir="0" index="2" bw="6" slack="0"/>
<pin id="375" dir="0" index="3" bw="6" slack="0"/>
<pin id="376" dir="1" index="4" bw="8" slack="1"/>
</pin_list>
<bind>
<opcode="partselect(1002) " fcode="partselect"/>
<opset="tmp_2/11 "/>
</bind>
</comp>

<comp id="381" class="1004" name="tmp_3_fu_381">
<pin_list>
<pin id="382" dir="0" index="0" bw="8" slack="0"/>
<pin id="383" dir="0" index="1" bw="64" slack="0"/>
<pin id="384" dir="0" index="2" bw="7" slack="0"/>
<pin id="385" dir="0" index="3" bw="7" slack="0"/>
<pin id="386" dir="1" index="4" bw="8" slack="1"/>
</pin_list>
<bind>
<opcode="partselect(1002) " fcode="partselect"/>
<opset="tmp_3/11 "/>
</bind>
</comp>

<comp id="391" class="1004" name="tmp_4_fu_391">
<pin_list>
<pin id="392" dir="0" index="0" bw="8" slack="0"/>
<pin id="393" dir="0" index="1" bw="64" slack="0"/>
<pin id="394" dir="0" index="2" bw="7" slack="0"/>
<pin id="395" dir="0" index="3" bw="7" slack="0"/>
<pin id="396" dir="1" index="4" bw="8" slack="1"/>
</pin_list>
<bind>
<opcode="partselect(1002) " fcode="partselect"/>
<opset="tmp_4/11 "/>
</bind>
</comp>

<comp id="401" class="1004" name="tmp_5_fu_401">
<pin_list>
<pin id="402" dir="0" index="0" bw="8" slack="0"/>
<pin id="403" dir="0" index="1" bw="64" slack="0"/>
<pin id="404" dir="0" index="2" bw="7" slack="0"/>
<pin id="405" dir="0" index="3" bw="7" slack="0"/>
<pin id="406" dir="1" index="4" bw="8" slack="1"/>
</pin_list>
<bind>
<opcode="partselect(1002) " fcode="partselect"/>
<opset="tmp_5/11 "/>
</bind>
</comp>

<comp id="411" class="1004" name="tmp_6_fu_411">
<pin_list>
<pin id="412" dir="0" index="0" bw="8" slack="0"/>
<pin id="413" dir="0" index="1" bw="64" slack="0"/>
<pin id="414" dir="0" index="2" bw="7" slack="0"/>
<pin id="415" dir="0" index="3" bw="7" slack="0"/>
<pin id="416" dir="1" index="4" bw="8" slack="1"/>
</pin_list>
<bind>
<opcode="partselect(1002) " fcode="partselect"/>
<opset="tmp_6/11 "/>
</bind>
</comp>

<comp id="421" class="1004" name="zext_ln129_fu_421">
<pin_list>
<pin id="422" dir="0" index="0" bw="8" slack="10"/>
<pin id="423" dir="1" index="1" bw="32" slack="0"/>
</pin_list>
<bind>
<opcode="zext(34) " fcode="zext"/>
<opset="zext_ln129/12 "/>
</bind>
</comp>

<comp id="432" class="1005" name="idx_reg_432">
<pin_list>
<pin id="433" dir="0" index="0" bw="29" slack="0"/>
<pin id="434" dir="1" index="1" bw="29" slack="0"/>
</pin_list>
<bind>
<opset="idx "/>
</bind>
</comp>

<comp id="439" class="1005" name="k_reg_439">
<pin_list>
<pin id="440" dir="0" index="0" bw="16" slack="0"/>
<pin id="441" dir="1" index="1" bw="16" slack="0"/>
</pin_list>
<bind>
<opset="k "/>
</bind>
</comp>

<comp id="446" class="1005" name="addr_b0_read_reg_446">
<pin_list>
<pin id="447" dir="0" index="0" bw="32" slack="1"/>
<pin id="448" dir="1" index="1" bw="32" slack="1"/>
</pin_list>
<bind>
<opset="addr_b0_read "/>
</bind>
</comp>

<comp id="451" class="1005" name="select_ln123_read_reg_451">
<pin_list>
<pin id="452" dir="0" index="0" bw="16" slack="1"/>
<pin id="453" dir="1" index="1" bw="16" slack="1"/>
</pin_list>
<bind>
<opset="select_ln123_read "/>
</bind>
</comp>

<comp id="456" class="1005" name="zext_ln196_cast_reg_456">
<pin_list>
<pin id="457" dir="0" index="0" bw="29" slack="1"/>
<pin id="458" dir="1" index="1" bw="29" slack="1"/>
</pin_list>
<bind>
<opset="zext_ln196_cast "/>
</bind>
</comp>

<comp id="461" class="1005" name="icmp_ln123_reg_461">
<pin_list>
<pin id="462" dir="0" index="0" bw="1" slack="9"/>
<pin id="463" dir="1" index="1" bw="1" slack="2147483647"/>
</pin_list>
<bind>
<opset="icmp_ln123 "/>
</bind>
</comp>

<comp id="465" class="1005" name="trunc_ln4_reg_465">
<pin_list>
<pin id="466" dir="0" index="0" bw="29" slack="1"/>
<pin id="467" dir="1" index="1" bw="29" slack="1"/>
</pin_list>
<bind>
<opset="trunc_ln4 "/>
</bind>
</comp>

<comp id="470" class="1005" name="trunc_ln129_1_reg_470">
<pin_list>
<pin id="471" dir="0" index="0" bw="8" slack="10"/>
<pin id="472" dir="1" index="1" bw="8" slack="10"/>
</pin_list>
<bind>
<opset="trunc_ln129_1 "/>
</bind>
</comp>

<comp id="475" class="1005" name="bi_addr_reg_475">
<pin_list>
<pin id="476" dir="0" index="0" bw="64" slack="1"/>
<pin id="477" dir="1" index="1" bw="64" slack="1"/>
</pin_list>
<bind>
<opset="bi_addr "/>
</bind>
</comp>

<comp id="481" class="1005" name="trunc_ln129_reg_481">
<pin_list>
<pin id="482" dir="0" index="0" bw="8" slack="1"/>
<pin id="483" dir="1" index="1" bw="8" slack="1"/>
</pin_list>
<bind>
<opset="trunc_ln129 "/>
</bind>
</comp>

<comp id="486" class="1005" name="tmp_s_reg_486">
<pin_list>
<pin id="487" dir="0" index="0" bw="8" slack="1"/>
<pin id="488" dir="1" index="1" bw="8" slack="1"/>
</pin_list>
<bind>
<opset="tmp_s "/>
</bind>
</comp>

<comp id="491" class="1005" name="tmp_1_reg_491">
<pin_list>
<pin id="492" dir="0" index="0" bw="8" slack="1"/>
<pin id="493" dir="1" index="1" bw="8" slack="1"/>
</pin_list>
<bind>
<opset="tmp_1 "/>
</bind>
</comp>

<comp id="496" class="1005" name="tmp_2_reg_496">
<pin_list>
<pin id="497" dir="0" index="0" bw="8" slack="1"/>
<pin id="498" dir="1" index="1" bw="8" slack="1"/>
</pin_list>
<bind>
<opset="tmp_2 "/>
</bind>
</comp>

<comp id="501" class="1005" name="tmp_3_reg_501">
<pin_list>
<pin id="502" dir="0" index="0" bw="8" slack="1"/>
<pin id="503" dir="1" index="1" bw="8" slack="1"/>
</pin_list>
<bind>
<opset="tmp_3 "/>
</bind>
</comp>

<comp id="506" class="1005" name="tmp_4_reg_506">
<pin_list>
<pin id="507" dir="0" index="0" bw="8" slack="1"/>
<pin id="508" dir="1" index="1" bw="8" slack="1"/>
</pin_list>
<bind>
<opset="tmp_4 "/>
</bind>
</comp>

<comp id="511" class="1005" name="tmp_5_reg_511">
<pin_list>
<pin id="512" dir="0" index="0" bw="8" slack="1"/>
<pin id="513" dir="1" index="1" bw="8" slack="1"/>
</pin_list>
<bind>
<opset="tmp_5 "/>
</bind>
</comp>

<comp id="516" class="1005" name="tmp_6_reg_516">
<pin_list>
<pin id="517" dir="0" index="0" bw="8" slack="1"/>
<pin id="518" dir="1" index="1" bw="8" slack="1"/>
</pin_list>
<bind>
<opset="tmp_6 "/>
</bind>
</comp>

</comp_list>

<net_list>
<net id="115"><net_src comp="26" pin="0"/><net_sink comp="112" pin=0"/></net>

<net id="119"><net_src comp="26" pin="0"/><net_sink comp="116" pin=0"/></net>

<net id="124"><net_src comp="28" pin="0"/><net_sink comp="120" pin=0"/></net>

<net id="125"><net_src comp="24" pin="0"/><net_sink comp="120" pin=1"/></net>

<net id="130"><net_src comp="30" pin="0"/><net_sink comp="126" pin=0"/></net>

<net id="131"><net_src comp="22" pin="0"/><net_sink comp="126" pin=1"/></net>

<net id="136"><net_src comp="32" pin="0"/><net_sink comp="132" pin=0"/></net>

<net id="137"><net_src comp="4" pin="0"/><net_sink comp="132" pin=1"/></net>

<net id="142"><net_src comp="28" pin="0"/><net_sink comp="138" pin=0"/></net>

<net id="143"><net_src comp="0" pin="0"/><net_sink comp="138" pin=1"/></net>

<net id="149"><net_src comp="72" pin="0"/><net_sink comp="144" pin=0"/></net>

<net id="150"><net_src comp="26" pin="0"/><net_sink comp="144" pin=2"/></net>

<net id="155"><net_src comp="74" pin="0"/><net_sink comp="151" pin=0"/></net>

<net id="161"><net_src comp="20" pin="0"/><net_sink comp="156" pin=0"/></net>

<net id="162"><net_src comp="38" pin="0"/><net_sink comp="156" pin=1"/></net>

<net id="168"><net_src comp="18" pin="0"/><net_sink comp="163" pin=0"/></net>

<net id="169"><net_src comp="38" pin="0"/><net_sink comp="163" pin=1"/></net>

<net id="175"><net_src comp="16" pin="0"/><net_sink comp="170" pin=0"/></net>

<net id="176"><net_src comp="38" pin="0"/><net_sink comp="170" pin=1"/></net>

<net id="182"><net_src comp="14" pin="0"/><net_sink comp="177" pin=0"/></net>

<net id="183"><net_src comp="38" pin="0"/><net_sink comp="177" pin=1"/></net>

<net id="189"><net_src comp="12" pin="0"/><net_sink comp="184" pin=0"/></net>

<net id="190"><net_src comp="38" pin="0"/><net_sink comp="184" pin=1"/></net>

<net id="196"><net_src comp="10" pin="0"/><net_sink comp="191" pin=0"/></net>

<net id="197"><net_src comp="38" pin="0"/><net_sink comp="191" pin=1"/></net>

<net id="203"><net_src comp="8" pin="0"/><net_sink comp="198" pin=0"/></net>

<net id="204"><net_src comp="38" pin="0"/><net_sink comp="198" pin=1"/></net>

<net id="210"><net_src comp="6" pin="0"/><net_sink comp="205" pin=0"/></net>

<net id="211"><net_src comp="38" pin="0"/><net_sink comp="205" pin=1"/></net>

<net id="217"><net_src comp="156" pin="3"/><net_sink comp="212" pin=0"/></net>

<net id="223"><net_src comp="163" pin="3"/><net_sink comp="218" pin=0"/></net>

<net id="229"><net_src comp="170" pin="3"/><net_sink comp="224" pin=0"/></net>

<net id="235"><net_src comp="177" pin="3"/><net_sink comp="230" pin=0"/></net>

<net id="241"><net_src comp="184" pin="3"/><net_sink comp="236" pin=0"/></net>

<net id="247"><net_src comp="191" pin="3"/><net_sink comp="242" pin=0"/></net>

<net id="253"><net_src comp="198" pin="3"/><net_sink comp="248" pin=0"/></net>

<net id="259"><net_src comp="205" pin="3"/><net_sink comp="254" pin=0"/></net>

<net id="263"><net_src comp="120" pin="2"/><net_sink comp="260" pin=0"/></net>

<net id="267"><net_src comp="138" pin="2"/><net_sink comp="264" pin=0"/></net>

<net id="272"><net_src comp="56" pin="0"/><net_sink comp="268" pin=0"/></net>

<net id="277"><net_src comp="264" pin="1"/><net_sink comp="273" pin=0"/></net>

<net id="285"><net_src comp="278" pin="1"/><net_sink comp="281" pin=0"/></net>

<net id="290"><net_src comp="278" pin="1"/><net_sink comp="286" pin=0"/></net>

<net id="291"><net_src comp="60" pin="0"/><net_sink comp="286" pin=1"/></net>

<net id="300"><net_src comp="62" pin="0"/><net_sink comp="295" pin=0"/></net>

<net id="301"><net_src comp="292" pin="1"/><net_sink comp="295" pin=1"/></net>

<net id="302"><net_src comp="64" pin="0"/><net_sink comp="295" pin=2"/></net>

<net id="307"><net_src comp="295" pin="3"/><net_sink comp="303" pin=0"/></net>

<net id="314"><net_src comp="66" pin="0"/><net_sink comp="308" pin=0"/></net>

<net id="315"><net_src comp="303" pin="2"/><net_sink comp="308" pin=1"/></net>

<net id="316"><net_src comp="68" pin="0"/><net_sink comp="308" pin=2"/></net>

<net id="317"><net_src comp="70" pin="0"/><net_sink comp="308" pin=3"/></net>

<net id="321"><net_src comp="278" pin="1"/><net_sink comp="318" pin=0"/></net>

<net id="326"><net_src comp="292" pin="1"/><net_sink comp="322" pin=1"/></net>

<net id="331"><net_src comp="286" pin="2"/><net_sink comp="327" pin=0"/></net>

<net id="336"><net_src comp="322" pin="2"/><net_sink comp="332" pin=0"/></net>

<net id="344"><net_src comp="2" pin="0"/><net_sink comp="340" pin=0"/></net>

<net id="345"><net_src comp="337" pin="1"/><net_sink comp="340" pin=1"/></net>

<net id="346"><net_src comp="340" pin="2"/><net_sink comp="144" pin=1"/></net>

<net id="350"><net_src comp="151" pin="2"/><net_sink comp="347" pin=0"/></net>

<net id="357"><net_src comp="76" pin="0"/><net_sink comp="351" pin=0"/></net>

<net id="358"><net_src comp="151" pin="2"/><net_sink comp="351" pin=1"/></net>

<net id="359"><net_src comp="48" pin="0"/><net_sink comp="351" pin=2"/></net>

<net id="360"><net_src comp="78" pin="0"/><net_sink comp="351" pin=3"/></net>

<net id="367"><net_src comp="76" pin="0"/><net_sink comp="361" pin=0"/></net>

<net id="368"><net_src comp="151" pin="2"/><net_sink comp="361" pin=1"/></net>

<net id="369"><net_src comp="52" pin="0"/><net_sink comp="361" pin=2"/></net>

<net id="370"><net_src comp="80" pin="0"/><net_sink comp="361" pin=3"/></net>

<net id="377"><net_src comp="76" pin="0"/><net_sink comp="371" pin=0"/></net>

<net id="378"><net_src comp="151" pin="2"/><net_sink comp="371" pin=1"/></net>

<net id="379"><net_src comp="82" pin="0"/><net_sink comp="371" pin=2"/></net>

<net id="380"><net_src comp="70" pin="0"/><net_sink comp="371" pin=3"/></net>

<net id="387"><net_src comp="76" pin="0"/><net_sink comp="381" pin=0"/></net>

<net id="388"><net_src comp="151" pin="2"/><net_sink comp="381" pin=1"/></net>

<net id="389"><net_src comp="84" pin="0"/><net_sink comp="381" pin=2"/></net>

<net id="390"><net_src comp="86" pin="0"/><net_sink comp="381" pin=3"/></net>

<net id="397"><net_src comp="76" pin="0"/><net_sink comp="391" pin=0"/></net>

<net id="398"><net_src comp="151" pin="2"/><net_sink comp="391" pin=1"/></net>

<net id="399"><net_src comp="88" pin="0"/><net_sink comp="391" pin=2"/></net>

<net id="400"><net_src comp="90" pin="0"/><net_sink comp="391" pin=3"/></net>

<net id="407"><net_src comp="76" pin="0"/><net_sink comp="401" pin=0"/></net>

<net id="408"><net_src comp="151" pin="2"/><net_sink comp="401" pin=1"/></net>

<net id="409"><net_src comp="92" pin="0"/><net_sink comp="401" pin=2"/></net>

<net id="410"><net_src comp="94" pin="0"/><net_sink comp="401" pin=3"/></net>

<net id="417"><net_src comp="76" pin="0"/><net_sink comp="411" pin=0"/></net>

<net id="418"><net_src comp="151" pin="2"/><net_sink comp="411" pin=1"/></net>

<net id="419"><net_src comp="96" pin="0"/><net_sink comp="411" pin=2"/></net>

<net id="420"><net_src comp="98" pin="0"/><net_sink comp="411" pin=3"/></net>

<net id="424"><net_src comp="421" pin="1"/><net_sink comp="156" pin=2"/></net>

<net id="425"><net_src comp="421" pin="1"/><net_sink comp="163" pin=2"/></net>

<net id="426"><net_src comp="421" pin="1"/><net_sink comp="170" pin=2"/></net>

<net id="427"><net_src comp="421" pin="1"/><net_sink comp="177" pin=2"/></net>

<net id="428"><net_src comp="421" pin="1"/><net_sink comp="184" pin=2"/></net>

<net id="429"><net_src comp="421" pin="1"/><net_sink comp="191" pin=2"/></net>

<net id="430"><net_src comp="421" pin="1"/><net_sink comp="198" pin=2"/></net>

<net id="431"><net_src comp="421" pin="1"/><net_sink comp="205" pin=2"/></net>

<net id="435"><net_src comp="112" pin="1"/><net_sink comp="432" pin=0"/></net>

<net id="436"><net_src comp="432" pin="1"/><net_sink comp="273" pin=1"/></net>

<net id="437"><net_src comp="432" pin="1"/><net_sink comp="292" pin=0"/></net>

<net id="438"><net_src comp="432" pin="1"/><net_sink comp="332" pin=1"/></net>

<net id="442"><net_src comp="116" pin="1"/><net_sink comp="439" pin=0"/></net>

<net id="443"><net_src comp="439" pin="1"/><net_sink comp="268" pin=1"/></net>

<net id="444"><net_src comp="439" pin="1"/><net_sink comp="278" pin=0"/></net>

<net id="445"><net_src comp="439" pin="1"/><net_sink comp="327" pin=1"/></net>

<net id="449"><net_src comp="126" pin="2"/><net_sink comp="446" pin=0"/></net>

<net id="450"><net_src comp="446" pin="1"/><net_sink comp="303" pin=1"/></net>

<net id="454"><net_src comp="132" pin="2"/><net_sink comp="451" pin=0"/></net>

<net id="455"><net_src comp="451" pin="1"/><net_sink comp="281" pin=1"/></net>

<net id="459"><net_src comp="260" pin="1"/><net_sink comp="456" pin=0"/></net>

<net id="460"><net_src comp="456" pin="1"/><net_sink comp="322" pin=0"/></net>

<net id="464"><net_src comp="281" pin="2"/><net_sink comp="461" pin=0"/></net>

<net id="468"><net_src comp="308" pin="4"/><net_sink comp="465" pin=0"/></net>

<net id="469"><net_src comp="465" pin="1"/><net_sink comp="337" pin=0"/></net>

<net id="473"><net_src comp="318" pin="1"/><net_sink comp="470" pin=0"/></net>

<net id="474"><net_src comp="470" pin="1"/><net_sink comp="421" pin=0"/></net>

<net id="478"><net_src comp="340" pin="2"/><net_sink comp="475" pin=0"/></net>

<net id="479"><net_src comp="475" pin="1"/><net_sink comp="144" pin=1"/></net>

<net id="480"><net_src comp="475" pin="1"/><net_sink comp="151" pin=1"/></net>

<net id="484"><net_src comp="347" pin="1"/><net_sink comp="481" pin=0"/></net>

<net id="485"><net_src comp="481" pin="1"/><net_sink comp="212" pin=1"/></net>

<net id="489"><net_src comp="351" pin="4"/><net_sink comp="486" pin=0"/></net>

<net id="490"><net_src comp="486" pin="1"/><net_sink comp="218" pin=1"/></net>

<net id="494"><net_src comp="361" pin="4"/><net_sink comp="491" pin=0"/></net>

<net id="495"><net_src comp="491" pin="1"/><net_sink comp="224" pin=1"/></net>

<net id="499"><net_src comp="371" pin="4"/><net_sink comp="496" pin=0"/></net>

<net id="500"><net_src comp="496" pin="1"/><net_sink comp="230" pin=1"/></net>

<net id="504"><net_src comp="381" pin="4"/><net_sink comp="501" pin=0"/></net>

<net id="505"><net_src comp="501" pin="1"/><net_sink comp="236" pin=1"/></net>

<net id="509"><net_src comp="391" pin="4"/><net_sink comp="506" pin=0"/></net>

<net id="510"><net_src comp="506" pin="1"/><net_sink comp="242" pin=1"/></net>

<net id="514"><net_src comp="401" pin="4"/><net_sink comp="511" pin=0"/></net>

<net id="515"><net_src comp="511" pin="1"/><net_sink comp="248" pin=1"/></net>

<net id="519"><net_src comp="411" pin="4"/><net_sink comp="516" pin=0"/></net>

<net id="520"><net_src comp="516" pin="1"/><net_sink comp="254" pin=1"/></net>

</net_list>

</model> 
---------------- Datapath Model END ------------------

* FSMD analyzer results:
  - Output states:
	Port: b_buf_7 | {12 }
	Port: b_buf_6 | {12 }
	Port: b_buf_5 | {12 }
	Port: b_buf_4 | {12 }
	Port: b_buf_3 | {12 }
	Port: b_buf_2 | {12 }
	Port: b_buf_1 | {12 }
	Port: b_buf | {12 }
 - Input state : 
	Port: mxm_execute_ursa_Pipeline_LOAD_B : zext_ln214 | {1 }
	Port: mxm_execute_ursa_Pipeline_LOAD_B : bi | {3 4 5 6 7 8 9 10 11 }
	Port: mxm_execute_ursa_Pipeline_LOAD_B : select_ln123 | {1 }
	Port: mxm_execute_ursa_Pipeline_LOAD_B : addr_b0 | {1 }
	Port: mxm_execute_ursa_Pipeline_LOAD_B : zext_ln196 | {1 }
  - Chain level:
	State 1
		store_ln123 : 1
		store_ln121 : 1
	State 2
		icmp_ln123 : 1
		add_ln123 : 1
		br_ln123 : 2
		shl_ln1 : 1
		add_ln126 : 2
		trunc_ln4 : 3
		trunc_ln129_1 : 1
		idx_1 : 1
		store_ln123 : 2
		store_ln121 : 2
	State 3
		bi_addr : 1
		w_req : 2
	State 4
	State 5
	State 6
	State 7
	State 8
	State 9
	State 10
	State 11
	State 12
		b_buf_addr : 1
		b_buf_1_addr : 1
		b_buf_2_addr : 1
		b_buf_3_addr : 1
		b_buf_4_addr : 1
		b_buf_5_addr : 1
		b_buf_6_addr : 1
		b_buf_7_addr : 1
		store_ln129 : 2
		store_ln129 : 2
		store_ln129 : 2
		store_ln129 : 2
		store_ln129 : 2
		store_ln129 : 2
		store_ln129 : 2
		store_ln129 : 2


============================================================
+ Verbose Summary: Datapath Resource usage 
============================================================

* Functional unit list:
|----------|-------------------------------|---------|---------|
| Operation|        Functional Unit        |    FF   |   LUT   |
|----------|-------------------------------|---------|---------|
|          |        add_ln123_fu_286       |    0    |    23   |
|    add   |        add_ln126_fu_303       |    0    |    39   |
|          |          idx_1_fu_322         |    0    |    36   |
|----------|-------------------------------|---------|---------|
|   icmp   |       icmp_ln123_fu_281       |    0    |    23   |
|----------|-------------------------------|---------|---------|
|          |  zext_ln196_read_read_fu_120  |    0    |    0    |
|          |    addr_b0_read_read_fu_126   |    0    |    0    |
|   read   | select_ln123_read_read_fu_132 |    0    |    0    |
|          |  zext_ln214_read_read_fu_138  |    0    |    0    |
|          |         w_read_fu_151         |    0    |    0    |
|----------|-------------------------------|---------|---------|
|  readreq |       grp_readreq_fu_144      |    0    |    0    |
|----------|-------------------------------|---------|---------|
|          |     zext_ln196_cast_fu_260    |    0    |    0    |
|   zext   |     zext_ln214_cast_fu_264    |    0    |    0    |
|          |       zext_ln129_fu_421       |    0    |    0    |
|----------|-------------------------------|---------|---------|
|bitconcatenate|         shl_ln1_fu_295        |    0    |    0    |
|----------|-------------------------------|---------|---------|
|          |        trunc_ln4_fu_308       |    0    |    0    |
|          |          tmp_s_fu_351         |    0    |    0    |
|          |          tmp_1_fu_361         |    0    |    0    |
|partselect|          tmp_2_fu_371         |    0    |    0    |
|          |          tmp_3_fu_381         |    0    |    0    |
|          |          tmp_4_fu_391         |    0    |    0    |
|          |          tmp_5_fu_401         |    0    |    0    |
|          |          tmp_6_fu_411         |    0    |    0    |
|----------|-------------------------------|---------|---------|
|   trunc  |      trunc_ln129_1_fu_318     |    0    |    0    |
|          |       trunc_ln129_fu_347      |    0    |    0    |
|----------|-------------------------------|---------|---------|
|   sext   |       sext_ln126_fu_337       |    0    |    0    |
|----------|-------------------------------|---------|---------|
|   Total  |                               |    0    |   121   |
|----------|-------------------------------|---------|---------|

Memories:
N/A

* Register list:
+-------------------------+--------+
|                         |   FF   |
+-------------------------+--------+
|   addr_b0_read_reg_446  |   32   |
|     bi_addr_reg_475     |   64   |
|    icmp_ln123_reg_461   |    1   |
|       idx_reg_432       |   29   |
|        k_reg_439        |   16   |
|select_ln123_read_reg_451|   16   |
|      tmp_1_reg_491      |    8   |
|      tmp_2_reg_496      |    8   |
|      tmp_3_reg_501      |    8   |
|      tmp_4_reg_506      |    8   |
|      tmp_5_reg_511      |    8   |
|      tmp_6_reg_516      |    8   |
|      tmp_s_reg_486      |    8   |
|  trunc_ln129_1_reg_470  |    8   |
|   trunc_ln129_reg_481   |    8   |
|    trunc_ln4_reg_465    |   29   |
| zext_ln196_cast_reg_456 |   29   |
+-------------------------+--------+
|          Total          |   288  |
+-------------------------+--------+

* Multiplexer (MUX) list: 
|--------------------|------|------|------|--------||---------||---------|
|        Comp        |  Pin | Size |  BW  | S x BW ||  Delay  ||   LUT   |
|--------------------|------|------|------|--------||---------||---------|
| grp_readreq_fu_144 |  p1  |   2  |  64  |   128  ||    9    |
|--------------------|------|------|------|--------||---------||---------|
|        Total       |      |      |      |   128  ||  1.588  ||    9    |
|--------------------|------|------|------|--------||---------||---------|



* Summary:
+-----------+--------+--------+--------+
|           |  Delay |   FF   |   LUT  |
+-----------+--------+--------+--------+
|  Function |    -   |    0   |   121  |
|   Memory  |    -   |    -   |    -   |
|Multiplexer|    1   |    -   |    9   |
|  Register |    -   |   288  |    -   |
+-----------+--------+--------+--------+
|   Total   |    1   |   288  |   130  |
+-----------+--------+--------+--------+
