/home/ulisses/Projects/ursa/exp/output-stationary-v2/vitis/hls_ursa_vanilla/mxm_execute_ursa/hls/.autopilot/db/shell.pp.0.cpp:2471:7: warning: Added loop label VITIS_LOOP_1207_1:   [xilinx-label-all-loops]
      for (i = 0; i < __N - 1; ++i) {
      ^~~
      VITIS_LOOP_1207_1: 
/home/ulisses/Projects/ursa/exp/output-stationary-v2/vitis/hls_ursa_vanilla/mxm_execute_ursa/hls/.autopilot/db/shell.pp.0.cpp:2471:7: note: FIX-IT applied suggested code changes
/home/ulisses/Projects/ursa/exp/output-stationary-v2/vitis/hls_ursa_vanilla/mxm_execute_ursa/hls/.autopilot/db/shell.pp.0.cpp:3445:5: warning: Added loop label VITIS_LOOP_676_1:   [xilinx-label-all-loops]
    for (unsigned i = low; i != high; ++i) {
    ^~~
    VITIS_LOOP_676_1: 
/home/ulisses/Projects/ursa/exp/output-stationary-v2/vitis/hls_ursa_vanilla/mxm_execute_ursa/hls/.autopilot/db/shell.pp.0.cpp:3445:5: note: FIX-IT applied suggested code changes
/home/ulisses/Projects/ursa/exp/output-stationary-v2/vitis/hls_ursa_vanilla/mxm_execute_ursa/hls/.autopilot/db/shell.pp.0.cpp:3459:5: warning: Added loop label VITIS_LOOP_690_1:   [xilinx-label-all-loops]
    for (unsigned i = low; i != high; ++i) {
    ^~~
    VITIS_LOOP_690_1: 
/home/ulisses/Projects/ursa/exp/output-stationary-v2/vitis/hls_ursa_vanilla/mxm_execute_ursa/hls/.autopilot/db/shell.pp.0.cpp:3459:5: note: FIX-IT applied suggested code changes
/home/ulisses/Projects/ursa/exp/output-stationary-v2/vitis/hls_ursa_vanilla/mxm_execute_ursa/hls/.autopilot/db/shell.pp.0.cpp:3473:5: warning: Added loop label VITIS_LOOP_704_1:   [xilinx-label-all-loops]
    for (unsigned i = low; i != high; ++i) {
    ^~~
    VITIS_LOOP_704_1: 
/home/ulisses/Projects/ursa/exp/output-stationary-v2/vitis/hls_ursa_vanilla/mxm_execute_ursa/hls/.autopilot/db/shell.pp.0.cpp:3473:5: note: FIX-IT applied suggested code changes
/home/ulisses/Projects/ursa/exp/output-stationary-v2/vitis/hls_ursa_vanilla/mxm_execute_ursa/hls/.autopilot/db/shell.pp.0.cpp:5090:7: warning: Added loop label VITIS_LOOP_1247_1:   [xilinx-label-all-loops]
      for (i = 0; i < __N - 1; ++i) {
      ^~~
      VITIS_LOOP_1247_1: 
/home/ulisses/Projects/ursa/exp/output-stationary-v2/vitis/hls_ursa_vanilla/mxm_execute_ursa/hls/.autopilot/db/shell.pp.0.cpp:5090:7: note: FIX-IT applied suggested code changes
/home/ulisses/Projects/ursa/exp/output-stationary-v2/vitis/hls_ursa_vanilla/mxm_execute_ursa/hls/.autopilot/db/shell.pp.0.cpp:6997:9: warning: Added loop label VITIS_LOOP_127_1:   [xilinx-label-all-loops]
        for (uint16_t jj = 0; jj < 8; jj++) {
        ^~~
        VITIS_LOOP_127_1: 
/home/ulisses/Projects/ursa/exp/output-stationary-v2/vitis/hls_ursa_vanilla/mxm_execute_ursa/hls/.autopilot/db/shell.pp.0.cpp:6997:9: note: FIX-IT applied suggested code changes
