================================================================
== Design Size Report
================================================================

* Total Instructions per Compilation Phase
+---------------+-----------------------------+--------------+----------------------------------------------------------------------------------------+
| Phase         | Step                        | Instructions | Description                                                                            |
+---------------+-----------------------------+--------------+----------------------------------------------------------------------------------------+
| Compile/Link  |                             |   470        | After all functions are compiled and linked into a single design                       |
|               |                             |              |                                                                                        |
| Unroll/Inline |                             |              | After user unroll and inline pragmas are applied                                       |
|               | (1) unroll                  | 2,265        | user unroll pragmas are applied                                                        |
|               | (2) simplification          | 1,976        | simplification of applied user unroll pragmas                                          |
|               | (3) inline                  | 1,938        | user inline pragmas are applied                                                        |
|               | (4) simplification          | 1,938        | simplification of applied user inline pragmas                                          |
|               |                             |              |                                                                                        |
| Array/Struct  |                             |              | After user array partition and struct aggregate/disaggregate pragmas are applied       |
|               | (1) array partition         | 2,136        | user array partition pragmas are applied                                               |
|               | (2) simplification          | 2,136        | simplification of applied user array partition & struct aggregate/disaggregate pragmas |
|               | (3) aggregate/disaggregate  | 2,136        | user struct aggregate/disaggregate pragmas are applied                                 |
|               | (4) array reshape           | 2,136        | apply array reshape pragmas                                                            |
|               | (5) access patterns         | 1,944        | array access pattern optmizations                                                      |
|               |                             |              |                                                                                        |
| Performance   |                             |              | After transformations are applied to meet performance pragma targets                   |
|               | (1) loop simplification     | 1,944        | loop and instruction simplification                                                    |
|               | (2) parallelization         | 1,452        | loops are unrolled or pipelined to meet performance targets                            |
|               | (3) array partition         | 1,478        | arrays are partitioned to meet performance targets                                     |
|               | (4) simplification          | 1,478        | simplification of design after performance transformations                             |
|               |                             |              |                                                                                        |
| HW Transforms |                             |              | After hardware transfomations                                                          |
|               | (1) lowering                | 1,551        | initial conversion to HW specific instructions                                         |
|               | (2) optimizations           | 1,558        | high level synthesis optimizations                                                     |
+---------------+-----------------------------+--------------+----------------------------------------------------------------------------------------+

* Instructions per Function for each Compilation Phase
+--------------------+--------------+--------------+-----------------+-----------------+-------------+---------------+
| Function           | Location     | Compile/Link | Unroll/Inline   | Array/Struct    | Performance | HW Transforms |
+--------------------+--------------+--------------+-----------------+-----------------+-------------+---------------+
| + mxm_execute_ursa | shell.cpp:89 | 470          | 1,938           | 1,944           | 1,478       | 1,558         |
|  + sa_init         | sa.cpp:7     |  42          |                 |                 |             |               |
|     pe_init        | pe.cpp:3     |  11          |                 |                 |             |               |
|    fill_inputs_a   | shell.cpp:8  |  46          |  146            |  147            |             |               |
|    fill_inputs_b   | shell.cpp:36 |  46          |  128            |  129            |             |               |
|  + load_inputs_sa  | shell.cpp:64 |  31          |   63            |  161            |             |               |
|     sa_input_a_b   | sa.cpp:37    |  13          |                 |                 |             |               |
|  + sa_compute      | sa.cpp:45    | 142          | 1,025           | 1,025           |             |               |
|     pe_compute     | pe.cpp:15    |  20          |  704 (64 calls) |  704 (64 calls) |             |               |
|    sa_store        | sa.cpp:85    |  36          |  304            |  174            |  174        |  207          |
|  + sa_reset        | sa.cpp:25    |  30          |  193            |  193            |   65        |   66          |
|     pe_reset       | pe.cpp:11    |   3          |  128 (64 calls) |  128 (64 calls) |             |               |
+--------------------+--------------+--------------+-----------------+-----------------+-------------+---------------+

* Design Size Message Settings
+---------------------------------------------+--------+------------------------------------------------------------------+
| Message Setting                             | Value  | Description                                                      |
+---------------------------------------------+--------+------------------------------------------------------------------+
| config_compile -design_size_maximum_warning | 100000 | Show a warning when total design instructions exceeds this value |
+---------------------------------------------+--------+------------------------------------------------------------------+


