

================================================================
== Vitis HLS Report for 'sa_reset'
================================================================
* Date:           Fri Apr 10 14:38:39 2026

* Version:        2023.2 (Build 4023990 on Oct 11 2023)
* Project:        mxm_execute_ursa
* Solution:       hls (Vivado IP Flow Target)
* Product family: zynq
* Target device:  xc7z020-clg484-1


================================================================
== Performance Estimates
================================================================
+ Timing: 
    * Summary: 
    +--------+----------+----------+------------+
    |  Clock |  Target  | Estimated| Uncertainty|
    +--------+----------+----------+------------+
    |ap_clk  |  10.00 ns|      0 ns|     2.70 ns|
    +--------+----------+----------+------------+

+ Latency: 
    * Summary: 
    +---------+---------+----------+----------+-----+-----+---------+
    |  Latency (cycles) |  Latency (absolute) |  Interval | Pipeline|
    |   min   |   max   |    min   |    max   | min | max |   Type  |
    +---------+---------+----------+----------+-----+-----+---------+
    |        0|        0|      0 ns|      0 ns|    1|    1|      yes|
    +---------+---------+----------+----------+-----+-----+---------+

    + Detail: 
        * Instance: 
        N/A

        * Loop: 
        N/A



================================================================
== Utilization Estimates
================================================================
* Summary: 
+-----------------+---------+-----+--------+-------+-----+
|       Name      | BRAM_18K| DSP |   FF   |  LUT  | URAM|
+-----------------+---------+-----+--------+-------+-----+
|DSP              |        -|    -|       -|      -|    -|
|Expression       |        -|    -|       -|      -|    -|
|FIFO             |        -|    -|       -|      -|    -|
|Instance         |        -|    -|       -|      -|    -|
|Memory           |        -|    -|       -|      -|    -|
|Multiplexer      |        -|    -|       -|      -|    -|
|Register         |        -|    -|       -|      -|    -|
+-----------------+---------+-----+--------+-------+-----+
|Total            |        0|    0|       0|      0|    0|
+-----------------+---------+-----+--------+-------+-----+
|Available        |      280|  220|  106400|  53200|    0|
+-----------------+---------+-----+--------+-------+-----+
|Utilization (%)  |        0|    0|       0|      0|    0|
+-----------------+---------+-----+--------+-------+-----+

+ Detail: 
    * Instance: 
    N/A

    * DSP: 
    N/A

    * Memory: 
    N/A

    * FIFO: 
    N/A

    * Expression: 
    N/A

    * Multiplexer: 
    N/A

    * Register: 
    N/A



================================================================
== Interface
================================================================
* Summary: 
+--------------------------------------------------------------------------------------+-----+-----+------------+-------------------------------------------------------------------------------+--------------+
|                                       RTL Ports                                      | Dir | Bits|  Protocol  |                                 Source Object                                 |    C Type    |
+--------------------------------------------------------------------------------------+-----+-----+------------+-------------------------------------------------------------------------------+--------------+
|ap_ready                                                                              |  out|    1|  ap_ctrl_hs|                                                                       sa_reset|  return value|
|mxm_execute_ursa_signed_char_unsigned_short_unsigned_char_unsigned_short_i_63         |  out|   32|      ap_vld|  mxm_execute_ursa_signed_char_unsigned_short_unsigned_char_unsigned_short_i_63|       pointer|
|mxm_execute_ursa_signed_char_unsigned_short_unsigned_char_unsigned_short_i_63_ap_vld  |  out|    1|      ap_vld|  mxm_execute_ursa_signed_char_unsigned_short_unsigned_char_unsigned_short_i_63|       pointer|
|mxm_execute_ursa_signed_char_unsigned_short_unsigned_char_unsigned_short_i_62         |  out|   32|      ap_vld|  mxm_execute_ursa_signed_char_unsigned_short_unsigned_char_unsigned_short_i_62|       pointer|
|mxm_execute_ursa_signed_char_unsigned_short_unsigned_char_unsigned_short_i_62_ap_vld  |  out|    1|      ap_vld|  mxm_execute_ursa_signed_char_unsigned_short_unsigned_char_unsigned_short_i_62|       pointer|
|mxm_execute_ursa_signed_char_unsigned_short_unsigned_char_unsigned_short_i_61         |  out|   32|      ap_vld|  mxm_execute_ursa_signed_char_unsigned_short_unsigned_char_unsigned_short_i_61|       pointer|
|mxm_execute_ursa_signed_char_unsigned_short_unsigned_char_unsigned_short_i_61_ap_vld  |  out|    1|      ap_vld|  mxm_execute_ursa_signed_char_unsigned_short_unsigned_char_unsigned_short_i_61|       pointer|
|mxm_execute_ursa_signed_char_unsigned_short_unsigned_char_unsigned_short_i_60         |  out|   32|      ap_vld|  mxm_execute_ursa_signed_char_unsigned_short_unsigned_char_unsigned_short_i_60|       pointer|
|mxm_execute_ursa_signed_char_unsigned_short_unsigned_char_unsigned_short_i_60_ap_vld  |  out|    1|      ap_vld|  mxm_execute_ursa_signed_char_unsigned_short_unsigned_char_unsigned_short_i_60|       pointer|
|mxm_execute_ursa_signed_char_unsigned_short_unsigned_char_unsigned_short_i_59         |  out|   32|      ap_vld|  mxm_execute_ursa_signed_char_unsigned_short_unsigned_char_unsigned_short_i_59|       pointer|
|mxm_execute_ursa_signed_char_unsigned_short_unsigned_char_unsigned_short_i_59_ap_vld  |  out|    1|      ap_vld|  mxm_execute_ursa_signed_char_unsigned_short_unsigned_char_unsigned_short_i_59|       pointer|
|mxm_execute_ursa_signed_char_unsigned_short_unsigned_char_unsigned_short_i_58         |  out|   32|      ap_vld|  mxm_execute_ursa_signed_char_unsigned_short_unsigned_char_unsigned_short_i_58|       pointer|
|mxm_execute_ursa_signed_char_unsigned_short_unsigned_char_unsigned_short_i_58_ap_vld  |  out|    1|      ap_vld|  mxm_execute_ursa_signed_char_unsigned_short_unsigned_char_unsigned_short_i_58|       pointer|
|mxm_execute_ursa_signed_char_unsigned_short_unsigned_char_unsigned_short_i_57         |  out|   32|      ap_vld|  mxm_execute_ursa_signed_char_unsigned_short_unsigned_char_unsigned_short_i_57|       pointer|
|mxm_execute_ursa_signed_char_unsigned_short_unsigned_char_unsigned_short_i_57_ap_vld  |  out|    1|      ap_vld|  mxm_execute_ursa_signed_char_unsigned_short_unsigned_char_unsigned_short_i_57|       pointer|
|mxm_execute_ursa_signed_char_unsigned_short_unsigned_char_unsigned_short_i_56         |  out|   32|      ap_vld|  mxm_execute_ursa_signed_char_unsigned_short_unsigned_char_unsigned_short_i_56|       pointer|
|mxm_execute_ursa_signed_char_unsigned_short_unsigned_char_unsigned_short_i_56_ap_vld  |  out|    1|      ap_vld|  mxm_execute_ursa_signed_char_unsigned_short_unsigned_char_unsigned_short_i_56|       pointer|
|mxm_execute_ursa_signed_char_unsigned_short_unsigned_char_unsigned_short_i_55         |  out|   32|      ap_vld|  mxm_execute_ursa_signed_char_unsigned_short_unsigned_char_unsigned_short_i_55|       pointer|
|mxm_execute_ursa_signed_char_unsigned_short_unsigned_char_unsigned_short_i_55_ap_vld  |  out|    1|      ap_vld|  mxm_execute_ursa_signed_char_unsigned_short_unsigned_char_unsigned_short_i_55|       pointer|
|mxm_execute_ursa_signed_char_unsigned_short_unsigned_char_unsigned_short_i_54         |  out|   32|      ap_vld|  mxm_execute_ursa_signed_char_unsigned_short_unsigned_char_unsigned_short_i_54|       pointer|
|mxm_execute_ursa_signed_char_unsigned_short_unsigned_char_unsigned_short_i_54_ap_vld  |  out|    1|      ap_vld|  mxm_execute_ursa_signed_char_unsigned_short_unsigned_char_unsigned_short_i_54|       pointer|
|mxm_execute_ursa_signed_char_unsigned_short_unsigned_char_unsigned_short_i_53         |  out|   32|      ap_vld|  mxm_execute_ursa_signed_char_unsigned_short_unsigned_char_unsigned_short_i_53|       pointer|
|mxm_execute_ursa_signed_char_unsigned_short_unsigned_char_unsigned_short_i_53_ap_vld  |  out|    1|      ap_vld|  mxm_execute_ursa_signed_char_unsigned_short_unsigned_char_unsigned_short_i_53|       pointer|
|mxm_execute_ursa_signed_char_unsigned_short_unsigned_char_unsigned_short_i_52         |  out|   32|      ap_vld|  mxm_execute_ursa_signed_char_unsigned_short_unsigned_char_unsigned_short_i_52|       pointer|
|mxm_execute_ursa_signed_char_unsigned_short_unsigned_char_unsigned_short_i_52_ap_vld  |  out|    1|      ap_vld|  mxm_execute_ursa_signed_char_unsigned_short_unsigned_char_unsigned_short_i_52|       pointer|
|mxm_execute_ursa_signed_char_unsigned_short_unsigned_char_unsigned_short_i_51         |  out|   32|      ap_vld|  mxm_execute_ursa_signed_char_unsigned_short_unsigned_char_unsigned_short_i_51|       pointer|
|mxm_execute_ursa_signed_char_unsigned_short_unsigned_char_unsigned_short_i_51_ap_vld  |  out|    1|      ap_vld|  mxm_execute_ursa_signed_char_unsigned_short_unsigned_char_unsigned_short_i_51|       pointer|
|mxm_execute_ursa_signed_char_unsigned_short_unsigned_char_unsigned_short_i_50         |  out|   32|      ap_vld|  mxm_execute_ursa_signed_char_unsigned_short_unsigned_char_unsigned_short_i_50|       pointer|
|mxm_execute_ursa_signed_char_unsigned_short_unsigned_char_unsigned_short_i_50_ap_vld  |  out|    1|      ap_vld|  mxm_execute_ursa_signed_char_unsigned_short_unsigned_char_unsigned_short_i_50|       pointer|
|mxm_execute_ursa_signed_char_unsigned_short_unsigned_char_unsigned_short_i_49         |  out|   32|      ap_vld|  mxm_execute_ursa_signed_char_unsigned_short_unsigned_char_unsigned_short_i_49|       pointer|
|mxm_execute_ursa_signed_char_unsigned_short_unsigned_char_unsigned_short_i_49_ap_vld  |  out|    1|      ap_vld|  mxm_execute_ursa_signed_char_unsigned_short_unsigned_char_unsigned_short_i_49|       pointer|
|mxm_execute_ursa_signed_char_unsigned_short_unsigned_char_unsigned_short_i_48         |  out|   32|      ap_vld|  mxm_execute_ursa_signed_char_unsigned_short_unsigned_char_unsigned_short_i_48|       pointer|
|mxm_execute_ursa_signed_char_unsigned_short_unsigned_char_unsigned_short_i_48_ap_vld  |  out|    1|      ap_vld|  mxm_execute_ursa_signed_char_unsigned_short_unsigned_char_unsigned_short_i_48|       pointer|
|mxm_execute_ursa_signed_char_unsigned_short_unsigned_char_unsigned_short_i_47         |  out|   32|      ap_vld|  mxm_execute_ursa_signed_char_unsigned_short_unsigned_char_unsigned_short_i_47|       pointer|
|mxm_execute_ursa_signed_char_unsigned_short_unsigned_char_unsigned_short_i_47_ap_vld  |  out|    1|      ap_vld|  mxm_execute_ursa_signed_char_unsigned_short_unsigned_char_unsigned_short_i_47|       pointer|
|mxm_execute_ursa_signed_char_unsigned_short_unsigned_char_unsigned_short_i_46         |  out|   32|      ap_vld|  mxm_execute_ursa_signed_char_unsigned_short_unsigned_char_unsigned_short_i_46|       pointer|
|mxm_execute_ursa_signed_char_unsigned_short_unsigned_char_unsigned_short_i_46_ap_vld  |  out|    1|      ap_vld|  mxm_execute_ursa_signed_char_unsigned_short_unsigned_char_unsigned_short_i_46|       pointer|
|mxm_execute_ursa_signed_char_unsigned_short_unsigned_char_unsigned_short_i_45         |  out|   32|      ap_vld|  mxm_execute_ursa_signed_char_unsigned_short_unsigned_char_unsigned_short_i_45|       pointer|
|mxm_execute_ursa_signed_char_unsigned_short_unsigned_char_unsigned_short_i_45_ap_vld  |  out|    1|      ap_vld|  mxm_execute_ursa_signed_char_unsigned_short_unsigned_char_unsigned_short_i_45|       pointer|
|mxm_execute_ursa_signed_char_unsigned_short_unsigned_char_unsigned_short_i_44         |  out|   32|      ap_vld|  mxm_execute_ursa_signed_char_unsigned_short_unsigned_char_unsigned_short_i_44|       pointer|
|mxm_execute_ursa_signed_char_unsigned_short_unsigned_char_unsigned_short_i_44_ap_vld  |  out|    1|      ap_vld|  mxm_execute_ursa_signed_char_unsigned_short_unsigned_char_unsigned_short_i_44|       pointer|
|mxm_execute_ursa_signed_char_unsigned_short_unsigned_char_unsigned_short_i_43         |  out|   32|      ap_vld|  mxm_execute_ursa_signed_char_unsigned_short_unsigned_char_unsigned_short_i_43|       pointer|
|mxm_execute_ursa_signed_char_unsigned_short_unsigned_char_unsigned_short_i_43_ap_vld  |  out|    1|      ap_vld|  mxm_execute_ursa_signed_char_unsigned_short_unsigned_char_unsigned_short_i_43|       pointer|
|mxm_execute_ursa_signed_char_unsigned_short_unsigned_char_unsigned_short_i_42         |  out|   32|      ap_vld|  mxm_execute_ursa_signed_char_unsigned_short_unsigned_char_unsigned_short_i_42|       pointer|
|mxm_execute_ursa_signed_char_unsigned_short_unsigned_char_unsigned_short_i_42_ap_vld  |  out|    1|      ap_vld|  mxm_execute_ursa_signed_char_unsigned_short_unsigned_char_unsigned_short_i_42|       pointer|
|mxm_execute_ursa_signed_char_unsigned_short_unsigned_char_unsigned_short_i_41         |  out|   32|      ap_vld|  mxm_execute_ursa_signed_char_unsigned_short_unsigned_char_unsigned_short_i_41|       pointer|
|mxm_execute_ursa_signed_char_unsigned_short_unsigned_char_unsigned_short_i_41_ap_vld  |  out|    1|      ap_vld|  mxm_execute_ursa_signed_char_unsigned_short_unsigned_char_unsigned_short_i_41|       pointer|
|mxm_execute_ursa_signed_char_unsigned_short_unsigned_char_unsigned_short_i_40         |  out|   32|      ap_vld|  mxm_execute_ursa_signed_char_unsigned_short_unsigned_char_unsigned_short_i_40|       pointer|
|mxm_execute_ursa_signed_char_unsigned_short_unsigned_char_unsigned_short_i_40_ap_vld  |  out|    1|      ap_vld|  mxm_execute_ursa_signed_char_unsigned_short_unsigned_char_unsigned_short_i_40|       pointer|
|mxm_execute_ursa_signed_char_unsigned_short_unsigned_char_unsigned_short_i_39         |  out|   32|      ap_vld|  mxm_execute_ursa_signed_char_unsigned_short_unsigned_char_unsigned_short_i_39|       pointer|
|mxm_execute_ursa_signed_char_unsigned_short_unsigned_char_unsigned_short_i_39_ap_vld  |  out|    1|      ap_vld|  mxm_execute_ursa_signed_char_unsigned_short_unsigned_char_unsigned_short_i_39|       pointer|
|mxm_execute_ursa_signed_char_unsigned_short_unsigned_char_unsigned_short_i_38         |  out|   32|      ap_vld|  mxm_execute_ursa_signed_char_unsigned_short_unsigned_char_unsigned_short_i_38|       pointer|
|mxm_execute_ursa_signed_char_unsigned_short_unsigned_char_unsigned_short_i_38_ap_vld  |  out|    1|      ap_vld|  mxm_execute_ursa_signed_char_unsigned_short_unsigned_char_unsigned_short_i_38|       pointer|
|mxm_execute_ursa_signed_char_unsigned_short_unsigned_char_unsigned_short_i_37         |  out|   32|      ap_vld|  mxm_execute_ursa_signed_char_unsigned_short_unsigned_char_unsigned_short_i_37|       pointer|
|mxm_execute_ursa_signed_char_unsigned_short_unsigned_char_unsigned_short_i_37_ap_vld  |  out|    1|      ap_vld|  mxm_execute_ursa_signed_char_unsigned_short_unsigned_char_unsigned_short_i_37|       pointer|
|mxm_execute_ursa_signed_char_unsigned_short_unsigned_char_unsigned_short_i_36         |  out|   32|      ap_vld|  mxm_execute_ursa_signed_char_unsigned_short_unsigned_char_unsigned_short_i_36|       pointer|
|mxm_execute_ursa_signed_char_unsigned_short_unsigned_char_unsigned_short_i_36_ap_vld  |  out|    1|      ap_vld|  mxm_execute_ursa_signed_char_unsigned_short_unsigned_char_unsigned_short_i_36|       pointer|
|mxm_execute_ursa_signed_char_unsigned_short_unsigned_char_unsigned_short_i_35         |  out|   32|      ap_vld|  mxm_execute_ursa_signed_char_unsigned_short_unsigned_char_unsigned_short_i_35|       pointer|
|mxm_execute_ursa_signed_char_unsigned_short_unsigned_char_unsigned_short_i_35_ap_vld  |  out|    1|      ap_vld|  mxm_execute_ursa_signed_char_unsigned_short_unsigned_char_unsigned_short_i_35|       pointer|
|mxm_execute_ursa_signed_char_unsigned_short_unsigned_char_unsigned_short_i_34         |  out|   32|      ap_vld|  mxm_execute_ursa_signed_char_unsigned_short_unsigned_char_unsigned_short_i_34|       pointer|
|mxm_execute_ursa_signed_char_unsigned_short_unsigned_char_unsigned_short_i_34_ap_vld  |  out|    1|      ap_vld|  mxm_execute_ursa_signed_char_unsigned_short_unsigned_char_unsigned_short_i_34|       pointer|
|mxm_execute_ursa_signed_char_unsigned_short_unsigned_char_unsigned_short_i_33         |  out|   32|      ap_vld|  mxm_execute_ursa_signed_char_unsigned_short_unsigned_char_unsigned_short_i_33|       pointer|
|mxm_execute_ursa_signed_char_unsigned_short_unsigned_char_unsigned_short_i_33_ap_vld  |  out|    1|      ap_vld|  mxm_execute_ursa_signed_char_unsigned_short_unsigned_char_unsigned_short_i_33|       pointer|
|mxm_execute_ursa_signed_char_unsigned_short_unsigned_char_unsigned_short_i_32         |  out|   32|      ap_vld|  mxm_execute_ursa_signed_char_unsigned_short_unsigned_char_unsigned_short_i_32|       pointer|
|mxm_execute_ursa_signed_char_unsigned_short_unsigned_char_unsigned_short_i_32_ap_vld  |  out|    1|      ap_vld|  mxm_execute_ursa_signed_char_unsigned_short_unsigned_char_unsigned_short_i_32|       pointer|
|mxm_execute_ursa_signed_char_unsigned_short_unsigned_char_unsigned_short_i_31         |  out|   32|      ap_vld|  mxm_execute_ursa_signed_char_unsigned_short_unsigned_char_unsigned_short_i_31|       pointer|
|mxm_execute_ursa_signed_char_unsigned_short_unsigned_char_unsigned_short_i_31_ap_vld  |  out|    1|      ap_vld|  mxm_execute_ursa_signed_char_unsigned_short_unsigned_char_unsigned_short_i_31|       pointer|
|mxm_execute_ursa_signed_char_unsigned_short_unsigned_char_unsigned_short_i_30         |  out|   32|      ap_vld|  mxm_execute_ursa_signed_char_unsigned_short_unsigned_char_unsigned_short_i_30|       pointer|
|mxm_execute_ursa_signed_char_unsigned_short_unsigned_char_unsigned_short_i_30_ap_vld  |  out|    1|      ap_vld|  mxm_execute_ursa_signed_char_unsigned_short_unsigned_char_unsigned_short_i_30|       pointer|
|mxm_execute_ursa_signed_char_unsigned_short_unsigned_char_unsigned_short_i_29         |  out|   32|      ap_vld|  mxm_execute_ursa_signed_char_unsigned_short_unsigned_char_unsigned_short_i_29|       pointer|
|mxm_execute_ursa_signed_char_unsigned_short_unsigned_char_unsigned_short_i_29_ap_vld  |  out|    1|      ap_vld|  mxm_execute_ursa_signed_char_unsigned_short_unsigned_char_unsigned_short_i_29|       pointer|
|mxm_execute_ursa_signed_char_unsigned_short_unsigned_char_unsigned_short_i_28         |  out|   32|      ap_vld|  mxm_execute_ursa_signed_char_unsigned_short_unsigned_char_unsigned_short_i_28|       pointer|
|mxm_execute_ursa_signed_char_unsigned_short_unsigned_char_unsigned_short_i_28_ap_vld  |  out|    1|      ap_vld|  mxm_execute_ursa_signed_char_unsigned_short_unsigned_char_unsigned_short_i_28|       pointer|
|mxm_execute_ursa_signed_char_unsigned_short_unsigned_char_unsigned_short_i_27         |  out|   32|      ap_vld|  mxm_execute_ursa_signed_char_unsigned_short_unsigned_char_unsigned_short_i_27|       pointer|
|mxm_execute_ursa_signed_char_unsigned_short_unsigned_char_unsigned_short_i_27_ap_vld  |  out|    1|      ap_vld|  mxm_execute_ursa_signed_char_unsigned_short_unsigned_char_unsigned_short_i_27|       pointer|
|mxm_execute_ursa_signed_char_unsigned_short_unsigned_char_unsigned_short_i_26         |  out|   32|      ap_vld|  mxm_execute_ursa_signed_char_unsigned_short_unsigned_char_unsigned_short_i_26|       pointer|
|mxm_execute_ursa_signed_char_unsigned_short_unsigned_char_unsigned_short_i_26_ap_vld  |  out|    1|      ap_vld|  mxm_execute_ursa_signed_char_unsigned_short_unsigned_char_unsigned_short_i_26|       pointer|
|mxm_execute_ursa_signed_char_unsigned_short_unsigned_char_unsigned_short_i_25         |  out|   32|      ap_vld|  mxm_execute_ursa_signed_char_unsigned_short_unsigned_char_unsigned_short_i_25|       pointer|
|mxm_execute_ursa_signed_char_unsigned_short_unsigned_char_unsigned_short_i_25_ap_vld  |  out|    1|      ap_vld|  mxm_execute_ursa_signed_char_unsigned_short_unsigned_char_unsigned_short_i_25|       pointer|
|mxm_execute_ursa_signed_char_unsigned_short_unsigned_char_unsigned_short_i_24         |  out|   32|      ap_vld|  mxm_execute_ursa_signed_char_unsigned_short_unsigned_char_unsigned_short_i_24|       pointer|
|mxm_execute_ursa_signed_char_unsigned_short_unsigned_char_unsigned_short_i_24_ap_vld  |  out|    1|      ap_vld|  mxm_execute_ursa_signed_char_unsigned_short_unsigned_char_unsigned_short_i_24|       pointer|
|mxm_execute_ursa_signed_char_unsigned_short_unsigned_char_unsigned_short_i_23         |  out|   32|      ap_vld|  mxm_execute_ursa_signed_char_unsigned_short_unsigned_char_unsigned_short_i_23|       pointer|
|mxm_execute_ursa_signed_char_unsigned_short_unsigned_char_unsigned_short_i_23_ap_vld  |  out|    1|      ap_vld|  mxm_execute_ursa_signed_char_unsigned_short_unsigned_char_unsigned_short_i_23|       pointer|
|mxm_execute_ursa_signed_char_unsigned_short_unsigned_char_unsigned_short_i_22         |  out|   32|      ap_vld|  mxm_execute_ursa_signed_char_unsigned_short_unsigned_char_unsigned_short_i_22|       pointer|
|mxm_execute_ursa_signed_char_unsigned_short_unsigned_char_unsigned_short_i_22_ap_vld  |  out|    1|      ap_vld|  mxm_execute_ursa_signed_char_unsigned_short_unsigned_char_unsigned_short_i_22|       pointer|
|mxm_execute_ursa_signed_char_unsigned_short_unsigned_char_unsigned_short_i_21         |  out|   32|      ap_vld|  mxm_execute_ursa_signed_char_unsigned_short_unsigned_char_unsigned_short_i_21|       pointer|
|mxm_execute_ursa_signed_char_unsigned_short_unsigned_char_unsigned_short_i_21_ap_vld  |  out|    1|      ap_vld|  mxm_execute_ursa_signed_char_unsigned_short_unsigned_char_unsigned_short_i_21|       pointer|
|mxm_execute_ursa_signed_char_unsigned_short_unsigned_char_unsigned_short_i_20         |  out|   32|      ap_vld|  mxm_execute_ursa_signed_char_unsigned_short_unsigned_char_unsigned_short_i_20|       pointer|
|mxm_execute_ursa_signed_char_unsigned_short_unsigned_char_unsigned_short_i_20_ap_vld  |  out|    1|      ap_vld|  mxm_execute_ursa_signed_char_unsigned_short_unsigned_char_unsigned_short_i_20|       pointer|
|mxm_execute_ursa_signed_char_unsigned_short_unsigned_char_unsigned_short_i_19         |  out|   32|      ap_vld|  mxm_execute_ursa_signed_char_unsigned_short_unsigned_char_unsigned_short_i_19|       pointer|
|mxm_execute_ursa_signed_char_unsigned_short_unsigned_char_unsigned_short_i_19_ap_vld  |  out|    1|      ap_vld|  mxm_execute_ursa_signed_char_unsigned_short_unsigned_char_unsigned_short_i_19|       pointer|
|mxm_execute_ursa_signed_char_unsigned_short_unsigned_char_unsigned_short_i_18         |  out|   32|      ap_vld|  mxm_execute_ursa_signed_char_unsigned_short_unsigned_char_unsigned_short_i_18|       pointer|
|mxm_execute_ursa_signed_char_unsigned_short_unsigned_char_unsigned_short_i_18_ap_vld  |  out|    1|      ap_vld|  mxm_execute_ursa_signed_char_unsigned_short_unsigned_char_unsigned_short_i_18|       pointer|
|mxm_execute_ursa_signed_char_unsigned_short_unsigned_char_unsigned_short_i_17         |  out|   32|      ap_vld|  mxm_execute_ursa_signed_char_unsigned_short_unsigned_char_unsigned_short_i_17|       pointer|
|mxm_execute_ursa_signed_char_unsigned_short_unsigned_char_unsigned_short_i_17_ap_vld  |  out|    1|      ap_vld|  mxm_execute_ursa_signed_char_unsigned_short_unsigned_char_unsigned_short_i_17|       pointer|
|mxm_execute_ursa_signed_char_unsigned_short_unsigned_char_unsigned_short_i_16         |  out|   32|      ap_vld|  mxm_execute_ursa_signed_char_unsigned_short_unsigned_char_unsigned_short_i_16|       pointer|
|mxm_execute_ursa_signed_char_unsigned_short_unsigned_char_unsigned_short_i_16_ap_vld  |  out|    1|      ap_vld|  mxm_execute_ursa_signed_char_unsigned_short_unsigned_char_unsigned_short_i_16|       pointer|
|mxm_execute_ursa_signed_char_unsigned_short_unsigned_char_unsigned_short_i_15         |  out|   32|      ap_vld|  mxm_execute_ursa_signed_char_unsigned_short_unsigned_char_unsigned_short_i_15|       pointer|
|mxm_execute_ursa_signed_char_unsigned_short_unsigned_char_unsigned_short_i_15_ap_vld  |  out|    1|      ap_vld|  mxm_execute_ursa_signed_char_unsigned_short_unsigned_char_unsigned_short_i_15|       pointer|
|mxm_execute_ursa_signed_char_unsigned_short_unsigned_char_unsigned_short_i_14         |  out|   32|      ap_vld|  mxm_execute_ursa_signed_char_unsigned_short_unsigned_char_unsigned_short_i_14|       pointer|
|mxm_execute_ursa_signed_char_unsigned_short_unsigned_char_unsigned_short_i_14_ap_vld  |  out|    1|      ap_vld|  mxm_execute_ursa_signed_char_unsigned_short_unsigned_char_unsigned_short_i_14|       pointer|
|mxm_execute_ursa_signed_char_unsigned_short_unsigned_char_unsigned_short_i_13         |  out|   32|      ap_vld|  mxm_execute_ursa_signed_char_unsigned_short_unsigned_char_unsigned_short_i_13|       pointer|
|mxm_execute_ursa_signed_char_unsigned_short_unsigned_char_unsigned_short_i_13_ap_vld  |  out|    1|      ap_vld|  mxm_execute_ursa_signed_char_unsigned_short_unsigned_char_unsigned_short_i_13|       pointer|
|mxm_execute_ursa_signed_char_unsigned_short_unsigned_char_unsigned_short_i_12         |  out|   32|      ap_vld|  mxm_execute_ursa_signed_char_unsigned_short_unsigned_char_unsigned_short_i_12|       pointer|
|mxm_execute_ursa_signed_char_unsigned_short_unsigned_char_unsigned_short_i_12_ap_vld  |  out|    1|      ap_vld|  mxm_execute_ursa_signed_char_unsigned_short_unsigned_char_unsigned_short_i_12|       pointer|
|mxm_execute_ursa_signed_char_unsigned_short_unsigned_char_unsigned_short_i_11         |  out|   32|      ap_vld|  mxm_execute_ursa_signed_char_unsigned_short_unsigned_char_unsigned_short_i_11|       pointer|
|mxm_execute_ursa_signed_char_unsigned_short_unsigned_char_unsigned_short_i_11_ap_vld  |  out|    1|      ap_vld|  mxm_execute_ursa_signed_char_unsigned_short_unsigned_char_unsigned_short_i_11|       pointer|
|mxm_execute_ursa_signed_char_unsigned_short_unsigned_char_unsigned_short_i_10         |  out|   32|      ap_vld|  mxm_execute_ursa_signed_char_unsigned_short_unsigned_char_unsigned_short_i_10|       pointer|
|mxm_execute_ursa_signed_char_unsigned_short_unsigned_char_unsigned_short_i_10_ap_vld  |  out|    1|      ap_vld|  mxm_execute_ursa_signed_char_unsigned_short_unsigned_char_unsigned_short_i_10|       pointer|
|mxm_execute_ursa_signed_char_unsigned_short_unsigned_char_unsigned_short_i_9          |  out|   32|      ap_vld|   mxm_execute_ursa_signed_char_unsigned_short_unsigned_char_unsigned_short_i_9|       pointer|
|mxm_execute_ursa_signed_char_unsigned_short_unsigned_char_unsigned_short_i_9_ap_vld   |  out|    1|      ap_vld|   mxm_execute_ursa_signed_char_unsigned_short_unsigned_char_unsigned_short_i_9|       pointer|
|mxm_execute_ursa_signed_char_unsigned_short_unsigned_char_unsigned_short_i_8          |  out|   32|      ap_vld|   mxm_execute_ursa_signed_char_unsigned_short_unsigned_char_unsigned_short_i_8|       pointer|
|mxm_execute_ursa_signed_char_unsigned_short_unsigned_char_unsigned_short_i_8_ap_vld   |  out|    1|      ap_vld|   mxm_execute_ursa_signed_char_unsigned_short_unsigned_char_unsigned_short_i_8|       pointer|
|mxm_execute_ursa_signed_char_unsigned_short_unsigned_char_unsigned_short_i_7          |  out|   32|      ap_vld|   mxm_execute_ursa_signed_char_unsigned_short_unsigned_char_unsigned_short_i_7|       pointer|
|mxm_execute_ursa_signed_char_unsigned_short_unsigned_char_unsigned_short_i_7_ap_vld   |  out|    1|      ap_vld|   mxm_execute_ursa_signed_char_unsigned_short_unsigned_char_unsigned_short_i_7|       pointer|
|mxm_execute_ursa_signed_char_unsigned_short_unsigned_char_unsigned_short_i_6          |  out|   32|      ap_vld|   mxm_execute_ursa_signed_char_unsigned_short_unsigned_char_unsigned_short_i_6|       pointer|
|mxm_execute_ursa_signed_char_unsigned_short_unsigned_char_unsigned_short_i_6_ap_vld   |  out|    1|      ap_vld|   mxm_execute_ursa_signed_char_unsigned_short_unsigned_char_unsigned_short_i_6|       pointer|
|mxm_execute_ursa_signed_char_unsigned_short_unsigned_char_unsigned_short_i_5          |  out|   32|      ap_vld|   mxm_execute_ursa_signed_char_unsigned_short_unsigned_char_unsigned_short_i_5|       pointer|
|mxm_execute_ursa_signed_char_unsigned_short_unsigned_char_unsigned_short_i_5_ap_vld   |  out|    1|      ap_vld|   mxm_execute_ursa_signed_char_unsigned_short_unsigned_char_unsigned_short_i_5|       pointer|
|mxm_execute_ursa_signed_char_unsigned_short_unsigned_char_unsigned_short_i_4          |  out|   32|      ap_vld|   mxm_execute_ursa_signed_char_unsigned_short_unsigned_char_unsigned_short_i_4|       pointer|
|mxm_execute_ursa_signed_char_unsigned_short_unsigned_char_unsigned_short_i_4_ap_vld   |  out|    1|      ap_vld|   mxm_execute_ursa_signed_char_unsigned_short_unsigned_char_unsigned_short_i_4|       pointer|
|mxm_execute_ursa_signed_char_unsigned_short_unsigned_char_unsigned_short_i_3          |  out|   32|      ap_vld|   mxm_execute_ursa_signed_char_unsigned_short_unsigned_char_unsigned_short_i_3|       pointer|
|mxm_execute_ursa_signed_char_unsigned_short_unsigned_char_unsigned_short_i_3_ap_vld   |  out|    1|      ap_vld|   mxm_execute_ursa_signed_char_unsigned_short_unsigned_char_unsigned_short_i_3|       pointer|
|mxm_execute_ursa_signed_char_unsigned_short_unsigned_char_unsigned_short_i_2          |  out|   32|      ap_vld|   mxm_execute_ursa_signed_char_unsigned_short_unsigned_char_unsigned_short_i_2|       pointer|
|mxm_execute_ursa_signed_char_unsigned_short_unsigned_char_unsigned_short_i_2_ap_vld   |  out|    1|      ap_vld|   mxm_execute_ursa_signed_char_unsigned_short_unsigned_char_unsigned_short_i_2|       pointer|
|mxm_execute_ursa_signed_char_unsigned_short_unsigned_char_unsigned_short_i_1          |  out|   32|      ap_vld|   mxm_execute_ursa_signed_char_unsigned_short_unsigned_char_unsigned_short_i_1|       pointer|
|mxm_execute_ursa_signed_char_unsigned_short_unsigned_char_unsigned_short_i_1_ap_vld   |  out|    1|      ap_vld|   mxm_execute_ursa_signed_char_unsigned_short_unsigned_char_unsigned_short_i_1|       pointer|
|mxm_execute_ursa_signed_char_unsigned_short_unsigned_char_unsigned_short_i            |  out|   32|      ap_vld|     mxm_execute_ursa_signed_char_unsigned_short_unsigned_char_unsigned_short_i|       pointer|
|mxm_execute_ursa_signed_char_unsigned_short_unsigned_char_unsigned_short_i_ap_vld     |  out|    1|      ap_vld|     mxm_execute_ursa_signed_char_unsigned_short_unsigned_char_unsigned_short_i|       pointer|
+--------------------------------------------------------------------------------------+-----+-----+------------+-------------------------------------------------------------------------------+--------------+

