Copyright 1986-2022 Xilinx, Inc. All Rights Reserved. Copyright 2022-2023 Advanced Micro Devices, Inc. All Rights Reserved.
---------------------------------------------------------------------------------------------------------------------------------------------
| Tool Version : Vivado v.2023.2 (lin64) Build 4029153 Fri Oct 13 20:13:54 MDT 2023
| Date         : Wed Jul  8 16:49:34 2026
| Host         : 67221-1 running 64-bit Ubuntu 22.04.5 LTS
| Command      : upgrade_ip
| Device       : xc7z020clg484-1
---------------------------------------------------------------------------------------------------------------------------------------------

Upgrade Log for IP 'ursa_vanilla_mxm_execute_ursa_0_0'

1. Summary
----------

SUCCESS in the upgrade of ursa_vanilla_mxm_execute_ursa_0_0 (xilinx.com:hls:mxm_execute_ursa:1.0) from (Rev. 2114687918) to (Rev. 2114687929)






Copyright 1986-2022 Xilinx, Inc. All Rights Reserved. Copyright 2022-2023 Advanced Micro Devices, Inc. All Rights Reserved.
---------------------------------------------------------------------------------------------------------------------------------------------
| Tool Version : Vivado v.2023.2 (lin64) Build 4029153 Fri Oct 13 20:13:54 MDT 2023
| Date         : Wed Jul  8 16:38:47 2026
| Host         : 67221-1 running 64-bit Ubuntu 22.04.5 LTS
| Command      : upgrade_ip
| Device       : xc7z020clg484-1
---------------------------------------------------------------------------------------------------------------------------------------------

Upgrade Log for IP 'ursa_vanilla_mxm_execute_ursa_0_0'

1. Summary
----------

SUCCESS in the upgrade of ursa_vanilla_mxm_execute_ursa_0_0 (xilinx.com:hls:mxm_execute_ursa:1.0) from (Rev. 2114687906) to (Rev. 2114687918)






Copyright 1986-2022 Xilinx, Inc. All Rights Reserved. Copyright 2022-2023 Advanced Micro Devices, Inc. All Rights Reserved.
---------------------------------------------------------------------------------------------------------------------------------------------
| Tool Version : Vivado v.2023.2 (lin64) Build 4029153 Fri Oct 13 20:13:54 MDT 2023
| Date         : Wed Jul  8 16:27:15 2026
| Host         : 67221-1 running 64-bit Ubuntu 22.04.5 LTS
| Command      : upgrade_ip
| Device       : xc7z020clg484-1
---------------------------------------------------------------------------------------------------------------------------------------------

Upgrade Log for IP 'ursa_vanilla_mxm_execute_ursa_0_0'

1. Summary
----------

SUCCESS in the upgrade of ursa_vanilla_mxm_execute_ursa_0_0 (xilinx.com:hls:mxm_execute_ursa:1.0) from (Rev. 2114687905) to (Rev. 2114687906)






Copyright 1986-2022 Xilinx, Inc. All Rights Reserved. Copyright 2022-2023 Advanced Micro Devices, Inc. All Rights Reserved.
---------------------------------------------------------------------------------------------------------------------------------------------
| Tool Version : Vivado v.2023.2 (lin64) Build 4029153 Fri Oct 13 20:13:54 MDT 2023
| Date         : Wed Jul  8 16:26:12 2026
| Host         : 67221-1 running 64-bit Ubuntu 22.04.5 LTS
| Command      : upgrade_ip
| Device       : xc7z020clg484-1
---------------------------------------------------------------------------------------------------------------------------------------------

Upgrade Log for IP 'ursa_vanilla_mxm_execute_ursa_0_0'

1. Summary
----------

SUCCESS in the upgrade of ursa_vanilla_mxm_execute_ursa_0_0 (xilinx.com:hls:mxm_execute_ursa:1.0) from (Rev. 2114687866) to (Rev. 2114687905)






Copyright 1986-2022 Xilinx, Inc. All Rights Reserved. Copyright 2022-2023 Advanced Micro Devices, Inc. All Rights Reserved.
---------------------------------------------------------------------------------------------------------------------------------------------
| Tool Version : Vivado v.2023.2 (lin64) Build 4029153 Fri Oct 13 20:13:54 MDT 2023
| Date         : Wed Jul  8 15:49:39 2026
| Host         : 67221-1 running 64-bit Ubuntu 22.04.5 LTS
| Command      : upgrade_ip
| Device       : xc7z020clg484-1
---------------------------------------------------------------------------------------------------------------------------------------------

Upgrade Log for IP 'ursa_vanilla_mxm_execute_ursa_0_0'

1. Summary
----------

SUCCESS in the upgrade of ursa_vanilla_mxm_execute_ursa_0_0 (xilinx.com:hls:mxm_execute_ursa:1.0) from (Rev. 2114686100) to (Rev. 2114687866)






Copyright 1986-2022 Xilinx, Inc. All Rights Reserved. Copyright 2022-2023 Advanced Micro Devices, Inc. All Rights Reserved.
---------------------------------------------------------------------------------------------------------------------------------------------
| Tool Version : Vivado v.2023.2 (lin64) Build 4029153 Fri Oct 13 20:13:54 MDT 2023
| Date         : Wed Jul  8 14:27:15 2026
| Host         : 67221-1 running 64-bit Ubuntu 22.04.5 LTS
| Command      : upgrade_ip
| Device       : xc7z020clg484-1
---------------------------------------------------------------------------------------------------------------------------------------------

Upgrade Log for IP 'ursa_vanilla_mxm_execute_ursa_0_0'

1. Summary
----------

SUCCESS in the upgrade of ursa_vanilla_mxm_execute_ursa_0_0 (xilinx.com:hls:mxm_execute_ursa:1.0) from (Rev. 2114635964) to (Rev. 2114686100)

