INFO: [vitis-run 60-1548] Creating build summary session with primary output /home/fi/Documents/GitHub/ursa/exp/vitis/hls_ursa/hls_ursa/hls_ursa.hlsrun_csim_summary, at Wed Jul  8 15:38:02 2026
INFO: [vitis-run 82-31] Launching vitis_hls: vitis_hls -nolog -run csim -work_dir /home/fi/Documents/GitHub/ursa/exp/vitis/hls_ursa/hls_ursa -config /home/fi/Documents/GitHub/ursa/exp/vitis/hls_ursa/hls_config.cfg -cmdlineconfig /home/fi/Documents/GitHub/ursa/exp/vitis/hls_ursa/hls_ursa/hls/config.cmdline

****** Vitis HLS - High-Level Synthesis from C, C++ and OpenCL v2023.2 (64-bit)
  **** SW Build 4023990 on Oct 11 2023
  **** IP Build 4028589 on Sat Oct 14 00:45:43 MDT 2023
  **** SharedData Build 4025554 on Tue Oct 10 17:18:54 MDT 2023
    ** Copyright 1986-2022 Xilinx, Inc. All Rights Reserved.
    ** Copyright 2022-2023 Advanced Micro Devices, Inc. All Rights Reserved.

source /opt/Xilinx/Vitis_HLS/2023.2/scripts/vitis_hls/hls.tcl -notrace
INFO: [HLS 200-10] Running '/opt/Xilinx/Vitis_HLS/2023.2/bin/unwrapped/lnx64.o/vitis_hls'
INFO: [HLS 200-10] For user 'fi' on host '67221-1' (Linux_x86_64 version 6.8.0-124-generic) on Wed Jul 08 15:38:03 -03 2026
INFO: [HLS 200-10] On os Ubuntu 22.04.5 LTS
INFO: [HLS 200-10] In directory '/home/fi/Documents/GitHub/ursa/exp/vitis/hls_ursa'
INFO: [HLS 200-1909] Reading HLS ini file /home/fi/Documents/GitHub/ursa/exp/vitis/hls_ursa/hls_config.cfg
INFO: [HLS 200-1909] Reading HLS ini file /home/fi/Documents/GitHub/ursa/exp/vitis/hls_ursa/hls_ursa/hls/config.cmdline
INFO: [HLS 200-2005] Using work_dir /home/fi/Documents/GitHub/ursa/exp/vitis/hls_ursa/hls_ursa 
INFO: [HLS 200-1510] Running: open_project /home/fi/Documents/GitHub/ursa/exp/vitis/hls_ursa/hls_ursa -diskless 
INFO: [HLS 200-1510] Running: open_solution hls 
INFO: [HLS 200-1505] Using default flow_target 'vivado'
Resolution: For help on HLS 200-1505 see docs.xilinx.com/access/sources/dita/topic?Doc_Version=2023.2%20English&url=ug1448-hls-guidance&resourceid=200-1505.html
INFO: [HLS 200-1510] Running: apply_ini /home/fi/Documents/GitHub/ursa/exp/vitis/hls_ursa/hls_config.cfg 
INFO: [HLS 200-1909] Reading HLS ini file /home/fi/Documents/GitHub/ursa/exp/vitis/hls_ursa/hls_config.cfg
INFO: [HLS 200-1465] Applying ini 'syn.file=/home/fi/Documents/GitHub/ursa/src/labft/labft.h' at /home/fi/Documents/GitHub/ursa/exp/vitis/hls_ursa/hls_config.cfg(7)
INFO: [HLS 200-10] Adding design file '/home/fi/Documents/GitHub/ursa/src/labft/labft.h' to the project
INFO: [HLS 200-1465] Applying ini 'syn.file=/home/fi/Documents/GitHub/ursa/src/labft/labft.cpp' at /home/fi/Documents/GitHub/ursa/exp/vitis/hls_ursa/hls_config.cfg(8)
INFO: [HLS 200-10] Adding design file '/home/fi/Documents/GitHub/ursa/src/labft/labft.cpp' to the project
INFO: [HLS 200-1465] Applying ini 'syn.file=/home/fi/Documents/GitHub/ursa/src/im2col/im2col.h' at /home/fi/Documents/GitHub/ursa/exp/vitis/hls_ursa/hls_config.cfg(9)
INFO: [HLS 200-10] Adding design file '/home/fi/Documents/GitHub/ursa/src/im2col/im2col.h' to the project
INFO: [HLS 200-1465] Applying ini 'syn.file=/home/fi/Documents/GitHub/ursa/src/im2col/im2col.cpp' at /home/fi/Documents/GitHub/ursa/exp/vitis/hls_ursa/hls_config.cfg(10)
INFO: [HLS 200-10] Adding design file '/home/fi/Documents/GitHub/ursa/src/im2col/im2col.cpp' to the project
INFO: [HLS 200-1465] Applying ini 'syn.file=/home/fi/Documents/GitHub/ursa/src/core/shell.h' at /home/fi/Documents/GitHub/ursa/exp/vitis/hls_ursa/hls_config.cfg(11)
INFO: [HLS 200-10] Adding design file '/home/fi/Documents/GitHub/ursa/src/core/shell.h' to the project
INFO: [HLS 200-1465] Applying ini 'syn.file=/home/fi/Documents/GitHub/ursa/src/core/shell.cpp' at /home/fi/Documents/GitHub/ursa/exp/vitis/hls_ursa/hls_config.cfg(12)
INFO: [HLS 200-10] Adding design file '/home/fi/Documents/GitHub/ursa/src/core/shell.cpp' to the project
INFO: [HLS 200-1465] Applying ini 'syn.file=/home/fi/Documents/GitHub/ursa/src/core/sa.h' at /home/fi/Documents/GitHub/ursa/exp/vitis/hls_ursa/hls_config.cfg(13)
INFO: [HLS 200-10] Adding design file '/home/fi/Documents/GitHub/ursa/src/core/sa.h' to the project
INFO: [HLS 200-1465] Applying ini 'syn.file=/home/fi/Documents/GitHub/ursa/src/core/sa.cpp' at /home/fi/Documents/GitHub/ursa/exp/vitis/hls_ursa/hls_config.cfg(14)
INFO: [HLS 200-10] Adding design file '/home/fi/Documents/GitHub/ursa/src/core/sa.cpp' to the project
INFO: [HLS 200-1465] Applying ini 'syn.file=/home/fi/Documents/GitHub/ursa/src/core/pe.h' at /home/fi/Documents/GitHub/ursa/exp/vitis/hls_ursa/hls_config.cfg(15)
INFO: [HLS 200-10] Adding design file '/home/fi/Documents/GitHub/ursa/src/core/pe.h' to the project
INFO: [HLS 200-1465] Applying ini 'syn.file=/home/fi/Documents/GitHub/ursa/src/core/pe.cpp' at /home/fi/Documents/GitHub/ursa/exp/vitis/hls_ursa/hls_config.cfg(16)
INFO: [HLS 200-10] Adding design file '/home/fi/Documents/GitHub/ursa/src/core/pe.cpp' to the project
INFO: [HLS 200-1465] Applying ini 'syn.file=/home/fi/Documents/GitHub/ursa/src/settings.h' at /home/fi/Documents/GitHub/ursa/exp/vitis/hls_ursa/hls_config.cfg(17)
INFO: [HLS 200-10] Adding design file '/home/fi/Documents/GitHub/ursa/src/settings.h' to the project
INFO: [HLS 200-1465] Applying ini 'tb.file=/home/fi/Documents/GitHub/ursa/tb/cnn/tb_main.cpp' at /home/fi/Documents/GitHub/ursa/exp/vitis/hls_ursa/hls_config.cfg(18)
INFO: [HLS 200-10] Adding test bench file '/home/fi/Documents/GitHub/ursa/tb/cnn/tb_main.cpp' to the project
INFO: [HLS 200-1465] Applying ini 'tb.file=/home/fi/Documents/GitHub/ursa/tb/cnn/utils.h' at /home/fi/Documents/GitHub/ursa/exp/vitis/hls_ursa/hls_config.cfg(19)
INFO: [HLS 200-10] Adding test bench file '/home/fi/Documents/GitHub/ursa/tb/cnn/utils.h' to the project
INFO: [HLS 200-1465] Applying ini 'tb.file=/home/fi/Documents/GitHub/ursa/tb/cnn/utils.cpp' at /home/fi/Documents/GitHub/ursa/exp/vitis/hls_ursa/hls_config.cfg(20)
INFO: [HLS 200-10] Adding test bench file '/home/fi/Documents/GitHub/ursa/tb/cnn/utils.cpp' to the project
INFO: [HLS 200-1465] Applying ini 'tb.file=/home/fi/Documents/GitHub/ursa/tb/cnn/ursa_math.h' at /home/fi/Documents/GitHub/ursa/exp/vitis/hls_ursa/hls_config.cfg(21)
INFO: [HLS 200-10] Adding test bench file '/home/fi/Documents/GitHub/ursa/tb/cnn/ursa_math.h' to the project
INFO: [HLS 200-1465] Applying ini 'tb.file=/home/fi/Documents/GitHub/ursa/tb/cnn/ursa_math.cpp' at /home/fi/Documents/GitHub/ursa/exp/vitis/hls_ursa/hls_config.cfg(22)
INFO: [HLS 200-10] Adding test bench file '/home/fi/Documents/GitHub/ursa/tb/cnn/ursa_math.cpp' to the project
INFO: [HLS 200-1465] Applying ini 'tb.file=/home/fi/Documents/GitHub/ursa/tb/cnn/cnn_weights_qonnx_t3w8.cpp' at /home/fi/Documents/GitHub/ursa/exp/vitis/hls_ursa/hls_config.cfg(23)
INFO: [HLS 200-10] Adding test bench file '/home/fi/Documents/GitHub/ursa/tb/cnn/cnn_weights_qonnx_t3w8.cpp' to the project
INFO: [HLS 200-1465] Applying ini 'tb.file=/home/fi/Documents/GitHub/ursa/tb/cnn/cnn_weights.h' at /home/fi/Documents/GitHub/ursa/exp/vitis/hls_ursa/hls_config.cfg(24)
INFO: [HLS 200-10] Adding test bench file '/home/fi/Documents/GitHub/ursa/tb/cnn/cnn_weights.h' to the project
INFO: [HLS 200-1465] Applying ini 'tb.file=/home/fi/Documents/GitHub/ursa/tb/cnn/cnn_network.h' at /home/fi/Documents/GitHub/ursa/exp/vitis/hls_ursa/hls_config.cfg(25)
INFO: [HLS 200-10] Adding test bench file '/home/fi/Documents/GitHub/ursa/tb/cnn/cnn_network.h' to the project
INFO: [HLS 200-1465] Applying ini 'tb.file=/home/fi/Documents/GitHub/ursa/tb/cnn/cnn_eval_images_hwc_8_8_18.cpp' at /home/fi/Documents/GitHub/ursa/exp/vitis/hls_ursa/hls_config.cfg(26)
INFO: [HLS 200-10] Adding test bench file '/home/fi/Documents/GitHub/ursa/tb/cnn/cnn_eval_images_hwc_8_8_18.cpp' to the project
INFO: [HLS 200-1465] Applying ini 'tb.file=/home/fi/Documents/GitHub/ursa/tb/cnn/cnn_eval_images.h' at /home/fi/Documents/GitHub/ursa/exp/vitis/hls_ursa/hls_config.cfg(27)
INFO: [HLS 200-10] Adding test bench file '/home/fi/Documents/GitHub/ursa/tb/cnn/cnn_eval_images.h' to the project
INFO: [HLS 200-1465] Applying ini 'tb.file=/home/fi/Documents/GitHub/ursa/tb/cnn/cnn_conv_engine.h' at /home/fi/Documents/GitHub/ursa/exp/vitis/hls_ursa/hls_config.cfg(28)
INFO: [HLS 200-10] Adding test bench file '/home/fi/Documents/GitHub/ursa/tb/cnn/cnn_conv_engine.h' to the project
INFO: [HLS 200-1465] Applying ini 'tb.file=/home/fi/Documents/GitHub/ursa/tb/cnn/cnn_conv_engine.cpp' at /home/fi/Documents/GitHub/ursa/exp/vitis/hls_ursa/hls_config.cfg(29)
INFO: [HLS 200-10] Adding test bench file '/home/fi/Documents/GitHub/ursa/tb/cnn/cnn_conv_engine.cpp' to the project
INFO: [HLS 200-1465] Applying ini 'syn.top=mxm_execute_ursa' at /home/fi/Documents/GitHub/ursa/exp/vitis/hls_ursa/hls_config.cfg(30)
INFO: [HLS 200-1465] Applying ini 'flow_target=vivado' at /home/fi/Documents/GitHub/ursa/exp/vitis/hls_ursa/hls_config.cfg(4)
INFO: [HLS 200-1505] Using flow_target 'vivado'
Resolution: For help on HLS 200-1505 see docs.xilinx.com/access/sources/dita/topic?Doc_Version=2023.2%20English&url=ug1448-hls-guidance&resourceid=200-1505.html
INFO: [HLS 200-1465] Applying ini 'part=xc7z020clg484-1' at /home/fi/Documents/GitHub/ursa/exp/vitis/hls_ursa/hls_config.cfg(1)
INFO: [HLS 200-1611] Setting target device to 'xc7z020-clg484-1'
INFO: [HLS 200-1465] Applying ini 'clock=10ns' at /home/fi/Documents/GitHub/ursa/exp/vitis/hls_ursa/hls_config.cfg(31)
INFO: [SYN 201-201] Setting up clock 'default' with a period of 10ns.
INFO: [HLS 200-1465] Applying ini 'package.ip.display_name=ursa_vanilla_8x8' at /home/fi/Documents/GitHub/ursa/exp/vitis/hls_ursa/hls_config.cfg(34)
INFO: [HLS 200-1465] Applying ini 'package.output.format=ip_catalog' at /home/fi/Documents/GitHub/ursa/exp/vitis/hls_ursa/hls_config.cfg(5)
INFO: [HLS 200-1465] Applying ini 'syn.interface.m_axi_addr64=0' at /home/fi/Documents/GitHub/ursa/exp/vitis/hls_ursa/hls_config.cfg(33)
INFO: [HLS 200-1465] Applying ini 'syn.interface.m_axi_max_bitwidth=32' at /home/fi/Documents/GitHub/ursa/exp/vitis/hls_ursa/hls_config.cfg(32)
INFO: [HLS 200-1510] Running: apply_ini /home/fi/Documents/GitHub/ursa/exp/vitis/hls_ursa/hls_ursa/hls/config.cmdline 
INFO: [HLS 200-1909] Reading HLS ini file /home/fi/Documents/GitHub/ursa/exp/vitis/hls_ursa/hls_ursa/hls/config.cmdline
INFO: [HLS 200-1510] Running: csim_design 
INFO: [SIM 211-2] *************** CSIM start ***************
INFO: [SIM 211-4] CSIM will launch GCC as the compiler.
INFO: [HLS 200-2036] Building debug C Simulation binaries
make: 'csim.exe' is up to date.
V3= i 0 I 6223 g 5 n 5 450 0 0 0 871 3032
V3= i 1 I 73380 g 2 n 2 256 1823 2846 1881 1378 1
V3= i 2 I 6744 g 4 n 4 577 703 52 49 1689 0
V3= i 3 I 66768 g 3 n 3 102 1341 472 1928 846 18
V3= i 4 I 79150 g 0 n 0 2855 804 405 259 1467 243
V3= i 5 I 71196 g 0 n 0 2213 1163 135 272 1073 6
V3= i 6 I 76951 g 1 n 1 0 3096 2239 2324 1961 0
V3= i 7 I 19251 g 1 n 1 778 3087 1518 2035 1357 0
V3= i 8 I 1945 g 3 n 3 41 1316 605 1710 884 0
V3= i 9 I 38276 g 3 n 3 85 1699 580 1973 865 0
V3= i 10 I 26091 g 5 n 5 617 155 0 0 736 2966
V3= i 11 I 2800 g 5 n 5 605 202 0 0 1023 3091
V3= i 12 I 74153 g 2 n 2 330 1762 2619 1771 1314 0
V3= i 13 I 4574 g 0 n 0 1903 529 104 0 1110 92
V3= i 14 I 59070 g 4 n 4 1335 154 0 0 2600 234
V3= i 15 I 24318 g 1 n 1 0 2978 2038 2248 1855 0
V3= i 16 I 19179 g 2 n 2 31 1700 2759 1876 1586 0
V3= i 17 I 8293 g 4 n 4 689 501 0 5 1306 0
INFO: [SIM 211-1] CSim done with 0 errors.
INFO: [SIM 211-3] *************** CSIM finish ***************
INFO: [HLS 200-111] Finished Command csim_design CPU user time: 0.08 seconds. CPU system time: 0.04 seconds. Elapsed time: 0.12 seconds; current allocated memory: 0.000 MB.
INFO: [HLS 200-1510] Running: close_project 
INFO: [HLS 200-112] Total CPU user time: 0.83 seconds. Total CPU system time: 0.13 seconds. Total elapsed time: 0.91 seconds; peak allocated memory: 274.625 MB.
INFO: [Common 17-206] Exiting vitis_hls at Wed Jul  8 15:38:03 2026...
INFO: [vitis-run 60-791] Total elapsed time: 0h 0m 4s
