13:24:11 INFO  : updated workspace path: /home/ulisses/Projects/ursa
13:24:12 INFO  : Marking the target connection as default Local
13:24:12 INFO  : Marking the target connection as default Linux Agent
13:24:12 INFO  : Marking the target connection as default XRTServer
13:24:12 INFO  : Marking the target connection as default LinuxEmulation
13:24:12 INFO  : Marking the target connection as default QEMU
13:24:12 INFO  : created .gitignore file for the project /home/ulisses/Projects/ursa
13:24:12 INFO  : updated workspace path: /home/ulisses/Projects/ursa
13:24:12 INFO  : bash, -c, source /opt/Xilinx/Vitis/2023.2/tps/lnx64/lopper-1.1.0/env/bin/activate && python /opt/Xilinx/Vitis/2023.2/data/embeddedsw/scripts/pyesw//repo.py -st   /opt/Xilinx/Vitis/2023.2/data/embeddedsw && deactivate
13:24:13 INFO  : Successfully created repository data at /home/ulisses/Projects/ursa
13:24:13 INFO  : bash, -c, source /opt/Xilinx/Vitis/2023.2/tps/lnx64/lopper-1.1.0/env/bin/activate && python /opt/Xilinx/Vitis/2023.2/data/embeddedsw/scripts/pyesw//get_template_data.py -d /tmp/rigel_lopper_ulisses2668605700397642936 -r /home/ulisses/Projects/ursa/.repo.yaml && deactivate
13:24:14 INFO  : Embedded Template List generated successfully
13:24:14 INFO  : bash, -c, source /opt/Xilinx/Vitis/2023.2/tps/lnx64/lopper-1.1.0/env/bin/activate && python /opt/Xilinx/Vitis/2023.2/data/embeddedsw/scripts/pyesw//get_template_data.py -d /tmp/rigel_lopper_ulisses11606739082381377844 -r /home/ulisses/Projects/ursa/.repo.yaml && deactivate
13:24:14 INFO  : Embedded Template List generated successfully
13:24:31 INFO  : bash, -c, source /opt/Xilinx/Vitis/2023.2/tps/lnx64/lopper-1.1.0/env/bin/activate && python /opt/Xilinx/Vitis/2023.2/data/embeddedsw/scripts/pyesw//get_template_data.py -d /tmp/rigel_lopper_ulisses8939885580826843226 -r /home/ulisses/Projects/ursa/.repo.yaml && deactivate
13:24:31 INFO  : created .gitignore file for the project /home/ulisses/Projects/ursa/vitis
13:38:40 INFO  : updated workspace path: /home/fi/Documents/GitHub/ursa
13:38:40 INFO  : created .gitignore file for the project /home/fi/Documents/GitHub/ursa
13:38:40 INFO  : Successfully created repository data at /tmp/rigel_lopper_fi10522907613123133118
13:38:40 INFO  : bash, -c, source /opt/Xilinx/Vitis/2023.2/tps/lnx64/lopper-1.1.0/env/bin/activate && python /opt/Xilinx/Vitis/2023.2/data/embeddedsw/scripts/pyesw//get_template_data.py -d /tmp/rigel_lopper_fi10918883661383506824 -r /tmp/rigel_lopper_fi10522907613123133118/.repo.yaml && deactivate
13:38:40 INFO  : updated workspace path: /home/fi/Documents/GitHub/ursa
13:38:40 INFO  : created .gitignore file for the project /home/fi/Documents/GitHub/ursa
13:38:40 INFO  : Embedded Template List generated successfully
13:38:40 INFO  : bash, -c, source /opt/Xilinx/Vitis/2023.2/tps/lnx64/lopper-1.1.0/env/bin/activate && python /opt/Xilinx/Vitis/2023.2/data/embeddedsw/scripts/pyesw//get_template_data.py -d /tmp/rigel_lopper_fi16415298366666776504 -r /home/fi/Documents/GitHub/ursa/.repo.yaml && deactivate
13:38:40 INFO  : Embedded Template List generated successfully
13:38:40 INFO  : bash, -c, source /opt/Xilinx/Vitis/2023.2/tps/lnx64/lopper-1.1.0/env/bin/activate && python /opt/Xilinx/Vitis/2023.2/data/embeddedsw/scripts/pyesw//get_template_data.py -d /tmp/rigel_lopper_fi13286141651275636777 -r /home/fi/Documents/GitHub/ursa/.repo.yaml && deactivate
13:38:40 INFO  : Embedded Template List generated successfully
13:38:54 INFO  : bash, -c, source /opt/Xilinx/Vitis/2023.2/tps/lnx64/lopper-1.1.0/env/bin/activate && python /opt/Xilinx/Vitis/2023.2/data/embeddedsw/scripts/pyesw//get_template_data.py -d /tmp/rigel_lopper_fi14915806994964254054 -r /home/fi/Documents/GitHub/ursa/.repo.yaml && deactivate
