INFO: [SIM 2] *************** CSIM start ***************
INFO: [SIM 4] CSIM will launch GCC as the compiler.
   Compiling ../../../../../../tb/cnn/cnn_conv_engine.cpp in debug mode
   Compiling ../../../../../../tb/cnn/cnn_eval_images_hwc_8_8_18.cpp in debug mode
   Compiling ../../../../../../tb/cnn/cnn_weights_qonnx_t3w8.cpp in debug mode
   Compiling ../../../../../../tb/cnn/ursa_math.cpp in debug mode
   Compiling ../../../../../../tb/cnn/utils.cpp in debug mode
   Compiling ../../../../../../tb/cnn/tb_main.cpp in debug mode
   Compiling ../../../../../../src/core/pe.cpp in debug mode
   Compiling ../../../../../../src/core/sa.cpp in debug mode
   Compiling ../../../../../../src/core/shell.cpp in debug mode
   Compiling ../../../../../../src/im2col/im2col.cpp in debug mode
   Compiling ../../../../../../src/labft/labft.cpp in debug mode
   Generating csim.exe
V3= i 0 I 6223 g 5 n 5 450 0 0 0 871 3032
V3= i 1 I 73380 g 2 n 2 256 1823 2846 1881 1378 1
V3= i 2 I 6744 g 4 n 4 577 703 52 49 1689 0
V3= i 3 I 66768 g 3 n 3 102 1341 472 1928 846 18
V3= i 4 I 79150 g 0 n 0 2855 804 405 259 1467 243
V3= i 5 I 71196 g 0 n 0 2213 1163 135 272 1073 6
V3= i 6 I 76951 g 1 n 1 0 3096 2239 2324 1961 0
V3= i 7 I 19251 g 1 n 1 778 3087 1518 2035 1357 0
V3= i 8 I 1945 g 3 n 3 41 1316 605 1710 884 0
V3= i 9 I 38276 g 3 n 3 85 1699 580 1973 865 0
V3= i 10 I 26091 g 5 n 5 617 155 0 0 736 2966
V3= i 11 I 2800 g 5 n 5 605 202 0 0 1023 3091
V3= i 12 I 74153 g 2 n 2 330 1762 2619 1771 1314 0
V3= i 13 I 4574 g 0 n 0 1903 529 104 0 1110 92
V3= i 14 I 59070 g 4 n 4 1335 154 0 0 2600 234
V3= i 15 I 24318 g 1 n 1 0 2978 2038 2248 1855 0
V3= i 16 I 19179 g 2 n 2 31 1700 2759 1876 1586 0
V3= i 17 I 8293 g 4 n 4 689 501 0 5 1306 0
INFO: [SIM 1] CSim done with 0 errors.
INFO: [SIM 3] *************** CSIM finish ***************
