#-----------------------------------------------------------
# Vivado v2023.2 (64-bit)
# SW Build 4029153 on Fri Oct 13 20:13:54 MDT 2023
# IP Build 4028589 on Sat Oct 14 00:45:43 MDT 2023
# SharedData Build 4025554 on Tue Oct 10 17:18:54 MDT 2023
# Start of session at: Thu Aug  7 21:32:02 2025
# Process ID: 16480
# Current directory: /home/ulisses/Projects/nn-apsoc-sa/exp_studies/ulisses/ursa/vivado_project/v2_automated_flow/ursa.runs/impl_2
# Command line: vivado -log bd_8x8_bram_wrapper.vdi -applog -product Vivado -messageDb vivado.pb -mode batch -source bd_8x8_bram_wrapper.tcl -notrace
# Log file: /home/ulisses/Projects/nn-apsoc-sa/exp_studies/ulisses/ursa/vivado_project/v2_automated_flow/ursa.runs/impl_2/bd_8x8_bram_wrapper.vdi
# Journal file: /home/ulisses/Projects/nn-apsoc-sa/exp_studies/ulisses/ursa/vivado_project/v2_automated_flow/ursa.runs/impl_2/vivado.jou
# Running On: ulisses-thinkpad, OS: Linux, CPU Frequency: 3331.700 MHz, CPU Physical cores: 12, Host memory: 15491 MB
#-----------------------------------------------------------
source bd_8x8_bram_wrapper.tcl -notrace
