#-----------------------------------------------------------
# xsim v2023.2 (64-bit)
# SW Build 4029153 on Fri Oct 13 20:13:54 MDT 2023
# IP Build 4028589 on Sat Oct 14 00:45:43 MDT 2023
# SharedData Build 4025554 on Tue Oct 10 17:18:54 MDT 2023
# Start of session at: Wed Sep  9 20:01:19 2026
# Process ID: 15902
# Current directory: /home/ulisses/Projects/ursa/exp/output-stationary/vitis/hls_ursa_vanilla/mxm_execute_ursa/hls/sim/verilog
# Command line: xsim -mode tcl -source {xsim.dir/mxm_execute_ursa/xsim_script.tcl}
# Log file: /home/ulisses/Projects/ursa/exp/output-stationary/vitis/hls_ursa_vanilla/mxm_execute_ursa/hls/sim/verilog/xsim.log
# Journal file: /home/ulisses/Projects/ursa/exp/output-stationary/vitis/hls_ursa_vanilla/mxm_execute_ursa/hls/sim/verilog/xsim.jou
# Running On: ulisses-thinkpad, OS: Linux, CPU Frequency: 3515.040 MHz, CPU Physical cores: 12, Host memory: 15491 MB
#-----------------------------------------------------------
source xsim.dir/mxm_execute_ursa/xsim_script.tcl
# xsim {mxm_execute_ursa} -autoloadwcfg -tclbatch {mxm_execute_ursa.tcl}
Time resolution is 1 ps
source mxm_execute_ursa.tcl
## run all
////////////////////////////////////////////////////////////////////////////////////
// Inter-Transaction Progress: Completed Transaction / Total Transaction
// Intra-Transaction Progress: Measured Latency / Latency Estimation * 100%
//
// RTL Simulation : "Inter-Transaction Progress" ["Intra-Transaction Progress"] @ "Simulation Time"
////////////////////////////////////////////////////////////////////////////////////
// RTL Simulation : 0 / 1 [0.00%] @ "125000"
// RTL Simulation : 1 / 1 [100.00%] @ "1685000"
////////////////////////////////////////////////////////////////////////////////////
$finish called at time : 1745 ns : File "/home/ulisses/Projects/ursa/exp/output-stationary/vitis/hls_ursa_vanilla/mxm_execute_ursa/hls/sim/verilog/mxm_execute_ursa.autotb.v" Line 843
## quit
INFO: [Common 17-206] Exiting xsim at Wed Sep  9 20:01:21 2026...
