Copyright 1986-2022 Xilinx, Inc. All Rights Reserved. Copyright 2022-2023 Advanced Micro Devices, Inc. All Rights Reserved.
---------------------------------------------------------------------------------------------------------------------------------------------------
| Tool Version : Vivado v.2023.2 (lin64) Build 4029153 Fri Oct 13 20:13:54 MDT 2023
| Date         : Wed Jul  8 16:51:25 2026
| Host         : 67221-1 running 64-bit Ubuntu 22.04.5 LTS
| Command      : report_drc -file ursa_vanilla_wrapper_drc_opted.rpt -pb ursa_vanilla_wrapper_drc_opted.pb -rpx ursa_vanilla_wrapper_drc_opted.rpx
| Design       : ursa_vanilla_wrapper
| Device       : xc7z020clg484-1
| Speed File   : -1
| Design State : Synthesized
---------------------------------------------------------------------------------------------------------------------------------------------------

Report DRC

Table of Contents
-----------------
1. REPORT SUMMARY
2. REPORT DETAILS

1. REPORT SUMMARY
-----------------
            Netlist: netlist
          Floorplan: design_1
      Design limits: <entire design considered>
           Ruledeck: default
             Max violations: <unlimited>
             Violations found: 16
+--------+----------+------------------------+------------+
| Rule   | Severity | Description            | Violations |
+--------+----------+------------------------+------------+
| DPIP-1 | Warning  | Input pipelining       | 2          |
| DPOP-1 | Warning  | PREG Output pipelining | 1          |
| DPOP-2 | Warning  | MREG Output pipelining | 13         |
+--------+----------+------------------------+------------+

2. REPORT DETAILS
-----------------
DPIP-1#1 Warning
Input pipelining  
DSP ursa_vanilla_i/mxm_execute_ursa_0/inst/bound_reg_1751_reg input ursa_vanilla_i/mxm_execute_ursa_0/inst/bound_reg_1751_reg/A[29:0] is not pipelined. Pipelining DSP48 input will improve performance.
Related violations: <none>

DPIP-1#2 Warning
Input pipelining  
DSP ursa_vanilla_i/mxm_execute_ursa_0/inst/bound_reg_1751_reg input ursa_vanilla_i/mxm_execute_ursa_0/inst/bound_reg_1751_reg/B[17:0] is not pipelined. Pipelining DSP48 input will improve performance.
Related violations: <none>

DPOP-1#1 Warning
PREG Output pipelining  
DSP ursa_vanilla_i/mxm_execute_ursa_0/inst/grp_mxm_execute_ursa_Pipeline_VITIS_LOOP_284_3_fu_618/add_ln49_22_fu_4097_p2 output ursa_vanilla_i/mxm_execute_ursa_0/inst/grp_mxm_execute_ursa_Pipeline_VITIS_LOOP_284_3_fu_618/add_ln49_22_fu_4097_p2/P[47:0] is not pipelined (PREG=0). Pipelining the DSP48 output will improve performance and often saves power so it is suggested whenever possible to fully pipeline this function.  If this DSP48 function was inferred, it is suggested to describe an additional register stage after this function.  If the DSP48 was instantiated in the design, it is suggested to set the PREG attribute to 1.
Related violations: <none>

DPOP-2#1 Warning
MREG Output pipelining  
DSP ursa_vanilla_i/mxm_execute_ursa_0/inst/bound_reg_1751_reg multiplier stage ursa_vanilla_i/mxm_execute_ursa_0/inst/bound_reg_1751_reg/P[47:0] is not pipelined (MREG=0). Pipelining the multiplier function will improve performance and will save significant power so it is suggested whenever possible to fully pipeline this function.  If this multiplier was inferred, it is suggested to describe an additional register stage after this function.  If there is no registered adder/accumulator following the multiply function, two pipeline stages are suggested to allow both the MREG and PREG registers to be used.  If the DSP48 was instantiated in the design, it is suggested to set both the MREG and PREG attributes to 1 when performing multiply functions.
Related violations: <none>

DPOP-2#2 Warning
MREG Output pipelining  
DSP ursa_vanilla_i/mxm_execute_ursa_0/inst/call_b_cast_reg_1725_reg multiplier stage ursa_vanilla_i/mxm_execute_ursa_0/inst/call_b_cast_reg_1725_reg/P[47:0] is not pipelined (MREG=0). Pipelining the multiplier function will improve performance and will save significant power so it is suggested whenever possible to fully pipeline this function.  If this multiplier was inferred, it is suggested to describe an additional register stage after this function.  If there is no registered adder/accumulator following the multiply function, two pipeline stages are suggested to allow both the MREG and PREG registers to be used.  If the DSP48 was instantiated in the design, it is suggested to set both the MREG and PREG attributes to 1 when performing multiply functions.
Related violations: <none>

DPOP-2#3 Warning
MREG Output pipelining  
DSP ursa_vanilla_i/mxm_execute_ursa_0/inst/grp_mxm_execute_ursa_Pipeline_VITIS_LOOP_284_3_fu_618/mul_i_reg_6097_reg multiplier stage ursa_vanilla_i/mxm_execute_ursa_0/inst/grp_mxm_execute_ursa_Pipeline_VITIS_LOOP_284_3_fu_618/mul_i_reg_6097_reg/P[47:0] is not pipelined (MREG=0). Pipelining the multiplier function will improve performance and will save significant power so it is suggested whenever possible to fully pipeline this function.  If this multiplier was inferred, it is suggested to describe an additional register stage after this function.  If there is no registered adder/accumulator following the multiply function, two pipeline stages are suggested to allow both the MREG and PREG registers to be used.  If the DSP48 was instantiated in the design, it is suggested to set both the MREG and PREG attributes to 1 when performing multiply functions.
Related violations: <none>

DPOP-2#4 Warning
MREG Output pipelining  
DSP ursa_vanilla_i/mxm_execute_ursa_0/inst/grp_mxm_execute_ursa_Pipeline_VITIS_LOOP_284_3_fu_618/mul_ln42_1_reg_6456_reg multiplier stage ursa_vanilla_i/mxm_execute_ursa_0/inst/grp_mxm_execute_ursa_Pipeline_VITIS_LOOP_284_3_fu_618/mul_ln42_1_reg_6456_reg/P[47:0] is not pipelined (MREG=0). Pipelining the multiplier function will improve performance and will save significant power so it is suggested whenever possible to fully pipeline this function.  If this multiplier was inferred, it is suggested to describe an additional register stage after this function.  If there is no registered adder/accumulator following the multiply function, two pipeline stages are suggested to allow both the MREG and PREG registers to be used.  If the DSP48 was instantiated in the design, it is suggested to set both the MREG and PREG attributes to 1 when performing multiply functions.
Related violations: <none>

DPOP-2#5 Warning
MREG Output pipelining  
DSP ursa_vanilla_i/mxm_execute_ursa_0/inst/grp_mxm_execute_ursa_Pipeline_VITIS_LOOP_284_3_fu_618/mul_ln42_2_reg_6637_reg multiplier stage ursa_vanilla_i/mxm_execute_ursa_0/inst/grp_mxm_execute_ursa_Pipeline_VITIS_LOOP_284_3_fu_618/mul_ln42_2_reg_6637_reg/P[47:0] is not pipelined (MREG=0). Pipelining the multiplier function will improve performance and will save significant power so it is suggested whenever possible to fully pipeline this function.  If this multiplier was inferred, it is suggested to describe an additional register stage after this function.  If there is no registered adder/accumulator following the multiply function, two pipeline stages are suggested to allow both the MREG and PREG registers to be used.  If the DSP48 was instantiated in the design, it is suggested to set both the MREG and PREG attributes to 1 when performing multiply functions.
Related violations: <none>

DPOP-2#6 Warning
MREG Output pipelining  
DSP ursa_vanilla_i/mxm_execute_ursa_0/inst/grp_mxm_execute_ursa_Pipeline_VITIS_LOOP_284_3_fu_618/mul_ln42_3_reg_6798_reg multiplier stage ursa_vanilla_i/mxm_execute_ursa_0/inst/grp_mxm_execute_ursa_Pipeline_VITIS_LOOP_284_3_fu_618/mul_ln42_3_reg_6798_reg/P[47:0] is not pipelined (MREG=0). Pipelining the multiplier function will improve performance and will save significant power so it is suggested whenever possible to fully pipeline this function.  If this multiplier was inferred, it is suggested to describe an additional register stage after this function.  If there is no registered adder/accumulator following the multiply function, two pipeline stages are suggested to allow both the MREG and PREG registers to be used.  If the DSP48 was instantiated in the design, it is suggested to set both the MREG and PREG attributes to 1 when performing multiply functions.
Related violations: <none>

DPOP-2#7 Warning
MREG Output pipelining  
DSP ursa_vanilla_i/mxm_execute_ursa_0/inst/grp_mxm_execute_ursa_Pipeline_VITIS_LOOP_284_3_fu_618/mul_ln42_4_reg_6929_reg multiplier stage ursa_vanilla_i/mxm_execute_ursa_0/inst/grp_mxm_execute_ursa_Pipeline_VITIS_LOOP_284_3_fu_618/mul_ln42_4_reg_6929_reg/P[47:0] is not pipelined (MREG=0). Pipelining the multiplier function will improve performance and will save significant power so it is suggested whenever possible to fully pipeline this function.  If this multiplier was inferred, it is suggested to describe an additional register stage after this function.  If there is no registered adder/accumulator following the multiply function, two pipeline stages are suggested to allow both the MREG and PREG registers to be used.  If the DSP48 was instantiated in the design, it is suggested to set both the MREG and PREG attributes to 1 when performing multiply functions.
Related violations: <none>

DPOP-2#8 Warning
MREG Output pipelining  
DSP ursa_vanilla_i/mxm_execute_ursa_0/inst/grp_mxm_execute_ursa_Pipeline_VITIS_LOOP_284_3_fu_618/mul_ln42_5_reg_7020_reg multiplier stage ursa_vanilla_i/mxm_execute_ursa_0/inst/grp_mxm_execute_ursa_Pipeline_VITIS_LOOP_284_3_fu_618/mul_ln42_5_reg_7020_reg/P[47:0] is not pipelined (MREG=0). Pipelining the multiplier function will improve performance and will save significant power so it is suggested whenever possible to fully pipeline this function.  If this multiplier was inferred, it is suggested to describe an additional register stage after this function.  If there is no registered adder/accumulator following the multiply function, two pipeline stages are suggested to allow both the MREG and PREG registers to be used.  If the DSP48 was instantiated in the design, it is suggested to set both the MREG and PREG attributes to 1 when performing multiply functions.
Related violations: <none>

DPOP-2#9 Warning
MREG Output pipelining  
DSP ursa_vanilla_i/mxm_execute_ursa_0/inst/grp_mxm_execute_ursa_Pipeline_VITIS_LOOP_284_3_fu_618/mul_ln42_6_reg_7098_reg multiplier stage ursa_vanilla_i/mxm_execute_ursa_0/inst/grp_mxm_execute_ursa_Pipeline_VITIS_LOOP_284_3_fu_618/mul_ln42_6_reg_7098_reg/P[47:0] is not pipelined (MREG=0). Pipelining the multiplier function will improve performance and will save significant power so it is suggested whenever possible to fully pipeline this function.  If this multiplier was inferred, it is suggested to describe an additional register stage after this function.  If there is no registered adder/accumulator following the multiply function, two pipeline stages are suggested to allow both the MREG and PREG registers to be used.  If the DSP48 was instantiated in the design, it is suggested to set both the MREG and PREG attributes to 1 when performing multiply functions.
Related violations: <none>

DPOP-2#10 Warning
MREG Output pipelining  
DSP ursa_vanilla_i/mxm_execute_ursa_0/inst/grp_mxm_execute_ursa_Pipeline_VITIS_LOOP_284_3_fu_618/mul_ln42_7_reg_7144_reg multiplier stage ursa_vanilla_i/mxm_execute_ursa_0/inst/grp_mxm_execute_ursa_Pipeline_VITIS_LOOP_284_3_fu_618/mul_ln42_7_reg_7144_reg/P[47:0] is not pipelined (MREG=0). Pipelining the multiplier function will improve performance and will save significant power so it is suggested whenever possible to fully pipeline this function.  If this multiplier was inferred, it is suggested to describe an additional register stage after this function.  If there is no registered adder/accumulator following the multiply function, two pipeline stages are suggested to allow both the MREG and PREG registers to be used.  If the DSP48 was instantiated in the design, it is suggested to set both the MREG and PREG attributes to 1 when performing multiply functions.
Related violations: <none>

DPOP-2#11 Warning
MREG Output pipelining  
DSP ursa_vanilla_i/mxm_execute_ursa_0/inst/grp_mxm_execute_ursa_Pipeline_VITIS_LOOP_284_3_fu_618/mul_ln42_reg_6270_reg multiplier stage ursa_vanilla_i/mxm_execute_ursa_0/inst/grp_mxm_execute_ursa_Pipeline_VITIS_LOOP_284_3_fu_618/mul_ln42_reg_6270_reg/P[47:0] is not pipelined (MREG=0). Pipelining the multiplier function will improve performance and will save significant power so it is suggested whenever possible to fully pipeline this function.  If this multiplier was inferred, it is suggested to describe an additional register stage after this function.  If there is no registered adder/accumulator following the multiply function, two pipeline stages are suggested to allow both the MREG and PREG registers to be used.  If the DSP48 was instantiated in the design, it is suggested to set both the MREG and PREG attributes to 1 when performing multiply functions.
Related violations: <none>

DPOP-2#12 Warning
MREG Output pipelining  
DSP ursa_vanilla_i/mxm_execute_ursa_0/inst/mul_ln267_reg_1775_reg multiplier stage ursa_vanilla_i/mxm_execute_ursa_0/inst/mul_ln267_reg_1775_reg/P[47:0] is not pipelined (MREG=0). Pipelining the multiplier function will improve performance and will save significant power so it is suggested whenever possible to fully pipeline this function.  If this multiplier was inferred, it is suggested to describe an additional register stage after this function.  If there is no registered adder/accumulator following the multiply function, two pipeline stages are suggested to allow both the MREG and PREG registers to be used.  If the DSP48 was instantiated in the design, it is suggested to set both the MREG and PREG attributes to 1 when performing multiply functions.
Related violations: <none>

DPOP-2#13 Warning
MREG Output pipelining  
DSP ursa_vanilla_i/mxm_execute_ursa_0/inst/trunc_ln_reg_1731_reg multiplier stage ursa_vanilla_i/mxm_execute_ursa_0/inst/trunc_ln_reg_1731_reg/P[47:0] is not pipelined (MREG=0). Pipelining the multiplier function will improve performance and will save significant power so it is suggested whenever possible to fully pipeline this function.  If this multiplier was inferred, it is suggested to describe an additional register stage after this function.  If there is no registered adder/accumulator following the multiply function, two pipeline stages are suggested to allow both the MREG and PREG registers to be used.  If the DSP48 was instantiated in the design, it is suggested to set both the MREG and PREG attributes to 1 when performing multiply functions.
Related violations: <none>


