INFO: [vitis-run 60-1548] Creating build summary session with primary output /home/ulisses/Projects/ursa/vitis/hls_ursa_vanilla/mxm_execute_ursa/mxm_execute_ursa.hlsrun_csim_summary, at Thu May  7 13:57:44 2026
INFO: [vitis-run 82-31] Launching vitis_hls: vitis_hls -nolog -run csim -work_dir /home/ulisses/Projects/ursa/vitis/hls_ursa_vanilla/mxm_execute_ursa -config /home/ulisses/Projects/ursa/vitis/hls_ursa_vanilla/hls_config.cfg -cmdlineconfig /home/ulisses/Projects/ursa/vitis/hls_ursa_vanilla/mxm_execute_ursa/hls/config.cmdline

****** Vitis HLS - High-Level Synthesis from C, C++ and OpenCL v2023.2 (64-bit)
  **** SW Build 4023990 on Oct 11 2023
  **** IP Build 4028589 on Sat Oct 14 00:45:43 MDT 2023
  **** SharedData Build 4025554 on Tue Oct 10 17:18:54 MDT 2023
    ** Copyright 1986-2022 Xilinx, Inc. All Rights Reserved.
    ** Copyright 2022-2023 Advanced Micro Devices, Inc. All Rights Reserved.

source /opt/Xilinx/Vitis_HLS/2023.2/scripts/vitis_hls/hls.tcl -notrace
INFO: [HLS 200-10] Running '/opt/Xilinx/Vitis_HLS/2023.2/bin/unwrapped/lnx64.o/vitis_hls'
INFO: [HLS 200-10] For user 'ulisses' on host 'ulisses-thinkpad' (Linux_x86_64 version 6.8.0-110-generic) on Thu May 07 13:57:46 -03 2026
INFO: [HLS 200-10] On os Ubuntu 22.04.5 LTS
INFO: [HLS 200-10] In directory '/home/ulisses/Projects/ursa/vitis/hls_ursa_vanilla'
INFO: [HLS 200-1909] Reading HLS ini file /home/ulisses/Projects/ursa/vitis/hls_ursa_vanilla/hls_config.cfg
INFO: [HLS 200-1909] Reading HLS ini file /home/ulisses/Projects/ursa/vitis/hls_ursa_vanilla/mxm_execute_ursa/hls/config.cmdline
INFO: [HLS 200-2005] Using work_dir /home/ulisses/Projects/ursa/vitis/hls_ursa_vanilla/mxm_execute_ursa 
INFO: [HLS 200-1510] Running: open_project /home/ulisses/Projects/ursa/vitis/hls_ursa_vanilla/mxm_execute_ursa -diskless 
INFO: [HLS 200-1510] Running: open_solution hls 
INFO: [HLS 200-1505] Using default flow_target 'vivado'
Resolution: For help on HLS 200-1505 see docs.xilinx.com/access/sources/dita/topic?Doc_Version=2023.2%20English&url=ug1448-hls-guidance&resourceid=200-1505.html
INFO: [HLS 200-1510] Running: apply_ini /home/ulisses/Projects/ursa/vitis/hls_ursa_vanilla/hls_config.cfg 
INFO: [HLS 200-1909] Reading HLS ini file /home/ulisses/Projects/ursa/vitis/hls_ursa_vanilla/hls_config.cfg
WARNING: [HLS 200-1921] Skipping unknown ini [hls] entry '// package.ip.description=ursa_LABFT_8x8' from /home/ulisses/Projects/ursa/vitis/hls_ursa_vanilla/hls_config.cfg(26)
WARNING: [HLS 200-1921] Skipping unknown ini [hls] entry '// package.ip.name=ursa_LABFT_8x8' from /home/ulisses/Projects/ursa/vitis/hls_ursa_vanilla/hls_config.cfg(27)
WARNING: [HLS 200-1921] Skipping unknown ini [hls] entry '// package.ip.version=2.1' from /home/ulisses/Projects/ursa/vitis/hls_ursa_vanilla/hls_config.cfg(28)
INFO: [HLS 200-1465] Applying ini 'syn.file=/home/ulisses/Projects/ursa/src/core/shell.cpp' at /home/ulisses/Projects/ursa/vitis/hls_ursa_vanilla/hls_config.cfg(7)
INFO: [HLS 200-10] Adding design file '/home/ulisses/Projects/ursa/src/core/shell.cpp' to the project
INFO: [HLS 200-1465] Applying ini 'syn.file=/home/ulisses/Projects/ursa/src/core/shell.h' at /home/ulisses/Projects/ursa/vitis/hls_ursa_vanilla/hls_config.cfg(8)
INFO: [HLS 200-10] Adding design file '/home/ulisses/Projects/ursa/src/core/shell.h' to the project
INFO: [HLS 200-1465] Applying ini 'syn.file=/home/ulisses/Projects/ursa/src/core/sa.h' at /home/ulisses/Projects/ursa/vitis/hls_ursa_vanilla/hls_config.cfg(9)
INFO: [HLS 200-10] Adding design file '/home/ulisses/Projects/ursa/src/core/sa.h' to the project
INFO: [HLS 200-1465] Applying ini 'syn.file=/home/ulisses/Projects/ursa/src/core/pe.h' at /home/ulisses/Projects/ursa/vitis/hls_ursa_vanilla/hls_config.cfg(10)
INFO: [HLS 200-10] Adding design file '/home/ulisses/Projects/ursa/src/core/pe.h' to the project
INFO: [HLS 200-1465] Applying ini 'syn.file=/home/ulisses/Projects/ursa/src/core/sa.cpp' at /home/ulisses/Projects/ursa/vitis/hls_ursa_vanilla/hls_config.cfg(11)
INFO: [HLS 200-10] Adding design file '/home/ulisses/Projects/ursa/src/core/sa.cpp' to the project
INFO: [HLS 200-1465] Applying ini 'syn.file=/home/ulisses/Projects/ursa/src/core/pe.cpp' at /home/ulisses/Projects/ursa/vitis/hls_ursa_vanilla/hls_config.cfg(12)
INFO: [HLS 200-10] Adding design file '/home/ulisses/Projects/ursa/src/core/pe.cpp' to the project
INFO: [HLS 200-1465] Applying ini 'syn.file=/home/ulisses/Projects/ursa/src/labft/labft.h' at /home/ulisses/Projects/ursa/vitis/hls_ursa_vanilla/hls_config.cfg(13)
INFO: [HLS 200-10] Adding design file '/home/ulisses/Projects/ursa/src/labft/labft.h' to the project
INFO: [HLS 200-1465] Applying ini 'syn.file=/home/ulisses/Projects/ursa/src/labft/labft.cpp' at /home/ulisses/Projects/ursa/vitis/hls_ursa_vanilla/hls_config.cfg(14)
INFO: [HLS 200-10] Adding design file '/home/ulisses/Projects/ursa/src/labft/labft.cpp' to the project
INFO: [HLS 200-1465] Applying ini 'tb.file=/home/ulisses/Projects/ursa/tb/simple_mxm/matrices.h' at /home/ulisses/Projects/ursa/vitis/hls_ursa_vanilla/hls_config.cfg(15)
INFO: [HLS 200-10] Adding test bench file '/home/ulisses/Projects/ursa/tb/simple_mxm/matrices.h' to the project
INFO: [HLS 200-1465] Applying ini 'tb.file=/home/ulisses/Projects/ursa/tb/simple_mxm/tb_main.cpp' at /home/ulisses/Projects/ursa/vitis/hls_ursa_vanilla/hls_config.cfg(16)
INFO: [HLS 200-10] Adding test bench file '/home/ulisses/Projects/ursa/tb/simple_mxm/tb_main.cpp' to the project
INFO: [HLS 200-1465] Applying ini 'tb.file=/home/ulisses/Projects/ursa/tb/simple_mxm/matrices.cpp' at /home/ulisses/Projects/ursa/vitis/hls_ursa_vanilla/hls_config.cfg(17)
INFO: [HLS 200-10] Adding test bench file '/home/ulisses/Projects/ursa/tb/simple_mxm/matrices.cpp' to the project
INFO: [HLS 200-1465] Applying ini 'syn.top=mxm_execute_ursa' at /home/ulisses/Projects/ursa/vitis/hls_ursa_vanilla/hls_config.cfg(18)
INFO: [HLS 200-1465] Applying ini 'flow_target=vivado' at /home/ulisses/Projects/ursa/vitis/hls_ursa_vanilla/hls_config.cfg(4)
INFO: [HLS 200-1505] Using flow_target 'vivado'
Resolution: For help on HLS 200-1505 see docs.xilinx.com/access/sources/dita/topic?Doc_Version=2023.2%20English&url=ug1448-hls-guidance&resourceid=200-1505.html
INFO: [HLS 200-1465] Applying ini 'part=xc7z020clg484-1' at /home/ulisses/Projects/ursa/vitis/hls_ursa_vanilla/hls_config.cfg(1)
INFO: [HLS 200-1611] Setting target device to 'xc7z020-clg484-1'
INFO: [HLS 200-1465] Applying ini 'clock=10ns' at /home/ulisses/Projects/ursa/vitis/hls_ursa_vanilla/hls_config.cfg(19)
INFO: [SYN 201-201] Setting up clock 'default' with a period of 10ns.
INFO: [HLS 200-1465] Applying ini 'package.ip.display_name=ursa_vanilla_8x8' at /home/ulisses/Projects/ursa/vitis/hls_ursa_vanilla/hls_config.cfg(24)
INFO: [HLS 200-1465] Applying ini 'package.output.format=ip_catalog' at /home/ulisses/Projects/ursa/vitis/hls_ursa_vanilla/hls_config.cfg(5)
INFO: [HLS 200-1465] Applying ini 'syn.interface.m_axi_addr64=0' at /home/ulisses/Projects/ursa/vitis/hls_ursa_vanilla/hls_config.cfg(22)
INFO: [HLS 200-1465] Applying ini 'syn.interface.m_axi_max_bitwidth=32' at /home/ulisses/Projects/ursa/vitis/hls_ursa_vanilla/hls_config.cfg(21)
INFO: [HLS 200-1510] Running: apply_ini /home/ulisses/Projects/ursa/vitis/hls_ursa_vanilla/mxm_execute_ursa/hls/config.cmdline 
INFO: [HLS 200-1909] Reading HLS ini file /home/ulisses/Projects/ursa/vitis/hls_ursa_vanilla/mxm_execute_ursa/hls/config.cmdline
INFO: [HLS 200-1510] Running: csim_design 
INFO: [SIM 211-2] *************** CSIM start ***************
INFO: [SIM 211-4] CSIM will launch GCC as the compiler.
INFO: [HLS 200-2036] Building debug C Simulation binaries
   Compiling ../../../../../../tb/simple_mxm/matrices.cpp in debug mode
   Compiling ../../../../../../tb/simple_mxm/tb_main.cpp in debug mode
   Compiling ../../../../../../src/labft/labft.cpp in debug mode
   Compiling ../../../../../../src/core/pe.cpp in debug mode
   Compiling ../../../../../../src/core/sa.cpp in debug mode
   Compiling ../../../../../../src/core/shell.cpp in debug mode
   Generating csim.exe
[PASS] URSA output matches gold!
INFO: [SIM 211-1] CSim done with 0 errors.
INFO: [SIM 211-3] *************** CSIM finish ***************
INFO: [HLS 200-111] Finished Command csim_design CPU user time: 0.23 seconds. CPU system time: 0.3 seconds. Elapsed time: 0.59 seconds; current allocated memory: 0.000 MB.
INFO: [HLS 200-1510] Running: close_project 
INFO: [HLS 200-112] Total CPU user time: 1.8 seconds. Total CPU system time: 0.7 seconds. Total elapsed time: 2.54 seconds; peak allocated memory: 298.230 MB.
INFO: [Common 17-206] Exiting vitis_hls at Thu May  7 13:57:48 2026...
INFO: [vitis-run 60-791] Total elapsed time: 0h 0m 6s
