Thu May  7 13:57:42 2026: Running xcd server. This server was built by gradle.
Thu May  7 13:57:42 2026: Server was asked to start on port: '41263'
Thu May  7 13:57:42 2026: Server is using token UUID: 'd20c2d7d-622c-4a42-b611-22bd6d63e09a'
Thu May  7 13:57:42 2026: SESSION_MGR: creating session with session uuid: '6d04a3e9-ade5-4ab9-8d63-1f78fcd2ec76' and name 'default'
Thu May  7 13:57:42 2026: Attempting to start server on port '41263'
Thu May  7 13:57:42 2026: XCD main fifo: created main fifo '/tmp/xcdmaind20c2d7d-622c-4a42-b611-22bd6d63e09a', fd read = 13
Thu May  7 13:57:42 2026: Running Dispatch Server
Thu May  7 13:57:42 2026: Version 2.2.0
Thu May  7 13:57:44 2026: Dispatch Server: Accepted socket connection from client
Thu May  7 13:57:44 2026: Starting Socket connection
Thu May  7 13:57:44 2026: EXCHANGE_TOKEN received, server token: d20c2d7d-622c-4a42-b611-22bd6d63e09a, passed token: d20c2d7d-622c-4a42-b611-22bd6d63e09a
Thu May  7 13:57:44 2026: DISPATCH_HANDLER: Adding handler from function makeHandler in library libxv_system_diagram
Thu May  7 13:57:44 2026: SESSION_MGR: creating session with session uuid: '06916116-e9be-4740-a1f2-c72fa179f78d' and name 'vitis-run_compile_mxm_execute_ursa'
Thu May  7 13:57:44 2026: KERNEL_SVC: creating session with uuid: '06916116-e9be-4740-a1f2-c72fa179f78d' and name 'vitis-run_compile_mxm_execute_ursa'
Thu May  7 13:57:44 2026: GUIDANCE_SMGR: creating guidance session with uuid: '06916116-e9be-4740-a1f2-c72fa179f78d' and name 'vitis-run_compile_mxm_execute_ursa'
Thu May  7 13:57:44 2026: SYSTEM_DIAGRAM: creating session with uuid: '06916116-e9be-4740-a1f2-c72fa179f78d' and name 'vitis-run_compile_mxm_execute_ursa'
Thu May  7 13:57:47 2026: Dispatch Server: Accepted socket connection from client
Thu May  7 13:57:47 2026: Starting Socket connection
Thu May  7 13:57:48 2026: SESSION_MGR: closing session for UUID '06916116-e9be-4740-a1f2-c72fa179f78d' with name 'vitis-run_compile_mxm_execute_ursa'
Thu May  7 13:57:48 2026: KERNEL_SVC: closing session for UUID '06916116-e9be-4740-a1f2-c72fa179f78d' with name 'vitis-run_compile_mxm_execute_ursa'
Thu May  7 13:57:48 2026: GUIDANCE_SMGR: closing session for UUID '06916116-e9be-4740-a1f2-c72fa179f78d' with name 'vitis-run_compile_mxm_execute_ursa'
Thu May  7 13:57:48 2026: SYSTEM_DIAGRAM: closing session for UUID '06916116-e9be-4740-a1f2-c72fa179f78d' with name 'vitis-run_compile_mxm_execute_ursa'
Thu May  7 13:57:48 2026: STOP_SERVER received, server token: d20c2d7d-622c-4a42-b611-22bd6d63e09a, passed token: d20c2d7d-622c-4a42-b611-22bd6d63e09a
Thu May  7 13:57:48 2026: Socket received request to stop server.
Thu May  7 13:57:48 2026: Dispatch Server: do_await_stop
Thu May  7 13:57:48 2026: Dispatch Server: stopping mainFifo_
Thu May  7 13:57:48 2026: XCD main fifo: Stopping
Thu May  7 13:57:48 2026: XCD main fifo: do_read error code: Operation canceled
Thu May  7 13:57:48 2026: XCD main fifo: bytes_transferred: 0
Thu May  7 13:57:48 2026: SERVER: destructor for server bound to port 41263
Thu May  7 13:57:48 2026: XCD main fifo: Good unlink of /tmp/xcdmaind20c2d7d-622c-4a42-b611-22bd6d63e09a
Thu May  7 13:57:48 2026: Server exiting with status 0.
Thu May  7 13:57:48 2026: Closing log file.
Thu May  7 13:57:57 2026: Running xcd server. This server was built by gradle.
Thu May  7 13:57:57 2026: Server was asked to start on port: '46171'
Thu May  7 13:57:57 2026: Server is using token UUID: '6d74b070-9477-4119-86fd-7d190ee11685'
Thu May  7 13:57:57 2026: SESSION_MGR: creating session with session uuid: '6d04a3e9-ade5-4ab9-8d63-1f78fcd2ec76' and name 'default'
Thu May  7 13:57:57 2026: Attempting to start server on port '46171'
Thu May  7 13:57:57 2026: XCD main fifo: created main fifo '/tmp/xcdmain6d74b070-9477-4119-86fd-7d190ee11685', fd read = 13
Thu May  7 13:57:57 2026: Running Dispatch Server
Thu May  7 13:57:57 2026: Version 2.2.0
Thu May  7 13:57:59 2026: Dispatch Server: Accepted socket connection from client
Thu May  7 13:57:59 2026: Starting Socket connection
Thu May  7 13:57:59 2026: EXCHANGE_TOKEN received, server token: 6d74b070-9477-4119-86fd-7d190ee11685, passed token: 6d74b070-9477-4119-86fd-7d190ee11685
Thu May  7 13:57:59 2026: DISPATCH_HANDLER: Adding handler from function makeHandler in library libxv_system_diagram
Thu May  7 13:57:59 2026: SESSION_MGR: creating session with session uuid: '88e01205-610d-4330-9620-3a80922ed20a' and name 'v++_compile_mxm_execute_ursa'
Thu May  7 13:57:59 2026: KERNEL_SVC: creating session with uuid: '88e01205-610d-4330-9620-3a80922ed20a' and name 'v++_compile_mxm_execute_ursa'
Thu May  7 13:57:59 2026: GUIDANCE_SMGR: creating guidance session with uuid: '88e01205-610d-4330-9620-3a80922ed20a' and name 'v++_compile_mxm_execute_ursa'
Thu May  7 13:57:59 2026: SYSTEM_DIAGRAM: creating session with uuid: '88e01205-610d-4330-9620-3a80922ed20a' and name 'v++_compile_mxm_execute_ursa'
Thu May  7 13:58:02 2026: Dispatch Server: Accepted socket connection from client
Thu May  7 13:58:02 2026: Starting Socket connection
Thu May  7 13:58:30 2026: SESSION_MGR: closing session for UUID '88e01205-610d-4330-9620-3a80922ed20a' with name 'v++_compile_mxm_execute_ursa'
Thu May  7 13:58:30 2026: KERNEL_SVC: closing session for UUID '88e01205-610d-4330-9620-3a80922ed20a' with name 'v++_compile_mxm_execute_ursa'
Thu May  7 13:58:30 2026: GUIDANCE_SMGR: closing session for UUID '88e01205-610d-4330-9620-3a80922ed20a' with name 'v++_compile_mxm_execute_ursa'
Thu May  7 13:58:30 2026: SYSTEM_DIAGRAM: closing session for UUID '88e01205-610d-4330-9620-3a80922ed20a' with name 'v++_compile_mxm_execute_ursa'
Thu May  7 13:58:30 2026: STOP_SERVER received, server token: 6d74b070-9477-4119-86fd-7d190ee11685, passed token: 6d74b070-9477-4119-86fd-7d190ee11685
Thu May  7 13:58:30 2026: Socket received request to stop server.
Thu May  7 13:58:30 2026: Dispatch Server: do_await_stop
Thu May  7 13:58:30 2026: Dispatch Server: stopping mainFifo_
Thu May  7 13:58:30 2026: XCD main fifo: Stopping
Thu May  7 13:58:30 2026: XCD main fifo: do_read error code: Operation canceled
Thu May  7 13:58:30 2026: XCD main fifo: bytes_transferred: 0
Thu May  7 13:58:30 2026: SERVER: destructor for server bound to port 46171
Thu May  7 13:58:30 2026: XCD main fifo: Good unlink of /tmp/xcdmain6d74b070-9477-4119-86fd-7d190ee11685
Thu May  7 13:58:30 2026: Server exiting with status 0.
Thu May  7 13:58:30 2026: Closing log file.
Thu May  7 13:59:27 2026: Running xcd server. This server was built by gradle.
Thu May  7 13:59:27 2026: Server was asked to start on port: '38283'
Thu May  7 13:59:27 2026: Server is using token UUID: 'bdb0d8e7-e868-4a16-b99b-82bb87b5b7e7'
Thu May  7 13:59:27 2026: SESSION_MGR: creating session with session uuid: '6d04a3e9-ade5-4ab9-8d63-1f78fcd2ec76' and name 'default'
Thu May  7 13:59:27 2026: Attempting to start server on port '38283'
Thu May  7 13:59:27 2026: XCD main fifo: created main fifo '/tmp/xcdmainbdb0d8e7-e868-4a16-b99b-82bb87b5b7e7', fd read = 13
Thu May  7 13:59:27 2026: Running Dispatch Server
Thu May  7 13:59:27 2026: Version 2.2.0
Thu May  7 13:59:29 2026: Dispatch Server: Accepted socket connection from client
Thu May  7 13:59:29 2026: Starting Socket connection
Thu May  7 13:59:29 2026: EXCHANGE_TOKEN received, server token: bdb0d8e7-e868-4a16-b99b-82bb87b5b7e7, passed token: bdb0d8e7-e868-4a16-b99b-82bb87b5b7e7
Thu May  7 13:59:29 2026: DISPATCH_HANDLER: Adding handler from function makeHandler in library libxv_system_diagram
Thu May  7 13:59:29 2026: SESSION_MGR: creating session with session uuid: '7def70f8-d144-478b-a9bb-b585491996ad' and name 'vitis-run_compile_mxm_execute_ursa'
Thu May  7 13:59:29 2026: KERNEL_SVC: creating session with uuid: '7def70f8-d144-478b-a9bb-b585491996ad' and name 'vitis-run_compile_mxm_execute_ursa'
Thu May  7 13:59:29 2026: GUIDANCE_SMGR: creating guidance session with uuid: '7def70f8-d144-478b-a9bb-b585491996ad' and name 'vitis-run_compile_mxm_execute_ursa'
Thu May  7 13:59:29 2026: SYSTEM_DIAGRAM: creating session with uuid: '7def70f8-d144-478b-a9bb-b585491996ad' and name 'vitis-run_compile_mxm_execute_ursa'
Thu May  7 13:59:31 2026: Dispatch Server: Accepted socket connection from client
Thu May  7 13:59:31 2026: Starting Socket connection
Thu May  7 13:59:48 2026: SESSION_MGR: closing session for UUID '7def70f8-d144-478b-a9bb-b585491996ad' with name 'vitis-run_compile_mxm_execute_ursa'
Thu May  7 13:59:48 2026: KERNEL_SVC: closing session for UUID '7def70f8-d144-478b-a9bb-b585491996ad' with name 'vitis-run_compile_mxm_execute_ursa'
Thu May  7 13:59:48 2026: GUIDANCE_SMGR: closing session for UUID '7def70f8-d144-478b-a9bb-b585491996ad' with name 'vitis-run_compile_mxm_execute_ursa'
Thu May  7 13:59:48 2026: SYSTEM_DIAGRAM: closing session for UUID '7def70f8-d144-478b-a9bb-b585491996ad' with name 'vitis-run_compile_mxm_execute_ursa'
Thu May  7 13:59:48 2026: STOP_SERVER received, server token: bdb0d8e7-e868-4a16-b99b-82bb87b5b7e7, passed token: bdb0d8e7-e868-4a16-b99b-82bb87b5b7e7
Thu May  7 13:59:48 2026: Socket received request to stop server.
Thu May  7 13:59:48 2026: Dispatch Server: do_await_stop
Thu May  7 13:59:48 2026: Dispatch Server: stopping mainFifo_
Thu May  7 13:59:48 2026: XCD main fifo: Stopping
Thu May  7 13:59:48 2026: XCD main fifo: do_read error code: Operation canceled
Thu May  7 13:59:48 2026: XCD main fifo: bytes_transferred: 0
Thu May  7 13:59:48 2026: SERVER: destructor for server bound to port 38283
Thu May  7 13:59:48 2026: XCD main fifo: Good unlink of /tmp/xcdmainbdb0d8e7-e868-4a16-b99b-82bb87b5b7e7
Thu May  7 13:59:48 2026: Server exiting with status 0.
Thu May  7 13:59:48 2026: Closing log file.
Tue Jun  2 13:32:51 2026: Running xcd server. This server was built by gradle.
Tue Jun  2 13:32:51 2026: Server was asked to start on port: '39551'
Tue Jun  2 13:32:51 2026: Server is using token UUID: '1a123508-5b6c-47d5-858e-0516b9730a46'
Tue Jun  2 13:32:51 2026: SESSION_MGR: creating session with session uuid: '6d04a3e9-ade5-4ab9-8d63-1f78fcd2ec76' and name 'default'
Tue Jun  2 13:32:51 2026: Attempting to start server on port '39551'
Tue Jun  2 13:32:51 2026: XCD main fifo: created main fifo '/tmp/xcdmain1a123508-5b6c-47d5-858e-0516b9730a46', fd read = 13
Tue Jun  2 13:32:51 2026: Running Dispatch Server
Tue Jun  2 13:32:51 2026: Version 2.2.0
Tue Jun  2 13:32:53 2026: Dispatch Server: Accepted socket connection from client
Tue Jun  2 13:32:53 2026: Starting Socket connection
Tue Jun  2 13:32:53 2026: EXCHANGE_TOKEN received, server token: 1a123508-5b6c-47d5-858e-0516b9730a46, passed token: 1a123508-5b6c-47d5-858e-0516b9730a46
Tue Jun  2 13:32:53 2026: DISPATCH_HANDLER: Adding handler from function makeHandler in library libxv_system_diagram
Tue Jun  2 13:32:53 2026: SESSION_MGR: creating session with session uuid: '3e8de621-e5a5-475d-8c0a-22e796f896ea' and name 'vitis-run_compile_mxm_execute_ursa'
Tue Jun  2 13:32:53 2026: KERNEL_SVC: creating session with uuid: '3e8de621-e5a5-475d-8c0a-22e796f896ea' and name 'vitis-run_compile_mxm_execute_ursa'
Tue Jun  2 13:32:53 2026: GUIDANCE_SMGR: creating guidance session with uuid: '3e8de621-e5a5-475d-8c0a-22e796f896ea' and name 'vitis-run_compile_mxm_execute_ursa'
Tue Jun  2 13:32:53 2026: SYSTEM_DIAGRAM: creating session with uuid: '3e8de621-e5a5-475d-8c0a-22e796f896ea' and name 'vitis-run_compile_mxm_execute_ursa'
Tue Jun  2 13:32:56 2026: Dispatch Server: Accepted socket connection from client
Tue Jun  2 13:32:56 2026: Starting Socket connection
Tue Jun  2 13:32:56 2026: SESSION_MGR: closing session for UUID '3e8de621-e5a5-475d-8c0a-22e796f896ea' with name 'vitis-run_compile_mxm_execute_ursa'
Tue Jun  2 13:32:56 2026: KERNEL_SVC: closing session for UUID '3e8de621-e5a5-475d-8c0a-22e796f896ea' with name 'vitis-run_compile_mxm_execute_ursa'
Tue Jun  2 13:32:56 2026: GUIDANCE_SMGR: closing session for UUID '3e8de621-e5a5-475d-8c0a-22e796f896ea' with name 'vitis-run_compile_mxm_execute_ursa'
Tue Jun  2 13:32:56 2026: SYSTEM_DIAGRAM: closing session for UUID '3e8de621-e5a5-475d-8c0a-22e796f896ea' with name 'vitis-run_compile_mxm_execute_ursa'
Tue Jun  2 13:32:56 2026: STOP_SERVER received, server token: 1a123508-5b6c-47d5-858e-0516b9730a46, passed token: 1a123508-5b6c-47d5-858e-0516b9730a46
Tue Jun  2 13:32:56 2026: Socket received request to stop server.
Tue Jun  2 13:32:56 2026: Dispatch Server: do_await_stop
Tue Jun  2 13:32:56 2026: Dispatch Server: stopping mainFifo_
Tue Jun  2 13:32:56 2026: XCD main fifo: Stopping
Tue Jun  2 13:32:56 2026: XCD main fifo: do_read error code: Operation canceled
Tue Jun  2 13:32:56 2026: XCD main fifo: bytes_transferred: 0
Tue Jun  2 13:32:56 2026: SERVER: destructor for server bound to port 39551
Tue Jun  2 13:32:56 2026: XCD main fifo: Good unlink of /tmp/xcdmain1a123508-5b6c-47d5-858e-0516b9730a46
Tue Jun  2 13:32:56 2026: Server exiting with status 0.
Tue Jun  2 13:32:56 2026: Closing log file.
Tue Jun  2 13:33:07 2026: Running xcd server. This server was built by gradle.
Tue Jun  2 13:33:07 2026: Server was asked to start on port: '32975'
Tue Jun  2 13:33:07 2026: Server is using token UUID: '13336503-9925-46cb-8c7b-05c1df006eb7'
Tue Jun  2 13:33:07 2026: SESSION_MGR: creating session with session uuid: '6d04a3e9-ade5-4ab9-8d63-1f78fcd2ec76' and name 'default'
Tue Jun  2 13:33:07 2026: Attempting to start server on port '32975'
Tue Jun  2 13:33:07 2026: XCD main fifo: created main fifo '/tmp/xcdmain13336503-9925-46cb-8c7b-05c1df006eb7', fd read = 13
Tue Jun  2 13:33:07 2026: Running Dispatch Server
Tue Jun  2 13:33:07 2026: Version 2.2.0
Tue Jun  2 13:33:09 2026: Dispatch Server: Accepted socket connection from client
Tue Jun  2 13:33:09 2026: Starting Socket connection
Tue Jun  2 13:33:09 2026: EXCHANGE_TOKEN received, server token: 13336503-9925-46cb-8c7b-05c1df006eb7, passed token: 13336503-9925-46cb-8c7b-05c1df006eb7
Tue Jun  2 13:33:09 2026: DISPATCH_HANDLER: Adding handler from function makeHandler in library libxv_system_diagram
Tue Jun  2 13:33:09 2026: SESSION_MGR: creating session with session uuid: 'f08d7428-5acd-4ec1-86e9-713c76a25a4f' and name 'v++_compile_mxm_execute_ursa'
Tue Jun  2 13:33:09 2026: KERNEL_SVC: creating session with uuid: 'f08d7428-5acd-4ec1-86e9-713c76a25a4f' and name 'v++_compile_mxm_execute_ursa'
Tue Jun  2 13:33:09 2026: GUIDANCE_SMGR: creating guidance session with uuid: 'f08d7428-5acd-4ec1-86e9-713c76a25a4f' and name 'v++_compile_mxm_execute_ursa'
Tue Jun  2 13:33:09 2026: SYSTEM_DIAGRAM: creating session with uuid: 'f08d7428-5acd-4ec1-86e9-713c76a25a4f' and name 'v++_compile_mxm_execute_ursa'
Tue Jun  2 13:33:11 2026: Dispatch Server: Accepted socket connection from client
Tue Jun  2 13:33:11 2026: Starting Socket connection
Tue Jun  2 13:33:38 2026: SESSION_MGR: closing session for UUID 'f08d7428-5acd-4ec1-86e9-713c76a25a4f' with name 'v++_compile_mxm_execute_ursa'
Tue Jun  2 13:33:38 2026: KERNEL_SVC: closing session for UUID 'f08d7428-5acd-4ec1-86e9-713c76a25a4f' with name 'v++_compile_mxm_execute_ursa'
Tue Jun  2 13:33:38 2026: GUIDANCE_SMGR: closing session for UUID 'f08d7428-5acd-4ec1-86e9-713c76a25a4f' with name 'v++_compile_mxm_execute_ursa'
Tue Jun  2 13:33:38 2026: SYSTEM_DIAGRAM: closing session for UUID 'f08d7428-5acd-4ec1-86e9-713c76a25a4f' with name 'v++_compile_mxm_execute_ursa'
Tue Jun  2 13:33:38 2026: STOP_SERVER received, server token: 13336503-9925-46cb-8c7b-05c1df006eb7, passed token: 13336503-9925-46cb-8c7b-05c1df006eb7
Tue Jun  2 13:33:38 2026: Socket received request to stop server.
Tue Jun  2 13:33:38 2026: Dispatch Server: do_await_stop
Tue Jun  2 13:33:38 2026: Dispatch Server: stopping mainFifo_
Tue Jun  2 13:33:38 2026: XCD main fifo: Stopping
Tue Jun  2 13:33:38 2026: XCD main fifo: do_read error code: Operation canceled
Tue Jun  2 13:33:38 2026: XCD main fifo: bytes_transferred: 0
Tue Jun  2 13:33:38 2026: SERVER: destructor for server bound to port 32975
Tue Jun  2 13:33:38 2026: XCD main fifo: Good unlink of /tmp/xcdmain13336503-9925-46cb-8c7b-05c1df006eb7
Tue Jun  2 13:33:38 2026: Server exiting with status 0.
Tue Jun  2 13:33:38 2026: Closing log file.
Tue Jun  2 13:33:49 2026: Running xcd server. This server was built by gradle.
Tue Jun  2 13:33:49 2026: Server was asked to start on port: '39049'
Tue Jun  2 13:33:49 2026: Server is using token UUID: '3040d4d3-effb-4ddc-bca2-e701e70946f5'
Tue Jun  2 13:33:49 2026: SESSION_MGR: creating session with session uuid: '6d04a3e9-ade5-4ab9-8d63-1f78fcd2ec76' and name 'default'
Tue Jun  2 13:33:49 2026: Attempting to start server on port '39049'
Tue Jun  2 13:33:49 2026: XCD main fifo: created main fifo '/tmp/xcdmain3040d4d3-effb-4ddc-bca2-e701e70946f5', fd read = 13
Tue Jun  2 13:33:49 2026: Running Dispatch Server
Tue Jun  2 13:33:49 2026: Version 2.2.0
Tue Jun  2 13:33:51 2026: Dispatch Server: Accepted socket connection from client
Tue Jun  2 13:33:51 2026: Starting Socket connection
Tue Jun  2 13:33:51 2026: EXCHANGE_TOKEN received, server token: 3040d4d3-effb-4ddc-bca2-e701e70946f5, passed token: 3040d4d3-effb-4ddc-bca2-e701e70946f5
Tue Jun  2 13:33:51 2026: DISPATCH_HANDLER: Adding handler from function makeHandler in library libxv_system_diagram
Tue Jun  2 13:33:51 2026: SESSION_MGR: creating session with session uuid: '969a7fae-1270-4475-a1e6-91dfe1d2d81a' and name 'vitis-run_compile_mxm_execute_ursa'
Tue Jun  2 13:33:51 2026: KERNEL_SVC: creating session with uuid: '969a7fae-1270-4475-a1e6-91dfe1d2d81a' and name 'vitis-run_compile_mxm_execute_ursa'
Tue Jun  2 13:33:51 2026: GUIDANCE_SMGR: creating guidance session with uuid: '969a7fae-1270-4475-a1e6-91dfe1d2d81a' and name 'vitis-run_compile_mxm_execute_ursa'
Tue Jun  2 13:33:51 2026: SYSTEM_DIAGRAM: creating session with uuid: '969a7fae-1270-4475-a1e6-91dfe1d2d81a' and name 'vitis-run_compile_mxm_execute_ursa'
Tue Jun  2 13:33:53 2026: Dispatch Server: Accepted socket connection from client
Tue Jun  2 13:33:53 2026: Starting Socket connection
Tue Jun  2 13:34:08 2026: SESSION_MGR: closing session for UUID '969a7fae-1270-4475-a1e6-91dfe1d2d81a' with name 'vitis-run_compile_mxm_execute_ursa'
Tue Jun  2 13:34:08 2026: KERNEL_SVC: closing session for UUID '969a7fae-1270-4475-a1e6-91dfe1d2d81a' with name 'vitis-run_compile_mxm_execute_ursa'
Tue Jun  2 13:34:08 2026: GUIDANCE_SMGR: closing session for UUID '969a7fae-1270-4475-a1e6-91dfe1d2d81a' with name 'vitis-run_compile_mxm_execute_ursa'
Tue Jun  2 13:34:08 2026: SYSTEM_DIAGRAM: closing session for UUID '969a7fae-1270-4475-a1e6-91dfe1d2d81a' with name 'vitis-run_compile_mxm_execute_ursa'
Tue Jun  2 13:34:08 2026: STOP_SERVER received, server token: 3040d4d3-effb-4ddc-bca2-e701e70946f5, passed token: 3040d4d3-effb-4ddc-bca2-e701e70946f5
Tue Jun  2 13:34:08 2026: Socket received request to stop server.
Tue Jun  2 13:34:08 2026: Dispatch Server: do_await_stop
Tue Jun  2 13:34:08 2026: Dispatch Server: stopping mainFifo_
Tue Jun  2 13:34:08 2026: XCD main fifo: Stopping
Tue Jun  2 13:34:08 2026: XCD main fifo: do_read error code: Operation canceled
Tue Jun  2 13:34:08 2026: XCD main fifo: bytes_transferred: 0
Tue Jun  2 13:34:08 2026: SERVER: destructor for server bound to port 39049
Tue Jun  2 13:34:08 2026: XCD main fifo: Good unlink of /tmp/xcdmain3040d4d3-effb-4ddc-bca2-e701e70946f5
Tue Jun  2 13:34:08 2026: Server exiting with status 0.
Tue Jun  2 13:34:08 2026: Closing log file.
