

================================================================
== Vitis HLS Report for 'sa_store'
================================================================
* Date:           Thu Sep 24 17:27:11 2026

* Version:        2023.2 (Build 4023990 on Oct 11 2023)
* Project:        mxm_execute_ursa
* Solution:       hls (Vivado IP Flow Target)
* Product family: zynq
* Target device:  xc7z020-clg484-1


================================================================
== Performance Estimates
================================================================
+ Timing: 
    * Summary: 
    +--------+----------+----------+------------+
    |  Clock |  Target  | Estimated| Uncertainty|
    +--------+----------+----------+------------+
    |ap_clk  |  10.00 ns|  7.300 ns|     2.70 ns|
    +--------+----------+----------+------------+

+ Latency: 
    * Summary: 
    +---------+---------+----------+----------+-----+-----+---------+
    |  Latency (cycles) |  Latency (absolute) |  Interval | Pipeline|
    |   min   |   max   |    min   |    max   | min | max |   Type  |
    +---------+---------+----------+----------+-----+-----+---------+
    |       69|       69|  0.690 us|  0.690 us|   64|   64|      yes|
    +---------+---------+----------+----------+-----+-----+---------+

    + Detail: 
        * Instance: 
        N/A

        * Loop: 
        N/A



================================================================
== Utilization Estimates
================================================================
* Summary: 
+-----------------+---------+-----+--------+-------+-----+
|       Name      | BRAM_18K| DSP |   FF   |  LUT  | URAM|
+-----------------+---------+-----+--------+-------+-----+
|DSP              |        -|    -|       -|      -|    -|
|Expression       |        -|    -|       0|    413|    -|
|FIFO             |        -|    -|       -|      -|    -|
|Instance         |        -|    -|       -|      -|    -|
|Memory           |        -|    -|       -|      -|    -|
|Multiplexer      |        -|    -|       -|    655|    -|
|Register         |        -|    -|     404|      -|    -|
+-----------------+---------+-----+--------+-------+-----+
|Total            |        0|    0|     404|   1068|    0|
+-----------------+---------+-----+--------+-------+-----+
|Available        |      280|  220|  106400|  53200|    0|
+-----------------+---------+-----+--------+-------+-----+
|Utilization (%)  |        0|    0|      ~0|      2|    0|
+-----------------+---------+-----+--------+-------+-----+

+ Detail: 
    * Instance: 
    N/A

    * DSP: 
    N/A

    * Memory: 
    N/A

    * FIFO: 
    N/A

    * Expression: 
    +----------------------------+----------+----+---+----+------------+------------+
    |        Variable Name       | Operation| DSP| FF| LUT| Bitwidth P0| Bitwidth P1|
    +----------------------------+----------+----+---+----+------------+------------+
    |empty_41_fu_876_p2          |         +|   0|  0|  39|          32|          32|
    |empty_44_fu_984_p2          |         +|   0|  0|  39|          32|          32|
    |empty_48_fu_1115_p2         |         +|   0|  0|  39|          32|          32|
    |empty_51_fu_1130_p2         |         +|   0|  0|  39|          32|          32|
    |empty_54_fu_1145_p2         |         +|   0|  0|  39|          32|          32|
    |empty_58_fu_1181_p2         |         +|   0|  0|  39|          32|          32|
    |empty_62_fu_1206_p2         |         +|   0|  0|  39|          32|          32|
    |empty_47_fu_1105_p2         |         -|   0|  0|  28|          21|          21|
    |empty_57_fu_1171_p2         |         -|   0|  0|  29|          22|          22|
    |empty_61_fu_1196_p2         |         -|   0|  0|  29|          22|          22|
    |ap_block_pp0_stage10_11001  |       and|   0|  0|   2|           1|           1|
    |ap_block_pp0_stage13_01001  |       and|   0|  0|   2|           1|           1|
    |ap_block_pp0_stage13_11001  |       and|   0|  0|   2|           1|           1|
    |ap_block_pp0_stage16_11001  |       and|   0|  0|   2|           1|           1|
    |ap_block_pp0_stage21_01001  |       and|   0|  0|   2|           1|           1|
    |ap_block_pp0_stage21_11001  |       and|   0|  0|   2|           1|           1|
    |ap_block_pp0_stage24_11001  |       and|   0|  0|   2|           1|           1|
    |ap_block_pp0_stage29_01001  |       and|   0|  0|   2|           1|           1|
    |ap_block_pp0_stage29_11001  |       and|   0|  0|   2|           1|           1|
    |ap_block_pp0_stage32_11001  |       and|   0|  0|   2|           1|           1|
    |ap_block_pp0_stage37_01001  |       and|   0|  0|   2|           1|           1|
    |ap_block_pp0_stage37_11001  |       and|   0|  0|   2|           1|           1|
    |ap_block_pp0_stage40_11001  |       and|   0|  0|   2|           1|           1|
    |ap_block_pp0_stage45_01001  |       and|   0|  0|   2|           1|           1|
    |ap_block_pp0_stage45_11001  |       and|   0|  0|   2|           1|           1|
    |ap_block_pp0_stage48_11001  |       and|   0|  0|   2|           1|           1|
    |ap_block_pp0_stage53_01001  |       and|   0|  0|   2|           1|           1|
    |ap_block_pp0_stage53_11001  |       and|   0|  0|   2|           1|           1|
    |ap_block_pp0_stage56_11001  |       and|   0|  0|   2|           1|           1|
    |ap_block_pp0_stage5_01001   |       and|   0|  0|   2|           1|           1|
    |ap_block_pp0_stage61_01001  |       and|   0|  0|   2|           1|           1|
    |ap_block_pp0_stage61_11001  |       and|   0|  0|   2|           1|           1|
    |ap_block_pp0_stage8_11001   |       and|   0|  0|   2|           1|           1|
    |ap_block_pp0_stage0_11001   |        or|   0|  0|   2|           1|           1|
    |ap_block_pp0_stage5_11001   |        or|   0|  0|   2|           1|           1|
    |ap_block_state17_io         |        or|   0|  0|   2|           1|           1|
    |ap_enable_pp0               |       xor|   0|  0|   2|           1|           2|
    +----------------------------+----------+----+---+----+------------+------------+
    |Total                       |          |   0|  0| 413|         316|         317|
    +----------------------------+----------+----+---+----+------------+------------+

    * Multiplexer: 
    +-------------------------+-----+-----------+-----+-----------+
    |           Name          | LUT | Input Size| Bits| Total Bits|
    +-------------------------+-----+-----------+-----+-----------+
    |ap_NS_fsm                |  281|         65|    1|         65|
    |ap_enable_reg_pp0_iter0  |    9|          2|    1|          2|
    |ap_enable_reg_pp0_iter1  |    9|          2|    1|          2|
    |ca_blk_n_AW              |    9|          2|    1|          2|
    |ca_blk_n_B               |    9|          2|    1|          2|
    |ca_blk_n_W               |    9|          2|    1|          2|
    |m_axi_ca_AWADDR          |   48|          9|   32|        288|
    |m_axi_ca_WDATA           |  281|         65|   32|       2080|
    +-------------------------+-----+-----------+-----+-----------+
    |Total                    |  655|        149|   70|       2443|
    +-------------------------+-----+-----------+-----+-----------+

    * Register: 
    +-----------------------------+----+----+-----+-----------+
    |             Name            | FF | LUT| Bits| Const Bits|
    +-----------------------------+----+----+-----+-----------+
    |ap_CS_fsm                    |  64|   0|   64|          0|
    |ap_enable_reg_pp0_iter0_reg  |   1|   0|    1|          0|
    |ap_enable_reg_pp0_iter1      |   1|   0|    1|          0|
    |ap_port_reg_b0_q             |  16|   0|   16|          0|
    |b0_q_read_reg_1663           |  16|   0|   16|          0|
    |empty_41_reg_1676            |  32|   0|   32|          0|
    |out_read_reg_1640            |  32|   0|   32|          0|
    |p_cast1_reg_1737             |  30|   0|   30|          0|
    |p_cast2_reg_1704             |  30|   0|   30|          0|
    |p_cast5_reg_1722             |  30|   0|   30|          0|
    |p_cast6_reg_1727             |  30|   0|   30|          0|
    |p_cast7_reg_1732             |  30|   0|   30|          0|
    |p_cast_reg_1681              |  30|   0|   30|          0|
    |tmp_1_reg_1699               |  16|   0|   19|          3|
    |tmp_reg_1670                 |  16|   0|   18|          2|
    |trunc_ln1_reg_1742           |  30|   0|   30|          0|
    +-----------------------------+----+----+-----+-----------+
    |Total                        | 404|   0|  409|          5|
    +-----------------------------+----+----+-----+-----------+



================================================================
== Interface
================================================================
* Summary: 
+-----------------------------------------------------------------------------------+-----+-----+------------+-----------------------------------------------------------------------------------+--------------+
|                                     RTL Ports                                     | Dir | Bits|  Protocol  |                                   Source Object                                   |    C Type    |
+-----------------------------------------------------------------------------------+-----+-----+------------+-----------------------------------------------------------------------------------+--------------+
|ap_clk                                                                             |   in|    1|  ap_ctrl_hs|                                                                           sa_store|  return value|
|ap_rst                                                                             |   in|    1|  ap_ctrl_hs|                                                                           sa_store|  return value|
|ap_start                                                                           |   in|    1|  ap_ctrl_hs|                                                                           sa_store|  return value|
|ap_done                                                                            |  out|    1|  ap_ctrl_hs|                                                                           sa_store|  return value|
|ap_idle                                                                            |  out|    1|  ap_ctrl_hs|                                                                           sa_store|  return value|
|ap_ready                                                                           |  out|    1|  ap_ctrl_hs|                                                                           sa_store|  return value|
|ca_blk_n_AW                                                                        |  out|    1|  ap_ctrl_hs|                                                                           sa_store|  return value|
|ca_blk_n_W                                                                         |  out|    1|  ap_ctrl_hs|                                                                           sa_store|  return value|
|ca_blk_n_B                                                                         |  out|    1|  ap_ctrl_hs|                                                                           sa_store|  return value|
|m_axi_ca_AWVALID                                                                   |  out|    1|       m_axi|                                                                                 ca|       pointer|
|m_axi_ca_AWREADY                                                                   |   in|    1|       m_axi|                                                                                 ca|       pointer|
|m_axi_ca_AWADDR                                                                    |  out|   32|       m_axi|                                                                                 ca|       pointer|
|m_axi_ca_AWID                                                                      |  out|    1|       m_axi|                                                                                 ca|       pointer|
|m_axi_ca_AWLEN                                                                     |  out|   32|       m_axi|                                                                                 ca|       pointer|
|m_axi_ca_AWSIZE                                                                    |  out|    3|       m_axi|                                                                                 ca|       pointer|
|m_axi_ca_AWBURST                                                                   |  out|    2|       m_axi|                                                                                 ca|       pointer|
|m_axi_ca_AWLOCK                                                                    |  out|    2|       m_axi|                                                                                 ca|       pointer|
|m_axi_ca_AWCACHE                                                                   |  out|    4|       m_axi|                                                                                 ca|       pointer|
|m_axi_ca_AWPROT                                                                    |  out|    3|       m_axi|                                                                                 ca|       pointer|
|m_axi_ca_AWQOS                                                                     |  out|    4|       m_axi|                                                                                 ca|       pointer|
|m_axi_ca_AWREGION                                                                  |  out|    4|       m_axi|                                                                                 ca|       pointer|
|m_axi_ca_AWUSER                                                                    |  out|    1|       m_axi|                                                                                 ca|       pointer|
|m_axi_ca_WVALID                                                                    |  out|    1|       m_axi|                                                                                 ca|       pointer|
|m_axi_ca_WREADY                                                                    |   in|    1|       m_axi|                                                                                 ca|       pointer|
|m_axi_ca_WDATA                                                                     |  out|   32|       m_axi|                                                                                 ca|       pointer|
|m_axi_ca_WSTRB                                                                     |  out|    4|       m_axi|                                                                                 ca|       pointer|
|m_axi_ca_WLAST                                                                     |  out|    1|       m_axi|                                                                                 ca|       pointer|
|m_axi_ca_WID                                                                       |  out|    1|       m_axi|                                                                                 ca|       pointer|
|m_axi_ca_WUSER                                                                     |  out|    1|       m_axi|                                                                                 ca|       pointer|
|m_axi_ca_ARVALID                                                                   |  out|    1|       m_axi|                                                                                 ca|       pointer|
|m_axi_ca_ARREADY                                                                   |   in|    1|       m_axi|                                                                                 ca|       pointer|
|m_axi_ca_ARADDR                                                                    |  out|   32|       m_axi|                                                                                 ca|       pointer|
|m_axi_ca_ARID                                                                      |  out|    1|       m_axi|                                                                                 ca|       pointer|
|m_axi_ca_ARLEN                                                                     |  out|   32|       m_axi|                                                                                 ca|       pointer|
|m_axi_ca_ARSIZE                                                                    |  out|    3|       m_axi|                                                                                 ca|       pointer|
|m_axi_ca_ARBURST                                                                   |  out|    2|       m_axi|                                                                                 ca|       pointer|
|m_axi_ca_ARLOCK                                                                    |  out|    2|       m_axi|                                                                                 ca|       pointer|
|m_axi_ca_ARCACHE                                                                   |  out|    4|       m_axi|                                                                                 ca|       pointer|
|m_axi_ca_ARPROT                                                                    |  out|    3|       m_axi|                                                                                 ca|       pointer|
|m_axi_ca_ARQOS                                                                     |  out|    4|       m_axi|                                                                                 ca|       pointer|
|m_axi_ca_ARREGION                                                                  |  out|    4|       m_axi|                                                                                 ca|       pointer|
|m_axi_ca_ARUSER                                                                    |  out|    1|       m_axi|                                                                                 ca|       pointer|
|m_axi_ca_RVALID                                                                    |   in|    1|       m_axi|                                                                                 ca|       pointer|
|m_axi_ca_RREADY                                                                    |  out|    1|       m_axi|                                                                                 ca|       pointer|
|m_axi_ca_RDATA                                                                     |   in|   32|       m_axi|                                                                                 ca|       pointer|
|m_axi_ca_RLAST                                                                     |   in|    1|       m_axi|                                                                                 ca|       pointer|
|m_axi_ca_RID                                                                       |   in|    1|       m_axi|                                                                                 ca|       pointer|
|m_axi_ca_RFIFONUM                                                                  |   in|   10|       m_axi|                                                                                 ca|       pointer|
|m_axi_ca_RUSER                                                                     |   in|    1|       m_axi|                                                                                 ca|       pointer|
|m_axi_ca_RRESP                                                                     |   in|    2|       m_axi|                                                                                 ca|       pointer|
|m_axi_ca_BVALID                                                                    |   in|    1|       m_axi|                                                                                 ca|       pointer|
|m_axi_ca_BREADY                                                                    |  out|    1|       m_axi|                                                                                 ca|       pointer|
|m_axi_ca_BRESP                                                                     |   in|    2|       m_axi|                                                                                 ca|       pointer|
|m_axi_ca_BID                                                                       |   in|    1|       m_axi|                                                                                 ca|       pointer|
|m_axi_ca_BUSER                                                                     |   in|    1|       m_axi|                                                                                 ca|       pointer|
|out_r                                                                              |   in|   32|     ap_none|                                                                              out_r|        scalar|
|b0_q                                                                               |   in|   16|     ap_none|                                                                               b0_q|        scalar|
|mxm_execute_ursa_ap_uint_unsigned_short_ap_uint_unsigned_short_int_unsigned_s_39   |   in|   20|     ap_none|   mxm_execute_ursa_ap_uint_unsigned_short_ap_uint_unsigned_short_int_unsigned_s_39|       pointer|
|mxm_execute_ursa_ap_uint_unsigned_short_ap_uint_unsigned_short_int_unsigned_s_40   |   in|   20|     ap_none|   mxm_execute_ursa_ap_uint_unsigned_short_ap_uint_unsigned_short_int_unsigned_s_40|       pointer|
|mxm_execute_ursa_ap_uint_unsigned_short_ap_uint_unsigned_short_int_unsigned_s_41   |   in|   20|     ap_none|   mxm_execute_ursa_ap_uint_unsigned_short_ap_uint_unsigned_short_int_unsigned_s_41|       pointer|
|mxm_execute_ursa_ap_uint_unsigned_short_ap_uint_unsigned_short_int_unsigned_s_42   |   in|   20|     ap_none|   mxm_execute_ursa_ap_uint_unsigned_short_ap_uint_unsigned_short_int_unsigned_s_42|       pointer|
|mxm_execute_ursa_ap_uint_unsigned_short_ap_uint_unsigned_short_int_unsigned_s_44   |   in|   20|     ap_none|   mxm_execute_ursa_ap_uint_unsigned_short_ap_uint_unsigned_short_int_unsigned_s_44|       pointer|
|mxm_execute_ursa_ap_uint_unsigned_short_ap_uint_unsigned_short_int_unsigned_s_45   |   in|   20|     ap_none|   mxm_execute_ursa_ap_uint_unsigned_short_ap_uint_unsigned_short_int_unsigned_s_45|       pointer|
|mxm_execute_ursa_ap_uint_unsigned_short_ap_uint_unsigned_short_int_unsigned_s_46   |   in|   20|     ap_none|   mxm_execute_ursa_ap_uint_unsigned_short_ap_uint_unsigned_short_int_unsigned_s_46|       pointer|
|mxm_execute_ursa_ap_uint_unsigned_short_ap_uint_unsigned_short_int_unsigned_s_47   |   in|   20|     ap_none|   mxm_execute_ursa_ap_uint_unsigned_short_ap_uint_unsigned_short_int_unsigned_s_47|       pointer|
|mxm_execute_ursa_ap_uint_unsigned_short_ap_uint_unsigned_short_int_unsigned_s_48   |   in|   20|     ap_none|   mxm_execute_ursa_ap_uint_unsigned_short_ap_uint_unsigned_short_int_unsigned_s_48|       pointer|
|mxm_execute_ursa_ap_uint_unsigned_short_ap_uint_unsigned_short_int_unsigned_s_49   |   in|   20|     ap_none|   mxm_execute_ursa_ap_uint_unsigned_short_ap_uint_unsigned_short_int_unsigned_s_49|       pointer|
|mxm_execute_ursa_ap_uint_unsigned_short_ap_uint_unsigned_short_int_unsigned_s_50   |   in|   20|     ap_none|   mxm_execute_ursa_ap_uint_unsigned_short_ap_uint_unsigned_short_int_unsigned_s_50|       pointer|
|mxm_execute_ursa_ap_uint_unsigned_short_ap_uint_unsigned_short_int_unsigned_s_51   |   in|   20|     ap_none|   mxm_execute_ursa_ap_uint_unsigned_short_ap_uint_unsigned_short_int_unsigned_s_51|       pointer|
|mxm_execute_ursa_ap_uint_unsigned_short_ap_uint_unsigned_short_int_unsigned_s_52   |   in|   20|     ap_none|   mxm_execute_ursa_ap_uint_unsigned_short_ap_uint_unsigned_short_int_unsigned_s_52|       pointer|
|mxm_execute_ursa_ap_uint_unsigned_short_ap_uint_unsigned_short_int_unsigned_s_53   |   in|   20|     ap_none|   mxm_execute_ursa_ap_uint_unsigned_short_ap_uint_unsigned_short_int_unsigned_s_53|       pointer|
|mxm_execute_ursa_ap_uint_unsigned_short_ap_uint_unsigned_short_int_unsigned_s_55   |   in|   20|     ap_none|   mxm_execute_ursa_ap_uint_unsigned_short_ap_uint_unsigned_short_int_unsigned_s_55|       pointer|
|mxm_execute_ursa_ap_uint_unsigned_short_ap_uint_unsigned_short_int_unsigned_s_56   |   in|   20|     ap_none|   mxm_execute_ursa_ap_uint_unsigned_short_ap_uint_unsigned_short_int_unsigned_s_56|       pointer|
|mxm_execute_ursa_ap_uint_unsigned_short_ap_uint_unsigned_short_int_unsigned_s_57   |   in|   20|     ap_none|   mxm_execute_ursa_ap_uint_unsigned_short_ap_uint_unsigned_short_int_unsigned_s_57|       pointer|
|mxm_execute_ursa_ap_uint_unsigned_short_ap_uint_unsigned_short_int_unsigned_s_58   |   in|   20|     ap_none|   mxm_execute_ursa_ap_uint_unsigned_short_ap_uint_unsigned_short_int_unsigned_s_58|       pointer|
|mxm_execute_ursa_ap_uint_unsigned_short_ap_uint_unsigned_short_int_unsigned_s_59   |   in|   20|     ap_none|   mxm_execute_ursa_ap_uint_unsigned_short_ap_uint_unsigned_short_int_unsigned_s_59|       pointer|
|mxm_execute_ursa_ap_uint_unsigned_short_ap_uint_unsigned_short_int_unsigned_s_60   |   in|   20|     ap_none|   mxm_execute_ursa_ap_uint_unsigned_short_ap_uint_unsigned_short_int_unsigned_s_60|       pointer|
|mxm_execute_ursa_ap_uint_unsigned_short_ap_uint_unsigned_short_int_unsigned_s_61   |   in|   20|     ap_none|   mxm_execute_ursa_ap_uint_unsigned_short_ap_uint_unsigned_short_int_unsigned_s_61|       pointer|
|mxm_execute_ursa_ap_uint_unsigned_short_ap_uint_unsigned_short_int_unsigned_s_62   |   in|   20|     ap_none|   mxm_execute_ursa_ap_uint_unsigned_short_ap_uint_unsigned_short_int_unsigned_s_62|       pointer|
|mxm_execute_ursa_ap_uint_unsigned_short_ap_uint_unsigned_short_int_unsigned_s_63   |   in|   20|     ap_none|   mxm_execute_ursa_ap_uint_unsigned_short_ap_uint_unsigned_short_int_unsigned_s_63|       pointer|
|mxm_execute_ursa_ap_uint_unsigned_short_ap_uint_unsigned_short_int_unsigned_s_64   |   in|   20|     ap_none|   mxm_execute_ursa_ap_uint_unsigned_short_ap_uint_unsigned_short_int_unsigned_s_64|       pointer|
|mxm_execute_ursa_ap_uint_unsigned_short_ap_uint_unsigned_short_int_unsigned_s_66   |   in|   20|     ap_none|   mxm_execute_ursa_ap_uint_unsigned_short_ap_uint_unsigned_short_int_unsigned_s_66|       pointer|
|mxm_execute_ursa_ap_uint_unsigned_short_ap_uint_unsigned_short_int_unsigned_s_67   |   in|   20|     ap_none|   mxm_execute_ursa_ap_uint_unsigned_short_ap_uint_unsigned_short_int_unsigned_s_67|       pointer|
|mxm_execute_ursa_ap_uint_unsigned_short_ap_uint_unsigned_short_int_unsigned_s_68   |   in|   20|     ap_none|   mxm_execute_ursa_ap_uint_unsigned_short_ap_uint_unsigned_short_int_unsigned_s_68|       pointer|
|mxm_execute_ursa_ap_uint_unsigned_short_ap_uint_unsigned_short_int_unsigned_s_69   |   in|   20|     ap_none|   mxm_execute_ursa_ap_uint_unsigned_short_ap_uint_unsigned_short_int_unsigned_s_69|       pointer|
|mxm_execute_ursa_ap_uint_unsigned_short_ap_uint_unsigned_short_int_unsigned_s_70   |   in|   20|     ap_none|   mxm_execute_ursa_ap_uint_unsigned_short_ap_uint_unsigned_short_int_unsigned_s_70|       pointer|
|mxm_execute_ursa_ap_uint_unsigned_short_ap_uint_unsigned_short_int_unsigned_s_71   |   in|   20|     ap_none|   mxm_execute_ursa_ap_uint_unsigned_short_ap_uint_unsigned_short_int_unsigned_s_71|       pointer|
|mxm_execute_ursa_ap_uint_unsigned_short_ap_uint_unsigned_short_int_unsigned_s_72   |   in|   20|     ap_none|   mxm_execute_ursa_ap_uint_unsigned_short_ap_uint_unsigned_short_int_unsigned_s_72|       pointer|
|mxm_execute_ursa_ap_uint_unsigned_short_ap_uint_unsigned_short_int_unsigned_s_73   |   in|   20|     ap_none|   mxm_execute_ursa_ap_uint_unsigned_short_ap_uint_unsigned_short_int_unsigned_s_73|       pointer|
|mxm_execute_ursa_ap_uint_unsigned_short_ap_uint_unsigned_short_int_unsigned_s_74   |   in|   20|     ap_none|   mxm_execute_ursa_ap_uint_unsigned_short_ap_uint_unsigned_short_int_unsigned_s_74|       pointer|
|mxm_execute_ursa_ap_uint_unsigned_short_ap_uint_unsigned_short_int_unsigned_s_75   |   in|   20|     ap_none|   mxm_execute_ursa_ap_uint_unsigned_short_ap_uint_unsigned_short_int_unsigned_s_75|       pointer|
|mxm_execute_ursa_ap_uint_unsigned_short_ap_uint_unsigned_short_int_unsigned_s_77   |   in|   20|     ap_none|   mxm_execute_ursa_ap_uint_unsigned_short_ap_uint_unsigned_short_int_unsigned_s_77|       pointer|
|mxm_execute_ursa_ap_uint_unsigned_short_ap_uint_unsigned_short_int_unsigned_s_78   |   in|   20|     ap_none|   mxm_execute_ursa_ap_uint_unsigned_short_ap_uint_unsigned_short_int_unsigned_s_78|       pointer|
|mxm_execute_ursa_ap_uint_unsigned_short_ap_uint_unsigned_short_int_unsigned_s_79   |   in|   20|     ap_none|   mxm_execute_ursa_ap_uint_unsigned_short_ap_uint_unsigned_short_int_unsigned_s_79|       pointer|
|mxm_execute_ursa_ap_uint_unsigned_short_ap_uint_unsigned_short_int_unsigned_s_80   |   in|   20|     ap_none|   mxm_execute_ursa_ap_uint_unsigned_short_ap_uint_unsigned_short_int_unsigned_s_80|       pointer|
|mxm_execute_ursa_ap_uint_unsigned_short_ap_uint_unsigned_short_int_unsigned_s_81   |   in|   20|     ap_none|   mxm_execute_ursa_ap_uint_unsigned_short_ap_uint_unsigned_short_int_unsigned_s_81|       pointer|
|mxm_execute_ursa_ap_uint_unsigned_short_ap_uint_unsigned_short_int_unsigned_s_82   |   in|   20|     ap_none|   mxm_execute_ursa_ap_uint_unsigned_short_ap_uint_unsigned_short_int_unsigned_s_82|       pointer|
|mxm_execute_ursa_ap_uint_unsigned_short_ap_uint_unsigned_short_int_unsigned_s_83   |   in|   20|     ap_none|   mxm_execute_ursa_ap_uint_unsigned_short_ap_uint_unsigned_short_int_unsigned_s_83|       pointer|
|mxm_execute_ursa_ap_uint_unsigned_short_ap_uint_unsigned_short_int_unsigned_s_84   |   in|   20|     ap_none|   mxm_execute_ursa_ap_uint_unsigned_short_ap_uint_unsigned_short_int_unsigned_s_84|       pointer|
|mxm_execute_ursa_ap_uint_unsigned_short_ap_uint_unsigned_short_int_unsigned_s_85   |   in|   20|     ap_none|   mxm_execute_ursa_ap_uint_unsigned_short_ap_uint_unsigned_short_int_unsigned_s_85|       pointer|
|mxm_execute_ursa_ap_uint_unsigned_short_ap_uint_unsigned_short_int_unsigned_s_86   |   in|   20|     ap_none|   mxm_execute_ursa_ap_uint_unsigned_short_ap_uint_unsigned_short_int_unsigned_s_86|       pointer|
|mxm_execute_ursa_ap_uint_unsigned_short_ap_uint_unsigned_short_int_unsigned_s_88   |   in|   20|     ap_none|   mxm_execute_ursa_ap_uint_unsigned_short_ap_uint_unsigned_short_int_unsigned_s_88|       pointer|
|mxm_execute_ursa_ap_uint_unsigned_short_ap_uint_unsigned_short_int_unsigned_s_89   |   in|   20|     ap_none|   mxm_execute_ursa_ap_uint_unsigned_short_ap_uint_unsigned_short_int_unsigned_s_89|       pointer|
|mxm_execute_ursa_ap_uint_unsigned_short_ap_uint_unsigned_short_int_unsigned_s_96   |   in|   20|     ap_none|   mxm_execute_ursa_ap_uint_unsigned_short_ap_uint_unsigned_short_int_unsigned_s_96|       pointer|
|mxm_execute_ursa_ap_uint_unsigned_short_ap_uint_unsigned_short_int_unsigned_s_243  |   in|   20|     ap_none|  mxm_execute_ursa_ap_uint_unsigned_short_ap_uint_unsigned_short_int_unsigned_s_243|       pointer|
|mxm_execute_ursa_ap_uint_unsigned_short_ap_uint_unsigned_short_int_unsigned_s_232  |   in|   20|     ap_none|  mxm_execute_ursa_ap_uint_unsigned_short_ap_uint_unsigned_short_int_unsigned_s_232|       pointer|
|mxm_execute_ursa_ap_uint_unsigned_short_ap_uint_unsigned_short_int_unsigned_s_221  |   in|   20|     ap_none|  mxm_execute_ursa_ap_uint_unsigned_short_ap_uint_unsigned_short_int_unsigned_s_221|       pointer|
|mxm_execute_ursa_ap_uint_unsigned_short_ap_uint_unsigned_short_int_unsigned_s_210  |   in|   20|     ap_none|  mxm_execute_ursa_ap_uint_unsigned_short_ap_uint_unsigned_short_int_unsigned_s_210|       pointer|
|mxm_execute_ursa_ap_uint_unsigned_short_ap_uint_unsigned_short_int_unsigned_s_199  |   in|   20|     ap_none|  mxm_execute_ursa_ap_uint_unsigned_short_ap_uint_unsigned_short_int_unsigned_s_199|       pointer|
|mxm_execute_ursa_ap_uint_unsigned_short_ap_uint_unsigned_short_int_unsigned_s_188  |   in|   20|     ap_none|  mxm_execute_ursa_ap_uint_unsigned_short_ap_uint_unsigned_short_int_unsigned_s_188|       pointer|
|mxm_execute_ursa_ap_uint_unsigned_short_ap_uint_unsigned_short_int_unsigned_s_177  |   in|   20|     ap_none|  mxm_execute_ursa_ap_uint_unsigned_short_ap_uint_unsigned_short_int_unsigned_s_177|       pointer|
|mxm_execute_ursa_ap_uint_unsigned_short_ap_uint_unsigned_short_int_unsigned_s_10   |   in|   20|     ap_none|   mxm_execute_ursa_ap_uint_unsigned_short_ap_uint_unsigned_short_int_unsigned_s_10|       pointer|
|mxm_execute_ursa_ap_uint_unsigned_short_ap_uint_unsigned_short_int_unsigned_s_21   |   in|   20|     ap_none|   mxm_execute_ursa_ap_uint_unsigned_short_ap_uint_unsigned_short_int_unsigned_s_21|       pointer|
|mxm_execute_ursa_ap_uint_unsigned_short_ap_uint_unsigned_short_int_unsigned_s_32   |   in|   20|     ap_none|   mxm_execute_ursa_ap_uint_unsigned_short_ap_uint_unsigned_short_int_unsigned_s_32|       pointer|
|mxm_execute_ursa_ap_uint_unsigned_short_ap_uint_unsigned_short_int_unsigned_s_43   |   in|   20|     ap_none|   mxm_execute_ursa_ap_uint_unsigned_short_ap_uint_unsigned_short_int_unsigned_s_43|       pointer|
|mxm_execute_ursa_ap_uint_unsigned_short_ap_uint_unsigned_short_int_unsigned_s_54   |   in|   20|     ap_none|   mxm_execute_ursa_ap_uint_unsigned_short_ap_uint_unsigned_short_int_unsigned_s_54|       pointer|
|mxm_execute_ursa_ap_uint_unsigned_short_ap_uint_unsigned_short_int_unsigned_s_65   |   in|   20|     ap_none|   mxm_execute_ursa_ap_uint_unsigned_short_ap_uint_unsigned_short_int_unsigned_s_65|       pointer|
|mxm_execute_ursa_ap_uint_unsigned_short_ap_uint_unsigned_short_int_unsigned_s_76   |   in|   20|     ap_none|   mxm_execute_ursa_ap_uint_unsigned_short_ap_uint_unsigned_short_int_unsigned_s_76|       pointer|
|mxm_execute_ursa_ap_uint_unsigned_short_ap_uint_unsigned_short_int_unsigned_s_87   |   in|   20|     ap_none|   mxm_execute_ursa_ap_uint_unsigned_short_ap_uint_unsigned_short_int_unsigned_s_87|       pointer|
|mxm_execute_ursa_ap_uint_unsigned_short_ap_uint_unsigned_short_int_unsigned_s_176  |   in|   20|     ap_none|  mxm_execute_ursa_ap_uint_unsigned_short_ap_uint_unsigned_short_int_unsigned_s_176|       pointer|
|mxm_execute_ursa_ap_uint_unsigned_short_ap_uint_unsigned_short_int_unsigned_s_175  |   in|   20|     ap_none|  mxm_execute_ursa_ap_uint_unsigned_short_ap_uint_unsigned_short_int_unsigned_s_175|       pointer|
+-----------------------------------------------------------------------------------+-----+-----+------------+-----------------------------------------------------------------------------------+--------------+

