=== URSA testbench ===
SA_SIZE=2  ACC_BITS=20
P=2  Q=2  M=8
tiles=1  k iterations per tile=10
[PASS] URSA output matches gold
=== URSA testbench ===
SA_SIZE=2  ACC_BITS=20
P=2  Q=2  M=8
tiles=1  k iterations per tile=10
[PASS] URSA output matches gold
=== URSA testbench ===
SA_SIZE=2  ACC_BITS=20
P=2  Q=2  M=8
tiles=1  k iterations per tile=10
[PASS] URSA output matches gold
=== URSA testbench ===
SA_SIZE=2  ACC_BITS=20
P=2  Q=2  M=8
tiles=1  k iterations per tile=10
[PASS] URSA output matches gold
