

================================================================
== Vitis HLS Report for 'mxm_execute_ursa_Pipeline_LOAD_A'
================================================================
* Date:           Thu Sep 24 14:32:20 2026

* Version:        2023.2 (Build 4023990 on Oct 11 2023)
* Project:        mxm_execute_ursa
* Solution:       hls (Vivado IP Flow Target)
* Product family: zynq
* Target device:  xc7z020-clg484-1


================================================================
== Performance Estimates
================================================================
+ Timing: 
    * Summary: 
    +--------+----------+----------+------------+
    |  Clock |  Target  | Estimated| Uncertainty|
    +--------+----------+----------+------------+
    |ap_clk  |  10.00 ns|  7.300 ns|     2.70 ns|
    +--------+----------+----------+------------+

+ Latency: 
    * Summary: 
    +---------+---------+----------+----------+-----+-----+---------+
    |  Latency (cycles) |  Latency (absolute) |  Interval | Pipeline|
    |   min   |   max   |    min   |    max   | min | max |   Type  |
    +---------+---------+----------+----------+-----+-----+---------+
    |       39|      147|  0.390 us|  1.470 us|   39|  147|       no|
    +---------+---------+----------+----------+-----+-----+---------+

    + Detail: 
        * Instance: 
        N/A

        * Loop: 
        +----------+---------+---------+----------+-----------+-----------+----------+----------+
        |          |  Latency (cycles) | Iteration|  Initiation Interval  |   Trip   |          |
        | Loop Name|   min   |   max   |  Latency |  achieved |   target  |   Count  | Pipelined|
        +----------+---------+---------+----------+-----------+-----------+----------+----------+
        |- LOAD_A  |       37|      145|         3|          1|          1|  36 ~ 144|       yes|
        +----------+---------+---------+----------+-----------+-----------+----------+----------+

============================================================
+ Verbose Summary: Synthesis Manager
============================================================
InlineROM: 1
ExposeGlobal: 0
============================================================
+ Verbose Summary: CDFG Model
============================================================
IsTopModel: 0
ResetActiveHigh: 1
IsCombinational: 0
IsDatapathOnly: 0
HasWiredReturn: 1
HasMFsm: 2
HasVarLatency: 1
IsPipeline: 0
IsRtlPipelined: 0
IsInstanceOverlapped: 0
IsDontTouch: 0
HasImplIP: 0
IsGatedGlobalClock: 0

+ Individual pipeline summary: 
  * Pipeline-0: initiation interval (II) = 1, depth = 3


============================================================
+ Verbose Summary: Schedule
============================================================
* Number of FSM states : 3
* Pipeline : 1
  Pipeline-0 : II = 1, D = 3, States = { 1 2 3 }
* Dataflow Pipeline: 0

* FSM state transitions: 
1 --> 2 
2 --> 3 
3 --> 

* FSM state operations: 

State 1 <SV = 0> <Delay = 5.28>
ST_1 : Operation 6 [1/1] (0.00ns)   --->   "%r = alloca i32 1" [/home/ulisses/Projects/ursa/exp/output-stationary-v2/sources/vanilla/src/core/shell.cpp:103->/home/ulisses/Projects/ursa/exp/output-stationary-v2/sources/vanilla/src/core/shell.cpp:209]   --->   Operation 6 'alloca' 'r' <Predicate = true> <Delay = 0.00>
ST_1 : Operation 7 [1/1] (0.00ns)   --->   "%c = alloca i32 1" [/home/ulisses/Projects/ursa/exp/output-stationary-v2/sources/vanilla/src/core/shell.cpp:103->/home/ulisses/Projects/ursa/exp/output-stationary-v2/sources/vanilla/src/core/shell.cpp:209]   --->   Operation 7 'alloca' 'c' <Predicate = true> <Delay = 0.00>
ST_1 : Operation 8 [1/1] (0.00ns)   --->   "%n = alloca i32 1" [/home/ulisses/Projects/ursa/exp/output-stationary-v2/sources/vanilla/src/core/shell.cpp:106->/home/ulisses/Projects/ursa/exp/output-stationary-v2/sources/vanilla/src/core/shell.cpp:209]   --->   Operation 8 'alloca' 'n' <Predicate = true> <Delay = 0.00>
ST_1 : Operation 9 [1/1] (0.00ns)   --->   "%sext_ln106_read = read i30 @_ssdm_op_Read.ap_auto.i30, i30 %sext_ln106"   --->   Operation 9 'read' 'sext_ln106_read' <Predicate = true> <Delay = 0.00>
ST_1 : Operation 10 [1/1] (0.00ns)   --->   "%sub_i44_cast_read = read i15 @_ssdm_op_Read.ap_auto.i15, i15 %sub_i44_cast"   --->   Operation 10 'read' 'sub_i44_cast_read' <Predicate = true> <Delay = 0.00>
ST_1 : Operation 11 [1/1] (0.00ns)   --->   "%stride_a_read = read i17 @_ssdm_op_Read.ap_auto.i17, i17 %stride_a"   --->   Operation 11 'read' 'stride_a_read' <Predicate = true> <Delay = 0.00>
ST_1 : Operation 12 [1/1] (0.00ns)   --->   "%sext_ln106_cast = sext i30 %sext_ln106_read"   --->   Operation 12 'sext' 'sext_ln106_cast' <Predicate = true> <Delay = 0.00>
ST_1 : Operation 13 [1/1] (0.00ns)   --->   "%sub_i44_cast_cast = sext i15 %sub_i44_cast_read"   --->   Operation 13 'sext' 'sub_i44_cast_cast' <Predicate = true> <Delay = 0.00>
ST_1 : Operation 14 [1/1] (0.00ns)   --->   "%specinterface_ln0 = specinterface void @_ssdm_op_SpecInterface, i32 %aw, void @empty_20, i32 0, i32 0, void @empty_8, i32 0, i32 1024, void @empty_0, void @empty_1, void @empty_8, i32 8, i32 8, i32 64, i32 16, void @empty_8, void @empty_8, i32 4294967295, i32 0"   --->   Operation 14 'specinterface' 'specinterface_ln0' <Predicate = true> <Delay = 0.00>
ST_1 : Operation 15 [1/1] (1.58ns)   --->   "%store_ln106 = store i17 0, i17 %n" [/home/ulisses/Projects/ursa/exp/output-stationary-v2/sources/vanilla/src/core/shell.cpp:106->/home/ulisses/Projects/ursa/exp/output-stationary-v2/sources/vanilla/src/core/shell.cpp:209]   --->   Operation 15 'store' 'store_ln106' <Predicate = true> <Delay = 1.58>
ST_1 : Operation 16 [1/1] (1.58ns)   --->   "%store_ln103 = store i16 0, i16 %c" [/home/ulisses/Projects/ursa/exp/output-stationary-v2/sources/vanilla/src/core/shell.cpp:103->/home/ulisses/Projects/ursa/exp/output-stationary-v2/sources/vanilla/src/core/shell.cpp:209]   --->   Operation 16 'store' 'store_ln103' <Predicate = true> <Delay = 1.58>
ST_1 : Operation 17 [1/1] (1.58ns)   --->   "%store_ln103 = store i16 0, i16 %r" [/home/ulisses/Projects/ursa/exp/output-stationary-v2/sources/vanilla/src/core/shell.cpp:103->/home/ulisses/Projects/ursa/exp/output-stationary-v2/sources/vanilla/src/core/shell.cpp:209]   --->   Operation 17 'store' 'store_ln103' <Predicate = true> <Delay = 1.58>
ST_1 : Operation 18 [1/1] (0.00ns)   --->   "%br_ln0 = br void %for.body.i"   --->   Operation 18 'br' 'br_ln0' <Predicate = true> <Delay = 0.00>
ST_1 : Operation 19 [1/1] (0.00ns)   --->   "%n_1 = load i17 %n" [/home/ulisses/Projects/ursa/exp/output-stationary-v2/sources/vanilla/src/core/shell.cpp:106->/home/ulisses/Projects/ursa/exp/output-stationary-v2/sources/vanilla/src/core/shell.cpp:209]   --->   Operation 19 'load' 'n_1' <Predicate = true> <Delay = 0.00>
ST_1 : Operation 20 [1/1] (2.10ns)   --->   "%icmp_ln106 = icmp_eq  i17 %n_1, i17 %stride_a_read" [/home/ulisses/Projects/ursa/exp/output-stationary-v2/sources/vanilla/src/core/shell.cpp:106->/home/ulisses/Projects/ursa/exp/output-stationary-v2/sources/vanilla/src/core/shell.cpp:209]   --->   Operation 20 'icmp' 'icmp_ln106' <Predicate = true> <Delay = 2.10> <CoreInst = "Cmp">   --->   Core 9 'Cmp' <Latency = 0> <II = 1> <Delay = 2.10> <FuncUnit> <Opcode : 'icmp'> <InPorts = 2> <OutPorts = 1>
ST_1 : Operation 21 [1/1] (2.10ns)   --->   "%add_ln106 = add i17 %n_1, i17 1" [/home/ulisses/Projects/ursa/exp/output-stationary-v2/sources/vanilla/src/core/shell.cpp:106->/home/ulisses/Projects/ursa/exp/output-stationary-v2/sources/vanilla/src/core/shell.cpp:209]   --->   Operation 21 'add' 'add_ln106' <Predicate = true> <Delay = 2.10> <CoreInst = "Adder">   --->   Core 1 'Adder' <Latency = 0> <II = 1> <Delay = 2.10> <FuncUnit> <Opcode : 'add' 'sub'> <InPorts = 2> <OutPorts = 1>
ST_1 : Operation 22 [1/1] (0.00ns)   --->   "%br_ln106 = br i1 %icmp_ln106, void %for.body.i.split, void %STREAM_K.preheader.exitStub" [/home/ulisses/Projects/ursa/exp/output-stationary-v2/sources/vanilla/src/core/shell.cpp:106->/home/ulisses/Projects/ursa/exp/output-stationary-v2/sources/vanilla/src/core/shell.cpp:209]   --->   Operation 22 'br' 'br_ln106' <Predicate = true> <Delay = 0.00>
ST_1 : Operation 23 [1/1] (1.58ns)   --->   "%store_ln106 = store i17 %add_ln106, i17 %n" [/home/ulisses/Projects/ursa/exp/output-stationary-v2/sources/vanilla/src/core/shell.cpp:106->/home/ulisses/Projects/ursa/exp/output-stationary-v2/sources/vanilla/src/core/shell.cpp:209]   --->   Operation 23 'store' 'store_ln106' <Predicate = (!icmp_ln106)> <Delay = 1.58>

State 2 <SV = 1> <Delay = 7.30>
ST_2 : Operation 24 [1/1] (0.00ns)   --->   "%r_3 = load i16 %r" [/home/ulisses/Projects/ursa/exp/output-stationary-v2/sources/vanilla/src/core/shell.cpp:103->/home/ulisses/Projects/ursa/exp/output-stationary-v2/sources/vanilla/src/core/shell.cpp:209]   --->   Operation 24 'load' 'r_3' <Predicate = true> <Delay = 0.00>
ST_2 : Operation 25 [1/1] (0.00ns)   --->   "%c_3 = load i16 %c" [/home/ulisses/Projects/ursa/exp/output-stationary-v2/sources/vanilla/src/core/shell.cpp:111->/home/ulisses/Projects/ursa/exp/output-stationary-v2/sources/vanilla/src/core/shell.cpp:209]   --->   Operation 25 'load' 'c_3' <Predicate = true> <Delay = 0.00>
ST_2 : Operation 26 [1/1] (0.00ns)   --->   "%specbitsmap_ln0 = specbitsmap void @_ssdm_op_SpecBitsMap, i32 %aw"   --->   Operation 26 'specbitsmap' 'specbitsmap_ln0' <Predicate = true> <Delay = 0.00>
ST_2 : Operation 27 [1/1] (0.00ns)   --->   "%aw_addr = getelementptr i32 %aw, i32 %sext_ln106_cast" [/home/ulisses/Projects/ursa/exp/output-stationary-v2/sources/vanilla/src/core/shell.cpp:106->/home/ulisses/Projects/ursa/exp/output-stationary-v2/sources/vanilla/src/core/shell.cpp:209]   --->   Operation 27 'getelementptr' 'aw_addr' <Predicate = (!icmp_ln106)> <Delay = 0.00>
ST_2 : Operation 28 [1/1] (0.00ns)   --->   "%trunc_ln103 = trunc i16 %r_3" [/home/ulisses/Projects/ursa/exp/output-stationary-v2/sources/vanilla/src/core/shell.cpp:103->/home/ulisses/Projects/ursa/exp/output-stationary-v2/sources/vanilla/src/core/shell.cpp:209]   --->   Operation 28 'trunc' 'trunc_ln103' <Predicate = (!icmp_ln106)> <Delay = 0.00>
ST_2 : Operation 29 [1/1] (0.00ns)   --->   "%zext_ln109_1 = zext i16 %c_3" [/home/ulisses/Projects/ursa/exp/output-stationary-v2/sources/vanilla/src/core/shell.cpp:109->/home/ulisses/Projects/ursa/exp/output-stationary-v2/sources/vanilla/src/core/shell.cpp:209]   --->   Operation 29 'zext' 'zext_ln109_1' <Predicate = (!icmp_ln106)> <Delay = 0.00>
ST_2 : Operation 30 [1/1] (7.30ns)   --->   "%aw_addr_read = read i32 @_ssdm_op_Read.m_axi.p1i32, i32 %aw_addr" [/home/ulisses/Projects/ursa/exp/output-stationary-v2/sources/vanilla/src/core/shell.cpp:109->/home/ulisses/Projects/ursa/exp/output-stationary-v2/sources/vanilla/src/core/shell.cpp:209]   --->   Operation 30 'read' 'aw_addr_read' <Predicate = (!icmp_ln106)> <Delay = 7.30> <CoreInst = "m_axi">   --->   Core 113 'm_axi' <Latency = 0> <II = 1> <Delay = 1.00> <Adapter> <Opcode : 'read' 'write' 'readreq' 'writereq' 'writeresp'>
ST_2 : Operation 31 [1/1] (1.86ns)   --->   "%switch_ln109 = switch i2 %trunc_ln103, void %arrayidx41.i74.case.3, i2 0, void %arrayidx41.i74.case.0, i2 1, void %arrayidx41.i74.case.1, i2 2, void %arrayidx41.i74.case.2" [/home/ulisses/Projects/ursa/exp/output-stationary-v2/sources/vanilla/src/core/shell.cpp:109->/home/ulisses/Projects/ursa/exp/output-stationary-v2/sources/vanilla/src/core/shell.cpp:209]   --->   Operation 31 'switch' 'switch_ln109' <Predicate = (!icmp_ln106)> <Delay = 1.86>
ST_2 : Operation 32 [1/1] (2.07ns)   --->   "%icmp_ln110 = icmp_eq  i17 %sub_i44_cast_cast, i17 %zext_ln109_1" [/home/ulisses/Projects/ursa/exp/output-stationary-v2/sources/vanilla/src/core/shell.cpp:110->/home/ulisses/Projects/ursa/exp/output-stationary-v2/sources/vanilla/src/core/shell.cpp:209]   --->   Operation 32 'icmp' 'icmp_ln110' <Predicate = (!icmp_ln106)> <Delay = 2.07> <CoreInst = "Cmp">   --->   Core 9 'Cmp' <Latency = 0> <II = 1> <Delay = 2.07> <FuncUnit> <Opcode : 'icmp'> <InPorts = 2> <OutPorts = 1>
ST_2 : Operation 33 [1/1] (2.07ns)   --->   "%r_4 = add i16 %r_3, i16 1" [/home/ulisses/Projects/ursa/exp/output-stationary-v2/sources/vanilla/src/core/shell.cpp:110->/home/ulisses/Projects/ursa/exp/output-stationary-v2/sources/vanilla/src/core/shell.cpp:209]   --->   Operation 33 'add' 'r_4' <Predicate = (!icmp_ln106)> <Delay = 2.07> <CoreInst = "Adder">   --->   Core 1 'Adder' <Latency = 0> <II = 1> <Delay = 2.07> <FuncUnit> <Opcode : 'add' 'sub'> <InPorts = 2> <OutPorts = 1>
ST_2 : Operation 34 [1/1] (2.07ns)   --->   "%c_4 = add i16 %c_3, i16 1" [/home/ulisses/Projects/ursa/exp/output-stationary-v2/sources/vanilla/src/core/shell.cpp:111->/home/ulisses/Projects/ursa/exp/output-stationary-v2/sources/vanilla/src/core/shell.cpp:209]   --->   Operation 34 'add' 'c_4' <Predicate = (!icmp_ln106)> <Delay = 2.07> <CoreInst = "Adder">   --->   Core 1 'Adder' <Latency = 0> <II = 1> <Delay = 2.07> <FuncUnit> <Opcode : 'add' 'sub'> <InPorts = 2> <OutPorts = 1>
ST_2 : Operation 35 [1/1] (0.80ns)   --->   "%r_5 = select i1 %icmp_ln110, i16 %r_4, i16 %r_3" [/home/ulisses/Projects/ursa/exp/output-stationary-v2/sources/vanilla/src/core/shell.cpp:110->/home/ulisses/Projects/ursa/exp/output-stationary-v2/sources/vanilla/src/core/shell.cpp:209]   --->   Operation 35 'select' 'r_5' <Predicate = (!icmp_ln106)> <Delay = 0.80> <CoreInst = "Sel">   --->   Core 73 'Sel' <Latency = 0> <II = 1> <Delay = 0.80> <FuncUnit> <Opcode : 'select'> <InPorts = 3> <OutPorts = 1>
ST_2 : Operation 36 [1/1] (0.80ns)   --->   "%c_5 = select i1 %icmp_ln110, i16 0, i16 %c_4" [/home/ulisses/Projects/ursa/exp/output-stationary-v2/sources/vanilla/src/core/shell.cpp:110->/home/ulisses/Projects/ursa/exp/output-stationary-v2/sources/vanilla/src/core/shell.cpp:209]   --->   Operation 36 'select' 'c_5' <Predicate = (!icmp_ln106)> <Delay = 0.80> <CoreInst = "Sel">   --->   Core 73 'Sel' <Latency = 0> <II = 1> <Delay = 0.80> <FuncUnit> <Opcode : 'select'> <InPorts = 3> <OutPorts = 1>
ST_2 : Operation 37 [1/1] (1.58ns)   --->   "%store_ln103 = store i16 %c_5, i16 %c" [/home/ulisses/Projects/ursa/exp/output-stationary-v2/sources/vanilla/src/core/shell.cpp:103->/home/ulisses/Projects/ursa/exp/output-stationary-v2/sources/vanilla/src/core/shell.cpp:209]   --->   Operation 37 'store' 'store_ln103' <Predicate = (!icmp_ln106)> <Delay = 1.58>
ST_2 : Operation 38 [1/1] (1.58ns)   --->   "%store_ln103 = store i16 %r_5, i16 %r" [/home/ulisses/Projects/ursa/exp/output-stationary-v2/sources/vanilla/src/core/shell.cpp:103->/home/ulisses/Projects/ursa/exp/output-stationary-v2/sources/vanilla/src/core/shell.cpp:209]   --->   Operation 38 'store' 'store_ln103' <Predicate = (!icmp_ln106)> <Delay = 1.58>
ST_2 : Operation 39 [1/1] (0.00ns)   --->   "%br_ln106 = br void %for.body.i" [/home/ulisses/Projects/ursa/exp/output-stationary-v2/sources/vanilla/src/core/shell.cpp:106->/home/ulisses/Projects/ursa/exp/output-stationary-v2/sources/vanilla/src/core/shell.cpp:209]   --->   Operation 39 'br' 'br_ln106' <Predicate = (!icmp_ln106)> <Delay = 0.00>
ST_2 : Operation 56 [1/1] (0.00ns)   --->   "%ret_ln0 = ret"   --->   Operation 56 'ret' 'ret_ln0' <Predicate = (icmp_ln106)> <Delay = 0.00>

State 3 <SV = 2> <Delay = 3.25>
ST_3 : Operation 40 [1/1] (0.00ns)   --->   "%specpipeline_ln107 = specpipeline void @_ssdm_op_SpecPipeline, i32 1, i32 0, i32 0, i32 0, void @empty_8" [/home/ulisses/Projects/ursa/exp/output-stationary-v2/sources/vanilla/src/core/shell.cpp:107->/home/ulisses/Projects/ursa/exp/output-stationary-v2/sources/vanilla/src/core/shell.cpp:209]   --->   Operation 40 'specpipeline' 'specpipeline_ln107' <Predicate = true> <Delay = 0.00>
ST_3 : Operation 41 [1/1] (0.00ns)   --->   "%speclooptripcount_ln108 = speclooptripcount void @_ssdm_op_SpecLoopTripCount, i64 36, i64 144, i64 144" [/home/ulisses/Projects/ursa/exp/output-stationary-v2/sources/vanilla/src/core/shell.cpp:108->/home/ulisses/Projects/ursa/exp/output-stationary-v2/sources/vanilla/src/core/shell.cpp:209]   --->   Operation 41 'speclooptripcount' 'speclooptripcount_ln108' <Predicate = true> <Delay = 0.00>
ST_3 : Operation 42 [1/1] (0.00ns)   --->   "%specloopname_ln106 = specloopname void @_ssdm_op_SpecLoopName, void @empty_17" [/home/ulisses/Projects/ursa/exp/output-stationary-v2/sources/vanilla/src/core/shell.cpp:106->/home/ulisses/Projects/ursa/exp/output-stationary-v2/sources/vanilla/src/core/shell.cpp:209]   --->   Operation 42 'specloopname' 'specloopname_ln106' <Predicate = true> <Delay = 0.00>
ST_3 : Operation 43 [1/1] (0.00ns)   --->   "%zext_ln109 = zext i16 %c_3" [/home/ulisses/Projects/ursa/exp/output-stationary-v2/sources/vanilla/src/core/shell.cpp:109->/home/ulisses/Projects/ursa/exp/output-stationary-v2/sources/vanilla/src/core/shell.cpp:209]   --->   Operation 43 'zext' 'zext_ln109' <Predicate = true> <Delay = 0.00>
ST_3 : Operation 44 [1/1] (0.00ns)   --->   "%a_buf_addr = getelementptr i32 %a_buf, i32 0, i32 %zext_ln109" [/home/ulisses/Projects/ursa/exp/output-stationary-v2/sources/vanilla/src/core/shell.cpp:109->/home/ulisses/Projects/ursa/exp/output-stationary-v2/sources/vanilla/src/core/shell.cpp:209]   --->   Operation 44 'getelementptr' 'a_buf_addr' <Predicate = true> <Delay = 0.00>
ST_3 : Operation 45 [1/1] (0.00ns)   --->   "%a_buf_1_addr = getelementptr i32 %a_buf_1, i32 0, i32 %zext_ln109" [/home/ulisses/Projects/ursa/exp/output-stationary-v2/sources/vanilla/src/core/shell.cpp:109->/home/ulisses/Projects/ursa/exp/output-stationary-v2/sources/vanilla/src/core/shell.cpp:209]   --->   Operation 45 'getelementptr' 'a_buf_1_addr' <Predicate = true> <Delay = 0.00>
ST_3 : Operation 46 [1/1] (0.00ns)   --->   "%a_buf_2_addr = getelementptr i32 %a_buf_2, i32 0, i32 %zext_ln109" [/home/ulisses/Projects/ursa/exp/output-stationary-v2/sources/vanilla/src/core/shell.cpp:109->/home/ulisses/Projects/ursa/exp/output-stationary-v2/sources/vanilla/src/core/shell.cpp:209]   --->   Operation 46 'getelementptr' 'a_buf_2_addr' <Predicate = true> <Delay = 0.00>
ST_3 : Operation 47 [1/1] (0.00ns)   --->   "%a_buf_3_addr = getelementptr i32 %a_buf_3, i32 0, i32 %zext_ln109" [/home/ulisses/Projects/ursa/exp/output-stationary-v2/sources/vanilla/src/core/shell.cpp:109->/home/ulisses/Projects/ursa/exp/output-stationary-v2/sources/vanilla/src/core/shell.cpp:209]   --->   Operation 47 'getelementptr' 'a_buf_3_addr' <Predicate = true> <Delay = 0.00>
ST_3 : Operation 48 [1/1] (3.25ns)   --->   "%store_ln109 = store i32 %aw_addr_read, i6 %a_buf_2_addr" [/home/ulisses/Projects/ursa/exp/output-stationary-v2/sources/vanilla/src/core/shell.cpp:109->/home/ulisses/Projects/ursa/exp/output-stationary-v2/sources/vanilla/src/core/shell.cpp:209]   --->   Operation 48 'store' 'store_ln109' <Predicate = (trunc_ln103 == 2)> <Delay = 3.25> <CoreInst = "RAM">   --->   Core 82 'RAM' <Latency = 1> <II = 1> <Delay = 3.25> <Storage> <Opcode : 'load' 'store'> <Ports = 2> <Width = 32> <Depth = 64> <RAM>
ST_3 : Operation 49 [1/1] (0.00ns)   --->   "%br_ln109 = br void %arrayidx41.i74.exit" [/home/ulisses/Projects/ursa/exp/output-stationary-v2/sources/vanilla/src/core/shell.cpp:109->/home/ulisses/Projects/ursa/exp/output-stationary-v2/sources/vanilla/src/core/shell.cpp:209]   --->   Operation 49 'br' 'br_ln109' <Predicate = (trunc_ln103 == 2)> <Delay = 0.00>
ST_3 : Operation 50 [1/1] (3.25ns)   --->   "%store_ln109 = store i32 %aw_addr_read, i6 %a_buf_1_addr" [/home/ulisses/Projects/ursa/exp/output-stationary-v2/sources/vanilla/src/core/shell.cpp:109->/home/ulisses/Projects/ursa/exp/output-stationary-v2/sources/vanilla/src/core/shell.cpp:209]   --->   Operation 50 'store' 'store_ln109' <Predicate = (trunc_ln103 == 1)> <Delay = 3.25> <CoreInst = "RAM">   --->   Core 82 'RAM' <Latency = 1> <II = 1> <Delay = 3.25> <Storage> <Opcode : 'load' 'store'> <Ports = 2> <Width = 32> <Depth = 64> <RAM>
ST_3 : Operation 51 [1/1] (0.00ns)   --->   "%br_ln109 = br void %arrayidx41.i74.exit" [/home/ulisses/Projects/ursa/exp/output-stationary-v2/sources/vanilla/src/core/shell.cpp:109->/home/ulisses/Projects/ursa/exp/output-stationary-v2/sources/vanilla/src/core/shell.cpp:209]   --->   Operation 51 'br' 'br_ln109' <Predicate = (trunc_ln103 == 1)> <Delay = 0.00>
ST_3 : Operation 52 [1/1] (3.25ns)   --->   "%store_ln109 = store i32 %aw_addr_read, i6 %a_buf_addr" [/home/ulisses/Projects/ursa/exp/output-stationary-v2/sources/vanilla/src/core/shell.cpp:109->/home/ulisses/Projects/ursa/exp/output-stationary-v2/sources/vanilla/src/core/shell.cpp:209]   --->   Operation 52 'store' 'store_ln109' <Predicate = (trunc_ln103 == 0)> <Delay = 3.25> <CoreInst = "RAM">   --->   Core 82 'RAM' <Latency = 1> <II = 1> <Delay = 3.25> <Storage> <Opcode : 'load' 'store'> <Ports = 2> <Width = 32> <Depth = 64> <RAM>
ST_3 : Operation 53 [1/1] (0.00ns)   --->   "%br_ln109 = br void %arrayidx41.i74.exit" [/home/ulisses/Projects/ursa/exp/output-stationary-v2/sources/vanilla/src/core/shell.cpp:109->/home/ulisses/Projects/ursa/exp/output-stationary-v2/sources/vanilla/src/core/shell.cpp:209]   --->   Operation 53 'br' 'br_ln109' <Predicate = (trunc_ln103 == 0)> <Delay = 0.00>
ST_3 : Operation 54 [1/1] (3.25ns)   --->   "%store_ln109 = store i32 %aw_addr_read, i6 %a_buf_3_addr" [/home/ulisses/Projects/ursa/exp/output-stationary-v2/sources/vanilla/src/core/shell.cpp:109->/home/ulisses/Projects/ursa/exp/output-stationary-v2/sources/vanilla/src/core/shell.cpp:209]   --->   Operation 54 'store' 'store_ln109' <Predicate = (trunc_ln103 == 3)> <Delay = 3.25> <CoreInst = "RAM">   --->   Core 82 'RAM' <Latency = 1> <II = 1> <Delay = 3.25> <Storage> <Opcode : 'load' 'store'> <Ports = 2> <Width = 32> <Depth = 64> <RAM>
ST_3 : Operation 55 [1/1] (0.00ns)   --->   "%br_ln109 = br void %arrayidx41.i74.exit" [/home/ulisses/Projects/ursa/exp/output-stationary-v2/sources/vanilla/src/core/shell.cpp:109->/home/ulisses/Projects/ursa/exp/output-stationary-v2/sources/vanilla/src/core/shell.cpp:209]   --->   Operation 55 'br' 'br_ln109' <Predicate = (trunc_ln103 == 3)> <Delay = 0.00>


============================================================
+ Verbose Summary: Timing violations
============================================================
Target clock period: 10.000ns, clock uncertainty: 2.700ns.

 <State 1>: 5.283ns
The critical path consists of the following:
	'store' operation 0 bit ('store_ln106', /home/ulisses/Projects/ursa/exp/output-stationary-v2/sources/vanilla/src/core/shell.cpp:106->/home/ulisses/Projects/ursa/exp/output-stationary-v2/sources/vanilla/src/core/shell.cpp:209) of constant 0 on local variable 'n', /home/ulisses/Projects/ursa/exp/output-stationary-v2/sources/vanilla/src/core/shell.cpp:106->/home/ulisses/Projects/ursa/exp/output-stationary-v2/sources/vanilla/src/core/shell.cpp:209 [18]  (1.588 ns)
	'load' operation 17 bit ('n', /home/ulisses/Projects/ursa/exp/output-stationary-v2/sources/vanilla/src/core/shell.cpp:106->/home/ulisses/Projects/ursa/exp/output-stationary-v2/sources/vanilla/src/core/shell.cpp:209) on local variable 'n', /home/ulisses/Projects/ursa/exp/output-stationary-v2/sources/vanilla/src/core/shell.cpp:106->/home/ulisses/Projects/ursa/exp/output-stationary-v2/sources/vanilla/src/core/shell.cpp:209 [25]  (0.000 ns)
	'add' operation 17 bit ('add_ln106', /home/ulisses/Projects/ursa/exp/output-stationary-v2/sources/vanilla/src/core/shell.cpp:106->/home/ulisses/Projects/ursa/exp/output-stationary-v2/sources/vanilla/src/core/shell.cpp:209) [28]  (2.107 ns)
	'store' operation 0 bit ('store_ln106', /home/ulisses/Projects/ursa/exp/output-stationary-v2/sources/vanilla/src/core/shell.cpp:106->/home/ulisses/Projects/ursa/exp/output-stationary-v2/sources/vanilla/src/core/shell.cpp:209) of variable 'add_ln106', /home/ulisses/Projects/ursa/exp/output-stationary-v2/sources/vanilla/src/core/shell.cpp:106->/home/ulisses/Projects/ursa/exp/output-stationary-v2/sources/vanilla/src/core/shell.cpp:209 on local variable 'n', /home/ulisses/Projects/ursa/exp/output-stationary-v2/sources/vanilla/src/core/shell.cpp:106->/home/ulisses/Projects/ursa/exp/output-stationary-v2/sources/vanilla/src/core/shell.cpp:209 [62]  (1.588 ns)

 <State 2>: 7.300ns
The critical path consists of the following:
	'getelementptr' operation 32 bit ('aw_addr', /home/ulisses/Projects/ursa/exp/output-stationary-v2/sources/vanilla/src/core/shell.cpp:106->/home/ulisses/Projects/ursa/exp/output-stationary-v2/sources/vanilla/src/core/shell.cpp:209) [31]  (0.000 ns)
	bus read operation ('aw_addr_read', /home/ulisses/Projects/ursa/exp/output-stationary-v2/sources/vanilla/src/core/shell.cpp:109->/home/ulisses/Projects/ursa/exp/output-stationary-v2/sources/vanilla/src/core/shell.cpp:209) on port 'aw' (/home/ulisses/Projects/ursa/exp/output-stationary-v2/sources/vanilla/src/core/shell.cpp:109->/home/ulisses/Projects/ursa/exp/output-stationary-v2/sources/vanilla/src/core/shell.cpp:209) [42]  (7.300 ns)

 <State 3>: 3.254ns
The critical path consists of the following:
	'getelementptr' operation 6 bit ('a_buf_2_addr', /home/ulisses/Projects/ursa/exp/output-stationary-v2/sources/vanilla/src/core/shell.cpp:109->/home/ulisses/Projects/ursa/exp/output-stationary-v2/sources/vanilla/src/core/shell.cpp:209) [40]  (0.000 ns)
	'store' operation 0 bit ('store_ln109', /home/ulisses/Projects/ursa/exp/output-stationary-v2/sources/vanilla/src/core/shell.cpp:109->/home/ulisses/Projects/ursa/exp/output-stationary-v2/sources/vanilla/src/core/shell.cpp:209) of variable 'aw_addr_read', /home/ulisses/Projects/ursa/exp/output-stationary-v2/sources/vanilla/src/core/shell.cpp:109->/home/ulisses/Projects/ursa/exp/output-stationary-v2/sources/vanilla/src/core/shell.cpp:209 on array 'a_buf_2' [45]  (3.254 ns)


============================================================
+ Verbose Summary: Binding
============================================================
N/A
* FSMD analyzer results:
  - Output states:
 - Input state : 
  - Chain level:
	State 1
	State 2
	State 3


============================================================
+ Verbose Summary: Datapath Resource usage 
============================================================
N/A
