/home/ulisses/Projects/ursa/exp/output-stationary-v2/vitis/hls_ursa_vanilla/mxm_execute_ursa/hls/.autopilot/db/pe.pp.0.cpp:2463:7: warning: Added loop label VITIS_LOOP_1207_1:   [xilinx-label-all-loops]
      for (i = 0; i < __N - 1; ++i) {
      ^~~
      VITIS_LOOP_1207_1: 
/home/ulisses/Projects/ursa/exp/output-stationary-v2/vitis/hls_ursa_vanilla/mxm_execute_ursa/hls/.autopilot/db/pe.pp.0.cpp:2463:7: note: FIX-IT applied suggested code changes
/home/ulisses/Projects/ursa/exp/output-stationary-v2/vitis/hls_ursa_vanilla/mxm_execute_ursa/hls/.autopilot/db/pe.pp.0.cpp:3437:5: warning: Added loop label VITIS_LOOP_676_1:   [xilinx-label-all-loops]
    for (unsigned i = low; i != high; ++i) {
    ^~~
    VITIS_LOOP_676_1: 
/home/ulisses/Projects/ursa/exp/output-stationary-v2/vitis/hls_ursa_vanilla/mxm_execute_ursa/hls/.autopilot/db/pe.pp.0.cpp:3437:5: note: FIX-IT applied suggested code changes
/home/ulisses/Projects/ursa/exp/output-stationary-v2/vitis/hls_ursa_vanilla/mxm_execute_ursa/hls/.autopilot/db/pe.pp.0.cpp:3451:5: warning: Added loop label VITIS_LOOP_690_1:   [xilinx-label-all-loops]
    for (unsigned i = low; i != high; ++i) {
    ^~~
    VITIS_LOOP_690_1: 
/home/ulisses/Projects/ursa/exp/output-stationary-v2/vitis/hls_ursa_vanilla/mxm_execute_ursa/hls/.autopilot/db/pe.pp.0.cpp:3451:5: note: FIX-IT applied suggested code changes
/home/ulisses/Projects/ursa/exp/output-stationary-v2/vitis/hls_ursa_vanilla/mxm_execute_ursa/hls/.autopilot/db/pe.pp.0.cpp:3465:5: warning: Added loop label VITIS_LOOP_704_1:   [xilinx-label-all-loops]
    for (unsigned i = low; i != high; ++i) {
    ^~~
    VITIS_LOOP_704_1: 
/home/ulisses/Projects/ursa/exp/output-stationary-v2/vitis/hls_ursa_vanilla/mxm_execute_ursa/hls/.autopilot/db/pe.pp.0.cpp:3465:5: note: FIX-IT applied suggested code changes
/home/ulisses/Projects/ursa/exp/output-stationary-v2/vitis/hls_ursa_vanilla/mxm_execute_ursa/hls/.autopilot/db/pe.pp.0.cpp:5082:7: warning: Added loop label VITIS_LOOP_1247_1:   [xilinx-label-all-loops]
      for (i = 0; i < __N - 1; ++i) {
      ^~~
      VITIS_LOOP_1247_1: 
/home/ulisses/Projects/ursa/exp/output-stationary-v2/vitis/hls_ursa_vanilla/mxm_execute_ursa/hls/.autopilot/db/pe.pp.0.cpp:5082:7: note: FIX-IT applied suggested code changes
