/home/ulisses/Projects/ursa/exp/output-stationary-v2/vitis/hls_ursa_vanilla/mxm_execute_ursa/hls/.autopilot/db/sa.pp.0.cpp:2467:7: warning: Added loop label VITIS_LOOP_1207_1:   [xilinx-label-all-loops]
      for (i = 0; i < __N - 1; ++i) {
      ^~~
      VITIS_LOOP_1207_1: 
/home/ulisses/Projects/ursa/exp/output-stationary-v2/vitis/hls_ursa_vanilla/mxm_execute_ursa/hls/.autopilot/db/sa.pp.0.cpp:2467:7: note: FIX-IT applied suggested code changes
/home/ulisses/Projects/ursa/exp/output-stationary-v2/vitis/hls_ursa_vanilla/mxm_execute_ursa/hls/.autopilot/db/sa.pp.0.cpp:3441:5: warning: Added loop label VITIS_LOOP_676_1:   [xilinx-label-all-loops]
    for (unsigned i = low; i != high; ++i) {
    ^~~
    VITIS_LOOP_676_1: 
/home/ulisses/Projects/ursa/exp/output-stationary-v2/vitis/hls_ursa_vanilla/mxm_execute_ursa/hls/.autopilot/db/sa.pp.0.cpp:3441:5: note: FIX-IT applied suggested code changes
/home/ulisses/Projects/ursa/exp/output-stationary-v2/vitis/hls_ursa_vanilla/mxm_execute_ursa/hls/.autopilot/db/sa.pp.0.cpp:3455:5: warning: Added loop label VITIS_LOOP_690_1:   [xilinx-label-all-loops]
    for (unsigned i = low; i != high; ++i) {
    ^~~
    VITIS_LOOP_690_1: 
/home/ulisses/Projects/ursa/exp/output-stationary-v2/vitis/hls_ursa_vanilla/mxm_execute_ursa/hls/.autopilot/db/sa.pp.0.cpp:3455:5: note: FIX-IT applied suggested code changes
/home/ulisses/Projects/ursa/exp/output-stationary-v2/vitis/hls_ursa_vanilla/mxm_execute_ursa/hls/.autopilot/db/sa.pp.0.cpp:3469:5: warning: Added loop label VITIS_LOOP_704_1:   [xilinx-label-all-loops]
    for (unsigned i = low; i != high; ++i) {
    ^~~
    VITIS_LOOP_704_1: 
/home/ulisses/Projects/ursa/exp/output-stationary-v2/vitis/hls_ursa_vanilla/mxm_execute_ursa/hls/.autopilot/db/sa.pp.0.cpp:3469:5: note: FIX-IT applied suggested code changes
/home/ulisses/Projects/ursa/exp/output-stationary-v2/vitis/hls_ursa_vanilla/mxm_execute_ursa/hls/.autopilot/db/sa.pp.0.cpp:5086:7: warning: Added loop label VITIS_LOOP_1247_1:   [xilinx-label-all-loops]
      for (i = 0; i < __N - 1; ++i) {
      ^~~
      VITIS_LOOP_1247_1: 
/home/ulisses/Projects/ursa/exp/output-stationary-v2/vitis/hls_ursa_vanilla/mxm_execute_ursa/hls/.autopilot/db/sa.pp.0.cpp:5086:7: note: FIX-IT applied suggested code changes
/home/ulisses/Projects/ursa/exp/output-stationary-v2/vitis/hls_ursa_vanilla/mxm_execute_ursa/hls/.autopilot/db/sa.pp.0.cpp:6931:2: warning: Added loop label VITIS_LOOP_16_1:   [xilinx-label-all-loops]
 for(i=0;i<4;i++){
 ^~~
 VITIS_LOOP_16_1: 
/home/ulisses/Projects/ursa/exp/output-stationary-v2/vitis/hls_ursa_vanilla/mxm_execute_ursa/hls/.autopilot/db/sa.pp.0.cpp:6931:2: note: FIX-IT applied suggested code changes
/home/ulisses/Projects/ursa/exp/output-stationary-v2/vitis/hls_ursa_vanilla/mxm_execute_ursa/hls/.autopilot/db/sa.pp.0.cpp:6933:2: warning: Added loop label VITIS_LOOP_18_2:   [xilinx-label-all-loops]
 for(j=0;j<4;j++){
 ^~~
 VITIS_LOOP_18_2: 
/home/ulisses/Projects/ursa/exp/output-stationary-v2/vitis/hls_ursa_vanilla/mxm_execute_ursa/hls/.autopilot/db/sa.pp.0.cpp:6933:2: note: FIX-IT applied suggested code changes
/home/ulisses/Projects/ursa/exp/output-stationary-v2/vitis/hls_ursa_vanilla/mxm_execute_ursa/hls/.autopilot/db/sa.pp.0.cpp:6943:2: warning: Added loop label VITIS_LOOP_28_1:   [xilinx-label-all-loops]
 for(uint16_t i=0;i<4;i++){
 ^~~
 VITIS_LOOP_28_1: 
/home/ulisses/Projects/ursa/exp/output-stationary-v2/vitis/hls_ursa_vanilla/mxm_execute_ursa/hls/.autopilot/db/sa.pp.0.cpp:6943:2: note: FIX-IT applied suggested code changes
/home/ulisses/Projects/ursa/exp/output-stationary-v2/vitis/hls_ursa_vanilla/mxm_execute_ursa/hls/.autopilot/db/sa.pp.0.cpp:6945:2: warning: Added loop label VITIS_LOOP_30_2:   [xilinx-label-all-loops]
 for(uint16_t j=0;j<4;j++){
 ^~~
 VITIS_LOOP_30_2: 
/home/ulisses/Projects/ursa/exp/output-stationary-v2/vitis/hls_ursa_vanilla/mxm_execute_ursa/hls/.autopilot/db/sa.pp.0.cpp:6945:2: note: FIX-IT applied suggested code changes
/home/ulisses/Projects/ursa/exp/output-stationary-v2/vitis/hls_ursa_vanilla/mxm_execute_ursa/hls/.autopilot/db/sa.pp.0.cpp:6966:2: warning: Added loop label VITIS_LOOP_51_1:   [xilinx-label-all-loops]
 for(i=0;i<4;i++){
 ^~~
 VITIS_LOOP_51_1: 
/home/ulisses/Projects/ursa/exp/output-stationary-v2/vitis/hls_ursa_vanilla/mxm_execute_ursa/hls/.autopilot/db/sa.pp.0.cpp:6966:2: note: FIX-IT applied suggested code changes
/home/ulisses/Projects/ursa/exp/output-stationary-v2/vitis/hls_ursa_vanilla/mxm_execute_ursa/hls/.autopilot/db/sa.pp.0.cpp:6973:4: warning: Added loop label VITIS_LOOP_58_2:   [xilinx-label-all-loops]
   for(j=1;j<4;j++) {
   ^~~
   VITIS_LOOP_58_2: 
/home/ulisses/Projects/ursa/exp/output-stationary-v2/vitis/hls_ursa_vanilla/mxm_execute_ursa/hls/.autopilot/db/sa.pp.0.cpp:6973:4: note: FIX-IT applied suggested code changes
/home/ulisses/Projects/ursa/exp/output-stationary-v2/vitis/hls_ursa_vanilla/mxm_execute_ursa/hls/.autopilot/db/sa.pp.0.cpp:6975:2: warning: Added loop label VITIS_LOOP_60_3:   [xilinx-label-all-loops]
 for(i=0;i<4;i++) {
 ^~~
 VITIS_LOOP_60_3: 
/home/ulisses/Projects/ursa/exp/output-stationary-v2/vitis/hls_ursa_vanilla/mxm_execute_ursa/hls/.autopilot/db/sa.pp.0.cpp:6975:2: note: FIX-IT applied suggested code changes
/home/ulisses/Projects/ursa/exp/output-stationary-v2/vitis/hls_ursa_vanilla/mxm_execute_ursa/hls/.autopilot/db/sa.pp.0.cpp:6982:4: warning: Added loop label VITIS_LOOP_67_4:   [xilinx-label-all-loops]
   for(i=1;i<4;i++) {
   ^~~
   VITIS_LOOP_67_4: 
/home/ulisses/Projects/ursa/exp/output-stationary-v2/vitis/hls_ursa_vanilla/mxm_execute_ursa/hls/.autopilot/db/sa.pp.0.cpp:6982:4: note: FIX-IT applied suggested code changes
/home/ulisses/Projects/ursa/exp/output-stationary-v2/vitis/hls_ursa_vanilla/mxm_execute_ursa/hls/.autopilot/db/sa.pp.0.cpp:6984:2: warning: Added loop label VITIS_LOOP_69_5:   [xilinx-label-all-loops]
 for(j=0;j<4;j++) {
 ^~~
 VITIS_LOOP_69_5: 
/home/ulisses/Projects/ursa/exp/output-stationary-v2/vitis/hls_ursa_vanilla/mxm_execute_ursa/hls/.autopilot/db/sa.pp.0.cpp:6984:2: note: FIX-IT applied suggested code changes
/home/ulisses/Projects/ursa/exp/output-stationary-v2/vitis/hls_ursa_vanilla/mxm_execute_ursa/hls/.autopilot/db/sa.pp.0.cpp:6991:4: warning: Added loop label VITIS_LOOP_76_6:   [xilinx-label-all-loops]
   for(i=0;i<4;i++) {
   ^~~
   VITIS_LOOP_76_6: 
/home/ulisses/Projects/ursa/exp/output-stationary-v2/vitis/hls_ursa_vanilla/mxm_execute_ursa/hls/.autopilot/db/sa.pp.0.cpp:6991:4: note: FIX-IT applied suggested code changes
/home/ulisses/Projects/ursa/exp/output-stationary-v2/vitis/hls_ursa_vanilla/mxm_execute_ursa/hls/.autopilot/db/sa.pp.0.cpp:6993:2: warning: Added loop label VITIS_LOOP_78_7:   [xilinx-label-all-loops]
 for(j=0;j<4;j++) {
 ^~~
 VITIS_LOOP_78_7: 
/home/ulisses/Projects/ursa/exp/output-stationary-v2/vitis/hls_ursa_vanilla/mxm_execute_ursa/hls/.autopilot/db/sa.pp.0.cpp:6993:2: note: FIX-IT applied suggested code changes
/home/ulisses/Projects/ursa/exp/output-stationary-v2/vitis/hls_ursa_vanilla/mxm_execute_ursa/hls/.autopilot/db/sa.pp.0.cpp:7003:2: warning: Added loop label VITIS_LOOP_88_1:   [xilinx-label-all-loops]
 for(uint16_t i=0;i<4;i++){
 ^~~
 VITIS_LOOP_88_1: 
/home/ulisses/Projects/ursa/exp/output-stationary-v2/vitis/hls_ursa_vanilla/mxm_execute_ursa/hls/.autopilot/db/sa.pp.0.cpp:7003:2: note: FIX-IT applied suggested code changes
/home/ulisses/Projects/ursa/exp/output-stationary-v2/vitis/hls_ursa_vanilla/mxm_execute_ursa/hls/.autopilot/db/sa.pp.0.cpp:7005:2: warning: Added loop label VITIS_LOOP_90_2:   [xilinx-label-all-loops]
 for(uint16_t j=0;j<4;j++){
 ^~~
 VITIS_LOOP_90_2: 
/home/ulisses/Projects/ursa/exp/output-stationary-v2/vitis/hls_ursa_vanilla/mxm_execute_ursa/hls/.autopilot/db/sa.pp.0.cpp:7005:2: note: FIX-IT applied suggested code changes
