

================================================================
== Vitis HLS Report for 'mxm_execute_ursa_Pipeline_STREAM_K'
================================================================
* Date:           Wed Sep  9 20:44:06 2026

* Version:        2023.2 (Build 4023990 on Oct 11 2023)
* Project:        mxm_execute_ursa
* Solution:       hls (Vivado IP Flow Target)
* Product family: zynq
* Target device:  xc7z020-clg484-1


================================================================
== Performance Estimates
================================================================
+ Timing: 
    * Summary: 
    +--------+----------+----------+------------+
    |  Clock |  Target  | Estimated| Uncertainty|
    +--------+----------+----------+------------+
    |ap_clk  |  10.00 ns|  7.300 ns|     2.70 ns|
    +--------+----------+----------+------------+

+ Latency: 
    * Summary: 
    +---------+---------+----------+----------+-----+--------+---------+
    |  Latency (cycles) |  Latency (absolute) |   Interval   | Pipeline|
    |   min   |   max   |    min   |    max   | min |   max  |   Type  |
    +---------+---------+----------+----------+-----+--------+---------+
    |       20|   131090|  0.200 us|  1.311 ms|   20|  131090|       no|
    +---------+---------+----------+----------+-----+--------+---------+

    + Detail: 
        * Instance: 
        N/A

        * Loop: 
        +------------+---------+---------+----------+-----------+-----------+-----------+----------+
        |            |  Latency (cycles) | Iteration|  Initiation Interval  |    Trip   |          |
        |  Loop Name |   min   |   max   |  Latency |  achieved |   target  |   Count   | Pipelined|
        +------------+---------+---------+----------+-----------+-----------+-----------+----------+
        |- STREAM_K  |       18|   131088|        17|          2|          1|  2 ~ 65537|       yes|
        +------------+---------+---------+----------+-----------+-----------+-----------+----------+

============================================================
+ Verbose Summary: Synthesis Manager
============================================================
InlineROM: 1
ExposeGlobal: 0
============================================================
+ Verbose Summary: CDFG Model
============================================================
IsTopModel: 0
ResetActiveHigh: 1
IsCombinational: 0
IsDatapathOnly: 0
HasWiredReturn: 1
HasMFsm: 2
HasVarLatency: 1
IsPipeline: 0
IsRtlPipelined: 0
IsInstanceOverlapped: 0
IsDontTouch: 0
HasImplIP: 0
IsGatedGlobalClock: 0

+ Individual pipeline summary: 
  * Pipeline-0: initiation interval (II) = 2, depth = 17


============================================================
+ Verbose Summary: Schedule
============================================================
* Number of FSM states : 17
* Pipeline : 1
  Pipeline-0 : II = 2, D = 17, States = { 1 2 3 4 5 6 7 8 9 10 11 12 13 14 15 16 17 }
* Dataflow Pipeline: 0

* FSM state transitions: 
1 --> 2 
2 --> 3 
3 --> 4 
4 --> 5 
5 --> 6 
6 --> 7 
7 --> 8 
8 --> 9 
9 --> 10 
10 --> 11 
11 --> 12 
12 --> 13 
13 --> 14 
14 --> 15 
15 --> 16 
16 --> 17 
17 --> 

* FSM state operations: 

State 1 <SV = 0> <Delay = 6.92>
ST_1 : Operation 20 [1/1] (0.00ns)   --->   "%phi_mul = alloca i32 1"   --->   Operation 20 'alloca' 'phi_mul' <Predicate = true> <Delay = 0.00>
ST_1 : Operation 21 [1/1] (0.00ns)   --->   "%t = alloca i32 1" [/home/ulisses/Projects/ursa/exp/output-stationary/vitis_component/inp_data/hls_src/core/shell.cpp:34->/home/ulisses/Projects/ursa/exp/output-stationary/vitis_component/inp_data/hls_src/core/shell.cpp:157]   --->   Operation 21 'alloca' 't' <Predicate = true> <Delay = 0.00>
ST_1 : Operation 22 [1/1] (0.00ns)   --->   "%select_ln135_read = read i16 @_ssdm_op_Read.ap_auto.i16, i16 %select_ln135"   --->   Operation 22 'read' 'select_ln135_read' <Predicate = true> <Delay = 0.00>
ST_1 : Operation 23 [1/1] (0.00ns)   --->   "%addr_b0_read = read i32 @_ssdm_op_Read.ap_auto.i32, i32 %addr_b0"   --->   Operation 23 'read' 'addr_b0_read' <Predicate = true> <Delay = 0.00>
ST_1 : Operation 24 [1/1] (0.00ns)   --->   "%zext_ln51_read = read i16 @_ssdm_op_Read.ap_auto.i16, i16 %zext_ln51"   --->   Operation 24 'read' 'zext_ln51_read' <Predicate = true> <Delay = 0.00>
ST_1 : Operation 25 [1/1] (0.00ns)   --->   "%zext_ln132_1_read = read i17 @_ssdm_op_Read.ap_auto.i17, i17 %zext_ln132_1"   --->   Operation 25 'read' 'zext_ln132_1_read' <Predicate = true> <Delay = 0.00>
ST_1 : Operation 26 [1/1] (0.00ns)   --->   "%addr_a0_read = read i32 @_ssdm_op_Read.ap_auto.i32, i32 %addr_a0"   --->   Operation 26 'read' 'addr_a0_read' <Predicate = true> <Delay = 0.00>
ST_1 : Operation 27 [1/1] (0.00ns)   --->   "%select_ln138_1_read = read i32 @_ssdm_op_Read.ap_auto.i32, i32 %select_ln138_1"   --->   Operation 27 'read' 'select_ln138_1_read' <Predicate = true> <Delay = 0.00>
ST_1 : Operation 28 [1/1] (0.00ns)   --->   "%m_read = read i16 @_ssdm_op_Read.ap_auto.i16, i16 %m"   --->   Operation 28 'read' 'm_read' <Predicate = true> <Delay = 0.00>
ST_1 : Operation 29 [1/1] (0.00ns)   --->   "%zext_ln132_read = read i16 @_ssdm_op_Read.ap_auto.i16, i16 %zext_ln132"   --->   Operation 29 'read' 'zext_ln132_read' <Predicate = true> <Delay = 0.00>
ST_1 : Operation 30 [1/1] (0.00ns)   --->   "%zext_ln129_read = read i16 @_ssdm_op_Read.ap_auto.i16, i16 %zext_ln129"   --->   Operation 30 'read' 'zext_ln129_read' <Predicate = true> <Delay = 0.00>
ST_1 : Operation 31 [1/1] (0.00ns)   --->   "%sub22_read = read i17 @_ssdm_op_Read.ap_auto.i17, i17 %sub22"   --->   Operation 31 'read' 'sub22_read' <Predicate = true> <Delay = 0.00>
ST_1 : Operation 32 [1/1] (0.00ns)   --->   "%zext_ln51_cast = zext i16 %zext_ln51_read"   --->   Operation 32 'zext' 'zext_ln51_cast' <Predicate = true> <Delay = 0.00>
ST_1 : Operation 33 [1/1] (0.00ns)   --->   "%zext_ln132_1_cast = zext i17 %zext_ln132_1_read"   --->   Operation 33 'zext' 'zext_ln132_1_cast' <Predicate = true> <Delay = 0.00>
ST_1 : Operation 34 [1/1] (0.00ns)   --->   "%zext_ln132_cast = zext i16 %zext_ln132_read"   --->   Operation 34 'zext' 'zext_ln132_cast' <Predicate = true> <Delay = 0.00>
ST_1 : Operation 35 [1/1] (0.00ns)   --->   "%zext_ln129_cast = zext i16 %zext_ln129_read"   --->   Operation 35 'zext' 'zext_ln129_cast' <Predicate = true> <Delay = 0.00>
ST_1 : Operation 36 [1/1] (0.00ns)   --->   "%specinterface_ln0 = specinterface void @_ssdm_op_SpecInterface, i8 %bi, void @empty_7, i32 0, i32 0, void @empty_0, i32 0, i32 0, void @empty_8, void @empty_2, void @empty_0, i32 8, i32 8, i32 64, i32 16, void @empty_0, void @empty_0, i32 4294967295, i32 0"   --->   Operation 36 'specinterface' 'specinterface_ln0' <Predicate = true> <Delay = 0.00>
ST_1 : Operation 37 [1/1] (0.00ns)   --->   "%specinterface_ln0 = specinterface void @_ssdm_op_SpecInterface, i8 %aw, void @empty_7, i32 0, i32 0, void @empty_0, i32 0, i32 0, void @empty, void @empty_2, void @empty_0, i32 8, i32 8, i32 64, i32 16, void @empty_0, void @empty_0, i32 4294967295, i32 0"   --->   Operation 37 'specinterface' 'specinterface_ln0' <Predicate = true> <Delay = 0.00>
ST_1 : Operation 38 [1/1] (1.58ns)   --->   "%store_ln34 = store i16 0, i16 %t" [/home/ulisses/Projects/ursa/exp/output-stationary/vitis_component/inp_data/hls_src/core/shell.cpp:34->/home/ulisses/Projects/ursa/exp/output-stationary/vitis_component/inp_data/hls_src/core/shell.cpp:157]   --->   Operation 38 'store' 'store_ln34' <Predicate = true> <Delay = 1.58>
ST_1 : Operation 39 [1/1] (1.58ns)   --->   "%store_ln0 = store i32 0, i32 %phi_mul"   --->   Operation 39 'store' 'store_ln0' <Predicate = true> <Delay = 1.58>
ST_1 : Operation 40 [1/1] (0.00ns)   --->   "%br_ln0 = br void %for.inc"   --->   Operation 40 'br' 'br_ln0' <Predicate = true> <Delay = 0.00>
ST_1 : Operation 41 [1/1] (0.00ns)   --->   "%t_2 = load i16 %t" [/home/ulisses/Projects/ursa/exp/output-stationary/vitis_component/inp_data/hls_src/core/shell.cpp:153]   --->   Operation 41 'load' 't_2' <Predicate = true> <Delay = 0.00>
ST_1 : Operation 42 [1/1] (0.00ns)   --->   "%specbitsmap_ln0 = specbitsmap void @_ssdm_op_SpecBitsMap, i8 %bi"   --->   Operation 42 'specbitsmap' 'specbitsmap_ln0' <Predicate = true> <Delay = 0.00>
ST_1 : Operation 43 [1/1] (0.00ns)   --->   "%specbitsmap_ln0 = specbitsmap void @_ssdm_op_SpecBitsMap, i8 %aw"   --->   Operation 43 'specbitsmap' 'specbitsmap_ln0' <Predicate = true> <Delay = 0.00>
ST_1 : Operation 44 [1/1] (0.00ns)   --->   "%zext_ln153_1 = zext i16 %t_2" [/home/ulisses/Projects/ursa/exp/output-stationary/vitis_component/inp_data/hls_src/core/shell.cpp:153]   --->   Operation 44 'zext' 'zext_ln153_1' <Predicate = true> <Delay = 0.00>
ST_1 : Operation 45 [1/1] (2.10ns)   --->   "%icmp_ln153 = icmp_ugt  i17 %sub22_read, i17 %zext_ln153_1" [/home/ulisses/Projects/ursa/exp/output-stationary/vitis_component/inp_data/hls_src/core/shell.cpp:153]   --->   Operation 45 'icmp' 'icmp_ln153' <Predicate = true> <Delay = 2.10> <CoreInst = "Cmp">   --->   Core 9 'Cmp' <Latency = 0> <II = 1> <Delay = 2.10> <FuncUnit> <Opcode : 'icmp'> <InPorts = 2> <OutPorts = 1>
ST_1 : Operation 46 [1/1] (0.00ns)   --->   "%speclooptripcount_ln0 = speclooptripcount void @_ssdm_op_SpecLoopTripCount, i64 2, i64 65537, i64 0"   --->   Operation 46 'speclooptripcount' 'speclooptripcount_ln0' <Predicate = true> <Delay = 0.00>
ST_1 : Operation 47 [1/1] (2.07ns)   --->   "%k = add i16 %t_2, i16 1" [/home/ulisses/Projects/ursa/exp/output-stationary/vitis_component/inp_data/hls_src/core/shell.cpp:153]   --->   Operation 47 'add' 'k' <Predicate = true> <Delay = 2.07> <CoreInst = "Adder">   --->   Core 1 'Adder' <Latency = 0> <II = 1> <Delay = 2.07> <FuncUnit> <Opcode : 'add' 'sub'> <InPorts = 2> <OutPorts = 1>
ST_1 : Operation 48 [1/1] (0.00ns)   --->   "%br_ln153 = br i1 %icmp_ln153, void %for.inc34.exitStub, void %for.inc.split" [/home/ulisses/Projects/ursa/exp/output-stationary/vitis_component/inp_data/hls_src/core/shell.cpp:153]   --->   Operation 48 'br' 'br_ln153' <Predicate = true> <Delay = 0.00>
ST_1 : Operation 49 [1/1] (0.00ns)   --->   "%zext_ln153 = zext i16 %t_2" [/home/ulisses/Projects/ursa/exp/output-stationary/vitis_component/inp_data/hls_src/core/shell.cpp:153]   --->   Operation 49 'zext' 'zext_ln153' <Predicate = (icmp_ln153)> <Delay = 0.00>
ST_1 : Operation 50 [1/1] (0.00ns)   --->   "%specpipeline_ln154 = specpipeline void @_ssdm_op_SpecPipeline, i32 1, i32 0, i32 0, i32 0, void @empty_0" [/home/ulisses/Projects/ursa/exp/output-stationary/vitis_component/inp_data/hls_src/core/shell.cpp:154]   --->   Operation 50 'specpipeline' 'specpipeline_ln154' <Predicate = (icmp_ln153)> <Delay = 0.00>
ST_1 : Operation 51 [1/1] (0.00ns)   --->   "%specloopname_ln153 = specloopname void @_ssdm_op_SpecLoopName, void @empty_14" [/home/ulisses/Projects/ursa/exp/output-stationary/vitis_component/inp_data/hls_src/core/shell.cpp:153]   --->   Operation 51 'specloopname' 'specloopname_ln153' <Predicate = (icmp_ln153)> <Delay = 0.00>
ST_1 : Operation 52 [1/1] (2.07ns)   --->   "%icmp_ln22 = icmp_ult  i16 %t_2, i16 %m_read" [/home/ulisses/Projects/ursa/exp/output-stationary/vitis_component/inp_data/hls_src/core/shell.cpp:22->/home/ulisses/Projects/ursa/exp/output-stationary/vitis_component/inp_data/hls_src/core/shell.cpp:156]   --->   Operation 52 'icmp' 'icmp_ln22' <Predicate = (icmp_ln153)> <Delay = 2.07> <CoreInst = "Cmp">   --->   Core 9 'Cmp' <Latency = 0> <II = 1> <Delay = 2.07> <FuncUnit> <Opcode : 'icmp'> <InPorts = 2> <OutPorts = 1>
ST_1 : Operation 53 [1/1] (1.58ns)   --->   "%br_ln22 = br i1 %icmp_ln22, void %for.inc.i, void %if.then10.i" [/home/ulisses/Projects/ursa/exp/output-stationary/vitis_component/inp_data/hls_src/core/shell.cpp:22->/home/ulisses/Projects/ursa/exp/output-stationary/vitis_component/inp_data/hls_src/core/shell.cpp:156]   --->   Operation 53 'br' 'br_ln22' <Predicate = (icmp_ln153)> <Delay = 1.58>
ST_1 : Operation 54 [1/1] (2.55ns)   --->   "%add_ln23 = add i32 %select_ln138_1_read, i32 %addr_a0_read" [/home/ulisses/Projects/ursa/exp/output-stationary/vitis_component/inp_data/hls_src/core/shell.cpp:23->/home/ulisses/Projects/ursa/exp/output-stationary/vitis_component/inp_data/hls_src/core/shell.cpp:156]   --->   Operation 54 'add' 'add_ln23' <Predicate = (icmp_ln153 & icmp_ln22)> <Delay = 2.55> <CoreInst = "Adder">   --->   Core 1 'Adder' <Latency = 0> <II = 1> <Delay = 2.55> <FuncUnit> <Opcode : 'add' 'sub'> <InPorts = 2> <OutPorts = 1>
ST_1 : Operation 55 [1/1] (2.07ns)   --->   "%add_ln23_1 = add i17 %zext_ln132_cast, i17 131071" [/home/ulisses/Projects/ursa/exp/output-stationary/vitis_component/inp_data/hls_src/core/shell.cpp:23->/home/ulisses/Projects/ursa/exp/output-stationary/vitis_component/inp_data/hls_src/core/shell.cpp:156]   --->   Operation 55 'add' 'add_ln23_1' <Predicate = (icmp_ln153 & icmp_ln22)> <Delay = 2.07> <CoreInst = "Adder">   --->   Core 1 'Adder' <Latency = 0> <II = 1> <Delay = 2.07> <FuncUnit> <Opcode : 'add' 'sub'> <InPorts = 2> <OutPorts = 1>
ST_1 : Operation 56 [1/1] (0.00ns)   --->   "%sext_ln23 = sext i17 %add_ln23_1" [/home/ulisses/Projects/ursa/exp/output-stationary/vitis_component/inp_data/hls_src/core/shell.cpp:23->/home/ulisses/Projects/ursa/exp/output-stationary/vitis_component/inp_data/hls_src/core/shell.cpp:156]   --->   Operation 56 'sext' 'sext_ln23' <Predicate = (icmp_ln153 & icmp_ln22)> <Delay = 0.00>
ST_1 : Operation 57 [1/1] (0.00ns) (grouped into TernaryAdder)   --->   "%add_ln23_2 = add i32 %sext_ln23, i32 %add_ln23" [/home/ulisses/Projects/ursa/exp/output-stationary/vitis_component/inp_data/hls_src/core/shell.cpp:23->/home/ulisses/Projects/ursa/exp/output-stationary/vitis_component/inp_data/hls_src/core/shell.cpp:156]   --->   Operation 57 'add' 'add_ln23_2' <Predicate = (icmp_ln153 & icmp_ln22)> <Delay = 0.00> <CoreInst = "TAddSub">   --->   Core 10 'TAddSub' <Latency = 0> <II = 1> <Delay = 2.18> <IPBlock> <Opcode : '' 'add' 'sub'> <InPorts = 3> <OutPorts = 1> <Sync> <CReg>
ST_1 : Operation 58 [1/1] (4.37ns) (root node of TernaryAdder)   --->   "%sub_ln23 = sub i32 %add_ln23_2, i32 %zext_ln153" [/home/ulisses/Projects/ursa/exp/output-stationary/vitis_component/inp_data/hls_src/core/shell.cpp:23->/home/ulisses/Projects/ursa/exp/output-stationary/vitis_component/inp_data/hls_src/core/shell.cpp:156]   --->   Operation 58 'sub' 'sub_ln23' <Predicate = (icmp_ln153 & icmp_ln22)> <Delay = 4.37> <CoreInst = "TAddSub">   --->   Core 10 'TAddSub' <Latency = 0> <II = 1> <Delay = 2.18> <IPBlock> <Opcode : '' 'add' 'sub'> <InPorts = 3> <OutPorts = 1> <Sync> <CReg>
ST_1 : Operation 59 [1/1] (0.00ns)   --->   "%aw_addr = getelementptr i8 %aw, i32 %sub_ln23" [/home/ulisses/Projects/ursa/exp/output-stationary/vitis_component/inp_data/hls_src/core/shell.cpp:23->/home/ulisses/Projects/ursa/exp/output-stationary/vitis_component/inp_data/hls_src/core/shell.cpp:156]   --->   Operation 59 'getelementptr' 'aw_addr' <Predicate = (icmp_ln153 & icmp_ln22)> <Delay = 0.00>
ST_1 : Operation 60 [1/1] (2.07ns)   --->   "%icmp_ln18 = icmp_ne  i16 %t_2, i16 0" [/home/ulisses/Projects/ursa/exp/output-stationary/vitis_component/inp_data/hls_src/core/shell.cpp:18->/home/ulisses/Projects/ursa/exp/output-stationary/vitis_component/inp_data/hls_src/core/shell.cpp:156]   --->   Operation 60 'icmp' 'icmp_ln18' <Predicate = (icmp_ln153)> <Delay = 2.07> <CoreInst = "Cmp">   --->   Core 9 'Cmp' <Latency = 0> <II = 1> <Delay = 2.07> <FuncUnit> <Opcode : 'icmp'> <InPorts = 2> <OutPorts = 1>
ST_1 : Operation 61 [1/1] (2.07ns)   --->   "%add_ln22 = add i17 %zext_ln132_cast, i17 1" [/home/ulisses/Projects/ursa/exp/output-stationary/vitis_component/inp_data/hls_src/core/shell.cpp:22->/home/ulisses/Projects/ursa/exp/output-stationary/vitis_component/inp_data/hls_src/core/shell.cpp:156]   --->   Operation 61 'add' 'add_ln22' <Predicate = (icmp_ln153)> <Delay = 2.07> <CoreInst = "Adder">   --->   Core 1 'Adder' <Latency = 0> <II = 1> <Delay = 2.07> <FuncUnit> <Opcode : 'add' 'sub'> <InPorts = 2> <OutPorts = 1>
ST_1 : Operation 62 [1/1] (2.10ns)   --->   "%icmp_ln22_1 = icmp_ugt  i17 %add_ln22, i17 %zext_ln153_1" [/home/ulisses/Projects/ursa/exp/output-stationary/vitis_component/inp_data/hls_src/core/shell.cpp:22->/home/ulisses/Projects/ursa/exp/output-stationary/vitis_component/inp_data/hls_src/core/shell.cpp:156]   --->   Operation 62 'icmp' 'icmp_ln22_1' <Predicate = (icmp_ln153)> <Delay = 2.10> <CoreInst = "Cmp">   --->   Core 9 'Cmp' <Latency = 0> <II = 1> <Delay = 2.10> <FuncUnit> <Opcode : 'icmp'> <InPorts = 2> <OutPorts = 1>
ST_1 : Operation 63 [1/1] (0.97ns)   --->   "%and_ln18 = and i1 %icmp_ln18, i1 %icmp_ln22_1" [/home/ulisses/Projects/ursa/exp/output-stationary/vitis_component/inp_data/hls_src/core/shell.cpp:18->/home/ulisses/Projects/ursa/exp/output-stationary/vitis_component/inp_data/hls_src/core/shell.cpp:156]   --->   Operation 63 'and' 'and_ln18' <Predicate = (icmp_ln153)> <Delay = 0.97> <CoreInst = "LogicGate">   --->   Core 74 'LogicGate' <Latency = 0> <II = 1> <Delay = 0.97> <FuncUnit> <Opcode : 'and' 'or' 'xor'> <InPorts = 2> <OutPorts = 1>
ST_1 : Operation 64 [1/1] (1.58ns)   --->   "%br_ln18 = br i1 %and_ln18, void %_Z13fill_inputs_aP6ap_intILi8EES1_tt.exit, void %if.then10.1.i" [/home/ulisses/Projects/ursa/exp/output-stationary/vitis_component/inp_data/hls_src/core/shell.cpp:18->/home/ulisses/Projects/ursa/exp/output-stationary/vitis_component/inp_data/hls_src/core/shell.cpp:156]   --->   Operation 64 'br' 'br_ln18' <Predicate = (icmp_ln153)> <Delay = 1.58>
ST_1 : Operation 65 [1/1] (2.55ns)   --->   "%add_ln23_3 = add i32 %select_ln138_1_read, i32 %addr_a0_read" [/home/ulisses/Projects/ursa/exp/output-stationary/vitis_component/inp_data/hls_src/core/shell.cpp:23->/home/ulisses/Projects/ursa/exp/output-stationary/vitis_component/inp_data/hls_src/core/shell.cpp:156]   --->   Operation 65 'add' 'add_ln23_3' <Predicate = (icmp_ln153 & and_ln18)> <Delay = 2.55> <CoreInst = "Adder">   --->   Core 1 'Adder' <Latency = 0> <II = 1> <Delay = 2.55> <FuncUnit> <Opcode : 'add' 'sub'> <InPorts = 2> <OutPorts = 1>
ST_1 : Operation 66 [1/1] (0.00ns) (grouped into TernaryAdder)   --->   "%add_ln23_4 = add i32 %add_ln23_3, i32 %zext_ln132_1_cast" [/home/ulisses/Projects/ursa/exp/output-stationary/vitis_component/inp_data/hls_src/core/shell.cpp:23->/home/ulisses/Projects/ursa/exp/output-stationary/vitis_component/inp_data/hls_src/core/shell.cpp:156]   --->   Operation 66 'add' 'add_ln23_4' <Predicate = (icmp_ln153 & and_ln18)> <Delay = 0.00> <CoreInst = "TAddSub">   --->   Core 10 'TAddSub' <Latency = 0> <II = 1> <Delay = 2.18> <IPBlock> <Opcode : '' 'add' 'sub'> <InPorts = 3> <OutPorts = 1> <Sync> <CReg>
ST_1 : Operation 67 [1/1] (4.37ns) (root node of TernaryAdder)   --->   "%sub_ln23_1 = sub i32 %add_ln23_4, i32 %zext_ln153" [/home/ulisses/Projects/ursa/exp/output-stationary/vitis_component/inp_data/hls_src/core/shell.cpp:23->/home/ulisses/Projects/ursa/exp/output-stationary/vitis_component/inp_data/hls_src/core/shell.cpp:156]   --->   Operation 67 'sub' 'sub_ln23_1' <Predicate = (icmp_ln153 & and_ln18)> <Delay = 4.37> <CoreInst = "TAddSub">   --->   Core 10 'TAddSub' <Latency = 0> <II = 1> <Delay = 2.18> <IPBlock> <Opcode : '' 'add' 'sub'> <InPorts = 3> <OutPorts = 1> <Sync> <CReg>
ST_1 : Operation 68 [1/1] (0.00ns)   --->   "%aw_addr_1 = getelementptr i8 %aw, i32 %sub_ln23_1" [/home/ulisses/Projects/ursa/exp/output-stationary/vitis_component/inp_data/hls_src/core/shell.cpp:23->/home/ulisses/Projects/ursa/exp/output-stationary/vitis_component/inp_data/hls_src/core/shell.cpp:156]   --->   Operation 68 'getelementptr' 'aw_addr_1' <Predicate = (icmp_ln153 & and_ln18)> <Delay = 0.00>
ST_1 : Operation 69 [1/1] (2.07ns)   --->   "%sub_i = add i17 %zext_ln132_cast, i17 131071"   --->   Operation 69 'add' 'sub_i' <Predicate = (icmp_ln153)> <Delay = 2.07> <CoreInst = "Adder">   --->   Core 1 'Adder' <Latency = 0> <II = 1> <Delay = 2.07> <FuncUnit> <Opcode : 'add' 'sub'> <InPorts = 2> <OutPorts = 1>
ST_1 : Operation 70 [1/1] (1.58ns)   --->   "%br_ln50 = br i1 %icmp_ln22, void %for.inc.i4, void %if.then16.i" [/home/ulisses/Projects/ursa/exp/output-stationary/vitis_component/inp_data/hls_src/core/shell.cpp:50->/home/ulisses/Projects/ursa/exp/output-stationary/vitis_component/inp_data/hls_src/core/shell.cpp:157]   --->   Operation 70 'br' 'br_ln50' <Predicate = (icmp_ln153)> <Delay = 1.58>
ST_1 : Operation 71 [1/1] (1.58ns)   --->   "%br_ln46 = br i1 %and_ln18, void %_Z13fill_inputs_bP7ap_uintILi8EEtS1_tt.exit, void %if.then16.1.i" [/home/ulisses/Projects/ursa/exp/output-stationary/vitis_component/inp_data/hls_src/core/shell.cpp:46->/home/ulisses/Projects/ursa/exp/output-stationary/vitis_component/inp_data/hls_src/core/shell.cpp:157]   --->   Operation 71 'br' 'br_ln46' <Predicate = (icmp_ln153)> <Delay = 1.58>
ST_1 : Operation 72 [1/1] (1.58ns)   --->   "%store_ln34 = store i16 %k, i16 %t" [/home/ulisses/Projects/ursa/exp/output-stationary/vitis_component/inp_data/hls_src/core/shell.cpp:34->/home/ulisses/Projects/ursa/exp/output-stationary/vitis_component/inp_data/hls_src/core/shell.cpp:157]   --->   Operation 72 'store' 'store_ln34' <Predicate = (icmp_ln153)> <Delay = 1.58>

State 2 <SV = 1> <Delay = 7.30>
ST_2 : Operation 73 [8/8] (7.30ns)   --->   "%aw_load_req = readreq i1 @_ssdm_op_ReadReq.m_axi.i8P1A, i8 %aw_addr, i32 1" [/home/ulisses/Projects/ursa/exp/output-stationary/vitis_component/inp_data/hls_src/core/shell.cpp:23->/home/ulisses/Projects/ursa/exp/output-stationary/vitis_component/inp_data/hls_src/core/shell.cpp:156]   --->   Operation 73 'readreq' 'aw_load_req' <Predicate = (icmp_ln153 & icmp_ln22)> <Delay = 7.30> <CoreInst = "m_axi">   --->   Core 113 'm_axi' <Latency = 0> <II = 1> <Delay = 1.00> <Adapter> <Opcode : 'read' 'write' 'readreq' 'writereq' 'writeresp'>
ST_2 : Operation 74 [1/1] (0.00ns)   --->   "%sub_i_cast = sext i17 %sub_i"   --->   Operation 74 'sext' 'sub_i_cast' <Predicate = (icmp_ln153)> <Delay = 0.00>
ST_2 : Operation 75 [1/1] (5.58ns)   --->   "%mul_i = mul i32 %sub_i_cast, i32 %zext_ln129_cast"   --->   Operation 75 'mul' 'mul_i' <Predicate = (icmp_ln153)> <Delay = 5.58> <CoreInst = "Multiplier">   --->   Core 3 'Multiplier' <Latency = 0> <II = 1> <Delay = 5.58> <FuncUnit> <Opcode : 'mul'> <InPorts = 2> <OutPorts = 1>
ST_2 : Operation 76 [1/1] (2.07ns)   --->   "%add_ln44 = add i17 %zext_ln153_1, i17 131071" [/home/ulisses/Projects/ursa/exp/output-stationary/vitis_component/inp_data/hls_src/core/shell.cpp:44->/home/ulisses/Projects/ursa/exp/output-stationary/vitis_component/inp_data/hls_src/core/shell.cpp:157]   --->   Operation 76 'add' 'add_ln44' <Predicate = (icmp_ln153)> <Delay = 2.07> <CoreInst = "Adder">   --->   Core 1 'Adder' <Latency = 0> <II = 1> <Delay = 2.07> <FuncUnit> <Opcode : 'add' 'sub'> <InPorts = 2> <OutPorts = 1>

State 3 <SV = 2> <Delay = 7.30>
ST_3 : Operation 77 [7/8] (7.30ns)   --->   "%aw_load_req = readreq i1 @_ssdm_op_ReadReq.m_axi.i8P1A, i8 %aw_addr, i32 1" [/home/ulisses/Projects/ursa/exp/output-stationary/vitis_component/inp_data/hls_src/core/shell.cpp:23->/home/ulisses/Projects/ursa/exp/output-stationary/vitis_component/inp_data/hls_src/core/shell.cpp:156]   --->   Operation 77 'readreq' 'aw_load_req' <Predicate = (icmp_ln153 & icmp_ln22)> <Delay = 7.30> <CoreInst = "m_axi">   --->   Core 113 'm_axi' <Latency = 0> <II = 1> <Delay = 1.00> <Adapter> <Opcode : 'read' 'write' 'readreq' 'writereq' 'writeresp'>
ST_3 : Operation 78 [8/8] (7.30ns)   --->   "%aw_load_1_req = readreq i1 @_ssdm_op_ReadReq.m_axi.i8P1A, i8 %aw_addr_1, i32 1" [/home/ulisses/Projects/ursa/exp/output-stationary/vitis_component/inp_data/hls_src/core/shell.cpp:23->/home/ulisses/Projects/ursa/exp/output-stationary/vitis_component/inp_data/hls_src/core/shell.cpp:156]   --->   Operation 78 'readreq' 'aw_load_1_req' <Predicate = (icmp_ln153 & and_ln18)> <Delay = 7.30> <CoreInst = "m_axi">   --->   Core 113 'm_axi' <Latency = 0> <II = 1> <Delay = 1.00> <Adapter> <Opcode : 'read' 'write' 'readreq' 'writereq' 'writeresp'>
ST_3 : Operation 79 [1/1] (0.00ns)   --->   "%phi_mul_load = load i32 %phi_mul" [/home/ulisses/Projects/ursa/exp/output-stationary/vitis_component/inp_data/hls_src/core/shell.cpp:44->/home/ulisses/Projects/ursa/exp/output-stationary/vitis_component/inp_data/hls_src/core/shell.cpp:157]   --->   Operation 79 'load' 'phi_mul_load' <Predicate = (icmp_ln153)> <Delay = 0.00>
ST_3 : Operation 80 [1/1] (2.55ns)   --->   "%add_ln44_1 = add i32 %phi_mul_load, i32 %zext_ln129_cast" [/home/ulisses/Projects/ursa/exp/output-stationary/vitis_component/inp_data/hls_src/core/shell.cpp:44->/home/ulisses/Projects/ursa/exp/output-stationary/vitis_component/inp_data/hls_src/core/shell.cpp:157]   --->   Operation 80 'add' 'add_ln44_1' <Predicate = (icmp_ln153)> <Delay = 2.55> <CoreInst = "Adder">   --->   Core 1 'Adder' <Latency = 0> <II = 1> <Delay = 2.55> <FuncUnit> <Opcode : 'add' 'sub'> <InPorts = 2> <OutPorts = 1>
ST_3 : Operation 81 [1/1] (2.55ns)   --->   "%add_ln51_2 = add i32 %zext_ln51_cast, i32 %addr_b0_read" [/home/ulisses/Projects/ursa/exp/output-stationary/vitis_component/inp_data/hls_src/core/shell.cpp:51->/home/ulisses/Projects/ursa/exp/output-stationary/vitis_component/inp_data/hls_src/core/shell.cpp:157]   --->   Operation 81 'add' 'add_ln51_2' <Predicate = (icmp_ln153 & icmp_ln22)> <Delay = 2.55> <CoreInst = "Adder">   --->   Core 1 'Adder' <Latency = 0> <II = 1> <Delay = 2.55> <FuncUnit> <Opcode : 'add' 'sub'> <InPorts = 2> <OutPorts = 1>
ST_3 : Operation 82 [1/1] (0.00ns) (grouped into TernaryAdder)   --->   "%add_ln51 = add i32 %add_ln51_2, i32 %mul_i" [/home/ulisses/Projects/ursa/exp/output-stationary/vitis_component/inp_data/hls_src/core/shell.cpp:51->/home/ulisses/Projects/ursa/exp/output-stationary/vitis_component/inp_data/hls_src/core/shell.cpp:157]   --->   Operation 82 'add' 'add_ln51' <Predicate = (icmp_ln153 & icmp_ln22)> <Delay = 0.00> <CoreInst = "TAddSub">   --->   Core 10 'TAddSub' <Latency = 0> <II = 1> <Delay = 2.18> <IPBlock> <Opcode : '' 'add' 'sub'> <InPorts = 3> <OutPorts = 1> <Sync> <CReg>
ST_3 : Operation 83 [1/1] (4.37ns) (root node of TernaryAdder)   --->   "%sub_ln51 = sub i32 %add_ln51, i32 %phi_mul_load" [/home/ulisses/Projects/ursa/exp/output-stationary/vitis_component/inp_data/hls_src/core/shell.cpp:51->/home/ulisses/Projects/ursa/exp/output-stationary/vitis_component/inp_data/hls_src/core/shell.cpp:157]   --->   Operation 83 'sub' 'sub_ln51' <Predicate = (icmp_ln153 & icmp_ln22)> <Delay = 4.37> <CoreInst = "TAddSub">   --->   Core 10 'TAddSub' <Latency = 0> <II = 1> <Delay = 2.18> <IPBlock> <Opcode : '' 'add' 'sub'> <InPorts = 3> <OutPorts = 1> <Sync> <CReg>
ST_3 : Operation 84 [1/1] (0.00ns)   --->   "%bi_addr = getelementptr i8 %bi, i32 %sub_ln51" [/home/ulisses/Projects/ursa/exp/output-stationary/vitis_component/inp_data/hls_src/core/shell.cpp:51->/home/ulisses/Projects/ursa/exp/output-stationary/vitis_component/inp_data/hls_src/core/shell.cpp:157]   --->   Operation 84 'getelementptr' 'bi_addr' <Predicate = (icmp_ln153 & icmp_ln22)> <Delay = 0.00>
ST_3 : Operation 85 [1/1] (0.00ns)   --->   "%sext_ln44 = sext i17 %add_ln44" [/home/ulisses/Projects/ursa/exp/output-stationary/vitis_component/inp_data/hls_src/core/shell.cpp:44->/home/ulisses/Projects/ursa/exp/output-stationary/vitis_component/inp_data/hls_src/core/shell.cpp:157]   --->   Operation 85 'sext' 'sext_ln44' <Predicate = (icmp_ln153)> <Delay = 0.00>
ST_3 : Operation 86 [1/1] (5.58ns)   --->   "%mul_ln44 = mul i32 %sext_ln44, i32 %zext_ln129_cast" [/home/ulisses/Projects/ursa/exp/output-stationary/vitis_component/inp_data/hls_src/core/shell.cpp:44->/home/ulisses/Projects/ursa/exp/output-stationary/vitis_component/inp_data/hls_src/core/shell.cpp:157]   --->   Operation 86 'mul' 'mul_ln44' <Predicate = (icmp_ln153)> <Delay = 5.58> <CoreInst = "Multiplier">   --->   Core 3 'Multiplier' <Latency = 0> <II = 1> <Delay = 5.58> <FuncUnit> <Opcode : 'mul'> <InPorts = 2> <OutPorts = 1>
ST_3 : Operation 87 [1/1] (1.58ns)   --->   "%store_ln44 = store i32 %add_ln44_1, i32 %phi_mul" [/home/ulisses/Projects/ursa/exp/output-stationary/vitis_component/inp_data/hls_src/core/shell.cpp:44->/home/ulisses/Projects/ursa/exp/output-stationary/vitis_component/inp_data/hls_src/core/shell.cpp:157]   --->   Operation 87 'store' 'store_ln44' <Predicate = true> <Delay = 1.58>

State 4 <SV = 3> <Delay = 7.30>
ST_4 : Operation 88 [6/8] (7.30ns)   --->   "%aw_load_req = readreq i1 @_ssdm_op_ReadReq.m_axi.i8P1A, i8 %aw_addr, i32 1" [/home/ulisses/Projects/ursa/exp/output-stationary/vitis_component/inp_data/hls_src/core/shell.cpp:23->/home/ulisses/Projects/ursa/exp/output-stationary/vitis_component/inp_data/hls_src/core/shell.cpp:156]   --->   Operation 88 'readreq' 'aw_load_req' <Predicate = (icmp_ln153 & icmp_ln22)> <Delay = 7.30> <CoreInst = "m_axi">   --->   Core 113 'm_axi' <Latency = 0> <II = 1> <Delay = 1.00> <Adapter> <Opcode : 'read' 'write' 'readreq' 'writereq' 'writeresp'>
ST_4 : Operation 89 [7/8] (7.30ns)   --->   "%aw_load_1_req = readreq i1 @_ssdm_op_ReadReq.m_axi.i8P1A, i8 %aw_addr_1, i32 1" [/home/ulisses/Projects/ursa/exp/output-stationary/vitis_component/inp_data/hls_src/core/shell.cpp:23->/home/ulisses/Projects/ursa/exp/output-stationary/vitis_component/inp_data/hls_src/core/shell.cpp:156]   --->   Operation 89 'readreq' 'aw_load_1_req' <Predicate = (icmp_ln153 & and_ln18)> <Delay = 7.30> <CoreInst = "m_axi">   --->   Core 113 'm_axi' <Latency = 0> <II = 1> <Delay = 1.00> <Adapter> <Opcode : 'read' 'write' 'readreq' 'writereq' 'writeresp'>
ST_4 : Operation 90 [8/8] (7.30ns)   --->   "%bi_load_req = readreq i1 @_ssdm_op_ReadReq.m_axi.i8P1A, i8 %bi_addr, i32 1" [/home/ulisses/Projects/ursa/exp/output-stationary/vitis_component/inp_data/hls_src/core/shell.cpp:51->/home/ulisses/Projects/ursa/exp/output-stationary/vitis_component/inp_data/hls_src/core/shell.cpp:157]   --->   Operation 90 'readreq' 'bi_load_req' <Predicate = (icmp_ln153 & icmp_ln22)> <Delay = 7.30> <CoreInst = "m_axi">   --->   Core 113 'm_axi' <Latency = 0> <II = 1> <Delay = 1.00> <Adapter> <Opcode : 'read' 'write' 'readreq' 'writereq' 'writeresp'>
ST_4 : Operation 91 [1/1] (0.00ns) (grouped into LUT with out node add_ln51_3)   --->   "%or_ln51 = or i16 %select_ln135_read, i16 1" [/home/ulisses/Projects/ursa/exp/output-stationary/vitis_component/inp_data/hls_src/core/shell.cpp:51->/home/ulisses/Projects/ursa/exp/output-stationary/vitis_component/inp_data/hls_src/core/shell.cpp:157]   --->   Operation 91 'or' 'or_ln51' <Predicate = (icmp_ln153 & and_ln18)> <Delay = 0.00>
ST_4 : Operation 92 [1/1] (0.00ns) (grouped into LUT with out node add_ln51_3)   --->   "%zext_ln51_1 = zext i16 %or_ln51" [/home/ulisses/Projects/ursa/exp/output-stationary/vitis_component/inp_data/hls_src/core/shell.cpp:51->/home/ulisses/Projects/ursa/exp/output-stationary/vitis_component/inp_data/hls_src/core/shell.cpp:157]   --->   Operation 92 'zext' 'zext_ln51_1' <Predicate = (icmp_ln153 & and_ln18)> <Delay = 0.00>
ST_4 : Operation 93 [1/1] (2.55ns) (out node of the LUT)   --->   "%add_ln51_3 = add i32 %zext_ln51_1, i32 %addr_b0_read" [/home/ulisses/Projects/ursa/exp/output-stationary/vitis_component/inp_data/hls_src/core/shell.cpp:51->/home/ulisses/Projects/ursa/exp/output-stationary/vitis_component/inp_data/hls_src/core/shell.cpp:157]   --->   Operation 93 'add' 'add_ln51_3' <Predicate = (icmp_ln153 & and_ln18)> <Delay = 2.55> <CoreInst = "Adder">   --->   Core 1 'Adder' <Latency = 0> <II = 1> <Delay = 2.55> <FuncUnit> <Opcode : 'add' 'sub'> <InPorts = 2> <OutPorts = 1>
ST_4 : Operation 94 [1/1] (0.00ns) (grouped into TernaryAdder)   --->   "%add_ln51_1 = add i32 %add_ln51_3, i32 %mul_i" [/home/ulisses/Projects/ursa/exp/output-stationary/vitis_component/inp_data/hls_src/core/shell.cpp:51->/home/ulisses/Projects/ursa/exp/output-stationary/vitis_component/inp_data/hls_src/core/shell.cpp:157]   --->   Operation 94 'add' 'add_ln51_1' <Predicate = (icmp_ln153 & and_ln18)> <Delay = 0.00> <CoreInst = "TAddSub">   --->   Core 10 'TAddSub' <Latency = 0> <II = 1> <Delay = 2.18> <IPBlock> <Opcode : '' 'add' 'sub'> <InPorts = 3> <OutPorts = 1> <Sync> <CReg>
ST_4 : Operation 95 [1/1] (4.37ns) (root node of TernaryAdder)   --->   "%sub_ln51_1 = sub i32 %add_ln51_1, i32 %mul_ln44" [/home/ulisses/Projects/ursa/exp/output-stationary/vitis_component/inp_data/hls_src/core/shell.cpp:51->/home/ulisses/Projects/ursa/exp/output-stationary/vitis_component/inp_data/hls_src/core/shell.cpp:157]   --->   Operation 95 'sub' 'sub_ln51_1' <Predicate = (icmp_ln153 & and_ln18)> <Delay = 4.37> <CoreInst = "TAddSub">   --->   Core 10 'TAddSub' <Latency = 0> <II = 1> <Delay = 2.18> <IPBlock> <Opcode : '' 'add' 'sub'> <InPorts = 3> <OutPorts = 1> <Sync> <CReg>
ST_4 : Operation 96 [1/1] (0.00ns)   --->   "%bi_addr_1 = getelementptr i8 %bi, i32 %sub_ln51_1" [/home/ulisses/Projects/ursa/exp/output-stationary/vitis_component/inp_data/hls_src/core/shell.cpp:51->/home/ulisses/Projects/ursa/exp/output-stationary/vitis_component/inp_data/hls_src/core/shell.cpp:157]   --->   Operation 96 'getelementptr' 'bi_addr_1' <Predicate = (icmp_ln153 & and_ln18)> <Delay = 0.00>

State 5 <SV = 4> <Delay = 7.30>
ST_5 : Operation 97 [5/8] (7.30ns)   --->   "%aw_load_req = readreq i1 @_ssdm_op_ReadReq.m_axi.i8P1A, i8 %aw_addr, i32 1" [/home/ulisses/Projects/ursa/exp/output-stationary/vitis_component/inp_data/hls_src/core/shell.cpp:23->/home/ulisses/Projects/ursa/exp/output-stationary/vitis_component/inp_data/hls_src/core/shell.cpp:156]   --->   Operation 97 'readreq' 'aw_load_req' <Predicate = (icmp_ln153 & icmp_ln22)> <Delay = 7.30> <CoreInst = "m_axi">   --->   Core 113 'm_axi' <Latency = 0> <II = 1> <Delay = 1.00> <Adapter> <Opcode : 'read' 'write' 'readreq' 'writereq' 'writeresp'>
ST_5 : Operation 98 [6/8] (7.30ns)   --->   "%aw_load_1_req = readreq i1 @_ssdm_op_ReadReq.m_axi.i8P1A, i8 %aw_addr_1, i32 1" [/home/ulisses/Projects/ursa/exp/output-stationary/vitis_component/inp_data/hls_src/core/shell.cpp:23->/home/ulisses/Projects/ursa/exp/output-stationary/vitis_component/inp_data/hls_src/core/shell.cpp:156]   --->   Operation 98 'readreq' 'aw_load_1_req' <Predicate = (icmp_ln153 & and_ln18)> <Delay = 7.30> <CoreInst = "m_axi">   --->   Core 113 'm_axi' <Latency = 0> <II = 1> <Delay = 1.00> <Adapter> <Opcode : 'read' 'write' 'readreq' 'writereq' 'writeresp'>
ST_5 : Operation 99 [7/8] (7.30ns)   --->   "%bi_load_req = readreq i1 @_ssdm_op_ReadReq.m_axi.i8P1A, i8 %bi_addr, i32 1" [/home/ulisses/Projects/ursa/exp/output-stationary/vitis_component/inp_data/hls_src/core/shell.cpp:51->/home/ulisses/Projects/ursa/exp/output-stationary/vitis_component/inp_data/hls_src/core/shell.cpp:157]   --->   Operation 99 'readreq' 'bi_load_req' <Predicate = (icmp_ln153 & icmp_ln22)> <Delay = 7.30> <CoreInst = "m_axi">   --->   Core 113 'm_axi' <Latency = 0> <II = 1> <Delay = 1.00> <Adapter> <Opcode : 'read' 'write' 'readreq' 'writereq' 'writeresp'>
ST_5 : Operation 100 [8/8] (7.30ns)   --->   "%bi_load_1_req = readreq i1 @_ssdm_op_ReadReq.m_axi.i8P1A, i8 %bi_addr_1, i32 1" [/home/ulisses/Projects/ursa/exp/output-stationary/vitis_component/inp_data/hls_src/core/shell.cpp:51->/home/ulisses/Projects/ursa/exp/output-stationary/vitis_component/inp_data/hls_src/core/shell.cpp:157]   --->   Operation 100 'readreq' 'bi_load_1_req' <Predicate = (icmp_ln153 & and_ln18)> <Delay = 7.30> <CoreInst = "m_axi">   --->   Core 113 'm_axi' <Latency = 0> <II = 1> <Delay = 1.00> <Adapter> <Opcode : 'read' 'write' 'readreq' 'writereq' 'writeresp'>

State 6 <SV = 5> <Delay = 7.30>
ST_6 : Operation 101 [4/8] (7.30ns)   --->   "%aw_load_req = readreq i1 @_ssdm_op_ReadReq.m_axi.i8P1A, i8 %aw_addr, i32 1" [/home/ulisses/Projects/ursa/exp/output-stationary/vitis_component/inp_data/hls_src/core/shell.cpp:23->/home/ulisses/Projects/ursa/exp/output-stationary/vitis_component/inp_data/hls_src/core/shell.cpp:156]   --->   Operation 101 'readreq' 'aw_load_req' <Predicate = (icmp_ln153 & icmp_ln22)> <Delay = 7.30> <CoreInst = "m_axi">   --->   Core 113 'm_axi' <Latency = 0> <II = 1> <Delay = 1.00> <Adapter> <Opcode : 'read' 'write' 'readreq' 'writereq' 'writeresp'>
ST_6 : Operation 102 [5/8] (7.30ns)   --->   "%aw_load_1_req = readreq i1 @_ssdm_op_ReadReq.m_axi.i8P1A, i8 %aw_addr_1, i32 1" [/home/ulisses/Projects/ursa/exp/output-stationary/vitis_component/inp_data/hls_src/core/shell.cpp:23->/home/ulisses/Projects/ursa/exp/output-stationary/vitis_component/inp_data/hls_src/core/shell.cpp:156]   --->   Operation 102 'readreq' 'aw_load_1_req' <Predicate = (icmp_ln153 & and_ln18)> <Delay = 7.30> <CoreInst = "m_axi">   --->   Core 113 'm_axi' <Latency = 0> <II = 1> <Delay = 1.00> <Adapter> <Opcode : 'read' 'write' 'readreq' 'writereq' 'writeresp'>
ST_6 : Operation 103 [6/8] (7.30ns)   --->   "%bi_load_req = readreq i1 @_ssdm_op_ReadReq.m_axi.i8P1A, i8 %bi_addr, i32 1" [/home/ulisses/Projects/ursa/exp/output-stationary/vitis_component/inp_data/hls_src/core/shell.cpp:51->/home/ulisses/Projects/ursa/exp/output-stationary/vitis_component/inp_data/hls_src/core/shell.cpp:157]   --->   Operation 103 'readreq' 'bi_load_req' <Predicate = (icmp_ln153 & icmp_ln22)> <Delay = 7.30> <CoreInst = "m_axi">   --->   Core 113 'm_axi' <Latency = 0> <II = 1> <Delay = 1.00> <Adapter> <Opcode : 'read' 'write' 'readreq' 'writereq' 'writeresp'>
ST_6 : Operation 104 [7/8] (7.30ns)   --->   "%bi_load_1_req = readreq i1 @_ssdm_op_ReadReq.m_axi.i8P1A, i8 %bi_addr_1, i32 1" [/home/ulisses/Projects/ursa/exp/output-stationary/vitis_component/inp_data/hls_src/core/shell.cpp:51->/home/ulisses/Projects/ursa/exp/output-stationary/vitis_component/inp_data/hls_src/core/shell.cpp:157]   --->   Operation 104 'readreq' 'bi_load_1_req' <Predicate = (icmp_ln153 & and_ln18)> <Delay = 7.30> <CoreInst = "m_axi">   --->   Core 113 'm_axi' <Latency = 0> <II = 1> <Delay = 1.00> <Adapter> <Opcode : 'read' 'write' 'readreq' 'writereq' 'writeresp'>

State 7 <SV = 6> <Delay = 7.30>
ST_7 : Operation 105 [3/8] (7.30ns)   --->   "%aw_load_req = readreq i1 @_ssdm_op_ReadReq.m_axi.i8P1A, i8 %aw_addr, i32 1" [/home/ulisses/Projects/ursa/exp/output-stationary/vitis_component/inp_data/hls_src/core/shell.cpp:23->/home/ulisses/Projects/ursa/exp/output-stationary/vitis_component/inp_data/hls_src/core/shell.cpp:156]   --->   Operation 105 'readreq' 'aw_load_req' <Predicate = (icmp_ln153 & icmp_ln22)> <Delay = 7.30> <CoreInst = "m_axi">   --->   Core 113 'm_axi' <Latency = 0> <II = 1> <Delay = 1.00> <Adapter> <Opcode : 'read' 'write' 'readreq' 'writereq' 'writeresp'>
ST_7 : Operation 106 [4/8] (7.30ns)   --->   "%aw_load_1_req = readreq i1 @_ssdm_op_ReadReq.m_axi.i8P1A, i8 %aw_addr_1, i32 1" [/home/ulisses/Projects/ursa/exp/output-stationary/vitis_component/inp_data/hls_src/core/shell.cpp:23->/home/ulisses/Projects/ursa/exp/output-stationary/vitis_component/inp_data/hls_src/core/shell.cpp:156]   --->   Operation 106 'readreq' 'aw_load_1_req' <Predicate = (icmp_ln153 & and_ln18)> <Delay = 7.30> <CoreInst = "m_axi">   --->   Core 113 'm_axi' <Latency = 0> <II = 1> <Delay = 1.00> <Adapter> <Opcode : 'read' 'write' 'readreq' 'writereq' 'writeresp'>
ST_7 : Operation 107 [5/8] (7.30ns)   --->   "%bi_load_req = readreq i1 @_ssdm_op_ReadReq.m_axi.i8P1A, i8 %bi_addr, i32 1" [/home/ulisses/Projects/ursa/exp/output-stationary/vitis_component/inp_data/hls_src/core/shell.cpp:51->/home/ulisses/Projects/ursa/exp/output-stationary/vitis_component/inp_data/hls_src/core/shell.cpp:157]   --->   Operation 107 'readreq' 'bi_load_req' <Predicate = (icmp_ln153 & icmp_ln22)> <Delay = 7.30> <CoreInst = "m_axi">   --->   Core 113 'm_axi' <Latency = 0> <II = 1> <Delay = 1.00> <Adapter> <Opcode : 'read' 'write' 'readreq' 'writereq' 'writeresp'>
ST_7 : Operation 108 [6/8] (7.30ns)   --->   "%bi_load_1_req = readreq i1 @_ssdm_op_ReadReq.m_axi.i8P1A, i8 %bi_addr_1, i32 1" [/home/ulisses/Projects/ursa/exp/output-stationary/vitis_component/inp_data/hls_src/core/shell.cpp:51->/home/ulisses/Projects/ursa/exp/output-stationary/vitis_component/inp_data/hls_src/core/shell.cpp:157]   --->   Operation 108 'readreq' 'bi_load_1_req' <Predicate = (icmp_ln153 & and_ln18)> <Delay = 7.30> <CoreInst = "m_axi">   --->   Core 113 'm_axi' <Latency = 0> <II = 1> <Delay = 1.00> <Adapter> <Opcode : 'read' 'write' 'readreq' 'writereq' 'writeresp'>

State 8 <SV = 7> <Delay = 7.30>
ST_8 : Operation 109 [2/8] (7.30ns)   --->   "%aw_load_req = readreq i1 @_ssdm_op_ReadReq.m_axi.i8P1A, i8 %aw_addr, i32 1" [/home/ulisses/Projects/ursa/exp/output-stationary/vitis_component/inp_data/hls_src/core/shell.cpp:23->/home/ulisses/Projects/ursa/exp/output-stationary/vitis_component/inp_data/hls_src/core/shell.cpp:156]   --->   Operation 109 'readreq' 'aw_load_req' <Predicate = (icmp_ln153 & icmp_ln22)> <Delay = 7.30> <CoreInst = "m_axi">   --->   Core 113 'm_axi' <Latency = 0> <II = 1> <Delay = 1.00> <Adapter> <Opcode : 'read' 'write' 'readreq' 'writereq' 'writeresp'>
ST_8 : Operation 110 [3/8] (7.30ns)   --->   "%aw_load_1_req = readreq i1 @_ssdm_op_ReadReq.m_axi.i8P1A, i8 %aw_addr_1, i32 1" [/home/ulisses/Projects/ursa/exp/output-stationary/vitis_component/inp_data/hls_src/core/shell.cpp:23->/home/ulisses/Projects/ursa/exp/output-stationary/vitis_component/inp_data/hls_src/core/shell.cpp:156]   --->   Operation 110 'readreq' 'aw_load_1_req' <Predicate = (icmp_ln153 & and_ln18)> <Delay = 7.30> <CoreInst = "m_axi">   --->   Core 113 'm_axi' <Latency = 0> <II = 1> <Delay = 1.00> <Adapter> <Opcode : 'read' 'write' 'readreq' 'writereq' 'writeresp'>
ST_8 : Operation 111 [4/8] (7.30ns)   --->   "%bi_load_req = readreq i1 @_ssdm_op_ReadReq.m_axi.i8P1A, i8 %bi_addr, i32 1" [/home/ulisses/Projects/ursa/exp/output-stationary/vitis_component/inp_data/hls_src/core/shell.cpp:51->/home/ulisses/Projects/ursa/exp/output-stationary/vitis_component/inp_data/hls_src/core/shell.cpp:157]   --->   Operation 111 'readreq' 'bi_load_req' <Predicate = (icmp_ln153 & icmp_ln22)> <Delay = 7.30> <CoreInst = "m_axi">   --->   Core 113 'm_axi' <Latency = 0> <II = 1> <Delay = 1.00> <Adapter> <Opcode : 'read' 'write' 'readreq' 'writereq' 'writeresp'>
ST_8 : Operation 112 [5/8] (7.30ns)   --->   "%bi_load_1_req = readreq i1 @_ssdm_op_ReadReq.m_axi.i8P1A, i8 %bi_addr_1, i32 1" [/home/ulisses/Projects/ursa/exp/output-stationary/vitis_component/inp_data/hls_src/core/shell.cpp:51->/home/ulisses/Projects/ursa/exp/output-stationary/vitis_component/inp_data/hls_src/core/shell.cpp:157]   --->   Operation 112 'readreq' 'bi_load_1_req' <Predicate = (icmp_ln153 & and_ln18)> <Delay = 7.30> <CoreInst = "m_axi">   --->   Core 113 'm_axi' <Latency = 0> <II = 1> <Delay = 1.00> <Adapter> <Opcode : 'read' 'write' 'readreq' 'writereq' 'writeresp'>

State 9 <SV = 8> <Delay = 7.30>
ST_9 : Operation 113 [1/8] (7.30ns)   --->   "%aw_load_req = readreq i1 @_ssdm_op_ReadReq.m_axi.i8P1A, i8 %aw_addr, i32 1" [/home/ulisses/Projects/ursa/exp/output-stationary/vitis_component/inp_data/hls_src/core/shell.cpp:23->/home/ulisses/Projects/ursa/exp/output-stationary/vitis_component/inp_data/hls_src/core/shell.cpp:156]   --->   Operation 113 'readreq' 'aw_load_req' <Predicate = (icmp_ln153 & icmp_ln22)> <Delay = 7.30> <CoreInst = "m_axi">   --->   Core 113 'm_axi' <Latency = 0> <II = 1> <Delay = 1.00> <Adapter> <Opcode : 'read' 'write' 'readreq' 'writereq' 'writeresp'>
ST_9 : Operation 114 [2/8] (7.30ns)   --->   "%aw_load_1_req = readreq i1 @_ssdm_op_ReadReq.m_axi.i8P1A, i8 %aw_addr_1, i32 1" [/home/ulisses/Projects/ursa/exp/output-stationary/vitis_component/inp_data/hls_src/core/shell.cpp:23->/home/ulisses/Projects/ursa/exp/output-stationary/vitis_component/inp_data/hls_src/core/shell.cpp:156]   --->   Operation 114 'readreq' 'aw_load_1_req' <Predicate = (icmp_ln153 & and_ln18)> <Delay = 7.30> <CoreInst = "m_axi">   --->   Core 113 'm_axi' <Latency = 0> <II = 1> <Delay = 1.00> <Adapter> <Opcode : 'read' 'write' 'readreq' 'writereq' 'writeresp'>
ST_9 : Operation 115 [3/8] (7.30ns)   --->   "%bi_load_req = readreq i1 @_ssdm_op_ReadReq.m_axi.i8P1A, i8 %bi_addr, i32 1" [/home/ulisses/Projects/ursa/exp/output-stationary/vitis_component/inp_data/hls_src/core/shell.cpp:51->/home/ulisses/Projects/ursa/exp/output-stationary/vitis_component/inp_data/hls_src/core/shell.cpp:157]   --->   Operation 115 'readreq' 'bi_load_req' <Predicate = (icmp_ln153 & icmp_ln22)> <Delay = 7.30> <CoreInst = "m_axi">   --->   Core 113 'm_axi' <Latency = 0> <II = 1> <Delay = 1.00> <Adapter> <Opcode : 'read' 'write' 'readreq' 'writereq' 'writeresp'>
ST_9 : Operation 116 [4/8] (7.30ns)   --->   "%bi_load_1_req = readreq i1 @_ssdm_op_ReadReq.m_axi.i8P1A, i8 %bi_addr_1, i32 1" [/home/ulisses/Projects/ursa/exp/output-stationary/vitis_component/inp_data/hls_src/core/shell.cpp:51->/home/ulisses/Projects/ursa/exp/output-stationary/vitis_component/inp_data/hls_src/core/shell.cpp:157]   --->   Operation 116 'readreq' 'bi_load_1_req' <Predicate = (icmp_ln153 & and_ln18)> <Delay = 7.30> <CoreInst = "m_axi">   --->   Core 113 'm_axi' <Latency = 0> <II = 1> <Delay = 1.00> <Adapter> <Opcode : 'read' 'write' 'readreq' 'writereq' 'writeresp'>

State 10 <SV = 9> <Delay = 7.30>
ST_10 : Operation 117 [1/1] (7.30ns)   --->   "%aw_addr_read = read i8 @_ssdm_op_Read.m_axi.i8P1A, i8 %aw_addr" [/home/ulisses/Projects/ursa/exp/output-stationary/vitis_component/inp_data/hls_src/core/shell.cpp:23->/home/ulisses/Projects/ursa/exp/output-stationary/vitis_component/inp_data/hls_src/core/shell.cpp:156]   --->   Operation 117 'read' 'aw_addr_read' <Predicate = (icmp_ln153 & icmp_ln22)> <Delay = 7.30> <CoreInst = "m_axi">   --->   Core 113 'm_axi' <Latency = 0> <II = 1> <Delay = 1.00> <Adapter> <Opcode : 'read' 'write' 'readreq' 'writereq' 'writeresp'>
ST_10 : Operation 118 [1/8] (7.30ns)   --->   "%aw_load_1_req = readreq i1 @_ssdm_op_ReadReq.m_axi.i8P1A, i8 %aw_addr_1, i32 1" [/home/ulisses/Projects/ursa/exp/output-stationary/vitis_component/inp_data/hls_src/core/shell.cpp:23->/home/ulisses/Projects/ursa/exp/output-stationary/vitis_component/inp_data/hls_src/core/shell.cpp:156]   --->   Operation 118 'readreq' 'aw_load_1_req' <Predicate = (icmp_ln153 & and_ln18)> <Delay = 7.30> <CoreInst = "m_axi">   --->   Core 113 'm_axi' <Latency = 0> <II = 1> <Delay = 1.00> <Adapter> <Opcode : 'read' 'write' 'readreq' 'writereq' 'writeresp'>
ST_10 : Operation 119 [2/8] (7.30ns)   --->   "%bi_load_req = readreq i1 @_ssdm_op_ReadReq.m_axi.i8P1A, i8 %bi_addr, i32 1" [/home/ulisses/Projects/ursa/exp/output-stationary/vitis_component/inp_data/hls_src/core/shell.cpp:51->/home/ulisses/Projects/ursa/exp/output-stationary/vitis_component/inp_data/hls_src/core/shell.cpp:157]   --->   Operation 119 'readreq' 'bi_load_req' <Predicate = (icmp_ln153 & icmp_ln22)> <Delay = 7.30> <CoreInst = "m_axi">   --->   Core 113 'm_axi' <Latency = 0> <II = 1> <Delay = 1.00> <Adapter> <Opcode : 'read' 'write' 'readreq' 'writereq' 'writeresp'>
ST_10 : Operation 120 [3/8] (7.30ns)   --->   "%bi_load_1_req = readreq i1 @_ssdm_op_ReadReq.m_axi.i8P1A, i8 %bi_addr_1, i32 1" [/home/ulisses/Projects/ursa/exp/output-stationary/vitis_component/inp_data/hls_src/core/shell.cpp:51->/home/ulisses/Projects/ursa/exp/output-stationary/vitis_component/inp_data/hls_src/core/shell.cpp:157]   --->   Operation 120 'readreq' 'bi_load_1_req' <Predicate = (icmp_ln153 & and_ln18)> <Delay = 7.30> <CoreInst = "m_axi">   --->   Core 113 'm_axi' <Latency = 0> <II = 1> <Delay = 1.00> <Adapter> <Opcode : 'read' 'write' 'readreq' 'writereq' 'writeresp'>

State 11 <SV = 10> <Delay = 7.30>
ST_11 : Operation 121 [1/1] (1.58ns)   --->   "%br_ln24 = br void %for.inc.i" [/home/ulisses/Projects/ursa/exp/output-stationary/vitis_component/inp_data/hls_src/core/shell.cpp:24->/home/ulisses/Projects/ursa/exp/output-stationary/vitis_component/inp_data/hls_src/core/shell.cpp:156]   --->   Operation 121 'br' 'br_ln24' <Predicate = (icmp_ln153 & icmp_ln22)> <Delay = 1.58>
ST_11 : Operation 122 [1/1] (7.30ns)   --->   "%aw_addr_1_read = read i8 @_ssdm_op_Read.m_axi.i8P1A, i8 %aw_addr_1" [/home/ulisses/Projects/ursa/exp/output-stationary/vitis_component/inp_data/hls_src/core/shell.cpp:23->/home/ulisses/Projects/ursa/exp/output-stationary/vitis_component/inp_data/hls_src/core/shell.cpp:156]   --->   Operation 122 'read' 'aw_addr_1_read' <Predicate = (icmp_ln153 & and_ln18)> <Delay = 7.30> <CoreInst = "m_axi">   --->   Core 113 'm_axi' <Latency = 0> <II = 1> <Delay = 1.00> <Adapter> <Opcode : 'read' 'write' 'readreq' 'writereq' 'writeresp'>
ST_11 : Operation 123 [1/8] (7.30ns)   --->   "%bi_load_req = readreq i1 @_ssdm_op_ReadReq.m_axi.i8P1A, i8 %bi_addr, i32 1" [/home/ulisses/Projects/ursa/exp/output-stationary/vitis_component/inp_data/hls_src/core/shell.cpp:51->/home/ulisses/Projects/ursa/exp/output-stationary/vitis_component/inp_data/hls_src/core/shell.cpp:157]   --->   Operation 123 'readreq' 'bi_load_req' <Predicate = (icmp_ln153 & icmp_ln22)> <Delay = 7.30> <CoreInst = "m_axi">   --->   Core 113 'm_axi' <Latency = 0> <II = 1> <Delay = 1.00> <Adapter> <Opcode : 'read' 'write' 'readreq' 'writereq' 'writeresp'>
ST_11 : Operation 124 [2/8] (7.30ns)   --->   "%bi_load_1_req = readreq i1 @_ssdm_op_ReadReq.m_axi.i8P1A, i8 %bi_addr_1, i32 1" [/home/ulisses/Projects/ursa/exp/output-stationary/vitis_component/inp_data/hls_src/core/shell.cpp:51->/home/ulisses/Projects/ursa/exp/output-stationary/vitis_component/inp_data/hls_src/core/shell.cpp:157]   --->   Operation 124 'readreq' 'bi_load_1_req' <Predicate = (icmp_ln153 & and_ln18)> <Delay = 7.30> <CoreInst = "m_axi">   --->   Core 113 'm_axi' <Latency = 0> <II = 1> <Delay = 1.00> <Adapter> <Opcode : 'read' 'write' 'readreq' 'writereq' 'writeresp'>

State 12 <SV = 11> <Delay = 7.30>
ST_12 : Operation 125 [1/1] (0.00ns)   --->   "%in_a = phi i8 %aw_addr_read, void %if.then10.i, i8 0, void %for.inc.split" [/home/ulisses/Projects/ursa/exp/output-stationary/vitis_component/inp_data/hls_src/core/shell.cpp:23->/home/ulisses/Projects/ursa/exp/output-stationary/vitis_component/inp_data/hls_src/core/shell.cpp:156]   --->   Operation 125 'phi' 'in_a' <Predicate = (icmp_ln153)> <Delay = 0.00>
ST_12 : Operation 126 [1/1] (1.58ns)   --->   "%br_ln24 = br void %_Z13fill_inputs_aP6ap_intILi8EES1_tt.exit" [/home/ulisses/Projects/ursa/exp/output-stationary/vitis_component/inp_data/hls_src/core/shell.cpp:24->/home/ulisses/Projects/ursa/exp/output-stationary/vitis_component/inp_data/hls_src/core/shell.cpp:156]   --->   Operation 126 'br' 'br_ln24' <Predicate = (icmp_ln153 & and_ln18)> <Delay = 1.58>
ST_12 : Operation 127 [1/1] (0.00ns)   --->   "%in_a_1 = phi i8 %aw_addr_1_read, void %if.then10.1.i, i8 0, void %for.inc.i" [/home/ulisses/Projects/ursa/exp/output-stationary/vitis_component/inp_data/hls_src/core/shell.cpp:23->/home/ulisses/Projects/ursa/exp/output-stationary/vitis_component/inp_data/hls_src/core/shell.cpp:156]   --->   Operation 127 'phi' 'in_a_1' <Predicate = (icmp_ln153)> <Delay = 0.00>
ST_12 : Operation 128 [1/1] (7.30ns)   --->   "%bi_addr_read = read i8 @_ssdm_op_Read.m_axi.i8P1A, i8 %bi_addr" [/home/ulisses/Projects/ursa/exp/output-stationary/vitis_component/inp_data/hls_src/core/shell.cpp:51->/home/ulisses/Projects/ursa/exp/output-stationary/vitis_component/inp_data/hls_src/core/shell.cpp:157]   --->   Operation 128 'read' 'bi_addr_read' <Predicate = (icmp_ln153 & icmp_ln22)> <Delay = 7.30> <CoreInst = "m_axi">   --->   Core 113 'm_axi' <Latency = 0> <II = 1> <Delay = 1.00> <Adapter> <Opcode : 'read' 'write' 'readreq' 'writereq' 'writeresp'>
ST_12 : Operation 129 [1/8] (7.30ns)   --->   "%bi_load_1_req = readreq i1 @_ssdm_op_ReadReq.m_axi.i8P1A, i8 %bi_addr_1, i32 1" [/home/ulisses/Projects/ursa/exp/output-stationary/vitis_component/inp_data/hls_src/core/shell.cpp:51->/home/ulisses/Projects/ursa/exp/output-stationary/vitis_component/inp_data/hls_src/core/shell.cpp:157]   --->   Operation 129 'readreq' 'bi_load_1_req' <Predicate = (icmp_ln153 & and_ln18)> <Delay = 7.30> <CoreInst = "m_axi">   --->   Core 113 'm_axi' <Latency = 0> <II = 1> <Delay = 1.00> <Adapter> <Opcode : 'read' 'write' 'readreq' 'writereq' 'writeresp'>
ST_12 : Operation 130 [1/1] (0.00ns)   --->   "%sext_ln19_2 = sext i8 %in_a_1" [/home/ulisses/Projects/ursa/exp/output-stationary/vitis_component/inp_data/hls_src/core/pe.cpp:19->/home/ulisses/Projects/ursa/exp/output-stationary/vitis_component/inp_data/hls_src/core/sa.cpp:80->/home/ulisses/Projects/ursa/exp/output-stationary/vitis_component/inp_data/hls_src/core/shell.cpp:163]   --->   Operation 130 'sext' 'sext_ln19_2' <Predicate = true> <Delay = 0.00>
ST_12 : Operation 131 [1/1] (0.00ns)   --->   "%mxm_execute_ursa_signed_char_unsigned_short_unsigned_char_unsigned_short_i_14 = load i8 %mxm_execute_ursa_signed_char_unsigned_short_unsigned_char_unsigned_short_i_5" [/home/ulisses/Projects/ursa/exp/output-stationary/vitis_component/inp_data/hls_src/core/sa.cpp:71->/home/ulisses/Projects/ursa/exp/output-stationary/vitis_component/inp_data/hls_src/core/shell.cpp:163]   --->   Operation 131 'load' 'mxm_execute_ursa_signed_char_unsigned_short_unsigned_char_unsigned_short_i_14' <Predicate = true> <Delay = 0.00>
ST_12 : Operation 132 [1/1] (0.00ns)   --->   "%zext_ln19_2 = zext i8 %mxm_execute_ursa_signed_char_unsigned_short_unsigned_char_unsigned_short_i_14" [/home/ulisses/Projects/ursa/exp/output-stationary/vitis_component/inp_data/hls_src/core/pe.cpp:19->/home/ulisses/Projects/ursa/exp/output-stationary/vitis_component/inp_data/hls_src/core/sa.cpp:80->/home/ulisses/Projects/ursa/exp/output-stationary/vitis_component/inp_data/hls_src/core/shell.cpp:163]   --->   Operation 132 'zext' 'zext_ln19_2' <Predicate = true> <Delay = 0.00>
ST_12 : Operation 133 [3/3] (1.05ns) (grouped into DSP with root node add_ln19_2)   --->   "%mul_ln19_2 = mul i16 %zext_ln19_2, i16 %sext_ln19_2" [/home/ulisses/Projects/ursa/exp/output-stationary/vitis_component/inp_data/hls_src/core/pe.cpp:19->/home/ulisses/Projects/ursa/exp/output-stationary/vitis_component/inp_data/hls_src/core/sa.cpp:80->/home/ulisses/Projects/ursa/exp/output-stationary/vitis_component/inp_data/hls_src/core/shell.cpp:163]   --->   Operation 133 'mul' 'mul_ln19_2' <Predicate = true> <Delay = 1.05> <CoreInst = "DSP48">   --->   Core 119 'DSP48' <Latency = 3> <II = 1> <Delay = 2.15> <IPBlock> <Opcode : '' 'add' 'sub' 'mul' 'select'> <InPorts = 0> <OutPorts = 1> <Sync> <CReg>

State 13 <SV = 12> <Delay = 7.30>
ST_13 : Operation 134 [1/1] (1.58ns)   --->   "%br_ln52 = br void %for.inc.i4" [/home/ulisses/Projects/ursa/exp/output-stationary/vitis_component/inp_data/hls_src/core/shell.cpp:52->/home/ulisses/Projects/ursa/exp/output-stationary/vitis_component/inp_data/hls_src/core/shell.cpp:157]   --->   Operation 134 'br' 'br_ln52' <Predicate = (icmp_ln153 & icmp_ln22)> <Delay = 1.58>
ST_13 : Operation 135 [1/1] (0.00ns)   --->   "%in_b = phi i8 %bi_addr_read, void %if.then16.i, i8 0, void %_Z13fill_inputs_aP6ap_intILi8EES1_tt.exit" [/home/ulisses/Projects/ursa/exp/output-stationary/vitis_component/inp_data/hls_src/core/shell.cpp:51->/home/ulisses/Projects/ursa/exp/output-stationary/vitis_component/inp_data/hls_src/core/shell.cpp:157]   --->   Operation 135 'phi' 'in_b' <Predicate = (icmp_ln153)> <Delay = 0.00>
ST_13 : Operation 136 [1/1] (7.30ns)   --->   "%bi_addr_1_read = read i8 @_ssdm_op_Read.m_axi.i8P1A, i8 %bi_addr_1" [/home/ulisses/Projects/ursa/exp/output-stationary/vitis_component/inp_data/hls_src/core/shell.cpp:51->/home/ulisses/Projects/ursa/exp/output-stationary/vitis_component/inp_data/hls_src/core/shell.cpp:157]   --->   Operation 136 'read' 'bi_addr_1_read' <Predicate = (icmp_ln153 & and_ln18)> <Delay = 7.30> <CoreInst = "m_axi">   --->   Core 113 'm_axi' <Latency = 0> <II = 1> <Delay = 1.00> <Adapter> <Opcode : 'read' 'write' 'readreq' 'writereq' 'writeresp'>
ST_13 : Operation 137 [1/1] (0.00ns)   --->   "%sext_ln19 = sext i8 %in_a" [/home/ulisses/Projects/ursa/exp/output-stationary/vitis_component/inp_data/hls_src/core/pe.cpp:19->/home/ulisses/Projects/ursa/exp/output-stationary/vitis_component/inp_data/hls_src/core/sa.cpp:80->/home/ulisses/Projects/ursa/exp/output-stationary/vitis_component/inp_data/hls_src/core/shell.cpp:163]   --->   Operation 137 'sext' 'sext_ln19' <Predicate = true> <Delay = 0.00>
ST_13 : Operation 138 [1/1] (0.00ns)   --->   "%zext_ln19 = zext i8 %in_b" [/home/ulisses/Projects/ursa/exp/output-stationary/vitis_component/inp_data/hls_src/core/pe.cpp:19->/home/ulisses/Projects/ursa/exp/output-stationary/vitis_component/inp_data/hls_src/core/sa.cpp:80->/home/ulisses/Projects/ursa/exp/output-stationary/vitis_component/inp_data/hls_src/core/shell.cpp:163]   --->   Operation 138 'zext' 'zext_ln19' <Predicate = true> <Delay = 0.00>
ST_13 : Operation 139 [3/3] (1.05ns) (grouped into DSP with root node add_ln19)   --->   "%mul_ln19 = mul i16 %zext_ln19, i16 %sext_ln19" [/home/ulisses/Projects/ursa/exp/output-stationary/vitis_component/inp_data/hls_src/core/pe.cpp:19->/home/ulisses/Projects/ursa/exp/output-stationary/vitis_component/inp_data/hls_src/core/sa.cpp:80->/home/ulisses/Projects/ursa/exp/output-stationary/vitis_component/inp_data/hls_src/core/shell.cpp:163]   --->   Operation 139 'mul' 'mul_ln19' <Predicate = true> <Delay = 1.05> <CoreInst = "DSP48">   --->   Core 119 'DSP48' <Latency = 3> <II = 1> <Delay = 2.15> <IPBlock> <Opcode : '' 'add' 'sub' 'mul' 'select'> <InPorts = 0> <OutPorts = 1> <Sync> <CReg>
ST_13 : Operation 140 [1/1] (0.00ns)   --->   "%mxm_execute_ursa_signed_char_unsigned_short_unsigned_char_unsigned_short_i_13 = load i8 %mxm_execute_ursa_signed_char_unsigned_short_unsigned_char_unsigned_short_i_6" [/home/ulisses/Projects/ursa/exp/output-stationary/vitis_component/inp_data/hls_src/core/sa.cpp:62->/home/ulisses/Projects/ursa/exp/output-stationary/vitis_component/inp_data/hls_src/core/shell.cpp:163]   --->   Operation 140 'load' 'mxm_execute_ursa_signed_char_unsigned_short_unsigned_char_unsigned_short_i_13' <Predicate = true> <Delay = 0.00>
ST_13 : Operation 141 [1/1] (0.00ns)   --->   "%store_ln17 = store i8 %in_a_1, i8 %mxm_execute_ursa_signed_char_unsigned_short_unsigned_char_unsigned_short_i_6" [/home/ulisses/Projects/ursa/exp/output-stationary/vitis_component/inp_data/hls_src/core/pe.cpp:17->/home/ulisses/Projects/ursa/exp/output-stationary/vitis_component/inp_data/hls_src/core/sa.cpp:80->/home/ulisses/Projects/ursa/exp/output-stationary/vitis_component/inp_data/hls_src/core/shell.cpp:163]   --->   Operation 141 'store' 'store_ln17' <Predicate = true> <Delay = 0.00>
ST_13 : Operation 142 [1/1] (0.00ns)   --->   "%sext_ln19_5 = sext i8 %mxm_execute_ursa_signed_char_unsigned_short_unsigned_char_unsigned_short_i_13" [/home/ulisses/Projects/ursa/exp/output-stationary/vitis_component/inp_data/hls_src/core/pe.cpp:19->/home/ulisses/Projects/ursa/exp/output-stationary/vitis_component/inp_data/hls_src/core/sa.cpp:80->/home/ulisses/Projects/ursa/exp/output-stationary/vitis_component/inp_data/hls_src/core/shell.cpp:163]   --->   Operation 142 'sext' 'sext_ln19_5' <Predicate = true> <Delay = 0.00>
ST_13 : Operation 143 [2/3] (1.05ns) (grouped into DSP with root node add_ln19_2)   --->   "%mul_ln19_2 = mul i16 %zext_ln19_2, i16 %sext_ln19_2" [/home/ulisses/Projects/ursa/exp/output-stationary/vitis_component/inp_data/hls_src/core/pe.cpp:19->/home/ulisses/Projects/ursa/exp/output-stationary/vitis_component/inp_data/hls_src/core/sa.cpp:80->/home/ulisses/Projects/ursa/exp/output-stationary/vitis_component/inp_data/hls_src/core/shell.cpp:163]   --->   Operation 143 'mul' 'mul_ln19_2' <Predicate = true> <Delay = 1.05> <CoreInst = "DSP48">   --->   Core 119 'DSP48' <Latency = 3> <II = 1> <Delay = 2.15> <IPBlock> <Opcode : '' 'add' 'sub' 'mul' 'select'> <InPorts = 0> <OutPorts = 1> <Sync> <CReg>
ST_13 : Operation 144 [1/1] (0.00ns)   --->   "%mxm_execute_ursa_signed_char_unsigned_short_unsigned_char_unsigned_short_i_15 = load i8 %mxm_execute_ursa_signed_char_unsigned_short_unsigned_char_unsigned_short_i_4" [/home/ulisses/Projects/ursa/exp/output-stationary/vitis_component/inp_data/hls_src/core/sa.cpp:71->/home/ulisses/Projects/ursa/exp/output-stationary/vitis_component/inp_data/hls_src/core/shell.cpp:163]   --->   Operation 144 'load' 'mxm_execute_ursa_signed_char_unsigned_short_unsigned_char_unsigned_short_i_15' <Predicate = true> <Delay = 0.00>
ST_13 : Operation 145 [1/1] (0.00ns)   --->   "%store_ln18 = store i8 %in_b, i8 %mxm_execute_ursa_signed_char_unsigned_short_unsigned_char_unsigned_short_i_5" [/home/ulisses/Projects/ursa/exp/output-stationary/vitis_component/inp_data/hls_src/core/pe.cpp:18->/home/ulisses/Projects/ursa/exp/output-stationary/vitis_component/inp_data/hls_src/core/sa.cpp:80->/home/ulisses/Projects/ursa/exp/output-stationary/vitis_component/inp_data/hls_src/core/shell.cpp:163]   --->   Operation 145 'store' 'store_ln18' <Predicate = true> <Delay = 0.00>
ST_13 : Operation 146 [1/1] (0.00ns)   --->   "%zext_ln19_3 = zext i8 %mxm_execute_ursa_signed_char_unsigned_short_unsigned_char_unsigned_short_i_15" [/home/ulisses/Projects/ursa/exp/output-stationary/vitis_component/inp_data/hls_src/core/pe.cpp:19->/home/ulisses/Projects/ursa/exp/output-stationary/vitis_component/inp_data/hls_src/core/sa.cpp:80->/home/ulisses/Projects/ursa/exp/output-stationary/vitis_component/inp_data/hls_src/core/shell.cpp:163]   --->   Operation 146 'zext' 'zext_ln19_3' <Predicate = true> <Delay = 0.00>
ST_13 : Operation 147 [3/3] (1.05ns) (grouped into DSP with root node add_ln19_3)   --->   "%mul_ln19_3 = mul i16 %zext_ln19_3, i16 %sext_ln19_5" [/home/ulisses/Projects/ursa/exp/output-stationary/vitis_component/inp_data/hls_src/core/pe.cpp:19->/home/ulisses/Projects/ursa/exp/output-stationary/vitis_component/inp_data/hls_src/core/sa.cpp:80->/home/ulisses/Projects/ursa/exp/output-stationary/vitis_component/inp_data/hls_src/core/shell.cpp:163]   --->   Operation 147 'mul' 'mul_ln19_3' <Predicate = true> <Delay = 1.05> <CoreInst = "DSP48">   --->   Core 119 'DSP48' <Latency = 3> <II = 1> <Delay = 2.15> <IPBlock> <Opcode : '' 'add' 'sub' 'mul' 'select'> <InPorts = 0> <OutPorts = 1> <Sync> <CReg>

State 14 <SV = 13> <Delay = 2.63>
ST_14 : Operation 148 [1/1] (1.58ns)   --->   "%br_ln52 = br void %_Z13fill_inputs_bP7ap_uintILi8EEtS1_tt.exit" [/home/ulisses/Projects/ursa/exp/output-stationary/vitis_component/inp_data/hls_src/core/shell.cpp:52->/home/ulisses/Projects/ursa/exp/output-stationary/vitis_component/inp_data/hls_src/core/shell.cpp:157]   --->   Operation 148 'br' 'br_ln52' <Predicate = (icmp_ln153 & and_ln18)> <Delay = 1.58>
ST_14 : Operation 149 [1/1] (0.00ns)   --->   "%value_b = phi i8 %bi_addr_1_read, void %if.then16.1.i, i8 0, void %for.inc.i4" [/home/ulisses/Projects/ursa/exp/output-stationary/vitis_component/inp_data/hls_src/core/shell.cpp:51->/home/ulisses/Projects/ursa/exp/output-stationary/vitis_component/inp_data/hls_src/core/shell.cpp:157]   --->   Operation 149 'phi' 'value_b' <Predicate = true> <Delay = 0.00>
ST_14 : Operation 150 [2/3] (1.05ns) (grouped into DSP with root node add_ln19)   --->   "%mul_ln19 = mul i16 %zext_ln19, i16 %sext_ln19" [/home/ulisses/Projects/ursa/exp/output-stationary/vitis_component/inp_data/hls_src/core/pe.cpp:19->/home/ulisses/Projects/ursa/exp/output-stationary/vitis_component/inp_data/hls_src/core/sa.cpp:80->/home/ulisses/Projects/ursa/exp/output-stationary/vitis_component/inp_data/hls_src/core/shell.cpp:163]   --->   Operation 150 'mul' 'mul_ln19' <Predicate = true> <Delay = 1.05> <CoreInst = "DSP48">   --->   Core 119 'DSP48' <Latency = 3> <II = 1> <Delay = 2.15> <IPBlock> <Opcode : '' 'add' 'sub' 'mul' 'select'> <InPorts = 0> <OutPorts = 1> <Sync> <CReg>
ST_14 : Operation 151 [1/1] (0.00ns)   --->   "%zext_ln19_1 = zext i8 %value_b" [/home/ulisses/Projects/ursa/exp/output-stationary/vitis_component/inp_data/hls_src/core/pe.cpp:19->/home/ulisses/Projects/ursa/exp/output-stationary/vitis_component/inp_data/hls_src/core/sa.cpp:80->/home/ulisses/Projects/ursa/exp/output-stationary/vitis_component/inp_data/hls_src/core/shell.cpp:163]   --->   Operation 151 'zext' 'zext_ln19_1' <Predicate = true> <Delay = 0.00>
ST_14 : Operation 152 [1/1] (0.00ns)   --->   "%mxm_execute_ursa_signed_char_unsigned_short_unsigned_char_unsigned_short_i_12 = load i8 %mxm_execute_ursa_signed_char_unsigned_short_unsigned_char_unsigned_short_i_7" [/home/ulisses/Projects/ursa/exp/output-stationary/vitis_component/inp_data/hls_src/core/sa.cpp:62->/home/ulisses/Projects/ursa/exp/output-stationary/vitis_component/inp_data/hls_src/core/shell.cpp:163]   --->   Operation 152 'load' 'mxm_execute_ursa_signed_char_unsigned_short_unsigned_char_unsigned_short_i_12' <Predicate = true> <Delay = 0.00>
ST_14 : Operation 153 [1/1] (0.00ns)   --->   "%sext_ln19_3 = sext i8 %mxm_execute_ursa_signed_char_unsigned_short_unsigned_char_unsigned_short_i_12" [/home/ulisses/Projects/ursa/exp/output-stationary/vitis_component/inp_data/hls_src/core/pe.cpp:19->/home/ulisses/Projects/ursa/exp/output-stationary/vitis_component/inp_data/hls_src/core/sa.cpp:80->/home/ulisses/Projects/ursa/exp/output-stationary/vitis_component/inp_data/hls_src/core/shell.cpp:163]   --->   Operation 153 'sext' 'sext_ln19_3' <Predicate = true> <Delay = 0.00>
ST_14 : Operation 154 [3/3] (1.05ns) (grouped into DSP with root node add_ln19_1)   --->   "%mul_ln19_1 = mul i16 %sext_ln19_3, i16 %zext_ln19_1" [/home/ulisses/Projects/ursa/exp/output-stationary/vitis_component/inp_data/hls_src/core/pe.cpp:19->/home/ulisses/Projects/ursa/exp/output-stationary/vitis_component/inp_data/hls_src/core/sa.cpp:80->/home/ulisses/Projects/ursa/exp/output-stationary/vitis_component/inp_data/hls_src/core/shell.cpp:163]   --->   Operation 154 'mul' 'mul_ln19_1' <Predicate = true> <Delay = 1.05> <CoreInst = "DSP48">   --->   Core 119 'DSP48' <Latency = 3> <II = 1> <Delay = 2.15> <IPBlock> <Opcode : '' 'add' 'sub' 'mul' 'select'> <InPorts = 0> <OutPorts = 1> <Sync> <CReg>
ST_14 : Operation 155 [1/1] (0.00ns)   --->   "%store_ln17 = store i8 %in_a, i8 %mxm_execute_ursa_signed_char_unsigned_short_unsigned_char_unsigned_short_i_7" [/home/ulisses/Projects/ursa/exp/output-stationary/vitis_component/inp_data/hls_src/core/pe.cpp:17->/home/ulisses/Projects/ursa/exp/output-stationary/vitis_component/inp_data/hls_src/core/sa.cpp:80->/home/ulisses/Projects/ursa/exp/output-stationary/vitis_component/inp_data/hls_src/core/shell.cpp:163]   --->   Operation 155 'store' 'store_ln17' <Predicate = true> <Delay = 0.00>
ST_14 : Operation 156 [1/3] (0.00ns) (grouped into DSP with root node add_ln19_2)   --->   "%mul_ln19_2 = mul i16 %zext_ln19_2, i16 %sext_ln19_2" [/home/ulisses/Projects/ursa/exp/output-stationary/vitis_component/inp_data/hls_src/core/pe.cpp:19->/home/ulisses/Projects/ursa/exp/output-stationary/vitis_component/inp_data/hls_src/core/sa.cpp:80->/home/ulisses/Projects/ursa/exp/output-stationary/vitis_component/inp_data/hls_src/core/shell.cpp:163]   --->   Operation 156 'mul' 'mul_ln19_2' <Predicate = true> <Delay = 0.00> <CoreInst = "DSP48">   --->   Core 119 'DSP48' <Latency = 3> <II = 1> <Delay = 2.15> <IPBlock> <Opcode : '' 'add' 'sub' 'mul' 'select'> <InPorts = 0> <OutPorts = 1> <Sync> <CReg>
ST_14 : Operation 157 [1/1] (0.00ns) (grouped into DSP with root node add_ln19_2)   --->   "%sext_ln19_6 = sext i16 %mul_ln19_2" [/home/ulisses/Projects/ursa/exp/output-stationary/vitis_component/inp_data/hls_src/core/pe.cpp:19->/home/ulisses/Projects/ursa/exp/output-stationary/vitis_component/inp_data/hls_src/core/sa.cpp:80->/home/ulisses/Projects/ursa/exp/output-stationary/vitis_component/inp_data/hls_src/core/shell.cpp:163]   --->   Operation 157 'sext' 'sext_ln19_6' <Predicate = true> <Delay = 0.00>
ST_14 : Operation 158 [1/1] (0.00ns)   --->   "%store_ln18 = store i8 %value_b, i8 %mxm_execute_ursa_signed_char_unsigned_short_unsigned_char_unsigned_short_i_4" [/home/ulisses/Projects/ursa/exp/output-stationary/vitis_component/inp_data/hls_src/core/pe.cpp:18->/home/ulisses/Projects/ursa/exp/output-stationary/vitis_component/inp_data/hls_src/core/sa.cpp:80->/home/ulisses/Projects/ursa/exp/output-stationary/vitis_component/inp_data/hls_src/core/shell.cpp:163]   --->   Operation 158 'store' 'store_ln18' <Predicate = true> <Delay = 0.00>
ST_14 : Operation 159 [2/3] (1.05ns) (grouped into DSP with root node add_ln19_3)   --->   "%mul_ln19_3 = mul i16 %zext_ln19_3, i16 %sext_ln19_5" [/home/ulisses/Projects/ursa/exp/output-stationary/vitis_component/inp_data/hls_src/core/pe.cpp:19->/home/ulisses/Projects/ursa/exp/output-stationary/vitis_component/inp_data/hls_src/core/sa.cpp:80->/home/ulisses/Projects/ursa/exp/output-stationary/vitis_component/inp_data/hls_src/core/shell.cpp:163]   --->   Operation 159 'mul' 'mul_ln19_3' <Predicate = true> <Delay = 1.05> <CoreInst = "DSP48">   --->   Core 119 'DSP48' <Latency = 3> <II = 1> <Delay = 2.15> <IPBlock> <Opcode : '' 'add' 'sub' 'mul' 'select'> <InPorts = 0> <OutPorts = 1> <Sync> <CReg>
ST_14 : Operation 160 [1/1] (0.00ns)   --->   "%mxm_execute_ursa_signed_char_unsigned_short_unsigned_char_unsigned_short_i_18 = load i20 %mxm_execute_ursa_signed_char_unsigned_short_unsigned_char_unsigned_short_i_1" [/home/ulisses/Projects/ursa/exp/output-stationary/vitis_component/inp_data/hls_src/core/pe.cpp:19->/home/ulisses/Projects/ursa/exp/output-stationary/vitis_component/inp_data/hls_src/core/sa.cpp:80->/home/ulisses/Projects/ursa/exp/output-stationary/vitis_component/inp_data/hls_src/core/shell.cpp:163]   --->   Operation 160 'load' 'mxm_execute_ursa_signed_char_unsigned_short_unsigned_char_unsigned_short_i_18' <Predicate = true> <Delay = 0.00>
ST_14 : Operation 161 [2/2] (2.10ns) (root node of the DSP)   --->   "%add_ln19_2 = add i20 %mxm_execute_ursa_signed_char_unsigned_short_unsigned_char_unsigned_short_i_18, i20 %sext_ln19_6" [/home/ulisses/Projects/ursa/exp/output-stationary/vitis_component/inp_data/hls_src/core/pe.cpp:19->/home/ulisses/Projects/ursa/exp/output-stationary/vitis_component/inp_data/hls_src/core/sa.cpp:80->/home/ulisses/Projects/ursa/exp/output-stationary/vitis_component/inp_data/hls_src/core/shell.cpp:163]   --->   Operation 161 'add' 'add_ln19_2' <Predicate = true> <Delay = 2.10> <CoreInst = "DSP48">   --->   Core 119 'DSP48' <Latency = 3> <II = 1> <Delay = 2.15> <IPBlock> <Opcode : '' 'add' 'sub' 'mul' 'select'> <InPorts = 0> <OutPorts = 1> <Sync> <CReg>

State 15 <SV = 14> <Delay = 2.10>
ST_15 : Operation 162 [1/3] (0.00ns) (grouped into DSP with root node add_ln19)   --->   "%mul_ln19 = mul i16 %zext_ln19, i16 %sext_ln19" [/home/ulisses/Projects/ursa/exp/output-stationary/vitis_component/inp_data/hls_src/core/pe.cpp:19->/home/ulisses/Projects/ursa/exp/output-stationary/vitis_component/inp_data/hls_src/core/sa.cpp:80->/home/ulisses/Projects/ursa/exp/output-stationary/vitis_component/inp_data/hls_src/core/shell.cpp:163]   --->   Operation 162 'mul' 'mul_ln19' <Predicate = true> <Delay = 0.00> <CoreInst = "DSP48">   --->   Core 119 'DSP48' <Latency = 3> <II = 1> <Delay = 2.15> <IPBlock> <Opcode : '' 'add' 'sub' 'mul' 'select'> <InPorts = 0> <OutPorts = 1> <Sync> <CReg>
ST_15 : Operation 163 [1/1] (0.00ns) (grouped into DSP with root node add_ln19)   --->   "%sext_ln19_1 = sext i16 %mul_ln19" [/home/ulisses/Projects/ursa/exp/output-stationary/vitis_component/inp_data/hls_src/core/pe.cpp:19->/home/ulisses/Projects/ursa/exp/output-stationary/vitis_component/inp_data/hls_src/core/sa.cpp:80->/home/ulisses/Projects/ursa/exp/output-stationary/vitis_component/inp_data/hls_src/core/shell.cpp:163]   --->   Operation 163 'sext' 'sext_ln19_1' <Predicate = true> <Delay = 0.00>
ST_15 : Operation 164 [2/3] (1.05ns) (grouped into DSP with root node add_ln19_1)   --->   "%mul_ln19_1 = mul i16 %sext_ln19_3, i16 %zext_ln19_1" [/home/ulisses/Projects/ursa/exp/output-stationary/vitis_component/inp_data/hls_src/core/pe.cpp:19->/home/ulisses/Projects/ursa/exp/output-stationary/vitis_component/inp_data/hls_src/core/sa.cpp:80->/home/ulisses/Projects/ursa/exp/output-stationary/vitis_component/inp_data/hls_src/core/shell.cpp:163]   --->   Operation 164 'mul' 'mul_ln19_1' <Predicate = true> <Delay = 1.05> <CoreInst = "DSP48">   --->   Core 119 'DSP48' <Latency = 3> <II = 1> <Delay = 2.15> <IPBlock> <Opcode : '' 'add' 'sub' 'mul' 'select'> <InPorts = 0> <OutPorts = 1> <Sync> <CReg>
ST_15 : Operation 165 [1/3] (0.00ns) (grouped into DSP with root node add_ln19_3)   --->   "%mul_ln19_3 = mul i16 %zext_ln19_3, i16 %sext_ln19_5" [/home/ulisses/Projects/ursa/exp/output-stationary/vitis_component/inp_data/hls_src/core/pe.cpp:19->/home/ulisses/Projects/ursa/exp/output-stationary/vitis_component/inp_data/hls_src/core/sa.cpp:80->/home/ulisses/Projects/ursa/exp/output-stationary/vitis_component/inp_data/hls_src/core/shell.cpp:163]   --->   Operation 165 'mul' 'mul_ln19_3' <Predicate = true> <Delay = 0.00> <CoreInst = "DSP48">   --->   Core 119 'DSP48' <Latency = 3> <II = 1> <Delay = 2.15> <IPBlock> <Opcode : '' 'add' 'sub' 'mul' 'select'> <InPorts = 0> <OutPorts = 1> <Sync> <CReg>
ST_15 : Operation 166 [1/1] (0.00ns) (grouped into DSP with root node add_ln19_3)   --->   "%sext_ln19_7 = sext i16 %mul_ln19_3" [/home/ulisses/Projects/ursa/exp/output-stationary/vitis_component/inp_data/hls_src/core/pe.cpp:19->/home/ulisses/Projects/ursa/exp/output-stationary/vitis_component/inp_data/hls_src/core/sa.cpp:80->/home/ulisses/Projects/ursa/exp/output-stationary/vitis_component/inp_data/hls_src/core/shell.cpp:163]   --->   Operation 166 'sext' 'sext_ln19_7' <Predicate = true> <Delay = 0.00>
ST_15 : Operation 167 [1/1] (0.00ns)   --->   "%mxm_execute_ursa_signed_char_unsigned_short_unsigned_char_unsigned_short_i_16 = load i20 %mxm_execute_ursa_signed_char_unsigned_short_unsigned_char_unsigned_short_i_3" [/home/ulisses/Projects/ursa/exp/output-stationary/vitis_component/inp_data/hls_src/core/pe.cpp:19->/home/ulisses/Projects/ursa/exp/output-stationary/vitis_component/inp_data/hls_src/core/sa.cpp:80->/home/ulisses/Projects/ursa/exp/output-stationary/vitis_component/inp_data/hls_src/core/shell.cpp:163]   --->   Operation 167 'load' 'mxm_execute_ursa_signed_char_unsigned_short_unsigned_char_unsigned_short_i_16' <Predicate = true> <Delay = 0.00>
ST_15 : Operation 168 [2/2] (2.10ns) (root node of the DSP)   --->   "%add_ln19 = add i20 %mxm_execute_ursa_signed_char_unsigned_short_unsigned_char_unsigned_short_i_16, i20 %sext_ln19_1" [/home/ulisses/Projects/ursa/exp/output-stationary/vitis_component/inp_data/hls_src/core/pe.cpp:19->/home/ulisses/Projects/ursa/exp/output-stationary/vitis_component/inp_data/hls_src/core/sa.cpp:80->/home/ulisses/Projects/ursa/exp/output-stationary/vitis_component/inp_data/hls_src/core/shell.cpp:163]   --->   Operation 168 'add' 'add_ln19' <Predicate = true> <Delay = 2.10> <CoreInst = "DSP48">   --->   Core 119 'DSP48' <Latency = 3> <II = 1> <Delay = 2.15> <IPBlock> <Opcode : '' 'add' 'sub' 'mul' 'select'> <InPorts = 0> <OutPorts = 1> <Sync> <CReg>
ST_15 : Operation 169 [1/2] (2.10ns) (root node of the DSP)   --->   "%add_ln19_2 = add i20 %mxm_execute_ursa_signed_char_unsigned_short_unsigned_char_unsigned_short_i_18, i20 %sext_ln19_6" [/home/ulisses/Projects/ursa/exp/output-stationary/vitis_component/inp_data/hls_src/core/pe.cpp:19->/home/ulisses/Projects/ursa/exp/output-stationary/vitis_component/inp_data/hls_src/core/sa.cpp:80->/home/ulisses/Projects/ursa/exp/output-stationary/vitis_component/inp_data/hls_src/core/shell.cpp:163]   --->   Operation 169 'add' 'add_ln19_2' <Predicate = true> <Delay = 2.10> <CoreInst = "DSP48">   --->   Core 119 'DSP48' <Latency = 3> <II = 1> <Delay = 2.15> <IPBlock> <Opcode : '' 'add' 'sub' 'mul' 'select'> <InPorts = 0> <OutPorts = 1> <Sync> <CReg>
ST_15 : Operation 170 [1/1] (0.00ns)   --->   "%mxm_execute_ursa_signed_char_unsigned_short_unsigned_char_unsigned_short_i_19 = load i20 %mxm_execute_ursa_signed_char_unsigned_short_unsigned_char_unsigned_short_i" [/home/ulisses/Projects/ursa/exp/output-stationary/vitis_component/inp_data/hls_src/core/pe.cpp:19->/home/ulisses/Projects/ursa/exp/output-stationary/vitis_component/inp_data/hls_src/core/sa.cpp:80->/home/ulisses/Projects/ursa/exp/output-stationary/vitis_component/inp_data/hls_src/core/shell.cpp:163]   --->   Operation 170 'load' 'mxm_execute_ursa_signed_char_unsigned_short_unsigned_char_unsigned_short_i_19' <Predicate = true> <Delay = 0.00>
ST_15 : Operation 171 [2/2] (2.10ns) (root node of the DSP)   --->   "%add_ln19_3 = add i20 %mxm_execute_ursa_signed_char_unsigned_short_unsigned_char_unsigned_short_i_19, i20 %sext_ln19_7" [/home/ulisses/Projects/ursa/exp/output-stationary/vitis_component/inp_data/hls_src/core/pe.cpp:19->/home/ulisses/Projects/ursa/exp/output-stationary/vitis_component/inp_data/hls_src/core/sa.cpp:80->/home/ulisses/Projects/ursa/exp/output-stationary/vitis_component/inp_data/hls_src/core/shell.cpp:163]   --->   Operation 171 'add' 'add_ln19_3' <Predicate = true> <Delay = 2.10> <CoreInst = "DSP48">   --->   Core 119 'DSP48' <Latency = 3> <II = 1> <Delay = 2.15> <IPBlock> <Opcode : '' 'add' 'sub' 'mul' 'select'> <InPorts = 0> <OutPorts = 1> <Sync> <CReg>
ST_15 : Operation 172 [1/1] (0.00ns)   --->   "%store_ln19 = store i20 %add_ln19_2, i20 %mxm_execute_ursa_signed_char_unsigned_short_unsigned_char_unsigned_short_i_1" [/home/ulisses/Projects/ursa/exp/output-stationary/vitis_component/inp_data/hls_src/core/pe.cpp:19->/home/ulisses/Projects/ursa/exp/output-stationary/vitis_component/inp_data/hls_src/core/sa.cpp:80->/home/ulisses/Projects/ursa/exp/output-stationary/vitis_component/inp_data/hls_src/core/shell.cpp:163]   --->   Operation 172 'store' 'store_ln19' <Predicate = true> <Delay = 0.00>
ST_15 : Operation 184 [1/1] (0.00ns)   --->   "%ret_ln0 = ret"   --->   Operation 184 'ret' 'ret_ln0' <Predicate = (!icmp_ln153)> <Delay = 0.00>

State 16 <SV = 15> <Delay = 2.10>
ST_16 : Operation 173 [1/3] (0.00ns) (grouped into DSP with root node add_ln19_1)   --->   "%mul_ln19_1 = mul i16 %sext_ln19_3, i16 %zext_ln19_1" [/home/ulisses/Projects/ursa/exp/output-stationary/vitis_component/inp_data/hls_src/core/pe.cpp:19->/home/ulisses/Projects/ursa/exp/output-stationary/vitis_component/inp_data/hls_src/core/sa.cpp:80->/home/ulisses/Projects/ursa/exp/output-stationary/vitis_component/inp_data/hls_src/core/shell.cpp:163]   --->   Operation 173 'mul' 'mul_ln19_1' <Predicate = true> <Delay = 0.00> <CoreInst = "DSP48">   --->   Core 119 'DSP48' <Latency = 3> <II = 1> <Delay = 2.15> <IPBlock> <Opcode : '' 'add' 'sub' 'mul' 'select'> <InPorts = 0> <OutPorts = 1> <Sync> <CReg>
ST_16 : Operation 174 [1/1] (0.00ns) (grouped into DSP with root node add_ln19_1)   --->   "%sext_ln19_4 = sext i16 %mul_ln19_1" [/home/ulisses/Projects/ursa/exp/output-stationary/vitis_component/inp_data/hls_src/core/pe.cpp:19->/home/ulisses/Projects/ursa/exp/output-stationary/vitis_component/inp_data/hls_src/core/sa.cpp:80->/home/ulisses/Projects/ursa/exp/output-stationary/vitis_component/inp_data/hls_src/core/shell.cpp:163]   --->   Operation 174 'sext' 'sext_ln19_4' <Predicate = true> <Delay = 0.00>
ST_16 : Operation 175 [1/2] (2.10ns) (root node of the DSP)   --->   "%add_ln19 = add i20 %mxm_execute_ursa_signed_char_unsigned_short_unsigned_char_unsigned_short_i_16, i20 %sext_ln19_1" [/home/ulisses/Projects/ursa/exp/output-stationary/vitis_component/inp_data/hls_src/core/pe.cpp:19->/home/ulisses/Projects/ursa/exp/output-stationary/vitis_component/inp_data/hls_src/core/sa.cpp:80->/home/ulisses/Projects/ursa/exp/output-stationary/vitis_component/inp_data/hls_src/core/shell.cpp:163]   --->   Operation 175 'add' 'add_ln19' <Predicate = true> <Delay = 2.10> <CoreInst = "DSP48">   --->   Core 119 'DSP48' <Latency = 3> <II = 1> <Delay = 2.15> <IPBlock> <Opcode : '' 'add' 'sub' 'mul' 'select'> <InPorts = 0> <OutPorts = 1> <Sync> <CReg>
ST_16 : Operation 176 [1/1] (0.00ns)   --->   "%mxm_execute_ursa_signed_char_unsigned_short_unsigned_char_unsigned_short_i_17 = load i20 %mxm_execute_ursa_signed_char_unsigned_short_unsigned_char_unsigned_short_i_2" [/home/ulisses/Projects/ursa/exp/output-stationary/vitis_component/inp_data/hls_src/core/pe.cpp:19->/home/ulisses/Projects/ursa/exp/output-stationary/vitis_component/inp_data/hls_src/core/sa.cpp:80->/home/ulisses/Projects/ursa/exp/output-stationary/vitis_component/inp_data/hls_src/core/shell.cpp:163]   --->   Operation 176 'load' 'mxm_execute_ursa_signed_char_unsigned_short_unsigned_char_unsigned_short_i_17' <Predicate = true> <Delay = 0.00>
ST_16 : Operation 177 [2/2] (2.10ns) (root node of the DSP)   --->   "%add_ln19_1 = add i20 %mxm_execute_ursa_signed_char_unsigned_short_unsigned_char_unsigned_short_i_17, i20 %sext_ln19_4" [/home/ulisses/Projects/ursa/exp/output-stationary/vitis_component/inp_data/hls_src/core/pe.cpp:19->/home/ulisses/Projects/ursa/exp/output-stationary/vitis_component/inp_data/hls_src/core/sa.cpp:80->/home/ulisses/Projects/ursa/exp/output-stationary/vitis_component/inp_data/hls_src/core/shell.cpp:163]   --->   Operation 177 'add' 'add_ln19_1' <Predicate = true> <Delay = 2.10> <CoreInst = "DSP48">   --->   Core 119 'DSP48' <Latency = 3> <II = 1> <Delay = 2.15> <IPBlock> <Opcode : '' 'add' 'sub' 'mul' 'select'> <InPorts = 0> <OutPorts = 1> <Sync> <CReg>
ST_16 : Operation 178 [1/1] (0.00ns)   --->   "%store_ln19 = store i20 %add_ln19, i20 %mxm_execute_ursa_signed_char_unsigned_short_unsigned_char_unsigned_short_i_3" [/home/ulisses/Projects/ursa/exp/output-stationary/vitis_component/inp_data/hls_src/core/pe.cpp:19->/home/ulisses/Projects/ursa/exp/output-stationary/vitis_component/inp_data/hls_src/core/sa.cpp:80->/home/ulisses/Projects/ursa/exp/output-stationary/vitis_component/inp_data/hls_src/core/shell.cpp:163]   --->   Operation 178 'store' 'store_ln19' <Predicate = true> <Delay = 0.00>
ST_16 : Operation 179 [1/2] (2.10ns) (root node of the DSP)   --->   "%add_ln19_3 = add i20 %mxm_execute_ursa_signed_char_unsigned_short_unsigned_char_unsigned_short_i_19, i20 %sext_ln19_7" [/home/ulisses/Projects/ursa/exp/output-stationary/vitis_component/inp_data/hls_src/core/pe.cpp:19->/home/ulisses/Projects/ursa/exp/output-stationary/vitis_component/inp_data/hls_src/core/sa.cpp:80->/home/ulisses/Projects/ursa/exp/output-stationary/vitis_component/inp_data/hls_src/core/shell.cpp:163]   --->   Operation 179 'add' 'add_ln19_3' <Predicate = true> <Delay = 2.10> <CoreInst = "DSP48">   --->   Core 119 'DSP48' <Latency = 3> <II = 1> <Delay = 2.15> <IPBlock> <Opcode : '' 'add' 'sub' 'mul' 'select'> <InPorts = 0> <OutPorts = 1> <Sync> <CReg>
ST_16 : Operation 180 [1/1] (0.00ns)   --->   "%store_ln19 = store i20 %add_ln19_3, i20 %mxm_execute_ursa_signed_char_unsigned_short_unsigned_char_unsigned_short_i" [/home/ulisses/Projects/ursa/exp/output-stationary/vitis_component/inp_data/hls_src/core/pe.cpp:19->/home/ulisses/Projects/ursa/exp/output-stationary/vitis_component/inp_data/hls_src/core/sa.cpp:80->/home/ulisses/Projects/ursa/exp/output-stationary/vitis_component/inp_data/hls_src/core/shell.cpp:163]   --->   Operation 180 'store' 'store_ln19' <Predicate = true> <Delay = 0.00>

State 17 <SV = 16> <Delay = 2.10>
ST_17 : Operation 181 [1/2] (2.10ns) (root node of the DSP)   --->   "%add_ln19_1 = add i20 %mxm_execute_ursa_signed_char_unsigned_short_unsigned_char_unsigned_short_i_17, i20 %sext_ln19_4" [/home/ulisses/Projects/ursa/exp/output-stationary/vitis_component/inp_data/hls_src/core/pe.cpp:19->/home/ulisses/Projects/ursa/exp/output-stationary/vitis_component/inp_data/hls_src/core/sa.cpp:80->/home/ulisses/Projects/ursa/exp/output-stationary/vitis_component/inp_data/hls_src/core/shell.cpp:163]   --->   Operation 181 'add' 'add_ln19_1' <Predicate = true> <Delay = 2.10> <CoreInst = "DSP48">   --->   Core 119 'DSP48' <Latency = 3> <II = 1> <Delay = 2.15> <IPBlock> <Opcode : '' 'add' 'sub' 'mul' 'select'> <InPorts = 0> <OutPorts = 1> <Sync> <CReg>
ST_17 : Operation 182 [1/1] (0.00ns)   --->   "%store_ln19 = store i20 %add_ln19_1, i20 %mxm_execute_ursa_signed_char_unsigned_short_unsigned_char_unsigned_short_i_2" [/home/ulisses/Projects/ursa/exp/output-stationary/vitis_component/inp_data/hls_src/core/pe.cpp:19->/home/ulisses/Projects/ursa/exp/output-stationary/vitis_component/inp_data/hls_src/core/sa.cpp:80->/home/ulisses/Projects/ursa/exp/output-stationary/vitis_component/inp_data/hls_src/core/shell.cpp:163]   --->   Operation 182 'store' 'store_ln19' <Predicate = true> <Delay = 0.00>
ST_17 : Operation 183 [1/1] (0.00ns)   --->   "%br_ln153 = br void %for.inc" [/home/ulisses/Projects/ursa/exp/output-stationary/vitis_component/inp_data/hls_src/core/shell.cpp:153]   --->   Operation 183 'br' 'br_ln153' <Predicate = true> <Delay = 0.00>


============================================================
+ Verbose Summary: Timing violations
============================================================
Target clock period: 10.000ns, clock uncertainty: 2.700ns.

 <State 1>: 6.923ns
The critical path consists of the following:
	wire read operation ('addr_a0_read') on port 'addr_a0' [27]  (0.000 ns)
	'add' operation 32 bit ('add_ln23_3', /home/ulisses/Projects/ursa/exp/output-stationary/vitis_component/inp_data/hls_src/core/shell.cpp:23->/home/ulisses/Projects/ursa/exp/output-stationary/vitis_component/inp_data/hls_src/core/shell.cpp:156) [75]  (2.552 ns)
	'add' operation 32 bit ('add_ln23_4', /home/ulisses/Projects/ursa/exp/output-stationary/vitis_component/inp_data/hls_src/core/shell.cpp:23->/home/ulisses/Projects/ursa/exp/output-stationary/vitis_component/inp_data/hls_src/core/shell.cpp:156) [76]  (0.000 ns)
	'sub' operation 32 bit ('sub_ln23_1', /home/ulisses/Projects/ursa/exp/output-stationary/vitis_component/inp_data/hls_src/core/shell.cpp:23->/home/ulisses/Projects/ursa/exp/output-stationary/vitis_component/inp_data/hls_src/core/shell.cpp:156) [77]  (4.371 ns)

 <State 2>: 7.300ns
The critical path consists of the following:
	bus request operation ('aw_load_req', /home/ulisses/Projects/ursa/exp/output-stationary/vitis_component/inp_data/hls_src/core/shell.cpp:23->/home/ulisses/Projects/ursa/exp/output-stationary/vitis_component/inp_data/hls_src/core/shell.cpp:156) on port 'aw' (/home/ulisses/Projects/ursa/exp/output-stationary/vitis_component/inp_data/hls_src/core/shell.cpp:23->/home/ulisses/Projects/ursa/exp/output-stationary/vitis_component/inp_data/hls_src/core/shell.cpp:156) [64]  (7.300 ns)

 <State 3>: 7.300ns
The critical path consists of the following:
	bus request operation ('aw_load_1_req', /home/ulisses/Projects/ursa/exp/output-stationary/vitis_component/inp_data/hls_src/core/shell.cpp:23->/home/ulisses/Projects/ursa/exp/output-stationary/vitis_component/inp_data/hls_src/core/shell.cpp:156) on port 'aw' (/home/ulisses/Projects/ursa/exp/output-stationary/vitis_component/inp_data/hls_src/core/shell.cpp:23->/home/ulisses/Projects/ursa/exp/output-stationary/vitis_component/inp_data/hls_src/core/shell.cpp:156) [79]  (7.300 ns)

 <State 4>: 7.300ns
The critical path consists of the following:
	bus request operation ('aw_load_1_req', /home/ulisses/Projects/ursa/exp/output-stationary/vitis_component/inp_data/hls_src/core/shell.cpp:23->/home/ulisses/Projects/ursa/exp/output-stationary/vitis_component/inp_data/hls_src/core/shell.cpp:156) on port 'aw' (/home/ulisses/Projects/ursa/exp/output-stationary/vitis_component/inp_data/hls_src/core/shell.cpp:23->/home/ulisses/Projects/ursa/exp/output-stationary/vitis_component/inp_data/hls_src/core/shell.cpp:156) [79]  (7.300 ns)

 <State 5>: 7.300ns
The critical path consists of the following:
	bus request operation ('aw_load_1_req', /home/ulisses/Projects/ursa/exp/output-stationary/vitis_component/inp_data/hls_src/core/shell.cpp:23->/home/ulisses/Projects/ursa/exp/output-stationary/vitis_component/inp_data/hls_src/core/shell.cpp:156) on port 'aw' (/home/ulisses/Projects/ursa/exp/output-stationary/vitis_component/inp_data/hls_src/core/shell.cpp:23->/home/ulisses/Projects/ursa/exp/output-stationary/vitis_component/inp_data/hls_src/core/shell.cpp:156) [79]  (7.300 ns)

 <State 6>: 7.300ns
The critical path consists of the following:
	bus request operation ('aw_load_1_req', /home/ulisses/Projects/ursa/exp/output-stationary/vitis_component/inp_data/hls_src/core/shell.cpp:23->/home/ulisses/Projects/ursa/exp/output-stationary/vitis_component/inp_data/hls_src/core/shell.cpp:156) on port 'aw' (/home/ulisses/Projects/ursa/exp/output-stationary/vitis_component/inp_data/hls_src/core/shell.cpp:23->/home/ulisses/Projects/ursa/exp/output-stationary/vitis_component/inp_data/hls_src/core/shell.cpp:156) [79]  (7.300 ns)

 <State 7>: 7.300ns
The critical path consists of the following:
	bus request operation ('aw_load_1_req', /home/ulisses/Projects/ursa/exp/output-stationary/vitis_component/inp_data/hls_src/core/shell.cpp:23->/home/ulisses/Projects/ursa/exp/output-stationary/vitis_component/inp_data/hls_src/core/shell.cpp:156) on port 'aw' (/home/ulisses/Projects/ursa/exp/output-stationary/vitis_component/inp_data/hls_src/core/shell.cpp:23->/home/ulisses/Projects/ursa/exp/output-stationary/vitis_component/inp_data/hls_src/core/shell.cpp:156) [79]  (7.300 ns)

 <State 8>: 7.300ns
The critical path consists of the following:
	bus request operation ('aw_load_1_req', /home/ulisses/Projects/ursa/exp/output-stationary/vitis_component/inp_data/hls_src/core/shell.cpp:23->/home/ulisses/Projects/ursa/exp/output-stationary/vitis_component/inp_data/hls_src/core/shell.cpp:156) on port 'aw' (/home/ulisses/Projects/ursa/exp/output-stationary/vitis_component/inp_data/hls_src/core/shell.cpp:23->/home/ulisses/Projects/ursa/exp/output-stationary/vitis_component/inp_data/hls_src/core/shell.cpp:156) [79]  (7.300 ns)

 <State 9>: 7.300ns
The critical path consists of the following:
	bus request operation ('aw_load_1_req', /home/ulisses/Projects/ursa/exp/output-stationary/vitis_component/inp_data/hls_src/core/shell.cpp:23->/home/ulisses/Projects/ursa/exp/output-stationary/vitis_component/inp_data/hls_src/core/shell.cpp:156) on port 'aw' (/home/ulisses/Projects/ursa/exp/output-stationary/vitis_component/inp_data/hls_src/core/shell.cpp:23->/home/ulisses/Projects/ursa/exp/output-stationary/vitis_component/inp_data/hls_src/core/shell.cpp:156) [79]  (7.300 ns)

 <State 10>: 7.300ns
The critical path consists of the following:
	bus request operation ('aw_load_1_req', /home/ulisses/Projects/ursa/exp/output-stationary/vitis_component/inp_data/hls_src/core/shell.cpp:23->/home/ulisses/Projects/ursa/exp/output-stationary/vitis_component/inp_data/hls_src/core/shell.cpp:156) on port 'aw' (/home/ulisses/Projects/ursa/exp/output-stationary/vitis_component/inp_data/hls_src/core/shell.cpp:23->/home/ulisses/Projects/ursa/exp/output-stationary/vitis_component/inp_data/hls_src/core/shell.cpp:156) [79]  (7.300 ns)

 <State 11>: 7.300ns
The critical path consists of the following:
	bus request operation ('bi_load_req', /home/ulisses/Projects/ursa/exp/output-stationary/vitis_component/inp_data/hls_src/core/shell.cpp:51->/home/ulisses/Projects/ursa/exp/output-stationary/vitis_component/inp_data/hls_src/core/shell.cpp:157) on port 'bi' (/home/ulisses/Projects/ursa/exp/output-stationary/vitis_component/inp_data/hls_src/core/shell.cpp:51->/home/ulisses/Projects/ursa/exp/output-stationary/vitis_component/inp_data/hls_src/core/shell.cpp:157) [95]  (7.300 ns)

 <State 12>: 7.300ns
The critical path consists of the following:
	bus read operation ('bi_addr_read', /home/ulisses/Projects/ursa/exp/output-stationary/vitis_component/inp_data/hls_src/core/shell.cpp:51->/home/ulisses/Projects/ursa/exp/output-stationary/vitis_component/inp_data/hls_src/core/shell.cpp:157) on port 'bi' (/home/ulisses/Projects/ursa/exp/output-stationary/vitis_component/inp_data/hls_src/core/shell.cpp:51->/home/ulisses/Projects/ursa/exp/output-stationary/vitis_component/inp_data/hls_src/core/shell.cpp:157) [96]  (7.300 ns)

 <State 13>: 7.300ns
The critical path consists of the following:
	bus read operation ('bi_addr_1_read', /home/ulisses/Projects/ursa/exp/output-stationary/vitis_component/inp_data/hls_src/core/shell.cpp:51->/home/ulisses/Projects/ursa/exp/output-stationary/vitis_component/inp_data/hls_src/core/shell.cpp:157) on port 'bi' (/home/ulisses/Projects/ursa/exp/output-stationary/vitis_component/inp_data/hls_src/core/shell.cpp:51->/home/ulisses/Projects/ursa/exp/output-stationary/vitis_component/inp_data/hls_src/core/shell.cpp:157) [112]  (7.300 ns)

 <State 14>: 2.638ns
The critical path consists of the following:
	multiplexor before 'phi' operation 8 bit ('value_b', /home/ulisses/Projects/ursa/exp/output-stationary/vitis_component/inp_data/hls_src/core/shell.cpp:51->/home/ulisses/Projects/ursa/exp/output-stationary/vitis_component/inp_data/hls_src/core/shell.cpp:157) with incoming values : ('bi_addr_1_read', /home/ulisses/Projects/ursa/exp/output-stationary/vitis_component/inp_data/hls_src/core/shell.cpp:51->/home/ulisses/Projects/ursa/exp/output-stationary/vitis_component/inp_data/hls_src/core/shell.cpp:157) [115]  (1.588 ns)
	'phi' operation 8 bit ('value_b', /home/ulisses/Projects/ursa/exp/output-stationary/vitis_component/inp_data/hls_src/core/shell.cpp:51->/home/ulisses/Projects/ursa/exp/output-stationary/vitis_component/inp_data/hls_src/core/shell.cpp:157) with incoming values : ('bi_addr_1_read', /home/ulisses/Projects/ursa/exp/output-stationary/vitis_component/inp_data/hls_src/core/shell.cpp:51->/home/ulisses/Projects/ursa/exp/output-stationary/vitis_component/inp_data/hls_src/core/shell.cpp:157) [115]  (0.000 ns)
	'mul' operation 16 bit of DSP[143] ('mul_ln19_1', /home/ulisses/Projects/ursa/exp/output-stationary/vitis_component/inp_data/hls_src/core/pe.cpp:19->/home/ulisses/Projects/ursa/exp/output-stationary/vitis_component/inp_data/hls_src/core/sa.cpp:80->/home/ulisses/Projects/ursa/exp/output-stationary/vitis_component/inp_data/hls_src/core/shell.cpp:163) [124]  (1.050 ns)

 <State 15>: 2.100ns
The critical path consists of the following:
	'mul' operation 16 bit of DSP[141] ('mul_ln19', /home/ulisses/Projects/ursa/exp/output-stationary/vitis_component/inp_data/hls_src/core/pe.cpp:19->/home/ulisses/Projects/ursa/exp/output-stationary/vitis_component/inp_data/hls_src/core/sa.cpp:80->/home/ulisses/Projects/ursa/exp/output-stationary/vitis_component/inp_data/hls_src/core/shell.cpp:163) [118]  (0.000 ns)
	'add' operation 20 bit of DSP[141] ('add_ln19', /home/ulisses/Projects/ursa/exp/output-stationary/vitis_component/inp_data/hls_src/core/pe.cpp:19->/home/ulisses/Projects/ursa/exp/output-stationary/vitis_component/inp_data/hls_src/core/sa.cpp:80->/home/ulisses/Projects/ursa/exp/output-stationary/vitis_component/inp_data/hls_src/core/shell.cpp:163) [141]  (2.100 ns)

 <State 16>: 2.100ns
The critical path consists of the following:
	'add' operation 20 bit of DSP[141] ('add_ln19', /home/ulisses/Projects/ursa/exp/output-stationary/vitis_component/inp_data/hls_src/core/pe.cpp:19->/home/ulisses/Projects/ursa/exp/output-stationary/vitis_component/inp_data/hls_src/core/sa.cpp:80->/home/ulisses/Projects/ursa/exp/output-stationary/vitis_component/inp_data/hls_src/core/shell.cpp:163) [141]  (2.100 ns)

 <State 17>: 2.100ns
The critical path consists of the following:
	'add' operation 20 bit of DSP[143] ('add_ln19_1', /home/ulisses/Projects/ursa/exp/output-stationary/vitis_component/inp_data/hls_src/core/pe.cpp:19->/home/ulisses/Projects/ursa/exp/output-stationary/vitis_component/inp_data/hls_src/core/sa.cpp:80->/home/ulisses/Projects/ursa/exp/output-stationary/vitis_component/inp_data/hls_src/core/shell.cpp:163) [143]  (2.100 ns)


============================================================
+ Verbose Summary: Binding
============================================================
N/A
* FSMD analyzer results:
  - Output states:
 - Input state : 
  - Chain level:
	State 1
	State 2
	State 3
	State 4
	State 5
	State 6
	State 7
	State 8
	State 9
	State 10
	State 11
	State 12
	State 13
	State 14
	State 15
	State 16
	State 17


============================================================
+ Verbose Summary: Datapath Resource usage 
============================================================
N/A
