

================================================================
== Vitis HLS Report for 'sa_store'
================================================================
* Date:           Wed Sep  9 20:44:06 2026

* Version:        2023.2 (Build 4023990 on Oct 11 2023)
* Project:        mxm_execute_ursa
* Solution:       hls (Vivado IP Flow Target)
* Product family: zynq
* Target device:  xc7z020-clg484-1


================================================================
== Performance Estimates
================================================================
+ Timing: 
    * Summary: 
    +--------+----------+----------+------------+
    |  Clock |  Target  | Estimated| Uncertainty|
    +--------+----------+----------+------------+
    |ap_clk  |  10.00 ns|  7.300 ns|     2.70 ns|
    +--------+----------+----------+------------+

+ Latency: 
    * Summary: 
    +---------+---------+-----------+-----------+-----+-----+---------+
    |  Latency (cycles) |   Latency (absolute)  |  Interval | Pipeline|
    |   min   |   max   |    min    |    max    | min | max |   Type  |
    +---------+---------+-----------+-----------+-----+-----+---------+
    |        9|        9|  90.000 ns|  90.000 ns|    4|    4|      yes|
    +---------+---------+-----------+-----------+-----+-----+---------+

    + Detail: 
        * Instance: 
        N/A

        * Loop: 
        N/A



================================================================
== Utilization Estimates
================================================================
* Summary: 
+-----------------+---------+-----+--------+-------+-----+
|       Name      | BRAM_18K| DSP |   FF   |  LUT  | URAM|
+-----------------+---------+-----+--------+-------+-----+
|DSP              |        -|    -|       -|      -|    -|
|Expression       |        -|    -|       0|     55|    -|
|FIFO             |        -|    -|       -|      -|    -|
|Instance         |        -|    -|       -|      -|    -|
|Memory           |        -|    -|       -|      -|    -|
|Multiplexer      |        -|    -|       -|    109|    -|
|Register         |        -|    -|      37|      -|    -|
+-----------------+---------+-----+--------+-------+-----+
|Total            |        0|    0|      37|    164|    0|
+-----------------+---------+-----+--------+-------+-----+
|Available        |      280|  220|  106400|  53200|    0|
+-----------------+---------+-----+--------+-------+-----+
|Utilization (%)  |        0|    0|      ~0|     ~0|    0|
+-----------------+---------+-----+--------+-------+-----+

+ Detail: 
    * Instance: 
    N/A

    * DSP: 
    N/A

    * Memory: 
    N/A

    * FIFO: 
    N/A

    * Expression: 
    +---------------------------+----------+----+---+----+------------+------------+
    |       Variable Name       | Operation| DSP| FF| LUT| Bitwidth P0| Bitwidth P1|
    +---------------------------+----------+----+---+----+------------+------------+
    |empty_25_fu_153_p2         |         +|   0|  0|  39|          32|          32|
    |ap_block_pp0_stage1_01001  |       and|   0|  0|   2|           1|           1|
    |ap_block_pp0_stage2_11001  |       and|   0|  0|   2|           1|           1|
    |ap_block_pp0_stage3_01001  |       and|   0|  0|   2|           1|           1|
    |ap_block_pp0_stage0_11001  |        or|   0|  0|   2|           1|           1|
    |ap_block_pp0_stage1_11001  |        or|   0|  0|   2|           1|           1|
    |ap_block_pp0_stage3_11001  |        or|   0|  0|   2|           1|           1|
    |ap_block_state3_io         |        or|   0|  0|   2|           1|           1|
    |ap_enable_pp0              |       xor|   0|  0|   2|           1|           2|
    +---------------------------+----------+----+---+----+------------+------------+
    |Total                      |          |   0|  0|  55|          40|          41|
    +---------------------------+----------+----+---+----+------------+------------+

    * Multiplexer: 
    +-------------------------+----+-----------+-----+-----------+
    |           Name          | LUT| Input Size| Bits| Total Bits|
    +-------------------------+----+-----------+-----+-----------+
    |ap_NS_fsm                |  25|          5|    1|          5|
    |ap_enable_reg_pp0_iter0  |   9|          2|    1|          2|
    |ap_enable_reg_pp0_iter2  |   9|          2|    1|          2|
    |ca_blk_n_AW              |   9|          2|    1|          2|
    |ca_blk_n_B               |   9|          2|    1|          2|
    |ca_blk_n_W               |   9|          2|    1|          2|
    |m_axi_ca_AWADDR          |  14|          3|   32|         96|
    |m_axi_ca_WDATA           |  25|          5|   32|        160|
    +-------------------------+----+-----------+-----+-----------+
    |Total                    | 109|         23|   70|        271|
    +-------------------------+----+-----------+-----+-----------+

    * Register: 
    +-----------------------------+----+----+-----+-----------+
    |             Name            | FF | LUT| Bits| Const Bits|
    +-----------------------------+----+----+-----+-----------+
    |ap_CS_fsm                    |   4|   0|    4|          0|
    |ap_enable_reg_pp0_iter0_reg  |   1|   0|    1|          0|
    |ap_enable_reg_pp0_iter1      |   1|   0|    1|          0|
    |ap_enable_reg_pp0_iter2      |   1|   0|    1|          0|
    |trunc_ln1_reg_222            |  30|   0|   30|          0|
    +-----------------------------+----+----+-----+-----------+
    |Total                        |  37|   0|   37|          0|
    +-----------------------------+----+----+-----+-----------+



================================================================
== Interface
================================================================
* Summary: 
+------------------------------------------------------------------------------+-----+-----+------------+------------------------------------------------------------------------------+--------------+
|                                   RTL Ports                                  | Dir | Bits|  Protocol  |                                 Source Object                                |    C Type    |
+------------------------------------------------------------------------------+-----+-----+------------+------------------------------------------------------------------------------+--------------+
|ap_clk                                                                        |   in|    1|  ap_ctrl_hs|                                                                      sa_store|  return value|
|ap_rst                                                                        |   in|    1|  ap_ctrl_hs|                                                                      sa_store|  return value|
|ap_start                                                                      |   in|    1|  ap_ctrl_hs|                                                                      sa_store|  return value|
|ap_done                                                                       |  out|    1|  ap_ctrl_hs|                                                                      sa_store|  return value|
|ap_idle                                                                       |  out|    1|  ap_ctrl_hs|                                                                      sa_store|  return value|
|ap_ready                                                                      |  out|    1|  ap_ctrl_hs|                                                                      sa_store|  return value|
|ca_blk_n_AW                                                                   |  out|    1|  ap_ctrl_hs|                                                                      sa_store|  return value|
|ca_blk_n_W                                                                    |  out|    1|  ap_ctrl_hs|                                                                      sa_store|  return value|
|ca_blk_n_B                                                                    |  out|    1|  ap_ctrl_hs|                                                                      sa_store|  return value|
|m_axi_ca_AWVALID                                                              |  out|    1|       m_axi|                                                                            ca|       pointer|
|m_axi_ca_AWREADY                                                              |   in|    1|       m_axi|                                                                            ca|       pointer|
|m_axi_ca_AWADDR                                                               |  out|   32|       m_axi|                                                                            ca|       pointer|
|m_axi_ca_AWID                                                                 |  out|    1|       m_axi|                                                                            ca|       pointer|
|m_axi_ca_AWLEN                                                                |  out|   32|       m_axi|                                                                            ca|       pointer|
|m_axi_ca_AWSIZE                                                               |  out|    3|       m_axi|                                                                            ca|       pointer|
|m_axi_ca_AWBURST                                                              |  out|    2|       m_axi|                                                                            ca|       pointer|
|m_axi_ca_AWLOCK                                                               |  out|    2|       m_axi|                                                                            ca|       pointer|
|m_axi_ca_AWCACHE                                                              |  out|    4|       m_axi|                                                                            ca|       pointer|
|m_axi_ca_AWPROT                                                               |  out|    3|       m_axi|                                                                            ca|       pointer|
|m_axi_ca_AWQOS                                                                |  out|    4|       m_axi|                                                                            ca|       pointer|
|m_axi_ca_AWREGION                                                             |  out|    4|       m_axi|                                                                            ca|       pointer|
|m_axi_ca_AWUSER                                                               |  out|    1|       m_axi|                                                                            ca|       pointer|
|m_axi_ca_WVALID                                                               |  out|    1|       m_axi|                                                                            ca|       pointer|
|m_axi_ca_WREADY                                                               |   in|    1|       m_axi|                                                                            ca|       pointer|
|m_axi_ca_WDATA                                                                |  out|   32|       m_axi|                                                                            ca|       pointer|
|m_axi_ca_WSTRB                                                                |  out|    4|       m_axi|                                                                            ca|       pointer|
|m_axi_ca_WLAST                                                                |  out|    1|       m_axi|                                                                            ca|       pointer|
|m_axi_ca_WID                                                                  |  out|    1|       m_axi|                                                                            ca|       pointer|
|m_axi_ca_WUSER                                                                |  out|    1|       m_axi|                                                                            ca|       pointer|
|m_axi_ca_ARVALID                                                              |  out|    1|       m_axi|                                                                            ca|       pointer|
|m_axi_ca_ARREADY                                                              |   in|    1|       m_axi|                                                                            ca|       pointer|
|m_axi_ca_ARADDR                                                               |  out|   32|       m_axi|                                                                            ca|       pointer|
|m_axi_ca_ARID                                                                 |  out|    1|       m_axi|                                                                            ca|       pointer|
|m_axi_ca_ARLEN                                                                |  out|   32|       m_axi|                                                                            ca|       pointer|
|m_axi_ca_ARSIZE                                                               |  out|    3|       m_axi|                                                                            ca|       pointer|
|m_axi_ca_ARBURST                                                              |  out|    2|       m_axi|                                                                            ca|       pointer|
|m_axi_ca_ARLOCK                                                               |  out|    2|       m_axi|                                                                            ca|       pointer|
|m_axi_ca_ARCACHE                                                              |  out|    4|       m_axi|                                                                            ca|       pointer|
|m_axi_ca_ARPROT                                                               |  out|    3|       m_axi|                                                                            ca|       pointer|
|m_axi_ca_ARQOS                                                                |  out|    4|       m_axi|                                                                            ca|       pointer|
|m_axi_ca_ARREGION                                                             |  out|    4|       m_axi|                                                                            ca|       pointer|
|m_axi_ca_ARUSER                                                               |  out|    1|       m_axi|                                                                            ca|       pointer|
|m_axi_ca_RVALID                                                               |   in|    1|       m_axi|                                                                            ca|       pointer|
|m_axi_ca_RREADY                                                               |  out|    1|       m_axi|                                                                            ca|       pointer|
|m_axi_ca_RDATA                                                                |   in|   32|       m_axi|                                                                            ca|       pointer|
|m_axi_ca_RLAST                                                                |   in|    1|       m_axi|                                                                            ca|       pointer|
|m_axi_ca_RID                                                                  |   in|    1|       m_axi|                                                                            ca|       pointer|
|m_axi_ca_RFIFONUM                                                             |   in|   10|       m_axi|                                                                            ca|       pointer|
|m_axi_ca_RUSER                                                                |   in|    1|       m_axi|                                                                            ca|       pointer|
|m_axi_ca_RRESP                                                                |   in|    2|       m_axi|                                                                            ca|       pointer|
|m_axi_ca_BVALID                                                               |   in|    1|       m_axi|                                                                            ca|       pointer|
|m_axi_ca_BREADY                                                               |  out|    1|       m_axi|                                                                            ca|       pointer|
|m_axi_ca_BRESP                                                                |   in|    2|       m_axi|                                                                            ca|       pointer|
|m_axi_ca_BID                                                                  |   in|    1|       m_axi|                                                                            ca|       pointer|
|m_axi_ca_BUSER                                                                |   in|    1|       m_axi|                                                                            ca|       pointer|
|out_r                                                                         |   in|   32|     ap_none|                                                                         out_r|        scalar|
|b0_q                                                                          |   in|   16|     ap_none|                                                                          b0_q|        scalar|
|mxm_execute_ursa_signed_char_unsigned_short_unsigned_char_unsigned_short_i_3  |   in|   20|     ap_none|  mxm_execute_ursa_signed_char_unsigned_short_unsigned_char_unsigned_short_i_3|       pointer|
|mxm_execute_ursa_signed_char_unsigned_short_unsigned_char_unsigned_short_i_2  |   in|   20|     ap_none|  mxm_execute_ursa_signed_char_unsigned_short_unsigned_char_unsigned_short_i_2|       pointer|
|mxm_execute_ursa_signed_char_unsigned_short_unsigned_char_unsigned_short_i_1  |   in|   20|     ap_none|  mxm_execute_ursa_signed_char_unsigned_short_unsigned_char_unsigned_short_i_1|       pointer|
|mxm_execute_ursa_signed_char_unsigned_short_unsigned_char_unsigned_short_i    |   in|   20|     ap_none|    mxm_execute_ursa_signed_char_unsigned_short_unsigned_char_unsigned_short_i|       pointer|
+------------------------------------------------------------------------------+-----+-----+------------+------------------------------------------------------------------------------+--------------+

============================================================
+ Verbose Summary: Synthesis Manager
============================================================
InlineROM: 1
ExposeGlobal: 0
============================================================
+ Verbose Summary: CDFG Model
============================================================
IsTopModel: 0
ResetActiveHigh: 1
IsCombinational: 2
IsDatapathOnly: 2
HasWiredReturn: 1
HasMFsm: 2
HasVarLatency: 0
IsPipeline: 1
IsRtlPipelined: 1
IsInstanceOverlapped: 0
IsDontTouch: 0
HasImplIP: 0
IsGatedGlobalClock: 0

+ Individual pipeline summary: 
  * Pipeline-0: initiation interval (II) = 4, depth = 10


============================================================
+ Verbose Summary: Schedule
============================================================
* Number of FSM states : 10
* Pipeline : 1
  Pipeline-0 : II = 4, D = 10, States = { 1 2 3 4 5 6 7 8 9 10 }
* Dataflow Pipeline: 0

* FSM state transitions: 
1 --> 2 
2 --> 3 
3 --> 4 
4 --> 5 
5 --> 6 
6 --> 7 
7 --> 8 
8 --> 9 
9 --> 10 
10 --> 

* FSM state operations: 

State 1 <SV = 0> <Delay = 7.30>
ST_1 : Operation 11 [1/1] (0.00ns)   --->   "%b0_q_read = read i16 @_ssdm_op_Read.ap_auto.i16, i16 %b0_q" [/home/ulisses/Projects/ursa/exp/output-stationary/vitis_component/inp_data/hls_src/core/sa.cpp:92]   --->   Operation 11 'read' 'b0_q_read' <Predicate = true> <Delay = 0.00>
ST_1 : Operation 12 [1/1] (0.00ns)   --->   "%out_read = read i32 @_ssdm_op_Read.ap_auto.i32, i32 %out_r" [/home/ulisses/Projects/ursa/exp/output-stationary/vitis_component/inp_data/hls_src/core/sa.cpp:92]   --->   Operation 12 'read' 'out_read' <Predicate = true> <Delay = 0.00>
ST_1 : Operation 13 [1/1] (0.00ns)   --->   "%trunc_ln = partselect i30 @_ssdm_op_PartSelect.i30.i32.i32.i32, i32 %out_read, i32 2, i32 31" [/home/ulisses/Projects/ursa/exp/output-stationary/vitis_component/inp_data/hls_src/core/sa.cpp:92]   --->   Operation 13 'partselect' 'trunc_ln' <Predicate = true> <Delay = 0.00>
ST_1 : Operation 14 [1/1] (0.00ns)   --->   "%sext_ln92_4 = sext i30 %trunc_ln" [/home/ulisses/Projects/ursa/exp/output-stationary/vitis_component/inp_data/hls_src/core/sa.cpp:92]   --->   Operation 14 'sext' 'sext_ln92_4' <Predicate = true> <Delay = 0.00>
ST_1 : Operation 15 [1/1] (0.00ns)   --->   "%ca_addr = getelementptr i32 %ca, i32 %sext_ln92_4" [/home/ulisses/Projects/ursa/exp/output-stationary/vitis_component/inp_data/hls_src/core/sa.cpp:92]   --->   Operation 15 'getelementptr' 'ca_addr' <Predicate = true> <Delay = 0.00>
ST_1 : Operation 16 [1/1] (7.30ns)   --->   "%empty = writereq i1 @_ssdm_op_WriteReq.m_axi.p1i32, i32 %ca_addr, i32 2" [/home/ulisses/Projects/ursa/exp/output-stationary/vitis_component/inp_data/hls_src/core/sa.cpp:92]   --->   Operation 16 'writereq' 'empty' <Predicate = true> <Delay = 7.30> <CoreInst = "m_axi">   --->   Core 113 'm_axi' <Latency = 0> <II = 1> <Delay = 1.00> <Adapter> <Opcode : 'read' 'write' 'readreq' 'writereq' 'writeresp'>
ST_1 : Operation 17 [1/1] (0.00ns)   --->   "%tmp = bitconcatenate i18 @_ssdm_op_BitConcatenate.i18.i16.i2, i16 %b0_q_read, i2 0" [/home/ulisses/Projects/ursa/exp/output-stationary/vitis_component/inp_data/hls_src/core/sa.cpp:92]   --->   Operation 17 'bitconcatenate' 'tmp' <Predicate = true> <Delay = 0.00>
ST_1 : Operation 18 [1/1] (0.00ns)   --->   "%p_cast = zext i18 %tmp" [/home/ulisses/Projects/ursa/exp/output-stationary/vitis_component/inp_data/hls_src/core/sa.cpp:92]   --->   Operation 18 'zext' 'p_cast' <Predicate = true> <Delay = 0.00>
ST_1 : Operation 19 [1/1] (2.55ns)   --->   "%empty_25 = add i32 %p_cast, i32 %out_read" [/home/ulisses/Projects/ursa/exp/output-stationary/vitis_component/inp_data/hls_src/core/sa.cpp:92]   --->   Operation 19 'add' 'empty_25' <Predicate = true> <Delay = 2.55> <CoreInst = "Adder">   --->   Core 1 'Adder' <Latency = 0> <II = 1> <Delay = 2.55> <FuncUnit> <Opcode : 'add' 'sub'> <InPorts = 2> <OutPorts = 1>
ST_1 : Operation 20 [1/1] (0.00ns)   --->   "%trunc_ln1 = partselect i30 @_ssdm_op_PartSelect.i30.i32.i32.i32, i32 %empty_25, i32 2, i32 31" [/home/ulisses/Projects/ursa/exp/output-stationary/vitis_component/inp_data/hls_src/core/sa.cpp:95]   --->   Operation 20 'partselect' 'trunc_ln1' <Predicate = true> <Delay = 0.00>

State 2 <SV = 1> <Delay = 7.30>
ST_2 : Operation 21 [1/1] (0.00ns)   --->   "%mxm_execute_ursa_signed_char_unsigned_short_unsigned_char_unsigned_short_i_8 = load i20 %mxm_execute_ursa_signed_char_unsigned_short_unsigned_char_unsigned_short_i_3" [/home/ulisses/Projects/ursa/exp/output-stationary/vitis_component/inp_data/hls_src/core/sa.cpp:92]   --->   Operation 21 'load' 'mxm_execute_ursa_signed_char_unsigned_short_unsigned_char_unsigned_short_i_8' <Predicate = true> <Delay = 0.00>
ST_2 : Operation 22 [1/1] (0.00ns)   --->   "%sext_ln92 = sext i20 %mxm_execute_ursa_signed_char_unsigned_short_unsigned_char_unsigned_short_i_8" [/home/ulisses/Projects/ursa/exp/output-stationary/vitis_component/inp_data/hls_src/core/sa.cpp:92]   --->   Operation 22 'sext' 'sext_ln92' <Predicate = true> <Delay = 0.00>
ST_2 : Operation 23 [1/1] (7.30ns)   --->   "%write_ln92 = write void @_ssdm_op_Write.m_axi.p1i32, i32 %ca_addr, i32 %sext_ln92, i4 15" [/home/ulisses/Projects/ursa/exp/output-stationary/vitis_component/inp_data/hls_src/core/sa.cpp:92]   --->   Operation 23 'write' 'write_ln92' <Predicate = true> <Delay = 7.30> <CoreInst = "m_axi">   --->   Core 113 'm_axi' <Latency = 0> <II = 1> <Delay = 1.00> <Adapter> <Opcode : 'read' 'write' 'readreq' 'writereq' 'writeresp'>

State 3 <SV = 2> <Delay = 7.30>
ST_3 : Operation 24 [1/1] (0.00ns)   --->   "%mxm_execute_ursa_signed_char_unsigned_short_unsigned_char_unsigned_short_i_9 = load i20 %mxm_execute_ursa_signed_char_unsigned_short_unsigned_char_unsigned_short_i_2" [/home/ulisses/Projects/ursa/exp/output-stationary/vitis_component/inp_data/hls_src/core/sa.cpp:92]   --->   Operation 24 'load' 'mxm_execute_ursa_signed_char_unsigned_short_unsigned_char_unsigned_short_i_9' <Predicate = true> <Delay = 0.00>
ST_3 : Operation 25 [1/1] (0.00ns)   --->   "%sext_ln92_1 = sext i20 %mxm_execute_ursa_signed_char_unsigned_short_unsigned_char_unsigned_short_i_9" [/home/ulisses/Projects/ursa/exp/output-stationary/vitis_component/inp_data/hls_src/core/sa.cpp:92]   --->   Operation 25 'sext' 'sext_ln92_1' <Predicate = true> <Delay = 0.00>
ST_3 : Operation 26 [1/1] (7.30ns)   --->   "%write_ln92 = write void @_ssdm_op_Write.m_axi.p1i32, i32 %ca_addr, i32 %sext_ln92_1, i4 15" [/home/ulisses/Projects/ursa/exp/output-stationary/vitis_component/inp_data/hls_src/core/sa.cpp:92]   --->   Operation 26 'write' 'write_ln92' <Predicate = true> <Delay = 7.30> <CoreInst = "m_axi">   --->   Core 113 'm_axi' <Latency = 0> <II = 1> <Delay = 1.00> <Adapter> <Opcode : 'read' 'write' 'readreq' 'writereq' 'writeresp'>
ST_3 : Operation 27 [1/1] (0.00ns)   --->   "%sext_ln95 = sext i30 %trunc_ln1" [/home/ulisses/Projects/ursa/exp/output-stationary/vitis_component/inp_data/hls_src/core/sa.cpp:95]   --->   Operation 27 'sext' 'sext_ln95' <Predicate = true> <Delay = 0.00>
ST_3 : Operation 28 [1/1] (0.00ns)   --->   "%ca_addr_1 = getelementptr i32 %ca, i32 %sext_ln95" [/home/ulisses/Projects/ursa/exp/output-stationary/vitis_component/inp_data/hls_src/core/sa.cpp:95]   --->   Operation 28 'getelementptr' 'ca_addr_1' <Predicate = true> <Delay = 0.00>
ST_3 : Operation 29 [1/1] (7.30ns)   --->   "%empty_26 = writereq i1 @_ssdm_op_WriteReq.m_axi.p1i32, i32 %ca_addr_1, i32 2" [/home/ulisses/Projects/ursa/exp/output-stationary/vitis_component/inp_data/hls_src/core/sa.cpp:95]   --->   Operation 29 'writereq' 'empty_26' <Predicate = true> <Delay = 7.30> <CoreInst = "m_axi">   --->   Core 113 'm_axi' <Latency = 0> <II = 1> <Delay = 1.00> <Adapter> <Opcode : 'read' 'write' 'readreq' 'writereq' 'writeresp'>

State 4 <SV = 3> <Delay = 7.30>
ST_4 : Operation 30 [5/5] (7.30ns)   --->   "%empty_24 = writeresp i1 @_ssdm_op_WriteResp.m_axi.p1i32, i32 %ca_addr" [/home/ulisses/Projects/ursa/exp/output-stationary/vitis_component/inp_data/hls_src/core/sa.cpp:92]   --->   Operation 30 'writeresp' 'empty_24' <Predicate = true> <Delay = 7.30> <CoreInst = "m_axi">   --->   Core 113 'm_axi' <Latency = 0> <II = 1> <Delay = 1.00> <Adapter> <Opcode : 'read' 'write' 'readreq' 'writereq' 'writeresp'>
ST_4 : Operation 31 [1/1] (0.00ns)   --->   "%mxm_execute_ursa_signed_char_unsigned_short_unsigned_char_unsigned_short_i_10 = load i20 %mxm_execute_ursa_signed_char_unsigned_short_unsigned_char_unsigned_short_i_1" [/home/ulisses/Projects/ursa/exp/output-stationary/vitis_component/inp_data/hls_src/core/sa.cpp:92]   --->   Operation 31 'load' 'mxm_execute_ursa_signed_char_unsigned_short_unsigned_char_unsigned_short_i_10' <Predicate = true> <Delay = 0.00>
ST_4 : Operation 32 [1/1] (0.00ns)   --->   "%sext_ln92_2 = sext i20 %mxm_execute_ursa_signed_char_unsigned_short_unsigned_char_unsigned_short_i_10" [/home/ulisses/Projects/ursa/exp/output-stationary/vitis_component/inp_data/hls_src/core/sa.cpp:92]   --->   Operation 32 'sext' 'sext_ln92_2' <Predicate = true> <Delay = 0.00>
ST_4 : Operation 33 [1/1] (7.30ns)   --->   "%write_ln95 = write void @_ssdm_op_Write.m_axi.p1i32, i32 %ca_addr_1, i32 %sext_ln92_2, i4 15" [/home/ulisses/Projects/ursa/exp/output-stationary/vitis_component/inp_data/hls_src/core/sa.cpp:95]   --->   Operation 33 'write' 'write_ln95' <Predicate = true> <Delay = 7.30> <CoreInst = "m_axi">   --->   Core 113 'm_axi' <Latency = 0> <II = 1> <Delay = 1.00> <Adapter> <Opcode : 'read' 'write' 'readreq' 'writereq' 'writeresp'>

State 5 <SV = 4> <Delay = 7.30>
ST_5 : Operation 34 [4/5] (7.30ns)   --->   "%empty_24 = writeresp i1 @_ssdm_op_WriteResp.m_axi.p1i32, i32 %ca_addr" [/home/ulisses/Projects/ursa/exp/output-stationary/vitis_component/inp_data/hls_src/core/sa.cpp:92]   --->   Operation 34 'writeresp' 'empty_24' <Predicate = true> <Delay = 7.30> <CoreInst = "m_axi">   --->   Core 113 'm_axi' <Latency = 0> <II = 1> <Delay = 1.00> <Adapter> <Opcode : 'read' 'write' 'readreq' 'writereq' 'writeresp'>
ST_5 : Operation 35 [1/1] (0.00ns)   --->   "%mxm_execute_ursa_signed_char_unsigned_short_unsigned_char_unsigned_short_i_11 = load i20 %mxm_execute_ursa_signed_char_unsigned_short_unsigned_char_unsigned_short_i" [/home/ulisses/Projects/ursa/exp/output-stationary/vitis_component/inp_data/hls_src/core/sa.cpp:92]   --->   Operation 35 'load' 'mxm_execute_ursa_signed_char_unsigned_short_unsigned_char_unsigned_short_i_11' <Predicate = true> <Delay = 0.00>
ST_5 : Operation 36 [1/1] (0.00ns)   --->   "%sext_ln92_3 = sext i20 %mxm_execute_ursa_signed_char_unsigned_short_unsigned_char_unsigned_short_i_11" [/home/ulisses/Projects/ursa/exp/output-stationary/vitis_component/inp_data/hls_src/core/sa.cpp:92]   --->   Operation 36 'sext' 'sext_ln92_3' <Predicate = true> <Delay = 0.00>
ST_5 : Operation 37 [1/1] (7.30ns)   --->   "%write_ln95 = write void @_ssdm_op_Write.m_axi.p1i32, i32 %ca_addr_1, i32 %sext_ln92_3, i4 15" [/home/ulisses/Projects/ursa/exp/output-stationary/vitis_component/inp_data/hls_src/core/sa.cpp:95]   --->   Operation 37 'write' 'write_ln95' <Predicate = true> <Delay = 7.30> <CoreInst = "m_axi">   --->   Core 113 'm_axi' <Latency = 0> <II = 1> <Delay = 1.00> <Adapter> <Opcode : 'read' 'write' 'readreq' 'writereq' 'writeresp'>

State 6 <SV = 5> <Delay = 7.30>
ST_6 : Operation 38 [3/5] (7.30ns)   --->   "%empty_24 = writeresp i1 @_ssdm_op_WriteResp.m_axi.p1i32, i32 %ca_addr" [/home/ulisses/Projects/ursa/exp/output-stationary/vitis_component/inp_data/hls_src/core/sa.cpp:92]   --->   Operation 38 'writeresp' 'empty_24' <Predicate = true> <Delay = 7.30> <CoreInst = "m_axi">   --->   Core 113 'm_axi' <Latency = 0> <II = 1> <Delay = 1.00> <Adapter> <Opcode : 'read' 'write' 'readreq' 'writereq' 'writeresp'>
ST_6 : Operation 39 [5/5] (7.30ns)   --->   "%empty_27 = writeresp i1 @_ssdm_op_WriteResp.m_axi.p1i32, i32 %ca_addr_1" [/home/ulisses/Projects/ursa/exp/output-stationary/vitis_component/inp_data/hls_src/core/sa.cpp:95]   --->   Operation 39 'writeresp' 'empty_27' <Predicate = true> <Delay = 7.30> <CoreInst = "m_axi">   --->   Core 113 'm_axi' <Latency = 0> <II = 1> <Delay = 1.00> <Adapter> <Opcode : 'read' 'write' 'readreq' 'writereq' 'writeresp'>

State 7 <SV = 6> <Delay = 7.30>
ST_7 : Operation 40 [2/5] (7.30ns)   --->   "%empty_24 = writeresp i1 @_ssdm_op_WriteResp.m_axi.p1i32, i32 %ca_addr" [/home/ulisses/Projects/ursa/exp/output-stationary/vitis_component/inp_data/hls_src/core/sa.cpp:92]   --->   Operation 40 'writeresp' 'empty_24' <Predicate = true> <Delay = 7.30> <CoreInst = "m_axi">   --->   Core 113 'm_axi' <Latency = 0> <II = 1> <Delay = 1.00> <Adapter> <Opcode : 'read' 'write' 'readreq' 'writereq' 'writeresp'>
ST_7 : Operation 41 [4/5] (7.30ns)   --->   "%empty_27 = writeresp i1 @_ssdm_op_WriteResp.m_axi.p1i32, i32 %ca_addr_1" [/home/ulisses/Projects/ursa/exp/output-stationary/vitis_component/inp_data/hls_src/core/sa.cpp:95]   --->   Operation 41 'writeresp' 'empty_27' <Predicate = true> <Delay = 7.30> <CoreInst = "m_axi">   --->   Core 113 'm_axi' <Latency = 0> <II = 1> <Delay = 1.00> <Adapter> <Opcode : 'read' 'write' 'readreq' 'writereq' 'writeresp'>

State 8 <SV = 7> <Delay = 7.30>
ST_8 : Operation 42 [1/5] (7.30ns)   --->   "%empty_24 = writeresp i1 @_ssdm_op_WriteResp.m_axi.p1i32, i32 %ca_addr" [/home/ulisses/Projects/ursa/exp/output-stationary/vitis_component/inp_data/hls_src/core/sa.cpp:92]   --->   Operation 42 'writeresp' 'empty_24' <Predicate = true> <Delay = 7.30> <CoreInst = "m_axi">   --->   Core 113 'm_axi' <Latency = 0> <II = 1> <Delay = 1.00> <Adapter> <Opcode : 'read' 'write' 'readreq' 'writereq' 'writeresp'>
ST_8 : Operation 43 [3/5] (7.30ns)   --->   "%empty_27 = writeresp i1 @_ssdm_op_WriteResp.m_axi.p1i32, i32 %ca_addr_1" [/home/ulisses/Projects/ursa/exp/output-stationary/vitis_component/inp_data/hls_src/core/sa.cpp:95]   --->   Operation 43 'writeresp' 'empty_27' <Predicate = true> <Delay = 7.30> <CoreInst = "m_axi">   --->   Core 113 'm_axi' <Latency = 0> <II = 1> <Delay = 1.00> <Adapter> <Opcode : 'read' 'write' 'readreq' 'writereq' 'writeresp'>

State 9 <SV = 8> <Delay = 7.30>
ST_9 : Operation 44 [2/5] (7.30ns)   --->   "%empty_27 = writeresp i1 @_ssdm_op_WriteResp.m_axi.p1i32, i32 %ca_addr_1" [/home/ulisses/Projects/ursa/exp/output-stationary/vitis_component/inp_data/hls_src/core/sa.cpp:95]   --->   Operation 44 'writeresp' 'empty_27' <Predicate = true> <Delay = 7.30> <CoreInst = "m_axi">   --->   Core 113 'm_axi' <Latency = 0> <II = 1> <Delay = 1.00> <Adapter> <Opcode : 'read' 'write' 'readreq' 'writereq' 'writeresp'>

State 10 <SV = 9> <Delay = 7.30>
ST_10 : Operation 45 [1/1] (0.00ns)   --->   "%specinterface_ln0 = specinterface void @_ssdm_op_SpecInterface, i32 %ca, void @empty_7, i32 0, i32 0, void @empty_0, i32 0, i32 0, void @empty_9, void @empty_2, void @empty_0, i32 8, i32 8, i32 64, i32 16, void @empty_0, void @empty_0, i32 4294967295, i32 0"   --->   Operation 45 'specinterface' 'specinterface_ln0' <Predicate = true> <Delay = 0.00>
ST_10 : Operation 46 [1/1] (0.00ns)   --->   "%specpipeline_ln0 = specpipeline void @_ssdm_op_SpecPipeline, i32 1, i32 0, i32 0, i32 0, void @empty_0"   --->   Operation 46 'specpipeline' 'specpipeline_ln0' <Predicate = true> <Delay = 0.00>
ST_10 : Operation 47 [1/5] (7.30ns)   --->   "%empty_27 = writeresp i1 @_ssdm_op_WriteResp.m_axi.p1i32, i32 %ca_addr_1" [/home/ulisses/Projects/ursa/exp/output-stationary/vitis_component/inp_data/hls_src/core/sa.cpp:95]   --->   Operation 47 'writeresp' 'empty_27' <Predicate = true> <Delay = 7.30> <CoreInst = "m_axi">   --->   Core 113 'm_axi' <Latency = 0> <II = 1> <Delay = 1.00> <Adapter> <Opcode : 'read' 'write' 'readreq' 'writereq' 'writeresp'>
ST_10 : Operation 48 [1/1] (0.00ns)   --->   "%ret_ln95 = ret" [/home/ulisses/Projects/ursa/exp/output-stationary/vitis_component/inp_data/hls_src/core/sa.cpp:95]   --->   Operation 48 'ret' 'ret_ln95' <Predicate = true> <Delay = 0.00>


============================================================
+ Verbose Summary: Binding
============================================================
STG Binding: 
---------------- STG Properties BEGIN ----------------
- Is combinational: 0
- Is one-state seq: 0
- Is datapath-only: 0
- Is pipelined: 1
- Is top level: 0
Port [ Return ] is wired: 1; IO mode=ap_ctrl_hs:ce=0
Port [ ca]:  wired=1; compound=1; hidden=0; nouse=0; global=0; static=0; extern=0; dir=1; type=4; pingpong=0; private_global=0; IO mode=m_axi:ce=0
Port [ out_r]:  wired=1; compound=0; hidden=0; nouse=0; global=0; static=0; extern=0; dir=0; type=0; pingpong=0; private_global=0; IO mode=ap_none:ce=0
Port [ b0_q]:  wired=1; compound=0; hidden=0; nouse=0; global=0; static=0; extern=0; dir=0; type=0; pingpong=0; private_global=0; IO mode=ap_none:ce=0
Port [ mxm_execute_ursa_signed_char_unsigned_short_unsigned_char_unsigned_short_i_3]:  wired=1; compound=0; hidden=0; nouse=0; global=1; static=1; extern=0; dir=0; type=0; pingpong=0; private_global=0; IO mode=ap_none:ce=0
Port [ mxm_execute_ursa_signed_char_unsigned_short_unsigned_char_unsigned_short_i_2]:  wired=1; compound=0; hidden=0; nouse=0; global=1; static=1; extern=0; dir=0; type=0; pingpong=0; private_global=0; IO mode=ap_none:ce=0
Port [ mxm_execute_ursa_signed_char_unsigned_short_unsigned_char_unsigned_short_i_1]:  wired=1; compound=0; hidden=0; nouse=0; global=1; static=1; extern=0; dir=0; type=0; pingpong=0; private_global=0; IO mode=ap_none:ce=0
Port [ mxm_execute_ursa_signed_char_unsigned_short_unsigned_char_unsigned_short_i]:  wired=1; compound=0; hidden=0; nouse=0; global=1; static=1; extern=0; dir=0; type=0; pingpong=0; private_global=0; IO mode=ap_none:ce=0
---------------- STG Properties END ------------------

---------------- Datapath Model BEGIN ----------------

<LifeTime>
<method=bitvector/>
b0_q_read                                                                     (read          ) [ 00000000000]
out_read                                                                      (read          ) [ 00000000000]
trunc_ln                                                                      (partselect    ) [ 00000000000]
sext_ln92_4                                                                   (sext          ) [ 00000000000]
ca_addr                                                                       (getelementptr ) [ 01111111100]
empty                                                                         (writereq      ) [ 00000000000]
tmp                                                                           (bitconcatenate) [ 00000000000]
p_cast                                                                        (zext          ) [ 00000000000]
empty_25                                                                      (add           ) [ 00000000000]
trunc_ln1                                                                     (partselect    ) [ 00110000000]
mxm_execute_ursa_signed_char_unsigned_short_unsigned_char_unsigned_short_i_8  (load          ) [ 00000000000]
sext_ln92                                                                     (sext          ) [ 00000000000]
write_ln92                                                                    (write         ) [ 00000000000]
mxm_execute_ursa_signed_char_unsigned_short_unsigned_char_unsigned_short_i_9  (load          ) [ 00000000000]
sext_ln92_1                                                                   (sext          ) [ 00000000000]
write_ln92                                                                    (write         ) [ 00000000000]
sext_ln95                                                                     (sext          ) [ 00000000000]
ca_addr_1                                                                     (getelementptr ) [ 01111111111]
empty_26                                                                      (writereq      ) [ 00000000000]
mxm_execute_ursa_signed_char_unsigned_short_unsigned_char_unsigned_short_i_10 (load          ) [ 00000000000]
sext_ln92_2                                                                   (sext          ) [ 00000000000]
write_ln95                                                                    (write         ) [ 00000000000]
mxm_execute_ursa_signed_char_unsigned_short_unsigned_char_unsigned_short_i_11 (load          ) [ 00000000000]
sext_ln92_3                                                                   (sext          ) [ 00000000000]
write_ln95                                                                    (write         ) [ 00000000000]
empty_24                                                                      (writeresp     ) [ 00000000000]
specinterface_ln0                                                             (specinterface ) [ 00000000000]
specpipeline_ln0                                                              (specpipeline  ) [ 00000000000]
empty_27                                                                      (writeresp     ) [ 00000000000]
ret_ln95                                                                      (ret           ) [ 00000000000]
</LifeTime>

<model>

<comp_list>
<comp id="0" class="1000" name="ca">
<pin_list>
<pin id="1" dir="1" index="0" bw="1" slack="0"/>
</pin_list>
<bind>
<StgValue><ssdm name="ca"/></StgValue>
</bind>
</comp>

<comp id="2" class="1000" name="out_r">
<pin_list>
<pin id="3" dir="1" index="0" bw="1" slack="0"/>
</pin_list>
<bind>
<StgValue><ssdm name="out_r"/></StgValue>
</bind>
</comp>

<comp id="4" class="1000" name="b0_q">
<pin_list>
<pin id="5" dir="1" index="0" bw="1" slack="0"/>
</pin_list>
<bind>
<StgValue><ssdm name="b0_q"/></StgValue>
</bind>
</comp>

<comp id="6" class="1000" name="mxm_execute_ursa_signed_char_unsigned_short_unsigned_char_unsigned_short_i_3">
<pin_list>
<pin id="7" dir="1" index="0" bw="1" slack="0"/>
</pin_list>
<bind>
<StgValue><ssdm name="mxm_execute_ursa_signed_char_unsigned_short_unsigned_char_unsigned_short_i_3"/></StgValue>
</bind>
</comp>

<comp id="8" class="1000" name="mxm_execute_ursa_signed_char_unsigned_short_unsigned_char_unsigned_short_i_2">
<pin_list>
<pin id="9" dir="1" index="0" bw="1" slack="0"/>
</pin_list>
<bind>
<StgValue><ssdm name="mxm_execute_ursa_signed_char_unsigned_short_unsigned_char_unsigned_short_i_2"/></StgValue>
</bind>
</comp>

<comp id="10" class="1000" name="mxm_execute_ursa_signed_char_unsigned_short_unsigned_char_unsigned_short_i_1">
<pin_list>
<pin id="11" dir="1" index="0" bw="1" slack="0"/>
</pin_list>
<bind>
<StgValue><ssdm name="mxm_execute_ursa_signed_char_unsigned_short_unsigned_char_unsigned_short_i_1"/></StgValue>
</bind>
</comp>

<comp id="12" class="1000" name="mxm_execute_ursa_signed_char_unsigned_short_unsigned_char_unsigned_short_i">
<pin_list>
<pin id="13" dir="1" index="0" bw="1" slack="0"/>
</pin_list>
<bind>
<StgValue><ssdm name="mxm_execute_ursa_signed_char_unsigned_short_unsigned_char_unsigned_short_i"/></StgValue>
</bind>
</comp>

<comp id="14" class="1001" name="const_14">
<pin_list>
<pin id="15" dir="1" index="0" bw="1" slack="0"/>
</pin_list>
<bind>
<StgValue><ssdm name="_ssdm_op_Read.ap_auto.i16"/></StgValue>
</bind>
</comp>

<comp id="16" class="1001" name="const_16">
<pin_list>
<pin id="17" dir="1" index="0" bw="1" slack="0"/>
</pin_list>
<bind>
<StgValue><ssdm name="_ssdm_op_Read.ap_auto.i32"/></StgValue>
</bind>
</comp>

<comp id="18" class="1001" name="const_18">
<pin_list>
<pin id="19" dir="1" index="0" bw="1" slack="0"/>
</pin_list>
<bind>
<StgValue><ssdm name="_ssdm_op_PartSelect.i30.i32.i32.i32"/></StgValue>
</bind>
</comp>

<comp id="20" class="1001" name="const_20">
<pin_list>
<pin id="21" dir="1" index="0" bw="1" slack="0"/>
</pin_list>
<bind>
<StgValue><ssdm name=""/></StgValue>
</bind>
</comp>

<comp id="22" class="1001" name="const_22">
<pin_list>
<pin id="23" dir="1" index="0" bw="1" slack="0"/>
</pin_list>
<bind>
<StgValue><ssdm name=""/></StgValue>
</bind>
</comp>

<comp id="24" class="1001" name="const_24">
<pin_list>
<pin id="25" dir="1" index="0" bw="1" slack="0"/>
</pin_list>
<bind>
<StgValue><ssdm name="_ssdm_op_WriteReq.m_axi.p1i32"/></StgValue>
</bind>
</comp>

<comp id="26" class="1001" name="const_26">
<pin_list>
<pin id="27" dir="1" index="0" bw="1" slack="0"/>
</pin_list>
<bind>
<StgValue><ssdm name="_ssdm_op_BitConcatenate.i18.i16.i2"/></StgValue>
</bind>
</comp>

<comp id="28" class="1001" name="const_28">
<pin_list>
<pin id="29" dir="1" index="0" bw="1" slack="0"/>
</pin_list>
<bind>
<StgValue><ssdm name=""/></StgValue>
</bind>
</comp>

<comp id="30" class="1001" name="const_30">
<pin_list>
<pin id="31" dir="1" index="0" bw="1" slack="0"/>
</pin_list>
<bind>
<StgValue><ssdm name="_ssdm_op_Write.m_axi.p1i32"/></StgValue>
</bind>
</comp>

<comp id="32" class="1001" name="const_32">
<pin_list>
<pin id="33" dir="1" index="0" bw="1" slack="0"/>
</pin_list>
<bind>
<StgValue><ssdm name=""/></StgValue>
</bind>
</comp>

<comp id="34" class="1001" name="const_34">
<pin_list>
<pin id="35" dir="1" index="0" bw="1" slack="0"/>
</pin_list>
<bind>
<StgValue><ssdm name="_ssdm_op_WriteResp.m_axi.p1i32"/></StgValue>
</bind>
</comp>

<comp id="36" class="1001" name="const_36">
<pin_list>
<pin id="37" dir="1" index="0" bw="1" slack="2147483647"/>
</pin_list>
<bind>
<StgValue><ssdm name="_ssdm_op_SpecInterface"/></StgValue>
</bind>
</comp>

<comp id="38" class="1001" name="const_38">
<pin_list>
<pin id="39" dir="1" index="0" bw="1" slack="2147483647"/>
</pin_list>
<bind>
<StgValue><ssdm name="empty_7"/></StgValue>
</bind>
</comp>

<comp id="40" class="1001" name="const_40">
<pin_list>
<pin id="41" dir="1" index="0" bw="1" slack="2147483647"/>
</pin_list>
<bind>
<StgValue><ssdm name=""/></StgValue>
</bind>
</comp>

<comp id="42" class="1001" name="const_42">
<pin_list>
<pin id="43" dir="1" index="0" bw="1" slack="2147483647"/>
</pin_list>
<bind>
<StgValue><ssdm name="empty_0"/></StgValue>
</bind>
</comp>

<comp id="44" class="1001" name="const_44">
<pin_list>
<pin id="45" dir="1" index="0" bw="1" slack="2147483647"/>
</pin_list>
<bind>
<StgValue><ssdm name="empty_9"/></StgValue>
</bind>
</comp>

<comp id="46" class="1001" name="const_46">
<pin_list>
<pin id="47" dir="1" index="0" bw="1" slack="2147483647"/>
</pin_list>
<bind>
<StgValue><ssdm name="empty_2"/></StgValue>
</bind>
</comp>

<comp id="48" class="1001" name="const_48">
<pin_list>
<pin id="49" dir="1" index="0" bw="1" slack="2147483647"/>
</pin_list>
<bind>
<StgValue><ssdm name=""/></StgValue>
</bind>
</comp>

<comp id="50" class="1001" name="const_50">
<pin_list>
<pin id="51" dir="1" index="0" bw="1" slack="2147483647"/>
</pin_list>
<bind>
<StgValue><ssdm name=""/></StgValue>
</bind>
</comp>

<comp id="52" class="1001" name="const_52">
<pin_list>
<pin id="53" dir="1" index="0" bw="1" slack="2147483647"/>
</pin_list>
<bind>
<StgValue><ssdm name=""/></StgValue>
</bind>
</comp>

<comp id="54" class="1001" name="const_54">
<pin_list>
<pin id="55" dir="1" index="0" bw="1" slack="2147483647"/>
</pin_list>
<bind>
<StgValue><ssdm name=""/></StgValue>
</bind>
</comp>

<comp id="56" class="1001" name="const_56">
<pin_list>
<pin id="57" dir="1" index="0" bw="1" slack="2147483647"/>
</pin_list>
<bind>
<StgValue><ssdm name="_ssdm_op_SpecPipeline"/></StgValue>
</bind>
</comp>

<comp id="58" class="1001" name="const_58">
<pin_list>
<pin id="59" dir="1" index="0" bw="1" slack="2147483647"/>
</pin_list>
<bind>
<StgValue><ssdm name=""/></StgValue>
</bind>
</comp>

<comp id="60" class="1004" name="b0_q_read_read_fu_60">
<pin_list>
<pin id="61" dir="0" index="0" bw="16" slack="0"/>
<pin id="62" dir="0" index="1" bw="16" slack="0"/>
<pin id="63" dir="1" index="2" bw="16" slack="0"/>
</pin_list>
<bind>
<opcode="read(1150) " fcode="read"/>
<opset="b0_q_read/1 "/>
</bind>
</comp>

<comp id="66" class="1004" name="out_read_read_fu_66">
<pin_list>
<pin id="67" dir="0" index="0" bw="32" slack="0"/>
<pin id="68" dir="0" index="1" bw="32" slack="0"/>
<pin id="69" dir="1" index="2" bw="32" slack="0"/>
</pin_list>
<bind>
<opcode="read(1150) " fcode="read"/>
<opset="out_read/1 "/>
</bind>
</comp>

<comp id="72" class="1004" name="grp_writeresp_fu_72">
<pin_list>
<pin id="73" dir="0" index="0" bw="1" slack="0"/>
<pin id="74" dir="0" index="1" bw="32" slack="0"/>
<pin id="75" dir="0" index="2" bw="3" slack="0"/>
<pin id="76" dir="1" index="3" bw="1" slack="2147483647"/>
</pin_list>
<bind>
<opcode="writereq(1155) writeresp(1158) " fcode="writeresp"/>
<opset="empty/1 empty_24/4 "/>
</bind>
</comp>

<comp id="79" class="1004" name="write_ln92_write_fu_79">
<pin_list>
<pin id="80" dir="0" index="0" bw="0" slack="0"/>
<pin id="81" dir="0" index="1" bw="32" slack="1"/>
<pin id="82" dir="0" index="2" bw="20" slack="0"/>
<pin id="83" dir="0" index="3" bw="1" slack="0"/>
<pin id="84" dir="1" index="4" bw="0" slack="2147483647"/>
</pin_list>
<bind>
<opcode="write(1151) " fcode="write"/>
<opset="write_ln92/2 "/>
</bind>
</comp>

<comp id="87" class="1004" name="write_ln92_write_fu_87">
<pin_list>
<pin id="88" dir="0" index="0" bw="0" slack="0"/>
<pin id="89" dir="0" index="1" bw="32" slack="2"/>
<pin id="90" dir="0" index="2" bw="20" slack="0"/>
<pin id="91" dir="0" index="3" bw="1" slack="0"/>
<pin id="92" dir="1" index="4" bw="0" slack="2147483647"/>
</pin_list>
<bind>
<opcode="write(1151) " fcode="write"/>
<opset="write_ln92/3 "/>
</bind>
</comp>

<comp id="95" class="1004" name="grp_writeresp_fu_95">
<pin_list>
<pin id="96" dir="0" index="0" bw="1" slack="0"/>
<pin id="97" dir="0" index="1" bw="32" slack="0"/>
<pin id="98" dir="0" index="2" bw="3" slack="0"/>
<pin id="99" dir="1" index="3" bw="1" slack="2147483647"/>
</pin_list>
<bind>
<opcode="writereq(1155) writeresp(1158) " fcode="writeresp"/>
<opset="empty_26/3 empty_27/6 "/>
</bind>
</comp>

<comp id="103" class="1004" name="write_ln95_write_fu_103">
<pin_list>
<pin id="104" dir="0" index="0" bw="0" slack="0"/>
<pin id="105" dir="0" index="1" bw="32" slack="1"/>
<pin id="106" dir="0" index="2" bw="20" slack="0"/>
<pin id="107" dir="0" index="3" bw="1" slack="0"/>
<pin id="108" dir="1" index="4" bw="0" slack="2147483647"/>
</pin_list>
<bind>
<opcode="write(1151) " fcode="write"/>
<opset="write_ln95/4 "/>
</bind>
</comp>

<comp id="111" class="1004" name="write_ln95_write_fu_111">
<pin_list>
<pin id="112" dir="0" index="0" bw="0" slack="0"/>
<pin id="113" dir="0" index="1" bw="32" slack="2"/>
<pin id="114" dir="0" index="2" bw="20" slack="0"/>
<pin id="115" dir="0" index="3" bw="1" slack="0"/>
<pin id="116" dir="1" index="4" bw="0" slack="2147483647"/>
</pin_list>
<bind>
<opcode="write(1151) " fcode="write"/>
<opset="write_ln95/5 "/>
</bind>
</comp>

<comp id="120" class="1004" name="trunc_ln_fu_120">
<pin_list>
<pin id="121" dir="0" index="0" bw="30" slack="0"/>
<pin id="122" dir="0" index="1" bw="32" slack="0"/>
<pin id="123" dir="0" index="2" bw="3" slack="0"/>
<pin id="124" dir="0" index="3" bw="6" slack="0"/>
<pin id="125" dir="1" index="4" bw="30" slack="0"/>
</pin_list>
<bind>
<opcode="partselect(1002) " fcode="partselect"/>
<opset="trunc_ln/1 "/>
</bind>
</comp>

<comp id="130" class="1004" name="sext_ln92_4_fu_130">
<pin_list>
<pin id="131" dir="0" index="0" bw="30" slack="0"/>
<pin id="132" dir="1" index="1" bw="32" slack="0"/>
</pin_list>
<bind>
<opcode="sext(35) " fcode="sext"/>
<opset="sext_ln92_4/1 "/>
</bind>
</comp>

<comp id="134" class="1004" name="ca_addr_fu_134">
<pin_list>
<pin id="135" dir="0" index="0" bw="32" slack="0"/>
<pin id="136" dir="0" index="1" bw="32" slack="0"/>
<pin id="137" dir="1" index="2" bw="32" slack="0"/>
</pin_list>
<bind>
<opcode="getelementptr(29) " fcode="getelementptr"/>
<opset="ca_addr/1 "/>
</bind>
</comp>

<comp id="141" class="1004" name="tmp_fu_141">
<pin_list>
<pin id="142" dir="0" index="0" bw="18" slack="0"/>
<pin id="143" dir="0" index="1" bw="16" slack="0"/>
<pin id="144" dir="0" index="2" bw="1" slack="0"/>
<pin id="145" dir="1" index="3" bw="18" slack="0"/>
</pin_list>
<bind>
<opcode="bitconcatenate(1004) " fcode="bitconcatenate"/>
<opset="tmp/1 "/>
</bind>
</comp>

<comp id="149" class="1004" name="p_cast_fu_149">
<pin_list>
<pin id="150" dir="0" index="0" bw="18" slack="0"/>
<pin id="151" dir="1" index="1" bw="32" slack="0"/>
</pin_list>
<bind>
<opcode="zext(34) " fcode="zext"/>
<opset="p_cast/1 "/>
</bind>
</comp>

<comp id="153" class="1004" name="empty_25_fu_153">
<pin_list>
<pin id="154" dir="0" index="0" bw="18" slack="0"/>
<pin id="155" dir="0" index="1" bw="32" slack="0"/>
<pin id="156" dir="1" index="2" bw="32" slack="0"/>
</pin_list>
<bind>
<opcode="add(8) " fcode="add"/>
<opset="empty_25/1 "/>
</bind>
</comp>

<comp id="159" class="1004" name="trunc_ln1_fu_159">
<pin_list>
<pin id="160" dir="0" index="0" bw="30" slack="0"/>
<pin id="161" dir="0" index="1" bw="32" slack="0"/>
<pin id="162" dir="0" index="2" bw="3" slack="0"/>
<pin id="163" dir="0" index="3" bw="6" slack="0"/>
<pin id="164" dir="1" index="4" bw="30" slack="2"/>
</pin_list>
<bind>
<opcode="partselect(1002) " fcode="partselect"/>
<opset="trunc_ln1/1 "/>
</bind>
</comp>

<comp id="169" class="1004" name="mxm_execute_ursa_signed_char_unsigned_short_unsigned_char_unsigned_short_i_8_load_fu_169">
<pin_list>
<pin id="170" dir="0" index="0" bw="20" slack="0"/>
<pin id="171" dir="1" index="1" bw="20" slack="0"/>
</pin_list>
<bind>
<opcode="load(27) " fcode="load"/>
<opset="mxm_execute_ursa_signed_char_unsigned_short_unsigned_char_unsigned_short_i_8/2 "/>
</bind>
</comp>

<comp id="173" class="1004" name="sext_ln92_fu_173">
<pin_list>
<pin id="174" dir="0" index="0" bw="20" slack="0"/>
<pin id="175" dir="1" index="1" bw="32" slack="0"/>
</pin_list>
<bind>
<opcode="sext(35) " fcode="sext"/>
<opset="sext_ln92/2 "/>
</bind>
</comp>

<comp id="178" class="1004" name="mxm_execute_ursa_signed_char_unsigned_short_unsigned_char_unsigned_short_i_9_load_fu_178">
<pin_list>
<pin id="179" dir="0" index="0" bw="20" slack="0"/>
<pin id="180" dir="1" index="1" bw="20" slack="0"/>
</pin_list>
<bind>
<opcode="load(27) " fcode="load"/>
<opset="mxm_execute_ursa_signed_char_unsigned_short_unsigned_char_unsigned_short_i_9/3 "/>
</bind>
</comp>

<comp id="182" class="1004" name="sext_ln92_1_fu_182">
<pin_list>
<pin id="183" dir="0" index="0" bw="20" slack="0"/>
<pin id="184" dir="1" index="1" bw="32" slack="0"/>
</pin_list>
<bind>
<opcode="sext(35) " fcode="sext"/>
<opset="sext_ln92_1/3 "/>
</bind>
</comp>

<comp id="187" class="1004" name="sext_ln95_fu_187">
<pin_list>
<pin id="188" dir="0" index="0" bw="30" slack="2"/>
<pin id="189" dir="1" index="1" bw="32" slack="0"/>
</pin_list>
<bind>
<opcode="sext(35) " fcode="sext"/>
<opset="sext_ln95/3 "/>
</bind>
</comp>

<comp id="190" class="1004" name="ca_addr_1_fu_190">
<pin_list>
<pin id="191" dir="0" index="0" bw="32" slack="0"/>
<pin id="192" dir="0" index="1" bw="32" slack="0"/>
<pin id="193" dir="1" index="2" bw="32" slack="0"/>
</pin_list>
<bind>
<opcode="getelementptr(29) " fcode="getelementptr"/>
<opset="ca_addr_1/3 "/>
</bind>
</comp>

<comp id="197" class="1004" name="mxm_execute_ursa_signed_char_unsigned_short_unsigned_char_unsigned_short_i_10_load_fu_197">
<pin_list>
<pin id="198" dir="0" index="0" bw="20" slack="0"/>
<pin id="199" dir="1" index="1" bw="20" slack="0"/>
</pin_list>
<bind>
<opcode="load(27) " fcode="load"/>
<opset="mxm_execute_ursa_signed_char_unsigned_short_unsigned_char_unsigned_short_i_10/4 "/>
</bind>
</comp>

<comp id="201" class="1004" name="sext_ln92_2_fu_201">
<pin_list>
<pin id="202" dir="0" index="0" bw="20" slack="0"/>
<pin id="203" dir="1" index="1" bw="32" slack="0"/>
</pin_list>
<bind>
<opcode="sext(35) " fcode="sext"/>
<opset="sext_ln92_2/4 "/>
</bind>
</comp>

<comp id="206" class="1004" name="mxm_execute_ursa_signed_char_unsigned_short_unsigned_char_unsigned_short_i_11_load_fu_206">
<pin_list>
<pin id="207" dir="0" index="0" bw="20" slack="0"/>
<pin id="208" dir="1" index="1" bw="20" slack="0"/>
</pin_list>
<bind>
<opcode="load(27) " fcode="load"/>
<opset="mxm_execute_ursa_signed_char_unsigned_short_unsigned_char_unsigned_short_i_11/5 "/>
</bind>
</comp>

<comp id="210" class="1004" name="sext_ln92_3_fu_210">
<pin_list>
<pin id="211" dir="0" index="0" bw="20" slack="0"/>
<pin id="212" dir="1" index="1" bw="32" slack="0"/>
</pin_list>
<bind>
<opcode="sext(35) " fcode="sext"/>
<opset="sext_ln92_3/5 "/>
</bind>
</comp>

<comp id="215" class="1005" name="ca_addr_reg_215">
<pin_list>
<pin id="216" dir="0" index="0" bw="32" slack="1"/>
<pin id="217" dir="1" index="1" bw="32" slack="1"/>
</pin_list>
<bind>
<opset="ca_addr "/>
</bind>
</comp>

<comp id="222" class="1005" name="trunc_ln1_reg_222">
<pin_list>
<pin id="223" dir="0" index="0" bw="30" slack="2"/>
<pin id="224" dir="1" index="1" bw="30" slack="2"/>
</pin_list>
<bind>
<opset="trunc_ln1 "/>
</bind>
</comp>

<comp id="227" class="1005" name="ca_addr_1_reg_227">
<pin_list>
<pin id="228" dir="0" index="0" bw="32" slack="1"/>
<pin id="229" dir="1" index="1" bw="32" slack="1"/>
</pin_list>
<bind>
<opset="ca_addr_1 "/>
</bind>
</comp>

</comp_list>

<net_list>
<net id="64"><net_src comp="14" pin="0"/><net_sink comp="60" pin=0"/></net>

<net id="65"><net_src comp="4" pin="0"/><net_sink comp="60" pin=1"/></net>

<net id="70"><net_src comp="16" pin="0"/><net_sink comp="66" pin=0"/></net>

<net id="71"><net_src comp="2" pin="0"/><net_sink comp="66" pin=1"/></net>

<net id="77"><net_src comp="24" pin="0"/><net_sink comp="72" pin=0"/></net>

<net id="78"><net_src comp="20" pin="0"/><net_sink comp="72" pin=2"/></net>

<net id="85"><net_src comp="30" pin="0"/><net_sink comp="79" pin=0"/></net>

<net id="86"><net_src comp="32" pin="0"/><net_sink comp="79" pin=3"/></net>

<net id="93"><net_src comp="30" pin="0"/><net_sink comp="87" pin=0"/></net>

<net id="94"><net_src comp="32" pin="0"/><net_sink comp="87" pin=3"/></net>

<net id="100"><net_src comp="24" pin="0"/><net_sink comp="95" pin=0"/></net>

<net id="101"><net_src comp="20" pin="0"/><net_sink comp="95" pin=2"/></net>

<net id="102"><net_src comp="34" pin="0"/><net_sink comp="72" pin=0"/></net>

<net id="109"><net_src comp="30" pin="0"/><net_sink comp="103" pin=0"/></net>

<net id="110"><net_src comp="32" pin="0"/><net_sink comp="103" pin=3"/></net>

<net id="117"><net_src comp="30" pin="0"/><net_sink comp="111" pin=0"/></net>

<net id="118"><net_src comp="32" pin="0"/><net_sink comp="111" pin=3"/></net>

<net id="119"><net_src comp="34" pin="0"/><net_sink comp="95" pin=0"/></net>

<net id="126"><net_src comp="18" pin="0"/><net_sink comp="120" pin=0"/></net>

<net id="127"><net_src comp="66" pin="2"/><net_sink comp="120" pin=1"/></net>

<net id="128"><net_src comp="20" pin="0"/><net_sink comp="120" pin=2"/></net>

<net id="129"><net_src comp="22" pin="0"/><net_sink comp="120" pin=3"/></net>

<net id="133"><net_src comp="120" pin="4"/><net_sink comp="130" pin=0"/></net>

<net id="138"><net_src comp="0" pin="0"/><net_sink comp="134" pin=0"/></net>

<net id="139"><net_src comp="130" pin="1"/><net_sink comp="134" pin=1"/></net>

<net id="140"><net_src comp="134" pin="2"/><net_sink comp="72" pin=1"/></net>

<net id="146"><net_src comp="26" pin="0"/><net_sink comp="141" pin=0"/></net>

<net id="147"><net_src comp="60" pin="2"/><net_sink comp="141" pin=1"/></net>

<net id="148"><net_src comp="28" pin="0"/><net_sink comp="141" pin=2"/></net>

<net id="152"><net_src comp="141" pin="3"/><net_sink comp="149" pin=0"/></net>

<net id="157"><net_src comp="149" pin="1"/><net_sink comp="153" pin=0"/></net>

<net id="158"><net_src comp="66" pin="2"/><net_sink comp="153" pin=1"/></net>

<net id="165"><net_src comp="18" pin="0"/><net_sink comp="159" pin=0"/></net>

<net id="166"><net_src comp="153" pin="2"/><net_sink comp="159" pin=1"/></net>

<net id="167"><net_src comp="20" pin="0"/><net_sink comp="159" pin=2"/></net>

<net id="168"><net_src comp="22" pin="0"/><net_sink comp="159" pin=3"/></net>

<net id="172"><net_src comp="6" pin="0"/><net_sink comp="169" pin=0"/></net>

<net id="176"><net_src comp="169" pin="1"/><net_sink comp="173" pin=0"/></net>

<net id="177"><net_src comp="173" pin="1"/><net_sink comp="79" pin=2"/></net>

<net id="181"><net_src comp="8" pin="0"/><net_sink comp="178" pin=0"/></net>

<net id="185"><net_src comp="178" pin="1"/><net_sink comp="182" pin=0"/></net>

<net id="186"><net_src comp="182" pin="1"/><net_sink comp="87" pin=2"/></net>

<net id="194"><net_src comp="0" pin="0"/><net_sink comp="190" pin=0"/></net>

<net id="195"><net_src comp="187" pin="1"/><net_sink comp="190" pin=1"/></net>

<net id="196"><net_src comp="190" pin="2"/><net_sink comp="95" pin=1"/></net>

<net id="200"><net_src comp="10" pin="0"/><net_sink comp="197" pin=0"/></net>

<net id="204"><net_src comp="197" pin="1"/><net_sink comp="201" pin=0"/></net>

<net id="205"><net_src comp="201" pin="1"/><net_sink comp="103" pin=2"/></net>

<net id="209"><net_src comp="12" pin="0"/><net_sink comp="206" pin=0"/></net>

<net id="213"><net_src comp="206" pin="1"/><net_sink comp="210" pin=0"/></net>

<net id="214"><net_src comp="210" pin="1"/><net_sink comp="111" pin=2"/></net>

<net id="218"><net_src comp="134" pin="2"/><net_sink comp="215" pin=0"/></net>

<net id="219"><net_src comp="215" pin="1"/><net_sink comp="79" pin=1"/></net>

<net id="220"><net_src comp="215" pin="1"/><net_sink comp="87" pin=1"/></net>

<net id="221"><net_src comp="215" pin="1"/><net_sink comp="72" pin=1"/></net>

<net id="225"><net_src comp="159" pin="4"/><net_sink comp="222" pin=0"/></net>

<net id="226"><net_src comp="222" pin="1"/><net_sink comp="187" pin=0"/></net>

<net id="230"><net_src comp="190" pin="2"/><net_sink comp="227" pin=0"/></net>

<net id="231"><net_src comp="227" pin="1"/><net_sink comp="103" pin=1"/></net>

<net id="232"><net_src comp="227" pin="1"/><net_sink comp="111" pin=1"/></net>

<net id="233"><net_src comp="227" pin="1"/><net_sink comp="95" pin=1"/></net>

</net_list>

</model> 
---------------- Datapath Model END ------------------

* FSMD analyzer results:
  - Output states:
	Port: ca | {1 2 3 4 5 6 7 8 9 10 }
	Port: out_r | {}
	Port: b0_q | {}
	Port: mxm_execute_ursa_signed_char_unsigned_short_unsigned_char_unsigned_short_i_3 | {}
	Port: mxm_execute_ursa_signed_char_unsigned_short_unsigned_char_unsigned_short_i_2 | {}
	Port: mxm_execute_ursa_signed_char_unsigned_short_unsigned_char_unsigned_short_i_1 | {}
	Port: mxm_execute_ursa_signed_char_unsigned_short_unsigned_char_unsigned_short_i | {}
 - Input state : 
	Port: sa_store : ca | {}
	Port: sa_store : out_r | {1 }
	Port: sa_store : b0_q | {1 }
	Port: sa_store : mxm_execute_ursa_signed_char_unsigned_short_unsigned_char_unsigned_short_i_3 | {2 }
	Port: sa_store : mxm_execute_ursa_signed_char_unsigned_short_unsigned_char_unsigned_short_i_2 | {3 }
	Port: sa_store : mxm_execute_ursa_signed_char_unsigned_short_unsigned_char_unsigned_short_i_1 | {4 }
	Port: sa_store : mxm_execute_ursa_signed_char_unsigned_short_unsigned_char_unsigned_short_i | {5 }
  - Chain level:
	State 1
		sext_ln92_4 : 1
		ca_addr : 2
		empty : 3
		p_cast : 1
		empty_25 : 2
		trunc_ln1 : 3
	State 2
		sext_ln92 : 1
		write_ln92 : 2
	State 3
		sext_ln92_1 : 1
		write_ln92 : 2
		ca_addr_1 : 1
		empty_26 : 2
	State 4
		sext_ln92_2 : 1
		write_ln95 : 2
	State 5
		sext_ln92_3 : 1
		write_ln95 : 2
	State 6
	State 7
	State 8
	State 9
	State 10


============================================================
+ Verbose Summary: Datapath Resource usage 
============================================================

* Functional unit list:
|----------|-------------------------|---------|---------|
| Operation|     Functional Unit     |    FF   |   LUT   |
|----------|-------------------------|---------|---------|
|    add   |     empty_25_fu_153     |    0    |    39   |
|----------|-------------------------|---------|---------|
|   read   |   b0_q_read_read_fu_60  |    0    |    0    |
|          |   out_read_read_fu_66   |    0    |    0    |
|----------|-------------------------|---------|---------|
| writeresp|   grp_writeresp_fu_72   |    0    |    0    |
|          |   grp_writeresp_fu_95   |    0    |    0    |
|----------|-------------------------|---------|---------|
|          |  write_ln92_write_fu_79 |    0    |    0    |
|   write  |  write_ln92_write_fu_87 |    0    |    0    |
|          | write_ln95_write_fu_103 |    0    |    0    |
|          | write_ln95_write_fu_111 |    0    |    0    |
|----------|-------------------------|---------|---------|
|partselect|     trunc_ln_fu_120     |    0    |    0    |
|          |     trunc_ln1_fu_159    |    0    |    0    |
|----------|-------------------------|---------|---------|
|          |    sext_ln92_4_fu_130   |    0    |    0    |
|          |     sext_ln92_fu_173    |    0    |    0    |
|   sext   |    sext_ln92_1_fu_182   |    0    |    0    |
|          |     sext_ln95_fu_187    |    0    |    0    |
|          |    sext_ln92_2_fu_201   |    0    |    0    |
|          |    sext_ln92_3_fu_210   |    0    |    0    |
|----------|-------------------------|---------|---------|
|bitconcatenate|        tmp_fu_141       |    0    |    0    |
|----------|-------------------------|---------|---------|
|   zext   |      p_cast_fu_149      |    0    |    0    |
|----------|-------------------------|---------|---------|
|   Total  |                         |    0    |    39   |
|----------|-------------------------|---------|---------|

Memories:
N/A

* Register list:
+-----------------+--------+
|                 |   FF   |
+-----------------+--------+
|ca_addr_1_reg_227|   32   |
| ca_addr_reg_215 |   32   |
|trunc_ln1_reg_222|   30   |
+-----------------+--------+
|      Total      |   94   |
+-----------------+--------+

* Multiplexer (MUX) list: 
|---------------------|------|------|------|--------||---------||---------|
|         Comp        |  Pin | Size |  BW  | S x BW ||  Delay  ||   LUT   |
|---------------------|------|------|------|--------||---------||---------|
| grp_writeresp_fu_72 |  p0  |   2  |   1  |    2   |
| grp_writeresp_fu_72 |  p1  |   2  |  32  |   64   ||    9    |
| grp_writeresp_fu_95 |  p0  |   2  |   1  |    2   |
| grp_writeresp_fu_95 |  p1  |   2  |  32  |   64   ||    9    |
|---------------------|------|------|------|--------||---------||---------|
|        Total        |      |      |      |   132  ||  6.352  ||    18   |
|---------------------|------|------|------|--------||---------||---------|



* Summary:
+-----------+--------+--------+--------+
|           |  Delay |   FF   |   LUT  |
+-----------+--------+--------+--------+
|  Function |    -   |    0   |   39   |
|   Memory  |    -   |    -   |    -   |
|Multiplexer|    6   |    -   |   18   |
|  Register |    -   |   94   |    -   |
+-----------+--------+--------+--------+
|   Total   |    6   |   94   |   57   |
+-----------+--------+--------+--------+
