

================================================================
== Synthesis Summary Report of 'mxm_execute_ursa'
================================================================
+ General Information: 
    * Date:           Wed Jul  8 16:48:55 2026
    * Version:        2023.2 (Build 4023990 on Oct 11 2023)
    * Project:        hls_ursa
    * Solution:       hls (Vivado IP Flow Target)
    * Product family: zynq
    * Target device:  xc7z020-clg484-1
    

+ Performance & Resource Estimates: 
    
    PS: '+' for module; 'o' for loop; '*' for dataflow
    +------------------------------------------------+------+------+----------------+-----------+----------+----------------+----------+----------+--------+----------+-----------+-------------+-----+
    |                     Modules                    | Issue|      |    Latency     |  Latency  | Iteration|                |   Trip   |          |        |          |           |             |     |
    |                     & Loops                    | Type | Slack|    (cycles)    |    (ns)   |  Latency |    Interval    |   Count  | Pipelined|  BRAM  |    DSP   |     FF    |     LUT     | URAM|
    +------------------------------------------------+------+------+----------------+-----------+----------+----------------+----------+----------+--------+----------+-----------+-------------+-----+
    |+ mxm_execute_ursa                              |     -|  0.00|  31285492908231|  3.129e+14|         -|  31285492908232|         -|        no|  8 (2%)|  95 (43%)|  9566 (8%)|  11473 (21%)|    -|
    | o VITIS_LOOP_267_1_VITIS_LOOP_268_2            |     -|  7.30|  31285492908228|  3.129e+14|    590148|               -|  53012961|        no|       -|         -|          -|            -|    -|
    |  + mxm_execute_ursa_Pipeline_VITIS_LOOP_284_3  |     -|  0.00|          589981|  5.900e+06|         -|          589981|         -|        no|       -|  90 (40%)|  4053 (3%)|    5196 (9%)|    -|
    |   o VITIS_LOOP_284_3                           |    II|  7.30|          589979|  5.900e+06|        30|               9|     65551|       yes|       -|         -|          -|            -|    -|
    |  + sa_store                                    |    II|  0.00|              86|    860.000|         -|              81|         -|       yes|       -|         -|  467 (~0%)|    1390 (2%)|    -|
    |  + sa_reset                                    |     -|  7.30|               0|      0.000|         -|               1|         -|       yes|       -|         -|          -|            -|    -|
    +------------------------------------------------+------+------+----------------+-----------+----------+----------------+----------+----------+--------+----------+-----------+-------------+-----+


================================================================
== HW Interfaces
================================================================
* M_AXI
+-----------+------------+---------------+---------+--------+----------+-----------+--------------+--------------+-------------+-------------+-------------------+
| Interface | Data Width | Address Width | Latency | Offset | Register | Max Widen | Max Read     | Max Write    | Num Read    | Num Write   | Resource Estimate |
|           | (SW->HW)   |               |         |        |          | Bitwidth  | Burst Length | Burst Length | Outstanding | Outstanding |                   |
+-----------+------------+---------------+---------+--------+----------+-----------+--------------+--------------+-------------+-------------+-------------------+
| m_axi_aw  | 8 -> 8     | 32            | 0       | slave  | 0        | 0         | 64           | 16           | 8           | 8           | BRAM=2            |
| m_axi_bi  | 8 -> 8     | 32            | 0       | slave  | 0        | 0         | 64           | 16           | 8           | 8           | BRAM=2            |
| m_axi_ca  | 32 -> 32   | 32            | 0       | slave  | 0        | 0         | 64           | 16           | 8           | 8           | BRAM=4            |
+-----------+------------+---------------+---------+--------+----------+-----------+--------------+--------------+-------------+-------------+-------------------+

* S_AXILITE Interfaces
+---------------+------------+---------------+--------+----------+
| Interface     | Data Width | Address Width | Offset | Register |
+---------------+------------+---------------+--------+----------+
| s_axi_ap      | 32         | 6             | 24     | 1        |
| s_axi_control | 32         | 6             | 16     | 0        |
+---------------+------------+---------------+--------+----------+

* S_AXILITE Registers
+---------------+-----------+--------+-------+--------+----------------------------------+----------------------------------------------------------------------+
| Interface     | Register  | Offset | Width | Access | Description                      | Bit Fields                                                           |
+---------------+-----------+--------+-------+--------+----------------------------------+----------------------------------------------------------------------+
| s_axi_ap      | CTRL      | 0x00   | 32    | RW     | Control signals                  | 0=AP_START 1=AP_DONE 2=AP_IDLE 3=AP_READY 7=AUTO_RESTART 9=INTERRUPT |
| s_axi_ap      | GIER      | 0x04   | 32    | RW     | Global Interrupt Enable Register | 0=Enable                                                             |
| s_axi_ap      | IP_IER    | 0x08   | 32    | RW     | IP Interrupt Enable Register     | 0=CHAN0_INT_EN 1=CHAN1_INT_EN                                        |
| s_axi_ap      | IP_ISR    | 0x0c   | 32    | RW     | IP Interrupt Status Register     | 0=CHAN0_INT_ST 1=CHAN1_INT_ST                                        |
| s_axi_ap      | ap_return | 0x10   | 32    | R      | Data signal of ap_return         |                                                                      |
| s_axi_ap      | a0_p      | 0x18   | 32    | W      | Data signal of a0_p              |                                                                      |
| s_axi_ap      | b0_q      | 0x20   | 32    | W      | Data signal of b0_q              |                                                                      |
| s_axi_ap      | m         | 0x28   | 32    | W      | Data signal of m                 |                                                                      |
| s_axi_control | addr_a0   | 0x10   | 32    | W      | Data signal of addr_a0           |                                                                      |
| s_axi_control | addr_b0   | 0x18   | 32    | W      | Data signal of addr_b0           |                                                                      |
| s_axi_control | addr_c0   | 0x20   | 32    | W      | Data signal of addr_c0           |                                                                      |
+---------------+-----------+--------+-------+--------+----------------------------------+----------------------------------------------------------------------+

* TOP LEVEL CONTROL
+-----------+------------+-----------+
| Interface | Type       | Ports     |
+-----------+------------+-----------+
| ap_clk    | clock      | ap_clk    |
| ap_rst_n  | reset      | ap_rst_n  |
| interrupt | interrupt  | interrupt |
| ap_ctrl   | ap_ctrl_hs |           |
+-----------+------------+-----------+


================================================================
== SW I/O Information
================================================================
* Top Function Arguments
+----------+-----------+----------------+
| Argument | Direction | Datatype       |
+----------+-----------+----------------+
| addr_a0  | in        | signed char*   |
| a0_p     | in        | unsigned short |
| addr_b0  | in        | unsigned char* |
| b0_q     | in        | unsigned short |
| addr_c0  | out       | int*           |
| m        | in        | unsigned short |
| return   | out       | unsigned char  |
+----------+-----------+----------------+

* SW-to-HW Mapping
+----------+---------------+-----------+----------+-------------------------------------+
| Argument | HW Interface  | HW Type   | HW Usage | HW Info                             |
+----------+---------------+-----------+----------+-------------------------------------+
| addr_a0  | m_axi_aw      | interface |          |                                     |
| addr_a0  | s_axi_control | register  | offset   | name=addr_a0 offset=0x10 range=32   |
| a0_p     | s_axi_ap      | register  |          | name=a0_p offset=0x18 range=32      |
| addr_b0  | m_axi_bi      | interface |          |                                     |
| addr_b0  | s_axi_control | register  | offset   | name=addr_b0 offset=0x18 range=32   |
| b0_q     | s_axi_ap      | register  |          | name=b0_q offset=0x20 range=32      |
| addr_c0  | m_axi_ca      | interface |          |                                     |
| addr_c0  | s_axi_control | register  | offset   | name=addr_c0 offset=0x20 range=32   |
| m        | s_axi_ap      | register  |          | name=m offset=0x28 range=32         |
| return   | s_axi_ap      | register  |          | name=ap_return offset=0x10 range=32 |
+----------+---------------+-----------+----------+-------------------------------------+


================================================================
== M_AXI Burst Information
================================================================
 Note: All burst requests might be further partitioned into multiple requests during RTL generation based on max_read_burst_length or max_write_burst_length settings.

* Inferred Burst Summary
+--------------+-----------+--------+-------+
| HW Interface | Direction | Length | Width |
+--------------+-----------+--------+-------+
| m_axi_ca     | write     | 9      | 32    |
+--------------+-----------+--------+-------+

* All M_AXI Variable Accesses
+--------------+----------+------------------------------------------------------+-----------+--------------+--------+------------+-------------------------------------------------------------------------------------------------------+
| HW Interface | Variable | Access Location                                      | Direction | Burst Status | Length | Resolution | Problem                                                                                               |
+--------------+----------+------------------------------------------------------+-----------+--------------+--------+------------+-------------------------------------------------------------------------------------------------------+
| m_axi_ca     | out      | /home/fi/Documents/GitHub/ursa/src/core/sa.cpp:92:17 | write     | Widen Fail   |        | 214-353    | Could not widen since type i32 size is greater than or equal to the max_widen_bitwidth threshold of 0 |
| m_axi_ca     | out      | /home/fi/Documents/GitHub/ursa/src/core/sa.cpp:92:17 | write     | Inferred     | 9      |            |                                                                                                       |
+--------------+----------+------------------------------------------------------+-----------+--------------+--------+------------+-------------------------------------------------------------------------------------------------------+

    * Resolution URL: docs.xilinx.com/access/sources/dita/topic?Doc_Version=2023.2%20English&url=ug1448-hls-guidance&resourceid=XXX-YYY.html (replace XXX-YYY with column value)

================================================================
== Bind Op Report
================================================================
+-----------------------------------------------+-----+--------+-------------+-----+-----------+---------+
| Name                                          | DSP | Pragma | Variable    | Op  | Impl      | Latency |
+-----------------------------------------------+-----+--------+-------------+-----+-----------+---------+
| + mxm_execute_ursa                            | 95  |        |             |     |           |         |
|   mul_16ns_18ns_33_1_1_U355                   | 1   |        | mul_ln264   | mul | auto      | 0       |
|   mul_16ns_18ns_33_1_1_U356                   | 1   |        | mul_ln265   | mul | auto      | 0       |
|   sub24_fu_1483_p2                            |     |        | sub24       | add | fabric    | 0       |
|   mul_13ns_13ns_26_1_1_U357                   | 1   |        | bound       | mul | auto      | 0       |
|   empty_fu_1525_p2                            |     |        | empty       | add | fabric    | 0       |
|   add_ln267_fu_1536_p2                        |     |        | add_ln267   | add | fabric    | 0       |
|   add_ln267_1_fu_1558_p2                      |     |        | add_ln267_1 | add | fabric    | 0       |
|   p_mid1_fu_1576_p2                           |     |        | p_mid1      | add | fabric    | 0       |
|   mul_16ns_16ns_32_1_1_U358                   | 1   |        | mul_ln267   | mul | auto      | 0       |
|   mac_muladd_16ns_16ns_16ns_30_4_1_U359       | 1   |        | mul_ln267_1 | mul | dsp_slice | 3       |
|   add_ln270_fu_1641_p2                        |     |        | add_ln270   | add | fabric    | 0       |
|   mac_muladd_16ns_16ns_16ns_30_4_1_U359       | 1   |        | add_ln300   | add | dsp_slice | 3       |
|   addr_sa_c_fu_1657_p2                        |     |        | addr_sa_c   | add | fabric    | 0       |
|   add_ln268_fu_1602_p2                        |     |        | add_ln268   | add | fabric    | 0       |
|  + mxm_execute_ursa_Pipeline_VITIS_LOOP_284_3 | 90  |        |             |     |           |         |
|    k_fu_1189_p2                               |     |        | k           | add | fabric    | 0       |
|    add_ln21_fu_1201_p2                        |     |        | add_ln21    | add | fabric    | 0       |
|    add_ln21_1_fu_1834_p2                      |     |        | add_ln21_1  | add | fabric    | 0       |
|    add_ln20_fu_1213_p2                        |     |        | add_ln20    | add | fabric    | 0       |
|    add_ln21_3_fu_1867_p2                      |     |        | add_ln21_3  | add | fabric    | 0       |
|    add_ln20_1_fu_1263_p2                      |     |        | add_ln20_1  | add | fabric    | 0       |
|    add_ln21_5_fu_1281_p2                      |     |        | add_ln21_5  | add | fabric    | 0       |
|    add_ln21_6_fu_1287_p2                      |     |        | add_ln21_6  | add | fabric    | 0       |
|    sub_ln14_fu_1321_p2                        |     |        | sub_ln14    | sub | fabric    | 0       |
|    add_ln20_2_fu_1337_p2                      |     |        | add_ln20_2  | add | fabric    | 0       |
|    add_ln21_10_fu_1905_p2                     |     |        | add_ln21_10 | add | fabric    | 0       |
|    add_ln21_11_fu_1355_p2                     |     |        | add_ln21_11 | add | fabric    | 0       |
|    add_ln20_3_fu_1377_p2                      |     |        | add_ln20_3  | add | fabric    | 0       |
|    add_ln21_15_fu_1395_p2                     |     |        | add_ln21_15 | add | fabric    | 0       |
|    add_ln21_16_fu_1401_p2                     |     |        | add_ln21_16 | add | fabric    | 0       |
|    add_ln14_fu_1423_p2                        |     |        | add_ln14    | add | fabric    | 0       |
|    add_ln20_4_fu_1435_p2                      |     |        | add_ln20_4  | add | fabric    | 0       |
|    add_ln21_20_fu_1941_p2                     |     |        | add_ln21_20 | add | fabric    | 0       |
|    add_ln21_21_fu_1453_p2                     |     |        | add_ln21_21 | add | fabric    | 0       |
|    sub_ln14_1_fu_1471_p2                      |     |        | sub_ln14_1  | sub | fabric    | 0       |
|    add_ln20_5_fu_1487_p2                      |     |        | add_ln20_5  | add | fabric    | 0       |
|    add_ln21_25_fu_1961_p2                     |     |        | add_ln21_25 | add | fabric    | 0       |
|    add_ln21_26_fu_1505_p2                     |     |        | add_ln21_26 | add | fabric    | 0       |
|    sub_ln14_2_fu_1511_p2                      |     |        | sub_ln14_2  | sub | fabric    | 0       |
|    add_ln20_6_fu_1527_p2                      |     |        | add_ln20_6  | add | fabric    | 0       |
|    add_ln21_30_fu_1981_p2                     |     |        | add_ln21_30 | add | fabric    | 0       |
|    add_ln21_31_fu_1545_p2                     |     |        | add_ln21_31 | add | fabric    | 0       |
|    add_ln20_7_fu_1567_p2                      |     |        | add_ln20_7  | add | fabric    | 0       |
|    add_ln21_35_fu_1585_p2                     |     |        | add_ln21_35 | add | fabric    | 0       |
|    add_ln21_36_fu_1591_p2                     |     |        | add_ln21_36 | add | fabric    | 0       |
|    sub_i_fu_1613_p2                           |     |        | sub_i       | add | fabric    | 0       |
|    mul_17s_16ns_32_1_1_U1                     | 1   |        | mul_i       | mul | auto      | 0       |
|    add_ln42_8_fu_2320_p2                      |     |        | add_ln42_8  | add | fabric    | 0       |
|    add_ln49_1_fu_2325_p2                      |     |        | add_ln49_1  | add | fabric    | 0       |
|    add_ln42_fu_2025_p2                        |     |        | add_ln42    | add | fabric    | 0       |
|    mul_17s_16ns_32_1_1_U2                     | 1   |        | mul_ln42    | mul | auto      | 0       |
|    grp_fu_1134_p2                             |     |        | add_ln49_3  | add | fabric    | 0       |
|    add_ln49_5_fu_2639_p2                      |     |        | add_ln49_5  | add | fabric    | 0       |
|    add_ln42_1_fu_2354_p2                      |     |        | add_ln42_1  | add | fabric    | 0       |
|    mul_17s_16ns_32_1_1_U3                     | 1   |        | mul_ln42_1  | mul | auto      | 0       |
|    grp_fu_1134_p2                             |     |        | add_ln49_7  | add | fabric    | 0       |
|    add_ln49_9_fu_2998_p2                      |     |        | add_ln49_9  | add | fabric    | 0       |
|    add_ln42_2_fu_2673_p2                      |     |        | add_ln42_2  | add | fabric    | 0       |
|    mul_17s_16ns_32_1_1_U4                     | 1   |        | mul_ln42_2  | mul | auto      | 0       |
|    grp_fu_1134_p2                             |     |        | add_ln49_11 | add | fabric    | 0       |
|    add_ln49_13_fu_3356_p2                     |     |        | add_ln49_13 | add | fabric    | 0       |
|    add_ln42_3_fu_3032_p2                      |     |        | add_ln42_3  | add | fabric    | 0       |
|    mul_17s_16ns_32_1_1_U5                     | 1   |        | mul_ln42_3  | mul | auto      | 0       |
|    grp_fu_1134_p2                             |     |        | add_ln49_15 | add | fabric    | 0       |
|    add_ln49_17_fu_3630_p2                     |     |        | add_ln49_17 | add | fabric    | 0       |
|    add_ln42_4_fu_3390_p2                      |     |        | add_ln42_4  | add | fabric    | 0       |
|    mul_17s_16ns_32_1_1_U6                     | 1   |        | mul_ln42_4  | mul | auto      | 0       |
|    grp_fu_1134_p2                             |     |        | add_ln49_18 | add | fabric    | 0       |
|    add_ln49_19_fu_3804_p2                     |     |        | add_ln49_19 | add | fabric    | 0       |
|    add_ln42_5_fu_3664_p2                      |     |        | add_ln42_5  | add | fabric    | 0       |
|    mul_17s_16ns_32_1_1_U7                     | 1   |        | mul_ln42_5  | mul | auto      | 0       |
|    grp_fu_1134_p2                             |     |        | add_ln49_20 | add | fabric    | 0       |
|    add_ln49_21_fu_3986_p2                     |     |        | add_ln49_21 | add | fabric    | 0       |
|    add_ln42_6_fu_3838_p2                      |     |        | add_ln42_6  | add | fabric    | 0       |
|    mul_17s_16ns_32_1_1_U8                     | 1   |        | mul_ln42_6  | mul | auto      | 0       |
|    add_ln49_22_fu_4097_p2                     |     |        | add_ln49_22 | add | fabric    | 0       |
|    add_ln49_23_fu_4101_p2                     |     |        | add_ln49_23 | add | fabric    | 0       |
|    add_ln42_7_fu_4020_p2                      |     |        | add_ln42_7  | add | fabric    | 0       |
|    mul_17s_16ns_32_1_1_U9                     | 1   |        | mul_ln42_7  | mul | auto      | 0       |
|    add_ln49_24_fu_4135_p2                     |     |        | add_ln49_24 | add | fabric    | 0       |
|    add_ln49_25_fu_4157_p2                     |     |        | add_ln49_25 | add | fabric    | 0       |
|    mac_muladd_8ns_8s_20s_20_4_1_U70           | 1   |        | mul_ln19    | mul | dsp_slice | 3       |
|    mac_muladd_8ns_8s_20s_20_4_1_U70           | 1   |        | add_ln19    | add | dsp_slice | 3       |
|    mac_muladd_8s_8ns_20s_20_4_1_U71           | 1   |        | mul_ln19_1  | mul | dsp_slice | 3       |
|    mac_muladd_8s_8ns_20s_20_4_1_U71           | 1   |        | add_ln19_1  | add | dsp_slice | 3       |
|    mac_muladd_8s_8ns_20s_20_4_1_U77           | 1   |        | mul_ln19_2  | mul | dsp_slice | 3       |
|    mac_muladd_8s_8ns_20s_20_4_1_U77           | 1   |        | add_ln19_2  | add | dsp_slice | 3       |
|    mac_muladd_8s_8ns_20s_20_4_1_U78           | 1   |        | mul_ln19_3  | mul | dsp_slice | 3       |
|    mac_muladd_8s_8ns_20s_20_4_1_U78           | 1   |        | add_ln19_3  | add | dsp_slice | 3       |
|    mac_muladd_8s_8ns_20s_20_4_1_U79           | 1   |        | mul_ln19_4  | mul | dsp_slice | 3       |
|    mac_muladd_8s_8ns_20s_20_4_1_U79           | 1   |        | add_ln19_4  | add | dsp_slice | 3       |
|    mac_muladd_8s_8ns_20s_20_4_1_U84           | 1   |        | mul_ln19_5  | mul | dsp_slice | 3       |
|    mac_muladd_8s_8ns_20s_20_4_1_U84           | 1   |        | add_ln19_5  | add | dsp_slice | 3       |
|    mac_muladd_8s_8ns_20s_20_4_1_U86           | 1   |        | mul_ln19_6  | mul | dsp_slice | 3       |
|    mac_muladd_8s_8ns_20s_20_4_1_U86           | 1   |        | add_ln19_6  | add | dsp_slice | 3       |
|    mac_muladd_8s_8ns_20s_20_4_1_U87           | 1   |        | mul_ln19_7  | mul | dsp_slice | 3       |
|    mac_muladd_8s_8ns_20s_20_4_1_U87           | 1   |        | add_ln19_7  | add | dsp_slice | 3       |
|    mac_muladd_8s_8ns_20s_20_4_1_U88           | 1   |        | mul_ln19_8  | mul | dsp_slice | 3       |
|    mac_muladd_8s_8ns_20s_20_4_1_U88           | 1   |        | add_ln19_8  | add | dsp_slice | 3       |
|    mac_muladd_8ns_8s_20s_20_4_1_U72           | 1   |        | mul_ln19_9  | mul | dsp_slice | 3       |
|    mac_muladd_8ns_8s_20s_20_4_1_U72           | 1   |        | add_ln19_9  | add | dsp_slice | 3       |
|    mac_muladd_8ns_8s_20s_20_4_1_U55           | 1   |        | mul_ln19_10 | mul | dsp_slice | 3       |
|    mac_muladd_8ns_8s_20s_20_4_1_U55           | 1   |        | add_ln19_10 | add | dsp_slice | 3       |
|    mac_muladd_8ns_8s_20s_20_4_1_U61           | 1   |        | mul_ln19_11 | mul | dsp_slice | 3       |
|    mac_muladd_8ns_8s_20s_20_4_1_U61           | 1   |        | add_ln19_11 | add | dsp_slice | 3       |
|    mac_muladd_8ns_8s_20s_20_4_1_U63           | 1   |        | mul_ln19_12 | mul | dsp_slice | 3       |
|    mac_muladd_8ns_8s_20s_20_4_1_U63           | 1   |        | add_ln19_12 | add | dsp_slice | 3       |
|    mac_muladd_8ns_8s_20s_20_4_1_U65           | 1   |        | mul_ln19_13 | mul | dsp_slice | 3       |
|    mac_muladd_8ns_8s_20s_20_4_1_U65           | 1   |        | add_ln19_13 | add | dsp_slice | 3       |
|    mac_muladd_8ns_8s_20s_20_4_1_U67           | 1   |        | mul_ln19_14 | mul | dsp_slice | 3       |
|    mac_muladd_8ns_8s_20s_20_4_1_U67           | 1   |        | add_ln19_14 | add | dsp_slice | 3       |
|    mac_muladd_8ns_8s_20s_20_4_1_U68           | 1   |        | mul_ln19_15 | mul | dsp_slice | 3       |
|    mac_muladd_8ns_8s_20s_20_4_1_U68           | 1   |        | add_ln19_15 | add | dsp_slice | 3       |
|    mac_muladd_8ns_8s_20s_20_4_1_U73           | 1   |        | mul_ln19_16 | mul | dsp_slice | 3       |
|    mac_muladd_8ns_8s_20s_20_4_1_U73           | 1   |        | add_ln19_16 | add | dsp_slice | 3       |
|    mac_muladd_8ns_8s_20s_20_4_1_U74           | 1   |        | mul_ln19_17 | mul | dsp_slice | 3       |
|    mac_muladd_8ns_8s_20s_20_4_1_U74           | 1   |        | add_ln19_17 | add | dsp_slice | 3       |
|    mac_muladd_8ns_8s_20s_20_4_1_U80           | 1   |        | mul_ln19_18 | mul | dsp_slice | 3       |
|    mac_muladd_8ns_8s_20s_20_4_1_U80           | 1   |        | add_ln19_18 | add | dsp_slice | 3       |
|    mac_muladd_8ns_8s_20s_20_4_1_U56           | 1   |        | mul_ln19_19 | mul | dsp_slice | 3       |
|    mac_muladd_8ns_8s_20s_20_4_1_U56           | 1   |        | add_ln19_19 | add | dsp_slice | 3       |
|    mac_muladd_8ns_8s_20s_20_4_1_U10           | 1   |        | mul_ln19_20 | mul | dsp_slice | 3       |
|    mac_muladd_8ns_8s_20s_20_4_1_U10           | 1   |        | add_ln19_20 | add | dsp_slice | 3       |
|    mac_muladd_8ns_8s_20s_20_4_1_U11           | 1   |        | mul_ln19_21 | mul | dsp_slice | 3       |
|    mac_muladd_8ns_8s_20s_20_4_1_U11           | 1   |        | add_ln19_21 | add | dsp_slice | 3       |
|    mac_muladd_8ns_8s_20s_20_4_1_U12           | 1   |        | mul_ln19_22 | mul | dsp_slice | 3       |
|    mac_muladd_8ns_8s_20s_20_4_1_U12           | 1   |        | add_ln19_22 | add | dsp_slice | 3       |
|    mac_muladd_8ns_8s_20s_20_4_1_U46           | 1   |        | mul_ln19_23 | mul | dsp_slice | 3       |
|    mac_muladd_8ns_8s_20s_20_4_1_U46           | 1   |        | add_ln19_23 | add | dsp_slice | 3       |
|    mac_muladd_8ns_8s_20s_20_4_1_U47           | 1   |        | mul_ln19_24 | mul | dsp_slice | 3       |
|    mac_muladd_8ns_8s_20s_20_4_1_U47           | 1   |        | add_ln19_24 | add | dsp_slice | 3       |
|    mac_muladd_8ns_8s_20s_20_4_1_U57           | 1   |        | mul_ln19_25 | mul | dsp_slice | 3       |
|    mac_muladd_8ns_8s_20s_20_4_1_U57           | 1   |        | add_ln19_25 | add | dsp_slice | 3       |
|    mac_muladd_8ns_8s_20s_20_4_1_U58           | 1   |        | mul_ln19_26 | mul | dsp_slice | 3       |
|    mac_muladd_8ns_8s_20s_20_4_1_U58           | 1   |        | add_ln19_26 | add | dsp_slice | 3       |
|    mac_muladd_8ns_8s_20s_20_4_1_U81           | 1   |        | mul_ln19_27 | mul | dsp_slice | 3       |
|    mac_muladd_8ns_8s_20s_20_4_1_U81           | 1   |        | add_ln19_27 | add | dsp_slice | 3       |
|    mac_muladd_8ns_8s_20s_20_4_1_U62           | 1   |        | mul_ln19_28 | mul | dsp_slice | 3       |
|    mac_muladd_8ns_8s_20s_20_4_1_U62           | 1   |        | add_ln19_28 | add | dsp_slice | 3       |
|    mac_muladd_8ns_8s_20s_20_4_1_U13           | 1   |        | mul_ln19_29 | mul | dsp_slice | 3       |
|    mac_muladd_8ns_8s_20s_20_4_1_U13           | 1   |        | add_ln19_29 | add | dsp_slice | 3       |
|    mac_muladd_8ns_8s_20s_20_4_1_U14           | 1   |        | mul_ln19_30 | mul | dsp_slice | 3       |
|    mac_muladd_8ns_8s_20s_20_4_1_U14           | 1   |        | add_ln19_30 | add | dsp_slice | 3       |
|    mac_muladd_8ns_8s_20s_20_4_1_U15           | 1   |        | mul_ln19_31 | mul | dsp_slice | 3       |
|    mac_muladd_8ns_8s_20s_20_4_1_U15           | 1   |        | add_ln19_31 | add | dsp_slice | 3       |
|    mac_muladd_8ns_8s_20s_20_4_1_U16           | 1   |        | mul_ln19_32 | mul | dsp_slice | 3       |
|    mac_muladd_8ns_8s_20s_20_4_1_U16           | 1   |        | add_ln19_32 | add | dsp_slice | 3       |
|    mac_muladd_8ns_8s_20s_20_4_1_U17           | 1   |        | mul_ln19_33 | mul | dsp_slice | 3       |
|    mac_muladd_8ns_8s_20s_20_4_1_U17           | 1   |        | add_ln19_33 | add | dsp_slice | 3       |
|    mac_muladd_8ns_8s_20s_20_4_1_U18           | 1   |        | mul_ln19_34 | mul | dsp_slice | 3       |
|    mac_muladd_8ns_8s_20s_20_4_1_U18           | 1   |        | add_ln19_34 | add | dsp_slice | 3       |
|    mac_muladd_8ns_8s_20s_20_4_1_U19           | 1   |        | mul_ln19_35 | mul | dsp_slice | 3       |
|    mac_muladd_8ns_8s_20s_20_4_1_U19           | 1   |        | add_ln19_35 | add | dsp_slice | 3       |
|    mac_muladd_8ns_8s_20s_20_4_1_U82           | 1   |        | mul_ln19_36 | mul | dsp_slice | 3       |
|    mac_muladd_8ns_8s_20s_20_4_1_U82           | 1   |        | add_ln19_36 | add | dsp_slice | 3       |
|    mac_muladd_8ns_8s_20s_20_4_1_U64           | 1   |        | mul_ln19_37 | mul | dsp_slice | 3       |
|    mac_muladd_8ns_8s_20s_20_4_1_U64           | 1   |        | add_ln19_37 | add | dsp_slice | 3       |
|    mac_muladd_8ns_8s_20s_20_4_1_U20           | 1   |        | mul_ln19_38 | mul | dsp_slice | 3       |
|    mac_muladd_8ns_8s_20s_20_4_1_U20           | 1   |        | add_ln19_38 | add | dsp_slice | 3       |
|    mac_muladd_8ns_8s_20s_20_4_1_U21           | 1   |        | mul_ln19_39 | mul | dsp_slice | 3       |
|    mac_muladd_8ns_8s_20s_20_4_1_U21           | 1   |        | add_ln19_39 | add | dsp_slice | 3       |
|    mac_muladd_8ns_8s_20s_20_4_1_U22           | 1   |        | mul_ln19_40 | mul | dsp_slice | 3       |
|    mac_muladd_8ns_8s_20s_20_4_1_U22           | 1   |        | add_ln19_40 | add | dsp_slice | 3       |
|    mac_muladd_8ns_8s_20s_20_4_1_U23           | 1   |        | mul_ln19_41 | mul | dsp_slice | 3       |
|    mac_muladd_8ns_8s_20s_20_4_1_U23           | 1   |        | add_ln19_41 | add | dsp_slice | 3       |
|    mac_muladd_8ns_8s_20s_20_4_1_U24           | 1   |        | mul_ln19_42 | mul | dsp_slice | 3       |
|    mac_muladd_8ns_8s_20s_20_4_1_U24           | 1   |        | add_ln19_42 | add | dsp_slice | 3       |
|    mac_muladd_8ns_8s_20s_20_4_1_U25           | 1   |        | mul_ln19_43 | mul | dsp_slice | 3       |
|    mac_muladd_8ns_8s_20s_20_4_1_U25           | 1   |        | add_ln19_43 | add | dsp_slice | 3       |
|    mac_muladd_8ns_8s_20s_20_4_1_U26           | 1   |        | mul_ln19_44 | mul | dsp_slice | 3       |
|    mac_muladd_8ns_8s_20s_20_4_1_U26           | 1   |        | add_ln19_44 | add | dsp_slice | 3       |
|    mac_muladd_8ns_8s_20s_20_4_1_U83           | 1   |        | mul_ln19_45 | mul | dsp_slice | 3       |
|    mac_muladd_8ns_8s_20s_20_4_1_U83           | 1   |        | add_ln19_45 | add | dsp_slice | 3       |
|    mac_muladd_8ns_8s_20s_20_4_1_U66           | 1   |        | mul_ln19_46 | mul | dsp_slice | 3       |
|    mac_muladd_8ns_8s_20s_20_4_1_U66           | 1   |        | add_ln19_46 | add | dsp_slice | 3       |
|    mac_muladd_8ns_8s_20s_20_4_1_U27           | 1   |        | mul_ln19_47 | mul | dsp_slice | 3       |
|    mac_muladd_8ns_8s_20s_20_4_1_U27           | 1   |        | add_ln19_47 | add | dsp_slice | 3       |
|    mac_muladd_8ns_8s_20s_20_4_1_U28           | 1   |        | mul_ln19_48 | mul | dsp_slice | 3       |
|    mac_muladd_8ns_8s_20s_20_4_1_U28           | 1   |        | add_ln19_48 | add | dsp_slice | 3       |
|    mac_muladd_8ns_8s_20s_20_4_1_U29           | 1   |        | mul_ln19_49 | mul | dsp_slice | 3       |
|    mac_muladd_8ns_8s_20s_20_4_1_U29           | 1   |        | add_ln19_49 | add | dsp_slice | 3       |
|    mac_muladd_8ns_8s_20s_20_4_1_U30           | 1   |        | mul_ln19_50 | mul | dsp_slice | 3       |
|    mac_muladd_8ns_8s_20s_20_4_1_U30           | 1   |        | add_ln19_50 | add | dsp_slice | 3       |
|    mac_muladd_8ns_8s_20s_20_4_1_U31           | 1   |        | mul_ln19_51 | mul | dsp_slice | 3       |
|    mac_muladd_8ns_8s_20s_20_4_1_U31           | 1   |        | add_ln19_51 | add | dsp_slice | 3       |
|    mac_muladd_8ns_8s_20s_20_4_1_U32           | 1   |        | mul_ln19_52 | mul | dsp_slice | 3       |
|    mac_muladd_8ns_8s_20s_20_4_1_U32           | 1   |        | add_ln19_52 | add | dsp_slice | 3       |
|    mac_muladd_8ns_8s_20s_20_4_1_U33           | 1   |        | mul_ln19_53 | mul | dsp_slice | 3       |
|    mac_muladd_8ns_8s_20s_20_4_1_U33           | 1   |        | add_ln19_53 | add | dsp_slice | 3       |
|    mac_muladd_8ns_8s_20s_20_4_1_U85           | 1   |        | mul_ln19_54 | mul | dsp_slice | 3       |
|    mac_muladd_8ns_8s_20s_20_4_1_U85           | 1   |        | add_ln19_54 | add | dsp_slice | 3       |
|    mac_muladd_8ns_8s_20s_20_4_1_U69           | 1   |        | mul_ln19_55 | mul | dsp_slice | 3       |
|    mac_muladd_8ns_8s_20s_20_4_1_U69           | 1   |        | add_ln19_55 | add | dsp_slice | 3       |
|    mac_muladd_8ns_8s_20s_20_4_1_U48           | 1   |        | mul_ln19_56 | mul | dsp_slice | 3       |
|    mac_muladd_8ns_8s_20s_20_4_1_U48           | 1   |        | add_ln19_56 | add | dsp_slice | 3       |
|    mac_muladd_8ns_8s_20s_20_4_1_U34           | 1   |        | mul_ln19_57 | mul | dsp_slice | 3       |
|    mac_muladd_8ns_8s_20s_20_4_1_U34           | 1   |        | add_ln19_57 | add | dsp_slice | 3       |
|    mac_muladd_8ns_8s_20s_20_4_1_U35           | 1   |        | mul_ln19_58 | mul | dsp_slice | 3       |
|    mac_muladd_8ns_8s_20s_20_4_1_U35           | 1   |        | add_ln19_58 | add | dsp_slice | 3       |
|    mac_muladd_8ns_8s_20s_20_4_1_U36           | 1   |        | mul_ln19_59 | mul | dsp_slice | 3       |
|    mac_muladd_8ns_8s_20s_20_4_1_U36           | 1   |        | add_ln19_59 | add | dsp_slice | 3       |
|    mac_muladd_8ns_8s_20s_20_4_1_U37           | 1   |        | mul_ln19_60 | mul | dsp_slice | 3       |
|    mac_muladd_8ns_8s_20s_20_4_1_U37           | 1   |        | add_ln19_60 | add | dsp_slice | 3       |
|    mac_muladd_8ns_8s_20s_20_4_1_U38           | 1   |        | mul_ln19_61 | mul | dsp_slice | 3       |
|    mac_muladd_8ns_8s_20s_20_4_1_U38           | 1   |        | add_ln19_61 | add | dsp_slice | 3       |
|    mac_muladd_8ns_8s_20s_20_4_1_U39           | 1   |        | mul_ln19_62 | mul | dsp_slice | 3       |
|    mac_muladd_8ns_8s_20s_20_4_1_U39           | 1   |        | add_ln19_62 | add | dsp_slice | 3       |
|    mac_muladd_8ns_8s_20s_20_4_1_U89           | 1   |        | mul_ln19_63 | mul | dsp_slice | 3       |
|    mac_muladd_8ns_8s_20s_20_4_1_U89           | 1   |        | add_ln19_63 | add | dsp_slice | 3       |
|    mac_muladd_8ns_8s_20s_20_4_1_U75           | 1   |        | mul_ln19_64 | mul | dsp_slice | 3       |
|    mac_muladd_8ns_8s_20s_20_4_1_U75           | 1   |        | add_ln19_64 | add | dsp_slice | 3       |
|    mac_muladd_8ns_8s_20s_20_4_1_U59           | 1   |        | mul_ln19_65 | mul | dsp_slice | 3       |
|    mac_muladd_8ns_8s_20s_20_4_1_U59           | 1   |        | add_ln19_65 | add | dsp_slice | 3       |
|    mac_muladd_8ns_8s_20s_20_4_1_U40           | 1   |        | mul_ln19_66 | mul | dsp_slice | 3       |
|    mac_muladd_8ns_8s_20s_20_4_1_U40           | 1   |        | add_ln19_66 | add | dsp_slice | 3       |
|    mac_muladd_8ns_8s_20s_20_4_1_U41           | 1   |        | mul_ln19_67 | mul | dsp_slice | 3       |
|    mac_muladd_8ns_8s_20s_20_4_1_U41           | 1   |        | add_ln19_67 | add | dsp_slice | 3       |
|    mac_muladd_8ns_8s_20s_20_4_1_U42           | 1   |        | mul_ln19_68 | mul | dsp_slice | 3       |
|    mac_muladd_8ns_8s_20s_20_4_1_U42           | 1   |        | add_ln19_68 | add | dsp_slice | 3       |
|    mac_muladd_8ns_8s_20s_20_4_1_U43           | 1   |        | mul_ln19_69 | mul | dsp_slice | 3       |
|    mac_muladd_8ns_8s_20s_20_4_1_U43           | 1   |        | add_ln19_69 | add | dsp_slice | 3       |
|    mac_muladd_8ns_8s_20s_20_4_1_U44           | 1   |        | mul_ln19_70 | mul | dsp_slice | 3       |
|    mac_muladd_8ns_8s_20s_20_4_1_U44           | 1   |        | add_ln19_70 | add | dsp_slice | 3       |
|    mac_muladd_8ns_8s_20s_20_4_1_U45           | 1   |        | mul_ln19_71 | mul | dsp_slice | 3       |
|    mac_muladd_8ns_8s_20s_20_4_1_U45           | 1   |        | add_ln19_71 | add | dsp_slice | 3       |
|    mac_muladd_8ns_8s_20s_20_4_1_U90           | 1   |        | mul_ln19_72 | mul | dsp_slice | 3       |
|    mac_muladd_8ns_8s_20s_20_4_1_U90           | 1   |        | add_ln19_72 | add | dsp_slice | 3       |
|    mac_muladd_8ns_8s_20s_20_4_1_U76           | 1   |        | mul_ln19_73 | mul | dsp_slice | 3       |
|    mac_muladd_8ns_8s_20s_20_4_1_U76           | 1   |        | add_ln19_73 | add | dsp_slice | 3       |
|    mac_muladd_8ns_8s_20s_20_4_1_U60           | 1   |        | mul_ln19_74 | mul | dsp_slice | 3       |
|    mac_muladd_8ns_8s_20s_20_4_1_U60           | 1   |        | add_ln19_74 | add | dsp_slice | 3       |
|    mac_muladd_8ns_8s_20s_20_4_1_U49           | 1   |        | mul_ln19_75 | mul | dsp_slice | 3       |
|    mac_muladd_8ns_8s_20s_20_4_1_U49           | 1   |        | add_ln19_75 | add | dsp_slice | 3       |
|    mac_muladd_8ns_8s_20s_20_4_1_U50           | 1   |        | mul_ln19_76 | mul | dsp_slice | 3       |
|    mac_muladd_8ns_8s_20s_20_4_1_U50           | 1   |        | add_ln19_76 | add | dsp_slice | 3       |
|    mac_muladd_8ns_8s_20s_20_4_1_U51           | 1   |        | mul_ln19_77 | mul | dsp_slice | 3       |
|    mac_muladd_8ns_8s_20s_20_4_1_U51           | 1   |        | add_ln19_77 | add | dsp_slice | 3       |
|    mac_muladd_8ns_8s_20s_20_4_1_U52           | 1   |        | mul_ln19_78 | mul | dsp_slice | 3       |
|    mac_muladd_8ns_8s_20s_20_4_1_U52           | 1   |        | add_ln19_78 | add | dsp_slice | 3       |
|    mac_muladd_8ns_8s_20s_20_4_1_U53           | 1   |        | mul_ln19_79 | mul | dsp_slice | 3       |
|    mac_muladd_8ns_8s_20s_20_4_1_U53           | 1   |        | add_ln19_79 | add | dsp_slice | 3       |
|    mac_muladd_8ns_8s_20s_20_4_1_U54           | 1   |        | mul_ln19_80 | mul | dsp_slice | 3       |
|    mac_muladd_8ns_8s_20s_20_4_1_U54           | 1   |        | add_ln19_80 | add | dsp_slice | 3       |
|  + sa_store                                   | 0   |        |             |     |           |         |
|    empty_27_fu_1065_p2                        |     |        | empty_27    | add | fabric    | 0       |
|    empty_30_fu_1182_p2                        |     |        | empty_30    | add | fabric    | 0       |
|    empty_33_fu_1302_p2                        |     |        | empty_33    | sub | fabric    | 0       |
|    empty_34_fu_1312_p2                        |     |        | empty_34    | add | fabric    | 0       |
|    empty_37_fu_1421_p2                        |     |        | empty_37    | add | fabric    | 0       |
|    empty_40_fu_1436_p2                        |     |        | empty_40    | add | fabric    | 0       |
|    empty_43_fu_1654_p2                        |     |        | empty_43    | sub | fabric    | 0       |
|    empty_44_fu_1664_p2                        |     |        | empty_44    | add | fabric    | 0       |
|    empty_47_fu_1679_p2                        |     |        | empty_47    | sub | fabric    | 0       |
|    empty_48_fu_1689_p2                        |     |        | empty_48    | add | fabric    | 0       |
|    empty_51_fu_1704_p2                        |     |        | empty_51    | add | fabric    | 0       |
+-----------------------------------------------+-----+--------+-------------+-----+-----------+---------+


================================================================
== Storage Report
================================================================
+--------------------+-----------+-----------+------+------+--------+----------+------+---------+------------------+
| Name               | Usage     | Type      | BRAM | URAM | Pragma | Variable | Impl | Latency | Bitwidth, Depth, |
|                    |           |           |      |      |        |          |      |         | Banks            |
+--------------------+-----------+-----------+------+------+--------+----------+------+---------+------------------+
| + mxm_execute_ursa |           |           | 8    | 0    |        |          |      |         |                  |
|   ap_s_axi_U       | interface | s_axilite |      |      |        |          |      |         |                  |
|   control_s_axi_U  | interface | s_axilite |      |      |        |          |      |         |                  |
|   aw_m_axi_U       | interface | m_axi     | 2    |      |        |          |      |         |                  |
|   bi_m_axi_U       | interface | m_axi     | 2    |      |        |          |      |         |                  |
|   ca_m_axi_U       | interface | m_axi     | 4    |      |        |          |      |         |                  |
+--------------------+-----------+-----------+------+------+--------+----------+------+---------+------------------+


================================================================
== Pragma Report
================================================================
* Ignored Pragmas
+-------------+---------+-----------------------------------------------------------------+----------------------------+
| Type        | Options | Location                                                        | Messages                   |
+-------------+---------+-----------------------------------------------------------------+----------------------------+
| loop_flatte |         | ../../../src/im2col/im2col.cpp:114 in populate_bi_with_im2col_2 | unknown HLS pragma ignored |
+-------------+---------+-----------------------------------------------------------------+----------------------------+

* Pragmas with Warnings
+----------+---------+-----------------------------------------------------+--------------------------------------------------------------+
| Type     | Options | Location                                            | Messages                                                     |
+----------+---------+-----------------------------------------------------+--------------------------------------------------------------+
| unroll   |         | ../../../src/core/pe.cpp:16 in pe_compute           | '#pragma HLS unroll' can only be applied inside loop body    |
| dataflow |         | ../../../src/core/shell.cpp:262 in mxm_execute_ursa | Only 'for' loop or function body support the dataflow pragma |
+----------+---------+-----------------------------------------------------+--------------------------------------------------------------+

* Valid Pragma Syntax
+-----------------+--------------------------------------------------------------------------------------------------------------------------------------------------------------+-----------------------------------------------------------------+
| Type            | Options                                                                                                                                                      | Location                                                        |
+-----------------+--------------------------------------------------------------------------------------------------------------------------------------------------------------+-----------------------------------------------------------------+
| array_partition | variable=sa->pe complete                                                                                                                                     | ../../../src/core/sa.cpp:8 in sa_init, sa->pe                   |
| array_partition | variable=sa->in_mtx_a_li complete                                                                                                                            | ../../../src/core/sa.cpp:9 in sa_init, sa->in_mtx_a_li          |
| array_partition | variable=sa->in_mtx_b_tw complete                                                                                                                            | ../../../src/core/sa.cpp:10 in sa_init, sa->in_mtx_b_tw         |
| pipeline        | II=1                                                                                                                                                         | ../../../src/core/sa.cpp:14 in sa_init                          |
| unroll          |                                                                                                                                                              | ../../../src/core/sa.cpp:17 in sa_init                          |
| unroll          |                                                                                                                                                              | ../../../src/core/sa.cpp:19 in sa_init                          |
| pipeline        | II=1                                                                                                                                                         | ../../../src/core/sa.cpp:26 in sa_reset                         |
| unroll          |                                                                                                                                                              | ../../../src/core/sa.cpp:29 in sa_reset                         |
| unroll          |                                                                                                                                                              | ../../../src/core/sa.cpp:31 in sa_reset                         |
| dependence      | variable=sa->in_mtx_a_li inter false                                                                                                                         | ../../../src/core/sa.cpp:38 in sa_input_a_b, sa->in_mtx_a_li    |
| dependence      | variable=sa->in_mtx_b_tw inter false                                                                                                                         | ../../../src/core/sa.cpp:39 in sa_input_a_b, sa->in_mtx_b_tw    |
| pipeline        | II=1                                                                                                                                                         | ../../../src/core/sa.cpp:48 in sa_compute                       |
| unroll          |                                                                                                                                                              | ../../../src/core/sa.cpp:52 in sa_compute                       |
| unroll          |                                                                                                                                                              | ../../../src/core/sa.cpp:59 in sa_compute                       |
| unroll          |                                                                                                                                                              | ../../../src/core/sa.cpp:61 in sa_compute                       |
| unroll          |                                                                                                                                                              | ../../../src/core/sa.cpp:68 in sa_compute                       |
| unroll          |                                                                                                                                                              | ../../../src/core/sa.cpp:70 in sa_compute                       |
| unroll          |                                                                                                                                                              | ../../../src/core/sa.cpp:77 in sa_compute                       |
| unroll          |                                                                                                                                                              | ../../../src/core/sa.cpp:79 in sa_compute                       |
| pipeline        | II=1                                                                                                                                                         | ../../../src/core/sa.cpp:86 in sa_store                         |
| unroll          |                                                                                                                                                              | ../../../src/core/sa.cpp:89 in sa_store                         |
| unroll          |                                                                                                                                                              | ../../../src/core/sa.cpp:91 in sa_store                         |
| pipeline        | II=1                                                                                                                                                         | ../../../src/core/shell.cpp:11 in fill_inputs_a                 |
| unroll          |                                                                                                                                                              | ../../../src/core/shell.cpp:13 in fill_inputs_a                 |
| pipeline        | II=1                                                                                                                                                         | ../../../src/core/shell.cpp:39 in fill_inputs_b                 |
| unroll          |                                                                                                                                                              | ../../../src/core/shell.cpp:41 in fill_inputs_b                 |
| pipeline        | II=1                                                                                                                                                         | ../../../src/core/shell.cpp:61 in load_inputs_sa                |
| unroll          | factor=9                                                                                                                                                     | ../../../src/core/shell.cpp:64 in load_inputs_sa                |
| interface       | mode=m_axi port=casted_a0 bundle=aw offset=slave num_read_outstanding=8 num_write_outstanding=8 max_read_burst_length=64 max_write_burst_length=16 depth=200 | ../../../src/core/shell.cpp:201 in mxm_execute_ursa, casted_a0  |
| interface       | mode=m_axi port=casted_c0 bundle=ca offset=slave num_read_outstanding=8 num_write_outstanding=8 max_read_burst_length=64 max_write_burst_length=16 depth=200 | ../../../src/core/shell.cpp:205 in mxm_execute_ursa, casted_c0  |
| interface       | mode=s_axilite port=return bundle=ap register                                                                                                                | ../../../src/core/shell.cpp:209 in mxm_execute_ursa, return     |
| interface       | mode=s_axilite port=a0_p bundle=ap register                                                                                                                  | ../../../src/core/shell.cpp:210 in mxm_execute_ursa, a0_p       |
| interface       | mode=s_axilite port=b0_q bundle=ap register                                                                                                                  | ../../../src/core/shell.cpp:211 in mxm_execute_ursa, b0_q       |
| interface       | mode=s_axilite port=m bundle=ap register                                                                                                                     | ../../../src/core/shell.cpp:212 in mxm_execute_ursa, m          |
| interface       | mode=m_axi port=casted_b0 bundle=bi offset=slave num_read_outstanding=8 num_write_outstanding=8 max_read_burst_length=64 max_write_burst_length=16 depth=200 | ../../../src/core/shell.cpp:226 in mxm_execute_ursa, casted_b0  |
| array_partition | variable=in_a complete dim=1                                                                                                                                 | ../../../src/core/shell.cpp:245 in mxm_execute_ursa, in_a       |
| array_partition | variable=in_b complete dim=1                                                                                                                                 | ../../../src/core/shell.cpp:248 in mxm_execute_ursa, in_b       |
| array_partition | variable=sa complete dim=1                                                                                                                                   | ../../../src/core/shell.cpp:259 in mxm_execute_ursa, sa         |
| pipeline        | II=1                                                                                                                                                         | ../../../src/core/shell.cpp:285 in mxm_execute_ursa             |
| pipeline        | II=1                                                                                                                                                         | ../../../src/im2col/im2col.cpp:126 in populate_bi_with_im2col_2 |
| pipeline        | II=1                                                                                                                                                         | ../../../src/im2col/im2col.cpp:138 in populate_bi_with_im2col_2 |
+-----------------+--------------------------------------------------------------------------------------------------------------------------------------------------------------+-----------------------------------------------------------------+


