

================================================================
== Vitis HLS Report for 'mxm_execute_ursa'
================================================================
* Date:           Wed Jul  8 16:48:55 2026

* Version:        2023.2 (Build 4023990 on Oct 11 2023)
* Project:        hls_ursa
* Solution:       hls (Vivado IP Flow Target)
* Product family: zynq
* Target device:  xc7z020-clg484-1


================================================================
== Performance Estimates
================================================================
+ Timing: 
    * Summary: 
    +--------+----------+----------+------------+
    |  Clock |  Target  | Estimated| Uncertainty|
    +--------+----------+----------+------------+
    |ap_clk  |  10.00 ns|  7.300 ns|     2.70 ns|
    +--------+----------+----------+------------+

+ Latency: 
    * Summary: 
    +---------+----------------+-----------+-------------+-----+----------------+---------+
    |     Latency (cycles)     |    Latency (absolute)   |       Interval       | Pipeline|
    |   min   |       max      |    min    |     max     | min |       max      |   Type  |
    +---------+----------------+-----------+-------------+-----+----------------+---------+
    |        3|  31285492908231|  30.000 ns|  3.1e+05 sec|    4|  31285492908232|       no|
    +---------+----------------+-----------+-------------+-----+----------------+---------+

    + Detail: 
        * Instance: 
        +-------------------------------------------------------+--------------------------------------------+---------+---------+----------+----------+-----+--------+---------+
        |                                                       |                                            |  Latency (cycles) |  Latency (absolute) |   Interval   | Pipeline|
        |                        Instance                       |                   Module                   |   min   |   max   |    min   |    max   | min |   max  |   Type  |
        +-------------------------------------------------------+--------------------------------------------+---------+---------+----------+----------+-----+--------+---------+
        |grp_mxm_execute_ursa_Pipeline_VITIS_LOOP_284_3_fu_618  |mxm_execute_ursa_Pipeline_VITIS_LOOP_284_3  |      166|   589981|  1.660 us|  5.900 ms|  166|  589981|       no|
        |grp_sa_store_fu_1089                                   |sa_store                                    |       86|       86|  0.860 us|  0.860 us|   81|      81|      yes|
        |call_ln302_sa_reset_fu_1259                            |sa_reset                                    |        0|        0|      0 ns|      0 ns|    1|       1|      yes|
        +-------------------------------------------------------+--------------------------------------------+---------+---------+----------+----------+-----+--------+---------+

        * Loop: 
        +-------------------------------------+---------+----------------+--------------+-----------+-----------+--------------+----------+
        |                                     |     Latency (cycles)     |   Iteration  |  Initiation Interval  |     Trip     |          |
        |              Loop Name              |   min   |       max      |    Latency   |  achieved |   target  |     Count    | Pipelined|
        +-------------------------------------+---------+----------------+--------------+-----------+-----------+--------------+----------+
        |- VITIS_LOOP_267_1_VITIS_LOOP_268_2  |        0|  31285492908228|  333 ~ 590148|          -|          -|  0 ~ 53012961|        no|
        +-------------------------------------+---------+----------------+--------------+-----------+-----------+--------------+----------+



================================================================
== Utilization Estimates
================================================================
* Summary: 
+-----------------+---------+-----+--------+-------+-----+
|       Name      | BRAM_18K| DSP |   FF   |  LUT  | URAM|
+-----------------+---------+-----+--------+-------+-----+
|DSP              |        -|    1|       -|      -|    -|
|Expression       |        -|    -|       0|    282|    -|
|FIFO             |        -|    -|       -|      -|    -|
|Instance         |        8|   94|    7336|   9433|    -|
|Memory           |        -|    -|       -|      -|    -|
|Multiplexer      |        -|    -|       -|   1758|    -|
|Register         |        -|    -|    2230|      -|    -|
+-----------------+---------+-----+--------+-------+-----+
|Total            |        8|   95|    9566|  11473|    0|
+-----------------+---------+-----+--------+-------+-----+
|Available        |      280|  220|  106400|  53200|    0|
+-----------------+---------+-----+--------+-------+-----+
|Utilization (%)  |        2|   43|       8|     21|    0|
+-----------------+---------+-----+--------+-------+-----+

+ Detail: 
    * Instance: 
    +-------------------------------------------------------+--------------------------------------------+---------+----+------+------+-----+
    |                        Instance                       |                   Module                   | BRAM_18K| DSP|  FF  |  LUT | URAM|
    +-------------------------------------------------------+--------------------------------------------+---------+----+------+------+-----+
    |ap_s_axi_U                                             |ap_s_axi                                    |        0|   0|   110|   152|    0|
    |aw_m_axi_U                                             |aw_m_axi                                    |        2|   0|   866|   853|    0|
    |bi_m_axi_U                                             |bi_m_axi                                    |        2|   0|   866|   853|    0|
    |ca_m_axi_U                                             |ca_m_axi                                    |        4|   0|   830|   733|    0|
    |control_s_axi_U                                        |control_s_axi                               |        0|   0|   144|   232|    0|
    |mul_13ns_13ns_26_1_1_U357                              |mul_13ns_13ns_26_1_1                        |        0|   1|     0|     6|    0|
    |mul_16ns_16ns_32_1_1_U358                              |mul_16ns_16ns_32_1_1                        |        0|   1|     0|     6|    0|
    |mul_16ns_18ns_33_1_1_U355                              |mul_16ns_18ns_33_1_1                        |        0|   1|     0|     6|    0|
    |mul_16ns_18ns_33_1_1_U356                              |mul_16ns_18ns_33_1_1                        |        0|   1|     0|     6|    0|
    |grp_mxm_execute_ursa_Pipeline_VITIS_LOOP_284_3_fu_618  |mxm_execute_ursa_Pipeline_VITIS_LOOP_284_3  |        0|  90|  4053|  5196|    0|
    |call_ln302_sa_reset_fu_1259                            |sa_reset                                    |        0|   0|     0|     0|    0|
    |grp_sa_store_fu_1089                                   |sa_store                                    |        0|   0|   467|  1390|    0|
    +-------------------------------------------------------+--------------------------------------------+---------+----+------+------+-----+
    |Total                                                  |                                            |        8|  94|  7336|  9433|    0|
    +-------------------------------------------------------+--------------------------------------------+---------+----+------+------+-----+

    * DSP: 
    +---------------------------------------+----------------------------------+--------------+
    |                Instance               |              Module              |  Expression  |
    +---------------------------------------+----------------------------------+--------------+
    |mac_muladd_16ns_16ns_16ns_30_4_1_U359  |mac_muladd_16ns_16ns_16ns_30_4_1  |  i0 + i1 * i2|
    +---------------------------------------+----------------------------------+--------------+

    * Memory: 
    N/A

    * FIFO: 
    N/A

    * Expression: 
    +---------------------------+----------+----+---+----+------------+------------+
    |       Variable Name       | Operation| DSP| FF| LUT| Bitwidth P0| Bitwidth P1|
    +---------------------------+----------+----+---+----+------------+------------+
    |add_ln267_1_fu_1558_p2     |         +|   0|  0|  14|          13|           1|
    |add_ln267_fu_1536_p2       |         +|   0|  0|  33|          26|           1|
    |add_ln268_fu_1602_p2       |         +|   0|  0|  14|          13|           1|
    |add_ln270_fu_1641_p2       |         +|   0|  0|  23|          16|          16|
    |addr_sa_c_fu_1657_p2       |         +|   0|  0|  39|          32|          32|
    |empty_fu_1525_p2           |         +|   0|  0|  23|          16|          16|
    |p_mid1_fu_1576_p2          |         +|   0|  0|  23|          16|          16|
    |sub24_fu_1483_p2           |         +|   0|  0|  24|          17|           5|
    |icmp_ln267_fu_1531_p2      |      icmp|   0|  0|  33|          26|          26|
    |icmp_ln268_fu_1545_p2      |      icmp|   0|  0|  14|          13|          13|
    |select_ln267_1_fu_1582_p3  |    select|   0|  0|  16|           1|          16|
    |select_ln267_2_fu_1594_p3  |    select|   0|  0|  13|           1|          13|
    |select_ln267_fu_1550_p3    |    select|   0|  0|  13|           1|           1|
    +---------------------------+----------+----+---+----+------------+------------+
    |Total                      |          |   0|  0| 282|         191|         157|
    +---------------------------+----------+----+---+----+------------+------------+

    * Multiplexer: 
    +--------------------------------------------------------------------------------+-----+-----------+-----+-----------+
    |                                      Name                                      | LUT | Input Size| Bits| Total Bits|
    +--------------------------------------------------------------------------------+-----+-----------+-----+-----------+
    |ap_NS_fsm                                                                       |  912|        171|    1|        171|
    |aw_ARVALID                                                                      |    9|          2|    1|          2|
    |aw_RREADY                                                                       |    9|          2|    1|          2|
    |bi_ARVALID                                                                      |    9|          2|    1|          2|
    |bi_RREADY                                                                       |    9|          2|    1|          2|
    |ca_AWVALID                                                                      |    9|          2|    1|          2|
    |ca_BREADY                                                                       |    9|          2|    1|          2|
    |ca_WVALID                                                                       |    9|          2|    1|          2|
    |ca_blk_n_AW                                                                     |    9|          2|    1|          2|
    |ca_blk_n_B                                                                      |    9|          2|    1|          2|
    |ca_blk_n_W                                                                      |    9|          2|    1|          2|
    |i_fu_574                                                                        |    9|          2|   13|         26|
    |indvar_flatten_fu_578                                                           |    9|          2|   26|         52|
    |j_fu_570                                                                        |    9|          2|   13|         26|
    |mxm_execute_ursa_signed_char_unsigned_short_unsigned_char_unsigned_short_i      |    9|          2|   20|         40|
    |mxm_execute_ursa_signed_char_unsigned_short_unsigned_char_unsigned_short_i_1    |    9|          2|   20|         40|
    |mxm_execute_ursa_signed_char_unsigned_short_unsigned_char_unsigned_short_i_10   |    9|          2|   20|         40|
    |mxm_execute_ursa_signed_char_unsigned_short_unsigned_char_unsigned_short_i_11   |    9|          2|   20|         40|
    |mxm_execute_ursa_signed_char_unsigned_short_unsigned_char_unsigned_short_i_12   |    9|          2|   20|         40|
    |mxm_execute_ursa_signed_char_unsigned_short_unsigned_char_unsigned_short_i_13   |    9|          2|   20|         40|
    |mxm_execute_ursa_signed_char_unsigned_short_unsigned_char_unsigned_short_i_14   |    9|          2|   20|         40|
    |mxm_execute_ursa_signed_char_unsigned_short_unsigned_char_unsigned_short_i_15   |    9|          2|   20|         40|
    |mxm_execute_ursa_signed_char_unsigned_short_unsigned_char_unsigned_short_i_16   |    9|          2|   20|         40|
    |mxm_execute_ursa_signed_char_unsigned_short_unsigned_char_unsigned_short_i_17   |    9|          2|   20|         40|
    |mxm_execute_ursa_signed_char_unsigned_short_unsigned_char_unsigned_short_i_18   |    9|          2|   20|         40|
    |mxm_execute_ursa_signed_char_unsigned_short_unsigned_char_unsigned_short_i_19   |    9|          2|   20|         40|
    |mxm_execute_ursa_signed_char_unsigned_short_unsigned_char_unsigned_short_i_2    |    9|          2|   20|         40|
    |mxm_execute_ursa_signed_char_unsigned_short_unsigned_char_unsigned_short_i_20   |    9|          2|   20|         40|
    |mxm_execute_ursa_signed_char_unsigned_short_unsigned_char_unsigned_short_i_21   |    9|          2|   20|         40|
    |mxm_execute_ursa_signed_char_unsigned_short_unsigned_char_unsigned_short_i_22   |    9|          2|   20|         40|
    |mxm_execute_ursa_signed_char_unsigned_short_unsigned_char_unsigned_short_i_224  |    9|          2|   20|         40|
    |mxm_execute_ursa_signed_char_unsigned_short_unsigned_char_unsigned_short_i_225  |    9|          2|   20|         40|
    |mxm_execute_ursa_signed_char_unsigned_short_unsigned_char_unsigned_short_i_226  |    9|          2|   20|         40|
    |mxm_execute_ursa_signed_char_unsigned_short_unsigned_char_unsigned_short_i_227  |    9|          2|   20|         40|
    |mxm_execute_ursa_signed_char_unsigned_short_unsigned_char_unsigned_short_i_228  |    9|          2|   20|         40|
    |mxm_execute_ursa_signed_char_unsigned_short_unsigned_char_unsigned_short_i_229  |    9|          2|   20|         40|
    |mxm_execute_ursa_signed_char_unsigned_short_unsigned_char_unsigned_short_i_23   |    9|          2|   20|         40|
    |mxm_execute_ursa_signed_char_unsigned_short_unsigned_char_unsigned_short_i_230  |    9|          2|   20|         40|
    |mxm_execute_ursa_signed_char_unsigned_short_unsigned_char_unsigned_short_i_231  |    9|          2|   20|         40|
    |mxm_execute_ursa_signed_char_unsigned_short_unsigned_char_unsigned_short_i_232  |    9|          2|   20|         40|
    |mxm_execute_ursa_signed_char_unsigned_short_unsigned_char_unsigned_short_i_24   |    9|          2|   20|         40|
    |mxm_execute_ursa_signed_char_unsigned_short_unsigned_char_unsigned_short_i_249  |    9|          2|   20|         40|
    |mxm_execute_ursa_signed_char_unsigned_short_unsigned_char_unsigned_short_i_25   |    9|          2|   20|         40|
    |mxm_execute_ursa_signed_char_unsigned_short_unsigned_char_unsigned_short_i_26   |    9|          2|   20|         40|
    |mxm_execute_ursa_signed_char_unsigned_short_unsigned_char_unsigned_short_i_27   |    9|          2|   20|         40|
    |mxm_execute_ursa_signed_char_unsigned_short_unsigned_char_unsigned_short_i_28   |    9|          2|   20|         40|
    |mxm_execute_ursa_signed_char_unsigned_short_unsigned_char_unsigned_short_i_29   |    9|          2|   20|         40|
    |mxm_execute_ursa_signed_char_unsigned_short_unsigned_char_unsigned_short_i_3    |    9|          2|   20|         40|
    |mxm_execute_ursa_signed_char_unsigned_short_unsigned_char_unsigned_short_i_30   |    9|          2|   20|         40|
    |mxm_execute_ursa_signed_char_unsigned_short_unsigned_char_unsigned_short_i_31   |    9|          2|   20|         40|
    |mxm_execute_ursa_signed_char_unsigned_short_unsigned_char_unsigned_short_i_32   |    9|          2|   20|         40|
    |mxm_execute_ursa_signed_char_unsigned_short_unsigned_char_unsigned_short_i_33   |    9|          2|   20|         40|
    |mxm_execute_ursa_signed_char_unsigned_short_unsigned_char_unsigned_short_i_333  |    9|          2|   20|         40|
    |mxm_execute_ursa_signed_char_unsigned_short_unsigned_char_unsigned_short_i_34   |    9|          2|   20|         40|
    |mxm_execute_ursa_signed_char_unsigned_short_unsigned_char_unsigned_short_i_35   |    9|          2|   20|         40|
    |mxm_execute_ursa_signed_char_unsigned_short_unsigned_char_unsigned_short_i_36   |    9|          2|   20|         40|
    |mxm_execute_ursa_signed_char_unsigned_short_unsigned_char_unsigned_short_i_37   |    9|          2|   20|         40|
    |mxm_execute_ursa_signed_char_unsigned_short_unsigned_char_unsigned_short_i_38   |    9|          2|   20|         40|
    |mxm_execute_ursa_signed_char_unsigned_short_unsigned_char_unsigned_short_i_39   |    9|          2|   20|         40|
    |mxm_execute_ursa_signed_char_unsigned_short_unsigned_char_unsigned_short_i_4    |    9|          2|   20|         40|
    |mxm_execute_ursa_signed_char_unsigned_short_unsigned_char_unsigned_short_i_40   |    9|          2|   20|         40|
    |mxm_execute_ursa_signed_char_unsigned_short_unsigned_char_unsigned_short_i_41   |    9|          2|   20|         40|
    |mxm_execute_ursa_signed_char_unsigned_short_unsigned_char_unsigned_short_i_42   |    9|          2|   20|         40|
    |mxm_execute_ursa_signed_char_unsigned_short_unsigned_char_unsigned_short_i_43   |    9|          2|   20|         40|
    |mxm_execute_ursa_signed_char_unsigned_short_unsigned_char_unsigned_short_i_44   |    9|          2|   20|         40|
    |mxm_execute_ursa_signed_char_unsigned_short_unsigned_char_unsigned_short_i_45   |    9|          2|   20|         40|
    |mxm_execute_ursa_signed_char_unsigned_short_unsigned_char_unsigned_short_i_46   |    9|          2|   20|         40|
    |mxm_execute_ursa_signed_char_unsigned_short_unsigned_char_unsigned_short_i_47   |    9|          2|   20|         40|
    |mxm_execute_ursa_signed_char_unsigned_short_unsigned_char_unsigned_short_i_48   |    9|          2|   20|         40|
    |mxm_execute_ursa_signed_char_unsigned_short_unsigned_char_unsigned_short_i_49   |    9|          2|   20|         40|
    |mxm_execute_ursa_signed_char_unsigned_short_unsigned_char_unsigned_short_i_5    |    9|          2|   20|         40|
    |mxm_execute_ursa_signed_char_unsigned_short_unsigned_char_unsigned_short_i_50   |    9|          2|   20|         40|
    |mxm_execute_ursa_signed_char_unsigned_short_unsigned_char_unsigned_short_i_51   |    9|          2|   20|         40|
    |mxm_execute_ursa_signed_char_unsigned_short_unsigned_char_unsigned_short_i_52   |    9|          2|   20|         40|
    |mxm_execute_ursa_signed_char_unsigned_short_unsigned_char_unsigned_short_i_53   |    9|          2|   20|         40|
    |mxm_execute_ursa_signed_char_unsigned_short_unsigned_char_unsigned_short_i_54   |    9|          2|   20|         40|
    |mxm_execute_ursa_signed_char_unsigned_short_unsigned_char_unsigned_short_i_55   |    9|          2|   20|         40|
    |mxm_execute_ursa_signed_char_unsigned_short_unsigned_char_unsigned_short_i_56   |    9|          2|   20|         40|
    |mxm_execute_ursa_signed_char_unsigned_short_unsigned_char_unsigned_short_i_57   |    9|          2|   20|         40|
    |mxm_execute_ursa_signed_char_unsigned_short_unsigned_char_unsigned_short_i_58   |    9|          2|   20|         40|
    |mxm_execute_ursa_signed_char_unsigned_short_unsigned_char_unsigned_short_i_59   |    9|          2|   20|         40|
    |mxm_execute_ursa_signed_char_unsigned_short_unsigned_char_unsigned_short_i_6    |    9|          2|   20|         40|
    |mxm_execute_ursa_signed_char_unsigned_short_unsigned_char_unsigned_short_i_60   |    9|          2|   20|         40|
    |mxm_execute_ursa_signed_char_unsigned_short_unsigned_char_unsigned_short_i_61   |    9|          2|   20|         40|
    |mxm_execute_ursa_signed_char_unsigned_short_unsigned_char_unsigned_short_i_62   |    9|          2|   20|         40|
    |mxm_execute_ursa_signed_char_unsigned_short_unsigned_char_unsigned_short_i_63   |    9|          2|   20|         40|
    |mxm_execute_ursa_signed_char_unsigned_short_unsigned_char_unsigned_short_i_64   |    9|          2|   20|         40|
    |mxm_execute_ursa_signed_char_unsigned_short_unsigned_char_unsigned_short_i_65   |    9|          2|   20|         40|
    |mxm_execute_ursa_signed_char_unsigned_short_unsigned_char_unsigned_short_i_66   |    9|          2|   20|         40|
    |mxm_execute_ursa_signed_char_unsigned_short_unsigned_char_unsigned_short_i_67   |    9|          2|   20|         40|
    |mxm_execute_ursa_signed_char_unsigned_short_unsigned_char_unsigned_short_i_68   |    9|          2|   20|         40|
    |mxm_execute_ursa_signed_char_unsigned_short_unsigned_char_unsigned_short_i_69   |    9|          2|   20|         40|
    |mxm_execute_ursa_signed_char_unsigned_short_unsigned_char_unsigned_short_i_7    |    9|          2|   20|         40|
    |mxm_execute_ursa_signed_char_unsigned_short_unsigned_char_unsigned_short_i_8    |    9|          2|   20|         40|
    |mxm_execute_ursa_signed_char_unsigned_short_unsigned_char_unsigned_short_i_9    |    9|          2|   20|         40|
    +--------------------------------------------------------------------------------+-----+-----------+-----+-----------+
    |Total                                                                           | 1758|        359| 1683|       3535|
    +--------------------------------------------------------------------------------+-----+-----------+-----+-----------+

    * Register: 
    +--------------------------------------------------------------------------------+-----+----+-----+-----------+
    |                                      Name                                      |  FF | LUT| Bits| Const Bits|
    +--------------------------------------------------------------------------------+-----+----+-----+-----------+
    |a0_p_0_data_reg                                                                 |   16|   0|   16|          0|
    |a0_p_0_vld_reg                                                                  |    0|   0|    1|          1|
    |add_ln270_reg_1780                                                              |   16|   0|   16|          0|
    |addr_a0_read_reg_1701                                                           |   32|   0|   32|          0|
    |addr_b0_read_reg_1696                                                           |   32|   0|   32|          0|
    |addr_c0_read_reg_1691                                                           |   32|   0|   32|          0|
    |addr_sa_c_reg_1792                                                              |   32|   0|   32|          0|
    |ap_CS_fsm                                                                       |  170|   0|  170|          0|
    |b0_q_0_data_reg                                                                 |   16|   0|   16|          0|
    |b0_q_0_vld_reg                                                                  |    0|   0|    1|          1|
    |b0_q_cast25_reg_1746                                                            |   16|   0|   30|         14|
    |b0_q_read_reg_1718                                                              |   16|   0|   16|          0|
    |bound_reg_1751                                                                  |   26|   0|   26|          0|
    |call_b_cast_reg_1725                                                            |   13|   0|   13|          0|
    |grp_mxm_execute_ursa_Pipeline_VITIS_LOOP_284_3_fu_618_ap_start_reg              |    1|   0|    1|          0|
    |grp_sa_store_fu_1089_ap_start_reg                                               |    1|   0|    1|          0|
    |i_fu_574                                                                        |   13|   0|   13|          0|
    |indvar_flatten_fu_578                                                           |   26|   0|   26|          0|
    |j_fu_570                                                                        |   13|   0|   13|          0|
    |m_0_data_reg                                                                    |   16|   0|   16|          0|
    |m_0_vld_reg                                                                     |    0|   0|    1|          1|
    |m_read_reg_1706                                                                 |   16|   0|   16|          0|
    |mul_ln267_reg_1775                                                              |   32|   0|   32|          0|
    |mxm_execute_ursa_signed_char_unsigned_short_unsigned_char_unsigned_short_i      |   20|   0|   20|          0|
    |mxm_execute_ursa_signed_char_unsigned_short_unsigned_char_unsigned_short_i_1    |   20|   0|   20|          0|
    |mxm_execute_ursa_signed_char_unsigned_short_unsigned_char_unsigned_short_i_10   |   20|   0|   20|          0|
    |mxm_execute_ursa_signed_char_unsigned_short_unsigned_char_unsigned_short_i_11   |   20|   0|   20|          0|
    |mxm_execute_ursa_signed_char_unsigned_short_unsigned_char_unsigned_short_i_12   |   20|   0|   20|          0|
    |mxm_execute_ursa_signed_char_unsigned_short_unsigned_char_unsigned_short_i_13   |   20|   0|   20|          0|
    |mxm_execute_ursa_signed_char_unsigned_short_unsigned_char_unsigned_short_i_14   |   20|   0|   20|          0|
    |mxm_execute_ursa_signed_char_unsigned_short_unsigned_char_unsigned_short_i_15   |   20|   0|   20|          0|
    |mxm_execute_ursa_signed_char_unsigned_short_unsigned_char_unsigned_short_i_16   |   20|   0|   20|          0|
    |mxm_execute_ursa_signed_char_unsigned_short_unsigned_char_unsigned_short_i_17   |   20|   0|   20|          0|
    |mxm_execute_ursa_signed_char_unsigned_short_unsigned_char_unsigned_short_i_18   |   20|   0|   20|          0|
    |mxm_execute_ursa_signed_char_unsigned_short_unsigned_char_unsigned_short_i_19   |   20|   0|   20|          0|
    |mxm_execute_ursa_signed_char_unsigned_short_unsigned_char_unsigned_short_i_2    |   20|   0|   20|          0|
    |mxm_execute_ursa_signed_char_unsigned_short_unsigned_char_unsigned_short_i_20   |   20|   0|   20|          0|
    |mxm_execute_ursa_signed_char_unsigned_short_unsigned_char_unsigned_short_i_21   |   20|   0|   20|          0|
    |mxm_execute_ursa_signed_char_unsigned_short_unsigned_char_unsigned_short_i_22   |   20|   0|   20|          0|
    |mxm_execute_ursa_signed_char_unsigned_short_unsigned_char_unsigned_short_i_224  |   20|   0|   20|          0|
    |mxm_execute_ursa_signed_char_unsigned_short_unsigned_char_unsigned_short_i_225  |   20|   0|   20|          0|
    |mxm_execute_ursa_signed_char_unsigned_short_unsigned_char_unsigned_short_i_226  |   20|   0|   20|          0|
    |mxm_execute_ursa_signed_char_unsigned_short_unsigned_char_unsigned_short_i_227  |   20|   0|   20|          0|
    |mxm_execute_ursa_signed_char_unsigned_short_unsigned_char_unsigned_short_i_228  |   20|   0|   20|          0|
    |mxm_execute_ursa_signed_char_unsigned_short_unsigned_char_unsigned_short_i_229  |   20|   0|   20|          0|
    |mxm_execute_ursa_signed_char_unsigned_short_unsigned_char_unsigned_short_i_23   |   20|   0|   20|          0|
    |mxm_execute_ursa_signed_char_unsigned_short_unsigned_char_unsigned_short_i_230  |   20|   0|   20|          0|
    |mxm_execute_ursa_signed_char_unsigned_short_unsigned_char_unsigned_short_i_231  |   20|   0|   20|          0|
    |mxm_execute_ursa_signed_char_unsigned_short_unsigned_char_unsigned_short_i_232  |   20|   0|   20|          0|
    |mxm_execute_ursa_signed_char_unsigned_short_unsigned_char_unsigned_short_i_24   |   20|   0|   20|          0|
    |mxm_execute_ursa_signed_char_unsigned_short_unsigned_char_unsigned_short_i_249  |   20|   0|   20|          0|
    |mxm_execute_ursa_signed_char_unsigned_short_unsigned_char_unsigned_short_i_25   |   20|   0|   20|          0|
    |mxm_execute_ursa_signed_char_unsigned_short_unsigned_char_unsigned_short_i_26   |   20|   0|   20|          0|
    |mxm_execute_ursa_signed_char_unsigned_short_unsigned_char_unsigned_short_i_27   |   20|   0|   20|          0|
    |mxm_execute_ursa_signed_char_unsigned_short_unsigned_char_unsigned_short_i_28   |   20|   0|   20|          0|
    |mxm_execute_ursa_signed_char_unsigned_short_unsigned_char_unsigned_short_i_29   |   20|   0|   20|          0|
    |mxm_execute_ursa_signed_char_unsigned_short_unsigned_char_unsigned_short_i_3    |   20|   0|   20|          0|
    |mxm_execute_ursa_signed_char_unsigned_short_unsigned_char_unsigned_short_i_30   |   20|   0|   20|          0|
    |mxm_execute_ursa_signed_char_unsigned_short_unsigned_char_unsigned_short_i_31   |   20|   0|   20|          0|
    |mxm_execute_ursa_signed_char_unsigned_short_unsigned_char_unsigned_short_i_32   |   20|   0|   20|          0|
    |mxm_execute_ursa_signed_char_unsigned_short_unsigned_char_unsigned_short_i_33   |   20|   0|   20|          0|
    |mxm_execute_ursa_signed_char_unsigned_short_unsigned_char_unsigned_short_i_333  |   20|   0|   20|          0|
    |mxm_execute_ursa_signed_char_unsigned_short_unsigned_char_unsigned_short_i_34   |   20|   0|   20|          0|
    |mxm_execute_ursa_signed_char_unsigned_short_unsigned_char_unsigned_short_i_35   |   20|   0|   20|          0|
    |mxm_execute_ursa_signed_char_unsigned_short_unsigned_char_unsigned_short_i_36   |   20|   0|   20|          0|
    |mxm_execute_ursa_signed_char_unsigned_short_unsigned_char_unsigned_short_i_37   |   20|   0|   20|          0|
    |mxm_execute_ursa_signed_char_unsigned_short_unsigned_char_unsigned_short_i_38   |   20|   0|   20|          0|
    |mxm_execute_ursa_signed_char_unsigned_short_unsigned_char_unsigned_short_i_39   |   20|   0|   20|          0|
    |mxm_execute_ursa_signed_char_unsigned_short_unsigned_char_unsigned_short_i_4    |   20|   0|   20|          0|
    |mxm_execute_ursa_signed_char_unsigned_short_unsigned_char_unsigned_short_i_40   |   20|   0|   20|          0|
    |mxm_execute_ursa_signed_char_unsigned_short_unsigned_char_unsigned_short_i_41   |   20|   0|   20|          0|
    |mxm_execute_ursa_signed_char_unsigned_short_unsigned_char_unsigned_short_i_42   |   20|   0|   20|          0|
    |mxm_execute_ursa_signed_char_unsigned_short_unsigned_char_unsigned_short_i_43   |   20|   0|   20|          0|
    |mxm_execute_ursa_signed_char_unsigned_short_unsigned_char_unsigned_short_i_44   |   20|   0|   20|          0|
    |mxm_execute_ursa_signed_char_unsigned_short_unsigned_char_unsigned_short_i_45   |   20|   0|   20|          0|
    |mxm_execute_ursa_signed_char_unsigned_short_unsigned_char_unsigned_short_i_46   |   20|   0|   20|          0|
    |mxm_execute_ursa_signed_char_unsigned_short_unsigned_char_unsigned_short_i_47   |   20|   0|   20|          0|
    |mxm_execute_ursa_signed_char_unsigned_short_unsigned_char_unsigned_short_i_48   |   20|   0|   20|          0|
    |mxm_execute_ursa_signed_char_unsigned_short_unsigned_char_unsigned_short_i_49   |   20|   0|   20|          0|
    |mxm_execute_ursa_signed_char_unsigned_short_unsigned_char_unsigned_short_i_5    |   20|   0|   20|          0|
    |mxm_execute_ursa_signed_char_unsigned_short_unsigned_char_unsigned_short_i_50   |   20|   0|   20|          0|
    |mxm_execute_ursa_signed_char_unsigned_short_unsigned_char_unsigned_short_i_51   |   20|   0|   20|          0|
    |mxm_execute_ursa_signed_char_unsigned_short_unsigned_char_unsigned_short_i_52   |   20|   0|   20|          0|
    |mxm_execute_ursa_signed_char_unsigned_short_unsigned_char_unsigned_short_i_53   |   20|   0|   20|          0|
    |mxm_execute_ursa_signed_char_unsigned_short_unsigned_char_unsigned_short_i_54   |   20|   0|   20|          0|
    |mxm_execute_ursa_signed_char_unsigned_short_unsigned_char_unsigned_short_i_55   |   20|   0|   20|          0|
    |mxm_execute_ursa_signed_char_unsigned_short_unsigned_char_unsigned_short_i_56   |   20|   0|   20|          0|
    |mxm_execute_ursa_signed_char_unsigned_short_unsigned_char_unsigned_short_i_57   |   20|   0|   20|          0|
    |mxm_execute_ursa_signed_char_unsigned_short_unsigned_char_unsigned_short_i_58   |   20|   0|   20|          0|
    |mxm_execute_ursa_signed_char_unsigned_short_unsigned_char_unsigned_short_i_59   |   20|   0|   20|          0|
    |mxm_execute_ursa_signed_char_unsigned_short_unsigned_char_unsigned_short_i_6    |   20|   0|   20|          0|
    |mxm_execute_ursa_signed_char_unsigned_short_unsigned_char_unsigned_short_i_60   |   20|   0|   20|          0|
    |mxm_execute_ursa_signed_char_unsigned_short_unsigned_char_unsigned_short_i_61   |   20|   0|   20|          0|
    |mxm_execute_ursa_signed_char_unsigned_short_unsigned_char_unsigned_short_i_62   |   20|   0|   20|          0|
    |mxm_execute_ursa_signed_char_unsigned_short_unsigned_char_unsigned_short_i_63   |   20|   0|   20|          0|
    |mxm_execute_ursa_signed_char_unsigned_short_unsigned_char_unsigned_short_i_64   |   20|   0|   20|          0|
    |mxm_execute_ursa_signed_char_unsigned_short_unsigned_char_unsigned_short_i_65   |   20|   0|   20|          0|
    |mxm_execute_ursa_signed_char_unsigned_short_unsigned_char_unsigned_short_i_66   |   20|   0|   20|          0|
    |mxm_execute_ursa_signed_char_unsigned_short_unsigned_char_unsigned_short_i_67   |   20|   0|   20|          0|
    |mxm_execute_ursa_signed_char_unsigned_short_unsigned_char_unsigned_short_i_68   |   20|   0|   20|          0|
    |mxm_execute_ursa_signed_char_unsigned_short_unsigned_char_unsigned_short_i_69   |   20|   0|   20|          0|
    |mxm_execute_ursa_signed_char_unsigned_short_unsigned_char_unsigned_short_i_7    |   20|   0|   20|          0|
    |mxm_execute_ursa_signed_char_unsigned_short_unsigned_char_unsigned_short_i_8    |   20|   0|   20|          0|
    |mxm_execute_ursa_signed_char_unsigned_short_unsigned_char_unsigned_short_i_9    |   20|   0|   20|          0|
    |select_ln267_1_reg_1765                                                         |   16|   0|   16|          0|
    |select_ln267_reg_1759                                                           |   13|   0|   13|          0|
    |sub24_reg_1736                                                                  |   17|   0|   17|          0|
    |trunc_ln_reg_1731                                                               |   13|   0|   13|          0|
    |zext_ln267_reg_1741                                                             |   16|   0|   32|         16|
    +--------------------------------------------------------------------------------+-----+----+-----+-----------+
    |Total                                                                           | 2230|   0| 2263|         33|
    +--------------------------------------------------------------------------------+-----+----+-----+-----------+



================================================================
== Interface
================================================================
* Summary: 
+-----------------------+-----+-----+------------+------------------+--------------+
|       RTL Ports       | Dir | Bits|  Protocol  |   Source Object  |    C Type    |
+-----------------------+-----+-----+------------+------------------+--------------+
|s_axi_ap_AWVALID       |   in|    1|       s_axi|                ap|        scalar|
|s_axi_ap_AWREADY       |  out|    1|       s_axi|                ap|        scalar|
|s_axi_ap_AWADDR        |   in|    6|       s_axi|                ap|        scalar|
|s_axi_ap_WVALID        |   in|    1|       s_axi|                ap|        scalar|
|s_axi_ap_WREADY        |  out|    1|       s_axi|                ap|        scalar|
|s_axi_ap_WDATA         |   in|   32|       s_axi|                ap|        scalar|
|s_axi_ap_WSTRB         |   in|    4|       s_axi|                ap|        scalar|
|s_axi_ap_ARVALID       |   in|    1|       s_axi|                ap|        scalar|
|s_axi_ap_ARREADY       |  out|    1|       s_axi|                ap|        scalar|
|s_axi_ap_ARADDR        |   in|    6|       s_axi|                ap|        scalar|
|s_axi_ap_RVALID        |  out|    1|       s_axi|                ap|        scalar|
|s_axi_ap_RREADY        |   in|    1|       s_axi|                ap|        scalar|
|s_axi_ap_RDATA         |  out|   32|       s_axi|                ap|        scalar|
|s_axi_ap_RRESP         |  out|    2|       s_axi|                ap|        scalar|
|s_axi_ap_BVALID        |  out|    1|       s_axi|                ap|        scalar|
|s_axi_ap_BREADY        |   in|    1|       s_axi|                ap|        scalar|
|s_axi_ap_BRESP         |  out|    2|       s_axi|                ap|        scalar|
|s_axi_control_AWVALID  |   in|    1|       s_axi|           control|        scalar|
|s_axi_control_AWREADY  |  out|    1|       s_axi|           control|        scalar|
|s_axi_control_AWADDR   |   in|    6|       s_axi|           control|        scalar|
|s_axi_control_WVALID   |   in|    1|       s_axi|           control|        scalar|
|s_axi_control_WREADY   |  out|    1|       s_axi|           control|        scalar|
|s_axi_control_WDATA    |   in|   32|       s_axi|           control|        scalar|
|s_axi_control_WSTRB    |   in|    4|       s_axi|           control|        scalar|
|s_axi_control_ARVALID  |   in|    1|       s_axi|           control|        scalar|
|s_axi_control_ARREADY  |  out|    1|       s_axi|           control|        scalar|
|s_axi_control_ARADDR   |   in|    6|       s_axi|           control|        scalar|
|s_axi_control_RVALID   |  out|    1|       s_axi|           control|        scalar|
|s_axi_control_RREADY   |   in|    1|       s_axi|           control|        scalar|
|s_axi_control_RDATA    |  out|   32|       s_axi|           control|        scalar|
|s_axi_control_RRESP    |  out|    2|       s_axi|           control|        scalar|
|s_axi_control_BVALID   |  out|    1|       s_axi|           control|        scalar|
|s_axi_control_BREADY   |   in|    1|       s_axi|           control|        scalar|
|s_axi_control_BRESP    |  out|    2|       s_axi|           control|        scalar|
|ap_clk                 |   in|    1|  ap_ctrl_hs|  mxm_execute_ursa|  return value|
|ap_rst_n               |   in|    1|  ap_ctrl_hs|  mxm_execute_ursa|  return value|
|interrupt              |  out|    1|  ap_ctrl_hs|  mxm_execute_ursa|  return value|
|m_axi_aw_AWVALID       |  out|    1|       m_axi|                aw|       pointer|
|m_axi_aw_AWREADY       |   in|    1|       m_axi|                aw|       pointer|
|m_axi_aw_AWADDR        |  out|   32|       m_axi|                aw|       pointer|
|m_axi_aw_AWID          |  out|    1|       m_axi|                aw|       pointer|
|m_axi_aw_AWLEN         |  out|    8|       m_axi|                aw|       pointer|
|m_axi_aw_AWSIZE        |  out|    3|       m_axi|                aw|       pointer|
|m_axi_aw_AWBURST       |  out|    2|       m_axi|                aw|       pointer|
|m_axi_aw_AWLOCK        |  out|    2|       m_axi|                aw|       pointer|
|m_axi_aw_AWCACHE       |  out|    4|       m_axi|                aw|       pointer|
|m_axi_aw_AWPROT        |  out|    3|       m_axi|                aw|       pointer|
|m_axi_aw_AWQOS         |  out|    4|       m_axi|                aw|       pointer|
|m_axi_aw_AWREGION      |  out|    4|       m_axi|                aw|       pointer|
|m_axi_aw_AWUSER        |  out|    1|       m_axi|                aw|       pointer|
|m_axi_aw_WVALID        |  out|    1|       m_axi|                aw|       pointer|
|m_axi_aw_WREADY        |   in|    1|       m_axi|                aw|       pointer|
|m_axi_aw_WDATA         |  out|   32|       m_axi|                aw|       pointer|
|m_axi_aw_WSTRB         |  out|    4|       m_axi|                aw|       pointer|
|m_axi_aw_WLAST         |  out|    1|       m_axi|                aw|       pointer|
|m_axi_aw_WID           |  out|    1|       m_axi|                aw|       pointer|
|m_axi_aw_WUSER         |  out|    1|       m_axi|                aw|       pointer|
|m_axi_aw_ARVALID       |  out|    1|       m_axi|                aw|       pointer|
|m_axi_aw_ARREADY       |   in|    1|       m_axi|                aw|       pointer|
|m_axi_aw_ARADDR        |  out|   32|       m_axi|                aw|       pointer|
|m_axi_aw_ARID          |  out|    1|       m_axi|                aw|       pointer|
|m_axi_aw_ARLEN         |  out|    8|       m_axi|                aw|       pointer|
|m_axi_aw_ARSIZE        |  out|    3|       m_axi|                aw|       pointer|
|m_axi_aw_ARBURST       |  out|    2|       m_axi|                aw|       pointer|
|m_axi_aw_ARLOCK        |  out|    2|       m_axi|                aw|       pointer|
|m_axi_aw_ARCACHE       |  out|    4|       m_axi|                aw|       pointer|
|m_axi_aw_ARPROT        |  out|    3|       m_axi|                aw|       pointer|
|m_axi_aw_ARQOS         |  out|    4|       m_axi|                aw|       pointer|
|m_axi_aw_ARREGION      |  out|    4|       m_axi|                aw|       pointer|
|m_axi_aw_ARUSER        |  out|    1|       m_axi|                aw|       pointer|
|m_axi_aw_RVALID        |   in|    1|       m_axi|                aw|       pointer|
|m_axi_aw_RREADY        |  out|    1|       m_axi|                aw|       pointer|
|m_axi_aw_RDATA         |   in|   32|       m_axi|                aw|       pointer|
|m_axi_aw_RLAST         |   in|    1|       m_axi|                aw|       pointer|
|m_axi_aw_RID           |   in|    1|       m_axi|                aw|       pointer|
|m_axi_aw_RUSER         |   in|    1|       m_axi|                aw|       pointer|
|m_axi_aw_RRESP         |   in|    2|       m_axi|                aw|       pointer|
|m_axi_aw_BVALID        |   in|    1|       m_axi|                aw|       pointer|
|m_axi_aw_BREADY        |  out|    1|       m_axi|                aw|       pointer|
|m_axi_aw_BRESP         |   in|    2|       m_axi|                aw|       pointer|
|m_axi_aw_BID           |   in|    1|       m_axi|                aw|       pointer|
|m_axi_aw_BUSER         |   in|    1|       m_axi|                aw|       pointer|
|m_axi_bi_AWVALID       |  out|    1|       m_axi|                bi|       pointer|
|m_axi_bi_AWREADY       |   in|    1|       m_axi|                bi|       pointer|
|m_axi_bi_AWADDR        |  out|   32|       m_axi|                bi|       pointer|
|m_axi_bi_AWID          |  out|    1|       m_axi|                bi|       pointer|
|m_axi_bi_AWLEN         |  out|    8|       m_axi|                bi|       pointer|
|m_axi_bi_AWSIZE        |  out|    3|       m_axi|                bi|       pointer|
|m_axi_bi_AWBURST       |  out|    2|       m_axi|                bi|       pointer|
|m_axi_bi_AWLOCK        |  out|    2|       m_axi|                bi|       pointer|
|m_axi_bi_AWCACHE       |  out|    4|       m_axi|                bi|       pointer|
|m_axi_bi_AWPROT        |  out|    3|       m_axi|                bi|       pointer|
|m_axi_bi_AWQOS         |  out|    4|       m_axi|                bi|       pointer|
|m_axi_bi_AWREGION      |  out|    4|       m_axi|                bi|       pointer|
|m_axi_bi_AWUSER        |  out|    1|       m_axi|                bi|       pointer|
|m_axi_bi_WVALID        |  out|    1|       m_axi|                bi|       pointer|
|m_axi_bi_WREADY        |   in|    1|       m_axi|                bi|       pointer|
|m_axi_bi_WDATA         |  out|   32|       m_axi|                bi|       pointer|
|m_axi_bi_WSTRB         |  out|    4|       m_axi|                bi|       pointer|
|m_axi_bi_WLAST         |  out|    1|       m_axi|                bi|       pointer|
|m_axi_bi_WID           |  out|    1|       m_axi|                bi|       pointer|
|m_axi_bi_WUSER         |  out|    1|       m_axi|                bi|       pointer|
|m_axi_bi_ARVALID       |  out|    1|       m_axi|                bi|       pointer|
|m_axi_bi_ARREADY       |   in|    1|       m_axi|                bi|       pointer|
|m_axi_bi_ARADDR        |  out|   32|       m_axi|                bi|       pointer|
|m_axi_bi_ARID          |  out|    1|       m_axi|                bi|       pointer|
|m_axi_bi_ARLEN         |  out|    8|       m_axi|                bi|       pointer|
|m_axi_bi_ARSIZE        |  out|    3|       m_axi|                bi|       pointer|
|m_axi_bi_ARBURST       |  out|    2|       m_axi|                bi|       pointer|
|m_axi_bi_ARLOCK        |  out|    2|       m_axi|                bi|       pointer|
|m_axi_bi_ARCACHE       |  out|    4|       m_axi|                bi|       pointer|
|m_axi_bi_ARPROT        |  out|    3|       m_axi|                bi|       pointer|
|m_axi_bi_ARQOS         |  out|    4|       m_axi|                bi|       pointer|
|m_axi_bi_ARREGION      |  out|    4|       m_axi|                bi|       pointer|
|m_axi_bi_ARUSER        |  out|    1|       m_axi|                bi|       pointer|
|m_axi_bi_RVALID        |   in|    1|       m_axi|                bi|       pointer|
|m_axi_bi_RREADY        |  out|    1|       m_axi|                bi|       pointer|
|m_axi_bi_RDATA         |   in|   32|       m_axi|                bi|       pointer|
|m_axi_bi_RLAST         |   in|    1|       m_axi|                bi|       pointer|
|m_axi_bi_RID           |   in|    1|       m_axi|                bi|       pointer|
|m_axi_bi_RUSER         |   in|    1|       m_axi|                bi|       pointer|
|m_axi_bi_RRESP         |   in|    2|       m_axi|                bi|       pointer|
|m_axi_bi_BVALID        |   in|    1|       m_axi|                bi|       pointer|
|m_axi_bi_BREADY        |  out|    1|       m_axi|                bi|       pointer|
|m_axi_bi_BRESP         |   in|    2|       m_axi|                bi|       pointer|
|m_axi_bi_BID           |   in|    1|       m_axi|                bi|       pointer|
|m_axi_bi_BUSER         |   in|    1|       m_axi|                bi|       pointer|
|m_axi_ca_AWVALID       |  out|    1|       m_axi|                ca|       pointer|
|m_axi_ca_AWREADY       |   in|    1|       m_axi|                ca|       pointer|
|m_axi_ca_AWADDR        |  out|   32|       m_axi|                ca|       pointer|
|m_axi_ca_AWID          |  out|    1|       m_axi|                ca|       pointer|
|m_axi_ca_AWLEN         |  out|    8|       m_axi|                ca|       pointer|
|m_axi_ca_AWSIZE        |  out|    3|       m_axi|                ca|       pointer|
|m_axi_ca_AWBURST       |  out|    2|       m_axi|                ca|       pointer|
|m_axi_ca_AWLOCK        |  out|    2|       m_axi|                ca|       pointer|
|m_axi_ca_AWCACHE       |  out|    4|       m_axi|                ca|       pointer|
|m_axi_ca_AWPROT        |  out|    3|       m_axi|                ca|       pointer|
|m_axi_ca_AWQOS         |  out|    4|       m_axi|                ca|       pointer|
|m_axi_ca_AWREGION      |  out|    4|       m_axi|                ca|       pointer|
|m_axi_ca_AWUSER        |  out|    1|       m_axi|                ca|       pointer|
|m_axi_ca_WVALID        |  out|    1|       m_axi|                ca|       pointer|
|m_axi_ca_WREADY        |   in|    1|       m_axi|                ca|       pointer|
|m_axi_ca_WDATA         |  out|   32|       m_axi|                ca|       pointer|
|m_axi_ca_WSTRB         |  out|    4|       m_axi|                ca|       pointer|
|m_axi_ca_WLAST         |  out|    1|       m_axi|                ca|       pointer|
|m_axi_ca_WID           |  out|    1|       m_axi|                ca|       pointer|
|m_axi_ca_WUSER         |  out|    1|       m_axi|                ca|       pointer|
|m_axi_ca_ARVALID       |  out|    1|       m_axi|                ca|       pointer|
|m_axi_ca_ARREADY       |   in|    1|       m_axi|                ca|       pointer|
|m_axi_ca_ARADDR        |  out|   32|       m_axi|                ca|       pointer|
|m_axi_ca_ARID          |  out|    1|       m_axi|                ca|       pointer|
|m_axi_ca_ARLEN         |  out|    8|       m_axi|                ca|       pointer|
|m_axi_ca_ARSIZE        |  out|    3|       m_axi|                ca|       pointer|
|m_axi_ca_ARBURST       |  out|    2|       m_axi|                ca|       pointer|
|m_axi_ca_ARLOCK        |  out|    2|       m_axi|                ca|       pointer|
|m_axi_ca_ARCACHE       |  out|    4|       m_axi|                ca|       pointer|
|m_axi_ca_ARPROT        |  out|    3|       m_axi|                ca|       pointer|
|m_axi_ca_ARQOS         |  out|    4|       m_axi|                ca|       pointer|
|m_axi_ca_ARREGION      |  out|    4|       m_axi|                ca|       pointer|
|m_axi_ca_ARUSER        |  out|    1|       m_axi|                ca|       pointer|
|m_axi_ca_RVALID        |   in|    1|       m_axi|                ca|       pointer|
|m_axi_ca_RREADY        |  out|    1|       m_axi|                ca|       pointer|
|m_axi_ca_RDATA         |   in|   32|       m_axi|                ca|       pointer|
|m_axi_ca_RLAST         |   in|    1|       m_axi|                ca|       pointer|
|m_axi_ca_RID           |   in|    1|       m_axi|                ca|       pointer|
|m_axi_ca_RUSER         |   in|    1|       m_axi|                ca|       pointer|
|m_axi_ca_RRESP         |   in|    2|       m_axi|                ca|       pointer|
|m_axi_ca_BVALID        |   in|    1|       m_axi|                ca|       pointer|
|m_axi_ca_BREADY        |  out|    1|       m_axi|                ca|       pointer|
|m_axi_ca_BRESP         |   in|    2|       m_axi|                ca|       pointer|
|m_axi_ca_BID           |   in|    1|       m_axi|                ca|       pointer|
|m_axi_ca_BUSER         |   in|    1|       m_axi|                ca|       pointer|
+-----------------------+-----+-----+------------+------------------+--------------+

