

================================================================
== Vitis HLS Report for 'sa_store'
================================================================
* Date:           Wed Jul  8 16:48:55 2026

* Version:        2023.2 (Build 4023990 on Oct 11 2023)
* Project:        hls_ursa
* Solution:       hls (Vivado IP Flow Target)
* Product family: zynq
* Target device:  xc7z020-clg484-1


================================================================
== Performance Estimates
================================================================
+ Timing: 
    * Summary: 
    +--------+----------+----------+------------+
    |  Clock |  Target  | Estimated| Uncertainty|
    +--------+----------+----------+------------+
    |ap_clk  |  10.00 ns|  7.300 ns|     2.70 ns|
    +--------+----------+----------+------------+

+ Latency: 
    * Summary: 
    +---------+---------+----------+----------+-----+-----+---------+
    |  Latency (cycles) |  Latency (absolute) |  Interval | Pipeline|
    |   min   |   max   |    min   |    max   | min | max |   Type  |
    +---------+---------+----------+----------+-----+-----+---------+
    |       86|       86|  0.860 us|  0.860 us|   81|   81|      yes|
    +---------+---------+----------+----------+-----+-----+---------+

    + Detail: 
        * Instance: 
        N/A

        * Loop: 
        N/A



================================================================
== Utilization Estimates
================================================================
* Summary: 
+-----------------+---------+-----+--------+-------+-----+
|       Name      | BRAM_18K| DSP |   FF   |  LUT  | URAM|
+-----------------+---------+-----+--------+-------+-----+
|DSP              |        -|    -|       -|      -|    -|
|Expression       |        -|    -|       0|    458|    -|
|FIFO             |        -|    -|       -|      -|    -|
|Instance         |        -|    -|       -|      -|    -|
|Memory           |        -|    -|       -|      -|    -|
|Multiplexer      |        -|    -|       -|    932|    -|
|Register         |        -|    -|     467|      -|    -|
+-----------------+---------+-----+--------+-------+-----+
|Total            |        0|    0|     467|   1390|    0|
+-----------------+---------+-----+--------+-------+-----+
|Available        |      280|  220|  106400|  53200|    0|
+-----------------+---------+-----+--------+-------+-----+
|Utilization (%)  |        0|    0|      ~0|      2|    0|
+-----------------+---------+-----+--------+-------+-----+

+ Detail: 
    * Instance: 
    N/A

    * DSP: 
    N/A

    * Memory: 
    N/A

    * FIFO: 
    N/A

    * Expression: 
    +----------------------------+----------+----+---+----+------------+------------+
    |        Variable Name       | Operation| DSP| FF| LUT| Bitwidth P0| Bitwidth P1|
    +----------------------------+----------+----+---+----+------------+------------+
    |empty_27_fu_1065_p2         |         +|   0|  0|  39|          32|          32|
    |empty_30_fu_1182_p2         |         +|   0|  0|  39|          32|          32|
    |empty_34_fu_1312_p2         |         +|   0|  0|  39|          32|          32|
    |empty_37_fu_1421_p2         |         +|   0|  0|  39|          32|          32|
    |empty_40_fu_1436_p2         |         +|   0|  0|  39|          32|          32|
    |empty_44_fu_1664_p2         |         +|   0|  0|  39|          32|          32|
    |empty_48_fu_1689_p2         |         +|   0|  0|  39|          32|          32|
    |empty_51_fu_1704_p2         |         +|   0|  0|  39|          32|          32|
    |empty_33_fu_1302_p2         |         -|   0|  0|  28|          21|          21|
    |empty_43_fu_1654_p2         |         -|   0|  0|  29|          22|          22|
    |empty_47_fu_1679_p2         |         -|   0|  0|  29|          22|          22|
    |ap_block_pp0_stage10_11001  |       and|   0|  0|   2|           1|           1|
    |ap_block_pp0_stage14_01001  |       and|   0|  0|   2|           1|           1|
    |ap_block_pp0_stage14_11001  |       and|   0|  0|   2|           1|           1|
    |ap_block_pp0_stage18_11001  |       and|   0|  0|   2|           1|           1|
    |ap_block_pp0_stage23_01001  |       and|   0|  0|   2|           1|           1|
    |ap_block_pp0_stage23_11001  |       and|   0|  0|   2|           1|           1|
    |ap_block_pp0_stage27_11001  |       and|   0|  0|   2|           1|           1|
    |ap_block_pp0_stage32_01001  |       and|   0|  0|   2|           1|           1|
    |ap_block_pp0_stage32_11001  |       and|   0|  0|   2|           1|           1|
    |ap_block_pp0_stage36_11001  |       and|   0|  0|   2|           1|           1|
    |ap_block_pp0_stage41_01001  |       and|   0|  0|   2|           1|           1|
    |ap_block_pp0_stage41_11001  |       and|   0|  0|   2|           1|           1|
    |ap_block_pp0_stage45_11001  |       and|   0|  0|   2|           1|           1|
    |ap_block_pp0_stage50_01001  |       and|   0|  0|   2|           1|           1|
    |ap_block_pp0_stage50_11001  |       and|   0|  0|   2|           1|           1|
    |ap_block_pp0_stage54_11001  |       and|   0|  0|   2|           1|           1|
    |ap_block_pp0_stage59_01001  |       and|   0|  0|   2|           1|           1|
    |ap_block_pp0_stage59_11001  |       and|   0|  0|   2|           1|           1|
    |ap_block_pp0_stage5_01001   |       and|   0|  0|   2|           1|           1|
    |ap_block_pp0_stage63_11001  |       and|   0|  0|   2|           1|           1|
    |ap_block_pp0_stage68_01001  |       and|   0|  0|   2|           1|           1|
    |ap_block_pp0_stage68_11001  |       and|   0|  0|   2|           1|           1|
    |ap_block_pp0_stage72_11001  |       and|   0|  0|   2|           1|           1|
    |ap_block_pp0_stage77_01001  |       and|   0|  0|   2|           1|           1|
    |ap_block_pp0_stage77_11001  |       and|   0|  0|   2|           1|           1|
    |ap_block_pp0_stage9_11001   |       and|   0|  0|   2|           1|           1|
    |ap_block_pp0_stage0_11001   |        or|   0|  0|   2|           1|           1|
    |ap_block_pp0_stage5_11001   |        or|   0|  0|   2|           1|           1|
    |ap_block_state10_io         |        or|   0|  0|   2|           1|           1|
    |ap_enable_pp0               |       xor|   0|  0|   2|           1|           2|
    +----------------------------+----------+----+---+----+------------+------------+
    |Total                       |          |   0|  0| 458|         351|         352|
    +----------------------------+----------+----+---+----+------------+------------+

    * Multiplexer: 
    +-------------------------+-----+-----------+-----+-----------+
    |           Name          | LUT | Input Size| Bits| Total Bits|
    +-------------------------+-----+-----------+-----+-----------+
    |ap_NS_fsm                |  417|         82|    1|         82|
    |ap_enable_reg_pp0_iter0  |    9|          2|    1|          2|
    |ap_enable_reg_pp0_iter1  |    9|          2|    1|          2|
    |ca_blk_n_AW              |    9|          2|    1|          2|
    |ca_blk_n_B               |    9|          2|    1|          2|
    |ca_blk_n_W               |    9|          2|    1|          2|
    |m_axi_ca_AWADDR          |   53|         10|   32|        320|
    |m_axi_ca_WDATA           |  417|         82|   32|       2624|
    +-------------------------+-----+-----------+-----+-----------+
    |Total                    |  932|        184|   70|       3036|
    +-------------------------+-----+-----------+-----+-----------+

    * Register: 
    +-----------------------------+----+----+-----+-----------+
    |             Name            | FF | LUT| Bits| Const Bits|
    +-----------------------------+----+----+-----+-----------+
    |ap_CS_fsm                    |  81|   0|   81|          0|
    |ap_enable_reg_pp0_iter0_reg  |   1|   0|    1|          0|
    |ap_enable_reg_pp0_iter1      |   1|   0|    1|          0|
    |ap_port_reg_b0_q             |  16|   0|   16|          0|
    |b0_q_read_reg_2026           |  16|   0|   16|          0|
    |empty_27_reg_2039            |  32|   0|   32|          0|
    |out_read_reg_2001            |  32|   0|   32|          0|
    |p_cast1_reg_2149             |  30|   0|   30|          0|
    |p_cast2_reg_2068             |  30|   0|   30|          0|
    |p_cast3_reg_2154             |  30|   0|   30|          0|
    |p_cast5_reg_2092             |  30|   0|   30|          0|
    |p_cast6_reg_2111             |  30|   0|   30|          0|
    |p_cast7_reg_2116             |  30|   0|   30|          0|
    |p_cast_reg_2044              |  30|   0|   30|          0|
    |p_shl6_reg_2087              |  16|   0|   20|          4|
    |tmp_1_reg_2063               |  16|   0|   19|          3|
    |tmp_reg_2033                 |  16|   0|   18|          2|
    |trunc_ln1_reg_2159           |  30|   0|   30|          0|
    +-----------------------------+----+----+-----+-----------+
    |Total                        | 467|   0|  476|          9|
    +-----------------------------+----+----+-----+-----------+



================================================================
== Interface
================================================================
* Summary: 
+--------------------------------------------------------------------------------+-----+-----+------------+--------------------------------------------------------------------------------+--------------+
|                                    RTL Ports                                   | Dir | Bits|  Protocol  |                                  Source Object                                 |    C Type    |
+--------------------------------------------------------------------------------+-----+-----+------------+--------------------------------------------------------------------------------+--------------+
|ap_clk                                                                          |   in|    1|  ap_ctrl_hs|                                                                        sa_store|  return value|
|ap_rst                                                                          |   in|    1|  ap_ctrl_hs|                                                                        sa_store|  return value|
|ap_start                                                                        |   in|    1|  ap_ctrl_hs|                                                                        sa_store|  return value|
|ap_done                                                                         |  out|    1|  ap_ctrl_hs|                                                                        sa_store|  return value|
|ap_idle                                                                         |  out|    1|  ap_ctrl_hs|                                                                        sa_store|  return value|
|ap_ready                                                                        |  out|    1|  ap_ctrl_hs|                                                                        sa_store|  return value|
|ca_blk_n_AW                                                                     |  out|    1|  ap_ctrl_hs|                                                                        sa_store|  return value|
|ca_blk_n_W                                                                      |  out|    1|  ap_ctrl_hs|                                                                        sa_store|  return value|
|ca_blk_n_B                                                                      |  out|    1|  ap_ctrl_hs|                                                                        sa_store|  return value|
|m_axi_ca_AWVALID                                                                |  out|    1|       m_axi|                                                                              ca|       pointer|
|m_axi_ca_AWREADY                                                                |   in|    1|       m_axi|                                                                              ca|       pointer|
|m_axi_ca_AWADDR                                                                 |  out|   32|       m_axi|                                                                              ca|       pointer|
|m_axi_ca_AWID                                                                   |  out|    1|       m_axi|                                                                              ca|       pointer|
|m_axi_ca_AWLEN                                                                  |  out|   32|       m_axi|                                                                              ca|       pointer|
|m_axi_ca_AWSIZE                                                                 |  out|    3|       m_axi|                                                                              ca|       pointer|
|m_axi_ca_AWBURST                                                                |  out|    2|       m_axi|                                                                              ca|       pointer|
|m_axi_ca_AWLOCK                                                                 |  out|    2|       m_axi|                                                                              ca|       pointer|
|m_axi_ca_AWCACHE                                                                |  out|    4|       m_axi|                                                                              ca|       pointer|
|m_axi_ca_AWPROT                                                                 |  out|    3|       m_axi|                                                                              ca|       pointer|
|m_axi_ca_AWQOS                                                                  |  out|    4|       m_axi|                                                                              ca|       pointer|
|m_axi_ca_AWREGION                                                               |  out|    4|       m_axi|                                                                              ca|       pointer|
|m_axi_ca_AWUSER                                                                 |  out|    1|       m_axi|                                                                              ca|       pointer|
|m_axi_ca_WVALID                                                                 |  out|    1|       m_axi|                                                                              ca|       pointer|
|m_axi_ca_WREADY                                                                 |   in|    1|       m_axi|                                                                              ca|       pointer|
|m_axi_ca_WDATA                                                                  |  out|   32|       m_axi|                                                                              ca|       pointer|
|m_axi_ca_WSTRB                                                                  |  out|    4|       m_axi|                                                                              ca|       pointer|
|m_axi_ca_WLAST                                                                  |  out|    1|       m_axi|                                                                              ca|       pointer|
|m_axi_ca_WID                                                                    |  out|    1|       m_axi|                                                                              ca|       pointer|
|m_axi_ca_WUSER                                                                  |  out|    1|       m_axi|                                                                              ca|       pointer|
|m_axi_ca_ARVALID                                                                |  out|    1|       m_axi|                                                                              ca|       pointer|
|m_axi_ca_ARREADY                                                                |   in|    1|       m_axi|                                                                              ca|       pointer|
|m_axi_ca_ARADDR                                                                 |  out|   32|       m_axi|                                                                              ca|       pointer|
|m_axi_ca_ARID                                                                   |  out|    1|       m_axi|                                                                              ca|       pointer|
|m_axi_ca_ARLEN                                                                  |  out|   32|       m_axi|                                                                              ca|       pointer|
|m_axi_ca_ARSIZE                                                                 |  out|    3|       m_axi|                                                                              ca|       pointer|
|m_axi_ca_ARBURST                                                                |  out|    2|       m_axi|                                                                              ca|       pointer|
|m_axi_ca_ARLOCK                                                                 |  out|    2|       m_axi|                                                                              ca|       pointer|
|m_axi_ca_ARCACHE                                                                |  out|    4|       m_axi|                                                                              ca|       pointer|
|m_axi_ca_ARPROT                                                                 |  out|    3|       m_axi|                                                                              ca|       pointer|
|m_axi_ca_ARQOS                                                                  |  out|    4|       m_axi|                                                                              ca|       pointer|
|m_axi_ca_ARREGION                                                               |  out|    4|       m_axi|                                                                              ca|       pointer|
|m_axi_ca_ARUSER                                                                 |  out|    1|       m_axi|                                                                              ca|       pointer|
|m_axi_ca_RVALID                                                                 |   in|    1|       m_axi|                                                                              ca|       pointer|
|m_axi_ca_RREADY                                                                 |  out|    1|       m_axi|                                                                              ca|       pointer|
|m_axi_ca_RDATA                                                                  |   in|   32|       m_axi|                                                                              ca|       pointer|
|m_axi_ca_RLAST                                                                  |   in|    1|       m_axi|                                                                              ca|       pointer|
|m_axi_ca_RID                                                                    |   in|    1|       m_axi|                                                                              ca|       pointer|
|m_axi_ca_RFIFONUM                                                               |   in|   10|       m_axi|                                                                              ca|       pointer|
|m_axi_ca_RUSER                                                                  |   in|    1|       m_axi|                                                                              ca|       pointer|
|m_axi_ca_RRESP                                                                  |   in|    2|       m_axi|                                                                              ca|       pointer|
|m_axi_ca_BVALID                                                                 |   in|    1|       m_axi|                                                                              ca|       pointer|
|m_axi_ca_BREADY                                                                 |  out|    1|       m_axi|                                                                              ca|       pointer|
|m_axi_ca_BRESP                                                                  |   in|    2|       m_axi|                                                                              ca|       pointer|
|m_axi_ca_BID                                                                    |   in|    1|       m_axi|                                                                              ca|       pointer|
|m_axi_ca_BUSER                                                                  |   in|    1|       m_axi|                                                                              ca|       pointer|
|out_r                                                                           |   in|   32|     ap_none|                                                                           out_r|        scalar|
|b0_q                                                                            |   in|   16|     ap_none|                                                                            b0_q|        scalar|
|mxm_execute_ursa_signed_char_unsigned_short_unsigned_char_unsigned_short_i_69   |   in|   20|     ap_none|   mxm_execute_ursa_signed_char_unsigned_short_unsigned_char_unsigned_short_i_69|       pointer|
|mxm_execute_ursa_signed_char_unsigned_short_unsigned_char_unsigned_short_i_68   |   in|   20|     ap_none|   mxm_execute_ursa_signed_char_unsigned_short_unsigned_char_unsigned_short_i_68|       pointer|
|mxm_execute_ursa_signed_char_unsigned_short_unsigned_char_unsigned_short_i_67   |   in|   20|     ap_none|   mxm_execute_ursa_signed_char_unsigned_short_unsigned_char_unsigned_short_i_67|       pointer|
|mxm_execute_ursa_signed_char_unsigned_short_unsigned_char_unsigned_short_i_66   |   in|   20|     ap_none|   mxm_execute_ursa_signed_char_unsigned_short_unsigned_char_unsigned_short_i_66|       pointer|
|mxm_execute_ursa_signed_char_unsigned_short_unsigned_char_unsigned_short_i_64   |   in|   20|     ap_none|   mxm_execute_ursa_signed_char_unsigned_short_unsigned_char_unsigned_short_i_64|       pointer|
|mxm_execute_ursa_signed_char_unsigned_short_unsigned_char_unsigned_short_i_63   |   in|   20|     ap_none|   mxm_execute_ursa_signed_char_unsigned_short_unsigned_char_unsigned_short_i_63|       pointer|
|mxm_execute_ursa_signed_char_unsigned_short_unsigned_char_unsigned_short_i_62   |   in|   20|     ap_none|   mxm_execute_ursa_signed_char_unsigned_short_unsigned_char_unsigned_short_i_62|       pointer|
|mxm_execute_ursa_signed_char_unsigned_short_unsigned_char_unsigned_short_i_61   |   in|   20|     ap_none|   mxm_execute_ursa_signed_char_unsigned_short_unsigned_char_unsigned_short_i_61|       pointer|
|mxm_execute_ursa_signed_char_unsigned_short_unsigned_char_unsigned_short_i_60   |   in|   20|     ap_none|   mxm_execute_ursa_signed_char_unsigned_short_unsigned_char_unsigned_short_i_60|       pointer|
|mxm_execute_ursa_signed_char_unsigned_short_unsigned_char_unsigned_short_i_59   |   in|   20|     ap_none|   mxm_execute_ursa_signed_char_unsigned_short_unsigned_char_unsigned_short_i_59|       pointer|
|mxm_execute_ursa_signed_char_unsigned_short_unsigned_char_unsigned_short_i_58   |   in|   20|     ap_none|   mxm_execute_ursa_signed_char_unsigned_short_unsigned_char_unsigned_short_i_58|       pointer|
|mxm_execute_ursa_signed_char_unsigned_short_unsigned_char_unsigned_short_i_57   |   in|   20|     ap_none|   mxm_execute_ursa_signed_char_unsigned_short_unsigned_char_unsigned_short_i_57|       pointer|
|mxm_execute_ursa_signed_char_unsigned_short_unsigned_char_unsigned_short_i_56   |   in|   20|     ap_none|   mxm_execute_ursa_signed_char_unsigned_short_unsigned_char_unsigned_short_i_56|       pointer|
|mxm_execute_ursa_signed_char_unsigned_short_unsigned_char_unsigned_short_i_55   |   in|   20|     ap_none|   mxm_execute_ursa_signed_char_unsigned_short_unsigned_char_unsigned_short_i_55|       pointer|
|mxm_execute_ursa_signed_char_unsigned_short_unsigned_char_unsigned_short_i_53   |   in|   20|     ap_none|   mxm_execute_ursa_signed_char_unsigned_short_unsigned_char_unsigned_short_i_53|       pointer|
|mxm_execute_ursa_signed_char_unsigned_short_unsigned_char_unsigned_short_i_52   |   in|   20|     ap_none|   mxm_execute_ursa_signed_char_unsigned_short_unsigned_char_unsigned_short_i_52|       pointer|
|mxm_execute_ursa_signed_char_unsigned_short_unsigned_char_unsigned_short_i_51   |   in|   20|     ap_none|   mxm_execute_ursa_signed_char_unsigned_short_unsigned_char_unsigned_short_i_51|       pointer|
|mxm_execute_ursa_signed_char_unsigned_short_unsigned_char_unsigned_short_i_50   |   in|   20|     ap_none|   mxm_execute_ursa_signed_char_unsigned_short_unsigned_char_unsigned_short_i_50|       pointer|
|mxm_execute_ursa_signed_char_unsigned_short_unsigned_char_unsigned_short_i_49   |   in|   20|     ap_none|   mxm_execute_ursa_signed_char_unsigned_short_unsigned_char_unsigned_short_i_49|       pointer|
|mxm_execute_ursa_signed_char_unsigned_short_unsigned_char_unsigned_short_i_48   |   in|   20|     ap_none|   mxm_execute_ursa_signed_char_unsigned_short_unsigned_char_unsigned_short_i_48|       pointer|
|mxm_execute_ursa_signed_char_unsigned_short_unsigned_char_unsigned_short_i_47   |   in|   20|     ap_none|   mxm_execute_ursa_signed_char_unsigned_short_unsigned_char_unsigned_short_i_47|       pointer|
|mxm_execute_ursa_signed_char_unsigned_short_unsigned_char_unsigned_short_i_46   |   in|   20|     ap_none|   mxm_execute_ursa_signed_char_unsigned_short_unsigned_char_unsigned_short_i_46|       pointer|
|mxm_execute_ursa_signed_char_unsigned_short_unsigned_char_unsigned_short_i_45   |   in|   20|     ap_none|   mxm_execute_ursa_signed_char_unsigned_short_unsigned_char_unsigned_short_i_45|       pointer|
|mxm_execute_ursa_signed_char_unsigned_short_unsigned_char_unsigned_short_i_44   |   in|   20|     ap_none|   mxm_execute_ursa_signed_char_unsigned_short_unsigned_char_unsigned_short_i_44|       pointer|
|mxm_execute_ursa_signed_char_unsigned_short_unsigned_char_unsigned_short_i_42   |   in|   20|     ap_none|   mxm_execute_ursa_signed_char_unsigned_short_unsigned_char_unsigned_short_i_42|       pointer|
|mxm_execute_ursa_signed_char_unsigned_short_unsigned_char_unsigned_short_i_41   |   in|   20|     ap_none|   mxm_execute_ursa_signed_char_unsigned_short_unsigned_char_unsigned_short_i_41|       pointer|
|mxm_execute_ursa_signed_char_unsigned_short_unsigned_char_unsigned_short_i_40   |   in|   20|     ap_none|   mxm_execute_ursa_signed_char_unsigned_short_unsigned_char_unsigned_short_i_40|       pointer|
|mxm_execute_ursa_signed_char_unsigned_short_unsigned_char_unsigned_short_i_39   |   in|   20|     ap_none|   mxm_execute_ursa_signed_char_unsigned_short_unsigned_char_unsigned_short_i_39|       pointer|
|mxm_execute_ursa_signed_char_unsigned_short_unsigned_char_unsigned_short_i_38   |   in|   20|     ap_none|   mxm_execute_ursa_signed_char_unsigned_short_unsigned_char_unsigned_short_i_38|       pointer|
|mxm_execute_ursa_signed_char_unsigned_short_unsigned_char_unsigned_short_i_37   |   in|   20|     ap_none|   mxm_execute_ursa_signed_char_unsigned_short_unsigned_char_unsigned_short_i_37|       pointer|
|mxm_execute_ursa_signed_char_unsigned_short_unsigned_char_unsigned_short_i_36   |   in|   20|     ap_none|   mxm_execute_ursa_signed_char_unsigned_short_unsigned_char_unsigned_short_i_36|       pointer|
|mxm_execute_ursa_signed_char_unsigned_short_unsigned_char_unsigned_short_i_35   |   in|   20|     ap_none|   mxm_execute_ursa_signed_char_unsigned_short_unsigned_char_unsigned_short_i_35|       pointer|
|mxm_execute_ursa_signed_char_unsigned_short_unsigned_char_unsigned_short_i_34   |   in|   20|     ap_none|   mxm_execute_ursa_signed_char_unsigned_short_unsigned_char_unsigned_short_i_34|       pointer|
|mxm_execute_ursa_signed_char_unsigned_short_unsigned_char_unsigned_short_i_33   |   in|   20|     ap_none|   mxm_execute_ursa_signed_char_unsigned_short_unsigned_char_unsigned_short_i_33|       pointer|
|mxm_execute_ursa_signed_char_unsigned_short_unsigned_char_unsigned_short_i_31   |   in|   20|     ap_none|   mxm_execute_ursa_signed_char_unsigned_short_unsigned_char_unsigned_short_i_31|       pointer|
|mxm_execute_ursa_signed_char_unsigned_short_unsigned_char_unsigned_short_i_30   |   in|   20|     ap_none|   mxm_execute_ursa_signed_char_unsigned_short_unsigned_char_unsigned_short_i_30|       pointer|
|mxm_execute_ursa_signed_char_unsigned_short_unsigned_char_unsigned_short_i_29   |   in|   20|     ap_none|   mxm_execute_ursa_signed_char_unsigned_short_unsigned_char_unsigned_short_i_29|       pointer|
|mxm_execute_ursa_signed_char_unsigned_short_unsigned_char_unsigned_short_i_28   |   in|   20|     ap_none|   mxm_execute_ursa_signed_char_unsigned_short_unsigned_char_unsigned_short_i_28|       pointer|
|mxm_execute_ursa_signed_char_unsigned_short_unsigned_char_unsigned_short_i_27   |   in|   20|     ap_none|   mxm_execute_ursa_signed_char_unsigned_short_unsigned_char_unsigned_short_i_27|       pointer|
|mxm_execute_ursa_signed_char_unsigned_short_unsigned_char_unsigned_short_i_26   |   in|   20|     ap_none|   mxm_execute_ursa_signed_char_unsigned_short_unsigned_char_unsigned_short_i_26|       pointer|
|mxm_execute_ursa_signed_char_unsigned_short_unsigned_char_unsigned_short_i_25   |   in|   20|     ap_none|   mxm_execute_ursa_signed_char_unsigned_short_unsigned_char_unsigned_short_i_25|       pointer|
|mxm_execute_ursa_signed_char_unsigned_short_unsigned_char_unsigned_short_i_24   |   in|   20|     ap_none|   mxm_execute_ursa_signed_char_unsigned_short_unsigned_char_unsigned_short_i_24|       pointer|
|mxm_execute_ursa_signed_char_unsigned_short_unsigned_char_unsigned_short_i_23   |   in|   20|     ap_none|   mxm_execute_ursa_signed_char_unsigned_short_unsigned_char_unsigned_short_i_23|       pointer|
|mxm_execute_ursa_signed_char_unsigned_short_unsigned_char_unsigned_short_i_22   |   in|   20|     ap_none|   mxm_execute_ursa_signed_char_unsigned_short_unsigned_char_unsigned_short_i_22|       pointer|
|mxm_execute_ursa_signed_char_unsigned_short_unsigned_char_unsigned_short_i_20   |   in|   20|     ap_none|   mxm_execute_ursa_signed_char_unsigned_short_unsigned_char_unsigned_short_i_20|       pointer|
|mxm_execute_ursa_signed_char_unsigned_short_unsigned_char_unsigned_short_i_19   |   in|   20|     ap_none|   mxm_execute_ursa_signed_char_unsigned_short_unsigned_char_unsigned_short_i_19|       pointer|
|mxm_execute_ursa_signed_char_unsigned_short_unsigned_char_unsigned_short_i_18   |   in|   20|     ap_none|   mxm_execute_ursa_signed_char_unsigned_short_unsigned_char_unsigned_short_i_18|       pointer|
|mxm_execute_ursa_signed_char_unsigned_short_unsigned_char_unsigned_short_i_17   |   in|   20|     ap_none|   mxm_execute_ursa_signed_char_unsigned_short_unsigned_char_unsigned_short_i_17|       pointer|
|mxm_execute_ursa_signed_char_unsigned_short_unsigned_char_unsigned_short_i_16   |   in|   20|     ap_none|   mxm_execute_ursa_signed_char_unsigned_short_unsigned_char_unsigned_short_i_16|       pointer|
|mxm_execute_ursa_signed_char_unsigned_short_unsigned_char_unsigned_short_i_15   |   in|   20|     ap_none|   mxm_execute_ursa_signed_char_unsigned_short_unsigned_char_unsigned_short_i_15|       pointer|
|mxm_execute_ursa_signed_char_unsigned_short_unsigned_char_unsigned_short_i_14   |   in|   20|     ap_none|   mxm_execute_ursa_signed_char_unsigned_short_unsigned_char_unsigned_short_i_14|       pointer|
|mxm_execute_ursa_signed_char_unsigned_short_unsigned_char_unsigned_short_i_13   |   in|   20|     ap_none|   mxm_execute_ursa_signed_char_unsigned_short_unsigned_char_unsigned_short_i_13|       pointer|
|mxm_execute_ursa_signed_char_unsigned_short_unsigned_char_unsigned_short_i_12   |   in|   20|     ap_none|   mxm_execute_ursa_signed_char_unsigned_short_unsigned_char_unsigned_short_i_12|       pointer|
|mxm_execute_ursa_signed_char_unsigned_short_unsigned_char_unsigned_short_i_11   |   in|   20|     ap_none|   mxm_execute_ursa_signed_char_unsigned_short_unsigned_char_unsigned_short_i_11|       pointer|
|mxm_execute_ursa_signed_char_unsigned_short_unsigned_char_unsigned_short_i_9    |   in|   20|     ap_none|    mxm_execute_ursa_signed_char_unsigned_short_unsigned_char_unsigned_short_i_9|       pointer|
|mxm_execute_ursa_signed_char_unsigned_short_unsigned_char_unsigned_short_i_8    |   in|   20|     ap_none|    mxm_execute_ursa_signed_char_unsigned_short_unsigned_char_unsigned_short_i_8|       pointer|
|mxm_execute_ursa_signed_char_unsigned_short_unsigned_char_unsigned_short_i_7    |   in|   20|     ap_none|    mxm_execute_ursa_signed_char_unsigned_short_unsigned_char_unsigned_short_i_7|       pointer|
|mxm_execute_ursa_signed_char_unsigned_short_unsigned_char_unsigned_short_i_6    |   in|   20|     ap_none|    mxm_execute_ursa_signed_char_unsigned_short_unsigned_char_unsigned_short_i_6|       pointer|
|mxm_execute_ursa_signed_char_unsigned_short_unsigned_char_unsigned_short_i_5    |   in|   20|     ap_none|    mxm_execute_ursa_signed_char_unsigned_short_unsigned_char_unsigned_short_i_5|       pointer|
|mxm_execute_ursa_signed_char_unsigned_short_unsigned_char_unsigned_short_i_4    |   in|   20|     ap_none|    mxm_execute_ursa_signed_char_unsigned_short_unsigned_char_unsigned_short_i_4|       pointer|
|mxm_execute_ursa_signed_char_unsigned_short_unsigned_char_unsigned_short_i_3    |   in|   20|     ap_none|    mxm_execute_ursa_signed_char_unsigned_short_unsigned_char_unsigned_short_i_3|       pointer|
|mxm_execute_ursa_signed_char_unsigned_short_unsigned_char_unsigned_short_i_2    |   in|   20|     ap_none|    mxm_execute_ursa_signed_char_unsigned_short_unsigned_char_unsigned_short_i_2|       pointer|
|mxm_execute_ursa_signed_char_unsigned_short_unsigned_char_unsigned_short_i_1    |   in|   20|     ap_none|    mxm_execute_ursa_signed_char_unsigned_short_unsigned_char_unsigned_short_i_1|       pointer|
|mxm_execute_ursa_signed_char_unsigned_short_unsigned_char_unsigned_short_i      |   in|   20|     ap_none|      mxm_execute_ursa_signed_char_unsigned_short_unsigned_char_unsigned_short_i|       pointer|
|mxm_execute_ursa_signed_char_unsigned_short_unsigned_char_unsigned_short_i_232  |   in|   20|     ap_none|  mxm_execute_ursa_signed_char_unsigned_short_unsigned_char_unsigned_short_i_232|       pointer|
|mxm_execute_ursa_signed_char_unsigned_short_unsigned_char_unsigned_short_i_231  |   in|   20|     ap_none|  mxm_execute_ursa_signed_char_unsigned_short_unsigned_char_unsigned_short_i_231|       pointer|
|mxm_execute_ursa_signed_char_unsigned_short_unsigned_char_unsigned_short_i_230  |   in|   20|     ap_none|  mxm_execute_ursa_signed_char_unsigned_short_unsigned_char_unsigned_short_i_230|       pointer|
|mxm_execute_ursa_signed_char_unsigned_short_unsigned_char_unsigned_short_i_229  |   in|   20|     ap_none|  mxm_execute_ursa_signed_char_unsigned_short_unsigned_char_unsigned_short_i_229|       pointer|
|mxm_execute_ursa_signed_char_unsigned_short_unsigned_char_unsigned_short_i_228  |   in|   20|     ap_none|  mxm_execute_ursa_signed_char_unsigned_short_unsigned_char_unsigned_short_i_228|       pointer|
|mxm_execute_ursa_signed_char_unsigned_short_unsigned_char_unsigned_short_i_227  |   in|   20|     ap_none|  mxm_execute_ursa_signed_char_unsigned_short_unsigned_char_unsigned_short_i_227|       pointer|
|mxm_execute_ursa_signed_char_unsigned_short_unsigned_char_unsigned_short_i_226  |   in|   20|     ap_none|  mxm_execute_ursa_signed_char_unsigned_short_unsigned_char_unsigned_short_i_226|       pointer|
|mxm_execute_ursa_signed_char_unsigned_short_unsigned_char_unsigned_short_i_10   |   in|   20|     ap_none|   mxm_execute_ursa_signed_char_unsigned_short_unsigned_char_unsigned_short_i_10|       pointer|
|mxm_execute_ursa_signed_char_unsigned_short_unsigned_char_unsigned_short_i_21   |   in|   20|     ap_none|   mxm_execute_ursa_signed_char_unsigned_short_unsigned_char_unsigned_short_i_21|       pointer|
|mxm_execute_ursa_signed_char_unsigned_short_unsigned_char_unsigned_short_i_32   |   in|   20|     ap_none|   mxm_execute_ursa_signed_char_unsigned_short_unsigned_char_unsigned_short_i_32|       pointer|
|mxm_execute_ursa_signed_char_unsigned_short_unsigned_char_unsigned_short_i_43   |   in|   20|     ap_none|   mxm_execute_ursa_signed_char_unsigned_short_unsigned_char_unsigned_short_i_43|       pointer|
|mxm_execute_ursa_signed_char_unsigned_short_unsigned_char_unsigned_short_i_54   |   in|   20|     ap_none|   mxm_execute_ursa_signed_char_unsigned_short_unsigned_char_unsigned_short_i_54|       pointer|
|mxm_execute_ursa_signed_char_unsigned_short_unsigned_char_unsigned_short_i_65   |   in|   20|     ap_none|   mxm_execute_ursa_signed_char_unsigned_short_unsigned_char_unsigned_short_i_65|       pointer|
|mxm_execute_ursa_signed_char_unsigned_short_unsigned_char_unsigned_short_i_333  |   in|   20|     ap_none|  mxm_execute_ursa_signed_char_unsigned_short_unsigned_char_unsigned_short_i_333|       pointer|
|mxm_execute_ursa_signed_char_unsigned_short_unsigned_char_unsigned_short_i_249  |   in|   20|     ap_none|  mxm_execute_ursa_signed_char_unsigned_short_unsigned_char_unsigned_short_i_249|       pointer|
|mxm_execute_ursa_signed_char_unsigned_short_unsigned_char_unsigned_short_i_225  |   in|   20|     ap_none|  mxm_execute_ursa_signed_char_unsigned_short_unsigned_char_unsigned_short_i_225|       pointer|
|mxm_execute_ursa_signed_char_unsigned_short_unsigned_char_unsigned_short_i_224  |   in|   20|     ap_none|  mxm_execute_ursa_signed_char_unsigned_short_unsigned_char_unsigned_short_i_224|       pointer|
+--------------------------------------------------------------------------------+-----+-----+------------+--------------------------------------------------------------------------------+--------------+

