

================================================================
== Vitis HLS Report for 'mxm_execute_ursa'
================================================================
* Date:           Mon Sep 21 20:17:58 2026

* Version:        2023.2 (Build 4023990 on Oct 11 2023)
* Project:        mxm_execute_ursa
* Solution:       hls (Vivado IP Flow Target)
* Product family: zynq
* Target device:  xc7z020-clg484-1


================================================================
== Performance Estimates
================================================================
+ Timing: 
    * Summary: 
    +--------+---------+----------+------------+
    |  Clock |  Target | Estimated| Uncertainty|
    +--------+---------+----------+------------+
    |ap_clk  |  5.00 ns|  3.695 ns|     1.35 ns|
    +--------+---------+----------+------------+

+ Latency: 
    * Summary: 
    +---------+----------------+-----------+-------------+-----+----------------+---------+
    |     Latency (cycles)     |    Latency (absolute)   |       Interval       | Pipeline|
    |   min   |       max      |    min    |     max     | min |       max      |   Type  |
    +---------+----------------+-----------+-------------+-----+----------------+---------+
    |        4|  35189134082251|  20.000 ns|  1.8e+05 sec|    5|  35189134082252|       no|
    +---------+----------------+-----------+-------------+-----+----------------+---------+

    + Detail: 
        * Instance: 
        +-----------------------------------------------+------------------------------------+---------+---------+----------+----------+-----+--------+---------+
        |                                               |                                    |  Latency (cycles) |  Latency (absolute) |   Interval   | Pipeline|
        |                    Instance                   |               Module               |   min   |   max   |    min   |    max   | min |   max  |   Type  |
        +-----------------------------------------------+------------------------------------+---------+---------+----------+----------+-----+--------+---------+
        |grp_mxm_execute_ursa_Pipeline_STREAM_K_fu_532  |mxm_execute_ursa_Pipeline_STREAM_K  |      132|   524412|  0.660 us|  2.622 ms|  132|  524412|       no|
        |grp_sa_store_fu_912                            |sa_store                            |       69|       69|  0.345 us|  0.345 us|   69|      69|       no|
        |call_ln236_sa_reset_fu_1048                    |sa_reset                            |        0|        0|      0 ns|      0 ns|    1|       1|      yes|
        +-----------------------------------------------+------------------------------------+---------+---------+----------+----------+-----+--------+---------+

        * Loop: 
        +---------------------+---------+----------------+--------------+-----------+-----------+--------------+----------+
        |                     |     Latency (cycles)     |   Iteration  |  Initiation Interval  |     Trip     |          |
        |      Loop Name      |   min   |       max      |    Latency   |  achieved |   target  |     Count    | Pipelined|
        +---------------------+---------+----------------+--------------+-----------+-----------+--------------+----------+
        |- TILE_ROW_TILE_COL  |        0|  35189134082247|  207 ~ 524487|          -|          -|  0 ~ 67092481|        no|
        +---------------------+---------+----------------+--------------+-----------+-----------+--------------+----------+



================================================================
== Utilization Estimates
================================================================
* Summary: 
+-----------------+---------+-----+--------+-------+-----+
|       Name      | BRAM_18K| DSP |   FF   |  LUT  | URAM|
+-----------------+---------+-----+--------+-------+-----+
|DSP              |        -|    -|       -|      -|    -|
|Expression       |        -|    -|       0|    422|    -|
|FIFO             |        -|    -|       -|      -|    -|
|Instance         |        8|    2|   19701|  22396|    -|
|Memory           |        -|    -|       -|      -|    -|
|Multiplexer      |        -|    -|       -|    752|    -|
|Register         |        -|    -|    1984|      -|    -|
+-----------------+---------+-----+--------+-------+-----+
|Total            |        8|    2|   21685|  23570|    0|
+-----------------+---------+-----+--------+-------+-----+
|Available        |      280|  220|  106400|  53200|    0|
+-----------------+---------+-----+--------+-------+-----+
|Utilization (%)  |        2|   ~0|      20|     44|    0|
+-----------------+---------+-----+--------+-------+-----+

+ Detail: 
    * Instance: 
    +-----------------------------------------------+------------------------------------+---------+----+-------+-------+-----+
    |                    Instance                   |               Module               | BRAM_18K| DSP|   FF  |  LUT  | URAM|
    +-----------------------------------------------+------------------------------------+---------+----+-------+-------+-----+
    |ap_s_axi_U                                     |ap_s_axi                            |        0|   0|    110|    152|    0|
    |aw_m_axi_U                                     |aw_m_axi                            |        2|   0|    866|    853|    0|
    |bi_m_axi_U                                     |bi_m_axi                            |        2|   0|    866|    853|    0|
    |ca_m_axi_U                                     |ca_m_axi                            |        4|   0|    830|    733|    0|
    |control_s_axi_U                                |control_s_axi                       |        0|   0|    144|    232|    0|
    |mul_13ns_13ns_26_2_1_U220                      |mul_13ns_13ns_26_2_1                |        0|   1|     55|      2|    0|
    |grp_mxm_execute_ursa_Pipeline_STREAM_K_fu_532  |mxm_execute_ursa_Pipeline_STREAM_K  |        0|   1|  16428|  18525|    0|
    |call_ln236_sa_reset_fu_1048                    |sa_reset                            |        0|   0|      0|      0|    0|
    |grp_sa_store_fu_912                            |sa_store                            |        0|   0|    402|   1046|    0|
    +-----------------------------------------------+------------------------------------+---------+----+-------+-------+-----+
    |Total                                          |                                    |        8|   2|  19701|  22396|    0|
    +-----------------------------------------------+------------------------------------+---------+----+-------+-------+-----+

    * DSP: 
    N/A

    * Memory: 
    N/A

    * FIFO: 
    N/A

    * Expression: 
    +---------------------------+----------+----+---+----+------------+------------+
    |       Variable Name       | Operation| DSP| FF| LUT| Bitwidth P0| Bitwidth P1|
    +---------------------------+----------+----+---+----+------------+------------+
    |add_ln196_fu_1281_p2       |         +|   0|  0|  33|          26|           1|
    |add_ln202_fu_1327_p2       |         +|   0|  0|  14|          13|           1|
    |add_ln238_fu_1368_p2       |         +|   0|  0|  23|          16|           4|
    |add_ln242_fu_1314_p2       |         +|   0|  0|  39|          32|          32|
    |add_ln243_fu_1301_p2       |         +|   0|  0|  39|          32|          32|
    |addr_sa_c_fu_1363_p2       |         +|   0|  0|  39|          32|          32|
    |off_cj_2_fu_1374_p2        |         +|   0|  0|  39|          32|           4|
    |sub22_fu_1267_p2           |         +|   0|  0|  24|          17|           4|
    |icmp_ln196_fu_1276_p2      |      icmp|   0|  0|  33|          26|          26|
    |icmp_ln202_fu_1296_p2      |      icmp|   0|  0|  14|          13|          13|
    |j_1_fu_1380_p3             |    select|   0|  0|  13|           1|           1|
    |select_ln193_1_fu_1351_p3  |    select|   0|  0|  32|           1|          32|
    |select_ln193_fu_1339_p3    |    select|   0|  0|  16|           1|           1|
    |select_ln196_1_fu_1319_p3  |    select|   0|  0|  32|           1|          32|
    |select_ln196_fu_1306_p3    |    select|   0|  0|  32|           1|          32|
    +---------------------------+----------+----+---+----+------------+------------+
    |Total                      |          |   0|  0| 422|         244|         247|
    +---------------------------+----------+----+---+----+------------+------------+

    * Multiplexer: 
    +-------------------------------------------------------------------------------+----+-----------+-----+-----------+
    |                                      Name                                     | LUT| Input Size| Bits| Total Bits|
    +-------------------------------------------------------------------------------+----+-----------+-----+-----------+
    |ap_NS_fsm                                                                      |  59|         11|    1|         11|
    |aw_ARVALID                                                                     |   9|          2|    1|          2|
    |aw_RREADY                                                                      |   9|          2|    1|          2|
    |bi_ARVALID                                                                     |   9|          2|    1|          2|
    |bi_RREADY                                                                      |   9|          2|    1|          2|
    |ca_AWVALID                                                                     |   9|          2|    1|          2|
    |ca_BREADY                                                                      |   9|          2|    1|          2|
    |ca_WVALID                                                                      |   9|          2|    1|          2|
    |indvar_flatten_fu_492                                                          |   9|          2|   26|         52|
    |j_fu_476                                                                       |   9|          2|   13|         26|
    |mxm_execute_ursa_signed_char_unsigned_short_unsigned_char_unsigned_short_i     |   9|          2|   20|         40|
    |mxm_execute_ursa_signed_char_unsigned_short_unsigned_char_unsigned_short_i_1   |   9|          2|   20|         40|
    |mxm_execute_ursa_signed_char_unsigned_short_unsigned_char_unsigned_short_i_10  |   9|          2|   20|         40|
    |mxm_execute_ursa_signed_char_unsigned_short_unsigned_char_unsigned_short_i_11  |   9|          2|   20|         40|
    |mxm_execute_ursa_signed_char_unsigned_short_unsigned_char_unsigned_short_i_12  |   9|          2|   20|         40|
    |mxm_execute_ursa_signed_char_unsigned_short_unsigned_char_unsigned_short_i_13  |   9|          2|   20|         40|
    |mxm_execute_ursa_signed_char_unsigned_short_unsigned_char_unsigned_short_i_14  |   9|          2|   20|         40|
    |mxm_execute_ursa_signed_char_unsigned_short_unsigned_char_unsigned_short_i_15  |   9|          2|   20|         40|
    |mxm_execute_ursa_signed_char_unsigned_short_unsigned_char_unsigned_short_i_16  |   9|          2|   20|         40|
    |mxm_execute_ursa_signed_char_unsigned_short_unsigned_char_unsigned_short_i_17  |   9|          2|   20|         40|
    |mxm_execute_ursa_signed_char_unsigned_short_unsigned_char_unsigned_short_i_18  |   9|          2|   20|         40|
    |mxm_execute_ursa_signed_char_unsigned_short_unsigned_char_unsigned_short_i_19  |   9|          2|   20|         40|
    |mxm_execute_ursa_signed_char_unsigned_short_unsigned_char_unsigned_short_i_2   |   9|          2|   20|         40|
    |mxm_execute_ursa_signed_char_unsigned_short_unsigned_char_unsigned_short_i_20  |   9|          2|   20|         40|
    |mxm_execute_ursa_signed_char_unsigned_short_unsigned_char_unsigned_short_i_21  |   9|          2|   20|         40|
    |mxm_execute_ursa_signed_char_unsigned_short_unsigned_char_unsigned_short_i_22  |   9|          2|   20|         40|
    |mxm_execute_ursa_signed_char_unsigned_short_unsigned_char_unsigned_short_i_23  |   9|          2|   20|         40|
    |mxm_execute_ursa_signed_char_unsigned_short_unsigned_char_unsigned_short_i_24  |   9|          2|   20|         40|
    |mxm_execute_ursa_signed_char_unsigned_short_unsigned_char_unsigned_short_i_25  |   9|          2|   20|         40|
    |mxm_execute_ursa_signed_char_unsigned_short_unsigned_char_unsigned_short_i_26  |   9|          2|   20|         40|
    |mxm_execute_ursa_signed_char_unsigned_short_unsigned_char_unsigned_short_i_27  |   9|          2|   20|         40|
    |mxm_execute_ursa_signed_char_unsigned_short_unsigned_char_unsigned_short_i_28  |   9|          2|   20|         40|
    |mxm_execute_ursa_signed_char_unsigned_short_unsigned_char_unsigned_short_i_29  |   9|          2|   20|         40|
    |mxm_execute_ursa_signed_char_unsigned_short_unsigned_char_unsigned_short_i_3   |   9|          2|   20|         40|
    |mxm_execute_ursa_signed_char_unsigned_short_unsigned_char_unsigned_short_i_30  |   9|          2|   20|         40|
    |mxm_execute_ursa_signed_char_unsigned_short_unsigned_char_unsigned_short_i_31  |   9|          2|   20|         40|
    |mxm_execute_ursa_signed_char_unsigned_short_unsigned_char_unsigned_short_i_32  |   9|          2|   20|         40|
    |mxm_execute_ursa_signed_char_unsigned_short_unsigned_char_unsigned_short_i_33  |   9|          2|   20|         40|
    |mxm_execute_ursa_signed_char_unsigned_short_unsigned_char_unsigned_short_i_34  |   9|          2|   20|         40|
    |mxm_execute_ursa_signed_char_unsigned_short_unsigned_char_unsigned_short_i_35  |   9|          2|   20|         40|
    |mxm_execute_ursa_signed_char_unsigned_short_unsigned_char_unsigned_short_i_36  |   9|          2|   20|         40|
    |mxm_execute_ursa_signed_char_unsigned_short_unsigned_char_unsigned_short_i_37  |   9|          2|   20|         40|
    |mxm_execute_ursa_signed_char_unsigned_short_unsigned_char_unsigned_short_i_38  |   9|          2|   20|         40|
    |mxm_execute_ursa_signed_char_unsigned_short_unsigned_char_unsigned_short_i_39  |   9|          2|   20|         40|
    |mxm_execute_ursa_signed_char_unsigned_short_unsigned_char_unsigned_short_i_4   |   9|          2|   20|         40|
    |mxm_execute_ursa_signed_char_unsigned_short_unsigned_char_unsigned_short_i_40  |   9|          2|   20|         40|
    |mxm_execute_ursa_signed_char_unsigned_short_unsigned_char_unsigned_short_i_41  |   9|          2|   20|         40|
    |mxm_execute_ursa_signed_char_unsigned_short_unsigned_char_unsigned_short_i_42  |   9|          2|   20|         40|
    |mxm_execute_ursa_signed_char_unsigned_short_unsigned_char_unsigned_short_i_43  |   9|          2|   20|         40|
    |mxm_execute_ursa_signed_char_unsigned_short_unsigned_char_unsigned_short_i_44  |   9|          2|   20|         40|
    |mxm_execute_ursa_signed_char_unsigned_short_unsigned_char_unsigned_short_i_45  |   9|          2|   20|         40|
    |mxm_execute_ursa_signed_char_unsigned_short_unsigned_char_unsigned_short_i_46  |   9|          2|   20|         40|
    |mxm_execute_ursa_signed_char_unsigned_short_unsigned_char_unsigned_short_i_47  |   9|          2|   20|         40|
    |mxm_execute_ursa_signed_char_unsigned_short_unsigned_char_unsigned_short_i_48  |   9|          2|   20|         40|
    |mxm_execute_ursa_signed_char_unsigned_short_unsigned_char_unsigned_short_i_49  |   9|          2|   20|         40|
    |mxm_execute_ursa_signed_char_unsigned_short_unsigned_char_unsigned_short_i_5   |   9|          2|   20|         40|
    |mxm_execute_ursa_signed_char_unsigned_short_unsigned_char_unsigned_short_i_50  |   9|          2|   20|         40|
    |mxm_execute_ursa_signed_char_unsigned_short_unsigned_char_unsigned_short_i_51  |   9|          2|   20|         40|
    |mxm_execute_ursa_signed_char_unsigned_short_unsigned_char_unsigned_short_i_52  |   9|          2|   20|         40|
    |mxm_execute_ursa_signed_char_unsigned_short_unsigned_char_unsigned_short_i_53  |   9|          2|   20|         40|
    |mxm_execute_ursa_signed_char_unsigned_short_unsigned_char_unsigned_short_i_54  |   9|          2|   20|         40|
    |mxm_execute_ursa_signed_char_unsigned_short_unsigned_char_unsigned_short_i_55  |   9|          2|   20|         40|
    |mxm_execute_ursa_signed_char_unsigned_short_unsigned_char_unsigned_short_i_56  |   9|          2|   20|         40|
    |mxm_execute_ursa_signed_char_unsigned_short_unsigned_char_unsigned_short_i_57  |   9|          2|   20|         40|
    |mxm_execute_ursa_signed_char_unsigned_short_unsigned_char_unsigned_short_i_58  |   9|          2|   20|         40|
    |mxm_execute_ursa_signed_char_unsigned_short_unsigned_char_unsigned_short_i_59  |   9|          2|   20|         40|
    |mxm_execute_ursa_signed_char_unsigned_short_unsigned_char_unsigned_short_i_6   |   9|          2|   20|         40|
    |mxm_execute_ursa_signed_char_unsigned_short_unsigned_char_unsigned_short_i_60  |   9|          2|   20|         40|
    |mxm_execute_ursa_signed_char_unsigned_short_unsigned_char_unsigned_short_i_61  |   9|          2|   20|         40|
    |mxm_execute_ursa_signed_char_unsigned_short_unsigned_char_unsigned_short_i_62  |   9|          2|   20|         40|
    |mxm_execute_ursa_signed_char_unsigned_short_unsigned_char_unsigned_short_i_63  |   9|          2|   20|         40|
    |mxm_execute_ursa_signed_char_unsigned_short_unsigned_char_unsigned_short_i_7   |   9|          2|   20|         40|
    |mxm_execute_ursa_signed_char_unsigned_short_unsigned_char_unsigned_short_i_8   |   9|          2|   20|         40|
    |mxm_execute_ursa_signed_char_unsigned_short_unsigned_char_unsigned_short_i_9   |   9|          2|   20|         40|
    |off_a_fu_484                                                                   |   9|          2|   32|         64|
    |off_b_fu_480                                                                   |   9|          2|   16|         32|
    |off_cj_1_fu_488                                                                |   9|          2|   32|         64|
    |off_cj_fu_472                                                                  |   9|          2|   32|         64|
    +-------------------------------------------------------------------------------+----+-----------+-----+-----------+
    |Total                                                                          | 752|        165| 1439|       2887|
    +-------------------------------------------------------------------------------+----+-----------+-----+-----------+

    * Register: 
    +-------------------------------------------------------------------------------+----+----+-----+-----------+
    |                                      Name                                     | FF | LUT| Bits| Const Bits|
    +-------------------------------------------------------------------------------+----+----+-----+-----------+
    |a0_p_0_data_reg                                                                |  16|   0|   16|          0|
    |a0_p_0_vld_reg                                                                 |   0|   0|    1|          1|
    |add_ln196_reg_1543                                                             |  26|   0|   26|          0|
    |add_ln202_reg_1571                                                             |  13|   0|   13|          0|
    |add_ln238_reg_1590                                                             |  16|   0|   16|          0|
    |add_ln243_reg_1555                                                             |  32|   0|   32|          0|
    |addr_a0_read_reg_1463                                                          |  32|   0|   32|          0|
    |addr_b0_read_reg_1458                                                          |  32|   0|   32|          0|
    |addr_c0_read_reg_1453                                                          |  32|   0|   32|          0|
    |addr_sa_c_reg_1585                                                             |  32|   0|   32|          0|
    |ap_CS_fsm                                                                      |  10|   0|   10|          0|
    |b0_q_0_data_reg                                                                |  16|   0|   16|          0|
    |b0_q_0_vld_reg                                                                 |   0|   0|    1|          1|
    |b0_q_read_reg_1477                                                             |  16|   0|   16|          0|
    |bound_reg_1535                                                                 |  26|   0|   26|          0|
    |grp_mxm_execute_ursa_Pipeline_STREAM_K_fu_532_ap_start_reg                     |   1|   0|    1|          0|
    |grp_sa_store_fu_912_ap_start_reg                                               |   1|   0|    1|          0|
    |icmp_ln202_reg_1548                                                            |   1|   0|    1|          0|
    |indvar_flatten_fu_492                                                          |  26|   0|   26|          0|
    |j_fu_476                                                                       |  13|   0|   13|          0|
    |m_0_data_reg                                                                   |  16|   0|   16|          0|
    |m_0_vld_reg                                                                    |   0|   0|    1|          1|
    |m_read_reg_1468                                                                |  16|   0|   16|          0|
    |mxm_execute_ursa_signed_char_unsigned_short_unsigned_char_unsigned_short_i     |  20|   0|   20|          0|
    |mxm_execute_ursa_signed_char_unsigned_short_unsigned_char_unsigned_short_i_1   |  20|   0|   20|          0|
    |mxm_execute_ursa_signed_char_unsigned_short_unsigned_char_unsigned_short_i_10  |  20|   0|   20|          0|
    |mxm_execute_ursa_signed_char_unsigned_short_unsigned_char_unsigned_short_i_11  |  20|   0|   20|          0|
    |mxm_execute_ursa_signed_char_unsigned_short_unsigned_char_unsigned_short_i_12  |  20|   0|   20|          0|
    |mxm_execute_ursa_signed_char_unsigned_short_unsigned_char_unsigned_short_i_13  |  20|   0|   20|          0|
    |mxm_execute_ursa_signed_char_unsigned_short_unsigned_char_unsigned_short_i_14  |  20|   0|   20|          0|
    |mxm_execute_ursa_signed_char_unsigned_short_unsigned_char_unsigned_short_i_15  |  20|   0|   20|          0|
    |mxm_execute_ursa_signed_char_unsigned_short_unsigned_char_unsigned_short_i_16  |  20|   0|   20|          0|
    |mxm_execute_ursa_signed_char_unsigned_short_unsigned_char_unsigned_short_i_17  |  20|   0|   20|          0|
    |mxm_execute_ursa_signed_char_unsigned_short_unsigned_char_unsigned_short_i_18  |  20|   0|   20|          0|
    |mxm_execute_ursa_signed_char_unsigned_short_unsigned_char_unsigned_short_i_19  |  20|   0|   20|          0|
    |mxm_execute_ursa_signed_char_unsigned_short_unsigned_char_unsigned_short_i_2   |  20|   0|   20|          0|
    |mxm_execute_ursa_signed_char_unsigned_short_unsigned_char_unsigned_short_i_20  |  20|   0|   20|          0|
    |mxm_execute_ursa_signed_char_unsigned_short_unsigned_char_unsigned_short_i_21  |  20|   0|   20|          0|
    |mxm_execute_ursa_signed_char_unsigned_short_unsigned_char_unsigned_short_i_22  |  20|   0|   20|          0|
    |mxm_execute_ursa_signed_char_unsigned_short_unsigned_char_unsigned_short_i_23  |  20|   0|   20|          0|
    |mxm_execute_ursa_signed_char_unsigned_short_unsigned_char_unsigned_short_i_24  |  20|   0|   20|          0|
    |mxm_execute_ursa_signed_char_unsigned_short_unsigned_char_unsigned_short_i_25  |  20|   0|   20|          0|
    |mxm_execute_ursa_signed_char_unsigned_short_unsigned_char_unsigned_short_i_26  |  20|   0|   20|          0|
    |mxm_execute_ursa_signed_char_unsigned_short_unsigned_char_unsigned_short_i_27  |  20|   0|   20|          0|
    |mxm_execute_ursa_signed_char_unsigned_short_unsigned_char_unsigned_short_i_28  |  20|   0|   20|          0|
    |mxm_execute_ursa_signed_char_unsigned_short_unsigned_char_unsigned_short_i_29  |  20|   0|   20|          0|
    |mxm_execute_ursa_signed_char_unsigned_short_unsigned_char_unsigned_short_i_3   |  20|   0|   20|          0|
    |mxm_execute_ursa_signed_char_unsigned_short_unsigned_char_unsigned_short_i_30  |  20|   0|   20|          0|
    |mxm_execute_ursa_signed_char_unsigned_short_unsigned_char_unsigned_short_i_31  |  20|   0|   20|          0|
    |mxm_execute_ursa_signed_char_unsigned_short_unsigned_char_unsigned_short_i_32  |  20|   0|   20|          0|
    |mxm_execute_ursa_signed_char_unsigned_short_unsigned_char_unsigned_short_i_33  |  20|   0|   20|          0|
    |mxm_execute_ursa_signed_char_unsigned_short_unsigned_char_unsigned_short_i_34  |  20|   0|   20|          0|
    |mxm_execute_ursa_signed_char_unsigned_short_unsigned_char_unsigned_short_i_35  |  20|   0|   20|          0|
    |mxm_execute_ursa_signed_char_unsigned_short_unsigned_char_unsigned_short_i_36  |  20|   0|   20|          0|
    |mxm_execute_ursa_signed_char_unsigned_short_unsigned_char_unsigned_short_i_37  |  20|   0|   20|          0|
    |mxm_execute_ursa_signed_char_unsigned_short_unsigned_char_unsigned_short_i_38  |  20|   0|   20|          0|
    |mxm_execute_ursa_signed_char_unsigned_short_unsigned_char_unsigned_short_i_39  |  20|   0|   20|          0|
    |mxm_execute_ursa_signed_char_unsigned_short_unsigned_char_unsigned_short_i_4   |  20|   0|   20|          0|
    |mxm_execute_ursa_signed_char_unsigned_short_unsigned_char_unsigned_short_i_40  |  20|   0|   20|          0|
    |mxm_execute_ursa_signed_char_unsigned_short_unsigned_char_unsigned_short_i_41  |  20|   0|   20|          0|
    |mxm_execute_ursa_signed_char_unsigned_short_unsigned_char_unsigned_short_i_42  |  20|   0|   20|          0|
    |mxm_execute_ursa_signed_char_unsigned_short_unsigned_char_unsigned_short_i_43  |  20|   0|   20|          0|
    |mxm_execute_ursa_signed_char_unsigned_short_unsigned_char_unsigned_short_i_44  |  20|   0|   20|          0|
    |mxm_execute_ursa_signed_char_unsigned_short_unsigned_char_unsigned_short_i_45  |  20|   0|   20|          0|
    |mxm_execute_ursa_signed_char_unsigned_short_unsigned_char_unsigned_short_i_46  |  20|   0|   20|          0|
    |mxm_execute_ursa_signed_char_unsigned_short_unsigned_char_unsigned_short_i_47  |  20|   0|   20|          0|
    |mxm_execute_ursa_signed_char_unsigned_short_unsigned_char_unsigned_short_i_48  |  20|   0|   20|          0|
    |mxm_execute_ursa_signed_char_unsigned_short_unsigned_char_unsigned_short_i_49  |  20|   0|   20|          0|
    |mxm_execute_ursa_signed_char_unsigned_short_unsigned_char_unsigned_short_i_5   |  20|   0|   20|          0|
    |mxm_execute_ursa_signed_char_unsigned_short_unsigned_char_unsigned_short_i_50  |  20|   0|   20|          0|
    |mxm_execute_ursa_signed_char_unsigned_short_unsigned_char_unsigned_short_i_51  |  20|   0|   20|          0|
    |mxm_execute_ursa_signed_char_unsigned_short_unsigned_char_unsigned_short_i_52  |  20|   0|   20|          0|
    |mxm_execute_ursa_signed_char_unsigned_short_unsigned_char_unsigned_short_i_53  |  20|   0|   20|          0|
    |mxm_execute_ursa_signed_char_unsigned_short_unsigned_char_unsigned_short_i_54  |  20|   0|   20|          0|
    |mxm_execute_ursa_signed_char_unsigned_short_unsigned_char_unsigned_short_i_55  |  20|   0|   20|          0|
    |mxm_execute_ursa_signed_char_unsigned_short_unsigned_char_unsigned_short_i_56  |  20|   0|   20|          0|
    |mxm_execute_ursa_signed_char_unsigned_short_unsigned_char_unsigned_short_i_57  |  20|   0|   20|          0|
    |mxm_execute_ursa_signed_char_unsigned_short_unsigned_char_unsigned_short_i_58  |  20|   0|   20|          0|
    |mxm_execute_ursa_signed_char_unsigned_short_unsigned_char_unsigned_short_i_59  |  20|   0|   20|          0|
    |mxm_execute_ursa_signed_char_unsigned_short_unsigned_char_unsigned_short_i_6   |  20|   0|   20|          0|
    |mxm_execute_ursa_signed_char_unsigned_short_unsigned_char_unsigned_short_i_60  |  20|   0|   20|          0|
    |mxm_execute_ursa_signed_char_unsigned_short_unsigned_char_unsigned_short_i_61  |  20|   0|   20|          0|
    |mxm_execute_ursa_signed_char_unsigned_short_unsigned_char_unsigned_short_i_62  |  20|   0|   20|          0|
    |mxm_execute_ursa_signed_char_unsigned_short_unsigned_char_unsigned_short_i_63  |  20|   0|   20|          0|
    |mxm_execute_ursa_signed_char_unsigned_short_unsigned_char_unsigned_short_i_7   |  20|   0|   20|          0|
    |mxm_execute_ursa_signed_char_unsigned_short_unsigned_char_unsigned_short_i_8   |  20|   0|   20|          0|
    |mxm_execute_ursa_signed_char_unsigned_short_unsigned_char_unsigned_short_i_9   |  20|   0|   20|          0|
    |off_a_fu_484                                                                   |  32|   0|   32|          0|
    |off_b_fu_480                                                                   |  16|   0|   16|          0|
    |off_cj_1_fu_488                                                                |  32|   0|   32|          0|
    |off_cj_2_reg_1595                                                              |  32|   0|   32|          0|
    |off_cj_fu_472                                                                  |  32|   0|   32|          0|
    |select_ln193_reg_1576                                                          |  16|   0|   16|          0|
    |select_ln196_1_reg_1565                                                        |  32|   0|   32|          0|
    |select_ln196_reg_1560                                                          |  32|   0|   32|          0|
    |stride_a_reg_1509                                                              |  16|   0|   19|          3|
    |stride_c_reg_1520                                                              |  16|   0|   19|          3|
    |sub22_reg_1530                                                                 |  17|   0|   17|          0|
    |trunc_ln2_reg_1493                                                             |  13|   0|   13|          0|
    |trunc_ln_reg_1488                                                              |  13|   0|   13|          0|
    |zext_ln190_1_reg_1515                                                          |  16|   0|   32|         16|
    |zext_ln191_reg_1525                                                            |  16|   0|   32|         16|
    +-------------------------------------------------------------------------------+----+----+-----+-----------+
    |Total                                                                          |1984|   0| 2025|         41|
    +-------------------------------------------------------------------------------+----+----+-----+-----------+



================================================================
== Interface
================================================================
* Summary: 
+-----------------------+-----+-----+------------+------------------+--------------+
|       RTL Ports       | Dir | Bits|  Protocol  |   Source Object  |    C Type    |
+-----------------------+-----+-----+------------+------------------+--------------+
|s_axi_ap_AWVALID       |   in|    1|       s_axi|                ap|        scalar|
|s_axi_ap_AWREADY       |  out|    1|       s_axi|                ap|        scalar|
|s_axi_ap_AWADDR        |   in|    6|       s_axi|                ap|        scalar|
|s_axi_ap_WVALID        |   in|    1|       s_axi|                ap|        scalar|
|s_axi_ap_WREADY        |  out|    1|       s_axi|                ap|        scalar|
|s_axi_ap_WDATA         |   in|   32|       s_axi|                ap|        scalar|
|s_axi_ap_WSTRB         |   in|    4|       s_axi|                ap|        scalar|
|s_axi_ap_ARVALID       |   in|    1|       s_axi|                ap|        scalar|
|s_axi_ap_ARREADY       |  out|    1|       s_axi|                ap|        scalar|
|s_axi_ap_ARADDR        |   in|    6|       s_axi|                ap|        scalar|
|s_axi_ap_RVALID        |  out|    1|       s_axi|                ap|        scalar|
|s_axi_ap_RREADY        |   in|    1|       s_axi|                ap|        scalar|
|s_axi_ap_RDATA         |  out|   32|       s_axi|                ap|        scalar|
|s_axi_ap_RRESP         |  out|    2|       s_axi|                ap|        scalar|
|s_axi_ap_BVALID        |  out|    1|       s_axi|                ap|        scalar|
|s_axi_ap_BREADY        |   in|    1|       s_axi|                ap|        scalar|
|s_axi_ap_BRESP         |  out|    2|       s_axi|                ap|        scalar|
|s_axi_control_AWVALID  |   in|    1|       s_axi|           control|        scalar|
|s_axi_control_AWREADY  |  out|    1|       s_axi|           control|        scalar|
|s_axi_control_AWADDR   |   in|    6|       s_axi|           control|        scalar|
|s_axi_control_WVALID   |   in|    1|       s_axi|           control|        scalar|
|s_axi_control_WREADY   |  out|    1|       s_axi|           control|        scalar|
|s_axi_control_WDATA    |   in|   32|       s_axi|           control|        scalar|
|s_axi_control_WSTRB    |   in|    4|       s_axi|           control|        scalar|
|s_axi_control_ARVALID  |   in|    1|       s_axi|           control|        scalar|
|s_axi_control_ARREADY  |  out|    1|       s_axi|           control|        scalar|
|s_axi_control_ARADDR   |   in|    6|       s_axi|           control|        scalar|
|s_axi_control_RVALID   |  out|    1|       s_axi|           control|        scalar|
|s_axi_control_RREADY   |   in|    1|       s_axi|           control|        scalar|
|s_axi_control_RDATA    |  out|   32|       s_axi|           control|        scalar|
|s_axi_control_RRESP    |  out|    2|       s_axi|           control|        scalar|
|s_axi_control_BVALID   |  out|    1|       s_axi|           control|        scalar|
|s_axi_control_BREADY   |   in|    1|       s_axi|           control|        scalar|
|s_axi_control_BRESP    |  out|    2|       s_axi|           control|        scalar|
|ap_clk                 |   in|    1|  ap_ctrl_hs|  mxm_execute_ursa|  return value|
|ap_rst_n               |   in|    1|  ap_ctrl_hs|  mxm_execute_ursa|  return value|
|interrupt              |  out|    1|  ap_ctrl_hs|  mxm_execute_ursa|  return value|
|m_axi_aw_AWVALID       |  out|    1|       m_axi|                aw|       pointer|
|m_axi_aw_AWREADY       |   in|    1|       m_axi|                aw|       pointer|
|m_axi_aw_AWADDR        |  out|   32|       m_axi|                aw|       pointer|
|m_axi_aw_AWID          |  out|    1|       m_axi|                aw|       pointer|
|m_axi_aw_AWLEN         |  out|    8|       m_axi|                aw|       pointer|
|m_axi_aw_AWSIZE        |  out|    3|       m_axi|                aw|       pointer|
|m_axi_aw_AWBURST       |  out|    2|       m_axi|                aw|       pointer|
|m_axi_aw_AWLOCK        |  out|    2|       m_axi|                aw|       pointer|
|m_axi_aw_AWCACHE       |  out|    4|       m_axi|                aw|       pointer|
|m_axi_aw_AWPROT        |  out|    3|       m_axi|                aw|       pointer|
|m_axi_aw_AWQOS         |  out|    4|       m_axi|                aw|       pointer|
|m_axi_aw_AWREGION      |  out|    4|       m_axi|                aw|       pointer|
|m_axi_aw_AWUSER        |  out|    1|       m_axi|                aw|       pointer|
|m_axi_aw_WVALID        |  out|    1|       m_axi|                aw|       pointer|
|m_axi_aw_WREADY        |   in|    1|       m_axi|                aw|       pointer|
|m_axi_aw_WDATA         |  out|   32|       m_axi|                aw|       pointer|
|m_axi_aw_WSTRB         |  out|    4|       m_axi|                aw|       pointer|
|m_axi_aw_WLAST         |  out|    1|       m_axi|                aw|       pointer|
|m_axi_aw_WID           |  out|    1|       m_axi|                aw|       pointer|
|m_axi_aw_WUSER         |  out|    1|       m_axi|                aw|       pointer|
|m_axi_aw_ARVALID       |  out|    1|       m_axi|                aw|       pointer|
|m_axi_aw_ARREADY       |   in|    1|       m_axi|                aw|       pointer|
|m_axi_aw_ARADDR        |  out|   32|       m_axi|                aw|       pointer|
|m_axi_aw_ARID          |  out|    1|       m_axi|                aw|       pointer|
|m_axi_aw_ARLEN         |  out|    8|       m_axi|                aw|       pointer|
|m_axi_aw_ARSIZE        |  out|    3|       m_axi|                aw|       pointer|
|m_axi_aw_ARBURST       |  out|    2|       m_axi|                aw|       pointer|
|m_axi_aw_ARLOCK        |  out|    2|       m_axi|                aw|       pointer|
|m_axi_aw_ARCACHE       |  out|    4|       m_axi|                aw|       pointer|
|m_axi_aw_ARPROT        |  out|    3|       m_axi|                aw|       pointer|
|m_axi_aw_ARQOS         |  out|    4|       m_axi|                aw|       pointer|
|m_axi_aw_ARREGION      |  out|    4|       m_axi|                aw|       pointer|
|m_axi_aw_ARUSER        |  out|    1|       m_axi|                aw|       pointer|
|m_axi_aw_RVALID        |   in|    1|       m_axi|                aw|       pointer|
|m_axi_aw_RREADY        |  out|    1|       m_axi|                aw|       pointer|
|m_axi_aw_RDATA         |   in|   32|       m_axi|                aw|       pointer|
|m_axi_aw_RLAST         |   in|    1|       m_axi|                aw|       pointer|
|m_axi_aw_RID           |   in|    1|       m_axi|                aw|       pointer|
|m_axi_aw_RUSER         |   in|    1|       m_axi|                aw|       pointer|
|m_axi_aw_RRESP         |   in|    2|       m_axi|                aw|       pointer|
|m_axi_aw_BVALID        |   in|    1|       m_axi|                aw|       pointer|
|m_axi_aw_BREADY        |  out|    1|       m_axi|                aw|       pointer|
|m_axi_aw_BRESP         |   in|    2|       m_axi|                aw|       pointer|
|m_axi_aw_BID           |   in|    1|       m_axi|                aw|       pointer|
|m_axi_aw_BUSER         |   in|    1|       m_axi|                aw|       pointer|
|m_axi_bi_AWVALID       |  out|    1|       m_axi|                bi|       pointer|
|m_axi_bi_AWREADY       |   in|    1|       m_axi|                bi|       pointer|
|m_axi_bi_AWADDR        |  out|   32|       m_axi|                bi|       pointer|
|m_axi_bi_AWID          |  out|    1|       m_axi|                bi|       pointer|
|m_axi_bi_AWLEN         |  out|    8|       m_axi|                bi|       pointer|
|m_axi_bi_AWSIZE        |  out|    3|       m_axi|                bi|       pointer|
|m_axi_bi_AWBURST       |  out|    2|       m_axi|                bi|       pointer|
|m_axi_bi_AWLOCK        |  out|    2|       m_axi|                bi|       pointer|
|m_axi_bi_AWCACHE       |  out|    4|       m_axi|                bi|       pointer|
|m_axi_bi_AWPROT        |  out|    3|       m_axi|                bi|       pointer|
|m_axi_bi_AWQOS         |  out|    4|       m_axi|                bi|       pointer|
|m_axi_bi_AWREGION      |  out|    4|       m_axi|                bi|       pointer|
|m_axi_bi_AWUSER        |  out|    1|       m_axi|                bi|       pointer|
|m_axi_bi_WVALID        |  out|    1|       m_axi|                bi|       pointer|
|m_axi_bi_WREADY        |   in|    1|       m_axi|                bi|       pointer|
|m_axi_bi_WDATA         |  out|   32|       m_axi|                bi|       pointer|
|m_axi_bi_WSTRB         |  out|    4|       m_axi|                bi|       pointer|
|m_axi_bi_WLAST         |  out|    1|       m_axi|                bi|       pointer|
|m_axi_bi_WID           |  out|    1|       m_axi|                bi|       pointer|
|m_axi_bi_WUSER         |  out|    1|       m_axi|                bi|       pointer|
|m_axi_bi_ARVALID       |  out|    1|       m_axi|                bi|       pointer|
|m_axi_bi_ARREADY       |   in|    1|       m_axi|                bi|       pointer|
|m_axi_bi_ARADDR        |  out|   32|       m_axi|                bi|       pointer|
|m_axi_bi_ARID          |  out|    1|       m_axi|                bi|       pointer|
|m_axi_bi_ARLEN         |  out|    8|       m_axi|                bi|       pointer|
|m_axi_bi_ARSIZE        |  out|    3|       m_axi|                bi|       pointer|
|m_axi_bi_ARBURST       |  out|    2|       m_axi|                bi|       pointer|
|m_axi_bi_ARLOCK        |  out|    2|       m_axi|                bi|       pointer|
|m_axi_bi_ARCACHE       |  out|    4|       m_axi|                bi|       pointer|
|m_axi_bi_ARPROT        |  out|    3|       m_axi|                bi|       pointer|
|m_axi_bi_ARQOS         |  out|    4|       m_axi|                bi|       pointer|
|m_axi_bi_ARREGION      |  out|    4|       m_axi|                bi|       pointer|
|m_axi_bi_ARUSER        |  out|    1|       m_axi|                bi|       pointer|
|m_axi_bi_RVALID        |   in|    1|       m_axi|                bi|       pointer|
|m_axi_bi_RREADY        |  out|    1|       m_axi|                bi|       pointer|
|m_axi_bi_RDATA         |   in|   32|       m_axi|                bi|       pointer|
|m_axi_bi_RLAST         |   in|    1|       m_axi|                bi|       pointer|
|m_axi_bi_RID           |   in|    1|       m_axi|                bi|       pointer|
|m_axi_bi_RUSER         |   in|    1|       m_axi|                bi|       pointer|
|m_axi_bi_RRESP         |   in|    2|       m_axi|                bi|       pointer|
|m_axi_bi_BVALID        |   in|    1|       m_axi|                bi|       pointer|
|m_axi_bi_BREADY        |  out|    1|       m_axi|                bi|       pointer|
|m_axi_bi_BRESP         |   in|    2|       m_axi|                bi|       pointer|
|m_axi_bi_BID           |   in|    1|       m_axi|                bi|       pointer|
|m_axi_bi_BUSER         |   in|    1|       m_axi|                bi|       pointer|
|m_axi_ca_AWVALID       |  out|    1|       m_axi|                ca|       pointer|
|m_axi_ca_AWREADY       |   in|    1|       m_axi|                ca|       pointer|
|m_axi_ca_AWADDR        |  out|   32|       m_axi|                ca|       pointer|
|m_axi_ca_AWID          |  out|    1|       m_axi|                ca|       pointer|
|m_axi_ca_AWLEN         |  out|    8|       m_axi|                ca|       pointer|
|m_axi_ca_AWSIZE        |  out|    3|       m_axi|                ca|       pointer|
|m_axi_ca_AWBURST       |  out|    2|       m_axi|                ca|       pointer|
|m_axi_ca_AWLOCK        |  out|    2|       m_axi|                ca|       pointer|
|m_axi_ca_AWCACHE       |  out|    4|       m_axi|                ca|       pointer|
|m_axi_ca_AWPROT        |  out|    3|       m_axi|                ca|       pointer|
|m_axi_ca_AWQOS         |  out|    4|       m_axi|                ca|       pointer|
|m_axi_ca_AWREGION      |  out|    4|       m_axi|                ca|       pointer|
|m_axi_ca_AWUSER        |  out|    1|       m_axi|                ca|       pointer|
|m_axi_ca_WVALID        |  out|    1|       m_axi|                ca|       pointer|
|m_axi_ca_WREADY        |   in|    1|       m_axi|                ca|       pointer|
|m_axi_ca_WDATA         |  out|   32|       m_axi|                ca|       pointer|
|m_axi_ca_WSTRB         |  out|    4|       m_axi|                ca|       pointer|
|m_axi_ca_WLAST         |  out|    1|       m_axi|                ca|       pointer|
|m_axi_ca_WID           |  out|    1|       m_axi|                ca|       pointer|
|m_axi_ca_WUSER         |  out|    1|       m_axi|                ca|       pointer|
|m_axi_ca_ARVALID       |  out|    1|       m_axi|                ca|       pointer|
|m_axi_ca_ARREADY       |   in|    1|       m_axi|                ca|       pointer|
|m_axi_ca_ARADDR        |  out|   32|       m_axi|                ca|       pointer|
|m_axi_ca_ARID          |  out|    1|       m_axi|                ca|       pointer|
|m_axi_ca_ARLEN         |  out|    8|       m_axi|                ca|       pointer|
|m_axi_ca_ARSIZE        |  out|    3|       m_axi|                ca|       pointer|
|m_axi_ca_ARBURST       |  out|    2|       m_axi|                ca|       pointer|
|m_axi_ca_ARLOCK        |  out|    2|       m_axi|                ca|       pointer|
|m_axi_ca_ARCACHE       |  out|    4|       m_axi|                ca|       pointer|
|m_axi_ca_ARPROT        |  out|    3|       m_axi|                ca|       pointer|
|m_axi_ca_ARQOS         |  out|    4|       m_axi|                ca|       pointer|
|m_axi_ca_ARREGION      |  out|    4|       m_axi|                ca|       pointer|
|m_axi_ca_ARUSER        |  out|    1|       m_axi|                ca|       pointer|
|m_axi_ca_RVALID        |   in|    1|       m_axi|                ca|       pointer|
|m_axi_ca_RREADY        |  out|    1|       m_axi|                ca|       pointer|
|m_axi_ca_RDATA         |   in|   32|       m_axi|                ca|       pointer|
|m_axi_ca_RLAST         |   in|    1|       m_axi|                ca|       pointer|
|m_axi_ca_RID           |   in|    1|       m_axi|                ca|       pointer|
|m_axi_ca_RUSER         |   in|    1|       m_axi|                ca|       pointer|
|m_axi_ca_RRESP         |   in|    2|       m_axi|                ca|       pointer|
|m_axi_ca_BVALID        |   in|    1|       m_axi|                ca|       pointer|
|m_axi_ca_BREADY        |  out|    1|       m_axi|                ca|       pointer|
|m_axi_ca_BRESP         |   in|    2|       m_axi|                ca|       pointer|
|m_axi_ca_BID           |   in|    1|       m_axi|                ca|       pointer|
|m_axi_ca_BUSER         |   in|    1|       m_axi|                ca|       pointer|
+-----------------------+-----+-----+------------+------------------+--------------+

