

================================================================
== Vitis HLS Report for 'mxm_execute_ursa'
================================================================
* Date:           Wed Sep  9 20:44:06 2026

* Version:        2023.2 (Build 4023990 on Oct 11 2023)
* Project:        mxm_execute_ursa
* Solution:       hls (Vivado IP Flow Target)
* Product family: zynq
* Target device:  xc7z020-clg484-1


================================================================
== Performance Estimates
================================================================
+ Timing: 
    * Summary: 
    +--------+----------+-----------+------------+
    |  Clock |  Target  | Estimated | Uncertainty|
    +--------+----------+-----------+------------+
    |ap_clk  |  10.00 ns|  10.173 ns|     2.70 ns|
    +--------+----------+-----------+------------+

+ Latency: 
    * Summary: 
    +---------+-----------------+-----------+-------------+-----+-----------------+---------+
    |      Latency (cycles)     |    Latency (absolute)   |        Interval       | Pipeline|
    |   min   |       max       |    min    |     max     | min |       max       |   Type  |
    +---------+-----------------+-----------+-------------+-----+-----------------+---------+
    |        2|  140763256193058|  20.346 ns|  1.4e+06 sec|    3|  140763256193059|       no|
    +---------+-----------------+-----------+-------------+-----+-----------------+---------+

    + Detail: 
        * Instance: 
        N/A

        * Loop: 
        +---------------------+---------+-----------------+-------------+-----------+-----------+----------------+----------+
        |                     |      Latency (cycles)     |  Iteration  |  Initiation Interval  |      Trip      |          |
        |      Loop Name      |   min   |       max       |   Latency   |  achieved |   target  |      Count     | Pipelined|
        +---------------------+---------+-----------------+-------------+-----------+-----------+----------------+----------+
        |- TILE_ROW_TILE_COL  |        0|  140763256193056|  34 ~ 131104|          -|          -|  0 ~ 1073676289|        no|
        +---------------------+---------+-----------------+-------------+-----------+-----------+----------------+----------+

============================================================
+ Verbose Summary: Synthesis Manager
============================================================
InlineROM: 1
ExposeGlobal: 0
============================================================
+ Verbose Summary: CDFG Model
============================================================
IsTopModel: 1
ResetActiveHigh: 1
IsCombinational: 0
IsDatapathOnly: 0
HasWiredReturn: 1
HasMFsm: 0
HasVarLatency: 1
IsPipeline: 0
IsRtlPipelined: 0
IsInstanceOverlapped: 0
IsDontTouch: 0
HasImplIP: 0
IsGatedGlobalClock: 0


============================================================
+ Verbose Summary: Schedule
============================================================
* Number of FSM states : 16
* Pipeline : 0
* Dataflow Pipeline: 0

* FSM state transitions: 
1 --> 2 
2 --> 3 
3 --> 4 
4 --> 5 
5 --> 6 
6 --> 7 
7 --> 8 
8 --> 9 
9 --> 10 
10 --> 11 
11 --> 12 
12 --> 13 
13 --> 14 
14 --> 15 
15 --> 16 
16 --> 3 

* FSM state operations: 

State 1 <SV = 0> <Delay = 1.58>
ST_1 : Operation 17 [1/1] (0.00ns)   --->   "%off_cj = alloca i32 1" [/home/ulisses/Projects/ursa/exp/output-stationary/vitis_component/inp_data/hls_src/core/shell.cpp:142]   --->   Operation 17 'alloca' 'off_cj' <Predicate = true> <Delay = 0.00>
ST_1 : Operation 18 [1/1] (0.00ns)   --->   "%j = alloca i32 1" [/home/ulisses/Projects/ursa/exp/output-stationary/vitis_component/inp_data/hls_src/core/shell.cpp:144]   --->   Operation 18 'alloca' 'j' <Predicate = true> <Delay = 0.00>
ST_1 : Operation 19 [1/1] (0.00ns)   --->   "%off_b = alloca i32 1" [/home/ulisses/Projects/ursa/exp/output-stationary/vitis_component/inp_data/hls_src/core/shell.cpp:141]   --->   Operation 19 'alloca' 'off_b' <Predicate = true> <Delay = 0.00>
ST_1 : Operation 20 [1/1] (0.00ns)   --->   "%off_a = alloca i32 1" [/home/ulisses/Projects/ursa/exp/output-stationary/vitis_component/inp_data/hls_src/core/shell.cpp:135]   --->   Operation 20 'alloca' 'off_a' <Predicate = true> <Delay = 0.00>
ST_1 : Operation 21 [1/1] (0.00ns)   --->   "%off_cj_1 = alloca i32 1" [/home/ulisses/Projects/ursa/exp/output-stationary/vitis_component/inp_data/hls_src/core/shell.cpp:142]   --->   Operation 21 'alloca' 'off_cj_1' <Predicate = true> <Delay = 0.00>
ST_1 : Operation 22 [1/1] (0.00ns)   --->   "%indvar_flatten = alloca i32 1"   --->   Operation 22 'alloca' 'indvar_flatten' <Predicate = true> <Delay = 0.00>
ST_1 : Operation 23 [2/2] (1.00ns)   --->   "%m_read = read i16 @_ssdm_op_Read.s_axilite.i16, i16 %m" [/home/ulisses/Projects/ursa/exp/output-stationary/vitis_component/inp_data/hls_src/core/shell.cpp:78]   --->   Operation 23 'read' 'm_read' <Predicate = true> <Delay = 1.00> <CoreInst = "s_axilite">   --->   Core 114 's_axilite' <Latency = 0> <II = 1> <Delay = 1.00> <Adapter> <Opcode : 'read' 'write'>
ST_1 : Operation 24 [1/1] (1.00ns)   --->   "%addr_c0_read = read i32 @_ssdm_op_Read.s_axilite.i32, i32 %addr_c0" [/home/ulisses/Projects/ursa/exp/output-stationary/vitis_component/inp_data/hls_src/core/shell.cpp:78]   --->   Operation 24 'read' 'addr_c0_read' <Predicate = true> <Delay = 1.00> <CoreInst = "s_axilite">   --->   Core 114 's_axilite' <Latency = 0> <II = 1> <Delay = 1.00> <Adapter> <Opcode : 'read' 'write'>
ST_1 : Operation 25 [2/2] (1.00ns)   --->   "%b0_q_read = read i16 @_ssdm_op_Read.s_axilite.i16, i16 %b0_q" [/home/ulisses/Projects/ursa/exp/output-stationary/vitis_component/inp_data/hls_src/core/shell.cpp:78]   --->   Operation 25 'read' 'b0_q_read' <Predicate = true> <Delay = 1.00> <CoreInst = "s_axilite">   --->   Core 114 's_axilite' <Latency = 0> <II = 1> <Delay = 1.00> <Adapter> <Opcode : 'read' 'write'>
ST_1 : Operation 26 [1/1] (1.00ns)   --->   "%addr_b0_read = read i32 @_ssdm_op_Read.s_axilite.i32, i32 %addr_b0" [/home/ulisses/Projects/ursa/exp/output-stationary/vitis_component/inp_data/hls_src/core/shell.cpp:78]   --->   Operation 26 'read' 'addr_b0_read' <Predicate = true> <Delay = 1.00> <CoreInst = "s_axilite">   --->   Core 114 's_axilite' <Latency = 0> <II = 1> <Delay = 1.00> <Adapter> <Opcode : 'read' 'write'>
ST_1 : Operation 27 [2/2] (1.00ns)   --->   "%a0_p_read = read i16 @_ssdm_op_Read.s_axilite.i16, i16 %a0_p" [/home/ulisses/Projects/ursa/exp/output-stationary/vitis_component/inp_data/hls_src/core/shell.cpp:78]   --->   Operation 27 'read' 'a0_p_read' <Predicate = true> <Delay = 1.00> <CoreInst = "s_axilite">   --->   Core 114 's_axilite' <Latency = 0> <II = 1> <Delay = 1.00> <Adapter> <Opcode : 'read' 'write'>
ST_1 : Operation 28 [1/1] (1.00ns)   --->   "%addr_a0_read = read i32 @_ssdm_op_Read.s_axilite.i32, i32 %addr_a0" [/home/ulisses/Projects/ursa/exp/output-stationary/vitis_component/inp_data/hls_src/core/shell.cpp:78]   --->   Operation 28 'read' 'addr_a0_read' <Predicate = true> <Delay = 1.00> <CoreInst = "s_axilite">   --->   Core 114 's_axilite' <Latency = 0> <II = 1> <Delay = 1.00> <Adapter> <Opcode : 'read' 'write'>
ST_1 : Operation 29 [1/1] (1.58ns)   --->   "%store_ln0 = store i30 0, i30 %indvar_flatten"   --->   Operation 29 'store' 'store_ln0' <Predicate = true> <Delay = 1.58>
ST_1 : Operation 30 [1/1] (1.58ns)   --->   "%store_ln142 = store i32 0, i32 %off_cj_1" [/home/ulisses/Projects/ursa/exp/output-stationary/vitis_component/inp_data/hls_src/core/shell.cpp:142]   --->   Operation 30 'store' 'store_ln142' <Predicate = true> <Delay = 1.58>
ST_1 : Operation 31 [1/1] (1.58ns)   --->   "%store_ln135 = store i32 0, i32 %off_a" [/home/ulisses/Projects/ursa/exp/output-stationary/vitis_component/inp_data/hls_src/core/shell.cpp:135]   --->   Operation 31 'store' 'store_ln135' <Predicate = true> <Delay = 1.58>
ST_1 : Operation 32 [1/1] (1.58ns)   --->   "%store_ln141 = store i16 0, i16 %off_b" [/home/ulisses/Projects/ursa/exp/output-stationary/vitis_component/inp_data/hls_src/core/shell.cpp:141]   --->   Operation 32 'store' 'store_ln141' <Predicate = true> <Delay = 1.58>
ST_1 : Operation 33 [1/1] (1.58ns)   --->   "%store_ln144 = store i15 0, i15 %j" [/home/ulisses/Projects/ursa/exp/output-stationary/vitis_component/inp_data/hls_src/core/shell.cpp:144]   --->   Operation 33 'store' 'store_ln144' <Predicate = true> <Delay = 1.58>
ST_1 : Operation 34 [1/1] (1.58ns)   --->   "%store_ln142 = store i32 0, i32 %off_cj" [/home/ulisses/Projects/ursa/exp/output-stationary/vitis_component/inp_data/hls_src/core/shell.cpp:142]   --->   Operation 34 'store' 'store_ln142' <Predicate = true> <Delay = 1.58>

State 2 <SV = 1> <Delay = 6.59>
ST_2 : Operation 35 [1/1] (0.00ns)   --->   "%specbitsmap_ln0 = specbitsmap void @_ssdm_op_SpecBitsMap, i8 0"   --->   Operation 35 'specbitsmap' 'specbitsmap_ln0' <Predicate = true> <Delay = 0.00>
ST_2 : Operation 36 [1/1] (0.00ns)   --->   "%spectopmodule_ln77 = spectopmodule void @_ssdm_op_SpecTopModule, void @empty_15" [/home/ulisses/Projects/ursa/exp/output-stationary/vitis_component/inp_data/hls_src/core/shell.cpp:77]   --->   Operation 36 'spectopmodule' 'spectopmodule_ln77' <Predicate = true> <Delay = 0.00>
ST_2 : Operation 37 [1/1] (0.00ns)   --->   "%specinterface_ln0 = specinterface void @_ssdm_op_SpecInterface, i8 %aw, void @empty_7, i32 0, i32 0, void @empty_0, i32 0, i32 0, void @empty, void @empty_2, void @empty_0, i32 8, i32 8, i32 64, i32 16, void @empty_0, void @empty_0, i32 4294967295, i32 0"   --->   Operation 37 'specinterface' 'specinterface_ln0' <Predicate = true> <Delay = 0.00>
ST_2 : Operation 38 [1/1] (0.00ns)   --->   "%specbitsmap_ln0 = specbitsmap void @_ssdm_op_SpecBitsMap, i8 %aw"   --->   Operation 38 'specbitsmap' 'specbitsmap_ln0' <Predicate = true> <Delay = 0.00>
ST_2 : Operation 39 [1/1] (0.00ns)   --->   "%specinterface_ln0 = specinterface void @_ssdm_op_SpecInterface, i8 %bi, void @empty_7, i32 0, i32 0, void @empty_0, i32 0, i32 0, void @empty_8, void @empty_2, void @empty_0, i32 8, i32 8, i32 64, i32 16, void @empty_0, void @empty_0, i32 4294967295, i32 0"   --->   Operation 39 'specinterface' 'specinterface_ln0' <Predicate = true> <Delay = 0.00>
ST_2 : Operation 40 [1/1] (0.00ns)   --->   "%specbitsmap_ln0 = specbitsmap void @_ssdm_op_SpecBitsMap, i8 %bi"   --->   Operation 40 'specbitsmap' 'specbitsmap_ln0' <Predicate = true> <Delay = 0.00>
ST_2 : Operation 41 [1/1] (0.00ns)   --->   "%specinterface_ln0 = specinterface void @_ssdm_op_SpecInterface, i32 %ca, void @empty_7, i32 0, i32 0, void @empty_0, i32 0, i32 0, void @empty_9, void @empty_2, void @empty_0, i32 8, i32 8, i32 64, i32 16, void @empty_0, void @empty_0, i32 4294967295, i32 0"   --->   Operation 41 'specinterface' 'specinterface_ln0' <Predicate = true> <Delay = 0.00>
ST_2 : Operation 42 [1/1] (0.00ns)   --->   "%specbitsmap_ln0 = specbitsmap void @_ssdm_op_SpecBitsMap, i32 %ca"   --->   Operation 42 'specbitsmap' 'specbitsmap_ln0' <Predicate = true> <Delay = 0.00>
ST_2 : Operation 43 [1/1] (0.00ns)   --->   "%specinterface_ln0 = specinterface void @_ssdm_op_SpecInterface, i32 %addr_a0, void @empty_13, i32 0, i32 0, void @empty_0, i32 0, i32 0, void @empty_3, void @empty_1, void @empty_0, i32 0, i32 0, i32 0, i32 0, void @empty_0, void @empty_6, i32 4294967295, i32 0"   --->   Operation 43 'specinterface' 'specinterface_ln0' <Predicate = true> <Delay = 0.00>
ST_2 : Operation 44 [1/1] (0.00ns)   --->   "%specinterface_ln0 = specinterface void @_ssdm_op_SpecInterface, i32 %addr_a0, void @empty_5, i32 0, i32 0, void @empty_0, i32 0, i32 0, void @empty_0, void @empty_0, void @empty_0, i32 0, i32 0, i32 0, i32 0, void @empty_0, void @empty_6, i32 4294967295, i32 0"   --->   Operation 44 'specinterface' 'specinterface_ln0' <Predicate = true> <Delay = 0.00>
ST_2 : Operation 45 [1/1] (0.00ns)   --->   "%specbitsmap_ln0 = specbitsmap void @_ssdm_op_SpecBitsMap, i16 %a0_p"   --->   Operation 45 'specbitsmap' 'specbitsmap_ln0' <Predicate = true> <Delay = 0.00>
ST_2 : Operation 46 [1/1] (0.00ns)   --->   "%specinterface_ln0 = specinterface void @_ssdm_op_SpecInterface, i16 %a0_p, void @empty_13, i32 1, i32 1, void @empty_4, i32 0, i32 0, void @empty_10, void @empty_11, void @empty_0, i32 0, i32 0, i32 0, i32 0, void @empty_0, void @empty_0, i32 4294967295, i32 0"   --->   Operation 46 'specinterface' 'specinterface_ln0' <Predicate = true> <Delay = 0.00>
ST_2 : Operation 47 [1/1] (0.00ns)   --->   "%specinterface_ln0 = specinterface void @_ssdm_op_SpecInterface, i16 %a0_p, void @empty_5, i32 1, i32 1, void @empty_0, i32 0, i32 0, void @empty_0, void @empty_0, void @empty_0, i32 0, i32 0, i32 0, i32 0, void @empty_0, void @empty_0, i32 4294967295, i32 0"   --->   Operation 47 'specinterface' 'specinterface_ln0' <Predicate = true> <Delay = 0.00>
ST_2 : Operation 48 [1/1] (0.00ns)   --->   "%specinterface_ln0 = specinterface void @_ssdm_op_SpecInterface, i32 %addr_b0, void @empty_13, i32 0, i32 0, void @empty_0, i32 0, i32 0, void @empty_3, void @empty_11, void @empty_0, i32 0, i32 0, i32 0, i32 0, void @empty_0, void @empty_6, i32 4294967295, i32 0"   --->   Operation 48 'specinterface' 'specinterface_ln0' <Predicate = true> <Delay = 0.00>
ST_2 : Operation 49 [1/1] (0.00ns)   --->   "%specinterface_ln0 = specinterface void @_ssdm_op_SpecInterface, i32 %addr_b0, void @empty_5, i32 0, i32 0, void @empty_0, i32 0, i32 0, void @empty_0, void @empty_0, void @empty_0, i32 0, i32 0, i32 0, i32 0, void @empty_0, void @empty_6, i32 4294967295, i32 0"   --->   Operation 49 'specinterface' 'specinterface_ln0' <Predicate = true> <Delay = 0.00>
ST_2 : Operation 50 [1/1] (0.00ns)   --->   "%specbitsmap_ln0 = specbitsmap void @_ssdm_op_SpecBitsMap, i16 %b0_q"   --->   Operation 50 'specbitsmap' 'specbitsmap_ln0' <Predicate = true> <Delay = 0.00>
ST_2 : Operation 51 [1/1] (0.00ns)   --->   "%specinterface_ln0 = specinterface void @_ssdm_op_SpecInterface, i16 %b0_q, void @empty_13, i32 1, i32 1, void @empty_4, i32 0, i32 0, void @empty_10, void @empty_12, void @empty_0, i32 0, i32 0, i32 0, i32 0, void @empty_0, void @empty_0, i32 4294967295, i32 0"   --->   Operation 51 'specinterface' 'specinterface_ln0' <Predicate = true> <Delay = 0.00>
ST_2 : Operation 52 [1/1] (0.00ns)   --->   "%specinterface_ln0 = specinterface void @_ssdm_op_SpecInterface, i16 %b0_q, void @empty_5, i32 1, i32 1, void @empty_0, i32 0, i32 0, void @empty_0, void @empty_0, void @empty_0, i32 0, i32 0, i32 0, i32 0, void @empty_0, void @empty_0, i32 4294967295, i32 0"   --->   Operation 52 'specinterface' 'specinterface_ln0' <Predicate = true> <Delay = 0.00>
ST_2 : Operation 53 [1/1] (0.00ns)   --->   "%specinterface_ln0 = specinterface void @_ssdm_op_SpecInterface, i32 %addr_c0, void @empty_13, i32 0, i32 0, void @empty_0, i32 0, i32 0, void @empty_3, void @empty_12, void @empty_0, i32 0, i32 0, i32 0, i32 0, void @empty_0, void @empty_6, i32 4294967295, i32 0"   --->   Operation 53 'specinterface' 'specinterface_ln0' <Predicate = true> <Delay = 0.00>
ST_2 : Operation 54 [1/1] (0.00ns)   --->   "%specinterface_ln0 = specinterface void @_ssdm_op_SpecInterface, i32 %addr_c0, void @empty_5, i32 0, i32 0, void @empty_0, i32 0, i32 0, void @empty_0, void @empty_0, void @empty_0, i32 0, i32 0, i32 0, i32 0, void @empty_0, void @empty_6, i32 4294967295, i32 0"   --->   Operation 54 'specinterface' 'specinterface_ln0' <Predicate = true> <Delay = 0.00>
ST_2 : Operation 55 [1/1] (0.00ns)   --->   "%specbitsmap_ln0 = specbitsmap void @_ssdm_op_SpecBitsMap, i16 %m"   --->   Operation 55 'specbitsmap' 'specbitsmap_ln0' <Predicate = true> <Delay = 0.00>
ST_2 : Operation 56 [1/1] (0.00ns)   --->   "%specinterface_ln0 = specinterface void @_ssdm_op_SpecInterface, i16 %m, void @empty_13, i32 1, i32 1, void @empty_4, i32 0, i32 0, void @empty_10, void @empty_16, void @empty_0, i32 0, i32 0, i32 0, i32 0, void @empty_0, void @empty_0, i32 4294967295, i32 0"   --->   Operation 56 'specinterface' 'specinterface_ln0' <Predicate = true> <Delay = 0.00>
ST_2 : Operation 57 [1/1] (0.00ns)   --->   "%specinterface_ln0 = specinterface void @_ssdm_op_SpecInterface, i16 %m, void @empty_5, i32 1, i32 1, void @empty_0, i32 0, i32 0, void @empty_0, void @empty_0, void @empty_0, i32 0, i32 0, i32 0, i32 0, void @empty_0, void @empty_0, i32 4294967295, i32 0"   --->   Operation 57 'specinterface' 'specinterface_ln0' <Predicate = true> <Delay = 0.00>
ST_2 : Operation 58 [1/1] (0.00ns)   --->   "%specinterface_ln0 = specinterface void @_ssdm_op_SpecInterface, i32 0, void @empty_13, i32 0, i32 0, void @empty_0, i32 0, i32 0, void @empty_10, void @empty_1, void @empty_0, i32 0, i32 0, i32 0, i32 0, void @empty_0, void @empty_0, i32 4294967295, i32 0"   --->   Operation 58 'specinterface' 'specinterface_ln0' <Predicate = true> <Delay = 0.00>
ST_2 : Operation 59 [1/2] (1.00ns)   --->   "%m_read = read i16 @_ssdm_op_Read.s_axilite.i16, i16 %m" [/home/ulisses/Projects/ursa/exp/output-stationary/vitis_component/inp_data/hls_src/core/shell.cpp:78]   --->   Operation 59 'read' 'm_read' <Predicate = true> <Delay = 1.00> <CoreInst = "s_axilite">   --->   Core 114 's_axilite' <Latency = 0> <II = 1> <Delay = 1.00> <Adapter> <Opcode : 'read' 'write'>
ST_2 : Operation 60 [1/2] (1.00ns)   --->   "%b0_q_read = read i16 @_ssdm_op_Read.s_axilite.i16, i16 %b0_q" [/home/ulisses/Projects/ursa/exp/output-stationary/vitis_component/inp_data/hls_src/core/shell.cpp:78]   --->   Operation 60 'read' 'b0_q_read' <Predicate = true> <Delay = 1.00> <CoreInst = "s_axilite">   --->   Core 114 's_axilite' <Latency = 0> <II = 1> <Delay = 1.00> <Adapter> <Opcode : 'read' 'write'>
ST_2 : Operation 61 [1/2] (1.00ns)   --->   "%a0_p_read = read i16 @_ssdm_op_Read.s_axilite.i16, i16 %a0_p" [/home/ulisses/Projects/ursa/exp/output-stationary/vitis_component/inp_data/hls_src/core/shell.cpp:78]   --->   Operation 61 'read' 'a0_p_read' <Predicate = true> <Delay = 1.00> <CoreInst = "s_axilite">   --->   Core 114 's_axilite' <Latency = 0> <II = 1> <Delay = 1.00> <Adapter> <Opcode : 'read' 'write'>
ST_2 : Operation 62 [1/1] (0.00ns)   --->   "%trunc_ln = partselect i15 @_ssdm_op_PartSelect.i15.i16.i32.i32, i16 %a0_p_read, i32 1, i32 15" [/home/ulisses/Projects/ursa/exp/output-stationary/vitis_component/inp_data/hls_src/core/shell.cpp:128]   --->   Operation 62 'partselect' 'trunc_ln' <Predicate = true> <Delay = 0.00>
ST_2 : Operation 63 [1/1] (0.00ns)   --->   "%trunc_ln2 = partselect i15 @_ssdm_op_PartSelect.i15.i16.i32.i32, i16 %b0_q_read, i32 1, i32 15" [/home/ulisses/Projects/ursa/exp/output-stationary/vitis_component/inp_data/hls_src/core/shell.cpp:129]   --->   Operation 63 'partselect' 'trunc_ln2' <Predicate = true> <Delay = 0.00>
ST_2 : Operation 64 [1/1] (0.00ns)   --->   "%zext_ln132 = zext i16 %m_read" [/home/ulisses/Projects/ursa/exp/output-stationary/vitis_component/inp_data/hls_src/core/shell.cpp:132]   --->   Operation 64 'zext' 'zext_ln132' <Predicate = true> <Delay = 0.00>
ST_2 : Operation 65 [1/1] (0.00ns)   --->   "%stride_a = bitconcatenate i17 @_ssdm_op_BitConcatenate.i17.i16.i1, i16 %m_read, i1 0" [/home/ulisses/Projects/ursa/exp/output-stationary/vitis_component/inp_data/hls_src/core/shell.cpp:132]   --->   Operation 65 'bitconcatenate' 'stride_a' <Predicate = true> <Delay = 0.00>
ST_2 : Operation 66 [1/1] (0.00ns)   --->   "%zext_ln132_1 = zext i17 %stride_a" [/home/ulisses/Projects/ursa/exp/output-stationary/vitis_component/inp_data/hls_src/core/shell.cpp:132]   --->   Operation 66 'zext' 'zext_ln132_1' <Predicate = true> <Delay = 0.00>
ST_2 : Operation 67 [1/1] (0.00ns)   --->   "%stride_c = bitconcatenate i17 @_ssdm_op_BitConcatenate.i17.i16.i1, i16 %b0_q_read, i1 0" [/home/ulisses/Projects/ursa/exp/output-stationary/vitis_component/inp_data/hls_src/core/shell.cpp:133]   --->   Operation 67 'bitconcatenate' 'stride_c' <Predicate = true> <Delay = 0.00>
ST_2 : Operation 68 [1/1] (0.00ns)   --->   "%zext_ln133 = zext i17 %stride_c" [/home/ulisses/Projects/ursa/exp/output-stationary/vitis_component/inp_data/hls_src/core/shell.cpp:133]   --->   Operation 68 'zext' 'zext_ln133' <Predicate = true> <Delay = 0.00>
ST_2 : Operation 69 [1/1] (2.07ns)   --->   "%sub22 = add i17 %zext_ln132, i17 2" [/home/ulisses/Projects/ursa/exp/output-stationary/vitis_component/inp_data/hls_src/core/shell.cpp:132]   --->   Operation 69 'add' 'sub22' <Predicate = true> <Delay = 2.07> <CoreInst = "Adder">   --->   Core 1 'Adder' <Latency = 0> <II = 1> <Delay = 2.07> <FuncUnit> <Opcode : 'add' 'sub'> <InPorts = 2> <OutPorts = 1>
ST_2 : Operation 70 [1/1] (0.00ns)   --->   "%cast = zext i15 %trunc_ln" [/home/ulisses/Projects/ursa/exp/output-stationary/vitis_component/inp_data/hls_src/core/shell.cpp:128]   --->   Operation 70 'zext' 'cast' <Predicate = true> <Delay = 0.00>
ST_2 : Operation 71 [1/1] (0.00ns)   --->   "%cast1 = zext i15 %trunc_ln2" [/home/ulisses/Projects/ursa/exp/output-stationary/vitis_component/inp_data/hls_src/core/shell.cpp:129]   --->   Operation 71 'zext' 'cast1' <Predicate = true> <Delay = 0.00>
ST_2 : Operation 72 [1/1] (5.59ns)   --->   "%bound = mul i30 %cast, i30 %cast1" [/home/ulisses/Projects/ursa/exp/output-stationary/vitis_component/inp_data/hls_src/core/shell.cpp:128]   --->   Operation 72 'mul' 'bound' <Predicate = true> <Delay = 5.59> <CoreInst = "Multiplier">   --->   Core 3 'Multiplier' <Latency = 0> <II = 1> <Delay = 5.59> <FuncUnit> <Opcode : 'mul'> <InPorts = 2> <OutPorts = 1>
ST_2 : Operation 73 [1/1] (0.00ns)   --->   "%br_ln138 = br void %STREAM_K" [/home/ulisses/Projects/ursa/exp/output-stationary/vitis_component/inp_data/hls_src/core/shell.cpp:138]   --->   Operation 73 'br' 'br_ln138' <Predicate = true> <Delay = 0.00>

State 3 <SV = 2> <Delay = 2.49>
ST_3 : Operation 74 [1/1] (0.00ns)   --->   "%indvar_flatten_load = load i30 %indvar_flatten" [/home/ulisses/Projects/ursa/exp/output-stationary/vitis_component/inp_data/hls_src/core/shell.cpp:138]   --->   Operation 74 'load' 'indvar_flatten_load' <Predicate = true> <Delay = 0.00>
ST_3 : Operation 75 [1/1] (2.49ns)   --->   "%icmp_ln138 = icmp_eq  i30 %indvar_flatten_load, i30 %bound" [/home/ulisses/Projects/ursa/exp/output-stationary/vitis_component/inp_data/hls_src/core/shell.cpp:138]   --->   Operation 75 'icmp' 'icmp_ln138' <Predicate = true> <Delay = 2.49> <CoreInst = "Cmp">   --->   Core 9 'Cmp' <Latency = 0> <II = 1> <Delay = 2.49> <FuncUnit> <Opcode : 'icmp'> <InPorts = 2> <OutPorts = 1>
ST_3 : Operation 76 [1/1] (2.49ns)   --->   "%add_ln138 = add i30 %indvar_flatten_load, i30 1" [/home/ulisses/Projects/ursa/exp/output-stationary/vitis_component/inp_data/hls_src/core/shell.cpp:138]   --->   Operation 76 'add' 'add_ln138' <Predicate = true> <Delay = 2.49> <CoreInst = "Adder">   --->   Core 1 'Adder' <Latency = 0> <II = 1> <Delay = 2.49> <FuncUnit> <Opcode : 'add' 'sub'> <InPorts = 2> <OutPorts = 1>
ST_3 : Operation 77 [1/1] (0.00ns)   --->   "%br_ln138 = br i1 %icmp_ln138, void %for.inc39.loopexit, void %for.end41.loopexit" [/home/ulisses/Projects/ursa/exp/output-stationary/vitis_component/inp_data/hls_src/core/shell.cpp:138]   --->   Operation 77 'br' 'br_ln138' <Predicate = true> <Delay = 0.00>
ST_3 : Operation 78 [1/1] (0.00ns)   --->   "%ret_ln189 = ret i8 0" [/home/ulisses/Projects/ursa/exp/output-stationary/vitis_component/inp_data/hls_src/core/shell.cpp:189]   --->   Operation 78 'ret' 'ret_ln189' <Predicate = (icmp_ln138)> <Delay = 0.00>

State 4 <SV = 3> <Delay = 10.1>
ST_4 : Operation 79 [1/1] (0.00ns)   --->   "%off_cj_load = load i32 %off_cj" [/home/ulisses/Projects/ursa/exp/output-stationary/vitis_component/inp_data/hls_src/core/shell.cpp:135]   --->   Operation 79 'load' 'off_cj_load' <Predicate = true> <Delay = 0.00>
ST_4 : Operation 80 [1/1] (0.00ns)   --->   "%j_load = load i15 %j" [/home/ulisses/Projects/ursa/exp/output-stationary/vitis_component/inp_data/hls_src/core/shell.cpp:144]   --->   Operation 80 'load' 'j_load' <Predicate = true> <Delay = 0.00>
ST_4 : Operation 81 [1/1] (0.00ns)   --->   "%off_b_load = load i16 %off_b" [/home/ulisses/Projects/ursa/exp/output-stationary/vitis_component/inp_data/hls_src/core/shell.cpp:135]   --->   Operation 81 'load' 'off_b_load' <Predicate = true> <Delay = 0.00>
ST_4 : Operation 82 [1/1] (0.00ns)   --->   "%off_a_load = load i32 %off_a" [/home/ulisses/Projects/ursa/exp/output-stationary/vitis_component/inp_data/hls_src/core/shell.cpp:184]   --->   Operation 82 'load' 'off_a_load' <Predicate = true> <Delay = 0.00>
ST_4 : Operation 83 [1/1] (0.00ns)   --->   "%off_cj_1_load = load i32 %off_cj_1" [/home/ulisses/Projects/ursa/exp/output-stationary/vitis_component/inp_data/hls_src/core/shell.cpp:185]   --->   Operation 83 'load' 'off_cj_1_load' <Predicate = true> <Delay = 0.00>
ST_4 : Operation 84 [1/1] (1.94ns)   --->   "%icmp_ln144 = icmp_eq  i15 %j_load, i15 %trunc_ln2" [/home/ulisses/Projects/ursa/exp/output-stationary/vitis_component/inp_data/hls_src/core/shell.cpp:144]   --->   Operation 84 'icmp' 'icmp_ln144' <Predicate = true> <Delay = 1.94> <CoreInst = "Cmp">   --->   Core 9 'Cmp' <Latency = 0> <II = 1> <Delay = 1.94> <FuncUnit> <Opcode : 'icmp'> <InPorts = 2> <OutPorts = 1>
ST_4 : Operation 85 [1/1] (0.80ns)   --->   "%select_ln135 = select i1 %icmp_ln144, i16 0, i16 %off_b_load" [/home/ulisses/Projects/ursa/exp/output-stationary/vitis_component/inp_data/hls_src/core/shell.cpp:135]   --->   Operation 85 'select' 'select_ln135' <Predicate = true> <Delay = 0.80> <CoreInst = "Sel">   --->   Core 73 'Sel' <Latency = 0> <II = 1> <Delay = 0.80> <FuncUnit> <Opcode : 'select'> <InPorts = 3> <OutPorts = 1>
ST_4 : Operation 86 [1/1] (2.55ns)   --->   "%add_ln185 = add i32 %zext_ln133, i32 %off_cj_1_load" [/home/ulisses/Projects/ursa/exp/output-stationary/vitis_component/inp_data/hls_src/core/shell.cpp:185]   --->   Operation 86 'add' 'add_ln185' <Predicate = true> <Delay = 2.55> <CoreInst = "Adder">   --->   Core 1 'Adder' <Latency = 0> <II = 1> <Delay = 2.55> <FuncUnit> <Opcode : 'add' 'sub'> <InPorts = 2> <OutPorts = 1>
ST_4 : Operation 87 [1/1] (0.69ns)   --->   "%select_ln135_1 = select i1 %icmp_ln144, i32 %add_ln185, i32 %off_cj_load" [/home/ulisses/Projects/ursa/exp/output-stationary/vitis_component/inp_data/hls_src/core/shell.cpp:135]   --->   Operation 87 'select' 'select_ln135_1' <Predicate = true> <Delay = 0.69> <CoreInst = "Sel">   --->   Core 73 'Sel' <Latency = 0> <II = 1> <Delay = 0.69> <FuncUnit> <Opcode : 'select'> <InPorts = 3> <OutPorts = 1>
ST_4 : Operation 88 [1/1] (0.69ns)   --->   "%select_ln138 = select i1 %icmp_ln144, i32 %add_ln185, i32 %off_cj_1_load" [/home/ulisses/Projects/ursa/exp/output-stationary/vitis_component/inp_data/hls_src/core/shell.cpp:138]   --->   Operation 88 'select' 'select_ln138' <Predicate = true> <Delay = 0.69> <CoreInst = "Sel">   --->   Core 73 'Sel' <Latency = 0> <II = 1> <Delay = 0.69> <FuncUnit> <Opcode : 'select'> <InPorts = 3> <OutPorts = 1>
ST_4 : Operation 89 [1/1] (2.55ns)   --->   "%add_ln184 = add i32 %zext_ln132_1, i32 %off_a_load" [/home/ulisses/Projects/ursa/exp/output-stationary/vitis_component/inp_data/hls_src/core/shell.cpp:184]   --->   Operation 89 'add' 'add_ln184' <Predicate = true> <Delay = 2.55> <CoreInst = "Adder">   --->   Core 1 'Adder' <Latency = 0> <II = 1> <Delay = 2.55> <FuncUnit> <Opcode : 'add' 'sub'> <InPorts = 2> <OutPorts = 1>
ST_4 : Operation 90 [1/1] (0.69ns)   --->   "%select_ln138_1 = select i1 %icmp_ln144, i32 %add_ln184, i32 %off_a_load" [/home/ulisses/Projects/ursa/exp/output-stationary/vitis_component/inp_data/hls_src/core/shell.cpp:138]   --->   Operation 90 'select' 'select_ln138_1' <Predicate = true> <Delay = 0.69> <CoreInst = "Sel">   --->   Core 73 'Sel' <Latency = 0> <II = 1> <Delay = 0.69> <FuncUnit> <Opcode : 'select'> <InPorts = 3> <OutPorts = 1>
ST_4 : Operation 91 [2/2] (6.92ns)   --->   "%call_ln132 = call void @mxm_execute_ursa_Pipeline_STREAM_K, i8 %bi, i8 %aw, i17 %sub22, i16 %b0_q_read, i16 %m_read, i16 %m_read, i32 %select_ln138_1, i32 %addr_a0_read, i17 %stride_a, i16 %select_ln135, i32 %addr_b0_read, i16 %select_ln135, i8 %mxm_execute_ursa_signed_char_unsigned_short_unsigned_char_unsigned_short_i_7, i8 %mxm_execute_ursa_signed_char_unsigned_short_unsigned_char_unsigned_short_i_6, i8 %mxm_execute_ursa_signed_char_unsigned_short_unsigned_char_unsigned_short_i_5, i8 %mxm_execute_ursa_signed_char_unsigned_short_unsigned_char_unsigned_short_i_4, i20 %mxm_execute_ursa_signed_char_unsigned_short_unsigned_char_unsigned_short_i_3, i20 %mxm_execute_ursa_signed_char_unsigned_short_unsigned_char_unsigned_short_i_2, i20 %mxm_execute_ursa_signed_char_unsigned_short_unsigned_char_unsigned_short_i_1, i20 %mxm_execute_ursa_signed_char_unsigned_short_unsigned_char_unsigned_short_i" [/home/ulisses/Projects/ursa/exp/output-stationary/vitis_component/inp_data/hls_src/core/shell.cpp:132]   --->   Operation 91 'call' 'call_ln132' <Predicate = true> <Delay = 6.92> <CoreType = "Generic">   --->   Core 0 '' <Latency = 0> <II = 1> <Delay = 1.00> <Generic> <Opcode : >
ST_4 : Operation 92 [1/1] (2.07ns)   --->   "%add_ln180 = add i16 %select_ln135, i16 2" [/home/ulisses/Projects/ursa/exp/output-stationary/vitis_component/inp_data/hls_src/core/shell.cpp:180]   --->   Operation 92 'add' 'add_ln180' <Predicate = true> <Delay = 2.07> <CoreInst = "Adder">   --->   Core 1 'Adder' <Latency = 0> <II = 1> <Delay = 2.07> <FuncUnit> <Opcode : 'add' 'sub'> <InPorts = 2> <OutPorts = 1>
ST_4 : Operation 93 [1/1] (1.94ns)   --->   "%add_ln144 = add i15 %j_load, i15 1" [/home/ulisses/Projects/ursa/exp/output-stationary/vitis_component/inp_data/hls_src/core/shell.cpp:144]   --->   Operation 93 'add' 'add_ln144' <Predicate = true> <Delay = 1.94> <CoreInst = "Adder">   --->   Core 1 'Adder' <Latency = 0> <II = 1> <Delay = 1.94> <FuncUnit> <Opcode : 'add' 'sub'> <InPorts = 2> <OutPorts = 1>
ST_4 : Operation 94 [1/1] (0.75ns)   --->   "%j_1 = select i1 %icmp_ln144, i15 1, i15 %add_ln144" [/home/ulisses/Projects/ursa/exp/output-stationary/vitis_component/inp_data/hls_src/core/shell.cpp:144]   --->   Operation 94 'select' 'j_1' <Predicate = true> <Delay = 0.75> <CoreInst = "Sel">   --->   Core 73 'Sel' <Latency = 0> <II = 1> <Delay = 0.75> <FuncUnit> <Opcode : 'select'> <InPorts = 3> <OutPorts = 1>
ST_4 : Operation 95 [1/1] (1.58ns)   --->   "%store_ln138 = store i30 %add_ln138, i30 %indvar_flatten" [/home/ulisses/Projects/ursa/exp/output-stationary/vitis_component/inp_data/hls_src/core/shell.cpp:138]   --->   Operation 95 'store' 'store_ln138' <Predicate = true> <Delay = 1.58>
ST_4 : Operation 96 [1/1] (1.58ns)   --->   "%store_ln142 = store i32 %select_ln138, i32 %off_cj_1" [/home/ulisses/Projects/ursa/exp/output-stationary/vitis_component/inp_data/hls_src/core/shell.cpp:142]   --->   Operation 96 'store' 'store_ln142' <Predicate = true> <Delay = 1.58>
ST_4 : Operation 97 [1/1] (1.58ns)   --->   "%store_ln135 = store i32 %select_ln138_1, i32 %off_a" [/home/ulisses/Projects/ursa/exp/output-stationary/vitis_component/inp_data/hls_src/core/shell.cpp:135]   --->   Operation 97 'store' 'store_ln135' <Predicate = true> <Delay = 1.58>
ST_4 : Operation 98 [1/1] (1.58ns)   --->   "%store_ln141 = store i16 %add_ln180, i16 %off_b" [/home/ulisses/Projects/ursa/exp/output-stationary/vitis_component/inp_data/hls_src/core/shell.cpp:141]   --->   Operation 98 'store' 'store_ln141' <Predicate = true> <Delay = 1.58>
ST_4 : Operation 99 [1/1] (1.58ns)   --->   "%store_ln144 = store i15 %j_1, i15 %j" [/home/ulisses/Projects/ursa/exp/output-stationary/vitis_component/inp_data/hls_src/core/shell.cpp:144]   --->   Operation 99 'store' 'store_ln144' <Predicate = true> <Delay = 1.58>

State 5 <SV = 4> <Delay = 4.14>
ST_5 : Operation 100 [1/2] (0.00ns)   --->   "%call_ln132 = call void @mxm_execute_ursa_Pipeline_STREAM_K, i8 %bi, i8 %aw, i17 %sub22, i16 %b0_q_read, i16 %m_read, i16 %m_read, i32 %select_ln138_1, i32 %addr_a0_read, i17 %stride_a, i16 %select_ln135, i32 %addr_b0_read, i16 %select_ln135, i8 %mxm_execute_ursa_signed_char_unsigned_short_unsigned_char_unsigned_short_i_7, i8 %mxm_execute_ursa_signed_char_unsigned_short_unsigned_char_unsigned_short_i_6, i8 %mxm_execute_ursa_signed_char_unsigned_short_unsigned_char_unsigned_short_i_5, i8 %mxm_execute_ursa_signed_char_unsigned_short_unsigned_char_unsigned_short_i_4, i20 %mxm_execute_ursa_signed_char_unsigned_short_unsigned_char_unsigned_short_i_3, i20 %mxm_execute_ursa_signed_char_unsigned_short_unsigned_char_unsigned_short_i_2, i20 %mxm_execute_ursa_signed_char_unsigned_short_unsigned_char_unsigned_short_i_1, i20 %mxm_execute_ursa_signed_char_unsigned_short_unsigned_char_unsigned_short_i" [/home/ulisses/Projects/ursa/exp/output-stationary/vitis_component/inp_data/hls_src/core/shell.cpp:132]   --->   Operation 100 'call' 'call_ln132' <Predicate = true> <Delay = 0.00> <CoreType = "Generic">   --->   Core 0 '' <Latency = 0> <II = 1> <Delay = 1.00> <Generic> <Opcode : >
ST_5 : Operation 101 [1/1] (0.00ns) (grouped into LUT with out node addr_sa_c)   --->   "%shl_ln176 = shl i32 %select_ln135_1, i32 2" [/home/ulisses/Projects/ursa/exp/output-stationary/vitis_component/inp_data/hls_src/core/shell.cpp:176]   --->   Operation 101 'shl' 'shl_ln176' <Predicate = true> <Delay = 0.00>
ST_5 : Operation 102 [1/1] (2.55ns) (out node of the LUT)   --->   "%addr_sa_c = add i32 %shl_ln176, i32 %addr_c0_read" [/home/ulisses/Projects/ursa/exp/output-stationary/vitis_component/inp_data/hls_src/core/shell.cpp:176]   --->   Operation 102 'add' 'addr_sa_c' <Predicate = true> <Delay = 2.55> <CoreInst = "Adder">   --->   Core 1 'Adder' <Latency = 0> <II = 1> <Delay = 2.55> <FuncUnit> <Opcode : 'add' 'sub'> <InPorts = 2> <OutPorts = 1>
ST_5 : Operation 103 [1/1] (2.55ns)   --->   "%off_cj_2 = add i32 %select_ln135_1, i32 2" [/home/ulisses/Projects/ursa/exp/output-stationary/vitis_component/inp_data/hls_src/core/shell.cpp:181]   --->   Operation 103 'add' 'off_cj_2' <Predicate = true> <Delay = 2.55> <CoreInst = "Adder">   --->   Core 1 'Adder' <Latency = 0> <II = 1> <Delay = 2.55> <FuncUnit> <Opcode : 'add' 'sub'> <InPorts = 2> <OutPorts = 1>
ST_5 : Operation 104 [1/1] (1.58ns)   --->   "%store_ln142 = store i32 %off_cj_2, i32 %off_cj" [/home/ulisses/Projects/ursa/exp/output-stationary/vitis_component/inp_data/hls_src/core/shell.cpp:142]   --->   Operation 104 'store' 'store_ln142' <Predicate = true> <Delay = 1.58>

State 6 <SV = 5> <Delay = 7.30>
ST_6 : Operation 105 [10/10] (7.30ns)   --->   "%call_ln177 = call void @sa_store, i32 %ca, i32 %addr_sa_c, i16 %b0_q_read, i20 %mxm_execute_ursa_signed_char_unsigned_short_unsigned_char_unsigned_short_i_3, i20 %mxm_execute_ursa_signed_char_unsigned_short_unsigned_char_unsigned_short_i_2, i20 %mxm_execute_ursa_signed_char_unsigned_short_unsigned_char_unsigned_short_i_1, i20 %mxm_execute_ursa_signed_char_unsigned_short_unsigned_char_unsigned_short_i" [/home/ulisses/Projects/ursa/exp/output-stationary/vitis_component/inp_data/hls_src/core/shell.cpp:177]   --->   Operation 105 'call' 'call_ln177' <Predicate = true> <Delay = 7.30> <CoreType = "Generic">   --->   Core 0 '' <Latency = 0> <II = 1> <Delay = 1.00> <Generic> <Opcode : >

State 7 <SV = 6> <Delay = 0.00>
ST_7 : Operation 106 [9/10] (0.00ns)   --->   "%call_ln177 = call void @sa_store, i32 %ca, i32 %addr_sa_c, i16 %b0_q_read, i20 %mxm_execute_ursa_signed_char_unsigned_short_unsigned_char_unsigned_short_i_3, i20 %mxm_execute_ursa_signed_char_unsigned_short_unsigned_char_unsigned_short_i_2, i20 %mxm_execute_ursa_signed_char_unsigned_short_unsigned_char_unsigned_short_i_1, i20 %mxm_execute_ursa_signed_char_unsigned_short_unsigned_char_unsigned_short_i" [/home/ulisses/Projects/ursa/exp/output-stationary/vitis_component/inp_data/hls_src/core/shell.cpp:177]   --->   Operation 106 'call' 'call_ln177' <Predicate = true> <Delay = 0.00> <CoreType = "Generic">   --->   Core 0 '' <Latency = 0> <II = 1> <Delay = 1.00> <Generic> <Opcode : >

State 8 <SV = 7> <Delay = 0.00>
ST_8 : Operation 107 [8/10] (0.00ns)   --->   "%call_ln177 = call void @sa_store, i32 %ca, i32 %addr_sa_c, i16 %b0_q_read, i20 %mxm_execute_ursa_signed_char_unsigned_short_unsigned_char_unsigned_short_i_3, i20 %mxm_execute_ursa_signed_char_unsigned_short_unsigned_char_unsigned_short_i_2, i20 %mxm_execute_ursa_signed_char_unsigned_short_unsigned_char_unsigned_short_i_1, i20 %mxm_execute_ursa_signed_char_unsigned_short_unsigned_char_unsigned_short_i" [/home/ulisses/Projects/ursa/exp/output-stationary/vitis_component/inp_data/hls_src/core/shell.cpp:177]   --->   Operation 107 'call' 'call_ln177' <Predicate = true> <Delay = 0.00> <CoreType = "Generic">   --->   Core 0 '' <Latency = 0> <II = 1> <Delay = 1.00> <Generic> <Opcode : >

State 9 <SV = 8> <Delay = 0.00>
ST_9 : Operation 108 [7/10] (0.00ns)   --->   "%call_ln177 = call void @sa_store, i32 %ca, i32 %addr_sa_c, i16 %b0_q_read, i20 %mxm_execute_ursa_signed_char_unsigned_short_unsigned_char_unsigned_short_i_3, i20 %mxm_execute_ursa_signed_char_unsigned_short_unsigned_char_unsigned_short_i_2, i20 %mxm_execute_ursa_signed_char_unsigned_short_unsigned_char_unsigned_short_i_1, i20 %mxm_execute_ursa_signed_char_unsigned_short_unsigned_char_unsigned_short_i" [/home/ulisses/Projects/ursa/exp/output-stationary/vitis_component/inp_data/hls_src/core/shell.cpp:177]   --->   Operation 108 'call' 'call_ln177' <Predicate = true> <Delay = 0.00> <CoreType = "Generic">   --->   Core 0 '' <Latency = 0> <II = 1> <Delay = 1.00> <Generic> <Opcode : >

State 10 <SV = 9> <Delay = 0.00>
ST_10 : Operation 109 [6/10] (0.00ns)   --->   "%call_ln177 = call void @sa_store, i32 %ca, i32 %addr_sa_c, i16 %b0_q_read, i20 %mxm_execute_ursa_signed_char_unsigned_short_unsigned_char_unsigned_short_i_3, i20 %mxm_execute_ursa_signed_char_unsigned_short_unsigned_char_unsigned_short_i_2, i20 %mxm_execute_ursa_signed_char_unsigned_short_unsigned_char_unsigned_short_i_1, i20 %mxm_execute_ursa_signed_char_unsigned_short_unsigned_char_unsigned_short_i" [/home/ulisses/Projects/ursa/exp/output-stationary/vitis_component/inp_data/hls_src/core/shell.cpp:177]   --->   Operation 109 'call' 'call_ln177' <Predicate = true> <Delay = 0.00> <CoreType = "Generic">   --->   Core 0 '' <Latency = 0> <II = 1> <Delay = 1.00> <Generic> <Opcode : >

State 11 <SV = 10> <Delay = 0.00>
ST_11 : Operation 110 [5/10] (0.00ns)   --->   "%call_ln177 = call void @sa_store, i32 %ca, i32 %addr_sa_c, i16 %b0_q_read, i20 %mxm_execute_ursa_signed_char_unsigned_short_unsigned_char_unsigned_short_i_3, i20 %mxm_execute_ursa_signed_char_unsigned_short_unsigned_char_unsigned_short_i_2, i20 %mxm_execute_ursa_signed_char_unsigned_short_unsigned_char_unsigned_short_i_1, i20 %mxm_execute_ursa_signed_char_unsigned_short_unsigned_char_unsigned_short_i" [/home/ulisses/Projects/ursa/exp/output-stationary/vitis_component/inp_data/hls_src/core/shell.cpp:177]   --->   Operation 110 'call' 'call_ln177' <Predicate = true> <Delay = 0.00> <CoreType = "Generic">   --->   Core 0 '' <Latency = 0> <II = 1> <Delay = 1.00> <Generic> <Opcode : >

State 12 <SV = 11> <Delay = 0.00>
ST_12 : Operation 111 [4/10] (0.00ns)   --->   "%call_ln177 = call void @sa_store, i32 %ca, i32 %addr_sa_c, i16 %b0_q_read, i20 %mxm_execute_ursa_signed_char_unsigned_short_unsigned_char_unsigned_short_i_3, i20 %mxm_execute_ursa_signed_char_unsigned_short_unsigned_char_unsigned_short_i_2, i20 %mxm_execute_ursa_signed_char_unsigned_short_unsigned_char_unsigned_short_i_1, i20 %mxm_execute_ursa_signed_char_unsigned_short_unsigned_char_unsigned_short_i" [/home/ulisses/Projects/ursa/exp/output-stationary/vitis_component/inp_data/hls_src/core/shell.cpp:177]   --->   Operation 111 'call' 'call_ln177' <Predicate = true> <Delay = 0.00> <CoreType = "Generic">   --->   Core 0 '' <Latency = 0> <II = 1> <Delay = 1.00> <Generic> <Opcode : >

State 13 <SV = 12> <Delay = 0.00>
ST_13 : Operation 112 [3/10] (0.00ns)   --->   "%call_ln177 = call void @sa_store, i32 %ca, i32 %addr_sa_c, i16 %b0_q_read, i20 %mxm_execute_ursa_signed_char_unsigned_short_unsigned_char_unsigned_short_i_3, i20 %mxm_execute_ursa_signed_char_unsigned_short_unsigned_char_unsigned_short_i_2, i20 %mxm_execute_ursa_signed_char_unsigned_short_unsigned_char_unsigned_short_i_1, i20 %mxm_execute_ursa_signed_char_unsigned_short_unsigned_char_unsigned_short_i" [/home/ulisses/Projects/ursa/exp/output-stationary/vitis_component/inp_data/hls_src/core/shell.cpp:177]   --->   Operation 112 'call' 'call_ln177' <Predicate = true> <Delay = 0.00> <CoreType = "Generic">   --->   Core 0 '' <Latency = 0> <II = 1> <Delay = 1.00> <Generic> <Opcode : >

State 14 <SV = 13> <Delay = 0.00>
ST_14 : Operation 113 [2/10] (0.00ns)   --->   "%call_ln177 = call void @sa_store, i32 %ca, i32 %addr_sa_c, i16 %b0_q_read, i20 %mxm_execute_ursa_signed_char_unsigned_short_unsigned_char_unsigned_short_i_3, i20 %mxm_execute_ursa_signed_char_unsigned_short_unsigned_char_unsigned_short_i_2, i20 %mxm_execute_ursa_signed_char_unsigned_short_unsigned_char_unsigned_short_i_1, i20 %mxm_execute_ursa_signed_char_unsigned_short_unsigned_char_unsigned_short_i" [/home/ulisses/Projects/ursa/exp/output-stationary/vitis_component/inp_data/hls_src/core/shell.cpp:177]   --->   Operation 113 'call' 'call_ln177' <Predicate = true> <Delay = 0.00> <CoreType = "Generic">   --->   Core 0 '' <Latency = 0> <II = 1> <Delay = 1.00> <Generic> <Opcode : >

State 15 <SV = 14> <Delay = 0.00>
ST_15 : Operation 114 [1/10] (0.00ns)   --->   "%call_ln177 = call void @sa_store, i32 %ca, i32 %addr_sa_c, i16 %b0_q_read, i20 %mxm_execute_ursa_signed_char_unsigned_short_unsigned_char_unsigned_short_i_3, i20 %mxm_execute_ursa_signed_char_unsigned_short_unsigned_char_unsigned_short_i_2, i20 %mxm_execute_ursa_signed_char_unsigned_short_unsigned_char_unsigned_short_i_1, i20 %mxm_execute_ursa_signed_char_unsigned_short_unsigned_char_unsigned_short_i" [/home/ulisses/Projects/ursa/exp/output-stationary/vitis_component/inp_data/hls_src/core/shell.cpp:177]   --->   Operation 114 'call' 'call_ln177' <Predicate = true> <Delay = 0.00> <CoreType = "Generic">   --->   Core 0 '' <Latency = 0> <II = 1> <Delay = 1.00> <Generic> <Opcode : >

State 16 <SV = 15> <Delay = 0.00>
ST_16 : Operation 115 [1/1] (0.00ns)   --->   "%specloopname_ln0 = specloopname void @_ssdm_op_SpecLoopName, void @TILE_ROW_TILE_COL_str"   --->   Operation 115 'specloopname' 'specloopname_ln0' <Predicate = true> <Delay = 0.00>
ST_16 : Operation 116 [1/1] (0.00ns)   --->   "%speclooptripcount_ln0 = speclooptripcount void @_ssdm_op_SpecLoopTripCount, i64 0, i64 1073676289, i64 1073676289"   --->   Operation 116 'speclooptripcount' 'speclooptripcount_ln0' <Predicate = true> <Delay = 0.00>
ST_16 : Operation 117 [1/1] (0.00ns)   --->   "%call_ln178 = call void @sa_reset, i20 %mxm_execute_ursa_signed_char_unsigned_short_unsigned_char_unsigned_short_i_3, i20 %mxm_execute_ursa_signed_char_unsigned_short_unsigned_char_unsigned_short_i_2, i20 %mxm_execute_ursa_signed_char_unsigned_short_unsigned_char_unsigned_short_i_1, i20 %mxm_execute_ursa_signed_char_unsigned_short_unsigned_char_unsigned_short_i" [/home/ulisses/Projects/ursa/exp/output-stationary/vitis_component/inp_data/hls_src/core/shell.cpp:178]   --->   Operation 117 'call' 'call_ln178' <Predicate = true> <Delay = 0.00> <CoreType = "Generic">   --->   Core 0 '' <Latency = 0> <II = 1> <Delay = 1.00> <Generic> <Opcode : >
ST_16 : Operation 118 [1/1] (0.00ns)   --->   "%br_ln144 = br void %STREAM_K" [/home/ulisses/Projects/ursa/exp/output-stationary/vitis_component/inp_data/hls_src/core/shell.cpp:144]   --->   Operation 118 'br' 'br_ln144' <Predicate = true> <Delay = 0.00>


============================================================
+ Verbose Summary: Timing violations
============================================================
Target clock period: 10.000ns, clock uncertainty: 2.700ns.

 <State 1>: 1.588ns
The critical path consists of the following:
	'alloca' operation 30 bit ('indvar_flatten') [23]  (0.000 ns)
	'store' operation 0 bit ('store_ln0') of constant 0 on local variable 'indvar_flatten' [65]  (1.588 ns)

 <State 2>: 6.590ns
The critical path consists of the following:
	s_axi read operation ('b0_q_read', /home/ulisses/Projects/ursa/exp/output-stationary/vitis_component/inp_data/hls_src/core/shell.cpp:78) on port 'b0_q' (/home/ulisses/Projects/ursa/exp/output-stationary/vitis_component/inp_data/hls_src/core/shell.cpp:78) [50]  (1.000 ns)
	'mul' operation 30 bit ('bound', /home/ulisses/Projects/ursa/exp/output-stationary/vitis_component/inp_data/hls_src/core/shell.cpp:128) [64]  (5.590 ns)

 <State 3>: 2.493ns
The critical path consists of the following:
	'load' operation 30 bit ('indvar_flatten_load', /home/ulisses/Projects/ursa/exp/output-stationary/vitis_component/inp_data/hls_src/core/shell.cpp:138) on local variable 'indvar_flatten' [73]  (0.000 ns)
	'icmp' operation 1 bit ('icmp_ln138', /home/ulisses/Projects/ursa/exp/output-stationary/vitis_component/inp_data/hls_src/core/shell.cpp:138) [74]  (2.493 ns)

 <State 4>: 10.173ns
The critical path consists of the following:
	'load' operation 32 bit ('off_a_load', /home/ulisses/Projects/ursa/exp/output-stationary/vitis_component/inp_data/hls_src/core/shell.cpp:184) on local variable 'off_a', /home/ulisses/Projects/ursa/exp/output-stationary/vitis_component/inp_data/hls_src/core/shell.cpp:135 [81]  (0.000 ns)
	'add' operation 32 bit ('add_ln184', /home/ulisses/Projects/ursa/exp/output-stationary/vitis_component/inp_data/hls_src/core/shell.cpp:184) [90]  (2.552 ns)
	'select' operation 32 bit ('select_ln138_1', /home/ulisses/Projects/ursa/exp/output-stationary/vitis_component/inp_data/hls_src/core/shell.cpp:138) [91]  (0.698 ns)
	'call' operation 0 bit ('call_ln132', /home/ulisses/Projects/ursa/exp/output-stationary/vitis_component/inp_data/hls_src/core/shell.cpp:132) to 'mxm_execute_ursa_Pipeline_STREAM_K' [92]  (6.923 ns)

 <State 5>: 4.140ns
The critical path consists of the following:
	'add' operation 32 bit ('off_cj', /home/ulisses/Projects/ursa/exp/output-stationary/vitis_component/inp_data/hls_src/core/shell.cpp:181) [98]  (2.552 ns)
	'store' operation 0 bit ('store_ln142', /home/ulisses/Projects/ursa/exp/output-stationary/vitis_component/inp_data/hls_src/core/shell.cpp:142) of variable 'off_cj', /home/ulisses/Projects/ursa/exp/output-stationary/vitis_component/inp_data/hls_src/core/shell.cpp:181 on local variable 'off_cj', /home/ulisses/Projects/ursa/exp/output-stationary/vitis_component/inp_data/hls_src/core/shell.cpp:142 [106]  (1.588 ns)

 <State 6>: 7.300ns
The critical path consists of the following:
	'call' operation 0 bit ('call_ln177', /home/ulisses/Projects/ursa/exp/output-stationary/vitis_component/inp_data/hls_src/core/shell.cpp:177) to 'sa_store' [95]  (7.300 ns)

 <State 7>: 0.000ns
The critical path consists of the following:

 <State 8>: 0.000ns
The critical path consists of the following:

 <State 9>: 0.000ns
The critical path consists of the following:

 <State 10>: 0.000ns
The critical path consists of the following:

 <State 11>: 0.000ns
The critical path consists of the following:

 <State 12>: 0.000ns
The critical path consists of the following:

 <State 13>: 0.000ns
The critical path consists of the following:

 <State 14>: 0.000ns
The critical path consists of the following:

 <State 15>: 0.000ns
The critical path consists of the following:

 <State 16>: 0.000ns
The critical path consists of the following:


============================================================
+ Verbose Summary: Binding
============================================================
N/A
* FSMD analyzer results:
  - Output states:
 - Input state : 
  - Chain level:
	State 1
	State 2
	State 3
	State 4
	State 5
	State 6
	State 7
	State 8
	State 9
	State 10
	State 11
	State 12
	State 13
	State 14
	State 15
	State 16


============================================================
+ Verbose Summary: Datapath Resource usage 
============================================================
N/A
