/home/ulisses/Projects/ursa/vitis/hls_ursa_vanilla/mxm_execute_ursa/hls/.autopilot/db/labft.pp.0.cpp:2561:7: warning: Added loop label VITIS_LOOP_1207_1:   [xilinx-label-all-loops]
      for (i = 0; i < __N - 1; ++i) {
      ^~~
      VITIS_LOOP_1207_1: 
/home/ulisses/Projects/ursa/vitis/hls_ursa_vanilla/mxm_execute_ursa/hls/.autopilot/db/labft.pp.0.cpp:2561:7: note: FIX-IT applied suggested code changes
/home/ulisses/Projects/ursa/vitis/hls_ursa_vanilla/mxm_execute_ursa/hls/.autopilot/db/labft.pp.0.cpp:3535:5: warning: Added loop label VITIS_LOOP_676_1:   [xilinx-label-all-loops]
    for (unsigned i = low; i != high; ++i) {
    ^~~
    VITIS_LOOP_676_1: 
/home/ulisses/Projects/ursa/vitis/hls_ursa_vanilla/mxm_execute_ursa/hls/.autopilot/db/labft.pp.0.cpp:3535:5: note: FIX-IT applied suggested code changes
/home/ulisses/Projects/ursa/vitis/hls_ursa_vanilla/mxm_execute_ursa/hls/.autopilot/db/labft.pp.0.cpp:3549:5: warning: Added loop label VITIS_LOOP_690_1:   [xilinx-label-all-loops]
    for (unsigned i = low; i != high; ++i) {
    ^~~
    VITIS_LOOP_690_1: 
/home/ulisses/Projects/ursa/vitis/hls_ursa_vanilla/mxm_execute_ursa/hls/.autopilot/db/labft.pp.0.cpp:3549:5: note: FIX-IT applied suggested code changes
/home/ulisses/Projects/ursa/vitis/hls_ursa_vanilla/mxm_execute_ursa/hls/.autopilot/db/labft.pp.0.cpp:3563:5: warning: Added loop label VITIS_LOOP_704_1:   [xilinx-label-all-loops]
    for (unsigned i = low; i != high; ++i) {
    ^~~
    VITIS_LOOP_704_1: 
/home/ulisses/Projects/ursa/vitis/hls_ursa_vanilla/mxm_execute_ursa/hls/.autopilot/db/labft.pp.0.cpp:3563:5: note: FIX-IT applied suggested code changes
/home/ulisses/Projects/ursa/vitis/hls_ursa_vanilla/mxm_execute_ursa/hls/.autopilot/db/labft.pp.0.cpp:5180:7: warning: Added loop label VITIS_LOOP_1247_1:   [xilinx-label-all-loops]
      for (i = 0; i < __N - 1; ++i) {
      ^~~
      VITIS_LOOP_1247_1: 
/home/ulisses/Projects/ursa/vitis/hls_ursa_vanilla/mxm_execute_ursa/hls/.autopilot/db/labft.pp.0.cpp:5180:7: note: FIX-IT applied suggested code changes
/home/ulisses/Projects/ursa/vitis/hls_ursa_vanilla/mxm_execute_ursa/hls/.autopilot/db/labft.pp.0.cpp:7015:5: warning: Added loop label VITIS_LOOP_11_1:   [xilinx-label-all-loops]
    for (int z = 0; z < m; z++) {
    ^~~
    VITIS_LOOP_11_1: 
/home/ulisses/Projects/ursa/vitis/hls_ursa_vanilla/mxm_execute_ursa/hls/.autopilot/db/labft.pp.0.cpp:7015:5: note: FIX-IT applied suggested code changes
/home/ulisses/Projects/ursa/vitis/hls_ursa_vanilla/mxm_execute_ursa/hls/.autopilot/db/labft.pp.0.cpp:7020:9: warning: Added loop label VITIS_LOOP_16_2:   [xilinx-label-all-loops]
        for (int i = 0; i < p; i++) {
        ^~~
        VITIS_LOOP_16_2: 
/home/ulisses/Projects/ursa/vitis/hls_ursa_vanilla/mxm_execute_ursa/hls/.autopilot/db/labft.pp.0.cpp:7020:9: note: FIX-IT applied suggested code changes
/home/ulisses/Projects/ursa/vitis/hls_ursa_vanilla/mxm_execute_ursa/hls/.autopilot/db/labft.pp.0.cpp:7025:9: warning: Added loop label VITIS_LOOP_21_3:   [xilinx-label-all-loops]
        for (int j = 0; j < q; j++) {
        ^~~
        VITIS_LOOP_21_3: 
/home/ulisses/Projects/ursa/vitis/hls_ursa_vanilla/mxm_execute_ursa/hls/.autopilot/db/labft.pp.0.cpp:7025:9: note: FIX-IT applied suggested code changes
/home/ulisses/Projects/ursa/vitis/hls_ursa_vanilla/mxm_execute_ursa/hls/.autopilot/db/labft.pp.0.cpp:7049:5: warning: Added loop label VITIS_LOOP_45_1:   [xilinx-label-all-loops]
    for (int i = 0; i < p; i++) {
    ^~~
    VITIS_LOOP_45_1: 
/home/ulisses/Projects/ursa/vitis/hls_ursa_vanilla/mxm_execute_ursa/hls/.autopilot/db/labft.pp.0.cpp:7049:5: note: FIX-IT applied suggested code changes
/home/ulisses/Projects/ursa/vitis/hls_ursa_vanilla/mxm_execute_ursa/hls/.autopilot/db/labft.pp.0.cpp:7050:9: warning: Added loop label VITIS_LOOP_46_2:   [xilinx-label-all-loops]
        for (int j = 0; j < q; j++) {
        ^~~
        VITIS_LOOP_46_2: 
/home/ulisses/Projects/ursa/vitis/hls_ursa_vanilla/mxm_execute_ursa/hls/.autopilot/db/labft.pp.0.cpp:7050:9: note: FIX-IT applied suggested code changes
/home/ulisses/Projects/ursa/vitis/hls_ursa_vanilla/mxm_execute_ursa/hls/.autopilot/db/labft.pp.0.cpp:7092:5: warning: Added loop label VITIS_LOOP_103_1:   [xilinx-label-all-loops]
    for (int z = 0; z < m; z++) {
    ^~~
    VITIS_LOOP_103_1: 
/home/ulisses/Projects/ursa/vitis/hls_ursa_vanilla/mxm_execute_ursa/hls/.autopilot/db/labft.pp.0.cpp:7092:5: note: FIX-IT applied suggested code changes
/home/ulisses/Projects/ursa/vitis/hls_ursa_vanilla/mxm_execute_ursa/hls/.autopilot/db/labft.pp.0.cpp:7097:9: warning: Added loop label VITIS_LOOP_108_2:   [xilinx-label-all-loops]
        for (int i = 0; i < sa_size; i++)
        ^~~
        VITIS_LOOP_108_2: 
/home/ulisses/Projects/ursa/vitis/hls_ursa_vanilla/mxm_execute_ursa/hls/.autopilot/db/labft.pp.0.cpp:7097:9: note: FIX-IT applied suggested code changes
/home/ulisses/Projects/ursa/vitis/hls_ursa_vanilla/mxm_execute_ursa/hls/.autopilot/db/labft.pp.0.cpp:7103:9: warning: Added loop label VITIS_LOOP_114_3:   [xilinx-label-all-loops]
        for (int j = 0; j < sa_size; j++)
        ^~~
        VITIS_LOOP_114_3: 
/home/ulisses/Projects/ursa/vitis/hls_ursa_vanilla/mxm_execute_ursa/hls/.autopilot/db/labft.pp.0.cpp:7103:9: note: FIX-IT applied suggested code changes
/home/ulisses/Projects/ursa/vitis/hls_ursa_vanilla/mxm_execute_ursa/hls/.autopilot/db/labft.pp.0.cpp:7125:5: warning: Added loop label VITIS_LOOP_136_1:   [xilinx-label-all-loops]
    for (int i = 0; i < sa_size; i++)
    ^~~
    VITIS_LOOP_136_1: 
/home/ulisses/Projects/ursa/vitis/hls_ursa_vanilla/mxm_execute_ursa/hls/.autopilot/db/labft.pp.0.cpp:7125:5: note: FIX-IT applied suggested code changes
/home/ulisses/Projects/ursa/vitis/hls_ursa_vanilla/mxm_execute_ursa/hls/.autopilot/db/labft.pp.0.cpp:7126:9: warning: Added loop label VITIS_LOOP_137_2:   [xilinx-label-all-loops]
        for (int j = 0; j < sa_size; j++)
        ^~~
        VITIS_LOOP_137_2: 
/home/ulisses/Projects/ursa/vitis/hls_ursa_vanilla/mxm_execute_ursa/hls/.autopilot/db/labft.pp.0.cpp:7126:9: note: FIX-IT applied suggested code changes
