=== URSA testbench ===
SA_SIZE=2  ACC_BITS=20
P=8  Q=8  M=8
tiles=16  k iterations per tile=10
[PASS] URSA output matches gold
Vivado Simulator v2023.2
Copyright 1986-2022 Xilinx, Inc. All Rights Reserved.
Copyright 2022-2023 Advanced Micro Devices, Inc. All Rights Reserved.
Running: /opt/Xilinx/Vivado/2023.2/bin/unwrapped/lnx64.o/xelab xil_defaultlib.apatb_mxm_execute_ursa_top glbl -Oenable_linking_all_libraries -prj mxm_execute_ursa.prj -L smartconnect_v1_0 -L axi_protocol_checker_v1_1_12 -L axi_protocol_checker_v1_1_13 -L axis_protocol_checker_v1_1_11 -L axis_protocol_checker_v1_1_12 -L xil_defaultlib -L unisims_ver -L xpm -L floating_point_v7_1_16 -L floating_point_v7_0_21 --lib ieee_proposed=./ieee_proposed -s mxm_execute_ursa 
Multi-threading is on. Using 10 slave threads.
WARNING: [XSIM 43-3431] One or more environment variables have been detected which affect the operation of the C compiler. These are typically not set in standard installations and are not tested by AMD, however they may be appropriate for your system, so the flow will attempt to continue.  If errors occur, try running xelab with the "-mt off -v 1" switches to see more information from the C compiler. The following environment variables have been detected:
    LIBRARY_PATH
INFO: [VRFC 10-2263] Analyzing SystemVerilog file "/home/ulisses/Projects/ursa/exp/output-stationary/vitis/hls_ursa_vanilla/mxm_execute_ursa/hls/sim/verilog/glbl.v" into library work
INFO: [VRFC 10-311] analyzing module glbl
INFO: [VRFC 10-2263] Analyzing SystemVerilog file "/home/ulisses/Projects/ursa/exp/output-stationary/vitis/hls_ursa_vanilla/mxm_execute_ursa/hls/sim/verilog/AESL_axi_master_ca.v" into library xil_defaultlib
INFO: [VRFC 10-311] analyzing module AESL_axi_master_ca
INFO: [VRFC 10-2263] Analyzing SystemVerilog file "/home/ulisses/Projects/ursa/exp/output-stationary/vitis/hls_ursa_vanilla/mxm_execute_ursa/hls/sim/verilog/mxm_execute_ursa_sa_reset.v" into library xil_defaultlib
INFO: [VRFC 10-311] analyzing module mxm_execute_ursa_sa_reset
INFO: [VRFC 10-2263] Analyzing SystemVerilog file "/home/ulisses/Projects/ursa/exp/output-stationary/vitis/hls_ursa_vanilla/mxm_execute_ursa/hls/sim/verilog/mxm_execute_ursa_ca_m_axi.v" into library xil_defaultlib
INFO: [VRFC 10-311] analyzing module mxm_execute_ursa_ca_m_axi
INFO: [VRFC 10-311] analyzing module mxm_execute_ursa_ca_m_axi_load
INFO: [VRFC 10-311] analyzing module mxm_execute_ursa_ca_m_axi_store
INFO: [VRFC 10-311] analyzing module mxm_execute_ursa_ca_m_axi_read
INFO: [VRFC 10-311] analyzing module mxm_execute_ursa_ca_m_axi_write
INFO: [VRFC 10-311] analyzing module mxm_execute_ursa_ca_m_axi_burst_converter
INFO: [VRFC 10-311] analyzing module mxm_execute_ursa_ca_m_axi_throttle
INFO: [VRFC 10-311] analyzing module mxm_execute_ursa_ca_m_axi_reg_slice
INFO: [VRFC 10-311] analyzing module mxm_execute_ursa_ca_m_axi_fifo
INFO: [VRFC 10-311] analyzing module mxm_execute_ursa_ca_m_axi_srl
INFO: [VRFC 10-311] analyzing module mxm_execute_ursa_ca_m_axi_mem
INFO: [VRFC 10-2263] Analyzing SystemVerilog file "/home/ulisses/Projects/ursa/exp/output-stationary/vitis/hls_ursa_vanilla/mxm_execute_ursa/hls/sim/verilog/mxm_execute_ursa_ap_s_axi.v" into library xil_defaultlib
INFO: [VRFC 10-311] analyzing module mxm_execute_ursa_ap_s_axi
INFO: [VRFC 10-2263] Analyzing SystemVerilog file "/home/ulisses/Projects/ursa/exp/output-stationary/vitis/hls_ursa_vanilla/mxm_execute_ursa/hls/sim/verilog/AESL_axi_master_bi.v" into library xil_defaultlib
INFO: [VRFC 10-311] analyzing module AESL_axi_master_bi
INFO: [VRFC 10-2263] Analyzing SystemVerilog file "/home/ulisses/Projects/ursa/exp/output-stationary/vitis/hls_ursa_vanilla/mxm_execute_ursa/hls/sim/verilog/mxm_execute_ursa_mac_muladd_8s_8ns_20s_20_4_1.v" into library xil_defaultlib
INFO: [VRFC 10-311] analyzing module mxm_execute_ursa_mac_muladd_8s_8ns_20s_20_4_1_DSP48_1
INFO: [VRFC 10-311] analyzing module mxm_execute_ursa_mac_muladd_8s_8ns_20s_20_4_1
INFO: [VRFC 10-2263] Analyzing SystemVerilog file "/home/ulisses/Projects/ursa/exp/output-stationary/vitis/hls_ursa_vanilla/mxm_execute_ursa/hls/sim/verilog/mxm_execute_ursa_mac_muladd_8ns_8s_20s_20_4_1.v" into library xil_defaultlib
INFO: [VRFC 10-311] analyzing module mxm_execute_ursa_mac_muladd_8ns_8s_20s_20_4_1_DSP48_0
INFO: [VRFC 10-311] analyzing module mxm_execute_ursa_mac_muladd_8ns_8s_20s_20_4_1
INFO: [VRFC 10-2263] Analyzing SystemVerilog file "/home/ulisses/Projects/ursa/exp/output-stationary/vitis/hls_ursa_vanilla/mxm_execute_ursa/hls/sim/verilog/mxm_execute_ursa_control_s_axi.v" into library xil_defaultlib
INFO: [VRFC 10-311] analyzing module mxm_execute_ursa_control_s_axi
INFO: [VRFC 10-2263] Analyzing SystemVerilog file "/home/ulisses/Projects/ursa/exp/output-stationary/vitis/hls_ursa_vanilla/mxm_execute_ursa/hls/sim/verilog/mxm_execute_ursa.v" into library xil_defaultlib
INFO: [VRFC 10-311] analyzing module mxm_execute_ursa
INFO: [VRFC 10-2263] Analyzing SystemVerilog file "/home/ulisses/Projects/ursa/exp/output-stationary/vitis/hls_ursa_vanilla/mxm_execute_ursa/hls/sim/verilog/AESL_axi_slave_control.v" into library xil_defaultlib
INFO: [VRFC 10-311] analyzing module AESL_axi_slave_control
INFO: [VRFC 10-2263] Analyzing SystemVerilog file "/home/ulisses/Projects/ursa/exp/output-stationary/vitis/hls_ursa_vanilla/mxm_execute_ursa/hls/sim/verilog/mxm_execute_ursa_sa_store.v" into library xil_defaultlib
INFO: [VRFC 10-311] analyzing module mxm_execute_ursa_sa_store
INFO: [VRFC 10-2263] Analyzing SystemVerilog file "/home/ulisses/Projects/ursa/exp/output-stationary/vitis/hls_ursa_vanilla/mxm_execute_ursa/hls/sim/verilog/mxm_execute_ursa_bi_m_axi.v" into library xil_defaultlib
INFO: [VRFC 10-311] analyzing module mxm_execute_ursa_bi_m_axi
INFO: [VRFC 10-311] analyzing module mxm_execute_ursa_bi_m_axi_load
INFO: [VRFC 10-311] analyzing module mxm_execute_ursa_bi_m_axi_store
INFO: [VRFC 10-311] analyzing module mxm_execute_ursa_bi_m_axi_read
INFO: [VRFC 10-311] analyzing module mxm_execute_ursa_bi_m_axi_write
INFO: [VRFC 10-311] analyzing module mxm_execute_ursa_bi_m_axi_burst_converter
INFO: [VRFC 10-311] analyzing module mxm_execute_ursa_bi_m_axi_throttle
INFO: [VRFC 10-311] analyzing module mxm_execute_ursa_bi_m_axi_reg_slice
INFO: [VRFC 10-311] analyzing module mxm_execute_ursa_bi_m_axi_fifo
INFO: [VRFC 10-311] analyzing module mxm_execute_ursa_bi_m_axi_srl
INFO: [VRFC 10-311] analyzing module mxm_execute_ursa_bi_m_axi_mem
INFO: [VRFC 10-2263] Analyzing SystemVerilog file "/home/ulisses/Projects/ursa/exp/output-stationary/vitis/hls_ursa_vanilla/mxm_execute_ursa/hls/sim/verilog/mxm_execute_ursa_mul_17s_16ns_32_1_1.v" into library xil_defaultlib
INFO: [VRFC 10-311] analyzing module mxm_execute_ursa_mul_17s_16ns_32_1_1
INFO: [VRFC 10-2263] Analyzing SystemVerilog file "/home/ulisses/Projects/ursa/exp/output-stationary/vitis/hls_ursa_vanilla/mxm_execute_ursa/hls/sim/verilog/mxm_execute_ursa.autotb.v" into library xil_defaultlib
INFO: [VRFC 10-311] analyzing module apatb_mxm_execute_ursa_top
INFO: [VRFC 10-2263] Analyzing SystemVerilog file "/home/ulisses/Projects/ursa/exp/output-stationary/vitis/hls_ursa_vanilla/mxm_execute_ursa/hls/sim/verilog/mxm_execute_ursa_aw_m_axi.v" into library xil_defaultlib
INFO: [VRFC 10-311] analyzing module mxm_execute_ursa_aw_m_axi
INFO: [VRFC 10-311] analyzing module mxm_execute_ursa_aw_m_axi_load
INFO: [VRFC 10-311] analyzing module mxm_execute_ursa_aw_m_axi_store
INFO: [VRFC 10-311] analyzing module mxm_execute_ursa_aw_m_axi_read
INFO: [VRFC 10-311] analyzing module mxm_execute_ursa_aw_m_axi_write
INFO: [VRFC 10-311] analyzing module mxm_execute_ursa_aw_m_axi_burst_converter
INFO: [VRFC 10-311] analyzing module mxm_execute_ursa_aw_m_axi_throttle
INFO: [VRFC 10-311] analyzing module mxm_execute_ursa_aw_m_axi_reg_slice
INFO: [VRFC 10-311] analyzing module mxm_execute_ursa_aw_m_axi_fifo
INFO: [VRFC 10-311] analyzing module mxm_execute_ursa_aw_m_axi_srl
INFO: [VRFC 10-311] analyzing module mxm_execute_ursa_aw_m_axi_mem
INFO: [VRFC 10-2263] Analyzing SystemVerilog file "/home/ulisses/Projects/ursa/exp/output-stationary/vitis/hls_ursa_vanilla/mxm_execute_ursa/hls/sim/verilog/AESL_axi_master_aw.v" into library xil_defaultlib
INFO: [VRFC 10-311] analyzing module AESL_axi_master_aw
INFO: [VRFC 10-2263] Analyzing SystemVerilog file "/home/ulisses/Projects/ursa/exp/output-stationary/vitis/hls_ursa_vanilla/mxm_execute_ursa/hls/sim/verilog/mxm_execute_ursa_mxm_execute_ursa_Pipeline_STREAM_K.v" into library xil_defaultlib
INFO: [VRFC 10-311] analyzing module mxm_execute_ursa_mxm_execute_ursa_Pipeline_STREAM_K
INFO: [VRFC 10-2263] Analyzing SystemVerilog file "/home/ulisses/Projects/ursa/exp/output-stationary/vitis/hls_ursa_vanilla/mxm_execute_ursa/hls/sim/verilog/AESL_axi_slave_ap.v" into library xil_defaultlib
INFO: [VRFC 10-311] analyzing module AESL_axi_slave_ap
INFO: [VRFC 10-2263] Analyzing SystemVerilog file "/home/ulisses/Projects/ursa/exp/output-stationary/vitis/hls_ursa_vanilla/mxm_execute_ursa/hls/sim/verilog/mxm_execute_ursa_flow_control_loop_pipe_sequential_init.v" into library xil_defaultlib
INFO: [VRFC 10-311] analyzing module mxm_execute_ursa_flow_control_loop_pipe_sequential_init
INFO: [VRFC 10-2263] Analyzing SystemVerilog file "/home/ulisses/Projects/ursa/exp/output-stationary/vitis/hls_ursa_vanilla/mxm_execute_ursa/hls/sim/verilog/mxm_execute_ursa_mul_15ns_15ns_30_1_1.v" into library xil_defaultlib
INFO: [VRFC 10-311] analyzing module mxm_execute_ursa_mul_15ns_15ns_30_1_1
INFO: [VRFC 10-2263] Analyzing SystemVerilog file "/home/ulisses/Projects/ursa/exp/output-stationary/vitis/hls_ursa_vanilla/mxm_execute_ursa/hls/sim/verilog/dataflow_monitor.sv" into library xil_defaultlib
INFO: [VRFC 10-311] analyzing module dataflow_monitor
Starting static elaboration
Pass Through NonSizing Optimizer
Completed static elaboration
Starting simulation data flow analysis
Completed simulation data flow analysis
Time Resolution for simulation is 1ps
Compiling package xil_defaultlib.$unit_dataflow_monitor_sv
Compiling module xil_defaultlib.mxm_execute_ursa_mul_17s_16ns_32...
Compiling module xil_defaultlib.mxm_execute_ursa_mac_muladd_8ns_...
Compiling module xil_defaultlib.mxm_execute_ursa_mac_muladd_8ns_...
Compiling module xil_defaultlib.mxm_execute_ursa_mac_muladd_8s_8...
Compiling module xil_defaultlib.mxm_execute_ursa_mac_muladd_8s_8...
Compiling module xil_defaultlib.mxm_execute_ursa_flow_control_lo...
Compiling module xil_defaultlib.mxm_execute_ursa_mxm_execute_urs...
Compiling module xil_defaultlib.mxm_execute_ursa_sa_store
Compiling module xil_defaultlib.mxm_execute_ursa_sa_reset
Compiling module xil_defaultlib.mxm_execute_ursa_ap_s_axi
Compiling module xil_defaultlib.mxm_execute_ursa_control_s_axi
Compiling module xil_defaultlib.mxm_execute_ursa_aw_m_axi_srl(DA...
Compiling module xil_defaultlib.mxm_execute_ursa_aw_m_axi_fifo(D...
Compiling module xil_defaultlib.mxm_execute_ursa_aw_m_axi_mem(ME...
Compiling module xil_defaultlib.mxm_execute_ursa_aw_m_axi_fifo(M...
Compiling module xil_defaultlib.mxm_execute_ursa_aw_m_axi_srl(DA...
Compiling module xil_defaultlib.mxm_execute_ursa_aw_m_axi_fifo(D...
Compiling module xil_defaultlib.mxm_execute_ursa_aw_m_axi_srl(DA...
Compiling module xil_defaultlib.mxm_execute_ursa_aw_m_axi_fifo(D...
Compiling module xil_defaultlib.mxm_execute_ursa_aw_m_axi_srl(DA...
Compiling module xil_defaultlib.mxm_execute_ursa_aw_m_axi_fifo(D...
Compiling module xil_defaultlib.mxm_execute_ursa_aw_m_axi_store(...
Compiling module xil_defaultlib.mxm_execute_ursa_aw_m_axi_mem(ME...
Compiling module xil_defaultlib.mxm_execute_ursa_aw_m_axi_fifo(M...
Compiling module xil_defaultlib.mxm_execute_ursa_aw_m_axi_srl(DA...
Compiling module xil_defaultlib.mxm_execute_ursa_aw_m_axi_fifo(D...
Compiling module xil_defaultlib.mxm_execute_ursa_aw_m_axi_load(N...
Compiling module xil_defaultlib.mxm_execute_ursa_aw_m_axi_reg_sl...
Compiling module xil_defaultlib.mxm_execute_ursa_aw_m_axi_burst_...
Compiling module xil_defaultlib.mxm_execute_ursa_aw_m_axi_srl(DA...
Compiling module xil_defaultlib.mxm_execute_ursa_aw_m_axi_fifo(D...
Compiling module xil_defaultlib.mxm_execute_ursa_aw_m_axi_reg_sl...
Compiling module xil_defaultlib.mxm_execute_ursa_aw_m_axi_srl(DA...
Compiling module xil_defaultlib.mxm_execute_ursa_aw_m_axi_fifo(D...
Compiling module xil_defaultlib.mxm_execute_ursa_aw_m_axi_srl(DA...
Compiling module xil_defaultlib.mxm_execute_ursa_aw_m_axi_fifo(D...
Compiling module xil_defaultlib.mxm_execute_ursa_aw_m_axi_thrott...
Compiling module xil_defaultlib.mxm_execute_ursa_aw_m_axi_reg_sl...
Compiling module xil_defaultlib.mxm_execute_ursa_aw_m_axi_write(...
Compiling module xil_defaultlib.mxm_execute_ursa_aw_m_axi_burst_...
Compiling module xil_defaultlib.mxm_execute_ursa_aw_m_axi_reg_sl...
Compiling module xil_defaultlib.mxm_execute_ursa_aw_m_axi_read(C...
Compiling module xil_defaultlib.mxm_execute_ursa_aw_m_axi(CONSER...
Compiling module xil_defaultlib.mxm_execute_ursa_bi_m_axi_srl(DA...
Compiling module xil_defaultlib.mxm_execute_ursa_bi_m_axi_fifo(D...
Compiling module xil_defaultlib.mxm_execute_ursa_bi_m_axi_mem(ME...
Compiling module xil_defaultlib.mxm_execute_ursa_bi_m_axi_fifo(M...
Compiling module xil_defaultlib.mxm_execute_ursa_bi_m_axi_srl(DA...
Compiling module xil_defaultlib.mxm_execute_ursa_bi_m_axi_fifo(D...
Compiling module xil_defaultlib.mxm_execute_ursa_bi_m_axi_srl(DA...
Compiling module xil_defaultlib.mxm_execute_ursa_bi_m_axi_fifo(D...
Compiling module xil_defaultlib.mxm_execute_ursa_bi_m_axi_srl(DA...
Compiling module xil_defaultlib.mxm_execute_ursa_bi_m_axi_fifo(D...
Compiling module xil_defaultlib.mxm_execute_ursa_bi_m_axi_store(...
Compiling module xil_defaultlib.mxm_execute_ursa_bi_m_axi_mem(ME...
Compiling module xil_defaultlib.mxm_execute_ursa_bi_m_axi_fifo(M...
Compiling module xil_defaultlib.mxm_execute_ursa_bi_m_axi_srl(DA...
Compiling module xil_defaultlib.mxm_execute_ursa_bi_m_axi_fifo(D...
Compiling module xil_defaultlib.mxm_execute_ursa_bi_m_axi_load(N...
Compiling module xil_defaultlib.mxm_execute_ursa_bi_m_axi_reg_sl...
Compiling module xil_defaultlib.mxm_execute_ursa_bi_m_axi_burst_...
Compiling module xil_defaultlib.mxm_execute_ursa_bi_m_axi_srl(DA...
Compiling module xil_defaultlib.mxm_execute_ursa_bi_m_axi_fifo(D...
Compiling module xil_defaultlib.mxm_execute_ursa_bi_m_axi_reg_sl...
Compiling module xil_defaultlib.mxm_execute_ursa_bi_m_axi_srl(DA...
Compiling module xil_defaultlib.mxm_execute_ursa_bi_m_axi_fifo(D...
Compiling module xil_defaultlib.mxm_execute_ursa_bi_m_axi_srl(DA...
Compiling module xil_defaultlib.mxm_execute_ursa_bi_m_axi_fifo(D...
Compiling module xil_defaultlib.mxm_execute_ursa_bi_m_axi_thrott...
Compiling module xil_defaultlib.mxm_execute_ursa_bi_m_axi_reg_sl...
Compiling module xil_defaultlib.mxm_execute_ursa_bi_m_axi_write(...
Compiling module xil_defaultlib.mxm_execute_ursa_bi_m_axi_burst_...
Compiling module xil_defaultlib.mxm_execute_ursa_bi_m_axi_reg_sl...
Compiling module xil_defaultlib.mxm_execute_ursa_bi_m_axi_read(C...
Compiling module xil_defaultlib.mxm_execute_ursa_bi_m_axi(CONSER...
Compiling module xil_defaultlib.mxm_execute_ursa_ca_m_axi_srl(DA...
Compiling module xil_defaultlib.mxm_execute_ursa_ca_m_axi_fifo(D...
Compiling module xil_defaultlib.mxm_execute_ursa_ca_m_axi_mem(ME...
Compiling module xil_defaultlib.mxm_execute_ursa_ca_m_axi_fifo(M...
Compiling module xil_defaultlib.mxm_execute_ursa_ca_m_axi_srl(DA...
Compiling module xil_defaultlib.mxm_execute_ursa_ca_m_axi_fifo(D...
Compiling module xil_defaultlib.mxm_execute_ursa_ca_m_axi_srl(DA...
Compiling module xil_defaultlib.mxm_execute_ursa_ca_m_axi_fifo(D...
Compiling module xil_defaultlib.mxm_execute_ursa_ca_m_axi_store(...
Compiling module xil_defaultlib.mxm_execute_ursa_ca_m_axi_mem(ME...
Compiling module xil_defaultlib.mxm_execute_ursa_ca_m_axi_fifo(M...
Compiling module xil_defaultlib.mxm_execute_ursa_ca_m_axi_load(N...
Compiling module xil_defaultlib.mxm_execute_ursa_ca_m_axi_reg_sl...
Compiling module xil_defaultlib.mxm_execute_ursa_ca_m_axi_burst_...
Compiling module xil_defaultlib.mxm_execute_ursa_ca_m_axi_srl(DA...
Compiling module xil_defaultlib.mxm_execute_ursa_ca_m_axi_fifo(D...
Compiling module xil_defaultlib.mxm_execute_ursa_ca_m_axi_reg_sl...
Compiling module xil_defaultlib.mxm_execute_ursa_ca_m_axi_srl(DA...
Compiling module xil_defaultlib.mxm_execute_ursa_ca_m_axi_fifo(D...
Compiling module xil_defaultlib.mxm_execute_ursa_ca_m_axi_srl(DA...
Compiling module xil_defaultlib.mxm_execute_ursa_ca_m_axi_fifo(D...
Compiling module xil_defaultlib.mxm_execute_ursa_ca_m_axi_thrott...
Compiling module xil_defaultlib.mxm_execute_ursa_ca_m_axi_reg_sl...
Compiling module xil_defaultlib.mxm_execute_ursa_ca_m_axi_write(...
Compiling module xil_defaultlib.mxm_execute_ursa_ca_m_axi_burst_...
Compiling module xil_defaultlib.mxm_execute_ursa_ca_m_axi_reg_sl...
Compiling module xil_defaultlib.mxm_execute_ursa_ca_m_axi_read(C...
Compiling module xil_defaultlib.mxm_execute_ursa_ca_m_axi(CONSER...
Compiling module xil_defaultlib.mxm_execute_ursa_mul_15ns_15ns_3...
Compiling module xil_defaultlib.mxm_execute_ursa
Compiling module xil_defaultlib.AESL_axi_master_aw
Compiling module xil_defaultlib.AESL_axi_master_bi
Compiling module xil_defaultlib.AESL_axi_master_ca
Compiling module xil_defaultlib.AESL_axi_slave_control
Compiling module xil_defaultlib.AESL_axi_slave_ap
Compiling module xil_defaultlib.nodf_module_intf
Compiling module xil_defaultlib.seq_loop_intf(FSM_WIDTH=16)
Compiling module xil_defaultlib.upc_loop_intf
Compiling module xil_defaultlib.dataflow_monitor_1
Compiling module xil_defaultlib.apatb_mxm_execute_ursa_top
Compiling module work.glbl
Built simulation snapshot mxm_execute_ursa

****** xsim v2023.2 (64-bit)
  **** SW Build 4029153 on Fri Oct 13 20:13:54 MDT 2023
  **** IP Build 4028589 on Sat Oct 14 00:45:43 MDT 2023
  **** SharedData Build 4025554 on Tue Oct 10 17:18:54 MDT 2023
    ** Copyright 1986-2022 Xilinx, Inc. All Rights Reserved.
    ** Copyright 2022-2023 Advanced Micro Devices, Inc. All Rights Reserved.

source xsim.dir/mxm_execute_ursa/xsim_script.tcl
# xsim {mxm_execute_ursa} -autoloadwcfg -tclbatch {mxm_execute_ursa.tcl}
Time resolution is 1 ps
source mxm_execute_ursa.tcl
## run all
////////////////////////////////////////////////////////////////////////////////////
// Inter-Transaction Progress: Completed Transaction / Total Transaction
// Intra-Transaction Progress: Measured Latency / Latency Estimation * 100%
//
// RTL Simulation : "Inter-Transaction Progress" ["Intra-Transaction Progress"] @ "Simulation Time"
////////////////////////////////////////////////////////////////////////////////////
// RTL Simulation : 0 / 1 [0.00%] @ "125000"
// RTL Simulation : 1 / 1 [100.00%] @ "12685000"
////////////////////////////////////////////////////////////////////////////////////
$finish called at time : 12745 ns : File "/home/ulisses/Projects/ursa/exp/output-stationary/vitis/hls_ursa_vanilla/mxm_execute_ursa/hls/sim/verilog/mxm_execute_ursa.autotb.v" Line 843
## quit
INFO: [Common 17-206] Exiting xsim at Wed Sep  9 20:04:57 2026...
=== URSA testbench ===
SA_SIZE=2  ACC_BITS=20
P=8  Q=8  M=8
tiles=16  k iterations per tile=10
[PASS] URSA output matches gold
