

================================================================
== Synthesis Summary Report of 'mxm_execute_ursa'
================================================================
+ General Information: 
    * Date:           Wed Sep  9 20:08:04 2026
    * Version:        2023.2 (Build 4023990 on Oct 11 2023)
    * Project:        mxm_execute_ursa
    * Solution:       hls (Vivado IP Flow Target)
    * Product family: zynq
    * Target device:  xc7z020-clg484-1
    

+ Performance & Resource Estimates: 
    
    PS: '+' for module; 'o' for loop; '*' for dataflow
    +----------------------------------------+------+------+----------------+-----------+----------+----------------+-----------+----------+--------+---------+-----------+------------+-----+
    |                 Modules                | Issue|      |    Latency     |  Latency  | Iteration|                |    Trip   |          |        |         |           |            |     |
    |                 & Loops                | Type | Slack|    (cycles)    |    (ns)   |  Latency |    Interval    |   Count   | Pipelined|  BRAM  |   DSP   |     FF    |     LUT    | URAM|
    +----------------------------------------+------+------+----------------+-----------+----------+----------------+-----------+----------+--------+---------+-----------+------------+-----+
    |+ mxm_execute_ursa                      |     -|  0.00|  70379747901515|  7.038e+14|         -|  70379747901516|          -|        no|  8 (2%)|  21 (9%)|  5155 (4%)|  6181 (11%)|    -|
    | o TILE_ROW_TILE_COL                    |     -|  7.30|  70379747901513|  7.038e+14|    262217|               -|  268402689|        no|       -|        -|          -|           -|    -|
    |  + mxm_execute_ursa_Pipeline_STREAM_K  |     -|  0.00|          262180|  2.622e+06|         -|          262180|          -|        no|       -|  20 (9%)|  1273 (1%)|   2047 (3%)|    -|
    |   o STREAM_K                           |    II|  7.30|          262178|  2.622e+06|        19|               4|      65541|       yes|       -|        -|          -|           -|    -|
    |  + sa_store                            |    II|  0.00|              21|    210.000|         -|              16|          -|       yes|       -|        -|  156 (~0%)|   407 (~0%)|    -|
    |  + sa_reset                            |     -|  7.30|               0|      0.000|         -|               1|          -|       yes|       -|        -|          -|           -|    -|
    +----------------------------------------+------+------+----------------+-----------+----------+----------------+-----------+----------+--------+---------+-----------+------------+-----+


================================================================
== HW Interfaces
================================================================
* M_AXI
+-----------+------------+---------------+---------+--------+----------+-----------+--------------+--------------+-------------+-------------+-------------------+
| Interface | Data Width | Address Width | Latency | Offset | Register | Max Widen | Max Read     | Max Write    | Num Read    | Num Write   | Resource Estimate |
|           | (SW->HW)   |               |         |        |          | Bitwidth  | Burst Length | Burst Length | Outstanding | Outstanding |                   |
+-----------+------------+---------------+---------+--------+----------+-----------+--------------+--------------+-------------+-------------+-------------------+
| m_axi_aw  | 8 -> 8     | 32            | 0       | slave  | 0        | 0         | 64           | 16           | 8           | 8           | BRAM=2            |
| m_axi_bi  | 8 -> 8     | 32            | 0       | slave  | 0        | 0         | 64           | 16           | 8           | 8           | BRAM=2            |
| m_axi_ca  | 32 -> 32   | 32            | 0       | slave  | 0        | 0         | 64           | 16           | 8           | 8           | BRAM=4            |
+-----------+------------+---------------+---------+--------+----------+-----------+--------------+--------------+-------------+-------------+-------------------+

* S_AXILITE Interfaces
+---------------+------------+---------------+--------+----------+
| Interface     | Data Width | Address Width | Offset | Register |
+---------------+------------+---------------+--------+----------+
| s_axi_ap      | 32         | 6             | 24     | 1        |
| s_axi_control | 32         | 6             | 16     | 0        |
+---------------+------------+---------------+--------+----------+

* S_AXILITE Registers
+---------------+-----------+--------+-------+--------+----------------------------------+----------------------------------------------------------------------+
| Interface     | Register  | Offset | Width | Access | Description                      | Bit Fields                                                           |
+---------------+-----------+--------+-------+--------+----------------------------------+----------------------------------------------------------------------+
| s_axi_ap      | CTRL      | 0x00   | 32    | RW     | Control signals                  | 0=AP_START 1=AP_DONE 2=AP_IDLE 3=AP_READY 7=AUTO_RESTART 9=INTERRUPT |
| s_axi_ap      | GIER      | 0x04   | 32    | RW     | Global Interrupt Enable Register | 0=Enable                                                             |
| s_axi_ap      | IP_IER    | 0x08   | 32    | RW     | IP Interrupt Enable Register     | 0=CHAN0_INT_EN 1=CHAN1_INT_EN                                        |
| s_axi_ap      | IP_ISR    | 0x0c   | 32    | RW     | IP Interrupt Status Register     | 0=CHAN0_INT_ST 1=CHAN1_INT_ST                                        |
| s_axi_ap      | ap_return | 0x10   | 32    | R      | Data signal of ap_return         |                                                                      |
| s_axi_ap      | a0_p      | 0x18   | 32    | W      | Data signal of a0_p              |                                                                      |
| s_axi_ap      | b0_q      | 0x20   | 32    | W      | Data signal of b0_q              |                                                                      |
| s_axi_ap      | m         | 0x28   | 32    | W      | Data signal of m                 |                                                                      |
| s_axi_control | addr_a0   | 0x10   | 32    | W      | Data signal of addr_a0           |                                                                      |
| s_axi_control | addr_b0   | 0x18   | 32    | W      | Data signal of addr_b0           |                                                                      |
| s_axi_control | addr_c0   | 0x20   | 32    | W      | Data signal of addr_c0           |                                                                      |
+---------------+-----------+--------+-------+--------+----------------------------------+----------------------------------------------------------------------+

* TOP LEVEL CONTROL
+-----------+------------+-----------+
| Interface | Type       | Ports     |
+-----------+------------+-----------+
| ap_clk    | clock      | ap_clk    |
| ap_rst_n  | reset      | ap_rst_n  |
| interrupt | interrupt  | interrupt |
| ap_ctrl   | ap_ctrl_hs |           |
+-----------+------------+-----------+


================================================================
== SW I/O Information
================================================================
* Top Function Arguments
+----------+-----------+----------------+
| Argument | Direction | Datatype       |
+----------+-----------+----------------+
| addr_a0  | in        | signed char*   |
| a0_p     | in        | unsigned short |
| addr_b0  | in        | unsigned char* |
| b0_q     | in        | unsigned short |
| addr_c0  | out       | int*           |
| m        | in        | unsigned short |
| return   | out       | unsigned char  |
+----------+-----------+----------------+

* SW-to-HW Mapping
+----------+---------------+-----------+----------+-------------------------------------+
| Argument | HW Interface  | HW Type   | HW Usage | HW Info                             |
+----------+---------------+-----------+----------+-------------------------------------+
| addr_a0  | m_axi_aw      | interface |          |                                     |
| addr_a0  | s_axi_control | register  | offset   | name=addr_a0 offset=0x10 range=32   |
| a0_p     | s_axi_ap      | register  |          | name=a0_p offset=0x18 range=32      |
| addr_b0  | m_axi_bi      | interface |          |                                     |
| addr_b0  | s_axi_control | register  | offset   | name=addr_b0 offset=0x18 range=32   |
| b0_q     | s_axi_ap      | register  |          | name=b0_q offset=0x20 range=32      |
| addr_c0  | m_axi_ca      | interface |          |                                     |
| addr_c0  | s_axi_control | register  | offset   | name=addr_c0 offset=0x20 range=32   |
| m        | s_axi_ap      | register  |          | name=m offset=0x28 range=32         |
| return   | s_axi_ap      | register  |          | name=ap_return offset=0x10 range=32 |
+----------+---------------+-----------+----------+-------------------------------------+


================================================================
== M_AXI Burst Information
================================================================
 Note: All burst requests might be further partitioned into multiple requests during RTL generation based on max_read_burst_length or max_write_burst_length settings.

* Inferred Burst Summary
+--------------+-----------+--------+-------+
| HW Interface | Direction | Length | Width |
+--------------+-----------+--------+-------+
| m_axi_ca     | write     | 4      | 32    |
+--------------+-----------+--------+-------+

* All M_AXI Variable Accesses
+--------------+----------+------------------------------------------------------------------------------------------------------+-----------+--------------+--------+------------+-------------------------------------------------------------------------------------------------------+
| HW Interface | Variable | Access Location                                                                                      | Direction | Burst Status | Length | Resolution | Problem                                                                                               |
+--------------+----------+------------------------------------------------------------------------------------------------------+-----------+--------------+--------+------------+-------------------------------------------------------------------------------------------------------+
| m_axi_ca     | out      | /home/ulisses/Projects/ursa/exp/output-stationary/vitis_component/inp_data/hls_src/core/sa.cpp:92:17 | write     | Widen Fail   |        | 214-353    | Could not widen since type i32 size is greater than or equal to the max_widen_bitwidth threshold of 0 |
| m_axi_ca     | out      | /home/ulisses/Projects/ursa/exp/output-stationary/vitis_component/inp_data/hls_src/core/sa.cpp:92:17 | write     | Inferred     | 4      |            |                                                                                                       |
+--------------+----------+------------------------------------------------------------------------------------------------------+-----------+--------------+--------+------------+-------------------------------------------------------------------------------------------------------+

    * Resolution URL: docs.xilinx.com/access/sources/dita/topic?Doc_Version=2023.2%20English&url=ug1448-hls-guidance&resourceid=XXX-YYY.html (replace XXX-YYY with column value)

================================================================
== Bind Op Report
================================================================
+---------------------------------------+-----+--------+-------------+-----+-----------+---------+
| Name                                  | DSP | Pragma | Variable    | Op  | Impl      | Latency |
+---------------------------------------+-----+--------+-------------+-----+-----------+---------+
| + mxm_execute_ursa                    | 21  |        |             |     |           |         |
|   sub22_fu_512_p2                     |     |        | sub22       | add | fabric    | 0       |
|   mul_14ns_14ns_28_1_1_U87            | 1   |        | bound       | mul | auto      | 0       |
|   add_ln138_fu_540_p2                 |     |        | add_ln138   | add | fabric    | 0       |
|   add_ln185_fu_574_p2                 |     |        | add_ln185   | add | fabric    | 0       |
|   add_ln184_fu_595_p2                 |     |        | add_ln184   | add | fabric    | 0       |
|   addr_sa_c_fu_658_p2                 |     |        | addr_sa_c   | add | fabric    | 0       |
|   add_ln180_fu_608_p2                 |     |        | add_ln180   | add | fabric    | 0       |
|   off_cj_2_fu_663_p2                  |     |        | off_cj_2    | add | fabric    | 0       |
|   add_ln144_fu_614_p2                 |     |        | add_ln144   | add | fabric    | 0       |
|  + mxm_execute_ursa_Pipeline_STREAM_K | 20  |        |             |     |           |         |
|    k_fu_482_p2                        |     |        | k           | add | fabric    | 0       |
|    add_ln23_fu_498_p2                 |     |        | add_ln23    | add | fabric    | 0       |
|    add_ln23_1_fu_504_p2               |     |        | add_ln23_1  | add | fabric    | 0       |
|    add_ln22_fu_538_p2                 |     |        | add_ln22    | add | fabric    | 0       |
|    add_ln23_3_fu_636_p2               |     |        | add_ln23_3  | add | fabric    | 0       |
|    add_ln22_1_fu_572_p2               |     |        | add_ln22_1  | add | fabric    | 0       |
|    add_ln23_5_fu_668_p2               |     |        | add_ln23_5  | add | fabric    | 0       |
|    add_ln23_6_fu_676_p2               |     |        | add_ln23_6  | add | fabric    | 0       |
|    add_ln22_2_fu_596_p2               |     |        | add_ln22_2  | add | fabric    | 0       |
|    add_ln23_8_fu_698_p2               |     |        | add_ln23_8  | add | fabric    | 0       |
|    sub_i_fu_614_p2                    |     |        | sub_i       | add | fabric    | 0       |
|    mul_17s_16ns_32_1_1_U1             | 1   |        | mul_i       | mul | auto      | 0       |
|    add_ln44_3_fu_740_p2               |     |        | add_ln44_3  | add | fabric    | 0       |
|    add_ln51_4_fu_745_p2               |     |        | add_ln51_4  | add | fabric    | 0       |
|    add_ln44_fu_732_p2                 |     |        | add_ln44    | add | fabric    | 0       |
|    mul_17s_16ns_32_1_1_U2             | 1   |        | mul_ln44    | mul | auto      | 0       |
|    add_ln51_5_fu_793_p2               |     |        | add_ln51_5  | add | fabric    | 0       |
|    add_ln44_1_fu_774_p2               |     |        | add_ln44_1  | add | fabric    | 0       |
|    mul_17s_16ns_32_1_1_U3             | 1   |        | mul_ln44_1  | mul | auto      | 0       |
|    add_ln51_6_fu_836_p2               |     |        | add_ln51_6  | add | fabric    | 0       |
|    add_ln44_2_fu_822_p2               |     |        | add_ln44_2  | add | fabric    | 0       |
|    mul_17s_16ns_32_1_1_U4             | 1   |        | mul_ln44_2  | mul | auto      | 0       |
|    add_ln51_7_fu_874_p2               |     |        | add_ln51_7  | add | fabric    | 0       |
|    mac_muladd_8ns_8s_20s_20_4_1_U14   | 1   |        | mul_ln19    | mul | dsp_slice | 3       |
|    mac_muladd_8s_8ns_20s_20_4_1_U17   | 1   |        | mul_ln19_1  | mul | dsp_slice | 3       |
|    mac_muladd_8s_8ns_20s_20_4_1_U19   | 1   |        | mul_ln19_2  | mul | dsp_slice | 3       |
|    mac_muladd_8s_8ns_20s_20_4_1_U20   | 1   |        | mul_ln19_3  | mul | dsp_slice | 3       |
|    mac_muladd_8ns_8s_20s_20_4_1_U12   | 1   |        | mul_ln19_4  | mul | dsp_slice | 3       |
|    mac_muladd_8ns_8s_20s_20_4_1_U10   | 1   |        | mul_ln19_5  | mul | dsp_slice | 3       |
|    mac_muladd_8ns_8s_20s_20_4_1_U13   | 1   |        | mul_ln19_6  | mul | dsp_slice | 3       |
|    mac_muladd_8ns_8s_20s_20_4_1_U15   | 1   |        | mul_ln19_7  | mul | dsp_slice | 3       |
|    mac_muladd_8ns_8s_20s_20_4_1_U16   | 1   |        | mul_ln19_8  | mul | dsp_slice | 3       |
|    mac_muladd_8ns_8s_20s_20_4_1_U8    | 1   |        | mul_ln19_9  | mul | dsp_slice | 3       |
|    mac_muladd_8ns_8s_20s_20_4_1_U7    | 1   |        | mul_ln19_10 | mul | dsp_slice | 3       |
|    mac_muladd_8ns_8s_20s_20_4_1_U9    | 1   |        | mul_ln19_11 | mul | dsp_slice | 3       |
|    mac_muladd_8ns_8s_20s_20_4_1_U18   | 1   |        | mul_ln19_12 | mul | dsp_slice | 3       |
|    mac_muladd_8ns_8s_20s_20_4_1_U11   | 1   |        | mul_ln19_13 | mul | dsp_slice | 3       |
|    mac_muladd_8ns_8s_20s_20_4_1_U6    | 1   |        | mul_ln19_14 | mul | dsp_slice | 3       |
|    mac_muladd_8ns_8s_20s_20_4_1_U5    | 1   |        | mul_ln19_15 | mul | dsp_slice | 3       |
|    mac_muladd_8ns_8s_20s_20_4_1_U14   | 1   |        | add_ln19    | add | dsp_slice | 3       |
|    mac_muladd_8s_8ns_20s_20_4_1_U17   | 1   |        | add_ln19_1  | add | dsp_slice | 3       |
|    mac_muladd_8s_8ns_20s_20_4_1_U19   | 1   |        | add_ln19_2  | add | dsp_slice | 3       |
|    mac_muladd_8s_8ns_20s_20_4_1_U20   | 1   |        | add_ln19_3  | add | dsp_slice | 3       |
|    mac_muladd_8ns_8s_20s_20_4_1_U12   | 1   |        | add_ln19_4  | add | dsp_slice | 3       |
|    mac_muladd_8ns_8s_20s_20_4_1_U10   | 1   |        | add_ln19_5  | add | dsp_slice | 3       |
|    mac_muladd_8ns_8s_20s_20_4_1_U13   | 1   |        | add_ln19_6  | add | dsp_slice | 3       |
|    mac_muladd_8ns_8s_20s_20_4_1_U15   | 1   |        | add_ln19_7  | add | dsp_slice | 3       |
|    mac_muladd_8ns_8s_20s_20_4_1_U16   | 1   |        | add_ln19_8  | add | dsp_slice | 3       |
|    mac_muladd_8ns_8s_20s_20_4_1_U8    | 1   |        | add_ln19_9  | add | dsp_slice | 3       |
|    mac_muladd_8ns_8s_20s_20_4_1_U7    | 1   |        | add_ln19_10 | add | dsp_slice | 3       |
|    mac_muladd_8ns_8s_20s_20_4_1_U9    | 1   |        | add_ln19_11 | add | dsp_slice | 3       |
|    mac_muladd_8ns_8s_20s_20_4_1_U18   | 1   |        | add_ln19_12 | add | dsp_slice | 3       |
|    mac_muladd_8ns_8s_20s_20_4_1_U11   | 1   |        | add_ln19_13 | add | dsp_slice | 3       |
|    mac_muladd_8ns_8s_20s_20_4_1_U6    | 1   |        | add_ln19_14 | add | dsp_slice | 3       |
|    mac_muladd_8ns_8s_20s_20_4_1_U5    | 1   |        | add_ln19_15 | add | dsp_slice | 3       |
|  + sa_store                           | 0   |        |             |     |           |         |
|    empty_25_fu_330_p2                 |     |        | empty_25    | add | fabric    | 0       |
|    empty_28_fu_357_p2                 |     |        | empty_28    | add | fabric    | 0       |
|    empty_31_fu_384_p2                 |     |        | empty_31    | sub | fabric    | 0       |
|    empty_32_fu_394_p2                 |     |        | empty_32    | add | fabric    | 0       |
+---------------------------------------+-----+--------+-------------+-----+-----------+---------+


================================================================
== Storage Report
================================================================
+--------------------+-----------+-----------+------+------+--------+----------+------+---------+------------------+
| Name               | Usage     | Type      | BRAM | URAM | Pragma | Variable | Impl | Latency | Bitwidth, Depth, |
|                    |           |           |      |      |        |          |      |         | Banks            |
+--------------------+-----------+-----------+------+------+--------+----------+------+---------+------------------+
| + mxm_execute_ursa |           |           | 8    | 0    |        |          |      |         |                  |
|   ap_s_axi_U       | interface | s_axilite |      |      |        |          |      |         |                  |
|   control_s_axi_U  | interface | s_axilite |      |      |        |          |      |         |                  |
|   aw_m_axi_U       | interface | m_axi     | 2    |      |        |          |      |         |                  |
|   bi_m_axi_U       | interface | m_axi     | 2    |      |        |          |      |         |                  |
|   ca_m_axi_U       | interface | m_axi     | 4    |      |        |          |      |         |                  |
+--------------------+-----------+-----------+------+------+--------+----------+------+---------+------------------+


================================================================
== Pragma Report
================================================================
* Pragmas with Warnings
+----------+---------+-------------------------------------------------------------------------------+--------------------------------------------------------------+
| Type     | Options | Location                                                                      | Messages                                                     |
+----------+---------+-------------------------------------------------------------------------------+--------------------------------------------------------------+
| unroll   |         | ../../vitis_component/inp_data/hls_src/core/pe.cpp:16 in pe_compute           | '#pragma HLS unroll' can only be applied inside loop body    |
| dataflow |         | ../../vitis_component/inp_data/hls_src/core/shell.cpp:126 in mxm_execute_ursa | Only 'for' loop or function body support the dataflow pragma |
+----------+---------+-------------------------------------------------------------------------------+--------------------------------------------------------------+

* Valid Pragma Syntax
+-----------------+---------------------------------------------------------------------------------------------------------------------------------------------------------------+------------------------------------------------------------------------------------------+
| Type            | Options                                                                                                                                                       | Location                                                                                 |
+-----------------+---------------------------------------------------------------------------------------------------------------------------------------------------------------+------------------------------------------------------------------------------------------+
| array_partition | variable=sa->pe complete                                                                                                                                      | ../../vitis_component/inp_data/hls_src/core/sa.cpp:8 in sa_init, sa->pe                  |
| array_partition | variable=sa->in_mtx_a_li complete                                                                                                                             | ../../vitis_component/inp_data/hls_src/core/sa.cpp:9 in sa_init, sa->in_mtx_a_li         |
| array_partition | variable=sa->in_mtx_b_tw complete                                                                                                                             | ../../vitis_component/inp_data/hls_src/core/sa.cpp:10 in sa_init, sa->in_mtx_b_tw        |
| pipeline        | II=1                                                                                                                                                          | ../../vitis_component/inp_data/hls_src/core/sa.cpp:14 in sa_init                         |
| unroll          |                                                                                                                                                               | ../../vitis_component/inp_data/hls_src/core/sa.cpp:17 in sa_init                         |
| unroll          |                                                                                                                                                               | ../../vitis_component/inp_data/hls_src/core/sa.cpp:19 in sa_init                         |
| pipeline        | II=1                                                                                                                                                          | ../../vitis_component/inp_data/hls_src/core/sa.cpp:26 in sa_reset                        |
| unroll          |                                                                                                                                                               | ../../vitis_component/inp_data/hls_src/core/sa.cpp:29 in sa_reset                        |
| unroll          |                                                                                                                                                               | ../../vitis_component/inp_data/hls_src/core/sa.cpp:31 in sa_reset                        |
| dependence      | variable=sa->in_mtx_a_li inter false                                                                                                                          | ../../vitis_component/inp_data/hls_src/core/sa.cpp:38 in sa_input_a_b, sa->in_mtx_a_li   |
| dependence      | variable=sa->in_mtx_b_tw inter false                                                                                                                          | ../../vitis_component/inp_data/hls_src/core/sa.cpp:39 in sa_input_a_b, sa->in_mtx_b_tw   |
| pipeline        | II=1                                                                                                                                                          | ../../vitis_component/inp_data/hls_src/core/sa.cpp:48 in sa_compute                      |
| unroll          |                                                                                                                                                               | ../../vitis_component/inp_data/hls_src/core/sa.cpp:52 in sa_compute                      |
| unroll          |                                                                                                                                                               | ../../vitis_component/inp_data/hls_src/core/sa.cpp:59 in sa_compute                      |
| unroll          |                                                                                                                                                               | ../../vitis_component/inp_data/hls_src/core/sa.cpp:61 in sa_compute                      |
| unroll          |                                                                                                                                                               | ../../vitis_component/inp_data/hls_src/core/sa.cpp:68 in sa_compute                      |
| unroll          |                                                                                                                                                               | ../../vitis_component/inp_data/hls_src/core/sa.cpp:70 in sa_compute                      |
| unroll          |                                                                                                                                                               | ../../vitis_component/inp_data/hls_src/core/sa.cpp:77 in sa_compute                      |
| unroll          |                                                                                                                                                               | ../../vitis_component/inp_data/hls_src/core/sa.cpp:79 in sa_compute                      |
| pipeline        | II=1                                                                                                                                                          | ../../vitis_component/inp_data/hls_src/core/sa.cpp:86 in sa_store                        |
| unroll          |                                                                                                                                                               | ../../vitis_component/inp_data/hls_src/core/sa.cpp:89 in sa_store                        |
| unroll          |                                                                                                                                                               | ../../vitis_component/inp_data/hls_src/core/sa.cpp:91 in sa_store                        |
| pipeline        | II=1                                                                                                                                                          | ../../vitis_component/inp_data/hls_src/core/shell.cpp:13 in fill_inputs_a                |
| unroll          |                                                                                                                                                               | ../../vitis_component/inp_data/hls_src/core/shell.cpp:15 in fill_inputs_a                |
| pipeline        | II=1                                                                                                                                                          | ../../vitis_component/inp_data/hls_src/core/shell.cpp:41 in fill_inputs_b                |
| unroll          |                                                                                                                                                               | ../../vitis_component/inp_data/hls_src/core/shell.cpp:43 in fill_inputs_b                |
| pipeline        | II=1                                                                                                                                                          | ../../vitis_component/inp_data/hls_src/core/shell.cpp:66 in load_inputs_sa               |
| unroll          | factor=4                                                                                                                                                      | ../../vitis_component/inp_data/hls_src/core/shell.cpp:69 in load_inputs_sa               |
| interface       | mode=m_axi port=casted_a0 bundle=aw offset=slave num_read_outstanding=8 num_write_outstanding=8 max_read_burst_length=64 max_write_burst_length=16 depth=4096 | ../../vitis_component/inp_data/hls_src/core/shell.cpp:92 in mxm_execute_ursa, casted_a0  |
| interface       | mode=m_axi port=casted_b0 bundle=bi offset=slave num_read_outstanding=8 num_write_outstanding=8 max_read_burst_length=64 max_write_burst_length=16 depth=4096 | ../../vitis_component/inp_data/hls_src/core/shell.cpp:96 in mxm_execute_ursa, casted_b0  |
| interface       | mode=m_axi port=casted_c0 bundle=ca offset=slave num_read_outstanding=8 num_write_outstanding=8 max_read_burst_length=64 max_write_burst_length=16 depth=4096 | ../../vitis_component/inp_data/hls_src/core/shell.cpp:100 in mxm_execute_ursa, casted_c0 |
| interface       | mode=s_axilite port=return bundle=ap register                                                                                                                 | ../../vitis_component/inp_data/hls_src/core/shell.cpp:104 in mxm_execute_ursa, return    |
| interface       | mode=s_axilite port=a0_p bundle=ap register                                                                                                                   | ../../vitis_component/inp_data/hls_src/core/shell.cpp:105 in mxm_execute_ursa, a0_p      |
| interface       | mode=s_axilite port=b0_q bundle=ap register                                                                                                                   | ../../vitis_component/inp_data/hls_src/core/shell.cpp:106 in mxm_execute_ursa, b0_q      |
| interface       | mode=s_axilite port=m bundle=ap register                                                                                                                      | ../../vitis_component/inp_data/hls_src/core/shell.cpp:107 in mxm_execute_ursa, m         |
| array_partition | variable=in_a complete dim=1                                                                                                                                  | ../../vitis_component/inp_data/hls_src/core/shell.cpp:111 in mxm_execute_ursa, in_a      |
| array_partition | variable=in_b complete dim=1                                                                                                                                  | ../../vitis_component/inp_data/hls_src/core/shell.cpp:114 in mxm_execute_ursa, in_b      |
| array_partition | variable=sa complete dim=1                                                                                                                                    | ../../vitis_component/inp_data/hls_src/core/shell.cpp:123 in mxm_execute_ursa, sa        |
| pipeline        | II=1                                                                                                                                                          | ../../vitis_component/inp_data/hls_src/core/shell.cpp:154 in mxm_execute_ursa            |
+-----------------+---------------------------------------------------------------------------------------------------------------------------------------------------------------+------------------------------------------------------------------------------------------+


