INFO: [v++ 60-1548] Creating build summary session with primary output /home/ulisses/Projects/ursa/exp/output-stationary-v2/vitis/hls_ursa_vanilla/mxm_execute_ursa/mxm_execute_ursa.hlscompile_summary, at Thu Sep 24 14:32:03 2026
INFO: [v++ 82-31] Launching vitis_hls: vitis_hls -nolog -run csynth -work_dir /home/ulisses/Projects/ursa/exp/output-stationary-v2/vitis/hls_ursa_vanilla/mxm_execute_ursa -config /home/ulisses/Projects/ursa/exp/output-stationary-v2/vitis/hls_ursa_vanilla/hls_config.cfg -cmdlineconfig /home/ulisses/Projects/ursa/exp/output-stationary-v2/vitis/hls_ursa_vanilla/mxm_execute_ursa/hls/config.cmdline

****** Vitis HLS - High-Level Synthesis from C, C++ and OpenCL v2023.2 (64-bit)
  **** SW Build 4023990 on Oct 11 2023
  **** IP Build 4028589 on Sat Oct 14 00:45:43 MDT 2023
  **** SharedData Build 4025554 on Tue Oct 10 17:18:54 MDT 2023
    ** Copyright 1986-2022 Xilinx, Inc. All Rights Reserved.
    ** Copyright 2022-2023 Advanced Micro Devices, Inc. All Rights Reserved.

source /opt/Xilinx/Vitis_HLS/2023.2/scripts/vitis_hls/hls.tcl -notrace
INFO: [HLS 200-10] Running '/opt/Xilinx/Vitis_HLS/2023.2/bin/unwrapped/lnx64.o/vitis_hls'
INFO: [HLS 200-10] For user 'ulisses' on host 'ulisses-desktop' (Linux_x86_64 version 7.0.0-34-generic) on Thu Sep 24 14:32:04 -03 2026
INFO: [HLS 200-10] On os Ubuntu 26.04.1 LTS
INFO: [HLS 200-10] In directory '/home/ulisses/Projects/ursa/exp/output-stationary-v2/vitis/hls_ursa_vanilla'
INFO: [HLS 200-1909] Reading HLS ini file /home/ulisses/Projects/ursa/exp/output-stationary-v2/vitis/hls_ursa_vanilla/hls_config.cfg
INFO: [HLS 200-1909] Reading HLS ini file /home/ulisses/Projects/ursa/exp/output-stationary-v2/vitis/hls_ursa_vanilla/mxm_execute_ursa/hls/config.cmdline
INFO: [HLS 200-2005] Using work_dir /home/ulisses/Projects/ursa/exp/output-stationary-v2/vitis/hls_ursa_vanilla/mxm_execute_ursa 
INFO: [HLS 200-1510] Running: open_project /home/ulisses/Projects/ursa/exp/output-stationary-v2/vitis/hls_ursa_vanilla/mxm_execute_ursa -diskless 
INFO: [HLS 200-1510] Running: open_solution hls 
INFO: [HLS 200-1505] Using default flow_target 'vivado'
Resolution: For help on HLS 200-1505 see docs.xilinx.com/access/sources/dita/topic?Doc_Version=2023.2%20English&url=ug1448-hls-guidance&resourceid=200-1505.html
INFO: [HLS 200-1510] Running: apply_ini /home/ulisses/Projects/ursa/exp/output-stationary-v2/vitis/hls_ursa_vanilla/hls_config.cfg 
INFO: [HLS 200-1909] Reading HLS ini file /home/ulisses/Projects/ursa/exp/output-stationary-v2/vitis/hls_ursa_vanilla/hls_config.cfg
WARNING: [HLS 200-1921] Skipping unknown ini [hls] entry '// csim.ldflags=-B/usr/bin/' from /home/ulisses/Projects/ursa/exp/output-stationary-v2/vitis/hls_ursa_vanilla/hls_config.cfg(25)
INFO: [HLS 200-1465] Applying ini 'syn.file=/home/ulisses/Projects/ursa/exp/output-stationary-v2/sources/vanilla/src/settings.h' at /home/ulisses/Projects/ursa/exp/output-stationary-v2/vitis/hls_ursa_vanilla/hls_config.cfg(7)
INFO: [HLS 200-10] Adding design file '/home/ulisses/Projects/ursa/exp/output-stationary-v2/sources/vanilla/src/settings.h' to the project
INFO: [HLS 200-1465] Applying ini 'syn.file=/home/ulisses/Projects/ursa/exp/output-stationary-v2/sources/vanilla/src/core/pe.cpp' at /home/ulisses/Projects/ursa/exp/output-stationary-v2/vitis/hls_ursa_vanilla/hls_config.cfg(8)
INFO: [HLS 200-10] Adding design file '/home/ulisses/Projects/ursa/exp/output-stationary-v2/sources/vanilla/src/core/pe.cpp' to the project
INFO: [HLS 200-1465] Applying ini 'syn.file=/home/ulisses/Projects/ursa/exp/output-stationary-v2/sources/vanilla/src/core/pe.h' at /home/ulisses/Projects/ursa/exp/output-stationary-v2/vitis/hls_ursa_vanilla/hls_config.cfg(9)
INFO: [HLS 200-10] Adding design file '/home/ulisses/Projects/ursa/exp/output-stationary-v2/sources/vanilla/src/core/pe.h' to the project
INFO: [HLS 200-1465] Applying ini 'syn.file=/home/ulisses/Projects/ursa/exp/output-stationary-v2/sources/vanilla/src/core/sa.cpp' at /home/ulisses/Projects/ursa/exp/output-stationary-v2/vitis/hls_ursa_vanilla/hls_config.cfg(10)
INFO: [HLS 200-10] Adding design file '/home/ulisses/Projects/ursa/exp/output-stationary-v2/sources/vanilla/src/core/sa.cpp' to the project
INFO: [HLS 200-1465] Applying ini 'syn.file=/home/ulisses/Projects/ursa/exp/output-stationary-v2/sources/vanilla/src/core/sa.h' at /home/ulisses/Projects/ursa/exp/output-stationary-v2/vitis/hls_ursa_vanilla/hls_config.cfg(11)
INFO: [HLS 200-10] Adding design file '/home/ulisses/Projects/ursa/exp/output-stationary-v2/sources/vanilla/src/core/sa.h' to the project
INFO: [HLS 200-1465] Applying ini 'syn.file=/home/ulisses/Projects/ursa/exp/output-stationary-v2/sources/vanilla/src/core/shell.cpp' at /home/ulisses/Projects/ursa/exp/output-stationary-v2/vitis/hls_ursa_vanilla/hls_config.cfg(12)
INFO: [HLS 200-10] Adding design file '/home/ulisses/Projects/ursa/exp/output-stationary-v2/sources/vanilla/src/core/shell.cpp' to the project
INFO: [HLS 200-1465] Applying ini 'syn.file=/home/ulisses/Projects/ursa/exp/output-stationary-v2/sources/vanilla/src/core/shell.h' at /home/ulisses/Projects/ursa/exp/output-stationary-v2/vitis/hls_ursa_vanilla/hls_config.cfg(13)
INFO: [HLS 200-10] Adding design file '/home/ulisses/Projects/ursa/exp/output-stationary-v2/sources/vanilla/src/core/shell.h' to the project
INFO: [HLS 200-1465] Applying ini 'tb.file=/home/ulisses/Projects/ursa/exp/output-stationary-v2/sources/vanilla/tb/simple_mxm/matrices.cpp' at /home/ulisses/Projects/ursa/exp/output-stationary-v2/vitis/hls_ursa_vanilla/hls_config.cfg(14)
INFO: [HLS 200-10] Adding test bench file '/home/ulisses/Projects/ursa/exp/output-stationary-v2/sources/vanilla/tb/simple_mxm/matrices.cpp' to the project
INFO: [HLS 200-1465] Applying ini 'tb.file=/home/ulisses/Projects/ursa/exp/output-stationary-v2/sources/vanilla/tb/simple_mxm/matrices.h' at /home/ulisses/Projects/ursa/exp/output-stationary-v2/vitis/hls_ursa_vanilla/hls_config.cfg(15)
INFO: [HLS 200-10] Adding test bench file '/home/ulisses/Projects/ursa/exp/output-stationary-v2/sources/vanilla/tb/simple_mxm/matrices.h' to the project
INFO: [HLS 200-1465] Applying ini 'tb.file=/home/ulisses/Projects/ursa/exp/output-stationary-v2/sources/vanilla/tb/simple_mxm/tb_main.cpp' at /home/ulisses/Projects/ursa/exp/output-stationary-v2/vitis/hls_ursa_vanilla/hls_config.cfg(16)
INFO: [HLS 200-10] Adding test bench file '/home/ulisses/Projects/ursa/exp/output-stationary-v2/sources/vanilla/tb/simple_mxm/tb_main.cpp' to the project
INFO: [HLS 200-1465] Applying ini 'syn.top=mxm_execute_ursa' at /home/ulisses/Projects/ursa/exp/output-stationary-v2/vitis/hls_ursa_vanilla/hls_config.cfg(17)
INFO: [HLS 200-1465] Applying ini 'flow_target=vivado' at /home/ulisses/Projects/ursa/exp/output-stationary-v2/vitis/hls_ursa_vanilla/hls_config.cfg(4)
INFO: [HLS 200-1505] Using flow_target 'vivado'
Resolution: For help on HLS 200-1505 see docs.xilinx.com/access/sources/dita/topic?Doc_Version=2023.2%20English&url=ug1448-hls-guidance&resourceid=200-1505.html
INFO: [HLS 200-1465] Applying ini 'part=xc7z020clg484-1' at /home/ulisses/Projects/ursa/exp/output-stationary-v2/vitis/hls_ursa_vanilla/hls_config.cfg(1)
INFO: [HLS 200-1611] Setting target device to 'xc7z020-clg484-1'
INFO: [HLS 200-1465] Applying ini 'clock=10ns' at /home/ulisses/Projects/ursa/exp/output-stationary-v2/vitis/hls_ursa_vanilla/hls_config.cfg(18)
INFO: [SYN 201-201] Setting up clock 'default' with a period of 10ns.
INFO: [HLS 200-1465] Applying ini 'package.ip.display_name=URSA_vanilla_4x4' at /home/ulisses/Projects/ursa/exp/output-stationary-v2/vitis/hls_ursa_vanilla/hls_config.cfg(23)
INFO: [HLS 200-1465] Applying ini 'package.output.format=ip_catalog' at /home/ulisses/Projects/ursa/exp/output-stationary-v2/vitis/hls_ursa_vanilla/hls_config.cfg(5)
INFO: [HLS 200-1465] Applying ini 'syn.interface.m_axi_addr64=0' at /home/ulisses/Projects/ursa/exp/output-stationary-v2/vitis/hls_ursa_vanilla/hls_config.cfg(21)
INFO: [HLS 200-1465] Applying ini 'syn.interface.m_axi_max_bitwidth=32' at /home/ulisses/Projects/ursa/exp/output-stationary-v2/vitis/hls_ursa_vanilla/hls_config.cfg(20)
INFO: [HLS 200-1510] Running: apply_ini /home/ulisses/Projects/ursa/exp/output-stationary-v2/vitis/hls_ursa_vanilla/mxm_execute_ursa/hls/config.cmdline 
INFO: [HLS 200-1909] Reading HLS ini file /home/ulisses/Projects/ursa/exp/output-stationary-v2/vitis/hls_ursa_vanilla/mxm_execute_ursa/hls/config.cmdline
INFO: [HLS 200-1510] Running: csynth_design 
INFO: [HLS 200-111] Finished File checks and directory preparation: CPU user time: 0.07 seconds. CPU system time: 0.01 seconds. Elapsed time: 0.07 seconds; current allocated memory: 241.145 MB.
INFO: [HLS 200-10] Analyzing design file '/home/ulisses/Projects/ursa/exp/output-stationary-v2/sources/vanilla/src/core/shell.cpp' ... 
INFO: [HLS 200-10] Analyzing design file '/home/ulisses/Projects/ursa/exp/output-stationary-v2/sources/vanilla/src/core/sa.cpp' ... 
INFO: [HLS 200-10] Analyzing design file '/home/ulisses/Projects/ursa/exp/output-stationary-v2/sources/vanilla/src/core/pe.cpp' ... 
INFO: [HLS 200-111] Finished Source Code Analysis and Preprocessing: CPU user time: 6 seconds. CPU system time: 1.38 seconds. Elapsed time: 7.37 seconds; current allocated memory: 244.055 MB.
INFO: [HLS 200-777] Using interface defaults for 'Vivado' flow target.
INFO: [HLS 200-1995] There were 1,019 instructions in the design after the 'Compile/Link' phase of compilation. See the Design Size Report for more details: /home/ulisses/Projects/ursa/exp/output-stationary-v2/vitis/hls_ursa_vanilla/mxm_execute_ursa/hls/syn/report/csynth_design_size.rpt
INFO: [HLS 200-1995] There were 1,030 instructions in the design after the 'Unroll/Inline (step 1)' phase of compilation. See the Design Size Report for more details: /home/ulisses/Projects/ursa/exp/output-stationary-v2/vitis/hls_ursa_vanilla/mxm_execute_ursa/hls/syn/report/csynth_design_size.rpt
INFO: [HLS 200-1995] There were 883 instructions in the design after the 'Unroll/Inline (step 2)' phase of compilation. See the Design Size Report for more details: /home/ulisses/Projects/ursa/exp/output-stationary-v2/vitis/hls_ursa_vanilla/mxm_execute_ursa/hls/syn/report/csynth_design_size.rpt
INFO: [HLS 200-1995] There were 873 instructions in the design after the 'Unroll/Inline (step 3)' phase of compilation. See the Design Size Report for more details: /home/ulisses/Projects/ursa/exp/output-stationary-v2/vitis/hls_ursa_vanilla/mxm_execute_ursa/hls/syn/report/csynth_design_size.rpt
INFO: [HLS 200-1995] There were 770 instructions in the design after the 'Unroll/Inline (step 4)' phase of compilation. See the Design Size Report for more details: /home/ulisses/Projects/ursa/exp/output-stationary-v2/vitis/hls_ursa_vanilla/mxm_execute_ursa/hls/syn/report/csynth_design_size.rpt
INFO: [HLS 200-1995] There were 857 instructions in the design after the 'Array/Struct (step 1)' phase of compilation. See the Design Size Report for more details: /home/ulisses/Projects/ursa/exp/output-stationary-v2/vitis/hls_ursa_vanilla/mxm_execute_ursa/hls/syn/report/csynth_design_size.rpt
INFO: [HLS 200-1995] There were 811 instructions in the design after the 'Array/Struct (step 2)' phase of compilation. See the Design Size Report for more details: /home/ulisses/Projects/ursa/exp/output-stationary-v2/vitis/hls_ursa_vanilla/mxm_execute_ursa/hls/syn/report/csynth_design_size.rpt
INFO: [HLS 200-1995] There were 811 instructions in the design after the 'Array/Struct (step 3)' phase of compilation. See the Design Size Report for more details: /home/ulisses/Projects/ursa/exp/output-stationary-v2/vitis/hls_ursa_vanilla/mxm_execute_ursa/hls/syn/report/csynth_design_size.rpt
INFO: [HLS 200-1995] There were 810 instructions in the design after the 'Array/Struct (step 4)' phase of compilation. See the Design Size Report for more details: /home/ulisses/Projects/ursa/exp/output-stationary-v2/vitis/hls_ursa_vanilla/mxm_execute_ursa/hls/syn/report/csynth_design_size.rpt
INFO: [HLS 200-1995] There were 794 instructions in the design after the 'Array/Struct (step 5)' phase of compilation. See the Design Size Report for more details: /home/ulisses/Projects/ursa/exp/output-stationary-v2/vitis/hls_ursa_vanilla/mxm_execute_ursa/hls/syn/report/csynth_design_size.rpt
INFO: [HLS 200-1995] There were 791 instructions in the design after the 'Performance (step 1)' phase of compilation. See the Design Size Report for more details: /home/ulisses/Projects/ursa/exp/output-stationary-v2/vitis/hls_ursa_vanilla/mxm_execute_ursa/hls/syn/report/csynth_design_size.rpt
INFO: [HLS 200-1995] There were 715 instructions in the design after the 'Performance (step 2)' phase of compilation. See the Design Size Report for more details: /home/ulisses/Projects/ursa/exp/output-stationary-v2/vitis/hls_ursa_vanilla/mxm_execute_ursa/hls/syn/report/csynth_design_size.rpt
INFO: [HLS 200-1995] There were 695 instructions in the design after the 'Performance (step 3)' phase of compilation. See the Design Size Report for more details: /home/ulisses/Projects/ursa/exp/output-stationary-v2/vitis/hls_ursa_vanilla/mxm_execute_ursa/hls/syn/report/csynth_design_size.rpt
INFO: [HLS 200-1995] There were 695 instructions in the design after the 'Performance (step 4)' phase of compilation. See the Design Size Report for more details: /home/ulisses/Projects/ursa/exp/output-stationary-v2/vitis/hls_ursa_vanilla/mxm_execute_ursa/hls/syn/report/csynth_design_size.rpt
INFO: [HLS 200-1995] There were 714 instructions in the design after the 'HW Transforms (step 1)' phase of compilation. See the Design Size Report for more details: /home/ulisses/Projects/ursa/exp/output-stationary-v2/vitis/hls_ursa_vanilla/mxm_execute_ursa/hls/syn/report/csynth_design_size.rpt
INFO: [HLS 200-1995] There were 706 instructions in the design after the 'HW Transforms (step 2)' phase of compilation. See the Design Size Report for more details: /home/ulisses/Projects/ursa/exp/output-stationary-v2/vitis/hls_ursa_vanilla/mxm_execute_ursa/hls/syn/report/csynth_design_size.rpt
INFO: [HLS 214-131] Inlining function 'fill_inputs_a(ap_uint<32> const (*) [64], ap_int<8>*, unsigned short, unsigned short)' into 'mxm_execute_ursa(ap_uint<32>*, unsigned short, ap_uint<32>*, unsigned short, int*, unsigned short)' (/home/ulisses/Projects/ursa/exp/output-stationary-v2/sources/vanilla/src/core/shell.cpp:223:2)
INFO: [HLS 214-131] Inlining function 'fill_inputs_b(ap_uint<8> const (*) [256], ap_uint<8>*, unsigned short, unsigned short)' into 'mxm_execute_ursa(ap_uint<32>*, unsigned short, ap_uint<32>*, unsigned short, int*, unsigned short)' (/home/ulisses/Projects/ursa/exp/output-stationary-v2/sources/vanilla/src/core/shell.cpp:224:17)
INFO: [HLS 214-131] Inlining function 'load_inputs_sa(SA*, ap_int<8>*, ap_uint<8>*)' into 'mxm_execute_ursa(ap_uint<32>*, unsigned short, ap_uint<32>*, unsigned short, int*, unsigned short)' (/home/ulisses/Projects/ursa/exp/output-stationary-v2/sources/vanilla/src/core/shell.cpp:227:17)
INFO: [HLS 214-377] Adding 'mxm_execute_ursa(ap_uint<32>*, unsigned short, ap_uint<32>*, unsigned short, int*, unsigned short)::sa' into disaggregation list because there's array-partition pragma applied on the struct field (/home/ulisses/Projects/ursa/exp/output-stationary-v2/sources/vanilla/src/core/shell.cpp:192:2)
INFO: [HLS 214-210] Disaggregating variable 'mxm_execute_ursa(ap_uint<32>*, unsigned short, ap_uint<32>*, unsigned short, int*, unsigned short)::sa' (/home/ulisses/Projects/ursa/exp/output-stationary-v2/sources/vanilla/src/core/shell.cpp:189:0)
Resolution: For help on HLS 214-210 see docs.xilinx.com/access/sources/dita/topic?Doc_Version=2023.2%20English&url=ug1448-hls-guidance&resourceid=214-210.html
INFO: [HLS 214-291] Loop 'FILL_A' is marked as complete unroll implied by the pipeline pragma (/home/ulisses/Projects/ursa/exp/output-stationary-v2/sources/vanilla/src/core/shell.cpp:49:10)
INFO: [HLS 214-291] Loop 'FILL_B' is marked as complete unroll implied by the pipeline pragma (/home/ulisses/Projects/ursa/exp/output-stationary-v2/sources/vanilla/src/core/shell.cpp:69:10)
INFO: [HLS 214-291] Loop 'LOAD_SA' is marked as complete unroll implied by the pipeline pragma (/home/ulisses/Projects/ursa/exp/output-stationary-v2/sources/vanilla/src/core/shell.cpp:86:11)
INFO: [HLS 214-291] Loop 'VITIS_LOOP_28_1' is marked as complete unroll implied by the pipeline pragma (/home/ulisses/Projects/ursa/exp/output-stationary-v2/sources/vanilla/src/core/sa.cpp:28:19)
INFO: [HLS 214-291] Loop 'VITIS_LOOP_30_2' is marked as complete unroll implied by the pipeline pragma (/home/ulisses/Projects/ursa/exp/output-stationary-v2/sources/vanilla/src/core/sa.cpp:30:19)
INFO: [HLS 214-291] Loop 'VITIS_LOOP_88_1' is marked as complete unroll implied by the pipeline pragma (/home/ulisses/Projects/ursa/exp/output-stationary-v2/sources/vanilla/src/core/sa.cpp:88:19)
INFO: [HLS 214-291] Loop 'VITIS_LOOP_90_2' is marked as complete unroll implied by the pipeline pragma (/home/ulisses/Projects/ursa/exp/output-stationary-v2/sources/vanilla/src/core/sa.cpp:90:19)
INFO: [HLS 214-291] Loop 'VITIS_LOOP_76_6' is marked as complete unroll implied by the pipeline pragma (/home/ulisses/Projects/ursa/exp/output-stationary-v2/sources/vanilla/src/core/sa.cpp:76:21)
INFO: [HLS 214-291] Loop 'VITIS_LOOP_78_7' is marked as complete unroll implied by the pipeline pragma (/home/ulisses/Projects/ursa/exp/output-stationary-v2/sources/vanilla/src/core/sa.cpp:78:19)
INFO: [HLS 214-291] Loop 'VITIS_LOOP_67_4' is marked as complete unroll implied by the pipeline pragma (/home/ulisses/Projects/ursa/exp/output-stationary-v2/sources/vanilla/src/core/sa.cpp:67:21)
INFO: [HLS 214-291] Loop 'VITIS_LOOP_69_5' is marked as complete unroll implied by the pipeline pragma (/home/ulisses/Projects/ursa/exp/output-stationary-v2/sources/vanilla/src/core/sa.cpp:69:19)
INFO: [HLS 214-291] Loop 'VITIS_LOOP_58_2' is marked as complete unroll implied by the pipeline pragma (/home/ulisses/Projects/ursa/exp/output-stationary-v2/sources/vanilla/src/core/sa.cpp:58:21)
INFO: [HLS 214-291] Loop 'VITIS_LOOP_60_3' is marked as complete unroll implied by the pipeline pragma (/home/ulisses/Projects/ursa/exp/output-stationary-v2/sources/vanilla/src/core/sa.cpp:60:19)
INFO: [HLS 214-291] Loop 'VITIS_LOOP_51_1' is marked as complete unroll implied by the pipeline pragma (/home/ulisses/Projects/ursa/exp/output-stationary-v2/sources/vanilla/src/core/sa.cpp:51:19)
INFO: [HLS 214-291] Loop 'VITIS_LOOP_127_1' is marked as complete unroll implied by the pipeline pragma (/home/ulisses/Projects/ursa/exp/output-stationary-v2/sources/vanilla/src/core/shell.cpp:127:27)
INFO: [HLS 214-186] Unrolling loop 'FILL_A' (/home/ulisses/Projects/ursa/exp/output-stationary-v2/sources/vanilla/src/core/shell.cpp:49:10) in function 'mxm_execute_ursa' completely with a factor of 4 (/home/ulisses/Projects/ursa/exp/output-stationary-v2/sources/vanilla/src/core/shell.cpp:146:0)
INFO: [HLS 214-186] Unrolling loop 'FILL_B' (/home/ulisses/Projects/ursa/exp/output-stationary-v2/sources/vanilla/src/core/shell.cpp:69:10) in function 'mxm_execute_ursa' completely with a factor of 4 (/home/ulisses/Projects/ursa/exp/output-stationary-v2/sources/vanilla/src/core/shell.cpp:146:0)
INFO: [HLS 214-186] Unrolling loop 'LOAD_SA' (/home/ulisses/Projects/ursa/exp/output-stationary-v2/sources/vanilla/src/core/shell.cpp:86:11) in function 'mxm_execute_ursa' completely with a factor of 4 (/home/ulisses/Projects/ursa/exp/output-stationary-v2/sources/vanilla/src/core/shell.cpp:146:0)
INFO: [HLS 214-186] Unrolling loop 'VITIS_LOOP_28_1' (/home/ulisses/Projects/ursa/exp/output-stationary-v2/sources/vanilla/src/core/sa.cpp:28:19) in function 'sa_reset' completely with a factor of 4 (/home/ulisses/Projects/ursa/exp/output-stationary-v2/sources/vanilla/src/core/sa.cpp:25:0)
INFO: [HLS 214-186] Unrolling loop 'VITIS_LOOP_30_2' (/home/ulisses/Projects/ursa/exp/output-stationary-v2/sources/vanilla/src/core/sa.cpp:30:19) in function 'sa_reset' completely with a factor of 4 (/home/ulisses/Projects/ursa/exp/output-stationary-v2/sources/vanilla/src/core/sa.cpp:25:0)
INFO: [HLS 214-186] Unrolling loop 'VITIS_LOOP_88_1' (/home/ulisses/Projects/ursa/exp/output-stationary-v2/sources/vanilla/src/core/sa.cpp:88:19) in function 'sa_store' completely with a factor of 4 (/home/ulisses/Projects/ursa/exp/output-stationary-v2/sources/vanilla/src/core/sa.cpp:85:0)
INFO: [HLS 214-186] Unrolling loop 'VITIS_LOOP_90_2' (/home/ulisses/Projects/ursa/exp/output-stationary-v2/sources/vanilla/src/core/sa.cpp:90:19) in function 'sa_store' completely with a factor of 4 (/home/ulisses/Projects/ursa/exp/output-stationary-v2/sources/vanilla/src/core/sa.cpp:85:0)
INFO: [HLS 214-186] Unrolling loop 'VITIS_LOOP_76_6' (/home/ulisses/Projects/ursa/exp/output-stationary-v2/sources/vanilla/src/core/sa.cpp:76:21) in function 'sa_compute' completely with a factor of 4 (/home/ulisses/Projects/ursa/exp/output-stationary-v2/sources/vanilla/src/core/sa.cpp:45:0)
INFO: [HLS 214-186] Unrolling loop 'VITIS_LOOP_78_7' (/home/ulisses/Projects/ursa/exp/output-stationary-v2/sources/vanilla/src/core/sa.cpp:78:19) in function 'sa_compute' completely with a factor of 4 (/home/ulisses/Projects/ursa/exp/output-stationary-v2/sources/vanilla/src/core/sa.cpp:45:0)
INFO: [HLS 214-186] Unrolling loop 'VITIS_LOOP_67_4' (/home/ulisses/Projects/ursa/exp/output-stationary-v2/sources/vanilla/src/core/sa.cpp:67:21) in function 'sa_compute' completely with a factor of 3 (/home/ulisses/Projects/ursa/exp/output-stationary-v2/sources/vanilla/src/core/sa.cpp:45:0)
INFO: [HLS 214-186] Unrolling loop 'VITIS_LOOP_69_5' (/home/ulisses/Projects/ursa/exp/output-stationary-v2/sources/vanilla/src/core/sa.cpp:69:19) in function 'sa_compute' completely with a factor of 4 (/home/ulisses/Projects/ursa/exp/output-stationary-v2/sources/vanilla/src/core/sa.cpp:45:0)
INFO: [HLS 214-186] Unrolling loop 'VITIS_LOOP_58_2' (/home/ulisses/Projects/ursa/exp/output-stationary-v2/sources/vanilla/src/core/sa.cpp:58:21) in function 'sa_compute' completely with a factor of 3 (/home/ulisses/Projects/ursa/exp/output-stationary-v2/sources/vanilla/src/core/sa.cpp:45:0)
INFO: [HLS 214-186] Unrolling loop 'VITIS_LOOP_60_3' (/home/ulisses/Projects/ursa/exp/output-stationary-v2/sources/vanilla/src/core/sa.cpp:60:19) in function 'sa_compute' completely with a factor of 4 (/home/ulisses/Projects/ursa/exp/output-stationary-v2/sources/vanilla/src/core/sa.cpp:45:0)
INFO: [HLS 214-186] Unrolling loop 'VITIS_LOOP_51_1' (/home/ulisses/Projects/ursa/exp/output-stationary-v2/sources/vanilla/src/core/sa.cpp:51:19) in function 'sa_compute' completely with a factor of 4 (/home/ulisses/Projects/ursa/exp/output-stationary-v2/sources/vanilla/src/core/sa.cpp:45:0)
INFO: [HLS 214-186] Unrolling loop 'VITIS_LOOP_127_1' (/home/ulisses/Projects/ursa/exp/output-stationary-v2/sources/vanilla/src/core/shell.cpp:127:27) in function 'load_tile_b' completely with a factor of 4 (/home/ulisses/Projects/ursa/exp/output-stationary-v2/sources/vanilla/src/core/shell.cpp:120:0)
INFO: [HLS 214-178] Inlining function 'pe_reset(PE*)' into 'sa_reset(SA*)' (/home/ulisses/Projects/ursa/exp/output-stationary-v2/sources/vanilla/src/core/sa.cpp:25:0)
INFO: [HLS 214-178] Inlining function 'load_tile_a(ap_uint<32> const*, unsigned int, unsigned short, ap_uint<32> (*) [64])' into 'mxm_execute_ursa(ap_uint<32>*, unsigned short, ap_uint<32>*, unsigned short, int*, unsigned short)' (/home/ulisses/Projects/ursa/exp/output-stationary-v2/sources/vanilla/src/core/shell.cpp:146:0)
INFO: [HLS 214-178] Inlining function 'load_tile_b(ap_uint<32> const*, unsigned int, unsigned int, unsigned short, ap_uint<8> (*) [256])' into 'mxm_execute_ursa(ap_uint<32>*, unsigned short, ap_uint<32>*, unsigned short, int*, unsigned short)' (/home/ulisses/Projects/ursa/exp/output-stationary-v2/sources/vanilla/src/core/shell.cpp:146:0)
INFO: [HLS 214-178] Inlining function 'sa_input_a_b(SA*, ap_int<8>, ap_uint<8>, unsigned short)' into 'mxm_execute_ursa(ap_uint<32>*, unsigned short, ap_uint<32>*, unsigned short, int*, unsigned short)' (/home/ulisses/Projects/ursa/exp/output-stationary-v2/sources/vanilla/src/core/shell.cpp:146:0)
INFO: [HLS 214-248] Applying array_partition to '_ZZ16mxm_execute_ursaP7ap_uintILi32EEtS1_tPitE2sa.pe.ba': Complete partitioning on dimension 1. (/home/ulisses/Projects/ursa/exp/output-stationary-v2/sources/vanilla/src/core/shell.cpp:189:0)
INFO: [HLS 214-248] Applying array_partition to '_ZZ16mxm_execute_ursaP7ap_uintILi32EEtS1_tPitE2sa.pe.bw': Complete partitioning on dimension 1. (/home/ulisses/Projects/ursa/exp/output-stationary-v2/sources/vanilla/src/core/shell.cpp:189:0)
INFO: [HLS 214-248] Applying array_partition to '_ZZ16mxm_execute_ursaP7ap_uintILi32EEtS1_tPitE2sa.pe.ri': Complete partitioning on dimension 1. (/home/ulisses/Projects/ursa/exp/output-stationary-v2/sources/vanilla/src/core/shell.cpp:189:0)
INFO: [HLS 214-248] Applying array_partition to '_ZZ16mxm_execute_ursaP7ap_uintILi32EEtS1_tPitE2sa.pe.tw': Complete partitioning on dimension 1. (/home/ulisses/Projects/ursa/exp/output-stationary-v2/sources/vanilla/src/core/shell.cpp:189:0)
INFO: [HLS 214-248] Applying array_partition to '_ZZ16mxm_execute_ursaP7ap_uintILi32EEtS1_tPitE2sa.pe.li': Complete partitioning on dimension 1. (/home/ulisses/Projects/ursa/exp/output-stationary-v2/sources/vanilla/src/core/shell.cpp:189:0)
INFO: [HLS 214-248] Applying array_partition to '_ZZ16mxm_execute_ursaP7ap_uintILi32EEtS1_tPitE2sa.in_mtx_a_li': Complete partitioning on dimension 1. (/home/ulisses/Projects/ursa/exp/output-stationary-v2/sources/vanilla/src/core/shell.cpp:189:0)
INFO: [HLS 214-248] Applying array_partition to '_ZZ16mxm_execute_ursaP7ap_uintILi32EEtS1_tPitE2sa.in_mtx_b_tw': Complete partitioning on dimension 1. (/home/ulisses/Projects/ursa/exp/output-stationary-v2/sources/vanilla/src/core/shell.cpp:189:0)
INFO: [HLS 214-248] Applying array_partition to 'a_buf': Complete partitioning on dimension 1. (/home/ulisses/Projects/ursa/exp/output-stationary-v2/sources/vanilla/src/core/shell.cpp:183:11)
INFO: [HLS 214-248] Applying array_partition to 'b_buf': Complete partitioning on dimension 1. (/home/ulisses/Projects/ursa/exp/output-stationary-v2/sources/vanilla/src/core/shell.cpp:186:11)
INFO: [HLS 214-364] Automatically inlining function 'sa_compute(SA*)' to improve effectiveness of pipeline pragma in function 'mxm_execute_ursa(ap_uint<32>*, unsigned short, ap_uint<32>*, unsigned short, int*, unsigned short)' (/home/ulisses/Projects/ursa/exp/output-stationary-v2/sources/vanilla/src/core/shell.cpp:230:17)
INFO: [HLS 214-364] Automatically inlining function 'pe_compute(PE*)' to improve effectiveness of pipeline pragma in function 'mxm_execute_ursa(ap_uint<32>*, unsigned short, ap_uint<32>*, unsigned short, int*, unsigned short)' (/home/ulisses/Projects/ursa/exp/output-stationary-v2/sources/vanilla/src/core/sa.cpp:80:2)
INFO: [HLS 214-270] Inferring pragma 'array_partition type=complete dim=1' for array 'mxm_execute_ursa(ap_uint<32>*, unsigned short, ap_uint<32>*, unsigned short, int*, unsigned short)::sa (.pe.ba_0)' due to pipeline pragma (/home/ulisses/Projects/ursa/exp/output-stationary-v2/sources/vanilla/src/core/shell.cpp:220:9)
INFO: [HLS 214-270] Inferring pragma 'array_partition type=complete dim=1' for array 'mxm_execute_ursa(ap_uint<32>*, unsigned short, ap_uint<32>*, unsigned short, int*, unsigned short)::sa (.pe.ba_1)' due to pipeline pragma (/home/ulisses/Projects/ursa/exp/output-stationary-v2/sources/vanilla/src/core/shell.cpp:220:9)
INFO: [HLS 214-270] Inferring pragma 'array_partition type=complete dim=1' for array 'mxm_execute_ursa(ap_uint<32>*, unsigned short, ap_uint<32>*, unsigned short, int*, unsigned short)::sa (.pe.ba_2)' due to pipeline pragma (/home/ulisses/Projects/ursa/exp/output-stationary-v2/sources/vanilla/src/core/shell.cpp:220:9)
INFO: [HLS 214-270] Inferring pragma 'array_partition type=complete dim=1' for array 'mxm_execute_ursa(ap_uint<32>*, unsigned short, ap_uint<32>*, unsigned short, int*, unsigned short)::sa (.pe.ba_3)' due to pipeline pragma (/home/ulisses/Projects/ursa/exp/output-stationary-v2/sources/vanilla/src/core/shell.cpp:220:9)
INFO: [HLS 214-270] Inferring pragma 'array_partition type=complete dim=1' for array 'mxm_execute_ursa(ap_uint<32>*, unsigned short, ap_uint<32>*, unsigned short, int*, unsigned short)::sa (.pe.bw_0)' due to pipeline pragma (/home/ulisses/Projects/ursa/exp/output-stationary-v2/sources/vanilla/src/core/shell.cpp:220:9)
INFO: [HLS 214-270] Inferring pragma 'array_partition type=complete dim=1' for array 'mxm_execute_ursa(ap_uint<32>*, unsigned short, ap_uint<32>*, unsigned short, int*, unsigned short)::sa (.pe.bw_1)' due to pipeline pragma (/home/ulisses/Projects/ursa/exp/output-stationary-v2/sources/vanilla/src/core/shell.cpp:220:9)
INFO: [HLS 214-270] Inferring pragma 'array_partition type=complete dim=1' for array 'mxm_execute_ursa(ap_uint<32>*, unsigned short, ap_uint<32>*, unsigned short, int*, unsigned short)::sa (.pe.bw_2)' due to pipeline pragma (/home/ulisses/Projects/ursa/exp/output-stationary-v2/sources/vanilla/src/core/shell.cpp:220:9)
INFO: [HLS 214-270] Inferring pragma 'array_partition type=complete dim=1' for array 'mxm_execute_ursa(ap_uint<32>*, unsigned short, ap_uint<32>*, unsigned short, int*, unsigned short)::sa (.pe.bw_3)' due to pipeline pragma (/home/ulisses/Projects/ursa/exp/output-stationary-v2/sources/vanilla/src/core/shell.cpp:220:9)
INFO: [HLS 214-270] Inferring pragma 'array_partition type=complete dim=1' for array 'mxm_execute_ursa(ap_uint<32>*, unsigned short, ap_uint<32>*, unsigned short, int*, unsigned short)::sa (.pe.li_0)' due to pipeline pragma (/home/ulisses/Projects/ursa/exp/output-stationary-v2/sources/vanilla/src/core/shell.cpp:220:9)
INFO: [HLS 214-270] Inferring pragma 'array_partition type=complete dim=1' for array 'mxm_execute_ursa(ap_uint<32>*, unsigned short, ap_uint<32>*, unsigned short, int*, unsigned short)::sa (.pe.li_1)' due to pipeline pragma (/home/ulisses/Projects/ursa/exp/output-stationary-v2/sources/vanilla/src/core/shell.cpp:220:9)
INFO: [HLS 214-270] Inferring pragma 'array_partition type=complete dim=1' for array 'mxm_execute_ursa(ap_uint<32>*, unsigned short, ap_uint<32>*, unsigned short, int*, unsigned short)::sa (.pe.li_2)' due to pipeline pragma (/home/ulisses/Projects/ursa/exp/output-stationary-v2/sources/vanilla/src/core/shell.cpp:220:9)
INFO: [HLS 214-270] Inferring pragma 'array_partition type=complete dim=1' for array 'mxm_execute_ursa(ap_uint<32>*, unsigned short, ap_uint<32>*, unsigned short, int*, unsigned short)::sa (.pe.li_3)' due to pipeline pragma (/home/ulisses/Projects/ursa/exp/output-stationary-v2/sources/vanilla/src/core/shell.cpp:220:9)
INFO: [HLS 214-270] Inferring pragma 'array_partition type=complete dim=1' for array 'mxm_execute_ursa(ap_uint<32>*, unsigned short, ap_uint<32>*, unsigned short, int*, unsigned short)::sa (.pe.ri_0)' due to pipeline pragma (/home/ulisses/Projects/ursa/exp/output-stationary-v2/sources/vanilla/src/core/shell.cpp:220:9)
INFO: [HLS 214-270] Inferring pragma 'array_partition type=complete dim=1' for array 'mxm_execute_ursa(ap_uint<32>*, unsigned short, ap_uint<32>*, unsigned short, int*, unsigned short)::sa (.pe.ri_1)' due to pipeline pragma (/home/ulisses/Projects/ursa/exp/output-stationary-v2/sources/vanilla/src/core/shell.cpp:220:9)
INFO: [HLS 214-270] Inferring pragma 'array_partition type=complete dim=1' for array 'mxm_execute_ursa(ap_uint<32>*, unsigned short, ap_uint<32>*, unsigned short, int*, unsigned short)::sa (.pe.ri_2)' due to pipeline pragma (/home/ulisses/Projects/ursa/exp/output-stationary-v2/sources/vanilla/src/core/shell.cpp:220:9)
INFO: [HLS 214-270] Inferring pragma 'array_partition type=complete dim=1' for array 'mxm_execute_ursa(ap_uint<32>*, unsigned short, ap_uint<32>*, unsigned short, int*, unsigned short)::sa (.pe.ri_3)' due to pipeline pragma (/home/ulisses/Projects/ursa/exp/output-stationary-v2/sources/vanilla/src/core/shell.cpp:220:9)
INFO: [HLS 214-270] Inferring pragma 'array_partition type=complete dim=1' for array 'mxm_execute_ursa(ap_uint<32>*, unsigned short, ap_uint<32>*, unsigned short, int*, unsigned short)::sa (.pe.tw_0)' due to pipeline pragma (/home/ulisses/Projects/ursa/exp/output-stationary-v2/sources/vanilla/src/core/shell.cpp:220:9)
INFO: [HLS 214-270] Inferring pragma 'array_partition type=complete dim=1' for array 'mxm_execute_ursa(ap_uint<32>*, unsigned short, ap_uint<32>*, unsigned short, int*, unsigned short)::sa (.pe.tw_1)' due to pipeline pragma (/home/ulisses/Projects/ursa/exp/output-stationary-v2/sources/vanilla/src/core/shell.cpp:220:9)
INFO: [HLS 214-270] Inferring pragma 'array_partition type=complete dim=1' for array 'mxm_execute_ursa(ap_uint<32>*, unsigned short, ap_uint<32>*, unsigned short, int*, unsigned short)::sa (.pe.tw_2)' due to pipeline pragma (/home/ulisses/Projects/ursa/exp/output-stationary-v2/sources/vanilla/src/core/shell.cpp:220:9)
INFO: [HLS 214-270] Inferring pragma 'array_partition type=complete dim=1' for array 'mxm_execute_ursa(ap_uint<32>*, unsigned short, ap_uint<32>*, unsigned short, int*, unsigned short)::sa (.pe.tw_3)' due to pipeline pragma (/home/ulisses/Projects/ursa/exp/output-stationary-v2/sources/vanilla/src/core/shell.cpp:220:9)
INFO: [HLS 214-248] Applying array_partition to '_ZZ16mxm_execute_ursaP7ap_uintILi32EEtS1_tPitE2sa.pe.tw_3': Complete partitioning on dimension 1.
INFO: [HLS 214-248] Applying array_partition to '_ZZ16mxm_execute_ursaP7ap_uintILi32EEtS1_tPitE2sa.pe.tw_2': Complete partitioning on dimension 1.
INFO: [HLS 214-248] Applying array_partition to '_ZZ16mxm_execute_ursaP7ap_uintILi32EEtS1_tPitE2sa.pe.tw_1': Complete partitioning on dimension 1.
INFO: [HLS 214-248] Applying array_partition to '_ZZ16mxm_execute_ursaP7ap_uintILi32EEtS1_tPitE2sa.pe.tw_0': Complete partitioning on dimension 1.
INFO: [HLS 214-248] Applying array_partition to '_ZZ16mxm_execute_ursaP7ap_uintILi32EEtS1_tPitE2sa.pe.ri_3': Complete partitioning on dimension 1.
INFO: [HLS 214-248] Applying array_partition to '_ZZ16mxm_execute_ursaP7ap_uintILi32EEtS1_tPitE2sa.pe.ri_2': Complete partitioning on dimension 1.
INFO: [HLS 214-248] Applying array_partition to '_ZZ16mxm_execute_ursaP7ap_uintILi32EEtS1_tPitE2sa.pe.ri_1': Complete partitioning on dimension 1.
INFO: [HLS 214-248] Applying array_partition to '_ZZ16mxm_execute_ursaP7ap_uintILi32EEtS1_tPitE2sa.pe.ri_0': Complete partitioning on dimension 1.
INFO: [HLS 214-248] Applying array_partition to '_ZZ16mxm_execute_ursaP7ap_uintILi32EEtS1_tPitE2sa.pe.li_3': Complete partitioning on dimension 1.
INFO: [HLS 214-248] Applying array_partition to '_ZZ16mxm_execute_ursaP7ap_uintILi32EEtS1_tPitE2sa.pe.li_2': Complete partitioning on dimension 1.
INFO: [HLS 214-248] Applying array_partition to '_ZZ16mxm_execute_ursaP7ap_uintILi32EEtS1_tPitE2sa.pe.li_1': Complete partitioning on dimension 1.
INFO: [HLS 214-248] Applying array_partition to '_ZZ16mxm_execute_ursaP7ap_uintILi32EEtS1_tPitE2sa.pe.li_0': Complete partitioning on dimension 1.
INFO: [HLS 214-248] Applying array_partition to '_ZZ16mxm_execute_ursaP7ap_uintILi32EEtS1_tPitE2sa.pe.bw_3': Complete partitioning on dimension 1.
INFO: [HLS 214-248] Applying array_partition to '_ZZ16mxm_execute_ursaP7ap_uintILi32EEtS1_tPitE2sa.pe.bw_2': Complete partitioning on dimension 1.
INFO: [HLS 214-248] Applying array_partition to '_ZZ16mxm_execute_ursaP7ap_uintILi32EEtS1_tPitE2sa.pe.bw_1': Complete partitioning on dimension 1.
INFO: [HLS 214-248] Applying array_partition to '_ZZ16mxm_execute_ursaP7ap_uintILi32EEtS1_tPitE2sa.pe.bw_0': Complete partitioning on dimension 1.
INFO: [HLS 214-248] Applying array_partition to '_ZZ16mxm_execute_ursaP7ap_uintILi32EEtS1_tPitE2sa.pe.ba_3': Complete partitioning on dimension 1.
INFO: [HLS 214-248] Applying array_partition to '_ZZ16mxm_execute_ursaP7ap_uintILi32EEtS1_tPitE2sa.pe.ba_2': Complete partitioning on dimension 1.
INFO: [HLS 214-248] Applying array_partition to '_ZZ16mxm_execute_ursaP7ap_uintILi32EEtS1_tPitE2sa.pe.ba_1': Complete partitioning on dimension 1.
INFO: [HLS 214-248] Applying array_partition to '_ZZ16mxm_execute_ursaP7ap_uintILi32EEtS1_tPitE2sa.pe.ba_0': Complete partitioning on dimension 1.
INFO: [HLS 214-115] Multiple burst writes of length 4 and bit width 32 has been inferred on bundle 'ca'. These burst requests might be further partitioned into multiple requests during RTL generation, based on max_read_burst_length or max_write_burst_length settings. (/home/ulisses/Projects/ursa/exp/output-stationary-v2/sources/vanilla/src/core/sa.cpp:92:19)
INFO: [HLS 214-115] Multiple burst writes of length 4 and bit width 32 has been inferred on bundle 'ca'. These burst requests might be further partitioned into multiple requests during RTL generation, based on max_read_burst_length or max_write_burst_length settings.
INFO: [HLS 214-115] Multiple burst writes of length 4 and bit width 32 has been inferred on bundle 'ca'. These burst requests might be further partitioned into multiple requests during RTL generation, based on max_read_burst_length or max_write_burst_length settings. (/home/ulisses/Projects/ursa/exp/output-stationary-v2/sources/vanilla/src/core/sa.cpp:95:1)
INFO: [HLS 214-115] Multiple burst reads of variable length and bit width 32 in loop 'LOAD_A'(/home/ulisses/Projects/ursa/exp/output-stationary-v2/sources/vanilla/src/core/shell.cpp:106:13) has been inferred on bundle 'aw'. These burst requests might be further partitioned into multiple requests during RTL generation, based on max_read_burst_length or max_write_burst_length settings. (/home/ulisses/Projects/ursa/exp/output-stationary-v2/sources/vanilla/src/core/shell.cpp:106:13)
INFO: [HLS 200-111] Finished Compiling Optimization and Transform: CPU user time: 2.64 seconds. CPU system time: 0.47 seconds. Elapsed time: 7.5 seconds; current allocated memory: 248.066 MB.
INFO: [HLS 200-111] Finished Checking Pragmas: CPU user time: 0 seconds. CPU system time: 0 seconds. Elapsed time: 0 seconds; current allocated memory: 248.066 MB.
INFO: [HLS 200-10] Starting code transformations ...
INFO: [HLS 200-111] Finished Standard Transforms: CPU user time: 0.03 seconds. CPU system time: 0.01 seconds. Elapsed time: 0.03 seconds; current allocated memory: 249.078 MB.
INFO: [HLS 200-10] Checking synthesizability ...
WARNING: [SYNCHK 200-23] /home/ulisses/Projects/ursa/exp/output-stationary-v2/sources/vanilla/src/core/shell.cpp:58: variable-indexed range selection may cause suboptimal QoR.
INFO: [SYNCHK 200-10] 0 error(s), 1 warning(s).
INFO: [HLS 200-111] Finished Checking Synthesizability: CPU user time: 0.02 seconds. CPU system time: 0 seconds. Elapsed time: 0.02 seconds; current allocated memory: 249.871 MB.
INFO: [XFORM 203-401] Performing if-conversion on hyperblock from (/home/ulisses/Projects/ursa/exp/output-stationary-v2/sources/vanilla/src/core/shell.cpp:220:9) to (/home/ulisses/Projects/ursa/exp/output-stationary-v2/sources/vanilla/src/core/shell.cpp:219:23) in function 'mxm_execute_ursa'... converting 17 basic blocks.
INFO: [HLS 200-111] Finished Loop, function and other optimizations: CPU user time: 0.11 seconds. CPU system time: 0.01 seconds. Elapsed time: 0.12 seconds; current allocated memory: 274.230 MB.
INFO: [HLS 200-111] Finished Architecture Synthesis: CPU user time: 0.1 seconds. CPU system time: 0.01 seconds. Elapsed time: 0.11 seconds; current allocated memory: 315.305 MB.
INFO: [HLS 200-10] Starting hardware synthesis ...
INFO: [HLS 200-10] Synthesizing 'mxm_execute_ursa' ...
INFO: [HLS 200-10] ----------------------------------------------------------------
INFO: [HLS 200-42] -- Implementing module 'mxm_execute_ursa_Pipeline_LOAD_A' 
INFO: [HLS 200-10] ----------------------------------------------------------------
INFO: [SCHED 204-11] Starting scheduling ...
INFO: [SCHED 204-61] Pipelining loop 'LOAD_A'.
INFO: [HLS 200-1470] Pipelining result : Target II = 1, Final II = 1, Depth = 3, loop 'LOAD_A'
INFO: [SCHED 204-11] Finished scheduling.
INFO: [HLS 200-111] Finished Scheduling: CPU user time: 0.04 seconds. CPU system time: 0.03 seconds. Elapsed time: 0.07 seconds; current allocated memory: 317.055 MB.
INFO: [BIND 205-100] Starting micro-architecture generation ...
INFO: [BIND 205-101] Performing variable lifetime analysis.
INFO: [BIND 205-101] Exploring resource sharing.
INFO: [BIND 205-101] Binding ...
INFO: [BIND 205-100] Finished micro-architecture generation.
INFO: [HLS 200-111] Finished Binding: CPU user time: 0.01 seconds. CPU system time: 0 seconds. Elapsed time: 0.01 seconds; current allocated memory: 317.055 MB.
INFO: [HLS 200-10] ----------------------------------------------------------------
INFO: [HLS 200-42] -- Implementing module 'mxm_execute_ursa_Pipeline_LOAD_B' 
INFO: [HLS 200-10] ----------------------------------------------------------------
INFO: [SCHED 204-11] Starting scheduling ...
INFO: [SCHED 204-61] Pipelining loop 'LOAD_B'.
INFO: [HLS 200-1470] Pipelining result : Target II = 1, Final II = 1, Depth = 12, loop 'LOAD_B'
INFO: [SCHED 204-11] Finished scheduling.
INFO: [HLS 200-111] Finished Scheduling: CPU user time: 0.03 seconds. CPU system time: 0 seconds. Elapsed time: 0.03 seconds; current allocated memory: 317.430 MB.
INFO: [BIND 205-100] Starting micro-architecture generation ...
INFO: [BIND 205-101] Performing variable lifetime analysis.
INFO: [BIND 205-101] Exploring resource sharing.
INFO: [BIND 205-101] Binding ...
INFO: [BIND 205-100] Finished micro-architecture generation.
INFO: [HLS 200-111] Finished Binding: CPU user time: 0 seconds. CPU system time: 0.01 seconds. Elapsed time: 0.01 seconds; current allocated memory: 317.430 MB.
INFO: [HLS 200-10] ----------------------------------------------------------------
INFO: [HLS 200-42] -- Implementing module 'mxm_execute_ursa_Pipeline_STREAM_K' 
INFO: [HLS 200-10] ----------------------------------------------------------------
INFO: [SCHED 204-11] Starting scheduling ...
INFO: [HLS 200-486] Changing DSP latency (root=add_ln20_15) to 3 in order to utilize available DSP registers.
INFO: [HLS 200-486] Changing DSP latency (root=add_ln20_14) to 3 in order to utilize available DSP registers.
INFO: [HLS 200-486] Changing DSP latency (root=add_ln20_13) to 3 in order to utilize available DSP registers.
INFO: [HLS 200-486] Changing DSP latency (root=add_ln20_12) to 3 in order to utilize available DSP registers.
INFO: [HLS 200-486] Changing DSP latency (root=add_ln20_11) to 3 in order to utilize available DSP registers.
INFO: [HLS 200-486] Changing DSP latency (root=add_ln20_10) to 3 in order to utilize available DSP registers.
INFO: [HLS 200-486] Changing DSP latency (root=add_ln20_9) to 3 in order to utilize available DSP registers.
INFO: [HLS 200-486] Changing DSP latency (root=add_ln20_8) to 3 in order to utilize available DSP registers.
INFO: [HLS 200-486] Changing DSP latency (root=add_ln20_7) to 3 in order to utilize available DSP registers.
INFO: [HLS 200-486] Changing DSP latency (root=add_ln20_6) to 3 in order to utilize available DSP registers.
INFO: [HLS 200-486] Changing DSP latency (root=add_ln20_5) to 3 in order to utilize available DSP registers.
INFO: [HLS 200-486] Changing DSP latency (root=add_ln20_4) to 3 in order to utilize available DSP registers.
INFO: [HLS 200-486] Changing DSP latency (root=add_ln20_3) to 3 in order to utilize available DSP registers.
INFO: [HLS 200-486] Changing DSP latency (root=add_ln20_2) to 3 in order to utilize available DSP registers.
INFO: [HLS 200-486] Changing DSP latency (root=add_ln20_1) to 3 in order to utilize available DSP registers.
INFO: [HLS 200-486] Changing DSP latency (root=add_ln20) to 3 in order to utilize available DSP registers.
INFO: [SCHED 204-61] Pipelining loop 'STREAM_K'.
INFO: [HLS 200-1470] Pipelining result : Target II = 1, Final II = 1, Depth = 6, loop 'STREAM_K'
WARNING: [HLS 200-871] Estimated clock period (8.511 ns) exceeds the target (target clock period: 10.000 ns, clock uncertainty: 2.700 ns, effective delay budget: 7.300 ns).
Resolution: For help on HLS 200-871 see docs.xilinx.com/access/sources/dita/topic?Doc_Version=2023.2%20English&url=ug1448-hls-guidance&resourceid=200-871.html
WARNING: [HLS 200-1016] The critical path in module 'mxm_execute_ursa_Pipeline_STREAM_K' consists of the following:
	'store' operation 0 bit ('t_1_write_ln66', /home/ulisses/Projects/ursa/exp/output-stationary-v2/sources/vanilla/src/core/shell.cpp:66->/home/ulisses/Projects/ursa/exp/output-stationary-v2/sources/vanilla/src/core/shell.cpp:224) of constant 0 on local variable 't', /home/ulisses/Projects/ursa/exp/output-stationary-v2/sources/vanilla/src/core/shell.cpp:66->/home/ulisses/Projects/ursa/exp/output-stationary-v2/sources/vanilla/src/core/shell.cpp:224 [68]  (1.588 ns)
	'load' operation 16 bit ('t', /home/ulisses/Projects/ursa/exp/output-stationary-v2/sources/vanilla/src/core/shell.cpp:219) on local variable 't', /home/ulisses/Projects/ursa/exp/output-stationary-v2/sources/vanilla/src/core/shell.cpp:66->/home/ulisses/Projects/ursa/exp/output-stationary-v2/sources/vanilla/src/core/shell.cpp:224 [71]  (0.000 ns)
	'sub' operation 8 bit ('k', /home/ulisses/Projects/ursa/exp/output-stationary-v2/sources/vanilla/src/core/shell.cpp:53->/home/ulisses/Projects/ursa/exp/output-stationary-v2/sources/vanilla/src/core/shell.cpp:223) [112]  (3.669 ns)
	'getelementptr' operation 6 bit ('a_buf_2_addr', /home/ulisses/Projects/ursa/exp/output-stationary-v2/sources/vanilla/src/core/shell.cpp:58->/home/ulisses/Projects/ursa/exp/output-stationary-v2/sources/vanilla/src/core/shell.cpp:223) [117]  (0.000 ns)
	'load' operation 32 bit ('a_buf_2_load', /home/ulisses/Projects/ursa/exp/output-stationary-v2/sources/vanilla/src/core/shell.cpp:58->/home/ulisses/Projects/ursa/exp/output-stationary-v2/sources/vanilla/src/core/shell.cpp:223) on array 'a_buf_2' [118]  (3.254 ns)

Resolution: For help on HLS 200-1016 see docs.xilinx.com/access/sources/dita/topic?Doc_Version=2023.2%20English&url=ug1448-hls-guidance&resourceid=200-1016.html
INFO: [SCHED 204-11] Finished scheduling.
INFO: [HLS 200-111] Finished Scheduling: CPU user time: 0.08 seconds. CPU system time: 0 seconds. Elapsed time: 0.08 seconds; current allocated memory: 319.793 MB.
INFO: [BIND 205-100] Starting micro-architecture generation ...
INFO: [BIND 205-101] Performing variable lifetime analysis.
INFO: [BIND 205-101] Exploring resource sharing.
INFO: [BIND 205-101] Binding ...
INFO: [BIND 205-100] Finished micro-architecture generation.
INFO: [HLS 200-111] Finished Binding: CPU user time: 0.03 seconds. CPU system time: 0 seconds. Elapsed time: 0.02 seconds; current allocated memory: 319.793 MB.
INFO: [HLS 200-10] ----------------------------------------------------------------
INFO: [HLS 200-42] -- Implementing module 'sa_store' 
INFO: [HLS 200-10] ----------------------------------------------------------------
INFO: [SCHED 204-11] Starting scheduling ...
INFO: [SCHED 204-61] Pipelining function 'sa_store'.
WARNING: [HLS 200-880] The II Violation in module 'sa_store' (function 'sa_store'): Unable to enforce a carried dependence constraint (II = 1, distance = 1, offset = 1) between bus write operation ('ca_addr_write_ln92', /home/ulisses/Projects/ursa/exp/output-stationary-v2/sources/vanilla/src/core/sa.cpp:92) on port 'ca' (/home/ulisses/Projects/ursa/exp/output-stationary-v2/sources/vanilla/src/core/sa.cpp:92) and bus write operation ('ca_addr_write_ln92', /home/ulisses/Projects/ursa/exp/output-stationary-v2/sources/vanilla/src/core/sa.cpp:92) on port 'ca' (/home/ulisses/Projects/ursa/exp/output-stationary-v2/sources/vanilla/src/core/sa.cpp:92).
Resolution: For help on HLS 200-880 see docs.xilinx.com/access/sources/dita/topic?Doc_Version=2023.2%20English&url=ug1448-hls-guidance&resourceid=200-880.html
WARNING: [HLS 200-880] The II Violation in module 'sa_store' (function 'sa_store'): Unable to enforce a carried dependence constraint (II = 2, distance = 1, offset = 1) between bus write operation ('ca_addr_write_ln92', /home/ulisses/Projects/ursa/exp/output-stationary-v2/sources/vanilla/src/core/sa.cpp:92) on port 'ca' (/home/ulisses/Projects/ursa/exp/output-stationary-v2/sources/vanilla/src/core/sa.cpp:92) and bus write operation ('ca_addr_write_ln92', /home/ulisses/Projects/ursa/exp/output-stationary-v2/sources/vanilla/src/core/sa.cpp:92) on port 'ca' (/home/ulisses/Projects/ursa/exp/output-stationary-v2/sources/vanilla/src/core/sa.cpp:92).
Resolution: For help on HLS 200-880 see docs.xilinx.com/access/sources/dita/topic?Doc_Version=2023.2%20English&url=ug1448-hls-guidance&resourceid=200-880.html
WARNING: [HLS 200-880] The II Violation in module 'sa_store' (function 'sa_store'): Unable to enforce a carried dependence constraint (II = 3, distance = 1, offset = 1) between bus write operation ('ca_addr_write_ln92', /home/ulisses/Projects/ursa/exp/output-stationary-v2/sources/vanilla/src/core/sa.cpp:92) on port 'ca' (/home/ulisses/Projects/ursa/exp/output-stationary-v2/sources/vanilla/src/core/sa.cpp:92) and bus write operation ('ca_addr_write_ln92', /home/ulisses/Projects/ursa/exp/output-stationary-v2/sources/vanilla/src/core/sa.cpp:92) on port 'ca' (/home/ulisses/Projects/ursa/exp/output-stationary-v2/sources/vanilla/src/core/sa.cpp:92).
Resolution: For help on HLS 200-880 see docs.xilinx.com/access/sources/dita/topic?Doc_Version=2023.2%20English&url=ug1448-hls-guidance&resourceid=200-880.html
WARNING: [HLS 200-885] The II Violation in module 'sa_store' (function 'sa_store'): Unable to schedule bus write operation ('ca_addr_1_write_ln92', /home/ulisses/Projects/ursa/exp/output-stationary-v2/sources/vanilla/src/core/sa.cpp:92) on port 'ca' (/home/ulisses/Projects/ursa/exp/output-stationary-v2/sources/vanilla/src/core/sa.cpp:92) due to limited memory ports (II = 4). Please consider using a memory core with more ports or partitioning the array.
Resolution: For help on HLS 200-885 see docs.xilinx.com/access/sources/dita/topic?Doc_Version=2023.2%20English&url=ug1448-hls-guidance&resourceid=200-885.html
WARNING: [HLS 200-885] The II Violation in module 'sa_store' (function 'sa_store'): Unable to schedule bus write operation ('ca_addr_2_write_ln92', /home/ulisses/Projects/ursa/exp/output-stationary-v2/sources/vanilla/src/core/sa.cpp:92) on port 'ca' (/home/ulisses/Projects/ursa/exp/output-stationary-v2/sources/vanilla/src/core/sa.cpp:92) due to limited memory ports (II = 11). Please consider using a memory core with more ports or partitioning the array.
Resolution: For help on HLS 200-885 see docs.xilinx.com/access/sources/dita/topic?Doc_Version=2023.2%20English&url=ug1448-hls-guidance&resourceid=200-885.html
WARNING: [HLS 200-885] The II Violation in module 'sa_store' (function 'sa_store'): Unable to schedule bus write operation ('ca_addr_3_write_ln95', /home/ulisses/Projects/ursa/exp/output-stationary-v2/sources/vanilla/src/core/sa.cpp:95) on port 'ca' (/home/ulisses/Projects/ursa/exp/output-stationary-v2/sources/vanilla/src/core/sa.cpp:95) due to limited memory ports (II = 15). Please consider using a memory core with more ports or partitioning the array.
Resolution: For help on HLS 200-885 see docs.xilinx.com/access/sources/dita/topic?Doc_Version=2023.2%20English&url=ug1448-hls-guidance&resourceid=200-885.html
INFO: [HLS 200-1470] Pipelining result : Target II = 1, Final II = 16, Depth = 22, function 'sa_store'
INFO: [SCHED 204-11] Finished scheduling.
INFO: [HLS 200-111] Finished Scheduling: CPU user time: 0.07 seconds. CPU system time: 0.01 seconds. Elapsed time: 0.08 seconds; current allocated memory: 320.539 MB.
INFO: [BIND 205-100] Starting micro-architecture generation ...
INFO: [BIND 205-101] Performing variable lifetime analysis.
INFO: [BIND 205-101] Exploring resource sharing.
INFO: [BIND 205-101] Binding ...
INFO: [BIND 205-100] Finished micro-architecture generation.
INFO: [HLS 200-111] Finished Binding: CPU user time: 0.02 seconds. CPU system time: 0 seconds. Elapsed time: 0.02 seconds; current allocated memory: 320.539 MB.
INFO: [HLS 200-10] ----------------------------------------------------------------
INFO: [HLS 200-42] -- Implementing module 'sa_reset' 
INFO: [HLS 200-10] ----------------------------------------------------------------
INFO: [SCHED 204-11] Starting scheduling ...
INFO: [SCHED 204-61] Pipelining function 'sa_reset'.
INFO: [HLS 200-1470] Pipelining result : Target II = 1, Final II = 1, Depth = 1, function 'sa_reset'
INFO: [SCHED 204-11] Finished scheduling.
INFO: [HLS 200-111] Finished Scheduling: CPU user time: 0.01 seconds. CPU system time: 0.01 seconds. Elapsed time: 0.02 seconds; current allocated memory: 320.539 MB.
INFO: [BIND 205-100] Starting micro-architecture generation ...
INFO: [BIND 205-101] Performing variable lifetime analysis.
INFO: [BIND 205-101] Exploring resource sharing.
INFO: [BIND 205-101] Binding ...
INFO: [BIND 205-100] Finished micro-architecture generation.
INFO: [HLS 200-111] Finished Binding: CPU user time: 0.01 seconds. CPU system time: 0 seconds. Elapsed time: 0.01 seconds; current allocated memory: 320.539 MB.
INFO: [HLS 200-10] ----------------------------------------------------------------
INFO: [HLS 200-42] -- Implementing module 'mxm_execute_ursa' 
INFO: [HLS 200-10] ----------------------------------------------------------------
INFO: [SCHED 204-11] Starting scheduling ...
INFO: [SCHED 204-11] Finished scheduling.
INFO: [HLS 200-111] Finished Scheduling: CPU user time: 0.04 seconds. CPU system time: 0 seconds. Elapsed time: 0.04 seconds; current allocated memory: 321.473 MB.
INFO: [BIND 205-100] Starting micro-architecture generation ...
INFO: [BIND 205-101] Performing variable lifetime analysis.
INFO: [BIND 205-101] Exploring resource sharing.
INFO: [BIND 205-101] Binding ...
INFO: [BIND 205-100] Finished micro-architecture generation.
INFO: [HLS 200-111] Finished Binding: CPU user time: 0.02 seconds. CPU system time: 0 seconds. Elapsed time: 0.02 seconds; current allocated memory: 321.473 MB.
INFO: [HLS 200-10] ----------------------------------------------------------------
INFO: [HLS 200-10] -- Generating RTL for module 'mxm_execute_ursa_Pipeline_LOAD_A' 
INFO: [HLS 200-10] ----------------------------------------------------------------
INFO: [HLS 200-1030] Apply Unified Pipeline Control on module 'mxm_execute_ursa_Pipeline_LOAD_A' pipeline 'LOAD_A' pipeline type 'loop pipeline'
WARNING: [RTGEN 206-101] Setting dangling out port 'mxm_execute_ursa_Pipeline_LOAD_A/m_axi_aw_ARVALID' to 0.
WARNING: [RTGEN 206-101] Setting dangling out port 'mxm_execute_ursa_Pipeline_LOAD_A/m_axi_aw_ARADDR' to 0.
WARNING: [RTGEN 206-101] Setting dangling out port 'mxm_execute_ursa_Pipeline_LOAD_A/m_axi_aw_ARID' to 0.
WARNING: [RTGEN 206-101] Setting dangling out port 'mxm_execute_ursa_Pipeline_LOAD_A/m_axi_aw_ARLEN' to 0.
WARNING: [RTGEN 206-101] Setting dangling out port 'mxm_execute_ursa_Pipeline_LOAD_A/m_axi_aw_ARSIZE' to 0.
WARNING: [RTGEN 206-101] Setting dangling out port 'mxm_execute_ursa_Pipeline_LOAD_A/m_axi_aw_ARBURST' to 0.
WARNING: [RTGEN 206-101] Setting dangling out port 'mxm_execute_ursa_Pipeline_LOAD_A/m_axi_aw_ARLOCK' to 0.
WARNING: [RTGEN 206-101] Setting dangling out port 'mxm_execute_ursa_Pipeline_LOAD_A/m_axi_aw_ARCACHE' to 0.
WARNING: [RTGEN 206-101] Setting dangling out port 'mxm_execute_ursa_Pipeline_LOAD_A/m_axi_aw_ARPROT' to 0.
WARNING: [RTGEN 206-101] Setting dangling out port 'mxm_execute_ursa_Pipeline_LOAD_A/m_axi_aw_ARQOS' to 0.
WARNING: [RTGEN 206-101] Setting dangling out port 'mxm_execute_ursa_Pipeline_LOAD_A/m_axi_aw_ARREGION' to 0.
WARNING: [RTGEN 206-101] Setting dangling out port 'mxm_execute_ursa_Pipeline_LOAD_A/m_axi_aw_ARUSER' to 0.
INFO: [RTGEN 206-100] Finished creating RTL model for 'mxm_execute_ursa_Pipeline_LOAD_A'.
INFO: [HLS 200-111] Finished Creating RTL model: CPU user time: 0.05 seconds. CPU system time: 0.01 seconds. Elapsed time: 0.05 seconds; current allocated memory: 322.094 MB.
INFO: [HLS 200-10] ----------------------------------------------------------------
INFO: [HLS 200-10] -- Generating RTL for module 'mxm_execute_ursa_Pipeline_LOAD_B' 
INFO: [HLS 200-10] ----------------------------------------------------------------
INFO: [HLS 200-1030] Apply Unified Pipeline Control on module 'mxm_execute_ursa_Pipeline_LOAD_B' pipeline 'LOAD_B' pipeline type 'loop pipeline'
INFO: [RTGEN 206-100] Finished creating RTL model for 'mxm_execute_ursa_Pipeline_LOAD_B'.
INFO: [HLS 200-111] Finished Creating RTL model: CPU user time: 0.03 seconds. CPU system time: 0 seconds. Elapsed time: 0.04 seconds; current allocated memory: 323.555 MB.
INFO: [HLS 200-10] ----------------------------------------------------------------
INFO: [HLS 200-10] -- Generating RTL for module 'mxm_execute_ursa_Pipeline_STREAM_K' 
INFO: [HLS 200-10] ----------------------------------------------------------------
WARNING: [RTGEN 206-101] Register 'mxm_execute_ursa_ap_uint_unsigned_short_ap_uint_unsigned_short_int_unsigned_s_39' is power-on initialization.
WARNING: [RTGEN 206-101] Register 'mxm_execute_ursa_ap_uint_unsigned_short_ap_uint_unsigned_short_int_unsigned_s_36' is power-on initialization.
WARNING: [RTGEN 206-101] Register 'mxm_execute_ursa_ap_uint_unsigned_short_ap_uint_unsigned_short_int_unsigned_s_33' is power-on initialization.
WARNING: [RTGEN 206-101] Register 'mxm_execute_ursa_ap_uint_unsigned_short_ap_uint_unsigned_short_int_unsigned_s_30' is power-on initialization.
WARNING: [RTGEN 206-101] Register 'mxm_execute_ursa_ap_uint_unsigned_short_ap_uint_unsigned_short_int_unsigned_s_38' is power-on initialization.
WARNING: [RTGEN 206-101] Register 'mxm_execute_ursa_ap_uint_unsigned_short_ap_uint_unsigned_short_int_unsigned_s_35' is power-on initialization.
WARNING: [RTGEN 206-101] Register 'mxm_execute_ursa_ap_uint_unsigned_short_ap_uint_unsigned_short_int_unsigned_s_32' is power-on initialization.
WARNING: [RTGEN 206-101] Register 'mxm_execute_ursa_ap_uint_unsigned_short_ap_uint_unsigned_short_int_unsigned_s_29' is power-on initialization.
WARNING: [RTGEN 206-101] Register 'mxm_execute_ursa_ap_uint_unsigned_short_ap_uint_unsigned_short_int_unsigned_s_37' is power-on initialization.
WARNING: [RTGEN 206-101] Register 'mxm_execute_ursa_ap_uint_unsigned_short_ap_uint_unsigned_short_int_unsigned_s_34' is power-on initialization.
WARNING: [RTGEN 206-101] Register 'mxm_execute_ursa_ap_uint_unsigned_short_ap_uint_unsigned_short_int_unsigned_s_31' is power-on initialization.
WARNING: [RTGEN 206-101] Register 'mxm_execute_ursa_ap_uint_unsigned_short_ap_uint_unsigned_short_int_unsigned_s_28' is power-on initialization.
WARNING: [RTGEN 206-101] Register 'mxm_execute_ursa_ap_uint_unsigned_short_ap_uint_unsigned_short_int_unsigned_s_27' is power-on initialization.
WARNING: [RTGEN 206-101] Register 'mxm_execute_ursa_ap_uint_unsigned_short_ap_uint_unsigned_short_int_unsigned_s_26' is power-on initialization.
WARNING: [RTGEN 206-101] Register 'mxm_execute_ursa_ap_uint_unsigned_short_ap_uint_unsigned_short_int_unsigned_s_25' is power-on initialization.
WARNING: [RTGEN 206-101] Register 'mxm_execute_ursa_ap_uint_unsigned_short_ap_uint_unsigned_short_int_unsigned_s_24' is power-on initialization.
WARNING: [RTGEN 206-101] Register 'mxm_execute_ursa_ap_uint_unsigned_short_ap_uint_unsigned_short_int_unsigned_s_23' is power-on initialization.
WARNING: [RTGEN 206-101] Register 'mxm_execute_ursa_ap_uint_unsigned_short_ap_uint_unsigned_short_int_unsigned_s_22' is power-on initialization.
WARNING: [RTGEN 206-101] Register 'mxm_execute_ursa_ap_uint_unsigned_short_ap_uint_unsigned_short_int_unsigned_s_21' is power-on initialization.
WARNING: [RTGEN 206-101] Register 'mxm_execute_ursa_ap_uint_unsigned_short_ap_uint_unsigned_short_int_unsigned_s_20' is power-on initialization.
WARNING: [RTGEN 206-101] Register 'mxm_execute_ursa_ap_uint_unsigned_short_ap_uint_unsigned_short_int_unsigned_s_19' is power-on initialization.
WARNING: [RTGEN 206-101] Register 'mxm_execute_ursa_ap_uint_unsigned_short_ap_uint_unsigned_short_int_unsigned_s_18' is power-on initialization.
WARNING: [RTGEN 206-101] Register 'mxm_execute_ursa_ap_uint_unsigned_short_ap_uint_unsigned_short_int_unsigned_s_17' is power-on initialization.
WARNING: [RTGEN 206-101] Register 'mxm_execute_ursa_ap_uint_unsigned_short_ap_uint_unsigned_short_int_unsigned_s_16' is power-on initialization.
INFO: [HLS 200-1030] Apply Unified Pipeline Control on module 'mxm_execute_ursa_Pipeline_STREAM_K' pipeline 'STREAM_K' pipeline type 'loop pipeline'
INFO: [RTGEN 206-100] Generating core module 'mac_muladd_8ns_8s_20s_20_4_1': 13 instance(s).
INFO: [RTGEN 206-100] Generating core module 'mac_muladd_8s_8ns_20s_20_4_1': 3 instance(s).
INFO: [RTGEN 206-100] Finished creating RTL model for 'mxm_execute_ursa_Pipeline_STREAM_K'.
INFO: [HLS 200-111] Finished Creating RTL model: CPU user time: 0.08 seconds. CPU system time: 0.01 seconds. Elapsed time: 0.09 seconds; current allocated memory: 326.383 MB.
INFO: [HLS 200-10] ----------------------------------------------------------------
INFO: [HLS 200-10] -- Generating RTL for module 'sa_store' 
INFO: [HLS 200-10] ----------------------------------------------------------------
INFO: [HLS 200-1030] Apply Unified Pipeline Control on module 'sa_store' pipeline 'sa_store' pipeline type 'function pipeline'
INFO: [RTGEN 206-100] Finished creating RTL model for 'sa_store'.
INFO: [HLS 200-111] Finished Creating RTL model: CPU user time: 0.08 seconds. CPU system time: 0.02 seconds. Elapsed time: 0.1 seconds; current allocated memory: 331.656 MB.
INFO: [HLS 200-10] ----------------------------------------------------------------
INFO: [HLS 200-10] -- Generating RTL for module 'sa_reset' 
INFO: [HLS 200-10] ----------------------------------------------------------------
INFO: [RTGEN 206-100] Finished creating RTL model for 'sa_reset'.
INFO: [HLS 200-111] Finished Creating RTL model: CPU user time: 0.04 seconds. CPU system time: 0.01 seconds. Elapsed time: 0.05 seconds; current allocated memory: 333.242 MB.
INFO: [HLS 200-10] ----------------------------------------------------------------
INFO: [HLS 200-10] -- Generating RTL for module 'mxm_execute_ursa' 
INFO: [HLS 200-10] ----------------------------------------------------------------
WARNING: [RTGEN 206-101] Design contains AXI ports. Reset is fixed to synchronous and active low.
INFO: [RTGEN 206-500] Setting interface mode on port 'mxm_execute_ursa/aw' to 'm_axi'.
INFO: [RTGEN 206-500] Setting interface mode on port 'mxm_execute_ursa/bi' to 'm_axi'.
INFO: [RTGEN 206-500] Setting interface mode on port 'mxm_execute_ursa/ca' to 'm_axi'.
INFO: [RTGEN 206-500] Setting interface mode on port 'mxm_execute_ursa/addr_a0' to 's_axilite & ap_none'.
INFO: [RTGEN 206-500] Setting interface mode on port 'mxm_execute_ursa/a0_p' to 's_axilite & ap_none' (register).
INFO: [RTGEN 206-500] Setting interface mode on port 'mxm_execute_ursa/addr_b0' to 's_axilite & ap_none'.
INFO: [RTGEN 206-500] Setting interface mode on port 'mxm_execute_ursa/b0_q' to 's_axilite & ap_none' (register).
INFO: [RTGEN 206-500] Setting interface mode on port 'mxm_execute_ursa/addr_c0' to 's_axilite & ap_none'.
INFO: [RTGEN 206-500] Setting interface mode on port 'mxm_execute_ursa/m' to 's_axilite & ap_none' (register).
INFO: [RTGEN 206-500] Setting interface mode on function 'mxm_execute_ursa' to 's_axilite & ap_ctrl_hs'.
WARNING: [RTGEN 206-101] Register 'mxm_execute_ursa_ap_uint_unsigned_short_ap_uint_unsigned_short_int_unsigned_s_15' is power-on initialization.
WARNING: [RTGEN 206-101] Register 'mxm_execute_ursa_ap_uint_unsigned_short_ap_uint_unsigned_short_int_unsigned_s_14' is power-on initialization.
WARNING: [RTGEN 206-101] Register 'mxm_execute_ursa_ap_uint_unsigned_short_ap_uint_unsigned_short_int_unsigned_s_13' is power-on initialization.
WARNING: [RTGEN 206-101] Register 'mxm_execute_ursa_ap_uint_unsigned_short_ap_uint_unsigned_short_int_unsigned_s_12' is power-on initialization.
WARNING: [RTGEN 206-101] Register 'mxm_execute_ursa_ap_uint_unsigned_short_ap_uint_unsigned_short_int_unsigned_s_11' is power-on initialization.
WARNING: [RTGEN 206-101] Register 'mxm_execute_ursa_ap_uint_unsigned_short_ap_uint_unsigned_short_int_unsigned_s_10' is power-on initialization.
WARNING: [RTGEN 206-101] Register 'mxm_execute_ursa_ap_uint_unsigned_short_ap_uint_unsigned_short_int_unsigned_s_9' is power-on initialization.
WARNING: [RTGEN 206-101] Register 'mxm_execute_ursa_ap_uint_unsigned_short_ap_uint_unsigned_short_int_unsigned_s_8' is power-on initialization.
WARNING: [RTGEN 206-101] Register 'mxm_execute_ursa_ap_uint_unsigned_short_ap_uint_unsigned_short_int_unsigned_s_7' is power-on initialization.
WARNING: [RTGEN 206-101] Register 'mxm_execute_ursa_ap_uint_unsigned_short_ap_uint_unsigned_short_int_unsigned_s_6' is power-on initialization.
WARNING: [RTGEN 206-101] Register 'mxm_execute_ursa_ap_uint_unsigned_short_ap_uint_unsigned_short_int_unsigned_s_5' is power-on initialization.
WARNING: [RTGEN 206-101] Register 'mxm_execute_ursa_ap_uint_unsigned_short_ap_uint_unsigned_short_int_unsigned_s_4' is power-on initialization.
WARNING: [RTGEN 206-101] Register 'mxm_execute_ursa_ap_uint_unsigned_short_ap_uint_unsigned_short_int_unsigned_s_3' is power-on initialization.
WARNING: [RTGEN 206-101] Register 'mxm_execute_ursa_ap_uint_unsigned_short_ap_uint_unsigned_short_int_unsigned_s_2' is power-on initialization.
WARNING: [RTGEN 206-101] Register 'mxm_execute_ursa_ap_uint_unsigned_short_ap_uint_unsigned_short_int_unsigned_s_1' is power-on initialization.
WARNING: [RTGEN 206-101] Register 'mxm_execute_ursa_ap_uint_unsigned_short_ap_uint_unsigned_short_int_unsigned_s' is power-on initialization.
INFO: [RTGEN 206-100] Bundling port 'return', 'a0_p' and 'm' to AXI-Lite port ap.
INFO: [RTGEN 206-100] Bundling port 'addr_a0', 'addr_b0' and 'addr_c0' to AXI-Lite port control.
INFO: [RTGEN 206-100] Finished creating RTL model for 'mxm_execute_ursa'.
INFO: [RTMG 210-278] Implementing memory 'mxm_execute_ursa_a_buf_RAM_AUTO_1R1W' using auto RAMs.
INFO: [RTMG 210-278] Implementing memory 'mxm_execute_ursa_b_buf_RAM_AUTO_1R1W' using auto RAMs.
INFO: [HLS 200-111] Finished Creating RTL model: CPU user time: 0.09 seconds. CPU system time: 0 seconds. Elapsed time: 0.1 seconds; current allocated memory: 337.551 MB.
INFO: [HLS 200-111] Finished Generating all RTL models: CPU user time: 0.18 seconds. CPU system time: 0.04 seconds. Elapsed time: 0.21 seconds; current allocated memory: 341.750 MB.
INFO: [HLS 200-1603] Design has inferred MAXI bursts and missed bursts, see Vitis HLS GUI synthesis summary report for detailed information.
INFO: [HLS 200-111] Finished Updating report files: CPU user time: 0.77 seconds. CPU system time: 0.02 seconds. Elapsed time: 0.79 seconds; current allocated memory: 351.750 MB.
INFO: [VHDL 208-304] Generating VHDL RTL for mxm_execute_ursa.
INFO: [VLOG 209-307] Generating Verilog RTL for mxm_execute_ursa.
INFO: [HLS 200-790] **** Loop Constraint Status: All loop constraints were satisfied.
INFO: [HLS 200-789] **** Estimated Fmax: 117.50 MHz
INFO: [HLS 200-111] Finished Command csynth_design CPU user time: 10.66 seconds. CPU system time: 2.06 seconds. Elapsed time: 17.1 seconds; current allocated memory: 110.605 MB.
INFO: [HLS 200-1510] Running: close_project 
INFO: [HLS 200-112] Total CPU user time: 11.47 seconds. Total CPU system time: 2.28 seconds. Total elapsed time: 17.98 seconds; peak allocated memory: 351.750 MB.
INFO: [Common 17-206] Exiting vitis_hls at Thu Sep 24 14:32:22 2026...
INFO: [v++ 60-791] Total elapsed time: 0h 0m 21s
