

================================================================
== Vitis HLS Report for 'mxm_execute_ursa_Pipeline_LOAD_A'
================================================================
* Date:           Thu Sep 24 14:32:21 2026

* Version:        2023.2 (Build 4023990 on Oct 11 2023)
* Project:        mxm_execute_ursa
* Solution:       hls (Vivado IP Flow Target)
* Product family: zynq
* Target device:  xc7z020-clg484-1


================================================================
== Performance Estimates
================================================================
+ Timing: 
    * Summary: 
    +--------+----------+----------+------------+
    |  Clock |  Target  | Estimated| Uncertainty|
    +--------+----------+----------+------------+
    |ap_clk  |  10.00 ns|  7.300 ns|     2.70 ns|
    +--------+----------+----------+------------+

+ Latency: 
    * Summary: 
    +---------+---------+----------+----------+-----+-----+---------+
    |  Latency (cycles) |  Latency (absolute) |  Interval | Pipeline|
    |   min   |   max   |    min   |    max   | min | max |   Type  |
    +---------+---------+----------+----------+-----+-----+---------+
    |       39|      147|  0.390 us|  1.470 us|   39|  147|       no|
    +---------+---------+----------+----------+-----+-----+---------+

    + Detail: 
        * Instance: 
        N/A

        * Loop: 
        +----------+---------+---------+----------+-----------+-----------+----------+----------+
        |          |  Latency (cycles) | Iteration|  Initiation Interval  |   Trip   |          |
        | Loop Name|   min   |   max   |  Latency |  achieved |   target  |   Count  | Pipelined|
        +----------+---------+---------+----------+-----------+-----------+----------+----------+
        |- LOAD_A  |       37|      145|         3|          1|          1|  36 ~ 144|       yes|
        +----------+---------+---------+----------+-----------+-----------+----------+----------+



================================================================
== Utilization Estimates
================================================================
* Summary: 
+-----------------+---------+-----+--------+-------+-----+
|       Name      | BRAM_18K| DSP |   FF   |  LUT  | URAM|
+-----------------+---------+-----+--------+-------+-----+
|DSP              |        -|    -|       -|      -|    -|
|Expression       |        -|    -|       0|    156|    -|
|FIFO             |        -|    -|       -|      -|    -|
|Instance         |        -|    -|       -|      -|    -|
|Memory           |        -|    -|       -|      -|    -|
|Multiplexer      |        -|    -|       -|     63|    -|
|Register         |        -|    -|     122|      -|    -|
+-----------------+---------+-----+--------+-------+-----+
|Total            |        0|    0|     122|    219|    0|
+-----------------+---------+-----+--------+-------+-----+
|Available        |      280|  220|  106400|  53200|    0|
+-----------------+---------+-----+--------+-------+-----+
|Utilization (%)  |        0|    0|      ~0|     ~0|    0|
+-----------------+---------+-----+--------+-------+-----+

+ Detail: 
    * Instance: 
    N/A

    * DSP: 
    N/A

    * Memory: 
    N/A

    * FIFO: 
    N/A

    * Expression: 
    +----------------------------------+----------+----+---+----+------------+------------+
    |           Variable Name          | Operation| DSP| FF| LUT| Bitwidth P0| Bitwidth P1|
    +----------------------------------+----------+----+---+----+------------+------------+
    |add_ln106_fu_195_p2               |         +|   0|  0|  24|          17|           1|
    |c_4_fu_237_p2                     |         +|   0|  0|  23|          16|           1|
    |r_4_fu_231_p2                     |         +|   0|  0|  23|          16|           1|
    |ap_block_pp0_stage0_11001         |       and|   0|  0|   2|           1|           1|
    |ap_block_state2_pp0_stage0_iter1  |       and|   0|  0|   2|           1|           1|
    |icmp_ln106_fu_189_p2              |      icmp|   0|  0|  24|          17|          17|
    |icmp_ln110_fu_226_p2              |      icmp|   0|  0|  24|          17|          17|
    |c_5_fu_251_p3                     |    select|   0|  0|  16|           1|           1|
    |r_5_fu_243_p3                     |    select|   0|  0|  16|           1|          16|
    |ap_enable_pp0                     |       xor|   0|  0|   2|           1|           2|
    +----------------------------------+----------+----+---+----+------------+------------+
    |Total                             |          |   0|  0| 156|          88|          58|
    +----------------------------------+----------+----+---+----+------------+------------+

    * Multiplexer: 
    +-------------------------+----+-----------+-----+-----------+
    |           Name          | LUT| Input Size| Bits| Total Bits|
    +-------------------------+----+-----------+-----+-----------+
    |ap_done_int              |   9|          2|    1|          2|
    |ap_enable_reg_pp0_iter2  |   9|          2|    1|          2|
    |ap_sig_allocacmp_n_1     |   9|          2|   17|         34|
    |aw_blk_n_R               |   9|          2|    1|          2|
    |c_fu_80                  |   9|          2|   16|         32|
    |n_fu_84                  |   9|          2|   17|         34|
    |r_fu_76                  |   9|          2|   16|         32|
    +-------------------------+----+-----------+-----+-----------+
    |Total                    |  63|         14|   69|        138|
    +-------------------------+----+-----------+-----+-----------+

    * Register: 
    +----------------------------------+----+----+-----+-----------+
    |               Name               | FF | LUT| Bits| Const Bits|
    +----------------------------------+----+----+-----+-----------+
    |ap_CS_fsm                         |   1|   0|    1|          0|
    |ap_done_reg                       |   1|   0|    1|          0|
    |ap_enable_reg_pp0_iter1           |   1|   0|    1|          0|
    |ap_enable_reg_pp0_iter2           |   1|   0|    1|          0|
    |ap_loop_exit_ready_pp0_iter1_reg  |   1|   0|    1|          0|
    |aw_addr_read_reg_320              |  32|   0|   32|          0|
    |c_3_reg_311                       |  16|   0|   16|          0|
    |c_fu_80                           |  16|   0|   16|          0|
    |icmp_ln106_reg_307                |   1|   0|    1|          0|
    |n_fu_84                           |  17|   0|   17|          0|
    |r_fu_76                           |  16|   0|   16|          0|
    |sub_i44_cast_cast_reg_302         |  17|   0|   17|          0|
    |trunc_ln103_reg_316               |   2|   0|    2|          0|
    +----------------------------------+----+----+-----+-----------+
    |Total                             | 122|   0|  122|          0|
    +----------------------------------+----+----+-----+-----------+



================================================================
== Interface
================================================================
* Summary: 
+-------------------+-----+-----+------------+----------------------------------+--------------+
|     RTL Ports     | Dir | Bits|  Protocol  |           Source Object          |    C Type    |
+-------------------+-----+-----+------------+----------------------------------+--------------+
|ap_clk             |   in|    1|  ap_ctrl_hs|  mxm_execute_ursa_Pipeline_LOAD_A|  return value|
|ap_rst             |   in|    1|  ap_ctrl_hs|  mxm_execute_ursa_Pipeline_LOAD_A|  return value|
|ap_start           |   in|    1|  ap_ctrl_hs|  mxm_execute_ursa_Pipeline_LOAD_A|  return value|
|ap_done            |  out|    1|  ap_ctrl_hs|  mxm_execute_ursa_Pipeline_LOAD_A|  return value|
|ap_idle            |  out|    1|  ap_ctrl_hs|  mxm_execute_ursa_Pipeline_LOAD_A|  return value|
|ap_ready           |  out|    1|  ap_ctrl_hs|  mxm_execute_ursa_Pipeline_LOAD_A|  return value|
|m_axi_aw_AWVALID   |  out|    1|       m_axi|                                aw|       pointer|
|m_axi_aw_AWREADY   |   in|    1|       m_axi|                                aw|       pointer|
|m_axi_aw_AWADDR    |  out|   32|       m_axi|                                aw|       pointer|
|m_axi_aw_AWID      |  out|    1|       m_axi|                                aw|       pointer|
|m_axi_aw_AWLEN     |  out|   32|       m_axi|                                aw|       pointer|
|m_axi_aw_AWSIZE    |  out|    3|       m_axi|                                aw|       pointer|
|m_axi_aw_AWBURST   |  out|    2|       m_axi|                                aw|       pointer|
|m_axi_aw_AWLOCK    |  out|    2|       m_axi|                                aw|       pointer|
|m_axi_aw_AWCACHE   |  out|    4|       m_axi|                                aw|       pointer|
|m_axi_aw_AWPROT    |  out|    3|       m_axi|                                aw|       pointer|
|m_axi_aw_AWQOS     |  out|    4|       m_axi|                                aw|       pointer|
|m_axi_aw_AWREGION  |  out|    4|       m_axi|                                aw|       pointer|
|m_axi_aw_AWUSER    |  out|    1|       m_axi|                                aw|       pointer|
|m_axi_aw_WVALID    |  out|    1|       m_axi|                                aw|       pointer|
|m_axi_aw_WREADY    |   in|    1|       m_axi|                                aw|       pointer|
|m_axi_aw_WDATA     |  out|   32|       m_axi|                                aw|       pointer|
|m_axi_aw_WSTRB     |  out|    4|       m_axi|                                aw|       pointer|
|m_axi_aw_WLAST     |  out|    1|       m_axi|                                aw|       pointer|
|m_axi_aw_WID       |  out|    1|       m_axi|                                aw|       pointer|
|m_axi_aw_WUSER     |  out|    1|       m_axi|                                aw|       pointer|
|m_axi_aw_ARVALID   |  out|    1|       m_axi|                                aw|       pointer|
|m_axi_aw_ARREADY   |   in|    1|       m_axi|                                aw|       pointer|
|m_axi_aw_ARADDR    |  out|   32|       m_axi|                                aw|       pointer|
|m_axi_aw_ARID      |  out|    1|       m_axi|                                aw|       pointer|
|m_axi_aw_ARLEN     |  out|   32|       m_axi|                                aw|       pointer|
|m_axi_aw_ARSIZE    |  out|    3|       m_axi|                                aw|       pointer|
|m_axi_aw_ARBURST   |  out|    2|       m_axi|                                aw|       pointer|
|m_axi_aw_ARLOCK    |  out|    2|       m_axi|                                aw|       pointer|
|m_axi_aw_ARCACHE   |  out|    4|       m_axi|                                aw|       pointer|
|m_axi_aw_ARPROT    |  out|    3|       m_axi|                                aw|       pointer|
|m_axi_aw_ARQOS     |  out|    4|       m_axi|                                aw|       pointer|
|m_axi_aw_ARREGION  |  out|    4|       m_axi|                                aw|       pointer|
|m_axi_aw_ARUSER    |  out|    1|       m_axi|                                aw|       pointer|
|m_axi_aw_RVALID    |   in|    1|       m_axi|                                aw|       pointer|
|m_axi_aw_RREADY    |  out|    1|       m_axi|                                aw|       pointer|
|m_axi_aw_RDATA     |   in|   32|       m_axi|                                aw|       pointer|
|m_axi_aw_RLAST     |   in|    1|       m_axi|                                aw|       pointer|
|m_axi_aw_RID       |   in|    1|       m_axi|                                aw|       pointer|
|m_axi_aw_RFIFONUM  |   in|   10|       m_axi|                                aw|       pointer|
|m_axi_aw_RUSER     |   in|    1|       m_axi|                                aw|       pointer|
|m_axi_aw_RRESP     |   in|    2|       m_axi|                                aw|       pointer|
|m_axi_aw_BVALID    |   in|    1|       m_axi|                                aw|       pointer|
|m_axi_aw_BREADY    |  out|    1|       m_axi|                                aw|       pointer|
|m_axi_aw_BRESP     |   in|    2|       m_axi|                                aw|       pointer|
|m_axi_aw_BID       |   in|    1|       m_axi|                                aw|       pointer|
|m_axi_aw_BUSER     |   in|    1|       m_axi|                                aw|       pointer|
|stride_a           |   in|   17|     ap_none|                          stride_a|        scalar|
|sub_i44_cast       |   in|   15|     ap_none|                      sub_i44_cast|        scalar|
|sext_ln106         |   in|   30|     ap_none|                        sext_ln106|        scalar|
|a_buf_3_address0   |  out|    6|   ap_memory|                           a_buf_3|         array|
|a_buf_3_ce0        |  out|    1|   ap_memory|                           a_buf_3|         array|
|a_buf_3_we0        |  out|    1|   ap_memory|                           a_buf_3|         array|
|a_buf_3_d0         |  out|   32|   ap_memory|                           a_buf_3|         array|
|a_buf_2_address0   |  out|    6|   ap_memory|                           a_buf_2|         array|
|a_buf_2_ce0        |  out|    1|   ap_memory|                           a_buf_2|         array|
|a_buf_2_we0        |  out|    1|   ap_memory|                           a_buf_2|         array|
|a_buf_2_d0         |  out|   32|   ap_memory|                           a_buf_2|         array|
|a_buf_1_address0   |  out|    6|   ap_memory|                           a_buf_1|         array|
|a_buf_1_ce0        |  out|    1|   ap_memory|                           a_buf_1|         array|
|a_buf_1_we0        |  out|    1|   ap_memory|                           a_buf_1|         array|
|a_buf_1_d0         |  out|   32|   ap_memory|                           a_buf_1|         array|
|a_buf_address0     |  out|    6|   ap_memory|                             a_buf|         array|
|a_buf_ce0          |  out|    1|   ap_memory|                             a_buf|         array|
|a_buf_we0          |  out|    1|   ap_memory|                             a_buf|         array|
|a_buf_d0           |  out|   32|   ap_memory|                             a_buf|         array|
+-------------------+-----+-----+------------+----------------------------------+--------------+

============================================================
+ Verbose Summary: Synthesis Manager
============================================================
InlineROM: 1
ExposeGlobal: 0
============================================================
+ Verbose Summary: CDFG Model
============================================================
IsTopModel: 0
ResetActiveHigh: 1
IsCombinational: 2
IsDatapathOnly: 2
HasWiredReturn: 1
HasMFsm: 2
HasVarLatency: 1
IsPipeline: 0
IsRtlPipelined: 0
IsInstanceOverlapped: 0
IsDontTouch: 0
HasImplIP: 0
IsGatedGlobalClock: 0

+ Individual pipeline summary: 
  * Pipeline-0: initiation interval (II) = 1, depth = 3


============================================================
+ Verbose Summary: Schedule
============================================================
* Number of FSM states : 3
* Pipeline : 1
  Pipeline-0 : II = 1, D = 3, States = { 1 2 3 }
* Dataflow Pipeline: 0

* FSM state transitions: 
1 --> 2 
2 --> 3 
3 --> 

* FSM state operations: 

State 1 <SV = 0> <Delay = 5.28>
ST_1 : Operation 6 [1/1] (0.00ns)   --->   "%r = alloca i32 1" [/home/ulisses/Projects/ursa/exp/output-stationary-v2/sources/vanilla/src/core/shell.cpp:103->/home/ulisses/Projects/ursa/exp/output-stationary-v2/sources/vanilla/src/core/shell.cpp:209]   --->   Operation 6 'alloca' 'r' <Predicate = true> <Delay = 0.00>
ST_1 : Operation 7 [1/1] (0.00ns)   --->   "%c = alloca i32 1" [/home/ulisses/Projects/ursa/exp/output-stationary-v2/sources/vanilla/src/core/shell.cpp:103->/home/ulisses/Projects/ursa/exp/output-stationary-v2/sources/vanilla/src/core/shell.cpp:209]   --->   Operation 7 'alloca' 'c' <Predicate = true> <Delay = 0.00>
ST_1 : Operation 8 [1/1] (0.00ns)   --->   "%n = alloca i32 1" [/home/ulisses/Projects/ursa/exp/output-stationary-v2/sources/vanilla/src/core/shell.cpp:106->/home/ulisses/Projects/ursa/exp/output-stationary-v2/sources/vanilla/src/core/shell.cpp:209]   --->   Operation 8 'alloca' 'n' <Predicate = true> <Delay = 0.00>
ST_1 : Operation 9 [1/1] (0.00ns)   --->   "%sext_ln106_read = read i30 @_ssdm_op_Read.ap_auto.i30, i30 %sext_ln106"   --->   Operation 9 'read' 'sext_ln106_read' <Predicate = true> <Delay = 0.00>
ST_1 : Operation 10 [1/1] (0.00ns)   --->   "%sub_i44_cast_read = read i15 @_ssdm_op_Read.ap_auto.i15, i15 %sub_i44_cast"   --->   Operation 10 'read' 'sub_i44_cast_read' <Predicate = true> <Delay = 0.00>
ST_1 : Operation 11 [1/1] (0.00ns)   --->   "%stride_a_read = read i17 @_ssdm_op_Read.ap_auto.i17, i17 %stride_a"   --->   Operation 11 'read' 'stride_a_read' <Predicate = true> <Delay = 0.00>
ST_1 : Operation 12 [1/1] (0.00ns)   --->   "%sext_ln106_cast = sext i30 %sext_ln106_read"   --->   Operation 12 'sext' 'sext_ln106_cast' <Predicate = true> <Delay = 0.00>
ST_1 : Operation 13 [1/1] (0.00ns)   --->   "%sub_i44_cast_cast = sext i15 %sub_i44_cast_read"   --->   Operation 13 'sext' 'sub_i44_cast_cast' <Predicate = true> <Delay = 0.00>
ST_1 : Operation 14 [1/1] (0.00ns)   --->   "%specinterface_ln0 = specinterface void @_ssdm_op_SpecInterface, i32 %aw, void @empty_20, i32 0, i32 0, void @empty_8, i32 0, i32 1024, void @empty_0, void @empty_1, void @empty_8, i32 8, i32 8, i32 64, i32 16, void @empty_8, void @empty_8, i32 4294967295, i32 0"   --->   Operation 14 'specinterface' 'specinterface_ln0' <Predicate = true> <Delay = 0.00>
ST_1 : Operation 15 [1/1] (1.58ns)   --->   "%store_ln106 = store i17 0, i17 %n" [/home/ulisses/Projects/ursa/exp/output-stationary-v2/sources/vanilla/src/core/shell.cpp:106->/home/ulisses/Projects/ursa/exp/output-stationary-v2/sources/vanilla/src/core/shell.cpp:209]   --->   Operation 15 'store' 'store_ln106' <Predicate = true> <Delay = 1.58>
ST_1 : Operation 16 [1/1] (1.58ns)   --->   "%store_ln103 = store i16 0, i16 %c" [/home/ulisses/Projects/ursa/exp/output-stationary-v2/sources/vanilla/src/core/shell.cpp:103->/home/ulisses/Projects/ursa/exp/output-stationary-v2/sources/vanilla/src/core/shell.cpp:209]   --->   Operation 16 'store' 'store_ln103' <Predicate = true> <Delay = 1.58>
ST_1 : Operation 17 [1/1] (1.58ns)   --->   "%store_ln103 = store i16 0, i16 %r" [/home/ulisses/Projects/ursa/exp/output-stationary-v2/sources/vanilla/src/core/shell.cpp:103->/home/ulisses/Projects/ursa/exp/output-stationary-v2/sources/vanilla/src/core/shell.cpp:209]   --->   Operation 17 'store' 'store_ln103' <Predicate = true> <Delay = 1.58>
ST_1 : Operation 18 [1/1] (0.00ns)   --->   "%br_ln0 = br void %for.body.i"   --->   Operation 18 'br' 'br_ln0' <Predicate = true> <Delay = 0.00>
ST_1 : Operation 19 [1/1] (0.00ns)   --->   "%n_1 = load i17 %n" [/home/ulisses/Projects/ursa/exp/output-stationary-v2/sources/vanilla/src/core/shell.cpp:106->/home/ulisses/Projects/ursa/exp/output-stationary-v2/sources/vanilla/src/core/shell.cpp:209]   --->   Operation 19 'load' 'n_1' <Predicate = true> <Delay = 0.00>
ST_1 : Operation 20 [1/1] (2.10ns)   --->   "%icmp_ln106 = icmp_eq  i17 %n_1, i17 %stride_a_read" [/home/ulisses/Projects/ursa/exp/output-stationary-v2/sources/vanilla/src/core/shell.cpp:106->/home/ulisses/Projects/ursa/exp/output-stationary-v2/sources/vanilla/src/core/shell.cpp:209]   --->   Operation 20 'icmp' 'icmp_ln106' <Predicate = true> <Delay = 2.10> <CoreInst = "Cmp">   --->   Core 9 'Cmp' <Latency = 0> <II = 1> <Delay = 2.10> <FuncUnit> <Opcode : 'icmp'> <InPorts = 2> <OutPorts = 1>
ST_1 : Operation 21 [1/1] (2.10ns)   --->   "%add_ln106 = add i17 %n_1, i17 1" [/home/ulisses/Projects/ursa/exp/output-stationary-v2/sources/vanilla/src/core/shell.cpp:106->/home/ulisses/Projects/ursa/exp/output-stationary-v2/sources/vanilla/src/core/shell.cpp:209]   --->   Operation 21 'add' 'add_ln106' <Predicate = true> <Delay = 2.10> <CoreInst = "Adder">   --->   Core 1 'Adder' <Latency = 0> <II = 1> <Delay = 2.10> <FuncUnit> <Opcode : 'add' 'sub'> <InPorts = 2> <OutPorts = 1>
ST_1 : Operation 22 [1/1] (0.00ns)   --->   "%br_ln106 = br i1 %icmp_ln106, void %for.body.i.split, void %STREAM_K.preheader.exitStub" [/home/ulisses/Projects/ursa/exp/output-stationary-v2/sources/vanilla/src/core/shell.cpp:106->/home/ulisses/Projects/ursa/exp/output-stationary-v2/sources/vanilla/src/core/shell.cpp:209]   --->   Operation 22 'br' 'br_ln106' <Predicate = true> <Delay = 0.00>
ST_1 : Operation 23 [1/1] (1.58ns)   --->   "%store_ln106 = store i17 %add_ln106, i17 %n" [/home/ulisses/Projects/ursa/exp/output-stationary-v2/sources/vanilla/src/core/shell.cpp:106->/home/ulisses/Projects/ursa/exp/output-stationary-v2/sources/vanilla/src/core/shell.cpp:209]   --->   Operation 23 'store' 'store_ln106' <Predicate = (!icmp_ln106)> <Delay = 1.58>

State 2 <SV = 1> <Delay = 7.30>
ST_2 : Operation 24 [1/1] (0.00ns)   --->   "%r_3 = load i16 %r" [/home/ulisses/Projects/ursa/exp/output-stationary-v2/sources/vanilla/src/core/shell.cpp:103->/home/ulisses/Projects/ursa/exp/output-stationary-v2/sources/vanilla/src/core/shell.cpp:209]   --->   Operation 24 'load' 'r_3' <Predicate = true> <Delay = 0.00>
ST_2 : Operation 25 [1/1] (0.00ns)   --->   "%c_3 = load i16 %c" [/home/ulisses/Projects/ursa/exp/output-stationary-v2/sources/vanilla/src/core/shell.cpp:111->/home/ulisses/Projects/ursa/exp/output-stationary-v2/sources/vanilla/src/core/shell.cpp:209]   --->   Operation 25 'load' 'c_3' <Predicate = true> <Delay = 0.00>
ST_2 : Operation 26 [1/1] (0.00ns)   --->   "%specbitsmap_ln0 = specbitsmap void @_ssdm_op_SpecBitsMap, i32 %aw"   --->   Operation 26 'specbitsmap' 'specbitsmap_ln0' <Predicate = true> <Delay = 0.00>
ST_2 : Operation 27 [1/1] (0.00ns)   --->   "%aw_addr = getelementptr i32 %aw, i32 %sext_ln106_cast" [/home/ulisses/Projects/ursa/exp/output-stationary-v2/sources/vanilla/src/core/shell.cpp:106->/home/ulisses/Projects/ursa/exp/output-stationary-v2/sources/vanilla/src/core/shell.cpp:209]   --->   Operation 27 'getelementptr' 'aw_addr' <Predicate = (!icmp_ln106)> <Delay = 0.00>
ST_2 : Operation 28 [1/1] (0.00ns)   --->   "%trunc_ln103 = trunc i16 %r_3" [/home/ulisses/Projects/ursa/exp/output-stationary-v2/sources/vanilla/src/core/shell.cpp:103->/home/ulisses/Projects/ursa/exp/output-stationary-v2/sources/vanilla/src/core/shell.cpp:209]   --->   Operation 28 'trunc' 'trunc_ln103' <Predicate = (!icmp_ln106)> <Delay = 0.00>
ST_2 : Operation 29 [1/1] (0.00ns)   --->   "%zext_ln109_1 = zext i16 %c_3" [/home/ulisses/Projects/ursa/exp/output-stationary-v2/sources/vanilla/src/core/shell.cpp:109->/home/ulisses/Projects/ursa/exp/output-stationary-v2/sources/vanilla/src/core/shell.cpp:209]   --->   Operation 29 'zext' 'zext_ln109_1' <Predicate = (!icmp_ln106)> <Delay = 0.00>
ST_2 : Operation 30 [1/1] (7.30ns)   --->   "%aw_addr_read = read i32 @_ssdm_op_Read.m_axi.p1i32, i32 %aw_addr" [/home/ulisses/Projects/ursa/exp/output-stationary-v2/sources/vanilla/src/core/shell.cpp:109->/home/ulisses/Projects/ursa/exp/output-stationary-v2/sources/vanilla/src/core/shell.cpp:209]   --->   Operation 30 'read' 'aw_addr_read' <Predicate = (!icmp_ln106)> <Delay = 7.30> <CoreInst = "m_axi">   --->   Core 113 'm_axi' <Latency = 0> <II = 1> <Delay = 1.00> <Adapter> <Opcode : 'read' 'write' 'readreq' 'writereq' 'writeresp'>
ST_2 : Operation 31 [1/1] (1.86ns)   --->   "%switch_ln109 = switch i2 %trunc_ln103, void %arrayidx41.i74.case.3, i2 0, void %arrayidx41.i74.case.0, i2 1, void %arrayidx41.i74.case.1, i2 2, void %arrayidx41.i74.case.2" [/home/ulisses/Projects/ursa/exp/output-stationary-v2/sources/vanilla/src/core/shell.cpp:109->/home/ulisses/Projects/ursa/exp/output-stationary-v2/sources/vanilla/src/core/shell.cpp:209]   --->   Operation 31 'switch' 'switch_ln109' <Predicate = (!icmp_ln106)> <Delay = 1.86>
ST_2 : Operation 32 [1/1] (2.07ns)   --->   "%icmp_ln110 = icmp_eq  i17 %sub_i44_cast_cast, i17 %zext_ln109_1" [/home/ulisses/Projects/ursa/exp/output-stationary-v2/sources/vanilla/src/core/shell.cpp:110->/home/ulisses/Projects/ursa/exp/output-stationary-v2/sources/vanilla/src/core/shell.cpp:209]   --->   Operation 32 'icmp' 'icmp_ln110' <Predicate = (!icmp_ln106)> <Delay = 2.07> <CoreInst = "Cmp">   --->   Core 9 'Cmp' <Latency = 0> <II = 1> <Delay = 2.10> <FuncUnit> <Opcode : 'icmp'> <InPorts = 2> <OutPorts = 1>
ST_2 : Operation 33 [1/1] (2.07ns)   --->   "%r_4 = add i16 %r_3, i16 1" [/home/ulisses/Projects/ursa/exp/output-stationary-v2/sources/vanilla/src/core/shell.cpp:110->/home/ulisses/Projects/ursa/exp/output-stationary-v2/sources/vanilla/src/core/shell.cpp:209]   --->   Operation 33 'add' 'r_4' <Predicate = (!icmp_ln106)> <Delay = 2.07> <CoreInst = "Adder">   --->   Core 1 'Adder' <Latency = 0> <II = 1> <Delay = 2.07> <FuncUnit> <Opcode : 'add' 'sub'> <InPorts = 2> <OutPorts = 1>
ST_2 : Operation 34 [1/1] (2.07ns)   --->   "%c_4 = add i16 %c_3, i16 1" [/home/ulisses/Projects/ursa/exp/output-stationary-v2/sources/vanilla/src/core/shell.cpp:111->/home/ulisses/Projects/ursa/exp/output-stationary-v2/sources/vanilla/src/core/shell.cpp:209]   --->   Operation 34 'add' 'c_4' <Predicate = (!icmp_ln106)> <Delay = 2.07> <CoreInst = "Adder">   --->   Core 1 'Adder' <Latency = 0> <II = 1> <Delay = 2.07> <FuncUnit> <Opcode : 'add' 'sub'> <InPorts = 2> <OutPorts = 1>
ST_2 : Operation 35 [1/1] (0.80ns)   --->   "%r_5 = select i1 %icmp_ln110, i16 %r_4, i16 %r_3" [/home/ulisses/Projects/ursa/exp/output-stationary-v2/sources/vanilla/src/core/shell.cpp:110->/home/ulisses/Projects/ursa/exp/output-stationary-v2/sources/vanilla/src/core/shell.cpp:209]   --->   Operation 35 'select' 'r_5' <Predicate = (!icmp_ln106)> <Delay = 0.80> <CoreInst = "Sel">   --->   Core 73 'Sel' <Latency = 0> <II = 1> <Delay = 0.80> <FuncUnit> <Opcode : 'select'> <InPorts = 3> <OutPorts = 1>
ST_2 : Operation 36 [1/1] (0.80ns)   --->   "%c_5 = select i1 %icmp_ln110, i16 0, i16 %c_4" [/home/ulisses/Projects/ursa/exp/output-stationary-v2/sources/vanilla/src/core/shell.cpp:110->/home/ulisses/Projects/ursa/exp/output-stationary-v2/sources/vanilla/src/core/shell.cpp:209]   --->   Operation 36 'select' 'c_5' <Predicate = (!icmp_ln106)> <Delay = 0.80> <CoreInst = "Sel">   --->   Core 73 'Sel' <Latency = 0> <II = 1> <Delay = 0.80> <FuncUnit> <Opcode : 'select'> <InPorts = 3> <OutPorts = 1>
ST_2 : Operation 37 [1/1] (1.58ns)   --->   "%store_ln103 = store i16 %c_5, i16 %c" [/home/ulisses/Projects/ursa/exp/output-stationary-v2/sources/vanilla/src/core/shell.cpp:103->/home/ulisses/Projects/ursa/exp/output-stationary-v2/sources/vanilla/src/core/shell.cpp:209]   --->   Operation 37 'store' 'store_ln103' <Predicate = (!icmp_ln106)> <Delay = 1.58>
ST_2 : Operation 38 [1/1] (1.58ns)   --->   "%store_ln103 = store i16 %r_5, i16 %r" [/home/ulisses/Projects/ursa/exp/output-stationary-v2/sources/vanilla/src/core/shell.cpp:103->/home/ulisses/Projects/ursa/exp/output-stationary-v2/sources/vanilla/src/core/shell.cpp:209]   --->   Operation 38 'store' 'store_ln103' <Predicate = (!icmp_ln106)> <Delay = 1.58>
ST_2 : Operation 39 [1/1] (0.00ns)   --->   "%br_ln106 = br void %for.body.i" [/home/ulisses/Projects/ursa/exp/output-stationary-v2/sources/vanilla/src/core/shell.cpp:106->/home/ulisses/Projects/ursa/exp/output-stationary-v2/sources/vanilla/src/core/shell.cpp:209]   --->   Operation 39 'br' 'br_ln106' <Predicate = (!icmp_ln106)> <Delay = 0.00>
ST_2 : Operation 56 [1/1] (0.00ns)   --->   "%ret_ln0 = ret"   --->   Operation 56 'ret' 'ret_ln0' <Predicate = (icmp_ln106)> <Delay = 0.00>

State 3 <SV = 2> <Delay = 3.25>
ST_3 : Operation 40 [1/1] (0.00ns)   --->   "%specpipeline_ln107 = specpipeline void @_ssdm_op_SpecPipeline, i32 1, i32 0, i32 0, i32 0, void @empty_8" [/home/ulisses/Projects/ursa/exp/output-stationary-v2/sources/vanilla/src/core/shell.cpp:107->/home/ulisses/Projects/ursa/exp/output-stationary-v2/sources/vanilla/src/core/shell.cpp:209]   --->   Operation 40 'specpipeline' 'specpipeline_ln107' <Predicate = true> <Delay = 0.00>
ST_3 : Operation 41 [1/1] (0.00ns)   --->   "%speclooptripcount_ln108 = speclooptripcount void @_ssdm_op_SpecLoopTripCount, i64 36, i64 144, i64 144" [/home/ulisses/Projects/ursa/exp/output-stationary-v2/sources/vanilla/src/core/shell.cpp:108->/home/ulisses/Projects/ursa/exp/output-stationary-v2/sources/vanilla/src/core/shell.cpp:209]   --->   Operation 41 'speclooptripcount' 'speclooptripcount_ln108' <Predicate = true> <Delay = 0.00>
ST_3 : Operation 42 [1/1] (0.00ns)   --->   "%specloopname_ln106 = specloopname void @_ssdm_op_SpecLoopName, void @empty_17" [/home/ulisses/Projects/ursa/exp/output-stationary-v2/sources/vanilla/src/core/shell.cpp:106->/home/ulisses/Projects/ursa/exp/output-stationary-v2/sources/vanilla/src/core/shell.cpp:209]   --->   Operation 42 'specloopname' 'specloopname_ln106' <Predicate = true> <Delay = 0.00>
ST_3 : Operation 43 [1/1] (0.00ns)   --->   "%zext_ln109 = zext i16 %c_3" [/home/ulisses/Projects/ursa/exp/output-stationary-v2/sources/vanilla/src/core/shell.cpp:109->/home/ulisses/Projects/ursa/exp/output-stationary-v2/sources/vanilla/src/core/shell.cpp:209]   --->   Operation 43 'zext' 'zext_ln109' <Predicate = true> <Delay = 0.00>
ST_3 : Operation 44 [1/1] (0.00ns)   --->   "%a_buf_addr = getelementptr i32 %a_buf, i32 0, i32 %zext_ln109" [/home/ulisses/Projects/ursa/exp/output-stationary-v2/sources/vanilla/src/core/shell.cpp:109->/home/ulisses/Projects/ursa/exp/output-stationary-v2/sources/vanilla/src/core/shell.cpp:209]   --->   Operation 44 'getelementptr' 'a_buf_addr' <Predicate = true> <Delay = 0.00>
ST_3 : Operation 45 [1/1] (0.00ns)   --->   "%a_buf_1_addr = getelementptr i32 %a_buf_1, i32 0, i32 %zext_ln109" [/home/ulisses/Projects/ursa/exp/output-stationary-v2/sources/vanilla/src/core/shell.cpp:109->/home/ulisses/Projects/ursa/exp/output-stationary-v2/sources/vanilla/src/core/shell.cpp:209]   --->   Operation 45 'getelementptr' 'a_buf_1_addr' <Predicate = true> <Delay = 0.00>
ST_3 : Operation 46 [1/1] (0.00ns)   --->   "%a_buf_2_addr = getelementptr i32 %a_buf_2, i32 0, i32 %zext_ln109" [/home/ulisses/Projects/ursa/exp/output-stationary-v2/sources/vanilla/src/core/shell.cpp:109->/home/ulisses/Projects/ursa/exp/output-stationary-v2/sources/vanilla/src/core/shell.cpp:209]   --->   Operation 46 'getelementptr' 'a_buf_2_addr' <Predicate = true> <Delay = 0.00>
ST_3 : Operation 47 [1/1] (0.00ns)   --->   "%a_buf_3_addr = getelementptr i32 %a_buf_3, i32 0, i32 %zext_ln109" [/home/ulisses/Projects/ursa/exp/output-stationary-v2/sources/vanilla/src/core/shell.cpp:109->/home/ulisses/Projects/ursa/exp/output-stationary-v2/sources/vanilla/src/core/shell.cpp:209]   --->   Operation 47 'getelementptr' 'a_buf_3_addr' <Predicate = true> <Delay = 0.00>
ST_3 : Operation 48 [1/1] (3.25ns)   --->   "%store_ln109 = store i32 %aw_addr_read, i6 %a_buf_2_addr" [/home/ulisses/Projects/ursa/exp/output-stationary-v2/sources/vanilla/src/core/shell.cpp:109->/home/ulisses/Projects/ursa/exp/output-stationary-v2/sources/vanilla/src/core/shell.cpp:209]   --->   Operation 48 'store' 'store_ln109' <Predicate = (trunc_ln103 == 2)> <Delay = 3.25> <CoreInst = "RAM">   --->   Core 82 'RAM' <Latency = 1> <II = 1> <Delay = 3.25> <Storage> <Opcode : 'load' 'store'> <Ports = 2> <Width = 32> <Depth = 64> <RAM>
ST_3 : Operation 49 [1/1] (0.00ns)   --->   "%br_ln109 = br void %arrayidx41.i74.exit" [/home/ulisses/Projects/ursa/exp/output-stationary-v2/sources/vanilla/src/core/shell.cpp:109->/home/ulisses/Projects/ursa/exp/output-stationary-v2/sources/vanilla/src/core/shell.cpp:209]   --->   Operation 49 'br' 'br_ln109' <Predicate = (trunc_ln103 == 2)> <Delay = 0.00>
ST_3 : Operation 50 [1/1] (3.25ns)   --->   "%store_ln109 = store i32 %aw_addr_read, i6 %a_buf_1_addr" [/home/ulisses/Projects/ursa/exp/output-stationary-v2/sources/vanilla/src/core/shell.cpp:109->/home/ulisses/Projects/ursa/exp/output-stationary-v2/sources/vanilla/src/core/shell.cpp:209]   --->   Operation 50 'store' 'store_ln109' <Predicate = (trunc_ln103 == 1)> <Delay = 3.25> <CoreInst = "RAM">   --->   Core 82 'RAM' <Latency = 1> <II = 1> <Delay = 3.25> <Storage> <Opcode : 'load' 'store'> <Ports = 2> <Width = 32> <Depth = 64> <RAM>
ST_3 : Operation 51 [1/1] (0.00ns)   --->   "%br_ln109 = br void %arrayidx41.i74.exit" [/home/ulisses/Projects/ursa/exp/output-stationary-v2/sources/vanilla/src/core/shell.cpp:109->/home/ulisses/Projects/ursa/exp/output-stationary-v2/sources/vanilla/src/core/shell.cpp:209]   --->   Operation 51 'br' 'br_ln109' <Predicate = (trunc_ln103 == 1)> <Delay = 0.00>
ST_3 : Operation 52 [1/1] (3.25ns)   --->   "%store_ln109 = store i32 %aw_addr_read, i6 %a_buf_addr" [/home/ulisses/Projects/ursa/exp/output-stationary-v2/sources/vanilla/src/core/shell.cpp:109->/home/ulisses/Projects/ursa/exp/output-stationary-v2/sources/vanilla/src/core/shell.cpp:209]   --->   Operation 52 'store' 'store_ln109' <Predicate = (trunc_ln103 == 0)> <Delay = 3.25> <CoreInst = "RAM">   --->   Core 82 'RAM' <Latency = 1> <II = 1> <Delay = 3.25> <Storage> <Opcode : 'load' 'store'> <Ports = 2> <Width = 32> <Depth = 64> <RAM>
ST_3 : Operation 53 [1/1] (0.00ns)   --->   "%br_ln109 = br void %arrayidx41.i74.exit" [/home/ulisses/Projects/ursa/exp/output-stationary-v2/sources/vanilla/src/core/shell.cpp:109->/home/ulisses/Projects/ursa/exp/output-stationary-v2/sources/vanilla/src/core/shell.cpp:209]   --->   Operation 53 'br' 'br_ln109' <Predicate = (trunc_ln103 == 0)> <Delay = 0.00>
ST_3 : Operation 54 [1/1] (3.25ns)   --->   "%store_ln109 = store i32 %aw_addr_read, i6 %a_buf_3_addr" [/home/ulisses/Projects/ursa/exp/output-stationary-v2/sources/vanilla/src/core/shell.cpp:109->/home/ulisses/Projects/ursa/exp/output-stationary-v2/sources/vanilla/src/core/shell.cpp:209]   --->   Operation 54 'store' 'store_ln109' <Predicate = (trunc_ln103 == 3)> <Delay = 3.25> <CoreInst = "RAM">   --->   Core 82 'RAM' <Latency = 1> <II = 1> <Delay = 3.25> <Storage> <Opcode : 'load' 'store'> <Ports = 2> <Width = 32> <Depth = 64> <RAM>
ST_3 : Operation 55 [1/1] (0.00ns)   --->   "%br_ln109 = br void %arrayidx41.i74.exit" [/home/ulisses/Projects/ursa/exp/output-stationary-v2/sources/vanilla/src/core/shell.cpp:109->/home/ulisses/Projects/ursa/exp/output-stationary-v2/sources/vanilla/src/core/shell.cpp:209]   --->   Operation 55 'br' 'br_ln109' <Predicate = (trunc_ln103 == 3)> <Delay = 0.00>


============================================================
+ Verbose Summary: Binding
============================================================
STG Binding: 
---------------- STG Properties BEGIN ----------------
- Is combinational: 0
- Is one-state seq: 0
- Is datapath-only: 0
- Is pipelined: 0
- Is top level: 0
Port [ Return ] is wired: 1; IO mode=ap_ctrl_hs:ce=0
Port [ aw]:  wired=1; compound=1; hidden=0; nouse=0; global=0; static=0; extern=0; dir=0; type=4; pingpong=0; private_global=0; IO mode=m_axi:ce=0
Port [ stride_a]:  wired=1; compound=0; hidden=0; nouse=0; global=0; static=0; extern=0; dir=0; type=0; pingpong=0; private_global=0; IO mode=ap_none:ce=0
Port [ sub_i44_cast]:  wired=1; compound=0; hidden=0; nouse=0; global=0; static=0; extern=0; dir=0; type=0; pingpong=0; private_global=0; IO mode=ap_none:ce=0
Port [ sext_ln106]:  wired=1; compound=0; hidden=0; nouse=0; global=0; static=0; extern=0; dir=0; type=0; pingpong=0; private_global=0; IO mode=ap_none:ce=0
Port [ a_buf_3]:  wired=1; compound=1; hidden=0; nouse=0; global=0; static=0; extern=0; dir=1; type=1; pingpong=0; private_global=0; MemPort=[03]; IO mode=ap_memory:ce=0
Port [ a_buf_2]:  wired=1; compound=1; hidden=0; nouse=0; global=0; static=0; extern=0; dir=1; type=1; pingpong=0; private_global=0; MemPort=[03]; IO mode=ap_memory:ce=0
Port [ a_buf_1]:  wired=1; compound=1; hidden=0; nouse=0; global=0; static=0; extern=0; dir=1; type=1; pingpong=0; private_global=0; MemPort=[03]; IO mode=ap_memory:ce=0
Port [ a_buf]:  wired=1; compound=1; hidden=0; nouse=0; global=0; static=0; extern=0; dir=1; type=1; pingpong=0; private_global=0; MemPort=[03]; IO mode=ap_memory:ce=0
---------------- STG Properties END ------------------

---------------- Datapath Model BEGIN ----------------

<LifeTime>
<method=bitvector/>
r                       (alloca           ) [ 0110]
c                       (alloca           ) [ 0110]
n                       (alloca           ) [ 0100]
sext_ln106_read         (read             ) [ 0000]
sub_i44_cast_read       (read             ) [ 0000]
stride_a_read           (read             ) [ 0000]
sext_ln106_cast         (sext             ) [ 0110]
sub_i44_cast_cast       (sext             ) [ 0110]
specinterface_ln0       (specinterface    ) [ 0000]
store_ln106             (store            ) [ 0000]
store_ln103             (store            ) [ 0000]
store_ln103             (store            ) [ 0000]
br_ln0                  (br               ) [ 0000]
n_1                     (load             ) [ 0000]
icmp_ln106              (icmp             ) [ 0110]
add_ln106               (add              ) [ 0000]
br_ln106                (br               ) [ 0000]
store_ln106             (store            ) [ 0000]
r_3                     (load             ) [ 0000]
c_3                     (load             ) [ 0101]
specbitsmap_ln0         (specbitsmap      ) [ 0000]
aw_addr                 (getelementptr    ) [ 0000]
trunc_ln103             (trunc            ) [ 0101]
zext_ln109_1            (zext             ) [ 0000]
aw_addr_read            (read             ) [ 0101]
switch_ln109            (switch           ) [ 0000]
icmp_ln110              (icmp             ) [ 0000]
r_4                     (add              ) [ 0000]
c_4                     (add              ) [ 0000]
r_5                     (select           ) [ 0000]
c_5                     (select           ) [ 0000]
store_ln103             (store            ) [ 0000]
store_ln103             (store            ) [ 0000]
br_ln106                (br               ) [ 0000]
specpipeline_ln107      (specpipeline     ) [ 0000]
speclooptripcount_ln108 (speclooptripcount) [ 0000]
specloopname_ln106      (specloopname     ) [ 0000]
zext_ln109              (zext             ) [ 0000]
a_buf_addr              (getelementptr    ) [ 0000]
a_buf_1_addr            (getelementptr    ) [ 0000]
a_buf_2_addr            (getelementptr    ) [ 0000]
a_buf_3_addr            (getelementptr    ) [ 0000]
store_ln109             (store            ) [ 0000]
br_ln109                (br               ) [ 0000]
store_ln109             (store            ) [ 0000]
br_ln109                (br               ) [ 0000]
store_ln109             (store            ) [ 0000]
br_ln109                (br               ) [ 0000]
store_ln109             (store            ) [ 0000]
br_ln109                (br               ) [ 0000]
ret_ln0                 (ret              ) [ 0000]
</LifeTime>

<model>

<comp_list>
<comp id="0" class="1000" name="aw">
<pin_list>
<pin id="1" dir="1" index="0" bw="1" slack="0"/>
</pin_list>
<bind>
<StgValue><ssdm name="aw"/></StgValue>
</bind>
</comp>

<comp id="2" class="1000" name="stride_a">
<pin_list>
<pin id="3" dir="1" index="0" bw="1" slack="0"/>
</pin_list>
<bind>
<StgValue><ssdm name="stride_a"/></StgValue>
</bind>
</comp>

<comp id="4" class="1000" name="sub_i44_cast">
<pin_list>
<pin id="5" dir="1" index="0" bw="1" slack="0"/>
</pin_list>
<bind>
<StgValue><ssdm name="sub_i44_cast"/></StgValue>
</bind>
</comp>

<comp id="6" class="1000" name="sext_ln106">
<pin_list>
<pin id="7" dir="1" index="0" bw="1" slack="0"/>
</pin_list>
<bind>
<StgValue><ssdm name="sext_ln106"/></StgValue>
</bind>
</comp>

<comp id="8" class="1000" name="a_buf_3">
<pin_list>
<pin id="9" dir="1" index="0" bw="1" slack="0"/>
</pin_list>
<bind>
<StgValue><ssdm name="a_buf_3"/><MemPortTyVec>0 3 </MemPortTyVec>
</StgValue>
</bind>
</comp>

<comp id="10" class="1000" name="a_buf_2">
<pin_list>
<pin id="11" dir="1" index="0" bw="1" slack="0"/>
</pin_list>
<bind>
<StgValue><ssdm name="a_buf_2"/><MemPortTyVec>0 3 </MemPortTyVec>
</StgValue>
</bind>
</comp>

<comp id="12" class="1000" name="a_buf_1">
<pin_list>
<pin id="13" dir="1" index="0" bw="1" slack="0"/>
</pin_list>
<bind>
<StgValue><ssdm name="a_buf_1"/><MemPortTyVec>0 3 </MemPortTyVec>
</StgValue>
</bind>
</comp>

<comp id="14" class="1000" name="a_buf">
<pin_list>
<pin id="15" dir="1" index="0" bw="1" slack="0"/>
</pin_list>
<bind>
<StgValue><ssdm name="a_buf"/><MemPortTyVec>0 3 </MemPortTyVec>
</StgValue>
</bind>
</comp>

<comp id="16" class="1001" name="const_16">
<pin_list>
<pin id="17" dir="1" index="0" bw="1" slack="0"/>
</pin_list>
<bind>
<StgValue><ssdm name=""/></StgValue>
</bind>
</comp>

<comp id="18" class="1001" name="const_18">
<pin_list>
<pin id="19" dir="1" index="0" bw="1" slack="0"/>
</pin_list>
<bind>
<StgValue><ssdm name="_ssdm_op_Read.ap_auto.i30"/></StgValue>
</bind>
</comp>

<comp id="20" class="1001" name="const_20">
<pin_list>
<pin id="21" dir="1" index="0" bw="1" slack="0"/>
</pin_list>
<bind>
<StgValue><ssdm name="_ssdm_op_Read.ap_auto.i15"/></StgValue>
</bind>
</comp>

<comp id="22" class="1001" name="const_22">
<pin_list>
<pin id="23" dir="1" index="0" bw="1" slack="0"/>
</pin_list>
<bind>
<StgValue><ssdm name="_ssdm_op_Read.ap_auto.i17"/></StgValue>
</bind>
</comp>

<comp id="24" class="1001" name="const_24">
<pin_list>
<pin id="25" dir="1" index="0" bw="1" slack="2147483647"/>
</pin_list>
<bind>
<StgValue><ssdm name="_ssdm_op_SpecInterface"/></StgValue>
</bind>
</comp>

<comp id="26" class="1001" name="const_26">
<pin_list>
<pin id="27" dir="1" index="0" bw="1" slack="2147483647"/>
</pin_list>
<bind>
<StgValue><ssdm name="empty_20"/></StgValue>
</bind>
</comp>

<comp id="28" class="1001" name="const_28">
<pin_list>
<pin id="29" dir="1" index="0" bw="1" slack="0"/>
</pin_list>
<bind>
<StgValue><ssdm name=""/></StgValue>
</bind>
</comp>

<comp id="30" class="1001" name="const_30">
<pin_list>
<pin id="31" dir="1" index="0" bw="1" slack="2147483647"/>
</pin_list>
<bind>
<StgValue><ssdm name="empty_8"/></StgValue>
</bind>
</comp>

<comp id="32" class="1001" name="const_32">
<pin_list>
<pin id="33" dir="1" index="0" bw="1" slack="2147483647"/>
</pin_list>
<bind>
<StgValue><ssdm name=""/></StgValue>
</bind>
</comp>

<comp id="34" class="1001" name="const_34">
<pin_list>
<pin id="35" dir="1" index="0" bw="1" slack="2147483647"/>
</pin_list>
<bind>
<StgValue><ssdm name="empty_0"/></StgValue>
</bind>
</comp>

<comp id="36" class="1001" name="const_36">
<pin_list>
<pin id="37" dir="1" index="0" bw="1" slack="2147483647"/>
</pin_list>
<bind>
<StgValue><ssdm name="empty_1"/></StgValue>
</bind>
</comp>

<comp id="38" class="1001" name="const_38">
<pin_list>
<pin id="39" dir="1" index="0" bw="1" slack="2147483647"/>
</pin_list>
<bind>
<StgValue><ssdm name=""/></StgValue>
</bind>
</comp>

<comp id="40" class="1001" name="const_40">
<pin_list>
<pin id="41" dir="1" index="0" bw="1" slack="2147483647"/>
</pin_list>
<bind>
<StgValue><ssdm name=""/></StgValue>
</bind>
</comp>

<comp id="42" class="1001" name="const_42">
<pin_list>
<pin id="43" dir="1" index="0" bw="1" slack="2147483647"/>
</pin_list>
<bind>
<StgValue><ssdm name=""/></StgValue>
</bind>
</comp>

<comp id="44" class="1001" name="const_44">
<pin_list>
<pin id="45" dir="1" index="0" bw="1" slack="2147483647"/>
</pin_list>
<bind>
<StgValue><ssdm name=""/></StgValue>
</bind>
</comp>

<comp id="46" class="1001" name="const_46">
<pin_list>
<pin id="47" dir="1" index="0" bw="1" slack="0"/>
</pin_list>
<bind>
<StgValue><ssdm name=""/></StgValue>
</bind>
</comp>

<comp id="48" class="1001" name="const_48">
<pin_list>
<pin id="49" dir="1" index="0" bw="1" slack="0"/>
</pin_list>
<bind>
<StgValue><ssdm name=""/></StgValue>
</bind>
</comp>

<comp id="50" class="1001" name="const_50">
<pin_list>
<pin id="51" dir="1" index="0" bw="1" slack="0"/>
</pin_list>
<bind>
<StgValue><ssdm name=""/></StgValue>
</bind>
</comp>

<comp id="52" class="1001" name="const_52">
<pin_list>
<pin id="53" dir="1" index="0" bw="1" slack="2147483647"/>
</pin_list>
<bind>
<StgValue><ssdm name="_ssdm_op_SpecBitsMap"/></StgValue>
</bind>
</comp>

<comp id="54" class="1001" name="const_54">
<pin_list>
<pin id="55" dir="1" index="0" bw="1" slack="0"/>
</pin_list>
<bind>
<StgValue><ssdm name="_ssdm_op_Read.m_axi.p1i32"/></StgValue>
</bind>
</comp>

<comp id="56" class="1001" name="const_56">
<pin_list>
<pin id="57" dir="1" index="0" bw="1" slack="2147483647"/>
</pin_list>
<bind>
<StgValue><ssdm name=""/></StgValue>
</bind>
</comp>

<comp id="58" class="1001" name="const_58">
<pin_list>
<pin id="59" dir="1" index="0" bw="1" slack="2147483647"/>
</pin_list>
<bind>
<StgValue><ssdm name=""/></StgValue>
</bind>
</comp>

<comp id="60" class="1001" name="const_60">
<pin_list>
<pin id="61" dir="1" index="0" bw="1" slack="2147483647"/>
</pin_list>
<bind>
<StgValue><ssdm name=""/></StgValue>
</bind>
</comp>

<comp id="62" class="1001" name="const_62">
<pin_list>
<pin id="63" dir="1" index="0" bw="1" slack="0"/>
</pin_list>
<bind>
<StgValue><ssdm name=""/></StgValue>
</bind>
</comp>

<comp id="64" class="1001" name="const_64">
<pin_list>
<pin id="65" dir="1" index="0" bw="1" slack="2147483647"/>
</pin_list>
<bind>
<StgValue><ssdm name="_ssdm_op_SpecPipeline"/></StgValue>
</bind>
</comp>

<comp id="66" class="1001" name="const_66">
<pin_list>
<pin id="67" dir="1" index="0" bw="1" slack="2147483647"/>
</pin_list>
<bind>
<StgValue><ssdm name="_ssdm_op_SpecLoopTripCount"/></StgValue>
</bind>
</comp>

<comp id="68" class="1001" name="const_68">
<pin_list>
<pin id="69" dir="1" index="0" bw="1" slack="2147483647"/>
</pin_list>
<bind>
<StgValue><ssdm name=""/></StgValue>
</bind>
</comp>

<comp id="70" class="1001" name="const_70">
<pin_list>
<pin id="71" dir="1" index="0" bw="1" slack="2147483647"/>
</pin_list>
<bind>
<StgValue><ssdm name=""/></StgValue>
</bind>
</comp>

<comp id="72" class="1001" name="const_72">
<pin_list>
<pin id="73" dir="1" index="0" bw="1" slack="2147483647"/>
</pin_list>
<bind>
<StgValue><ssdm name="_ssdm_op_SpecLoopName"/></StgValue>
</bind>
</comp>

<comp id="74" class="1001" name="const_74">
<pin_list>
<pin id="75" dir="1" index="0" bw="1" slack="2147483647"/>
</pin_list>
<bind>
<StgValue><ssdm name="empty_17"/></StgValue>
</bind>
</comp>

<comp id="76" class="1004" name="r_fu_76">
<pin_list>
<pin id="77" dir="0" index="0" bw="1" slack="0"/>
<pin id="78" dir="1" index="1" bw="16" slack="0"/>
</pin_list>
<bind>
<opcode="alloca(26) " fcode="alloca"/>
<opset="r/1 "/>
</bind>
</comp>

<comp id="80" class="1004" name="c_fu_80">
<pin_list>
<pin id="81" dir="0" index="0" bw="1" slack="0"/>
<pin id="82" dir="1" index="1" bw="16" slack="0"/>
</pin_list>
<bind>
<opcode="alloca(26) " fcode="alloca"/>
<opset="c/1 "/>
</bind>
</comp>

<comp id="84" class="1004" name="n_fu_84">
<pin_list>
<pin id="85" dir="0" index="0" bw="1" slack="0"/>
<pin id="86" dir="1" index="1" bw="17" slack="0"/>
</pin_list>
<bind>
<opcode="alloca(26) " fcode="alloca"/>
<opset="n/1 "/>
</bind>
</comp>

<comp id="88" class="1004" name="sext_ln106_read_read_fu_88">
<pin_list>
<pin id="89" dir="0" index="0" bw="30" slack="0"/>
<pin id="90" dir="0" index="1" bw="30" slack="0"/>
<pin id="91" dir="1" index="2" bw="30" slack="0"/>
</pin_list>
<bind>
<opcode="read(1150) " fcode="read"/>
<opset="sext_ln106_read/1 "/>
</bind>
</comp>

<comp id="94" class="1004" name="sub_i44_cast_read_read_fu_94">
<pin_list>
<pin id="95" dir="0" index="0" bw="15" slack="0"/>
<pin id="96" dir="0" index="1" bw="15" slack="0"/>
<pin id="97" dir="1" index="2" bw="15" slack="0"/>
</pin_list>
<bind>
<opcode="read(1150) " fcode="read"/>
<opset="sub_i44_cast_read/1 "/>
</bind>
</comp>

<comp id="100" class="1004" name="stride_a_read_read_fu_100">
<pin_list>
<pin id="101" dir="0" index="0" bw="17" slack="0"/>
<pin id="102" dir="0" index="1" bw="17" slack="0"/>
<pin id="103" dir="1" index="2" bw="17" slack="0"/>
</pin_list>
<bind>
<opcode="read(1150) " fcode="read"/>
<opset="stride_a_read/1 "/>
</bind>
</comp>

<comp id="106" class="1004" name="aw_addr_read_read_fu_106">
<pin_list>
<pin id="107" dir="0" index="0" bw="32" slack="0"/>
<pin id="108" dir="0" index="1" bw="32" slack="0"/>
<pin id="109" dir="1" index="2" bw="32" slack="1"/>
</pin_list>
<bind>
<opcode="read(1150) " fcode="read"/>
<opset="aw_addr_read/2 "/>
</bind>
</comp>

<comp id="111" class="1004" name="a_buf_addr_gep_fu_111">
<pin_list>
<pin id="112" dir="0" index="0" bw="32" slack="0"/>
<pin id="113" dir="0" index="1" bw="1" slack="0"/>
<pin id="114" dir="0" index="2" bw="16" slack="0"/>
<pin id="115" dir="1" index="3" bw="6" slack="0"/>
</pin_list>
<bind>
<opcode="getelementptr(29) " fcode="getelementptr"/>
<opset="a_buf_addr/3 "/>
</bind>
</comp>

<comp id="118" class="1004" name="a_buf_1_addr_gep_fu_118">
<pin_list>
<pin id="119" dir="0" index="0" bw="32" slack="0"/>
<pin id="120" dir="0" index="1" bw="1" slack="0"/>
<pin id="121" dir="0" index="2" bw="16" slack="0"/>
<pin id="122" dir="1" index="3" bw="6" slack="0"/>
</pin_list>
<bind>
<opcode="getelementptr(29) " fcode="getelementptr"/>
<opset="a_buf_1_addr/3 "/>
</bind>
</comp>

<comp id="125" class="1004" name="a_buf_2_addr_gep_fu_125">
<pin_list>
<pin id="126" dir="0" index="0" bw="32" slack="0"/>
<pin id="127" dir="0" index="1" bw="1" slack="0"/>
<pin id="128" dir="0" index="2" bw="16" slack="0"/>
<pin id="129" dir="1" index="3" bw="6" slack="0"/>
</pin_list>
<bind>
<opcode="getelementptr(29) " fcode="getelementptr"/>
<opset="a_buf_2_addr/3 "/>
</bind>
</comp>

<comp id="132" class="1004" name="a_buf_3_addr_gep_fu_132">
<pin_list>
<pin id="133" dir="0" index="0" bw="32" slack="0"/>
<pin id="134" dir="0" index="1" bw="1" slack="0"/>
<pin id="135" dir="0" index="2" bw="16" slack="0"/>
<pin id="136" dir="1" index="3" bw="6" slack="0"/>
</pin_list>
<bind>
<opcode="getelementptr(29) " fcode="getelementptr"/>
<opset="a_buf_3_addr/3 "/>
</bind>
</comp>

<comp id="139" class="1004" name="store_ln109_access_fu_139">
<pin_list>
<pin id="140" dir="0" index="0" bw="6" slack="0"/>
<pin id="141" dir="0" index="1" bw="32" slack="1"/>
<pin id="142" dir="0" index="2" bw="0" slack="2147483647"/>
<pin id="143" dir="1" index="3" bw="32" slack="2147483647"/>
</pin_list>
<bind>
<opcode="store(28) " fcode="store"/>
<opset="store_ln109/3 "/>
</bind>
</comp>

<comp id="145" class="1004" name="store_ln109_access_fu_145">
<pin_list>
<pin id="146" dir="0" index="0" bw="6" slack="0"/>
<pin id="147" dir="0" index="1" bw="32" slack="1"/>
<pin id="148" dir="0" index="2" bw="0" slack="2147483647"/>
<pin id="149" dir="1" index="3" bw="32" slack="2147483647"/>
</pin_list>
<bind>
<opcode="store(28) " fcode="store"/>
<opset="store_ln109/3 "/>
</bind>
</comp>

<comp id="151" class="1004" name="store_ln109_access_fu_151">
<pin_list>
<pin id="152" dir="0" index="0" bw="6" slack="0"/>
<pin id="153" dir="0" index="1" bw="32" slack="1"/>
<pin id="154" dir="0" index="2" bw="0" slack="2147483647"/>
<pin id="155" dir="1" index="3" bw="32" slack="2147483647"/>
</pin_list>
<bind>
<opcode="store(28) " fcode="store"/>
<opset="store_ln109/3 "/>
</bind>
</comp>

<comp id="157" class="1004" name="store_ln109_access_fu_157">
<pin_list>
<pin id="158" dir="0" index="0" bw="6" slack="0"/>
<pin id="159" dir="0" index="1" bw="32" slack="1"/>
<pin id="160" dir="0" index="2" bw="0" slack="2147483647"/>
<pin id="161" dir="1" index="3" bw="32" slack="2147483647"/>
</pin_list>
<bind>
<opcode="store(28) " fcode="store"/>
<opset="store_ln109/3 "/>
</bind>
</comp>

<comp id="163" class="1004" name="sext_ln106_cast_fu_163">
<pin_list>
<pin id="164" dir="0" index="0" bw="30" slack="0"/>
<pin id="165" dir="1" index="1" bw="32" slack="1"/>
</pin_list>
<bind>
<opcode="sext(35) " fcode="sext"/>
<opset="sext_ln106_cast/1 "/>
</bind>
</comp>

<comp id="167" class="1004" name="sub_i44_cast_cast_fu_167">
<pin_list>
<pin id="168" dir="0" index="0" bw="15" slack="0"/>
<pin id="169" dir="1" index="1" bw="17" slack="1"/>
</pin_list>
<bind>
<opcode="sext(35) " fcode="sext"/>
<opset="sub_i44_cast_cast/1 "/>
</bind>
</comp>

<comp id="171" class="1004" name="store_ln106_store_fu_171">
<pin_list>
<pin id="172" dir="0" index="0" bw="1" slack="0"/>
<pin id="173" dir="0" index="1" bw="17" slack="0"/>
<pin id="174" dir="1" index="2" bw="0" slack="2147483647"/>
</pin_list>
<bind>
<opcode="store(28) " fcode="store"/>
<opset="store_ln106/1 "/>
</bind>
</comp>

<comp id="176" class="1004" name="store_ln103_store_fu_176">
<pin_list>
<pin id="177" dir="0" index="0" bw="1" slack="0"/>
<pin id="178" dir="0" index="1" bw="16" slack="0"/>
<pin id="179" dir="1" index="2" bw="0" slack="2147483647"/>
</pin_list>
<bind>
<opcode="store(28) " fcode="store"/>
<opset="store_ln103/1 "/>
</bind>
</comp>

<comp id="181" class="1004" name="store_ln103_store_fu_181">
<pin_list>
<pin id="182" dir="0" index="0" bw="1" slack="0"/>
<pin id="183" dir="0" index="1" bw="16" slack="0"/>
<pin id="184" dir="1" index="2" bw="0" slack="2147483647"/>
</pin_list>
<bind>
<opcode="store(28) " fcode="store"/>
<opset="store_ln103/1 "/>
</bind>
</comp>

<comp id="186" class="1004" name="n_1_load_fu_186">
<pin_list>
<pin id="187" dir="0" index="0" bw="17" slack="0"/>
<pin id="188" dir="1" index="1" bw="17" slack="0"/>
</pin_list>
<bind>
<opcode="load(27) " fcode="load"/>
<opset="n_1/1 "/>
</bind>
</comp>

<comp id="189" class="1004" name="icmp_ln106_fu_189">
<pin_list>
<pin id="190" dir="0" index="0" bw="17" slack="0"/>
<pin id="191" dir="0" index="1" bw="17" slack="0"/>
<pin id="192" dir="1" index="2" bw="1" slack="1"/>
</pin_list>
<bind>
<opcode="icmp(45) " fcode="icmp"/>
<opset="icmp_ln106/1 "/>
</bind>
</comp>

<comp id="195" class="1004" name="add_ln106_fu_195">
<pin_list>
<pin id="196" dir="0" index="0" bw="17" slack="0"/>
<pin id="197" dir="0" index="1" bw="1" slack="0"/>
<pin id="198" dir="1" index="2" bw="17" slack="0"/>
</pin_list>
<bind>
<opcode="add(8) " fcode="add"/>
<opset="add_ln106/1 "/>
</bind>
</comp>

<comp id="201" class="1004" name="store_ln106_store_fu_201">
<pin_list>
<pin id="202" dir="0" index="0" bw="17" slack="0"/>
<pin id="203" dir="0" index="1" bw="17" slack="0"/>
<pin id="204" dir="1" index="2" bw="0" slack="2147483647"/>
</pin_list>
<bind>
<opcode="store(28) " fcode="store"/>
<opset="store_ln106/1 "/>
</bind>
</comp>

<comp id="206" class="1004" name="r_3_load_fu_206">
<pin_list>
<pin id="207" dir="0" index="0" bw="16" slack="1"/>
<pin id="208" dir="1" index="1" bw="16" slack="0"/>
</pin_list>
<bind>
<opcode="load(27) " fcode="load"/>
<opset="r_3/2 "/>
</bind>
</comp>

<comp id="209" class="1004" name="c_3_load_fu_209">
<pin_list>
<pin id="210" dir="0" index="0" bw="16" slack="1"/>
<pin id="211" dir="1" index="1" bw="16" slack="0"/>
</pin_list>
<bind>
<opcode="load(27) " fcode="load"/>
<opset="c_3/2 "/>
</bind>
</comp>

<comp id="212" class="1004" name="aw_addr_fu_212">
<pin_list>
<pin id="213" dir="0" index="0" bw="32" slack="0"/>
<pin id="214" dir="0" index="1" bw="32" slack="1"/>
<pin id="215" dir="1" index="2" bw="32" slack="0"/>
</pin_list>
<bind>
<opcode="getelementptr(29) " fcode="getelementptr"/>
<opset="aw_addr/2 "/>
</bind>
</comp>

<comp id="218" class="1004" name="trunc_ln103_fu_218">
<pin_list>
<pin id="219" dir="0" index="0" bw="16" slack="0"/>
<pin id="220" dir="1" index="1" bw="2" slack="1"/>
</pin_list>
<bind>
<opcode="trunc(33) " fcode="trunc"/>
<opset="trunc_ln103/2 "/>
</bind>
</comp>

<comp id="222" class="1004" name="zext_ln109_1_fu_222">
<pin_list>
<pin id="223" dir="0" index="0" bw="16" slack="0"/>
<pin id="224" dir="1" index="1" bw="17" slack="0"/>
</pin_list>
<bind>
<opcode="zext(34) " fcode="zext"/>
<opset="zext_ln109_1/2 "/>
</bind>
</comp>

<comp id="226" class="1004" name="icmp_ln110_fu_226">
<pin_list>
<pin id="227" dir="0" index="0" bw="16" slack="1"/>
<pin id="228" dir="0" index="1" bw="16" slack="0"/>
<pin id="229" dir="1" index="2" bw="1" slack="0"/>
</pin_list>
<bind>
<opcode="icmp(45) " fcode="icmp"/>
<opset="icmp_ln110/2 "/>
</bind>
</comp>

<comp id="231" class="1004" name="r_4_fu_231">
<pin_list>
<pin id="232" dir="0" index="0" bw="16" slack="0"/>
<pin id="233" dir="0" index="1" bw="1" slack="0"/>
<pin id="234" dir="1" index="2" bw="16" slack="0"/>
</pin_list>
<bind>
<opcode="add(8) " fcode="add"/>
<opset="r_4/2 "/>
</bind>
</comp>

<comp id="237" class="1004" name="c_4_fu_237">
<pin_list>
<pin id="238" dir="0" index="0" bw="16" slack="0"/>
<pin id="239" dir="0" index="1" bw="1" slack="0"/>
<pin id="240" dir="1" index="2" bw="16" slack="0"/>
</pin_list>
<bind>
<opcode="add(8) " fcode="add"/>
<opset="c_4/2 "/>
</bind>
</comp>

<comp id="243" class="1004" name="r_5_fu_243">
<pin_list>
<pin id="244" dir="0" index="0" bw="1" slack="0"/>
<pin id="245" dir="0" index="1" bw="16" slack="0"/>
<pin id="246" dir="0" index="2" bw="16" slack="0"/>
<pin id="247" dir="1" index="3" bw="16" slack="0"/>
</pin_list>
<bind>
<opcode="select(49) " fcode="select"/>
<opset="r_5/2 "/>
</bind>
</comp>

<comp id="251" class="1004" name="c_5_fu_251">
<pin_list>
<pin id="252" dir="0" index="0" bw="1" slack="0"/>
<pin id="253" dir="0" index="1" bw="16" slack="0"/>
<pin id="254" dir="0" index="2" bw="16" slack="0"/>
<pin id="255" dir="1" index="3" bw="16" slack="0"/>
</pin_list>
<bind>
<opcode="select(49) " fcode="select"/>
<opset="c_5/2 "/>
</bind>
</comp>

<comp id="259" class="1004" name="store_ln103_store_fu_259">
<pin_list>
<pin id="260" dir="0" index="0" bw="16" slack="0"/>
<pin id="261" dir="0" index="1" bw="16" slack="1"/>
<pin id="262" dir="1" index="2" bw="0" slack="2147483647"/>
</pin_list>
<bind>
<opcode="store(28) " fcode="store"/>
<opset="store_ln103/2 "/>
</bind>
</comp>

<comp id="264" class="1004" name="store_ln103_store_fu_264">
<pin_list>
<pin id="265" dir="0" index="0" bw="16" slack="0"/>
<pin id="266" dir="0" index="1" bw="16" slack="1"/>
<pin id="267" dir="1" index="2" bw="0" slack="2147483647"/>
</pin_list>
<bind>
<opcode="store(28) " fcode="store"/>
<opset="store_ln103/2 "/>
</bind>
</comp>

<comp id="269" class="1004" name="zext_ln109_fu_269">
<pin_list>
<pin id="270" dir="0" index="0" bw="16" slack="1"/>
<pin id="271" dir="1" index="1" bw="32" slack="0"/>
</pin_list>
<bind>
<opcode="zext(34) " fcode="zext"/>
<opset="zext_ln109/3 "/>
</bind>
</comp>

<comp id="276" class="1005" name="r_reg_276">
<pin_list>
<pin id="277" dir="0" index="0" bw="16" slack="0"/>
<pin id="278" dir="1" index="1" bw="16" slack="0"/>
</pin_list>
<bind>
<opset="r "/>
</bind>
</comp>

<comp id="283" class="1005" name="c_reg_283">
<pin_list>
<pin id="284" dir="0" index="0" bw="16" slack="0"/>
<pin id="285" dir="1" index="1" bw="16" slack="0"/>
</pin_list>
<bind>
<opset="c "/>
</bind>
</comp>

<comp id="290" class="1005" name="n_reg_290">
<pin_list>
<pin id="291" dir="0" index="0" bw="17" slack="0"/>
<pin id="292" dir="1" index="1" bw="17" slack="0"/>
</pin_list>
<bind>
<opset="n "/>
</bind>
</comp>

<comp id="297" class="1005" name="sext_ln106_cast_reg_297">
<pin_list>
<pin id="298" dir="0" index="0" bw="32" slack="1"/>
<pin id="299" dir="1" index="1" bw="32" slack="1"/>
</pin_list>
<bind>
<opset="sext_ln106_cast "/>
</bind>
</comp>

<comp id="302" class="1005" name="sub_i44_cast_cast_reg_302">
<pin_list>
<pin id="303" dir="0" index="0" bw="17" slack="1"/>
<pin id="304" dir="1" index="1" bw="17" slack="1"/>
</pin_list>
<bind>
<opset="sub_i44_cast_cast "/>
</bind>
</comp>

<comp id="307" class="1005" name="icmp_ln106_reg_307">
<pin_list>
<pin id="308" dir="0" index="0" bw="1" slack="1"/>
<pin id="309" dir="1" index="1" bw="1" slack="2147483647"/>
</pin_list>
<bind>
<opset="icmp_ln106 "/>
</bind>
</comp>

<comp id="311" class="1005" name="c_3_reg_311">
<pin_list>
<pin id="312" dir="0" index="0" bw="16" slack="1"/>
<pin id="313" dir="1" index="1" bw="16" slack="1"/>
</pin_list>
<bind>
<opset="c_3 "/>
</bind>
</comp>

<comp id="316" class="1005" name="trunc_ln103_reg_316">
<pin_list>
<pin id="317" dir="0" index="0" bw="2" slack="1"/>
<pin id="318" dir="1" index="1" bw="2" slack="2147483647"/>
</pin_list>
<bind>
<opset="trunc_ln103 "/>
</bind>
</comp>

<comp id="320" class="1005" name="aw_addr_read_reg_320">
<pin_list>
<pin id="321" dir="0" index="0" bw="32" slack="1"/>
<pin id="322" dir="1" index="1" bw="32" slack="1"/>
</pin_list>
<bind>
<opset="aw_addr_read "/>
</bind>
</comp>

</comp_list>

<net_list>
<net id="79"><net_src comp="16" pin="0"/><net_sink comp="76" pin=0"/></net>

<net id="83"><net_src comp="16" pin="0"/><net_sink comp="80" pin=0"/></net>

<net id="87"><net_src comp="16" pin="0"/><net_sink comp="84" pin=0"/></net>

<net id="92"><net_src comp="18" pin="0"/><net_sink comp="88" pin=0"/></net>

<net id="93"><net_src comp="6" pin="0"/><net_sink comp="88" pin=1"/></net>

<net id="98"><net_src comp="20" pin="0"/><net_sink comp="94" pin=0"/></net>

<net id="99"><net_src comp="4" pin="0"/><net_sink comp="94" pin=1"/></net>

<net id="104"><net_src comp="22" pin="0"/><net_sink comp="100" pin=0"/></net>

<net id="105"><net_src comp="2" pin="0"/><net_sink comp="100" pin=1"/></net>

<net id="110"><net_src comp="54" pin="0"/><net_sink comp="106" pin=0"/></net>

<net id="116"><net_src comp="14" pin="0"/><net_sink comp="111" pin=0"/></net>

<net id="117"><net_src comp="28" pin="0"/><net_sink comp="111" pin=1"/></net>

<net id="123"><net_src comp="12" pin="0"/><net_sink comp="118" pin=0"/></net>

<net id="124"><net_src comp="28" pin="0"/><net_sink comp="118" pin=1"/></net>

<net id="130"><net_src comp="10" pin="0"/><net_sink comp="125" pin=0"/></net>

<net id="131"><net_src comp="28" pin="0"/><net_sink comp="125" pin=1"/></net>

<net id="137"><net_src comp="8" pin="0"/><net_sink comp="132" pin=0"/></net>

<net id="138"><net_src comp="28" pin="0"/><net_sink comp="132" pin=1"/></net>

<net id="144"><net_src comp="125" pin="3"/><net_sink comp="139" pin=0"/></net>

<net id="150"><net_src comp="118" pin="3"/><net_sink comp="145" pin=0"/></net>

<net id="156"><net_src comp="111" pin="3"/><net_sink comp="151" pin=0"/></net>

<net id="162"><net_src comp="132" pin="3"/><net_sink comp="157" pin=0"/></net>

<net id="166"><net_src comp="88" pin="2"/><net_sink comp="163" pin=0"/></net>

<net id="170"><net_src comp="94" pin="2"/><net_sink comp="167" pin=0"/></net>

<net id="175"><net_src comp="46" pin="0"/><net_sink comp="171" pin=0"/></net>

<net id="180"><net_src comp="48" pin="0"/><net_sink comp="176" pin=0"/></net>

<net id="185"><net_src comp="48" pin="0"/><net_sink comp="181" pin=0"/></net>

<net id="193"><net_src comp="186" pin="1"/><net_sink comp="189" pin=0"/></net>

<net id="194"><net_src comp="100" pin="2"/><net_sink comp="189" pin=1"/></net>

<net id="199"><net_src comp="186" pin="1"/><net_sink comp="195" pin=0"/></net>

<net id="200"><net_src comp="50" pin="0"/><net_sink comp="195" pin=1"/></net>

<net id="205"><net_src comp="195" pin="2"/><net_sink comp="201" pin=0"/></net>

<net id="216"><net_src comp="0" pin="0"/><net_sink comp="212" pin=0"/></net>

<net id="217"><net_src comp="212" pin="2"/><net_sink comp="106" pin=1"/></net>

<net id="221"><net_src comp="206" pin="1"/><net_sink comp="218" pin=0"/></net>

<net id="225"><net_src comp="209" pin="1"/><net_sink comp="222" pin=0"/></net>

<net id="230"><net_src comp="222" pin="1"/><net_sink comp="226" pin=1"/></net>

<net id="235"><net_src comp="206" pin="1"/><net_sink comp="231" pin=0"/></net>

<net id="236"><net_src comp="62" pin="0"/><net_sink comp="231" pin=1"/></net>

<net id="241"><net_src comp="209" pin="1"/><net_sink comp="237" pin=0"/></net>

<net id="242"><net_src comp="62" pin="0"/><net_sink comp="237" pin=1"/></net>

<net id="248"><net_src comp="226" pin="2"/><net_sink comp="243" pin=0"/></net>

<net id="249"><net_src comp="231" pin="2"/><net_sink comp="243" pin=1"/></net>

<net id="250"><net_src comp="206" pin="1"/><net_sink comp="243" pin=2"/></net>

<net id="256"><net_src comp="226" pin="2"/><net_sink comp="251" pin=0"/></net>

<net id="257"><net_src comp="48" pin="0"/><net_sink comp="251" pin=1"/></net>

<net id="258"><net_src comp="237" pin="2"/><net_sink comp="251" pin=2"/></net>

<net id="263"><net_src comp="251" pin="3"/><net_sink comp="259" pin=0"/></net>

<net id="268"><net_src comp="243" pin="3"/><net_sink comp="264" pin=0"/></net>

<net id="272"><net_src comp="269" pin="1"/><net_sink comp="111" pin=2"/></net>

<net id="273"><net_src comp="269" pin="1"/><net_sink comp="118" pin=2"/></net>

<net id="274"><net_src comp="269" pin="1"/><net_sink comp="125" pin=2"/></net>

<net id="275"><net_src comp="269" pin="1"/><net_sink comp="132" pin=2"/></net>

<net id="279"><net_src comp="76" pin="1"/><net_sink comp="276" pin=0"/></net>

<net id="280"><net_src comp="276" pin="1"/><net_sink comp="181" pin=1"/></net>

<net id="281"><net_src comp="276" pin="1"/><net_sink comp="206" pin=0"/></net>

<net id="282"><net_src comp="276" pin="1"/><net_sink comp="264" pin=1"/></net>

<net id="286"><net_src comp="80" pin="1"/><net_sink comp="283" pin=0"/></net>

<net id="287"><net_src comp="283" pin="1"/><net_sink comp="176" pin=1"/></net>

<net id="288"><net_src comp="283" pin="1"/><net_sink comp="209" pin=0"/></net>

<net id="289"><net_src comp="283" pin="1"/><net_sink comp="259" pin=1"/></net>

<net id="293"><net_src comp="84" pin="1"/><net_sink comp="290" pin=0"/></net>

<net id="294"><net_src comp="290" pin="1"/><net_sink comp="171" pin=1"/></net>

<net id="295"><net_src comp="290" pin="1"/><net_sink comp="186" pin=0"/></net>

<net id="296"><net_src comp="290" pin="1"/><net_sink comp="201" pin=1"/></net>

<net id="300"><net_src comp="163" pin="1"/><net_sink comp="297" pin=0"/></net>

<net id="301"><net_src comp="297" pin="1"/><net_sink comp="212" pin=1"/></net>

<net id="305"><net_src comp="167" pin="1"/><net_sink comp="302" pin=0"/></net>

<net id="306"><net_src comp="302" pin="1"/><net_sink comp="226" pin=0"/></net>

<net id="310"><net_src comp="189" pin="2"/><net_sink comp="307" pin=0"/></net>

<net id="314"><net_src comp="209" pin="1"/><net_sink comp="311" pin=0"/></net>

<net id="315"><net_src comp="311" pin="1"/><net_sink comp="269" pin=0"/></net>

<net id="319"><net_src comp="218" pin="1"/><net_sink comp="316" pin=0"/></net>

<net id="323"><net_src comp="106" pin="2"/><net_sink comp="320" pin=0"/></net>

<net id="324"><net_src comp="320" pin="1"/><net_sink comp="139" pin=1"/></net>

<net id="325"><net_src comp="320" pin="1"/><net_sink comp="145" pin=1"/></net>

<net id="326"><net_src comp="320" pin="1"/><net_sink comp="151" pin=1"/></net>

<net id="327"><net_src comp="320" pin="1"/><net_sink comp="157" pin=1"/></net>

</net_list>

</model> 
---------------- Datapath Model END ------------------

* FSMD analyzer results:
  - Output states:
	Port: aw | {}
	Port: a_buf_3 | {3 }
	Port: a_buf_2 | {3 }
	Port: a_buf_1 | {3 }
	Port: a_buf | {3 }
 - Input state : 
	Port: mxm_execute_ursa_Pipeline_LOAD_A : aw | {2 }
	Port: mxm_execute_ursa_Pipeline_LOAD_A : stride_a | {1 }
	Port: mxm_execute_ursa_Pipeline_LOAD_A : sub_i44_cast | {1 }
	Port: mxm_execute_ursa_Pipeline_LOAD_A : sext_ln106 | {1 }
  - Chain level:
	State 1
		store_ln106 : 1
		store_ln103 : 1
		store_ln103 : 1
		n_1 : 1
		icmp_ln106 : 2
		add_ln106 : 2
		br_ln106 : 3
		store_ln106 : 3
	State 2
		trunc_ln103 : 1
		zext_ln109_1 : 1
		aw_addr_read : 1
		switch_ln109 : 2
		icmp_ln110 : 2
		r_4 : 1
		c_4 : 1
		r_5 : 3
		c_5 : 3
		store_ln103 : 4
		store_ln103 : 4
	State 3
		a_buf_addr : 1
		a_buf_1_addr : 1
		a_buf_2_addr : 1
		a_buf_3_addr : 1
		store_ln109 : 2
		store_ln109 : 2
		store_ln109 : 2
		store_ln109 : 2


============================================================
+ Verbose Summary: Datapath Resource usage 
============================================================

* Functional unit list:
|----------|------------------------------|---------|---------|
| Operation|        Functional Unit       |    FF   |   LUT   |
|----------|------------------------------|---------|---------|
|          |       add_ln106_fu_195       |    0    |    24   |
|    add   |          r_4_fu_231          |    0    |    23   |
|          |          c_4_fu_237          |    0    |    23   |
|----------|------------------------------|---------|---------|
|   icmp   |       icmp_ln106_fu_189      |    0    |    24   |
|          |       icmp_ln110_fu_226      |    0    |    23   |
|----------|------------------------------|---------|---------|
|  select  |          r_5_fu_243          |    0    |    16   |
|          |          c_5_fu_251          |    0    |    16   |
|----------|------------------------------|---------|---------|
|          |  sext_ln106_read_read_fu_88  |    0    |    0    |
|   read   | sub_i44_cast_read_read_fu_94 |    0    |    0    |
|          |   stride_a_read_read_fu_100  |    0    |    0    |
|          |   aw_addr_read_read_fu_106   |    0    |    0    |
|----------|------------------------------|---------|---------|
|   sext   |    sext_ln106_cast_fu_163    |    0    |    0    |
|          |   sub_i44_cast_cast_fu_167   |    0    |    0    |
|----------|------------------------------|---------|---------|
|   trunc  |      trunc_ln103_fu_218      |    0    |    0    |
|----------|------------------------------|---------|---------|
|   zext   |      zext_ln109_1_fu_222     |    0    |    0    |
|          |       zext_ln109_fu_269      |    0    |    0    |
|----------|------------------------------|---------|---------|
|   Total  |                              |    0    |   149   |
|----------|------------------------------|---------|---------|

Memories:
N/A

* Register list:
+-------------------------+--------+
|                         |   FF   |
+-------------------------+--------+
|   aw_addr_read_reg_320  |   32   |
|       c_3_reg_311       |   16   |
|        c_reg_283        |   16   |
|    icmp_ln106_reg_307   |    1   |
|        n_reg_290        |   17   |
|        r_reg_276        |   16   |
| sext_ln106_cast_reg_297 |   32   |
|sub_i44_cast_cast_reg_302|   17   |
|   trunc_ln103_reg_316   |    2   |
+-------------------------+--------+
|          Total          |   149  |
+-------------------------+--------+

* Multiplexer (MUX) list: 
|--------|------|------|------|--------|
|  Comp  |  Pin | Size |  BW  | S x BW |
|--------|------|------|------|--------|
|  Total |      |      |      |    0   |
|--------|------|------|------|--------|



* Summary:
+-----------+--------+--------+
|           |   FF   |   LUT  |
+-----------+--------+--------+
|  Function |    0   |   149  |
|   Memory  |    -   |    -   |
|Multiplexer|    -   |    -   |
|  Register |   149  |    -   |
+-----------+--------+--------+
|   Total   |   149  |   149  |
+-----------+--------+--------+
