

================================================================
== Vitis HLS Report for 'mxm_execute_ursa_Pipeline_LOAD_B'
================================================================
* Date:           Thu Sep 24 14:32:21 2026

* Version:        2023.2 (Build 4023990 on Oct 11 2023)
* Project:        mxm_execute_ursa
* Solution:       hls (Vivado IP Flow Target)
* Product family: zynq
* Target device:  xc7z020-clg484-1


================================================================
== Performance Estimates
================================================================
+ Timing: 
    * Summary: 
    +--------+----------+----------+------------+
    |  Clock |  Target  | Estimated| Uncertainty|
    +--------+----------+----------+------------+
    |ap_clk  |  10.00 ns|  7.300 ns|     2.70 ns|
    +--------+----------+----------+------------+

+ Latency: 
    * Summary: 
    +---------+---------+----------+----------+-----+-----+---------+
    |  Latency (cycles) |  Latency (absolute) |  Interval | Pipeline|
    |   min   |   max   |    min   |    max   | min | max |   Type  |
    +---------+---------+----------+----------+-----+-----+---------+
    |       47|      155|  0.470 us|  1.550 us|   47|  155|       no|
    +---------+---------+----------+----------+-----+-----+---------+

    + Detail: 
        * Instance: 
        N/A

        * Loop: 
        +----------+---------+---------+----------+-----------+-----------+----------+----------+
        |          |  Latency (cycles) | Iteration|  Initiation Interval  |   Trip   |          |
        | Loop Name|   min   |   max   |  Latency |  achieved |   target  |   Count  | Pipelined|
        +----------+---------+---------+----------+-----------+-----------+----------+----------+
        |- LOAD_B  |       45|      153|        11|          1|          1|  36 ~ 144|       yes|
        +----------+---------+---------+----------+-----------+-----------+----------+----------+



================================================================
== Utilization Estimates
================================================================
* Summary: 
+-----------------+---------+-----+--------+-------+-----+
|       Name      | BRAM_18K| DSP |   FF   |  LUT  | URAM|
+-----------------+---------+-----+--------+-------+-----+
|DSP              |        -|    -|       -|      -|    -|
|Expression       |        -|    -|       0|    126|    -|
|FIFO             |        -|    -|       -|      -|    -|
|Instance         |        -|    -|       -|      -|    -|
|Memory           |        -|    -|       -|      -|    -|
|Multiplexer      |        -|    -|       -|     63|    -|
|Register         |        -|    -|     216|     32|    -|
+-----------------+---------+-----+--------+-------+-----+
|Total            |        0|    0|     216|    221|    0|
+-----------------+---------+-----+--------+-------+-----+
|Available        |      280|  220|  106400|  53200|    0|
+-----------------+---------+-----+--------+-------+-----+
|Utilization (%)  |        0|    0|      ~0|     ~0|    0|
+-----------------+---------+-----+--------+-------+-----+

+ Detail: 
    * Instance: 
    N/A

    * DSP: 
    N/A

    * Memory: 
    N/A

    * FIFO: 
    N/A

    * Expression: 
    +---------------------------+----------+----+---+----+------------+------------+
    |       Variable Name       | Operation| DSP| FF| LUT| Bitwidth P0| Bitwidth P1|
    +---------------------------+----------+----+---+----+------------+------------+
    |add_ln123_fu_210_p2        |         +|   0|  0|  23|          16|           1|
    |add_ln126_fu_227_p2        |         +|   0|  0|  39|          32|          32|
    |idx_1_fu_246_p2            |         +|   0|  0|  37|          30|          30|
    |icmp_ln123_fu_205_p2       |      icmp|   0|  0|  23|          16|          16|
    |ap_block_pp0_stage0_11001  |        or|   0|  0|   2|           1|           1|
    |ap_enable_pp0              |       xor|   0|  0|   2|           1|           2|
    +---------------------------+----------+----+---+----+------------+------------+
    |Total                      |          |   0|  0| 126|          96|          82|
    +---------------------------+----------+----+---+----+------------+------------+

    * Multiplexer: 
    +-------------------------+----+-----------+-----+-----------+
    |           Name          | LUT| Input Size| Bits| Total Bits|
    +-------------------------+----+-----------+-----+-----------+
    |ap_done_int              |   9|          2|    1|          2|
    |ap_enable_reg_pp0_iter1  |   9|          2|    1|          2|
    |ap_enable_reg_pp0_iter2  |   9|          2|    1|          2|
    |bi_blk_n_AR              |   9|          2|    1|          2|
    |bi_blk_n_R               |   9|          2|    1|          2|
    |idx_fu_88                |   9|          2|   30|         60|
    |k_fu_92                  |   9|          2|   16|         32|
    +-------------------------+----+-----------+-----+-----------+
    |Total                    |  63|         14|   51|        102|
    +-------------------------+----+-----------+-----+-----------+

    * Register: 
    +-----------------------------------+----+----+-----+-----------+
    |                Name               | FF | LUT| Bits| Const Bits|
    +-----------------------------------+----+----+-----+-----------+
    |ap_CS_fsm                          |   1|   0|    1|          0|
    |ap_done_reg                        |   1|   0|    1|          0|
    |ap_enable_reg_pp0_iter1            |   1|   0|    1|          0|
    |ap_enable_reg_pp0_iter10           |   1|   0|    1|          0|
    |ap_enable_reg_pp0_iter11           |   1|   0|    1|          0|
    |ap_enable_reg_pp0_iter2            |   1|   0|    1|          0|
    |ap_enable_reg_pp0_iter3            |   1|   0|    1|          0|
    |ap_enable_reg_pp0_iter4            |   1|   0|    1|          0|
    |ap_enable_reg_pp0_iter5            |   1|   0|    1|          0|
    |ap_enable_reg_pp0_iter6            |   1|   0|    1|          0|
    |ap_enable_reg_pp0_iter7            |   1|   0|    1|          0|
    |ap_enable_reg_pp0_iter8            |   1|   0|    1|          0|
    |ap_enable_reg_pp0_iter9            |   1|   0|    1|          0|
    |ap_loop_exit_ready_pp0_iter10_reg  |   1|   0|    1|          0|
    |ap_loop_exit_ready_pp0_iter2_reg   |   1|   0|    1|          0|
    |ap_loop_exit_ready_pp0_iter3_reg   |   1|   0|    1|          0|
    |ap_loop_exit_ready_pp0_iter4_reg   |   1|   0|    1|          0|
    |ap_loop_exit_ready_pp0_iter5_reg   |   1|   0|    1|          0|
    |ap_loop_exit_ready_pp0_iter6_reg   |   1|   0|    1|          0|
    |ap_loop_exit_ready_pp0_iter7_reg   |   1|   0|    1|          0|
    |ap_loop_exit_ready_pp0_iter8_reg   |   1|   0|    1|          0|
    |ap_loop_exit_ready_pp0_iter9_reg   |   1|   0|    1|          0|
    |idx_fu_88                          |  30|   0|   30|          0|
    |k_fu_92                            |  16|   0|   16|          0|
    |tmp_1_reg_371                      |   8|   0|    8|          0|
    |tmp_2_reg_376                      |   8|   0|    8|          0|
    |tmp_s_reg_366                      |   8|   0|    8|          0|
    |trunc_ln129_1_reg_350              |   8|   0|    8|          0|
    |trunc_ln129_reg_361                |   8|   0|    8|          0|
    |trunc_ln4_reg_345                  |  30|   0|   30|          0|
    |zext_ln195_cast_reg_336            |  14|   0|   30|         16|
    |trunc_ln129_1_reg_350              |  64|  32|    8|          0|
    +-----------------------------------+----+----+-----+-----------+
    |Total                              | 216|  32|  176|         16|
    +-----------------------------------+----+----+-----+-----------+



================================================================
== Interface
================================================================
* Summary: 
+-------------------+-----+-----+------------+----------------------------------+--------------+
|     RTL Ports     | Dir | Bits|  Protocol  |           Source Object          |    C Type    |
+-------------------+-----+-----+------------+----------------------------------+--------------+
|ap_clk             |   in|    1|  ap_ctrl_hs|  mxm_execute_ursa_Pipeline_LOAD_B|  return value|
|ap_rst             |   in|    1|  ap_ctrl_hs|  mxm_execute_ursa_Pipeline_LOAD_B|  return value|
|ap_start           |   in|    1|  ap_ctrl_hs|  mxm_execute_ursa_Pipeline_LOAD_B|  return value|
|ap_done            |  out|    1|  ap_ctrl_hs|  mxm_execute_ursa_Pipeline_LOAD_B|  return value|
|ap_idle            |  out|    1|  ap_ctrl_hs|  mxm_execute_ursa_Pipeline_LOAD_B|  return value|
|ap_ready           |  out|    1|  ap_ctrl_hs|  mxm_execute_ursa_Pipeline_LOAD_B|  return value|
|m_axi_bi_AWVALID   |  out|    1|       m_axi|                                bi|       pointer|
|m_axi_bi_AWREADY   |   in|    1|       m_axi|                                bi|       pointer|
|m_axi_bi_AWADDR    |  out|   32|       m_axi|                                bi|       pointer|
|m_axi_bi_AWID      |  out|    1|       m_axi|                                bi|       pointer|
|m_axi_bi_AWLEN     |  out|   32|       m_axi|                                bi|       pointer|
|m_axi_bi_AWSIZE    |  out|    3|       m_axi|                                bi|       pointer|
|m_axi_bi_AWBURST   |  out|    2|       m_axi|                                bi|       pointer|
|m_axi_bi_AWLOCK    |  out|    2|       m_axi|                                bi|       pointer|
|m_axi_bi_AWCACHE   |  out|    4|       m_axi|                                bi|       pointer|
|m_axi_bi_AWPROT    |  out|    3|       m_axi|                                bi|       pointer|
|m_axi_bi_AWQOS     |  out|    4|       m_axi|                                bi|       pointer|
|m_axi_bi_AWREGION  |  out|    4|       m_axi|                                bi|       pointer|
|m_axi_bi_AWUSER    |  out|    1|       m_axi|                                bi|       pointer|
|m_axi_bi_WVALID    |  out|    1|       m_axi|                                bi|       pointer|
|m_axi_bi_WREADY    |   in|    1|       m_axi|                                bi|       pointer|
|m_axi_bi_WDATA     |  out|   32|       m_axi|                                bi|       pointer|
|m_axi_bi_WSTRB     |  out|    4|       m_axi|                                bi|       pointer|
|m_axi_bi_WLAST     |  out|    1|       m_axi|                                bi|       pointer|
|m_axi_bi_WID       |  out|    1|       m_axi|                                bi|       pointer|
|m_axi_bi_WUSER     |  out|    1|       m_axi|                                bi|       pointer|
|m_axi_bi_ARVALID   |  out|    1|       m_axi|                                bi|       pointer|
|m_axi_bi_ARREADY   |   in|    1|       m_axi|                                bi|       pointer|
|m_axi_bi_ARADDR    |  out|   32|       m_axi|                                bi|       pointer|
|m_axi_bi_ARID      |  out|    1|       m_axi|                                bi|       pointer|
|m_axi_bi_ARLEN     |  out|   32|       m_axi|                                bi|       pointer|
|m_axi_bi_ARSIZE    |  out|    3|       m_axi|                                bi|       pointer|
|m_axi_bi_ARBURST   |  out|    2|       m_axi|                                bi|       pointer|
|m_axi_bi_ARLOCK    |  out|    2|       m_axi|                                bi|       pointer|
|m_axi_bi_ARCACHE   |  out|    4|       m_axi|                                bi|       pointer|
|m_axi_bi_ARPROT    |  out|    3|       m_axi|                                bi|       pointer|
|m_axi_bi_ARQOS     |  out|    4|       m_axi|                                bi|       pointer|
|m_axi_bi_ARREGION  |  out|    4|       m_axi|                                bi|       pointer|
|m_axi_bi_ARUSER    |  out|    1|       m_axi|                                bi|       pointer|
|m_axi_bi_RVALID    |   in|    1|       m_axi|                                bi|       pointer|
|m_axi_bi_RREADY    |  out|    1|       m_axi|                                bi|       pointer|
|m_axi_bi_RDATA     |   in|   32|       m_axi|                                bi|       pointer|
|m_axi_bi_RLAST     |   in|    1|       m_axi|                                bi|       pointer|
|m_axi_bi_RID       |   in|    1|       m_axi|                                bi|       pointer|
|m_axi_bi_RFIFONUM  |   in|   10|       m_axi|                                bi|       pointer|
|m_axi_bi_RUSER     |   in|    1|       m_axi|                                bi|       pointer|
|m_axi_bi_RRESP     |   in|    2|       m_axi|                                bi|       pointer|
|m_axi_bi_BVALID    |   in|    1|       m_axi|                                bi|       pointer|
|m_axi_bi_BREADY    |  out|    1|       m_axi|                                bi|       pointer|
|m_axi_bi_BRESP     |   in|    2|       m_axi|                                bi|       pointer|
|m_axi_bi_BID       |   in|    1|       m_axi|                                bi|       pointer|
|m_axi_bi_BUSER     |   in|    1|       m_axi|                                bi|       pointer|
|zext_ln213         |   in|   14|     ap_none|                        zext_ln213|        scalar|
|select_ln123       |   in|   16|     ap_none|                      select_ln123|        scalar|
|b_buf_3_address0   |  out|    8|   ap_memory|                           b_buf_3|         array|
|b_buf_3_ce0        |  out|    1|   ap_memory|                           b_buf_3|         array|
|b_buf_3_we0        |  out|    1|   ap_memory|                           b_buf_3|         array|
|b_buf_3_d0         |  out|    8|   ap_memory|                           b_buf_3|         array|
|b_buf_2_address0   |  out|    8|   ap_memory|                           b_buf_2|         array|
|b_buf_2_ce0        |  out|    1|   ap_memory|                           b_buf_2|         array|
|b_buf_2_we0        |  out|    1|   ap_memory|                           b_buf_2|         array|
|b_buf_2_d0         |  out|    8|   ap_memory|                           b_buf_2|         array|
|b_buf_1_address0   |  out|    8|   ap_memory|                           b_buf_1|         array|
|b_buf_1_ce0        |  out|    1|   ap_memory|                           b_buf_1|         array|
|b_buf_1_we0        |  out|    1|   ap_memory|                           b_buf_1|         array|
|b_buf_1_d0         |  out|    8|   ap_memory|                           b_buf_1|         array|
|b_buf_address0     |  out|    8|   ap_memory|                             b_buf|         array|
|b_buf_ce0          |  out|    1|   ap_memory|                             b_buf|         array|
|b_buf_we0          |  out|    1|   ap_memory|                             b_buf|         array|
|b_buf_d0           |  out|    8|   ap_memory|                             b_buf|         array|
|addr_b0            |   in|   32|     ap_none|                           addr_b0|        scalar|
|zext_ln195         |   in|   14|     ap_none|                        zext_ln195|        scalar|
+-------------------+-----+-----+------------+----------------------------------+--------------+

============================================================
+ Verbose Summary: Synthesis Manager
============================================================
InlineROM: 1
ExposeGlobal: 0
============================================================
+ Verbose Summary: CDFG Model
============================================================
IsTopModel: 0
ResetActiveHigh: 1
IsCombinational: 2
IsDatapathOnly: 2
HasWiredReturn: 1
HasMFsm: 2
HasVarLatency: 1
IsPipeline: 0
IsRtlPipelined: 0
IsInstanceOverlapped: 0
IsDontTouch: 0
HasImplIP: 0
IsGatedGlobalClock: 0

+ Individual pipeline summary: 
  * Pipeline-0: initiation interval (II) = 1, depth = 12


============================================================
+ Verbose Summary: Schedule
============================================================
* Number of FSM states : 12
* Pipeline : 1
  Pipeline-0 : II = 1, D = 12, States = { 1 2 3 4 5 6 7 8 9 10 11 12 }
* Dataflow Pipeline: 0

* FSM state transitions: 
1 --> 2 
2 --> 3 
3 --> 4 
4 --> 5 
5 --> 6 
6 --> 7 
7 --> 8 
8 --> 9 
9 --> 10 
10 --> 11 
11 --> 12 
12 --> 

* FSM state operations: 

State 1 <SV = 0> <Delay = 1.58>
ST_1 : Operation 14 [1/1] (0.00ns)   --->   "%idx = alloca i32 1" [/home/ulisses/Projects/ursa/exp/output-stationary-v2/sources/vanilla/src/core/shell.cpp:121->/home/ulisses/Projects/ursa/exp/output-stationary-v2/sources/vanilla/src/core/shell.cpp:216]   --->   Operation 14 'alloca' 'idx' <Predicate = true> <Delay = 0.00>
ST_1 : Operation 15 [1/1] (0.00ns)   --->   "%k = alloca i32 1" [/home/ulisses/Projects/ursa/exp/output-stationary-v2/sources/vanilla/src/core/shell.cpp:123->/home/ulisses/Projects/ursa/exp/output-stationary-v2/sources/vanilla/src/core/shell.cpp:216]   --->   Operation 15 'alloca' 'k' <Predicate = true> <Delay = 0.00>
ST_1 : Operation 16 [1/1] (0.00ns)   --->   "%zext_ln195_read = read i14 @_ssdm_op_Read.ap_auto.i14, i14 %zext_ln195"   --->   Operation 16 'read' 'zext_ln195_read' <Predicate = true> <Delay = 0.00>
ST_1 : Operation 17 [1/1] (0.00ns)   --->   "%addr_b0_read = read i32 @_ssdm_op_Read.ap_auto.i32, i32 %addr_b0"   --->   Operation 17 'read' 'addr_b0_read' <Predicate = true> <Delay = 0.00>
ST_1 : Operation 18 [1/1] (0.00ns)   --->   "%select_ln123_read = read i16 @_ssdm_op_Read.ap_auto.i16, i16 %select_ln123"   --->   Operation 18 'read' 'select_ln123_read' <Predicate = true> <Delay = 0.00>
ST_1 : Operation 19 [1/1] (0.00ns)   --->   "%zext_ln213_read = read i14 @_ssdm_op_Read.ap_auto.i14, i14 %zext_ln213"   --->   Operation 19 'read' 'zext_ln213_read' <Predicate = true> <Delay = 0.00>
ST_1 : Operation 20 [1/1] (0.00ns)   --->   "%zext_ln195_cast = zext i14 %zext_ln195_read"   --->   Operation 20 'zext' 'zext_ln195_cast' <Predicate = true> <Delay = 0.00>
ST_1 : Operation 21 [1/1] (0.00ns)   --->   "%zext_ln213_cast = zext i14 %zext_ln213_read"   --->   Operation 21 'zext' 'zext_ln213_cast' <Predicate = true> <Delay = 0.00>
ST_1 : Operation 22 [1/1] (0.00ns)   --->   "%specinterface_ln0 = specinterface void @_ssdm_op_SpecInterface, i32 %bi, void @empty_20, i32 0, i32 0, void @empty_8, i32 0, i32 1024, void @empty_2, void @empty_1, void @empty_8, i32 8, i32 8, i32 64, i32 16, void @empty_8, void @empty_8, i32 4294967295, i32 0"   --->   Operation 22 'specinterface' 'specinterface_ln0' <Predicate = true> <Delay = 0.00>
ST_1 : Operation 23 [1/1] (1.58ns)   --->   "%store_ln123 = store i16 0, i16 %k" [/home/ulisses/Projects/ursa/exp/output-stationary-v2/sources/vanilla/src/core/shell.cpp:123->/home/ulisses/Projects/ursa/exp/output-stationary-v2/sources/vanilla/src/core/shell.cpp:216]   --->   Operation 23 'store' 'store_ln123' <Predicate = true> <Delay = 1.58>
ST_1 : Operation 24 [1/1] (1.58ns)   --->   "%store_ln121 = store i30 %zext_ln213_cast, i30 %idx" [/home/ulisses/Projects/ursa/exp/output-stationary-v2/sources/vanilla/src/core/shell.cpp:121->/home/ulisses/Projects/ursa/exp/output-stationary-v2/sources/vanilla/src/core/shell.cpp:216]   --->   Operation 24 'store' 'store_ln121' <Predicate = true> <Delay = 1.58>
ST_1 : Operation 25 [1/1] (0.00ns)   --->   "%br_ln0 = br void %VITIS_LOOP_127_1.i"   --->   Operation 25 'br' 'br_ln0' <Predicate = true> <Delay = 0.00>

State 2 <SV = 1> <Delay = 4.08>
ST_2 : Operation 26 [1/1] (0.00ns)   --->   "%k_4 = load i16 %k" [/home/ulisses/Projects/ursa/exp/output-stationary-v2/sources/vanilla/src/core/shell.cpp:129->/home/ulisses/Projects/ursa/exp/output-stationary-v2/sources/vanilla/src/core/shell.cpp:216]   --->   Operation 26 'load' 'k_4' <Predicate = true> <Delay = 0.00>
ST_2 : Operation 27 [1/1] (0.00ns)   --->   "%specbitsmap_ln0 = specbitsmap void @_ssdm_op_SpecBitsMap, i32 %bi"   --->   Operation 27 'specbitsmap' 'specbitsmap_ln0' <Predicate = true> <Delay = 0.00>
ST_2 : Operation 28 [1/1] (2.07ns)   --->   "%icmp_ln123 = icmp_eq  i16 %k_4, i16 %select_ln123_read" [/home/ulisses/Projects/ursa/exp/output-stationary-v2/sources/vanilla/src/core/shell.cpp:123->/home/ulisses/Projects/ursa/exp/output-stationary-v2/sources/vanilla/src/core/shell.cpp:216]   --->   Operation 28 'icmp' 'icmp_ln123' <Predicate = true> <Delay = 2.07> <CoreInst = "Cmp">   --->   Core 9 'Cmp' <Latency = 0> <II = 1> <Delay = 2.07> <FuncUnit> <Opcode : 'icmp'> <InPorts = 2> <OutPorts = 1>
ST_2 : Operation 29 [1/1] (2.07ns)   --->   "%add_ln123 = add i16 %k_4, i16 1" [/home/ulisses/Projects/ursa/exp/output-stationary-v2/sources/vanilla/src/core/shell.cpp:123->/home/ulisses/Projects/ursa/exp/output-stationary-v2/sources/vanilla/src/core/shell.cpp:216]   --->   Operation 29 'add' 'add_ln123' <Predicate = true> <Delay = 2.07> <CoreInst = "Adder">   --->   Core 1 'Adder' <Latency = 0> <II = 1> <Delay = 2.07> <FuncUnit> <Opcode : 'add' 'sub'> <InPorts = 2> <OutPorts = 1>
ST_2 : Operation 30 [1/1] (0.00ns)   --->   "%br_ln123 = br i1 %icmp_ln123, void %VITIS_LOOP_127_1.i.split, void %for.body33.preheader.exitStub" [/home/ulisses/Projects/ursa/exp/output-stationary-v2/sources/vanilla/src/core/shell.cpp:123->/home/ulisses/Projects/ursa/exp/output-stationary-v2/sources/vanilla/src/core/shell.cpp:216]   --->   Operation 30 'br' 'br_ln123' <Predicate = true> <Delay = 0.00>
ST_2 : Operation 31 [1/1] (0.00ns)   --->   "%idx_load = load i30 %idx" [/home/ulisses/Projects/ursa/exp/output-stationary-v2/sources/vanilla/src/core/shell.cpp:131->/home/ulisses/Projects/ursa/exp/output-stationary-v2/sources/vanilla/src/core/shell.cpp:216]   --->   Operation 31 'load' 'idx_load' <Predicate = (!icmp_ln123)> <Delay = 0.00>
ST_2 : Operation 32 [1/1] (0.00ns)   --->   "%shl_ln1 = bitconcatenate i32 @_ssdm_op_BitConcatenate.i32.i30.i2, i30 %idx_load, i2 0" [/home/ulisses/Projects/ursa/exp/output-stationary-v2/sources/vanilla/src/core/shell.cpp:126->/home/ulisses/Projects/ursa/exp/output-stationary-v2/sources/vanilla/src/core/shell.cpp:216]   --->   Operation 32 'bitconcatenate' 'shl_ln1' <Predicate = (!icmp_ln123)> <Delay = 0.00>
ST_2 : Operation 33 [1/1] (2.55ns)   --->   "%add_ln126 = add i32 %shl_ln1, i32 %addr_b0_read" [/home/ulisses/Projects/ursa/exp/output-stationary-v2/sources/vanilla/src/core/shell.cpp:126->/home/ulisses/Projects/ursa/exp/output-stationary-v2/sources/vanilla/src/core/shell.cpp:216]   --->   Operation 33 'add' 'add_ln126' <Predicate = (!icmp_ln123)> <Delay = 2.55> <CoreInst = "Adder">   --->   Core 1 'Adder' <Latency = 0> <II = 1> <Delay = 2.55> <FuncUnit> <Opcode : 'add' 'sub'> <InPorts = 2> <OutPorts = 1>
ST_2 : Operation 34 [1/1] (0.00ns)   --->   "%trunc_ln4 = partselect i30 @_ssdm_op_PartSelect.i30.i32.i32.i32, i32 %add_ln126, i32 2, i32 31" [/home/ulisses/Projects/ursa/exp/output-stationary-v2/sources/vanilla/src/core/shell.cpp:126->/home/ulisses/Projects/ursa/exp/output-stationary-v2/sources/vanilla/src/core/shell.cpp:216]   --->   Operation 34 'partselect' 'trunc_ln4' <Predicate = (!icmp_ln123)> <Delay = 0.00>
ST_2 : Operation 35 [1/1] (0.00ns)   --->   "%trunc_ln129_1 = trunc i16 %k_4" [/home/ulisses/Projects/ursa/exp/output-stationary-v2/sources/vanilla/src/core/shell.cpp:129->/home/ulisses/Projects/ursa/exp/output-stationary-v2/sources/vanilla/src/core/shell.cpp:216]   --->   Operation 35 'trunc' 'trunc_ln129_1' <Predicate = (!icmp_ln123)> <Delay = 0.00>
ST_2 : Operation 36 [1/1] (2.49ns)   --->   "%idx_1 = add i30 %zext_ln195_cast, i30 %idx_load" [/home/ulisses/Projects/ursa/exp/output-stationary-v2/sources/vanilla/src/core/shell.cpp:131->/home/ulisses/Projects/ursa/exp/output-stationary-v2/sources/vanilla/src/core/shell.cpp:216]   --->   Operation 36 'add' 'idx_1' <Predicate = (!icmp_ln123)> <Delay = 2.49> <CoreInst = "Adder">   --->   Core 1 'Adder' <Latency = 0> <II = 1> <Delay = 2.49> <FuncUnit> <Opcode : 'add' 'sub'> <InPorts = 2> <OutPorts = 1>
ST_2 : Operation 37 [1/1] (1.58ns)   --->   "%store_ln123 = store i16 %add_ln123, i16 %k" [/home/ulisses/Projects/ursa/exp/output-stationary-v2/sources/vanilla/src/core/shell.cpp:123->/home/ulisses/Projects/ursa/exp/output-stationary-v2/sources/vanilla/src/core/shell.cpp:216]   --->   Operation 37 'store' 'store_ln123' <Predicate = (!icmp_ln123)> <Delay = 1.58>
ST_2 : Operation 38 [1/1] (1.58ns)   --->   "%store_ln121 = store i30 %idx_1, i30 %idx" [/home/ulisses/Projects/ursa/exp/output-stationary-v2/sources/vanilla/src/core/shell.cpp:121->/home/ulisses/Projects/ursa/exp/output-stationary-v2/sources/vanilla/src/core/shell.cpp:216]   --->   Operation 38 'store' 'store_ln121' <Predicate = (!icmp_ln123)> <Delay = 1.58>

State 3 <SV = 2> <Delay = 7.30>
ST_3 : Operation 39 [1/1] (0.00ns)   --->   "%sext_ln126 = sext i30 %trunc_ln4" [/home/ulisses/Projects/ursa/exp/output-stationary-v2/sources/vanilla/src/core/shell.cpp:126->/home/ulisses/Projects/ursa/exp/output-stationary-v2/sources/vanilla/src/core/shell.cpp:216]   --->   Operation 39 'sext' 'sext_ln126' <Predicate = true> <Delay = 0.00>
ST_3 : Operation 40 [1/1] (0.00ns)   --->   "%bi_addr = getelementptr i32 %bi, i32 %sext_ln126" [/home/ulisses/Projects/ursa/exp/output-stationary-v2/sources/vanilla/src/core/shell.cpp:126->/home/ulisses/Projects/ursa/exp/output-stationary-v2/sources/vanilla/src/core/shell.cpp:216]   --->   Operation 40 'getelementptr' 'bi_addr' <Predicate = true> <Delay = 0.00>
ST_3 : Operation 41 [8/8] (7.30ns)   --->   "%w_req = readreq i1 @_ssdm_op_ReadReq.m_axi.i32P1A, i32 %bi_addr, i32 1" [/home/ulisses/Projects/ursa/exp/output-stationary-v2/sources/vanilla/src/core/shell.cpp:126->/home/ulisses/Projects/ursa/exp/output-stationary-v2/sources/vanilla/src/core/shell.cpp:216]   --->   Operation 41 'readreq' 'w_req' <Predicate = true> <Delay = 7.30> <CoreInst = "m_axi">   --->   Core 113 'm_axi' <Latency = 0> <II = 1> <Delay = 1.00> <Adapter> <Opcode : 'read' 'write' 'readreq' 'writereq' 'writeresp'>

State 4 <SV = 3> <Delay = 7.30>
ST_4 : Operation 42 [7/8] (7.30ns)   --->   "%w_req = readreq i1 @_ssdm_op_ReadReq.m_axi.i32P1A, i32 %bi_addr, i32 1" [/home/ulisses/Projects/ursa/exp/output-stationary-v2/sources/vanilla/src/core/shell.cpp:126->/home/ulisses/Projects/ursa/exp/output-stationary-v2/sources/vanilla/src/core/shell.cpp:216]   --->   Operation 42 'readreq' 'w_req' <Predicate = true> <Delay = 7.30> <CoreInst = "m_axi">   --->   Core 113 'm_axi' <Latency = 0> <II = 1> <Delay = 1.00> <Adapter> <Opcode : 'read' 'write' 'readreq' 'writereq' 'writeresp'>

State 5 <SV = 4> <Delay = 7.30>
ST_5 : Operation 43 [6/8] (7.30ns)   --->   "%w_req = readreq i1 @_ssdm_op_ReadReq.m_axi.i32P1A, i32 %bi_addr, i32 1" [/home/ulisses/Projects/ursa/exp/output-stationary-v2/sources/vanilla/src/core/shell.cpp:126->/home/ulisses/Projects/ursa/exp/output-stationary-v2/sources/vanilla/src/core/shell.cpp:216]   --->   Operation 43 'readreq' 'w_req' <Predicate = true> <Delay = 7.30> <CoreInst = "m_axi">   --->   Core 113 'm_axi' <Latency = 0> <II = 1> <Delay = 1.00> <Adapter> <Opcode : 'read' 'write' 'readreq' 'writereq' 'writeresp'>

State 6 <SV = 5> <Delay = 7.30>
ST_6 : Operation 44 [5/8] (7.30ns)   --->   "%w_req = readreq i1 @_ssdm_op_ReadReq.m_axi.i32P1A, i32 %bi_addr, i32 1" [/home/ulisses/Projects/ursa/exp/output-stationary-v2/sources/vanilla/src/core/shell.cpp:126->/home/ulisses/Projects/ursa/exp/output-stationary-v2/sources/vanilla/src/core/shell.cpp:216]   --->   Operation 44 'readreq' 'w_req' <Predicate = true> <Delay = 7.30> <CoreInst = "m_axi">   --->   Core 113 'm_axi' <Latency = 0> <II = 1> <Delay = 1.00> <Adapter> <Opcode : 'read' 'write' 'readreq' 'writereq' 'writeresp'>

State 7 <SV = 6> <Delay = 7.30>
ST_7 : Operation 45 [4/8] (7.30ns)   --->   "%w_req = readreq i1 @_ssdm_op_ReadReq.m_axi.i32P1A, i32 %bi_addr, i32 1" [/home/ulisses/Projects/ursa/exp/output-stationary-v2/sources/vanilla/src/core/shell.cpp:126->/home/ulisses/Projects/ursa/exp/output-stationary-v2/sources/vanilla/src/core/shell.cpp:216]   --->   Operation 45 'readreq' 'w_req' <Predicate = true> <Delay = 7.30> <CoreInst = "m_axi">   --->   Core 113 'm_axi' <Latency = 0> <II = 1> <Delay = 1.00> <Adapter> <Opcode : 'read' 'write' 'readreq' 'writereq' 'writeresp'>

State 8 <SV = 7> <Delay = 7.30>
ST_8 : Operation 46 [3/8] (7.30ns)   --->   "%w_req = readreq i1 @_ssdm_op_ReadReq.m_axi.i32P1A, i32 %bi_addr, i32 1" [/home/ulisses/Projects/ursa/exp/output-stationary-v2/sources/vanilla/src/core/shell.cpp:126->/home/ulisses/Projects/ursa/exp/output-stationary-v2/sources/vanilla/src/core/shell.cpp:216]   --->   Operation 46 'readreq' 'w_req' <Predicate = true> <Delay = 7.30> <CoreInst = "m_axi">   --->   Core 113 'm_axi' <Latency = 0> <II = 1> <Delay = 1.00> <Adapter> <Opcode : 'read' 'write' 'readreq' 'writereq' 'writeresp'>

State 9 <SV = 8> <Delay = 7.30>
ST_9 : Operation 47 [2/8] (7.30ns)   --->   "%w_req = readreq i1 @_ssdm_op_ReadReq.m_axi.i32P1A, i32 %bi_addr, i32 1" [/home/ulisses/Projects/ursa/exp/output-stationary-v2/sources/vanilla/src/core/shell.cpp:126->/home/ulisses/Projects/ursa/exp/output-stationary-v2/sources/vanilla/src/core/shell.cpp:216]   --->   Operation 47 'readreq' 'w_req' <Predicate = true> <Delay = 7.30> <CoreInst = "m_axi">   --->   Core 113 'm_axi' <Latency = 0> <II = 1> <Delay = 1.00> <Adapter> <Opcode : 'read' 'write' 'readreq' 'writereq' 'writeresp'>

State 10 <SV = 9> <Delay = 7.30>
ST_10 : Operation 48 [1/8] (7.30ns)   --->   "%w_req = readreq i1 @_ssdm_op_ReadReq.m_axi.i32P1A, i32 %bi_addr, i32 1" [/home/ulisses/Projects/ursa/exp/output-stationary-v2/sources/vanilla/src/core/shell.cpp:126->/home/ulisses/Projects/ursa/exp/output-stationary-v2/sources/vanilla/src/core/shell.cpp:216]   --->   Operation 48 'readreq' 'w_req' <Predicate = true> <Delay = 7.30> <CoreInst = "m_axi">   --->   Core 113 'm_axi' <Latency = 0> <II = 1> <Delay = 1.00> <Adapter> <Opcode : 'read' 'write' 'readreq' 'writereq' 'writeresp'>

State 11 <SV = 10> <Delay = 7.30>
ST_11 : Operation 49 [1/1] (7.30ns)   --->   "%w = read i32 @_ssdm_op_Read.m_axi.i32P1A, i32 %bi_addr" [/home/ulisses/Projects/ursa/exp/output-stationary-v2/sources/vanilla/src/core/shell.cpp:126->/home/ulisses/Projects/ursa/exp/output-stationary-v2/sources/vanilla/src/core/shell.cpp:216]   --->   Operation 49 'read' 'w' <Predicate = true> <Delay = 7.30> <CoreInst = "m_axi">   --->   Core 113 'm_axi' <Latency = 0> <II = 1> <Delay = 1.00> <Adapter> <Opcode : 'read' 'write' 'readreq' 'writereq' 'writeresp'>
ST_11 : Operation 50 [1/1] (0.00ns)   --->   "%trunc_ln129 = trunc i32 %w" [/home/ulisses/Projects/ursa/exp/output-stationary-v2/sources/vanilla/src/core/shell.cpp:129->/home/ulisses/Projects/ursa/exp/output-stationary-v2/sources/vanilla/src/core/shell.cpp:216]   --->   Operation 50 'trunc' 'trunc_ln129' <Predicate = true> <Delay = 0.00>
ST_11 : Operation 51 [1/1] (0.00ns)   --->   "%tmp_s = partselect i8 @_ssdm_op_PartSelect.i8.i32.i32.i32, i32 %w, i32 8, i32 15" [/home/ulisses/Projects/ursa/exp/output-stationary-v2/sources/vanilla/src/core/shell.cpp:129->/home/ulisses/Projects/ursa/exp/output-stationary-v2/sources/vanilla/src/core/shell.cpp:216]   --->   Operation 51 'partselect' 'tmp_s' <Predicate = true> <Delay = 0.00>
ST_11 : Operation 52 [1/1] (0.00ns)   --->   "%tmp_1 = partselect i8 @_ssdm_op_PartSelect.i8.i32.i32.i32, i32 %w, i32 16, i32 23" [/home/ulisses/Projects/ursa/exp/output-stationary-v2/sources/vanilla/src/core/shell.cpp:129->/home/ulisses/Projects/ursa/exp/output-stationary-v2/sources/vanilla/src/core/shell.cpp:216]   --->   Operation 52 'partselect' 'tmp_1' <Predicate = true> <Delay = 0.00>
ST_11 : Operation 53 [1/1] (0.00ns)   --->   "%tmp_2 = partselect i8 @_ssdm_op_PartSelect.i8.i32.i32.i32, i32 %w, i32 24, i32 31" [/home/ulisses/Projects/ursa/exp/output-stationary-v2/sources/vanilla/src/core/shell.cpp:129->/home/ulisses/Projects/ursa/exp/output-stationary-v2/sources/vanilla/src/core/shell.cpp:216]   --->   Operation 53 'partselect' 'tmp_2' <Predicate = true> <Delay = 0.00>
ST_11 : Operation 67 [1/1] (0.00ns)   --->   "%ret_ln0 = ret"   --->   Operation 67 'ret' 'ret_ln0' <Predicate = (icmp_ln123)> <Delay = 0.00>

State 12 <SV = 11> <Delay = 3.25>
ST_12 : Operation 54 [1/1] (0.00ns)   --->   "%specpipeline_ln124 = specpipeline void @_ssdm_op_SpecPipeline, i32 1, i32 0, i32 0, i32 0, void @empty_8" [/home/ulisses/Projects/ursa/exp/output-stationary-v2/sources/vanilla/src/core/shell.cpp:124->/home/ulisses/Projects/ursa/exp/output-stationary-v2/sources/vanilla/src/core/shell.cpp:216]   --->   Operation 54 'specpipeline' 'specpipeline_ln124' <Predicate = true> <Delay = 0.00>
ST_12 : Operation 55 [1/1] (0.00ns)   --->   "%speclooptripcount_ln125 = speclooptripcount void @_ssdm_op_SpecLoopTripCount, i64 36, i64 144, i64 144" [/home/ulisses/Projects/ursa/exp/output-stationary-v2/sources/vanilla/src/core/shell.cpp:125->/home/ulisses/Projects/ursa/exp/output-stationary-v2/sources/vanilla/src/core/shell.cpp:216]   --->   Operation 55 'speclooptripcount' 'speclooptripcount_ln125' <Predicate = true> <Delay = 0.00>
ST_12 : Operation 56 [1/1] (0.00ns)   --->   "%specloopname_ln123 = specloopname void @_ssdm_op_SpecLoopName, void @empty_16" [/home/ulisses/Projects/ursa/exp/output-stationary-v2/sources/vanilla/src/core/shell.cpp:123->/home/ulisses/Projects/ursa/exp/output-stationary-v2/sources/vanilla/src/core/shell.cpp:216]   --->   Operation 56 'specloopname' 'specloopname_ln123' <Predicate = true> <Delay = 0.00>
ST_12 : Operation 57 [1/1] (0.00ns)   --->   "%zext_ln129 = zext i8 %trunc_ln129_1" [/home/ulisses/Projects/ursa/exp/output-stationary-v2/sources/vanilla/src/core/shell.cpp:129->/home/ulisses/Projects/ursa/exp/output-stationary-v2/sources/vanilla/src/core/shell.cpp:216]   --->   Operation 57 'zext' 'zext_ln129' <Predicate = true> <Delay = 0.00>
ST_12 : Operation 58 [1/1] (0.00ns)   --->   "%b_buf_addr = getelementptr i8 %b_buf, i32 0, i32 %zext_ln129" [/home/ulisses/Projects/ursa/exp/output-stationary-v2/sources/vanilla/src/core/shell.cpp:129->/home/ulisses/Projects/ursa/exp/output-stationary-v2/sources/vanilla/src/core/shell.cpp:216]   --->   Operation 58 'getelementptr' 'b_buf_addr' <Predicate = true> <Delay = 0.00>
ST_12 : Operation 59 [1/1] (0.00ns)   --->   "%b_buf_1_addr = getelementptr i8 %b_buf_1, i32 0, i32 %zext_ln129" [/home/ulisses/Projects/ursa/exp/output-stationary-v2/sources/vanilla/src/core/shell.cpp:129->/home/ulisses/Projects/ursa/exp/output-stationary-v2/sources/vanilla/src/core/shell.cpp:216]   --->   Operation 59 'getelementptr' 'b_buf_1_addr' <Predicate = true> <Delay = 0.00>
ST_12 : Operation 60 [1/1] (0.00ns)   --->   "%b_buf_2_addr = getelementptr i8 %b_buf_2, i32 0, i32 %zext_ln129" [/home/ulisses/Projects/ursa/exp/output-stationary-v2/sources/vanilla/src/core/shell.cpp:129->/home/ulisses/Projects/ursa/exp/output-stationary-v2/sources/vanilla/src/core/shell.cpp:216]   --->   Operation 60 'getelementptr' 'b_buf_2_addr' <Predicate = true> <Delay = 0.00>
ST_12 : Operation 61 [1/1] (0.00ns)   --->   "%b_buf_3_addr = getelementptr i8 %b_buf_3, i32 0, i32 %zext_ln129" [/home/ulisses/Projects/ursa/exp/output-stationary-v2/sources/vanilla/src/core/shell.cpp:129->/home/ulisses/Projects/ursa/exp/output-stationary-v2/sources/vanilla/src/core/shell.cpp:216]   --->   Operation 61 'getelementptr' 'b_buf_3_addr' <Predicate = true> <Delay = 0.00>
ST_12 : Operation 62 [1/1] (3.25ns)   --->   "%store_ln129 = store i8 %trunc_ln129, i8 %b_buf_addr" [/home/ulisses/Projects/ursa/exp/output-stationary-v2/sources/vanilla/src/core/shell.cpp:129->/home/ulisses/Projects/ursa/exp/output-stationary-v2/sources/vanilla/src/core/shell.cpp:216]   --->   Operation 62 'store' 'store_ln129' <Predicate = true> <Delay = 3.25> <CoreInst = "RAM">   --->   Core 82 'RAM' <Latency = 1> <II = 1> <Delay = 3.25> <Storage> <Opcode : 'load' 'store'> <Ports = 2> <Width = 8> <Depth = 256> <RAM>
ST_12 : Operation 63 [1/1] (3.25ns)   --->   "%store_ln129 = store i8 %tmp_s, i8 %b_buf_1_addr" [/home/ulisses/Projects/ursa/exp/output-stationary-v2/sources/vanilla/src/core/shell.cpp:129->/home/ulisses/Projects/ursa/exp/output-stationary-v2/sources/vanilla/src/core/shell.cpp:216]   --->   Operation 63 'store' 'store_ln129' <Predicate = true> <Delay = 3.25> <CoreInst = "RAM">   --->   Core 82 'RAM' <Latency = 1> <II = 1> <Delay = 3.25> <Storage> <Opcode : 'load' 'store'> <Ports = 2> <Width = 8> <Depth = 256> <RAM>
ST_12 : Operation 64 [1/1] (3.25ns)   --->   "%store_ln129 = store i8 %tmp_1, i8 %b_buf_2_addr" [/home/ulisses/Projects/ursa/exp/output-stationary-v2/sources/vanilla/src/core/shell.cpp:129->/home/ulisses/Projects/ursa/exp/output-stationary-v2/sources/vanilla/src/core/shell.cpp:216]   --->   Operation 64 'store' 'store_ln129' <Predicate = true> <Delay = 3.25> <CoreInst = "RAM">   --->   Core 82 'RAM' <Latency = 1> <II = 1> <Delay = 3.25> <Storage> <Opcode : 'load' 'store'> <Ports = 2> <Width = 8> <Depth = 256> <RAM>
ST_12 : Operation 65 [1/1] (3.25ns)   --->   "%store_ln129 = store i8 %tmp_2, i8 %b_buf_3_addr" [/home/ulisses/Projects/ursa/exp/output-stationary-v2/sources/vanilla/src/core/shell.cpp:129->/home/ulisses/Projects/ursa/exp/output-stationary-v2/sources/vanilla/src/core/shell.cpp:216]   --->   Operation 65 'store' 'store_ln129' <Predicate = true> <Delay = 3.25> <CoreInst = "RAM">   --->   Core 82 'RAM' <Latency = 1> <II = 1> <Delay = 3.25> <Storage> <Opcode : 'load' 'store'> <Ports = 2> <Width = 8> <Depth = 256> <RAM>
ST_12 : Operation 66 [1/1] (0.00ns)   --->   "%br_ln123 = br void %VITIS_LOOP_127_1.i" [/home/ulisses/Projects/ursa/exp/output-stationary-v2/sources/vanilla/src/core/shell.cpp:123->/home/ulisses/Projects/ursa/exp/output-stationary-v2/sources/vanilla/src/core/shell.cpp:216]   --->   Operation 66 'br' 'br_ln123' <Predicate = true> <Delay = 0.00>


============================================================
+ Verbose Summary: Binding
============================================================
STG Binding: 
---------------- STG Properties BEGIN ----------------
- Is combinational: 0
- Is one-state seq: 0
- Is datapath-only: 0
- Is pipelined: 0
- Is top level: 0
Port [ Return ] is wired: 1; IO mode=ap_ctrl_hs:ce=0
Port [ zext_ln213]:  wired=1; compound=0; hidden=0; nouse=0; global=0; static=0; extern=0; dir=0; type=0; pingpong=0; private_global=0; IO mode=ap_none:ce=0
Port [ bi]:  wired=1; compound=1; hidden=0; nouse=0; global=0; static=0; extern=0; dir=0; type=4; pingpong=0; private_global=0; IO mode=m_axi:ce=0
Port [ select_ln123]:  wired=1; compound=0; hidden=0; nouse=0; global=0; static=0; extern=0; dir=0; type=0; pingpong=0; private_global=0; IO mode=ap_none:ce=0
Port [ b_buf_3]:  wired=1; compound=1; hidden=0; nouse=0; global=0; static=0; extern=0; dir=1; type=1; pingpong=0; private_global=0; MemPort=[03]; IO mode=ap_memory:ce=0
Port [ b_buf_2]:  wired=1; compound=1; hidden=0; nouse=0; global=0; static=0; extern=0; dir=1; type=1; pingpong=0; private_global=0; MemPort=[03]; IO mode=ap_memory:ce=0
Port [ b_buf_1]:  wired=1; compound=1; hidden=0; nouse=0; global=0; static=0; extern=0; dir=1; type=1; pingpong=0; private_global=0; MemPort=[03]; IO mode=ap_memory:ce=0
Port [ b_buf]:  wired=1; compound=1; hidden=0; nouse=0; global=0; static=0; extern=0; dir=1; type=1; pingpong=0; private_global=0; MemPort=[03]; IO mode=ap_memory:ce=0
Port [ addr_b0]:  wired=1; compound=0; hidden=0; nouse=0; global=0; static=0; extern=0; dir=0; type=0; pingpong=0; private_global=0; IO mode=ap_none:ce=0
Port [ zext_ln195]:  wired=1; compound=0; hidden=0; nouse=0; global=0; static=0; extern=0; dir=0; type=0; pingpong=0; private_global=0; IO mode=ap_none:ce=0
---------------- STG Properties END ------------------

---------------- Datapath Model BEGIN ----------------

<LifeTime>
<method=bitvector/>
idx                     (alloca           ) [ 0110000000000]
k                       (alloca           ) [ 0110000000000]
zext_ln195_read         (read             ) [ 0000000000000]
addr_b0_read            (read             ) [ 0110000000000]
select_ln123_read       (read             ) [ 0110000000000]
zext_ln213_read         (read             ) [ 0000000000000]
zext_ln195_cast         (zext             ) [ 0110000000000]
zext_ln213_cast         (zext             ) [ 0000000000000]
specinterface_ln0       (specinterface    ) [ 0000000000000]
store_ln123             (store            ) [ 0000000000000]
store_ln121             (store            ) [ 0000000000000]
br_ln0                  (br               ) [ 0000000000000]
k_4                     (load             ) [ 0000000000000]
specbitsmap_ln0         (specbitsmap      ) [ 0000000000000]
icmp_ln123              (icmp             ) [ 0111111111110]
add_ln123               (add              ) [ 0000000000000]
br_ln123                (br               ) [ 0000000000000]
idx_load                (load             ) [ 0000000000000]
shl_ln1                 (bitconcatenate   ) [ 0000000000000]
add_ln126               (add              ) [ 0000000000000]
trunc_ln4               (partselect       ) [ 0101000000000]
trunc_ln129_1           (trunc            ) [ 0101111111111]
idx_1                   (add              ) [ 0000000000000]
store_ln123             (store            ) [ 0000000000000]
store_ln121             (store            ) [ 0000000000000]
sext_ln126              (sext             ) [ 0000000000000]
bi_addr                 (getelementptr    ) [ 0100111111110]
w_req                   (readreq          ) [ 0000000000000]
w                       (read             ) [ 0000000000000]
trunc_ln129             (trunc            ) [ 0100000000001]
tmp_s                   (partselect       ) [ 0100000000001]
tmp_1                   (partselect       ) [ 0100000000001]
tmp_2                   (partselect       ) [ 0100000000001]
specpipeline_ln124      (specpipeline     ) [ 0000000000000]
speclooptripcount_ln125 (speclooptripcount) [ 0000000000000]
specloopname_ln123      (specloopname     ) [ 0000000000000]
zext_ln129              (zext             ) [ 0000000000000]
b_buf_addr              (getelementptr    ) [ 0000000000000]
b_buf_1_addr            (getelementptr    ) [ 0000000000000]
b_buf_2_addr            (getelementptr    ) [ 0000000000000]
b_buf_3_addr            (getelementptr    ) [ 0000000000000]
store_ln129             (store            ) [ 0000000000000]
store_ln129             (store            ) [ 0000000000000]
store_ln129             (store            ) [ 0000000000000]
store_ln129             (store            ) [ 0000000000000]
br_ln123                (br               ) [ 0000000000000]
ret_ln0                 (ret              ) [ 0000000000000]
</LifeTime>

<model>

<comp_list>
<comp id="0" class="1000" name="zext_ln213">
<pin_list>
<pin id="1" dir="1" index="0" bw="1" slack="0"/>
</pin_list>
<bind>
<StgValue><ssdm name="zext_ln213"/></StgValue>
</bind>
</comp>

<comp id="2" class="1000" name="bi">
<pin_list>
<pin id="3" dir="1" index="0" bw="1" slack="0"/>
</pin_list>
<bind>
<StgValue><ssdm name="bi"/></StgValue>
</bind>
</comp>

<comp id="4" class="1000" name="select_ln123">
<pin_list>
<pin id="5" dir="1" index="0" bw="1" slack="0"/>
</pin_list>
<bind>
<StgValue><ssdm name="select_ln123"/></StgValue>
</bind>
</comp>

<comp id="6" class="1000" name="b_buf_3">
<pin_list>
<pin id="7" dir="1" index="0" bw="1" slack="0"/>
</pin_list>
<bind>
<StgValue><ssdm name="b_buf_3"/><MemPortTyVec>0 3 </MemPortTyVec>
</StgValue>
</bind>
</comp>

<comp id="8" class="1000" name="b_buf_2">
<pin_list>
<pin id="9" dir="1" index="0" bw="1" slack="0"/>
</pin_list>
<bind>
<StgValue><ssdm name="b_buf_2"/><MemPortTyVec>0 3 </MemPortTyVec>
</StgValue>
</bind>
</comp>

<comp id="10" class="1000" name="b_buf_1">
<pin_list>
<pin id="11" dir="1" index="0" bw="1" slack="0"/>
</pin_list>
<bind>
<StgValue><ssdm name="b_buf_1"/><MemPortTyVec>0 3 </MemPortTyVec>
</StgValue>
</bind>
</comp>

<comp id="12" class="1000" name="b_buf">
<pin_list>
<pin id="13" dir="1" index="0" bw="1" slack="0"/>
</pin_list>
<bind>
<StgValue><ssdm name="b_buf"/><MemPortTyVec>0 3 </MemPortTyVec>
</StgValue>
</bind>
</comp>

<comp id="14" class="1000" name="addr_b0">
<pin_list>
<pin id="15" dir="1" index="0" bw="1" slack="0"/>
</pin_list>
<bind>
<StgValue><ssdm name="addr_b0"/></StgValue>
</bind>
</comp>

<comp id="16" class="1000" name="zext_ln195">
<pin_list>
<pin id="17" dir="1" index="0" bw="1" slack="0"/>
</pin_list>
<bind>
<StgValue><ssdm name="zext_ln195"/></StgValue>
</bind>
</comp>

<comp id="18" class="1001" name="const_18">
<pin_list>
<pin id="19" dir="1" index="0" bw="1" slack="0"/>
</pin_list>
<bind>
<StgValue><ssdm name=""/></StgValue>
</bind>
</comp>

<comp id="20" class="1001" name="const_20">
<pin_list>
<pin id="21" dir="1" index="0" bw="1" slack="0"/>
</pin_list>
<bind>
<StgValue><ssdm name="_ssdm_op_Read.ap_auto.i14"/></StgValue>
</bind>
</comp>

<comp id="22" class="1001" name="const_22">
<pin_list>
<pin id="23" dir="1" index="0" bw="1" slack="0"/>
</pin_list>
<bind>
<StgValue><ssdm name="_ssdm_op_Read.ap_auto.i32"/></StgValue>
</bind>
</comp>

<comp id="24" class="1001" name="const_24">
<pin_list>
<pin id="25" dir="1" index="0" bw="1" slack="0"/>
</pin_list>
<bind>
<StgValue><ssdm name="_ssdm_op_Read.ap_auto.i16"/></StgValue>
</bind>
</comp>

<comp id="26" class="1001" name="const_26">
<pin_list>
<pin id="27" dir="1" index="0" bw="1" slack="2147483647"/>
</pin_list>
<bind>
<StgValue><ssdm name="_ssdm_op_SpecInterface"/></StgValue>
</bind>
</comp>

<comp id="28" class="1001" name="const_28">
<pin_list>
<pin id="29" dir="1" index="0" bw="1" slack="2147483647"/>
</pin_list>
<bind>
<StgValue><ssdm name="empty_20"/></StgValue>
</bind>
</comp>

<comp id="30" class="1001" name="const_30">
<pin_list>
<pin id="31" dir="1" index="0" bw="1" slack="0"/>
</pin_list>
<bind>
<StgValue><ssdm name=""/></StgValue>
</bind>
</comp>

<comp id="32" class="1001" name="const_32">
<pin_list>
<pin id="33" dir="1" index="0" bw="1" slack="2147483647"/>
</pin_list>
<bind>
<StgValue><ssdm name="empty_8"/></StgValue>
</bind>
</comp>

<comp id="34" class="1001" name="const_34">
<pin_list>
<pin id="35" dir="1" index="0" bw="1" slack="2147483647"/>
</pin_list>
<bind>
<StgValue><ssdm name=""/></StgValue>
</bind>
</comp>

<comp id="36" class="1001" name="const_36">
<pin_list>
<pin id="37" dir="1" index="0" bw="1" slack="2147483647"/>
</pin_list>
<bind>
<StgValue><ssdm name="empty_2"/></StgValue>
</bind>
</comp>

<comp id="38" class="1001" name="const_38">
<pin_list>
<pin id="39" dir="1" index="0" bw="1" slack="2147483647"/>
</pin_list>
<bind>
<StgValue><ssdm name="empty_1"/></StgValue>
</bind>
</comp>

<comp id="40" class="1001" name="const_40">
<pin_list>
<pin id="41" dir="1" index="0" bw="1" slack="0"/>
</pin_list>
<bind>
<StgValue><ssdm name=""/></StgValue>
</bind>
</comp>

<comp id="42" class="1001" name="const_42">
<pin_list>
<pin id="43" dir="1" index="0" bw="1" slack="2147483647"/>
</pin_list>
<bind>
<StgValue><ssdm name=""/></StgValue>
</bind>
</comp>

<comp id="44" class="1001" name="const_44">
<pin_list>
<pin id="45" dir="1" index="0" bw="1" slack="0"/>
</pin_list>
<bind>
<StgValue><ssdm name=""/></StgValue>
</bind>
</comp>

<comp id="46" class="1001" name="const_46">
<pin_list>
<pin id="47" dir="1" index="0" bw="1" slack="2147483647"/>
</pin_list>
<bind>
<StgValue><ssdm name=""/></StgValue>
</bind>
</comp>

<comp id="48" class="1001" name="const_48">
<pin_list>
<pin id="49" dir="1" index="0" bw="1" slack="0"/>
</pin_list>
<bind>
<StgValue><ssdm name=""/></StgValue>
</bind>
</comp>

<comp id="50" class="1001" name="const_50">
<pin_list>
<pin id="51" dir="1" index="0" bw="1" slack="2147483647"/>
</pin_list>
<bind>
<StgValue><ssdm name="_ssdm_op_SpecBitsMap"/></StgValue>
</bind>
</comp>

<comp id="52" class="1001" name="const_52">
<pin_list>
<pin id="53" dir="1" index="0" bw="1" slack="0"/>
</pin_list>
<bind>
<StgValue><ssdm name=""/></StgValue>
</bind>
</comp>

<comp id="54" class="1001" name="const_54">
<pin_list>
<pin id="55" dir="1" index="0" bw="1" slack="0"/>
</pin_list>
<bind>
<StgValue><ssdm name="_ssdm_op_BitConcatenate.i32.i30.i2"/></StgValue>
</bind>
</comp>

<comp id="56" class="1001" name="const_56">
<pin_list>
<pin id="57" dir="1" index="0" bw="1" slack="0"/>
</pin_list>
<bind>
<StgValue><ssdm name=""/></StgValue>
</bind>
</comp>

<comp id="58" class="1001" name="const_58">
<pin_list>
<pin id="59" dir="1" index="0" bw="1" slack="0"/>
</pin_list>
<bind>
<StgValue><ssdm name="_ssdm_op_PartSelect.i30.i32.i32.i32"/></StgValue>
</bind>
</comp>

<comp id="60" class="1001" name="const_60">
<pin_list>
<pin id="61" dir="1" index="0" bw="1" slack="0"/>
</pin_list>
<bind>
<StgValue><ssdm name=""/></StgValue>
</bind>
</comp>

<comp id="62" class="1001" name="const_62">
<pin_list>
<pin id="63" dir="1" index="0" bw="1" slack="0"/>
</pin_list>
<bind>
<StgValue><ssdm name=""/></StgValue>
</bind>
</comp>

<comp id="64" class="1001" name="const_64">
<pin_list>
<pin id="65" dir="1" index="0" bw="1" slack="0"/>
</pin_list>
<bind>
<StgValue><ssdm name="_ssdm_op_ReadReq.m_axi.i32P1A"/></StgValue>
</bind>
</comp>

<comp id="66" class="1001" name="const_66">
<pin_list>
<pin id="67" dir="1" index="0" bw="1" slack="0"/>
</pin_list>
<bind>
<StgValue><ssdm name="_ssdm_op_Read.m_axi.i32P1A"/></StgValue>
</bind>
</comp>

<comp id="68" class="1001" name="const_68">
<pin_list>
<pin id="69" dir="1" index="0" bw="1" slack="0"/>
</pin_list>
<bind>
<StgValue><ssdm name="_ssdm_op_PartSelect.i8.i32.i32.i32"/></StgValue>
</bind>
</comp>

<comp id="70" class="1001" name="const_70">
<pin_list>
<pin id="71" dir="1" index="0" bw="1" slack="0"/>
</pin_list>
<bind>
<StgValue><ssdm name=""/></StgValue>
</bind>
</comp>

<comp id="72" class="1001" name="const_72">
<pin_list>
<pin id="73" dir="1" index="0" bw="1" slack="0"/>
</pin_list>
<bind>
<StgValue><ssdm name=""/></StgValue>
</bind>
</comp>

<comp id="74" class="1001" name="const_74">
<pin_list>
<pin id="75" dir="1" index="0" bw="1" slack="0"/>
</pin_list>
<bind>
<StgValue><ssdm name=""/></StgValue>
</bind>
</comp>

<comp id="76" class="1001" name="const_76">
<pin_list>
<pin id="77" dir="1" index="0" bw="1" slack="2147483647"/>
</pin_list>
<bind>
<StgValue><ssdm name="_ssdm_op_SpecPipeline"/></StgValue>
</bind>
</comp>

<comp id="78" class="1001" name="const_78">
<pin_list>
<pin id="79" dir="1" index="0" bw="1" slack="2147483647"/>
</pin_list>
<bind>
<StgValue><ssdm name="_ssdm_op_SpecLoopTripCount"/></StgValue>
</bind>
</comp>

<comp id="80" class="1001" name="const_80">
<pin_list>
<pin id="81" dir="1" index="0" bw="1" slack="2147483647"/>
</pin_list>
<bind>
<StgValue><ssdm name=""/></StgValue>
</bind>
</comp>

<comp id="82" class="1001" name="const_82">
<pin_list>
<pin id="83" dir="1" index="0" bw="1" slack="2147483647"/>
</pin_list>
<bind>
<StgValue><ssdm name=""/></StgValue>
</bind>
</comp>

<comp id="84" class="1001" name="const_84">
<pin_list>
<pin id="85" dir="1" index="0" bw="1" slack="2147483647"/>
</pin_list>
<bind>
<StgValue><ssdm name="_ssdm_op_SpecLoopName"/></StgValue>
</bind>
</comp>

<comp id="86" class="1001" name="const_86">
<pin_list>
<pin id="87" dir="1" index="0" bw="1" slack="2147483647"/>
</pin_list>
<bind>
<StgValue><ssdm name="empty_16"/></StgValue>
</bind>
</comp>

<comp id="88" class="1004" name="idx_fu_88">
<pin_list>
<pin id="89" dir="0" index="0" bw="1" slack="0"/>
<pin id="90" dir="1" index="1" bw="30" slack="0"/>
</pin_list>
<bind>
<opcode="alloca(26) " fcode="alloca"/>
<opset="idx/1 "/>
</bind>
</comp>

<comp id="92" class="1004" name="k_fu_92">
<pin_list>
<pin id="93" dir="0" index="0" bw="1" slack="0"/>
<pin id="94" dir="1" index="1" bw="16" slack="0"/>
</pin_list>
<bind>
<opcode="alloca(26) " fcode="alloca"/>
<opset="k/1 "/>
</bind>
</comp>

<comp id="96" class="1004" name="zext_ln195_read_read_fu_96">
<pin_list>
<pin id="97" dir="0" index="0" bw="14" slack="0"/>
<pin id="98" dir="0" index="1" bw="14" slack="0"/>
<pin id="99" dir="1" index="2" bw="14" slack="0"/>
</pin_list>
<bind>
<opcode="read(1150) " fcode="read"/>
<opset="zext_ln195_read/1 "/>
</bind>
</comp>

<comp id="102" class="1004" name="addr_b0_read_read_fu_102">
<pin_list>
<pin id="103" dir="0" index="0" bw="32" slack="0"/>
<pin id="104" dir="0" index="1" bw="32" slack="0"/>
<pin id="105" dir="1" index="2" bw="32" slack="1"/>
</pin_list>
<bind>
<opcode="read(1150) " fcode="read"/>
<opset="addr_b0_read/1 "/>
</bind>
</comp>

<comp id="108" class="1004" name="select_ln123_read_read_fu_108">
<pin_list>
<pin id="109" dir="0" index="0" bw="16" slack="0"/>
<pin id="110" dir="0" index="1" bw="16" slack="0"/>
<pin id="111" dir="1" index="2" bw="16" slack="1"/>
</pin_list>
<bind>
<opcode="read(1150) " fcode="read"/>
<opset="select_ln123_read/1 "/>
</bind>
</comp>

<comp id="114" class="1004" name="zext_ln213_read_read_fu_114">
<pin_list>
<pin id="115" dir="0" index="0" bw="14" slack="0"/>
<pin id="116" dir="0" index="1" bw="14" slack="0"/>
<pin id="117" dir="1" index="2" bw="14" slack="0"/>
</pin_list>
<bind>
<opcode="read(1150) " fcode="read"/>
<opset="zext_ln213_read/1 "/>
</bind>
</comp>

<comp id="120" class="1004" name="grp_readreq_fu_120">
<pin_list>
<pin id="121" dir="0" index="0" bw="1" slack="0"/>
<pin id="122" dir="0" index="1" bw="32" slack="0"/>
<pin id="123" dir="0" index="2" bw="1" slack="0"/>
<pin id="124" dir="1" index="3" bw="1" slack="2147483647"/>
</pin_list>
<bind>
<opcode="readreq(1154) " fcode="readreq"/>
<opset="w_req/3 "/>
</bind>
</comp>

<comp id="127" class="1004" name="w_read_fu_127">
<pin_list>
<pin id="128" dir="0" index="0" bw="32" slack="0"/>
<pin id="129" dir="0" index="1" bw="32" slack="8"/>
<pin id="130" dir="1" index="2" bw="32" slack="0"/>
</pin_list>
<bind>
<opcode="read(1150) " fcode="read"/>
<opset="w/11 "/>
</bind>
</comp>

<comp id="132" class="1004" name="b_buf_addr_gep_fu_132">
<pin_list>
<pin id="133" dir="0" index="0" bw="8" slack="0"/>
<pin id="134" dir="0" index="1" bw="1" slack="0"/>
<pin id="135" dir="0" index="2" bw="8" slack="0"/>
<pin id="136" dir="1" index="3" bw="8" slack="0"/>
</pin_list>
<bind>
<opcode="getelementptr(29) " fcode="getelementptr"/>
<opset="b_buf_addr/12 "/>
</bind>
</comp>

<comp id="139" class="1004" name="b_buf_1_addr_gep_fu_139">
<pin_list>
<pin id="140" dir="0" index="0" bw="8" slack="0"/>
<pin id="141" dir="0" index="1" bw="1" slack="0"/>
<pin id="142" dir="0" index="2" bw="8" slack="0"/>
<pin id="143" dir="1" index="3" bw="8" slack="0"/>
</pin_list>
<bind>
<opcode="getelementptr(29) " fcode="getelementptr"/>
<opset="b_buf_1_addr/12 "/>
</bind>
</comp>

<comp id="146" class="1004" name="b_buf_2_addr_gep_fu_146">
<pin_list>
<pin id="147" dir="0" index="0" bw="8" slack="0"/>
<pin id="148" dir="0" index="1" bw="1" slack="0"/>
<pin id="149" dir="0" index="2" bw="8" slack="0"/>
<pin id="150" dir="1" index="3" bw="8" slack="0"/>
</pin_list>
<bind>
<opcode="getelementptr(29) " fcode="getelementptr"/>
<opset="b_buf_2_addr/12 "/>
</bind>
</comp>

<comp id="153" class="1004" name="b_buf_3_addr_gep_fu_153">
<pin_list>
<pin id="154" dir="0" index="0" bw="8" slack="0"/>
<pin id="155" dir="0" index="1" bw="1" slack="0"/>
<pin id="156" dir="0" index="2" bw="8" slack="0"/>
<pin id="157" dir="1" index="3" bw="8" slack="0"/>
</pin_list>
<bind>
<opcode="getelementptr(29) " fcode="getelementptr"/>
<opset="b_buf_3_addr/12 "/>
</bind>
</comp>

<comp id="160" class="1004" name="store_ln129_access_fu_160">
<pin_list>
<pin id="161" dir="0" index="0" bw="8" slack="0"/>
<pin id="162" dir="0" index="1" bw="8" slack="1"/>
<pin id="163" dir="0" index="2" bw="0" slack="2147483647"/>
<pin id="164" dir="1" index="3" bw="8" slack="2147483647"/>
</pin_list>
<bind>
<opcode="store(28) " fcode="store"/>
<opset="store_ln129/12 "/>
</bind>
</comp>

<comp id="166" class="1004" name="store_ln129_access_fu_166">
<pin_list>
<pin id="167" dir="0" index="0" bw="8" slack="0"/>
<pin id="168" dir="0" index="1" bw="8" slack="1"/>
<pin id="169" dir="0" index="2" bw="0" slack="2147483647"/>
<pin id="170" dir="1" index="3" bw="8" slack="2147483647"/>
</pin_list>
<bind>
<opcode="store(28) " fcode="store"/>
<opset="store_ln129/12 "/>
</bind>
</comp>

<comp id="172" class="1004" name="store_ln129_access_fu_172">
<pin_list>
<pin id="173" dir="0" index="0" bw="8" slack="0"/>
<pin id="174" dir="0" index="1" bw="8" slack="1"/>
<pin id="175" dir="0" index="2" bw="0" slack="2147483647"/>
<pin id="176" dir="1" index="3" bw="8" slack="2147483647"/>
</pin_list>
<bind>
<opcode="store(28) " fcode="store"/>
<opset="store_ln129/12 "/>
</bind>
</comp>

<comp id="178" class="1004" name="store_ln129_access_fu_178">
<pin_list>
<pin id="179" dir="0" index="0" bw="8" slack="0"/>
<pin id="180" dir="0" index="1" bw="8" slack="1"/>
<pin id="181" dir="0" index="2" bw="0" slack="2147483647"/>
<pin id="182" dir="1" index="3" bw="8" slack="2147483647"/>
</pin_list>
<bind>
<opcode="store(28) " fcode="store"/>
<opset="store_ln129/12 "/>
</bind>
</comp>

<comp id="184" class="1004" name="zext_ln195_cast_fu_184">
<pin_list>
<pin id="185" dir="0" index="0" bw="14" slack="0"/>
<pin id="186" dir="1" index="1" bw="30" slack="1"/>
</pin_list>
<bind>
<opcode="zext(34) " fcode="zext"/>
<opset="zext_ln195_cast/1 "/>
</bind>
</comp>

<comp id="188" class="1004" name="zext_ln213_cast_fu_188">
<pin_list>
<pin id="189" dir="0" index="0" bw="14" slack="0"/>
<pin id="190" dir="1" index="1" bw="30" slack="0"/>
</pin_list>
<bind>
<opcode="zext(34) " fcode="zext"/>
<opset="zext_ln213_cast/1 "/>
</bind>
</comp>

<comp id="192" class="1004" name="store_ln123_store_fu_192">
<pin_list>
<pin id="193" dir="0" index="0" bw="1" slack="0"/>
<pin id="194" dir="0" index="1" bw="16" slack="0"/>
<pin id="195" dir="1" index="2" bw="0" slack="2147483647"/>
</pin_list>
<bind>
<opcode="store(28) " fcode="store"/>
<opset="store_ln123/1 "/>
</bind>
</comp>

<comp id="197" class="1004" name="store_ln121_store_fu_197">
<pin_list>
<pin id="198" dir="0" index="0" bw="14" slack="0"/>
<pin id="199" dir="0" index="1" bw="30" slack="0"/>
<pin id="200" dir="1" index="2" bw="0" slack="2147483647"/>
</pin_list>
<bind>
<opcode="store(28) " fcode="store"/>
<opset="store_ln121/1 "/>
</bind>
</comp>

<comp id="202" class="1004" name="k_4_load_fu_202">
<pin_list>
<pin id="203" dir="0" index="0" bw="16" slack="1"/>
<pin id="204" dir="1" index="1" bw="16" slack="0"/>
</pin_list>
<bind>
<opcode="load(27) " fcode="load"/>
<opset="k_4/2 "/>
</bind>
</comp>

<comp id="205" class="1004" name="icmp_ln123_fu_205">
<pin_list>
<pin id="206" dir="0" index="0" bw="16" slack="0"/>
<pin id="207" dir="0" index="1" bw="16" slack="1"/>
<pin id="208" dir="1" index="2" bw="1" slack="9"/>
</pin_list>
<bind>
<opcode="icmp(45) " fcode="icmp"/>
<opset="icmp_ln123/2 "/>
</bind>
</comp>

<comp id="210" class="1004" name="add_ln123_fu_210">
<pin_list>
<pin id="211" dir="0" index="0" bw="16" slack="0"/>
<pin id="212" dir="0" index="1" bw="1" slack="0"/>
<pin id="213" dir="1" index="2" bw="16" slack="0"/>
</pin_list>
<bind>
<opcode="add(8) " fcode="add"/>
<opset="add_ln123/2 "/>
</bind>
</comp>

<comp id="216" class="1004" name="idx_load_load_fu_216">
<pin_list>
<pin id="217" dir="0" index="0" bw="30" slack="1"/>
<pin id="218" dir="1" index="1" bw="30" slack="0"/>
</pin_list>
<bind>
<opcode="load(27) " fcode="load"/>
<opset="idx_load/2 "/>
</bind>
</comp>

<comp id="219" class="1004" name="shl_ln1_fu_219">
<pin_list>
<pin id="220" dir="0" index="0" bw="32" slack="0"/>
<pin id="221" dir="0" index="1" bw="30" slack="0"/>
<pin id="222" dir="0" index="2" bw="1" slack="0"/>
<pin id="223" dir="1" index="3" bw="32" slack="0"/>
</pin_list>
<bind>
<opcode="bitconcatenate(1004) " fcode="bitconcatenate"/>
<opset="shl_ln1/2 "/>
</bind>
</comp>

<comp id="227" class="1004" name="add_ln126_fu_227">
<pin_list>
<pin id="228" dir="0" index="0" bw="32" slack="0"/>
<pin id="229" dir="0" index="1" bw="32" slack="1"/>
<pin id="230" dir="1" index="2" bw="32" slack="0"/>
</pin_list>
<bind>
<opcode="add(8) " fcode="add"/>
<opset="add_ln126/2 "/>
</bind>
</comp>

<comp id="232" class="1004" name="trunc_ln4_fu_232">
<pin_list>
<pin id="233" dir="0" index="0" bw="30" slack="0"/>
<pin id="234" dir="0" index="1" bw="32" slack="0"/>
<pin id="235" dir="0" index="2" bw="3" slack="0"/>
<pin id="236" dir="0" index="3" bw="6" slack="0"/>
<pin id="237" dir="1" index="4" bw="30" slack="1"/>
</pin_list>
<bind>
<opcode="partselect(1002) " fcode="partselect"/>
<opset="trunc_ln4/2 "/>
</bind>
</comp>

<comp id="242" class="1004" name="trunc_ln129_1_fu_242">
<pin_list>
<pin id="243" dir="0" index="0" bw="16" slack="0"/>
<pin id="244" dir="1" index="1" bw="8" slack="10"/>
</pin_list>
<bind>
<opcode="trunc(33) " fcode="trunc"/>
<opset="trunc_ln129_1/2 "/>
</bind>
</comp>

<comp id="246" class="1004" name="idx_1_fu_246">
<pin_list>
<pin id="247" dir="0" index="0" bw="14" slack="1"/>
<pin id="248" dir="0" index="1" bw="30" slack="0"/>
<pin id="249" dir="1" index="2" bw="30" slack="0"/>
</pin_list>
<bind>
<opcode="add(8) " fcode="add"/>
<opset="idx_1/2 "/>
</bind>
</comp>

<comp id="251" class="1004" name="store_ln123_store_fu_251">
<pin_list>
<pin id="252" dir="0" index="0" bw="16" slack="0"/>
<pin id="253" dir="0" index="1" bw="16" slack="1"/>
<pin id="254" dir="1" index="2" bw="0" slack="2147483647"/>
</pin_list>
<bind>
<opcode="store(28) " fcode="store"/>
<opset="store_ln123/2 "/>
</bind>
</comp>

<comp id="256" class="1004" name="store_ln121_store_fu_256">
<pin_list>
<pin id="257" dir="0" index="0" bw="30" slack="0"/>
<pin id="258" dir="0" index="1" bw="30" slack="1"/>
<pin id="259" dir="1" index="2" bw="0" slack="2147483647"/>
</pin_list>
<bind>
<opcode="store(28) " fcode="store"/>
<opset="store_ln121/2 "/>
</bind>
</comp>

<comp id="261" class="1004" name="sext_ln126_fu_261">
<pin_list>
<pin id="262" dir="0" index="0" bw="30" slack="1"/>
<pin id="263" dir="1" index="1" bw="32" slack="0"/>
</pin_list>
<bind>
<opcode="sext(35) " fcode="sext"/>
<opset="sext_ln126/3 "/>
</bind>
</comp>

<comp id="264" class="1004" name="bi_addr_fu_264">
<pin_list>
<pin id="265" dir="0" index="0" bw="32" slack="0"/>
<pin id="266" dir="0" index="1" bw="32" slack="0"/>
<pin id="267" dir="1" index="2" bw="32" slack="0"/>
</pin_list>
<bind>
<opcode="getelementptr(29) " fcode="getelementptr"/>
<opset="bi_addr/3 "/>
</bind>
</comp>

<comp id="271" class="1004" name="trunc_ln129_fu_271">
<pin_list>
<pin id="272" dir="0" index="0" bw="32" slack="0"/>
<pin id="273" dir="1" index="1" bw="8" slack="1"/>
</pin_list>
<bind>
<opcode="trunc(33) " fcode="trunc"/>
<opset="trunc_ln129/11 "/>
</bind>
</comp>

<comp id="275" class="1004" name="tmp_s_fu_275">
<pin_list>
<pin id="276" dir="0" index="0" bw="8" slack="0"/>
<pin id="277" dir="0" index="1" bw="32" slack="0"/>
<pin id="278" dir="0" index="2" bw="5" slack="0"/>
<pin id="279" dir="0" index="3" bw="5" slack="0"/>
<pin id="280" dir="1" index="4" bw="8" slack="1"/>
</pin_list>
<bind>
<opcode="partselect(1002) " fcode="partselect"/>
<opset="tmp_s/11 "/>
</bind>
</comp>

<comp id="285" class="1004" name="tmp_1_fu_285">
<pin_list>
<pin id="286" dir="0" index="0" bw="8" slack="0"/>
<pin id="287" dir="0" index="1" bw="32" slack="0"/>
<pin id="288" dir="0" index="2" bw="6" slack="0"/>
<pin id="289" dir="0" index="3" bw="6" slack="0"/>
<pin id="290" dir="1" index="4" bw="8" slack="1"/>
</pin_list>
<bind>
<opcode="partselect(1002) " fcode="partselect"/>
<opset="tmp_1/11 "/>
</bind>
</comp>

<comp id="295" class="1004" name="tmp_2_fu_295">
<pin_list>
<pin id="296" dir="0" index="0" bw="8" slack="0"/>
<pin id="297" dir="0" index="1" bw="32" slack="0"/>
<pin id="298" dir="0" index="2" bw="6" slack="0"/>
<pin id="299" dir="0" index="3" bw="6" slack="0"/>
<pin id="300" dir="1" index="4" bw="8" slack="1"/>
</pin_list>
<bind>
<opcode="partselect(1002) " fcode="partselect"/>
<opset="tmp_2/11 "/>
</bind>
</comp>

<comp id="305" class="1004" name="zext_ln129_fu_305">
<pin_list>
<pin id="306" dir="0" index="0" bw="8" slack="10"/>
<pin id="307" dir="1" index="1" bw="32" slack="0"/>
</pin_list>
<bind>
<opcode="zext(34) " fcode="zext"/>
<opset="zext_ln129/12 "/>
</bind>
</comp>

<comp id="312" class="1005" name="idx_reg_312">
<pin_list>
<pin id="313" dir="0" index="0" bw="30" slack="0"/>
<pin id="314" dir="1" index="1" bw="30" slack="0"/>
</pin_list>
<bind>
<opset="idx "/>
</bind>
</comp>

<comp id="319" class="1005" name="k_reg_319">
<pin_list>
<pin id="320" dir="0" index="0" bw="16" slack="0"/>
<pin id="321" dir="1" index="1" bw="16" slack="0"/>
</pin_list>
<bind>
<opset="k "/>
</bind>
</comp>

<comp id="326" class="1005" name="addr_b0_read_reg_326">
<pin_list>
<pin id="327" dir="0" index="0" bw="32" slack="1"/>
<pin id="328" dir="1" index="1" bw="32" slack="1"/>
</pin_list>
<bind>
<opset="addr_b0_read "/>
</bind>
</comp>

<comp id="331" class="1005" name="select_ln123_read_reg_331">
<pin_list>
<pin id="332" dir="0" index="0" bw="16" slack="1"/>
<pin id="333" dir="1" index="1" bw="16" slack="1"/>
</pin_list>
<bind>
<opset="select_ln123_read "/>
</bind>
</comp>

<comp id="336" class="1005" name="zext_ln195_cast_reg_336">
<pin_list>
<pin id="337" dir="0" index="0" bw="30" slack="1"/>
<pin id="338" dir="1" index="1" bw="30" slack="1"/>
</pin_list>
<bind>
<opset="zext_ln195_cast "/>
</bind>
</comp>

<comp id="341" class="1005" name="icmp_ln123_reg_341">
<pin_list>
<pin id="342" dir="0" index="0" bw="1" slack="9"/>
<pin id="343" dir="1" index="1" bw="1" slack="2147483647"/>
</pin_list>
<bind>
<opset="icmp_ln123 "/>
</bind>
</comp>

<comp id="345" class="1005" name="trunc_ln4_reg_345">
<pin_list>
<pin id="346" dir="0" index="0" bw="30" slack="1"/>
<pin id="347" dir="1" index="1" bw="30" slack="1"/>
</pin_list>
<bind>
<opset="trunc_ln4 "/>
</bind>
</comp>

<comp id="350" class="1005" name="trunc_ln129_1_reg_350">
<pin_list>
<pin id="351" dir="0" index="0" bw="8" slack="10"/>
<pin id="352" dir="1" index="1" bw="8" slack="10"/>
</pin_list>
<bind>
<opset="trunc_ln129_1 "/>
</bind>
</comp>

<comp id="355" class="1005" name="bi_addr_reg_355">
<pin_list>
<pin id="356" dir="0" index="0" bw="32" slack="1"/>
<pin id="357" dir="1" index="1" bw="32" slack="1"/>
</pin_list>
<bind>
<opset="bi_addr "/>
</bind>
</comp>

<comp id="361" class="1005" name="trunc_ln129_reg_361">
<pin_list>
<pin id="362" dir="0" index="0" bw="8" slack="1"/>
<pin id="363" dir="1" index="1" bw="8" slack="1"/>
</pin_list>
<bind>
<opset="trunc_ln129 "/>
</bind>
</comp>

<comp id="366" class="1005" name="tmp_s_reg_366">
<pin_list>
<pin id="367" dir="0" index="0" bw="8" slack="1"/>
<pin id="368" dir="1" index="1" bw="8" slack="1"/>
</pin_list>
<bind>
<opset="tmp_s "/>
</bind>
</comp>

<comp id="371" class="1005" name="tmp_1_reg_371">
<pin_list>
<pin id="372" dir="0" index="0" bw="8" slack="1"/>
<pin id="373" dir="1" index="1" bw="8" slack="1"/>
</pin_list>
<bind>
<opset="tmp_1 "/>
</bind>
</comp>

<comp id="376" class="1005" name="tmp_2_reg_376">
<pin_list>
<pin id="377" dir="0" index="0" bw="8" slack="1"/>
<pin id="378" dir="1" index="1" bw="8" slack="1"/>
</pin_list>
<bind>
<opset="tmp_2 "/>
</bind>
</comp>

</comp_list>

<net_list>
<net id="91"><net_src comp="18" pin="0"/><net_sink comp="88" pin=0"/></net>

<net id="95"><net_src comp="18" pin="0"/><net_sink comp="92" pin=0"/></net>

<net id="100"><net_src comp="20" pin="0"/><net_sink comp="96" pin=0"/></net>

<net id="101"><net_src comp="16" pin="0"/><net_sink comp="96" pin=1"/></net>

<net id="106"><net_src comp="22" pin="0"/><net_sink comp="102" pin=0"/></net>

<net id="107"><net_src comp="14" pin="0"/><net_sink comp="102" pin=1"/></net>

<net id="112"><net_src comp="24" pin="0"/><net_sink comp="108" pin=0"/></net>

<net id="113"><net_src comp="4" pin="0"/><net_sink comp="108" pin=1"/></net>

<net id="118"><net_src comp="20" pin="0"/><net_sink comp="114" pin=0"/></net>

<net id="119"><net_src comp="0" pin="0"/><net_sink comp="114" pin=1"/></net>

<net id="125"><net_src comp="64" pin="0"/><net_sink comp="120" pin=0"/></net>

<net id="126"><net_src comp="18" pin="0"/><net_sink comp="120" pin=2"/></net>

<net id="131"><net_src comp="66" pin="0"/><net_sink comp="127" pin=0"/></net>

<net id="137"><net_src comp="12" pin="0"/><net_sink comp="132" pin=0"/></net>

<net id="138"><net_src comp="30" pin="0"/><net_sink comp="132" pin=1"/></net>

<net id="144"><net_src comp="10" pin="0"/><net_sink comp="139" pin=0"/></net>

<net id="145"><net_src comp="30" pin="0"/><net_sink comp="139" pin=1"/></net>

<net id="151"><net_src comp="8" pin="0"/><net_sink comp="146" pin=0"/></net>

<net id="152"><net_src comp="30" pin="0"/><net_sink comp="146" pin=1"/></net>

<net id="158"><net_src comp="6" pin="0"/><net_sink comp="153" pin=0"/></net>

<net id="159"><net_src comp="30" pin="0"/><net_sink comp="153" pin=1"/></net>

<net id="165"><net_src comp="132" pin="3"/><net_sink comp="160" pin=0"/></net>

<net id="171"><net_src comp="139" pin="3"/><net_sink comp="166" pin=0"/></net>

<net id="177"><net_src comp="146" pin="3"/><net_sink comp="172" pin=0"/></net>

<net id="183"><net_src comp="153" pin="3"/><net_sink comp="178" pin=0"/></net>

<net id="187"><net_src comp="96" pin="2"/><net_sink comp="184" pin=0"/></net>

<net id="191"><net_src comp="114" pin="2"/><net_sink comp="188" pin=0"/></net>

<net id="196"><net_src comp="48" pin="0"/><net_sink comp="192" pin=0"/></net>

<net id="201"><net_src comp="188" pin="1"/><net_sink comp="197" pin=0"/></net>

<net id="209"><net_src comp="202" pin="1"/><net_sink comp="205" pin=0"/></net>

<net id="214"><net_src comp="202" pin="1"/><net_sink comp="210" pin=0"/></net>

<net id="215"><net_src comp="52" pin="0"/><net_sink comp="210" pin=1"/></net>

<net id="224"><net_src comp="54" pin="0"/><net_sink comp="219" pin=0"/></net>

<net id="225"><net_src comp="216" pin="1"/><net_sink comp="219" pin=1"/></net>

<net id="226"><net_src comp="56" pin="0"/><net_sink comp="219" pin=2"/></net>

<net id="231"><net_src comp="219" pin="3"/><net_sink comp="227" pin=0"/></net>

<net id="238"><net_src comp="58" pin="0"/><net_sink comp="232" pin=0"/></net>

<net id="239"><net_src comp="227" pin="2"/><net_sink comp="232" pin=1"/></net>

<net id="240"><net_src comp="60" pin="0"/><net_sink comp="232" pin=2"/></net>

<net id="241"><net_src comp="62" pin="0"/><net_sink comp="232" pin=3"/></net>

<net id="245"><net_src comp="202" pin="1"/><net_sink comp="242" pin=0"/></net>

<net id="250"><net_src comp="216" pin="1"/><net_sink comp="246" pin=1"/></net>

<net id="255"><net_src comp="210" pin="2"/><net_sink comp="251" pin=0"/></net>

<net id="260"><net_src comp="246" pin="2"/><net_sink comp="256" pin=0"/></net>

<net id="268"><net_src comp="2" pin="0"/><net_sink comp="264" pin=0"/></net>

<net id="269"><net_src comp="261" pin="1"/><net_sink comp="264" pin=1"/></net>

<net id="270"><net_src comp="264" pin="2"/><net_sink comp="120" pin=1"/></net>

<net id="274"><net_src comp="127" pin="2"/><net_sink comp="271" pin=0"/></net>

<net id="281"><net_src comp="68" pin="0"/><net_sink comp="275" pin=0"/></net>

<net id="282"><net_src comp="127" pin="2"/><net_sink comp="275" pin=1"/></net>

<net id="283"><net_src comp="40" pin="0"/><net_sink comp="275" pin=2"/></net>

<net id="284"><net_src comp="70" pin="0"/><net_sink comp="275" pin=3"/></net>

<net id="291"><net_src comp="68" pin="0"/><net_sink comp="285" pin=0"/></net>

<net id="292"><net_src comp="127" pin="2"/><net_sink comp="285" pin=1"/></net>

<net id="293"><net_src comp="44" pin="0"/><net_sink comp="285" pin=2"/></net>

<net id="294"><net_src comp="72" pin="0"/><net_sink comp="285" pin=3"/></net>

<net id="301"><net_src comp="68" pin="0"/><net_sink comp="295" pin=0"/></net>

<net id="302"><net_src comp="127" pin="2"/><net_sink comp="295" pin=1"/></net>

<net id="303"><net_src comp="74" pin="0"/><net_sink comp="295" pin=2"/></net>

<net id="304"><net_src comp="62" pin="0"/><net_sink comp="295" pin=3"/></net>

<net id="308"><net_src comp="305" pin="1"/><net_sink comp="132" pin=2"/></net>

<net id="309"><net_src comp="305" pin="1"/><net_sink comp="139" pin=2"/></net>

<net id="310"><net_src comp="305" pin="1"/><net_sink comp="146" pin=2"/></net>

<net id="311"><net_src comp="305" pin="1"/><net_sink comp="153" pin=2"/></net>

<net id="315"><net_src comp="88" pin="1"/><net_sink comp="312" pin=0"/></net>

<net id="316"><net_src comp="312" pin="1"/><net_sink comp="197" pin=1"/></net>

<net id="317"><net_src comp="312" pin="1"/><net_sink comp="216" pin=0"/></net>

<net id="318"><net_src comp="312" pin="1"/><net_sink comp="256" pin=1"/></net>

<net id="322"><net_src comp="92" pin="1"/><net_sink comp="319" pin=0"/></net>

<net id="323"><net_src comp="319" pin="1"/><net_sink comp="192" pin=1"/></net>

<net id="324"><net_src comp="319" pin="1"/><net_sink comp="202" pin=0"/></net>

<net id="325"><net_src comp="319" pin="1"/><net_sink comp="251" pin=1"/></net>

<net id="329"><net_src comp="102" pin="2"/><net_sink comp="326" pin=0"/></net>

<net id="330"><net_src comp="326" pin="1"/><net_sink comp="227" pin=1"/></net>

<net id="334"><net_src comp="108" pin="2"/><net_sink comp="331" pin=0"/></net>

<net id="335"><net_src comp="331" pin="1"/><net_sink comp="205" pin=1"/></net>

<net id="339"><net_src comp="184" pin="1"/><net_sink comp="336" pin=0"/></net>

<net id="340"><net_src comp="336" pin="1"/><net_sink comp="246" pin=0"/></net>

<net id="344"><net_src comp="205" pin="2"/><net_sink comp="341" pin=0"/></net>

<net id="348"><net_src comp="232" pin="4"/><net_sink comp="345" pin=0"/></net>

<net id="349"><net_src comp="345" pin="1"/><net_sink comp="261" pin=0"/></net>

<net id="353"><net_src comp="242" pin="1"/><net_sink comp="350" pin=0"/></net>

<net id="354"><net_src comp="350" pin="1"/><net_sink comp="305" pin=0"/></net>

<net id="358"><net_src comp="264" pin="2"/><net_sink comp="355" pin=0"/></net>

<net id="359"><net_src comp="355" pin="1"/><net_sink comp="120" pin=1"/></net>

<net id="360"><net_src comp="355" pin="1"/><net_sink comp="127" pin=1"/></net>

<net id="364"><net_src comp="271" pin="1"/><net_sink comp="361" pin=0"/></net>

<net id="365"><net_src comp="361" pin="1"/><net_sink comp="160" pin=1"/></net>

<net id="369"><net_src comp="275" pin="4"/><net_sink comp="366" pin=0"/></net>

<net id="370"><net_src comp="366" pin="1"/><net_sink comp="166" pin=1"/></net>

<net id="374"><net_src comp="285" pin="4"/><net_sink comp="371" pin=0"/></net>

<net id="375"><net_src comp="371" pin="1"/><net_sink comp="172" pin=1"/></net>

<net id="379"><net_src comp="295" pin="4"/><net_sink comp="376" pin=0"/></net>

<net id="380"><net_src comp="376" pin="1"/><net_sink comp="178" pin=1"/></net>

</net_list>

</model> 
---------------- Datapath Model END ------------------

* FSMD analyzer results:
  - Output states:
	Port: bi | {}
	Port: b_buf_3 | {12 }
	Port: b_buf_2 | {12 }
	Port: b_buf_1 | {12 }
	Port: b_buf | {12 }
 - Input state : 
	Port: mxm_execute_ursa_Pipeline_LOAD_B : zext_ln213 | {1 }
	Port: mxm_execute_ursa_Pipeline_LOAD_B : bi | {3 4 5 6 7 8 9 10 11 }
	Port: mxm_execute_ursa_Pipeline_LOAD_B : select_ln123 | {1 }
	Port: mxm_execute_ursa_Pipeline_LOAD_B : addr_b0 | {1 }
	Port: mxm_execute_ursa_Pipeline_LOAD_B : zext_ln195 | {1 }
  - Chain level:
	State 1
		store_ln123 : 1
		store_ln121 : 1
	State 2
		icmp_ln123 : 1
		add_ln123 : 1
		br_ln123 : 2
		shl_ln1 : 1
		add_ln126 : 2
		trunc_ln4 : 3
		trunc_ln129_1 : 1
		idx_1 : 1
		store_ln123 : 2
		store_ln121 : 2
	State 3
		bi_addr : 1
		w_req : 2
	State 4
	State 5
	State 6
	State 7
	State 8
	State 9
	State 10
	State 11
	State 12
		b_buf_addr : 1
		b_buf_1_addr : 1
		b_buf_2_addr : 1
		b_buf_3_addr : 1
		store_ln129 : 2
		store_ln129 : 2
		store_ln129 : 2
		store_ln129 : 2


============================================================
+ Verbose Summary: Datapath Resource usage 
============================================================

* Functional unit list:
|----------|-------------------------------|---------|---------|
| Operation|        Functional Unit        |    FF   |   LUT   |
|----------|-------------------------------|---------|---------|
|          |        add_ln123_fu_210       |    0    |    23   |
|    add   |        add_ln126_fu_227       |    0    |    39   |
|          |          idx_1_fu_246         |    0    |    37   |
|----------|-------------------------------|---------|---------|
|   icmp   |       icmp_ln123_fu_205       |    0    |    23   |
|----------|-------------------------------|---------|---------|
|          |   zext_ln195_read_read_fu_96  |    0    |    0    |
|          |    addr_b0_read_read_fu_102   |    0    |    0    |
|   read   | select_ln123_read_read_fu_108 |    0    |    0    |
|          |  zext_ln213_read_read_fu_114  |    0    |    0    |
|          |         w_read_fu_127         |    0    |    0    |
|----------|-------------------------------|---------|---------|
|  readreq |       grp_readreq_fu_120      |    0    |    0    |
|----------|-------------------------------|---------|---------|
|          |     zext_ln195_cast_fu_184    |    0    |    0    |
|   zext   |     zext_ln213_cast_fu_188    |    0    |    0    |
|          |       zext_ln129_fu_305       |    0    |    0    |
|----------|-------------------------------|---------|---------|
|bitconcatenate|         shl_ln1_fu_219        |    0    |    0    |
|----------|-------------------------------|---------|---------|
|          |        trunc_ln4_fu_232       |    0    |    0    |
|partselect|          tmp_s_fu_275         |    0    |    0    |
|          |          tmp_1_fu_285         |    0    |    0    |
|          |          tmp_2_fu_295         |    0    |    0    |
|----------|-------------------------------|---------|---------|
|   trunc  |      trunc_ln129_1_fu_242     |    0    |    0    |
|          |       trunc_ln129_fu_271      |    0    |    0    |
|----------|-------------------------------|---------|---------|
|   sext   |       sext_ln126_fu_261       |    0    |    0    |
|----------|-------------------------------|---------|---------|
|   Total  |                               |    0    |   122   |
|----------|-------------------------------|---------|---------|

Memories:
N/A

* Register list:
+-------------------------+--------+
|                         |   FF   |
+-------------------------+--------+
|   addr_b0_read_reg_326  |   32   |
|     bi_addr_reg_355     |   32   |
|    icmp_ln123_reg_341   |    1   |
|       idx_reg_312       |   30   |
|        k_reg_319        |   16   |
|select_ln123_read_reg_331|   16   |
|      tmp_1_reg_371      |    8   |
|      tmp_2_reg_376      |    8   |
|      tmp_s_reg_366      |    8   |
|  trunc_ln129_1_reg_350  |    8   |
|   trunc_ln129_reg_361   |    8   |
|    trunc_ln4_reg_345    |   30   |
| zext_ln195_cast_reg_336 |   30   |
+-------------------------+--------+
|          Total          |   227  |
+-------------------------+--------+

* Multiplexer (MUX) list: 
|--------------------|------|------|------|--------||---------||---------|
|        Comp        |  Pin | Size |  BW  | S x BW ||  Delay  ||   LUT   |
|--------------------|------|------|------|--------||---------||---------|
| grp_readreq_fu_120 |  p1  |   2  |  32  |   64   ||    9    |
|--------------------|------|------|------|--------||---------||---------|
|        Total       |      |      |      |   64   ||  1.588  ||    9    |
|--------------------|------|------|------|--------||---------||---------|



* Summary:
+-----------+--------+--------+--------+
|           |  Delay |   FF   |   LUT  |
+-----------+--------+--------+--------+
|  Function |    -   |    0   |   122  |
|   Memory  |    -   |    -   |    -   |
|Multiplexer|    1   |    -   |    9   |
|  Register |    -   |   227  |    -   |
+-----------+--------+--------+--------+
|   Total   |    1   |   227  |   131  |
+-----------+--------+--------+--------+
