

================================================================
== Vitis HLS Report for 'mxm_execute_ursa_Pipeline_LOAD_B'
================================================================
* Date:           Thu Sep 24 14:32:20 2026

* Version:        2023.2 (Build 4023990 on Oct 11 2023)
* Project:        mxm_execute_ursa
* Solution:       hls (Vivado IP Flow Target)
* Product family: zynq
* Target device:  xc7z020-clg484-1


================================================================
== Performance Estimates
================================================================
+ Timing: 
    * Summary: 
    +--------+----------+----------+------------+
    |  Clock |  Target  | Estimated| Uncertainty|
    +--------+----------+----------+------------+
    |ap_clk  |  10.00 ns|  7.300 ns|     2.70 ns|
    +--------+----------+----------+------------+

+ Latency: 
    * Summary: 
    +---------+---------+----------+----------+-----+-----+---------+
    |  Latency (cycles) |  Latency (absolute) |  Interval | Pipeline|
    |   min   |   max   |    min   |    max   | min | max |   Type  |
    +---------+---------+----------+----------+-----+-----+---------+
    |       47|      155|  0.470 us|  1.550 us|   47|  155|       no|
    +---------+---------+----------+----------+-----+-----+---------+

    + Detail: 
        * Instance: 
        N/A

        * Loop: 
        +----------+---------+---------+----------+-----------+-----------+----------+----------+
        |          |  Latency (cycles) | Iteration|  Initiation Interval  |   Trip   |          |
        | Loop Name|   min   |   max   |  Latency |  achieved |   target  |   Count  | Pipelined|
        +----------+---------+---------+----------+-----------+-----------+----------+----------+
        |- LOAD_B  |       45|      153|        11|          1|          1|  36 ~ 144|       yes|
        +----------+---------+---------+----------+-----------+-----------+----------+----------+

============================================================
+ Verbose Summary: Synthesis Manager
============================================================
InlineROM: 1
ExposeGlobal: 0
============================================================
+ Verbose Summary: CDFG Model
============================================================
IsTopModel: 0
ResetActiveHigh: 1
IsCombinational: 0
IsDatapathOnly: 0
HasWiredReturn: 1
HasMFsm: 2
HasVarLatency: 1
IsPipeline: 0
IsRtlPipelined: 0
IsInstanceOverlapped: 0
IsDontTouch: 0
HasImplIP: 0
IsGatedGlobalClock: 0

+ Individual pipeline summary: 
  * Pipeline-0: initiation interval (II) = 1, depth = 12


============================================================
+ Verbose Summary: Schedule
============================================================
* Number of FSM states : 12
* Pipeline : 1
  Pipeline-0 : II = 1, D = 12, States = { 1 2 3 4 5 6 7 8 9 10 11 12 }
* Dataflow Pipeline: 0

* FSM state transitions: 
1 --> 2 
2 --> 3 
3 --> 4 
4 --> 5 
5 --> 6 
6 --> 7 
7 --> 8 
8 --> 9 
9 --> 10 
10 --> 11 
11 --> 12 
12 --> 

* FSM state operations: 

State 1 <SV = 0> <Delay = 1.58>
ST_1 : Operation 14 [1/1] (0.00ns)   --->   "%idx = alloca i32 1" [/home/ulisses/Projects/ursa/exp/output-stationary-v2/sources/vanilla/src/core/shell.cpp:121->/home/ulisses/Projects/ursa/exp/output-stationary-v2/sources/vanilla/src/core/shell.cpp:216]   --->   Operation 14 'alloca' 'idx' <Predicate = true> <Delay = 0.00>
ST_1 : Operation 15 [1/1] (0.00ns)   --->   "%k = alloca i32 1" [/home/ulisses/Projects/ursa/exp/output-stationary-v2/sources/vanilla/src/core/shell.cpp:123->/home/ulisses/Projects/ursa/exp/output-stationary-v2/sources/vanilla/src/core/shell.cpp:216]   --->   Operation 15 'alloca' 'k' <Predicate = true> <Delay = 0.00>
ST_1 : Operation 16 [1/1] (0.00ns)   --->   "%zext_ln195_read = read i14 @_ssdm_op_Read.ap_auto.i14, i14 %zext_ln195"   --->   Operation 16 'read' 'zext_ln195_read' <Predicate = true> <Delay = 0.00>
ST_1 : Operation 17 [1/1] (0.00ns)   --->   "%addr_b0_read = read i32 @_ssdm_op_Read.ap_auto.i32, i32 %addr_b0"   --->   Operation 17 'read' 'addr_b0_read' <Predicate = true> <Delay = 0.00>
ST_1 : Operation 18 [1/1] (0.00ns)   --->   "%select_ln123_read = read i16 @_ssdm_op_Read.ap_auto.i16, i16 %select_ln123"   --->   Operation 18 'read' 'select_ln123_read' <Predicate = true> <Delay = 0.00>
ST_1 : Operation 19 [1/1] (0.00ns)   --->   "%zext_ln213_read = read i14 @_ssdm_op_Read.ap_auto.i14, i14 %zext_ln213"   --->   Operation 19 'read' 'zext_ln213_read' <Predicate = true> <Delay = 0.00>
ST_1 : Operation 20 [1/1] (0.00ns)   --->   "%zext_ln195_cast = zext i14 %zext_ln195_read"   --->   Operation 20 'zext' 'zext_ln195_cast' <Predicate = true> <Delay = 0.00>
ST_1 : Operation 21 [1/1] (0.00ns)   --->   "%zext_ln213_cast = zext i14 %zext_ln213_read"   --->   Operation 21 'zext' 'zext_ln213_cast' <Predicate = true> <Delay = 0.00>
ST_1 : Operation 22 [1/1] (0.00ns)   --->   "%specinterface_ln0 = specinterface void @_ssdm_op_SpecInterface, i32 %bi, void @empty_20, i32 0, i32 0, void @empty_8, i32 0, i32 1024, void @empty_2, void @empty_1, void @empty_8, i32 8, i32 8, i32 64, i32 16, void @empty_8, void @empty_8, i32 4294967295, i32 0"   --->   Operation 22 'specinterface' 'specinterface_ln0' <Predicate = true> <Delay = 0.00>
ST_1 : Operation 23 [1/1] (1.58ns)   --->   "%store_ln123 = store i16 0, i16 %k" [/home/ulisses/Projects/ursa/exp/output-stationary-v2/sources/vanilla/src/core/shell.cpp:123->/home/ulisses/Projects/ursa/exp/output-stationary-v2/sources/vanilla/src/core/shell.cpp:216]   --->   Operation 23 'store' 'store_ln123' <Predicate = true> <Delay = 1.58>
ST_1 : Operation 24 [1/1] (1.58ns)   --->   "%store_ln121 = store i30 %zext_ln213_cast, i30 %idx" [/home/ulisses/Projects/ursa/exp/output-stationary-v2/sources/vanilla/src/core/shell.cpp:121->/home/ulisses/Projects/ursa/exp/output-stationary-v2/sources/vanilla/src/core/shell.cpp:216]   --->   Operation 24 'store' 'store_ln121' <Predicate = true> <Delay = 1.58>
ST_1 : Operation 25 [1/1] (0.00ns)   --->   "%br_ln0 = br void %VITIS_LOOP_127_1.i"   --->   Operation 25 'br' 'br_ln0' <Predicate = true> <Delay = 0.00>

State 2 <SV = 1> <Delay = 4.08>
ST_2 : Operation 26 [1/1] (0.00ns)   --->   "%k_4 = load i16 %k" [/home/ulisses/Projects/ursa/exp/output-stationary-v2/sources/vanilla/src/core/shell.cpp:129->/home/ulisses/Projects/ursa/exp/output-stationary-v2/sources/vanilla/src/core/shell.cpp:216]   --->   Operation 26 'load' 'k_4' <Predicate = true> <Delay = 0.00>
ST_2 : Operation 27 [1/1] (0.00ns)   --->   "%specbitsmap_ln0 = specbitsmap void @_ssdm_op_SpecBitsMap, i32 %bi"   --->   Operation 27 'specbitsmap' 'specbitsmap_ln0' <Predicate = true> <Delay = 0.00>
ST_2 : Operation 28 [1/1] (2.07ns)   --->   "%icmp_ln123 = icmp_eq  i16 %k_4, i16 %select_ln123_read" [/home/ulisses/Projects/ursa/exp/output-stationary-v2/sources/vanilla/src/core/shell.cpp:123->/home/ulisses/Projects/ursa/exp/output-stationary-v2/sources/vanilla/src/core/shell.cpp:216]   --->   Operation 28 'icmp' 'icmp_ln123' <Predicate = true> <Delay = 2.07> <CoreInst = "Cmp">   --->   Core 9 'Cmp' <Latency = 0> <II = 1> <Delay = 2.07> <FuncUnit> <Opcode : 'icmp'> <InPorts = 2> <OutPorts = 1>
ST_2 : Operation 29 [1/1] (2.07ns)   --->   "%add_ln123 = add i16 %k_4, i16 1" [/home/ulisses/Projects/ursa/exp/output-stationary-v2/sources/vanilla/src/core/shell.cpp:123->/home/ulisses/Projects/ursa/exp/output-stationary-v2/sources/vanilla/src/core/shell.cpp:216]   --->   Operation 29 'add' 'add_ln123' <Predicate = true> <Delay = 2.07> <CoreInst = "Adder">   --->   Core 1 'Adder' <Latency = 0> <II = 1> <Delay = 2.07> <FuncUnit> <Opcode : 'add' 'sub'> <InPorts = 2> <OutPorts = 1>
ST_2 : Operation 30 [1/1] (0.00ns)   --->   "%br_ln123 = br i1 %icmp_ln123, void %VITIS_LOOP_127_1.i.split, void %for.body33.preheader.exitStub" [/home/ulisses/Projects/ursa/exp/output-stationary-v2/sources/vanilla/src/core/shell.cpp:123->/home/ulisses/Projects/ursa/exp/output-stationary-v2/sources/vanilla/src/core/shell.cpp:216]   --->   Operation 30 'br' 'br_ln123' <Predicate = true> <Delay = 0.00>
ST_2 : Operation 31 [1/1] (0.00ns)   --->   "%idx_load = load i30 %idx" [/home/ulisses/Projects/ursa/exp/output-stationary-v2/sources/vanilla/src/core/shell.cpp:131->/home/ulisses/Projects/ursa/exp/output-stationary-v2/sources/vanilla/src/core/shell.cpp:216]   --->   Operation 31 'load' 'idx_load' <Predicate = (!icmp_ln123)> <Delay = 0.00>
ST_2 : Operation 32 [1/1] (0.00ns)   --->   "%shl_ln1 = bitconcatenate i32 @_ssdm_op_BitConcatenate.i32.i30.i2, i30 %idx_load, i2 0" [/home/ulisses/Projects/ursa/exp/output-stationary-v2/sources/vanilla/src/core/shell.cpp:126->/home/ulisses/Projects/ursa/exp/output-stationary-v2/sources/vanilla/src/core/shell.cpp:216]   --->   Operation 32 'bitconcatenate' 'shl_ln1' <Predicate = (!icmp_ln123)> <Delay = 0.00>
ST_2 : Operation 33 [1/1] (2.55ns)   --->   "%add_ln126 = add i32 %shl_ln1, i32 %addr_b0_read" [/home/ulisses/Projects/ursa/exp/output-stationary-v2/sources/vanilla/src/core/shell.cpp:126->/home/ulisses/Projects/ursa/exp/output-stationary-v2/sources/vanilla/src/core/shell.cpp:216]   --->   Operation 33 'add' 'add_ln126' <Predicate = (!icmp_ln123)> <Delay = 2.55> <CoreInst = "Adder">   --->   Core 1 'Adder' <Latency = 0> <II = 1> <Delay = 2.55> <FuncUnit> <Opcode : 'add' 'sub'> <InPorts = 2> <OutPorts = 1>
ST_2 : Operation 34 [1/1] (0.00ns)   --->   "%trunc_ln4 = partselect i30 @_ssdm_op_PartSelect.i30.i32.i32.i32, i32 %add_ln126, i32 2, i32 31" [/home/ulisses/Projects/ursa/exp/output-stationary-v2/sources/vanilla/src/core/shell.cpp:126->/home/ulisses/Projects/ursa/exp/output-stationary-v2/sources/vanilla/src/core/shell.cpp:216]   --->   Operation 34 'partselect' 'trunc_ln4' <Predicate = (!icmp_ln123)> <Delay = 0.00>
ST_2 : Operation 35 [1/1] (0.00ns)   --->   "%trunc_ln129_1 = trunc i16 %k_4" [/home/ulisses/Projects/ursa/exp/output-stationary-v2/sources/vanilla/src/core/shell.cpp:129->/home/ulisses/Projects/ursa/exp/output-stationary-v2/sources/vanilla/src/core/shell.cpp:216]   --->   Operation 35 'trunc' 'trunc_ln129_1' <Predicate = (!icmp_ln123)> <Delay = 0.00>
ST_2 : Operation 36 [1/1] (2.49ns)   --->   "%idx_1 = add i30 %zext_ln195_cast, i30 %idx_load" [/home/ulisses/Projects/ursa/exp/output-stationary-v2/sources/vanilla/src/core/shell.cpp:131->/home/ulisses/Projects/ursa/exp/output-stationary-v2/sources/vanilla/src/core/shell.cpp:216]   --->   Operation 36 'add' 'idx_1' <Predicate = (!icmp_ln123)> <Delay = 2.49> <CoreInst = "Adder">   --->   Core 1 'Adder' <Latency = 0> <II = 1> <Delay = 2.49> <FuncUnit> <Opcode : 'add' 'sub'> <InPorts = 2> <OutPorts = 1>
ST_2 : Operation 37 [1/1] (1.58ns)   --->   "%store_ln123 = store i16 %add_ln123, i16 %k" [/home/ulisses/Projects/ursa/exp/output-stationary-v2/sources/vanilla/src/core/shell.cpp:123->/home/ulisses/Projects/ursa/exp/output-stationary-v2/sources/vanilla/src/core/shell.cpp:216]   --->   Operation 37 'store' 'store_ln123' <Predicate = (!icmp_ln123)> <Delay = 1.58>
ST_2 : Operation 38 [1/1] (1.58ns)   --->   "%store_ln121 = store i30 %idx_1, i30 %idx" [/home/ulisses/Projects/ursa/exp/output-stationary-v2/sources/vanilla/src/core/shell.cpp:121->/home/ulisses/Projects/ursa/exp/output-stationary-v2/sources/vanilla/src/core/shell.cpp:216]   --->   Operation 38 'store' 'store_ln121' <Predicate = (!icmp_ln123)> <Delay = 1.58>

State 3 <SV = 2> <Delay = 7.30>
ST_3 : Operation 39 [1/1] (0.00ns)   --->   "%sext_ln126 = sext i30 %trunc_ln4" [/home/ulisses/Projects/ursa/exp/output-stationary-v2/sources/vanilla/src/core/shell.cpp:126->/home/ulisses/Projects/ursa/exp/output-stationary-v2/sources/vanilla/src/core/shell.cpp:216]   --->   Operation 39 'sext' 'sext_ln126' <Predicate = true> <Delay = 0.00>
ST_3 : Operation 40 [1/1] (0.00ns)   --->   "%bi_addr = getelementptr i32 %bi, i32 %sext_ln126" [/home/ulisses/Projects/ursa/exp/output-stationary-v2/sources/vanilla/src/core/shell.cpp:126->/home/ulisses/Projects/ursa/exp/output-stationary-v2/sources/vanilla/src/core/shell.cpp:216]   --->   Operation 40 'getelementptr' 'bi_addr' <Predicate = true> <Delay = 0.00>
ST_3 : Operation 41 [8/8] (7.30ns)   --->   "%w_req = readreq i1 @_ssdm_op_ReadReq.m_axi.i32P1A, i32 %bi_addr, i32 1" [/home/ulisses/Projects/ursa/exp/output-stationary-v2/sources/vanilla/src/core/shell.cpp:126->/home/ulisses/Projects/ursa/exp/output-stationary-v2/sources/vanilla/src/core/shell.cpp:216]   --->   Operation 41 'readreq' 'w_req' <Predicate = true> <Delay = 7.30> <CoreInst = "m_axi">   --->   Core 113 'm_axi' <Latency = 0> <II = 1> <Delay = 1.00> <Adapter> <Opcode : 'read' 'write' 'readreq' 'writereq' 'writeresp'>

State 4 <SV = 3> <Delay = 7.30>
ST_4 : Operation 42 [7/8] (7.30ns)   --->   "%w_req = readreq i1 @_ssdm_op_ReadReq.m_axi.i32P1A, i32 %bi_addr, i32 1" [/home/ulisses/Projects/ursa/exp/output-stationary-v2/sources/vanilla/src/core/shell.cpp:126->/home/ulisses/Projects/ursa/exp/output-stationary-v2/sources/vanilla/src/core/shell.cpp:216]   --->   Operation 42 'readreq' 'w_req' <Predicate = true> <Delay = 7.30> <CoreInst = "m_axi">   --->   Core 113 'm_axi' <Latency = 0> <II = 1> <Delay = 1.00> <Adapter> <Opcode : 'read' 'write' 'readreq' 'writereq' 'writeresp'>

State 5 <SV = 4> <Delay = 7.30>
ST_5 : Operation 43 [6/8] (7.30ns)   --->   "%w_req = readreq i1 @_ssdm_op_ReadReq.m_axi.i32P1A, i32 %bi_addr, i32 1" [/home/ulisses/Projects/ursa/exp/output-stationary-v2/sources/vanilla/src/core/shell.cpp:126->/home/ulisses/Projects/ursa/exp/output-stationary-v2/sources/vanilla/src/core/shell.cpp:216]   --->   Operation 43 'readreq' 'w_req' <Predicate = true> <Delay = 7.30> <CoreInst = "m_axi">   --->   Core 113 'm_axi' <Latency = 0> <II = 1> <Delay = 1.00> <Adapter> <Opcode : 'read' 'write' 'readreq' 'writereq' 'writeresp'>

State 6 <SV = 5> <Delay = 7.30>
ST_6 : Operation 44 [5/8] (7.30ns)   --->   "%w_req = readreq i1 @_ssdm_op_ReadReq.m_axi.i32P1A, i32 %bi_addr, i32 1" [/home/ulisses/Projects/ursa/exp/output-stationary-v2/sources/vanilla/src/core/shell.cpp:126->/home/ulisses/Projects/ursa/exp/output-stationary-v2/sources/vanilla/src/core/shell.cpp:216]   --->   Operation 44 'readreq' 'w_req' <Predicate = true> <Delay = 7.30> <CoreInst = "m_axi">   --->   Core 113 'm_axi' <Latency = 0> <II = 1> <Delay = 1.00> <Adapter> <Opcode : 'read' 'write' 'readreq' 'writereq' 'writeresp'>

State 7 <SV = 6> <Delay = 7.30>
ST_7 : Operation 45 [4/8] (7.30ns)   --->   "%w_req = readreq i1 @_ssdm_op_ReadReq.m_axi.i32P1A, i32 %bi_addr, i32 1" [/home/ulisses/Projects/ursa/exp/output-stationary-v2/sources/vanilla/src/core/shell.cpp:126->/home/ulisses/Projects/ursa/exp/output-stationary-v2/sources/vanilla/src/core/shell.cpp:216]   --->   Operation 45 'readreq' 'w_req' <Predicate = true> <Delay = 7.30> <CoreInst = "m_axi">   --->   Core 113 'm_axi' <Latency = 0> <II = 1> <Delay = 1.00> <Adapter> <Opcode : 'read' 'write' 'readreq' 'writereq' 'writeresp'>

State 8 <SV = 7> <Delay = 7.30>
ST_8 : Operation 46 [3/8] (7.30ns)   --->   "%w_req = readreq i1 @_ssdm_op_ReadReq.m_axi.i32P1A, i32 %bi_addr, i32 1" [/home/ulisses/Projects/ursa/exp/output-stationary-v2/sources/vanilla/src/core/shell.cpp:126->/home/ulisses/Projects/ursa/exp/output-stationary-v2/sources/vanilla/src/core/shell.cpp:216]   --->   Operation 46 'readreq' 'w_req' <Predicate = true> <Delay = 7.30> <CoreInst = "m_axi">   --->   Core 113 'm_axi' <Latency = 0> <II = 1> <Delay = 1.00> <Adapter> <Opcode : 'read' 'write' 'readreq' 'writereq' 'writeresp'>

State 9 <SV = 8> <Delay = 7.30>
ST_9 : Operation 47 [2/8] (7.30ns)   --->   "%w_req = readreq i1 @_ssdm_op_ReadReq.m_axi.i32P1A, i32 %bi_addr, i32 1" [/home/ulisses/Projects/ursa/exp/output-stationary-v2/sources/vanilla/src/core/shell.cpp:126->/home/ulisses/Projects/ursa/exp/output-stationary-v2/sources/vanilla/src/core/shell.cpp:216]   --->   Operation 47 'readreq' 'w_req' <Predicate = true> <Delay = 7.30> <CoreInst = "m_axi">   --->   Core 113 'm_axi' <Latency = 0> <II = 1> <Delay = 1.00> <Adapter> <Opcode : 'read' 'write' 'readreq' 'writereq' 'writeresp'>

State 10 <SV = 9> <Delay = 7.30>
ST_10 : Operation 48 [1/8] (7.30ns)   --->   "%w_req = readreq i1 @_ssdm_op_ReadReq.m_axi.i32P1A, i32 %bi_addr, i32 1" [/home/ulisses/Projects/ursa/exp/output-stationary-v2/sources/vanilla/src/core/shell.cpp:126->/home/ulisses/Projects/ursa/exp/output-stationary-v2/sources/vanilla/src/core/shell.cpp:216]   --->   Operation 48 'readreq' 'w_req' <Predicate = true> <Delay = 7.30> <CoreInst = "m_axi">   --->   Core 113 'm_axi' <Latency = 0> <II = 1> <Delay = 1.00> <Adapter> <Opcode : 'read' 'write' 'readreq' 'writereq' 'writeresp'>

State 11 <SV = 10> <Delay = 7.30>
ST_11 : Operation 49 [1/1] (7.30ns)   --->   "%w = read i32 @_ssdm_op_Read.m_axi.i32P1A, i32 %bi_addr" [/home/ulisses/Projects/ursa/exp/output-stationary-v2/sources/vanilla/src/core/shell.cpp:126->/home/ulisses/Projects/ursa/exp/output-stationary-v2/sources/vanilla/src/core/shell.cpp:216]   --->   Operation 49 'read' 'w' <Predicate = true> <Delay = 7.30> <CoreInst = "m_axi">   --->   Core 113 'm_axi' <Latency = 0> <II = 1> <Delay = 1.00> <Adapter> <Opcode : 'read' 'write' 'readreq' 'writereq' 'writeresp'>
ST_11 : Operation 50 [1/1] (0.00ns)   --->   "%trunc_ln129 = trunc i32 %w" [/home/ulisses/Projects/ursa/exp/output-stationary-v2/sources/vanilla/src/core/shell.cpp:129->/home/ulisses/Projects/ursa/exp/output-stationary-v2/sources/vanilla/src/core/shell.cpp:216]   --->   Operation 50 'trunc' 'trunc_ln129' <Predicate = true> <Delay = 0.00>
ST_11 : Operation 51 [1/1] (0.00ns)   --->   "%tmp_s = partselect i8 @_ssdm_op_PartSelect.i8.i32.i32.i32, i32 %w, i32 8, i32 15" [/home/ulisses/Projects/ursa/exp/output-stationary-v2/sources/vanilla/src/core/shell.cpp:129->/home/ulisses/Projects/ursa/exp/output-stationary-v2/sources/vanilla/src/core/shell.cpp:216]   --->   Operation 51 'partselect' 'tmp_s' <Predicate = true> <Delay = 0.00>
ST_11 : Operation 52 [1/1] (0.00ns)   --->   "%tmp_1 = partselect i8 @_ssdm_op_PartSelect.i8.i32.i32.i32, i32 %w, i32 16, i32 23" [/home/ulisses/Projects/ursa/exp/output-stationary-v2/sources/vanilla/src/core/shell.cpp:129->/home/ulisses/Projects/ursa/exp/output-stationary-v2/sources/vanilla/src/core/shell.cpp:216]   --->   Operation 52 'partselect' 'tmp_1' <Predicate = true> <Delay = 0.00>
ST_11 : Operation 53 [1/1] (0.00ns)   --->   "%tmp_2 = partselect i8 @_ssdm_op_PartSelect.i8.i32.i32.i32, i32 %w, i32 24, i32 31" [/home/ulisses/Projects/ursa/exp/output-stationary-v2/sources/vanilla/src/core/shell.cpp:129->/home/ulisses/Projects/ursa/exp/output-stationary-v2/sources/vanilla/src/core/shell.cpp:216]   --->   Operation 53 'partselect' 'tmp_2' <Predicate = true> <Delay = 0.00>
ST_11 : Operation 67 [1/1] (0.00ns)   --->   "%ret_ln0 = ret"   --->   Operation 67 'ret' 'ret_ln0' <Predicate = (icmp_ln123)> <Delay = 0.00>

State 12 <SV = 11> <Delay = 3.25>
ST_12 : Operation 54 [1/1] (0.00ns)   --->   "%specpipeline_ln124 = specpipeline void @_ssdm_op_SpecPipeline, i32 1, i32 0, i32 0, i32 0, void @empty_8" [/home/ulisses/Projects/ursa/exp/output-stationary-v2/sources/vanilla/src/core/shell.cpp:124->/home/ulisses/Projects/ursa/exp/output-stationary-v2/sources/vanilla/src/core/shell.cpp:216]   --->   Operation 54 'specpipeline' 'specpipeline_ln124' <Predicate = true> <Delay = 0.00>
ST_12 : Operation 55 [1/1] (0.00ns)   --->   "%speclooptripcount_ln125 = speclooptripcount void @_ssdm_op_SpecLoopTripCount, i64 36, i64 144, i64 144" [/home/ulisses/Projects/ursa/exp/output-stationary-v2/sources/vanilla/src/core/shell.cpp:125->/home/ulisses/Projects/ursa/exp/output-stationary-v2/sources/vanilla/src/core/shell.cpp:216]   --->   Operation 55 'speclooptripcount' 'speclooptripcount_ln125' <Predicate = true> <Delay = 0.00>
ST_12 : Operation 56 [1/1] (0.00ns)   --->   "%specloopname_ln123 = specloopname void @_ssdm_op_SpecLoopName, void @empty_16" [/home/ulisses/Projects/ursa/exp/output-stationary-v2/sources/vanilla/src/core/shell.cpp:123->/home/ulisses/Projects/ursa/exp/output-stationary-v2/sources/vanilla/src/core/shell.cpp:216]   --->   Operation 56 'specloopname' 'specloopname_ln123' <Predicate = true> <Delay = 0.00>
ST_12 : Operation 57 [1/1] (0.00ns)   --->   "%zext_ln129 = zext i8 %trunc_ln129_1" [/home/ulisses/Projects/ursa/exp/output-stationary-v2/sources/vanilla/src/core/shell.cpp:129->/home/ulisses/Projects/ursa/exp/output-stationary-v2/sources/vanilla/src/core/shell.cpp:216]   --->   Operation 57 'zext' 'zext_ln129' <Predicate = true> <Delay = 0.00>
ST_12 : Operation 58 [1/1] (0.00ns)   --->   "%b_buf_addr = getelementptr i8 %b_buf, i32 0, i32 %zext_ln129" [/home/ulisses/Projects/ursa/exp/output-stationary-v2/sources/vanilla/src/core/shell.cpp:129->/home/ulisses/Projects/ursa/exp/output-stationary-v2/sources/vanilla/src/core/shell.cpp:216]   --->   Operation 58 'getelementptr' 'b_buf_addr' <Predicate = true> <Delay = 0.00>
ST_12 : Operation 59 [1/1] (0.00ns)   --->   "%b_buf_1_addr = getelementptr i8 %b_buf_1, i32 0, i32 %zext_ln129" [/home/ulisses/Projects/ursa/exp/output-stationary-v2/sources/vanilla/src/core/shell.cpp:129->/home/ulisses/Projects/ursa/exp/output-stationary-v2/sources/vanilla/src/core/shell.cpp:216]   --->   Operation 59 'getelementptr' 'b_buf_1_addr' <Predicate = true> <Delay = 0.00>
ST_12 : Operation 60 [1/1] (0.00ns)   --->   "%b_buf_2_addr = getelementptr i8 %b_buf_2, i32 0, i32 %zext_ln129" [/home/ulisses/Projects/ursa/exp/output-stationary-v2/sources/vanilla/src/core/shell.cpp:129->/home/ulisses/Projects/ursa/exp/output-stationary-v2/sources/vanilla/src/core/shell.cpp:216]   --->   Operation 60 'getelementptr' 'b_buf_2_addr' <Predicate = true> <Delay = 0.00>
ST_12 : Operation 61 [1/1] (0.00ns)   --->   "%b_buf_3_addr = getelementptr i8 %b_buf_3, i32 0, i32 %zext_ln129" [/home/ulisses/Projects/ursa/exp/output-stationary-v2/sources/vanilla/src/core/shell.cpp:129->/home/ulisses/Projects/ursa/exp/output-stationary-v2/sources/vanilla/src/core/shell.cpp:216]   --->   Operation 61 'getelementptr' 'b_buf_3_addr' <Predicate = true> <Delay = 0.00>
ST_12 : Operation 62 [1/1] (3.25ns)   --->   "%store_ln129 = store i8 %trunc_ln129, i8 %b_buf_addr" [/home/ulisses/Projects/ursa/exp/output-stationary-v2/sources/vanilla/src/core/shell.cpp:129->/home/ulisses/Projects/ursa/exp/output-stationary-v2/sources/vanilla/src/core/shell.cpp:216]   --->   Operation 62 'store' 'store_ln129' <Predicate = true> <Delay = 3.25> <CoreInst = "RAM">   --->   Core 82 'RAM' <Latency = 1> <II = 1> <Delay = 3.25> <Storage> <Opcode : 'load' 'store'> <Ports = 2> <Width = 8> <Depth = 256> <RAM>
ST_12 : Operation 63 [1/1] (3.25ns)   --->   "%store_ln129 = store i8 %tmp_s, i8 %b_buf_1_addr" [/home/ulisses/Projects/ursa/exp/output-stationary-v2/sources/vanilla/src/core/shell.cpp:129->/home/ulisses/Projects/ursa/exp/output-stationary-v2/sources/vanilla/src/core/shell.cpp:216]   --->   Operation 63 'store' 'store_ln129' <Predicate = true> <Delay = 3.25> <CoreInst = "RAM">   --->   Core 82 'RAM' <Latency = 1> <II = 1> <Delay = 3.25> <Storage> <Opcode : 'load' 'store'> <Ports = 2> <Width = 8> <Depth = 256> <RAM>
ST_12 : Operation 64 [1/1] (3.25ns)   --->   "%store_ln129 = store i8 %tmp_1, i8 %b_buf_2_addr" [/home/ulisses/Projects/ursa/exp/output-stationary-v2/sources/vanilla/src/core/shell.cpp:129->/home/ulisses/Projects/ursa/exp/output-stationary-v2/sources/vanilla/src/core/shell.cpp:216]   --->   Operation 64 'store' 'store_ln129' <Predicate = true> <Delay = 3.25> <CoreInst = "RAM">   --->   Core 82 'RAM' <Latency = 1> <II = 1> <Delay = 3.25> <Storage> <Opcode : 'load' 'store'> <Ports = 2> <Width = 8> <Depth = 256> <RAM>
ST_12 : Operation 65 [1/1] (3.25ns)   --->   "%store_ln129 = store i8 %tmp_2, i8 %b_buf_3_addr" [/home/ulisses/Projects/ursa/exp/output-stationary-v2/sources/vanilla/src/core/shell.cpp:129->/home/ulisses/Projects/ursa/exp/output-stationary-v2/sources/vanilla/src/core/shell.cpp:216]   --->   Operation 65 'store' 'store_ln129' <Predicate = true> <Delay = 3.25> <CoreInst = "RAM">   --->   Core 82 'RAM' <Latency = 1> <II = 1> <Delay = 3.25> <Storage> <Opcode : 'load' 'store'> <Ports = 2> <Width = 8> <Depth = 256> <RAM>
ST_12 : Operation 66 [1/1] (0.00ns)   --->   "%br_ln123 = br void %VITIS_LOOP_127_1.i" [/home/ulisses/Projects/ursa/exp/output-stationary-v2/sources/vanilla/src/core/shell.cpp:123->/home/ulisses/Projects/ursa/exp/output-stationary-v2/sources/vanilla/src/core/shell.cpp:216]   --->   Operation 66 'br' 'br_ln123' <Predicate = true> <Delay = 0.00>


============================================================
+ Verbose Summary: Timing violations
============================================================
Target clock period: 10.000ns, clock uncertainty: 2.700ns.

 <State 1>: 1.588ns
The critical path consists of the following:
	'alloca' operation 16 bit ('k', /home/ulisses/Projects/ursa/exp/output-stationary-v2/sources/vanilla/src/core/shell.cpp:123->/home/ulisses/Projects/ursa/exp/output-stationary-v2/sources/vanilla/src/core/shell.cpp:216) [11]  (0.000 ns)
	'store' operation 0 bit ('store_ln123', /home/ulisses/Projects/ursa/exp/output-stationary-v2/sources/vanilla/src/core/shell.cpp:123->/home/ulisses/Projects/ursa/exp/output-stationary-v2/sources/vanilla/src/core/shell.cpp:216) of constant 0 on local variable 'k', /home/ulisses/Projects/ursa/exp/output-stationary-v2/sources/vanilla/src/core/shell.cpp:123->/home/ulisses/Projects/ursa/exp/output-stationary-v2/sources/vanilla/src/core/shell.cpp:216 [19]  (1.588 ns)

 <State 2>: 4.081ns
The critical path consists of the following:
	'load' operation 30 bit ('idx_load', /home/ulisses/Projects/ursa/exp/output-stationary-v2/sources/vanilla/src/core/shell.cpp:131->/home/ulisses/Projects/ursa/exp/output-stationary-v2/sources/vanilla/src/core/shell.cpp:216) on local variable 'idx', /home/ulisses/Projects/ursa/exp/output-stationary-v2/sources/vanilla/src/core/shell.cpp:121->/home/ulisses/Projects/ursa/exp/output-stationary-v2/sources/vanilla/src/core/shell.cpp:216 [29]  (0.000 ns)
	'add' operation 30 bit ('idx', /home/ulisses/Projects/ursa/exp/output-stationary-v2/sources/vanilla/src/core/shell.cpp:131->/home/ulisses/Projects/ursa/exp/output-stationary-v2/sources/vanilla/src/core/shell.cpp:216) [54]  (2.493 ns)
	'store' operation 0 bit ('store_ln121', /home/ulisses/Projects/ursa/exp/output-stationary-v2/sources/vanilla/src/core/shell.cpp:121->/home/ulisses/Projects/ursa/exp/output-stationary-v2/sources/vanilla/src/core/shell.cpp:216) of variable 'idx', /home/ulisses/Projects/ursa/exp/output-stationary-v2/sources/vanilla/src/core/shell.cpp:131->/home/ulisses/Projects/ursa/exp/output-stationary-v2/sources/vanilla/src/core/shell.cpp:216 on local variable 'idx', /home/ulisses/Projects/ursa/exp/output-stationary-v2/sources/vanilla/src/core/shell.cpp:121->/home/ulisses/Projects/ursa/exp/output-stationary-v2/sources/vanilla/src/core/shell.cpp:216 [56]  (1.588 ns)

 <State 3>: 7.300ns
The critical path consists of the following:
	'getelementptr' operation 32 bit ('bi_addr', /home/ulisses/Projects/ursa/exp/output-stationary-v2/sources/vanilla/src/core/shell.cpp:126->/home/ulisses/Projects/ursa/exp/output-stationary-v2/sources/vanilla/src/core/shell.cpp:216) [37]  (0.000 ns)
	bus request operation ('w_req', /home/ulisses/Projects/ursa/exp/output-stationary-v2/sources/vanilla/src/core/shell.cpp:126->/home/ulisses/Projects/ursa/exp/output-stationary-v2/sources/vanilla/src/core/shell.cpp:216) on port 'bi' (/home/ulisses/Projects/ursa/exp/output-stationary-v2/sources/vanilla/src/core/shell.cpp:126->/home/ulisses/Projects/ursa/exp/output-stationary-v2/sources/vanilla/src/core/shell.cpp:216) [38]  (7.300 ns)

 <State 4>: 7.300ns
The critical path consists of the following:
	bus request operation ('w_req', /home/ulisses/Projects/ursa/exp/output-stationary-v2/sources/vanilla/src/core/shell.cpp:126->/home/ulisses/Projects/ursa/exp/output-stationary-v2/sources/vanilla/src/core/shell.cpp:216) on port 'bi' (/home/ulisses/Projects/ursa/exp/output-stationary-v2/sources/vanilla/src/core/shell.cpp:126->/home/ulisses/Projects/ursa/exp/output-stationary-v2/sources/vanilla/src/core/shell.cpp:216) [38]  (7.300 ns)

 <State 5>: 7.300ns
The critical path consists of the following:
	bus request operation ('w_req', /home/ulisses/Projects/ursa/exp/output-stationary-v2/sources/vanilla/src/core/shell.cpp:126->/home/ulisses/Projects/ursa/exp/output-stationary-v2/sources/vanilla/src/core/shell.cpp:216) on port 'bi' (/home/ulisses/Projects/ursa/exp/output-stationary-v2/sources/vanilla/src/core/shell.cpp:126->/home/ulisses/Projects/ursa/exp/output-stationary-v2/sources/vanilla/src/core/shell.cpp:216) [38]  (7.300 ns)

 <State 6>: 7.300ns
The critical path consists of the following:
	bus request operation ('w_req', /home/ulisses/Projects/ursa/exp/output-stationary-v2/sources/vanilla/src/core/shell.cpp:126->/home/ulisses/Projects/ursa/exp/output-stationary-v2/sources/vanilla/src/core/shell.cpp:216) on port 'bi' (/home/ulisses/Projects/ursa/exp/output-stationary-v2/sources/vanilla/src/core/shell.cpp:126->/home/ulisses/Projects/ursa/exp/output-stationary-v2/sources/vanilla/src/core/shell.cpp:216) [38]  (7.300 ns)

 <State 7>: 7.300ns
The critical path consists of the following:
	bus request operation ('w_req', /home/ulisses/Projects/ursa/exp/output-stationary-v2/sources/vanilla/src/core/shell.cpp:126->/home/ulisses/Projects/ursa/exp/output-stationary-v2/sources/vanilla/src/core/shell.cpp:216) on port 'bi' (/home/ulisses/Projects/ursa/exp/output-stationary-v2/sources/vanilla/src/core/shell.cpp:126->/home/ulisses/Projects/ursa/exp/output-stationary-v2/sources/vanilla/src/core/shell.cpp:216) [38]  (7.300 ns)

 <State 8>: 7.300ns
The critical path consists of the following:
	bus request operation ('w_req', /home/ulisses/Projects/ursa/exp/output-stationary-v2/sources/vanilla/src/core/shell.cpp:126->/home/ulisses/Projects/ursa/exp/output-stationary-v2/sources/vanilla/src/core/shell.cpp:216) on port 'bi' (/home/ulisses/Projects/ursa/exp/output-stationary-v2/sources/vanilla/src/core/shell.cpp:126->/home/ulisses/Projects/ursa/exp/output-stationary-v2/sources/vanilla/src/core/shell.cpp:216) [38]  (7.300 ns)

 <State 9>: 7.300ns
The critical path consists of the following:
	bus request operation ('w_req', /home/ulisses/Projects/ursa/exp/output-stationary-v2/sources/vanilla/src/core/shell.cpp:126->/home/ulisses/Projects/ursa/exp/output-stationary-v2/sources/vanilla/src/core/shell.cpp:216) on port 'bi' (/home/ulisses/Projects/ursa/exp/output-stationary-v2/sources/vanilla/src/core/shell.cpp:126->/home/ulisses/Projects/ursa/exp/output-stationary-v2/sources/vanilla/src/core/shell.cpp:216) [38]  (7.300 ns)

 <State 10>: 7.300ns
The critical path consists of the following:
	bus request operation ('w_req', /home/ulisses/Projects/ursa/exp/output-stationary-v2/sources/vanilla/src/core/shell.cpp:126->/home/ulisses/Projects/ursa/exp/output-stationary-v2/sources/vanilla/src/core/shell.cpp:216) on port 'bi' (/home/ulisses/Projects/ursa/exp/output-stationary-v2/sources/vanilla/src/core/shell.cpp:126->/home/ulisses/Projects/ursa/exp/output-stationary-v2/sources/vanilla/src/core/shell.cpp:216) [38]  (7.300 ns)

 <State 11>: 7.300ns
The critical path consists of the following:
	bus read operation ('w', /home/ulisses/Projects/ursa/exp/output-stationary-v2/sources/vanilla/src/core/shell.cpp:126->/home/ulisses/Projects/ursa/exp/output-stationary-v2/sources/vanilla/src/core/shell.cpp:216) on port 'bi' (/home/ulisses/Projects/ursa/exp/output-stationary-v2/sources/vanilla/src/core/shell.cpp:126->/home/ulisses/Projects/ursa/exp/output-stationary-v2/sources/vanilla/src/core/shell.cpp:216) [39]  (7.300 ns)

 <State 12>: 3.254ns
The critical path consists of the following:
	'getelementptr' operation 8 bit ('b_buf_addr', /home/ulisses/Projects/ursa/exp/output-stationary-v2/sources/vanilla/src/core/shell.cpp:129->/home/ulisses/Projects/ursa/exp/output-stationary-v2/sources/vanilla/src/core/shell.cpp:216) [43]  (0.000 ns)
	'store' operation 0 bit ('store_ln129', /home/ulisses/Projects/ursa/exp/output-stationary-v2/sources/vanilla/src/core/shell.cpp:129->/home/ulisses/Projects/ursa/exp/output-stationary-v2/sources/vanilla/src/core/shell.cpp:216) of variable 'trunc_ln129', /home/ulisses/Projects/ursa/exp/output-stationary-v2/sources/vanilla/src/core/shell.cpp:129->/home/ulisses/Projects/ursa/exp/output-stationary-v2/sources/vanilla/src/core/shell.cpp:216 on array 'b_buf' [50]  (3.254 ns)


============================================================
+ Verbose Summary: Binding
============================================================
N/A
* FSMD analyzer results:
  - Output states:
 - Input state : 
  - Chain level:
	State 1
	State 2
	State 3
	State 4
	State 5
	State 6
	State 7
	State 8
	State 9
	State 10
	State 11
	State 12


============================================================
+ Verbose Summary: Datapath Resource usage 
============================================================
N/A
