================================================================
== Design Size Report
================================================================

* Total Instructions per Compilation Phase
+---------------+-----------------------------+--------------+----------------------------------------------------------------------------------------+
| Phase         | Step                        | Instructions | Description                                                                            |
+---------------+-----------------------------+--------------+----------------------------------------------------------------------------------------+
| Compile/Link  |                             |  1,416       | After all functions are compiled and linked into a single design                       |
|               |                             |              |                                                                                        |
| Unroll/Inline |                             |              | After user unroll and inline pragmas are applied                                       |
|               | (1) unroll                  | 16,604       | user unroll pragmas are applied                                                        |
|               | (2) simplification          | 15,056       | simplification of applied user unroll pragmas                                          |
|               | (3) inline                  | 15,058       | user inline pragmas are applied                                                        |
|               | (4) simplification          | 14,546       | simplification of applied user inline pragmas                                          |
|               |                             |              |                                                                                        |
| Array/Struct  |                             |              | After user array partition and struct aggregate/disaggregate pragmas are applied       |
|               | (1) array partition         | 16,147       | user array partition pragmas are applied                                               |
|               | (2) simplification          | 15,795       | simplification of applied user array partition & struct aggregate/disaggregate pragmas |
|               | (3) aggregate/disaggregate  | 15,795       | user struct aggregate/disaggregate pragmas are applied                                 |
|               | (4) array reshape           | 15,779       | apply array reshape pragmas                                                            |
|               | (5) access patterns         | 15,138       | array access pattern optmizations                                                      |
|               |                             |              |                                                                                        |
| Performance   |                             |              | After transformations are applied to meet performance pragma targets                   |
|               | (1) loop simplification     | 15,057       | loop and instruction simplification                                                    |
|               | (2) parallelization         | 12,605       | loops are unrolled or pipelined to meet performance targets                            |
|               | (3) array partition         | 12,643       | arrays are partitioned to meet performance targets                                     |
|               | (4) simplification          | 12,643       | simplification of design after performance transformations                             |
|               |                             |              |                                                                                        |
| HW Transforms |                             |              | After hardware transfomations                                                          |
|               | (1) lowering                | 12,743       | initial conversion to HW specific instructions                                         |
|               | (2) optimizations           | 12,685       | high level synthesis optimizations                                                     |
+---------------+-----------------------------+--------------+----------------------------------------------------------------------------------------+

* Instructions per Function for each Compilation Phase
+--------------------+---------------+--------------+-------------------+-------------------+-------------+---------------+
| Function           | Location      | Compile/Link | Unroll/Inline     | Array/Struct      | Performance | HW Transforms |
+--------------------+---------------+--------------+-------------------+-------------------+-------------+---------------+
| + mxm_execute_ursa | shell.cpp:134 | 1,416        | 14,546            | 15,138            | 12,643      | 12,685        |
|  + sa_init         | sa.cpp:7      |  162         |                   |                   |             |               |
|     pe_init        | pe.cpp:3      |  131         |                   |                   |             |               |
|    fill_inputs_a   | shell.cpp:6   |  216         |   378             |   363             |             |               |
|    fill_inputs_b   | shell.cpp:38  |   95         |   271             |   256             |             |               |
|  + load_inputs_sa  | shell.cpp:122 |   37         |   273             | 1,443             |             |               |
|     sa_input_a_b   | sa.cpp:37     |   15         |   160 (16 calls)  | 1,360 (16 calls)  |             |               |
|  + sa_compute      | sa.cpp:45     |  673         | 11,265            | 11,265            |             |               |
|     pe_compute     | pe.cpp:15     |  551         | 9,984 (256 calls) | 9,984 (256 calls) |             |               |
|    sa_store        | sa.cpp:97     |   81         | 1,505             |   862             |   847       |   877         |
|  + sa_reset        | sa.cpp:25     |   54         |   769             |   769             |   257       |   258         |
|     pe_reset       | pe.cpp:11     |   27         |   512 (256 calls) |   512 (256 calls) |             |               |
+--------------------+---------------+--------------+-------------------+-------------------+-------------+---------------+

* Design Size Message Settings
+---------------------------------------------+--------+------------------------------------------------------------------+
| Message Setting                             | Value  | Description                                                      |
+---------------------------------------------+--------+------------------------------------------------------------------+
| config_compile -design_size_maximum_warning | 100000 | Show a warning when total design instructions exceeds this value |
+---------------------------------------------+--------+------------------------------------------------------------------+


