

================================================================
== Vitis HLS Report for 'sa_store'
================================================================
* Date:           Mon Sep 21 23:35:58 2026

* Version:        2023.2 (Build 4023990 on Oct 11 2023)
* Project:        mxm_execute_ursa
* Solution:       hls (Vivado IP Flow Target)
* Product family: zynq
* Target device:  xc7z020-clg484-1


================================================================
== Performance Estimates
================================================================
+ Timing: 
    * Summary: 
    +--------+---------+----------+------------+
    |  Clock |  Target | Estimated| Uncertainty|
    +--------+---------+----------+------------+
    |ap_clk  |  5.00 ns|  3.650 ns|     1.35 ns|
    +--------+---------+----------+------------+

+ Latency: 
    * Summary: 
    +---------+---------+----------+----------+-----+-----+---------+
    |  Latency (cycles) |  Latency (absolute) |  Interval | Pipeline|
    |   min   |   max   |    min   |    max   | min | max |   Type  |
    +---------+---------+----------+----------+-----+-----+---------+
    |      261|      261|  1.305 us|  1.305 us|  261|  261|       no|
    +---------+---------+----------+----------+-----+-----+---------+

    + Detail: 
        * Instance: 
        N/A

        * Loop: 
        N/A



================================================================
== Utilization Estimates
================================================================
* Summary: 
+-----------------+---------+-----+--------+-------+-----+
|       Name      | BRAM_18K| DSP |   FF   |  LUT  | URAM|
+-----------------+---------+-----+--------+-------+-----+
|DSP              |        -|    2|       -|      -|    -|
|Expression       |        -|    -|       0|    685|    -|
|FIFO             |        -|    -|       -|      -|    -|
|Instance         |        -|    -|       -|      -|    -|
|Memory           |        -|    -|       -|      -|    -|
|Multiplexer      |        -|    -|       -|   2873|    -|
|Register         |        -|    -|     974|      -|    -|
+-----------------+---------+-----+--------+-------+-----+
|Total            |        0|    2|     974|   3558|    0|
+-----------------+---------+-----+--------+-------+-----+
|Available        |      280|  220|  106400|  53200|    0|
+-----------------+---------+-----+--------+-------+-----+
|Utilization (%)  |        0|   ~0|      ~0|      6|    0|
+-----------------+---------+-----+--------+-------+-----+

+ Detail: 
    * Instance: 
    N/A

    * DSP: 
    +-------------------------------------+--------------------------------+--------------+
    |               Instance              |             Module             |  Expression  |
    +-------------------------------------+--------------------------------+--------------+
    |mac_muladd_16ns_6ns_32s_32_4_1_U289  |mac_muladd_16ns_6ns_32s_32_4_1  |  i0 * i1 + i2|
    |mac_muladd_16ns_6ns_32s_32_4_1_U290  |mac_muladd_16ns_6ns_32s_32_4_1  |  i0 * i1 + i2|
    +-------------------------------------+--------------------------------+--------------+

    * Memory: 
    N/A

    * FIFO: 
    N/A

    * Expression: 
    +---------------------+----------+----+---+----+------------+------------+
    |    Variable Name    | Operation| DSP| FF| LUT| Bitwidth P0| Bitwidth P1|
    +---------------------+----------+----+---+----+------------+------------+
    |empty_25_fu_2810_p2  |         +|   0|  0|  39|          32|          32|
    |empty_28_fu_2858_p2  |         +|   0|  0|  39|          32|          32|
    |empty_32_fu_2912_p2  |         +|   0|  0|  39|          32|          32|
    |empty_35_fu_2949_p2  |         +|   0|  0|  39|          32|          32|
    |empty_38_fu_2964_p2  |         +|   0|  0|  39|          32|          32|
    |empty_42_fu_3043_p2  |         +|   0|  0|  39|          32|          32|
    |empty_46_fu_3085_p2  |         +|   0|  0|  39|          32|          32|
    |empty_49_fu_3134_p2  |         +|   0|  0|  39|          32|          32|
    |empty_52_fu_3149_p2  |         +|   0|  0|  39|          32|          32|
    |empty_55_fu_3164_p2  |         +|   0|  0|  39|          32|          32|
    |empty_63_fu_3249_p2  |         +|   0|  0|  39|          32|          32|
    |empty_71_fu_3267_p2  |         +|   0|  0|  39|          32|          32|
    |empty_75_fu_3285_p2  |         +|   0|  0|  39|          32|          32|
    |empty_31_fu_2884_p2  |         -|   0|  0|  28|          21|          21|
    |empty_41_fu_3012_p2  |         -|   0|  0|  29|          22|          22|
    |empty_45_fu_3058_p2  |         -|   0|  0|  29|          22|          22|
    |empty_62_fu_3190_p2  |         -|   0|  0|  30|          23|          23|
    |empty_70_fu_3196_p2  |         -|   0|  0|  30|          23|          23|
    |empty_74_fu_3202_p2  |         -|   0|  0|  30|          23|          23|
    |ap_block_state10_io  |        or|   0|  0|   2|           1|           1|
    +---------------------+----------+----+---+----+------------+------------+
    |Total                |          |   0|  0| 685|         551|         551|
    +---------------------+----------+----+---+----+------------+------------+

    * Multiplexer: 
    +-----------------+------+-----------+-----+-----------+
    |       Name      |  LUT | Input Size| Bits| Total Bits|
    +-----------------+------+-----------+-----+-----------+
    |ap_NS_fsm        |  1398|        263|    1|        263|
    |ca_blk_n_AW      |     9|          2|    1|          2|
    |ca_blk_n_B       |     9|          2|    1|          2|
    |ca_blk_n_W       |     9|          2|    1|          2|
    |m_axi_ca_AWADDR  |    81|         17|   32|        544|
    |m_axi_ca_WDATA   |  1367|        257|   32|       8224|
    +-----------------+------+-----------+-----+-----------+
    |Total            |  2873|        543|   68|       9037|
    +-----------------+------+-----------+-----+-----------+

    * Register: 
    +-----------------------+-----+----+-----+-----------+
    |          Name         |  FF | LUT| Bits| Const Bits|
    +-----------------------+-----+----+-----+-----------+
    |ap_CS_fsm              |  262|   0|  262|          0|
    |empty_25_reg_5661      |   32|   0|   32|          0|
    |empty_28_reg_5699      |   32|   0|   32|          0|
    |empty_31_reg_5715      |   19|   0|   21|          2|
    |empty_41_reg_5808      |   19|   0|   22|          3|
    |empty_45_reg_5839      |   20|   0|   22|          2|
    |empty_62_reg_5912      |   19|   0|   23|          4|
    |empty_70_reg_5917      |   20|   0|   23|          3|
    |empty_74_reg_5922      |   21|   0|   23|          2|
    |p_cast10_reg_5907      |   30|   0|   30|          0|
    |p_cast12_reg_6005      |   30|   0|   30|          0|
    |p_cast14_reg_5969      |   30|   0|   30|          0|
    |p_cast15_reg_6010      |   30|   0|   30|          0|
    |p_cast16_reg_5974      |   30|   0|   30|          0|
    |p_cast1_reg_5834       |   30|   0|   30|          0|
    |p_cast2_reg_5865       |   30|   0|   30|          0|
    |p_cast3_reg_5897       |   30|   0|   30|          0|
    |p_cast4_reg_5704       |   30|   0|   30|          0|
    |p_cast5_reg_5902       |   30|   0|   30|          0|
    |p_cast7_reg_5741       |   30|   0|   30|          0|
    |p_cast8_reg_5767       |   30|   0|   30|          0|
    |p_cast9_reg_5772       |   30|   0|   30|          0|
    |p_cast_reg_5667        |   30|   0|   30|          0|
    |p_shl12_cast_reg_5803  |   16|   0|   22|          6|
    |p_shl1_reg_5798        |   16|   0|   21|          5|
    |p_shl_reg_5709         |   16|   0|   20|          4|
    |tmp_1_reg_5693         |   16|   0|   19|          3|
    |tmp_reg_5654           |   16|   0|   18|          2|
    |trunc_ln1_reg_5979     |   30|   0|   30|          0|
    +-----------------------+-----+----+-----+-----------+
    |Total                  |  974|   0| 1010|         36|
    +-----------------------+-----+----+-----+-----------+



================================================================
== Interface
================================================================
* Summary: 
+---------------------------------------------------------------------------------+-----+-----+------------+---------------------------------------------------------------------------------+--------------+
|                                    RTL Ports                                    | Dir | Bits|  Protocol  |                                  Source Object                                  |    C Type    |
+---------------------------------------------------------------------------------+-----+-----+------------+---------------------------------------------------------------------------------+--------------+
|ap_clk                                                                           |   in|    1|  ap_ctrl_hs|                                                                         sa_store|  return value|
|ap_rst                                                                           |   in|    1|  ap_ctrl_hs|                                                                         sa_store|  return value|
|ap_start                                                                         |   in|    1|  ap_ctrl_hs|                                                                         sa_store|  return value|
|ap_done                                                                          |  out|    1|  ap_ctrl_hs|                                                                         sa_store|  return value|
|ap_idle                                                                          |  out|    1|  ap_ctrl_hs|                                                                         sa_store|  return value|
|ap_ready                                                                         |  out|    1|  ap_ctrl_hs|                                                                         sa_store|  return value|
|m_axi_ca_AWVALID                                                                 |  out|    1|       m_axi|                                                                               ca|       pointer|
|m_axi_ca_AWREADY                                                                 |   in|    1|       m_axi|                                                                               ca|       pointer|
|m_axi_ca_AWADDR                                                                  |  out|   32|       m_axi|                                                                               ca|       pointer|
|m_axi_ca_AWID                                                                    |  out|    1|       m_axi|                                                                               ca|       pointer|
|m_axi_ca_AWLEN                                                                   |  out|   32|       m_axi|                                                                               ca|       pointer|
|m_axi_ca_AWSIZE                                                                  |  out|    3|       m_axi|                                                                               ca|       pointer|
|m_axi_ca_AWBURST                                                                 |  out|    2|       m_axi|                                                                               ca|       pointer|
|m_axi_ca_AWLOCK                                                                  |  out|    2|       m_axi|                                                                               ca|       pointer|
|m_axi_ca_AWCACHE                                                                 |  out|    4|       m_axi|                                                                               ca|       pointer|
|m_axi_ca_AWPROT                                                                  |  out|    3|       m_axi|                                                                               ca|       pointer|
|m_axi_ca_AWQOS                                                                   |  out|    4|       m_axi|                                                                               ca|       pointer|
|m_axi_ca_AWREGION                                                                |  out|    4|       m_axi|                                                                               ca|       pointer|
|m_axi_ca_AWUSER                                                                  |  out|    1|       m_axi|                                                                               ca|       pointer|
|m_axi_ca_WVALID                                                                  |  out|    1|       m_axi|                                                                               ca|       pointer|
|m_axi_ca_WREADY                                                                  |   in|    1|       m_axi|                                                                               ca|       pointer|
|m_axi_ca_WDATA                                                                   |  out|   32|       m_axi|                                                                               ca|       pointer|
|m_axi_ca_WSTRB                                                                   |  out|    4|       m_axi|                                                                               ca|       pointer|
|m_axi_ca_WLAST                                                                   |  out|    1|       m_axi|                                                                               ca|       pointer|
|m_axi_ca_WID                                                                     |  out|    1|       m_axi|                                                                               ca|       pointer|
|m_axi_ca_WUSER                                                                   |  out|    1|       m_axi|                                                                               ca|       pointer|
|m_axi_ca_ARVALID                                                                 |  out|    1|       m_axi|                                                                               ca|       pointer|
|m_axi_ca_ARREADY                                                                 |   in|    1|       m_axi|                                                                               ca|       pointer|
|m_axi_ca_ARADDR                                                                  |  out|   32|       m_axi|                                                                               ca|       pointer|
|m_axi_ca_ARID                                                                    |  out|    1|       m_axi|                                                                               ca|       pointer|
|m_axi_ca_ARLEN                                                                   |  out|   32|       m_axi|                                                                               ca|       pointer|
|m_axi_ca_ARSIZE                                                                  |  out|    3|       m_axi|                                                                               ca|       pointer|
|m_axi_ca_ARBURST                                                                 |  out|    2|       m_axi|                                                                               ca|       pointer|
|m_axi_ca_ARLOCK                                                                  |  out|    2|       m_axi|                                                                               ca|       pointer|
|m_axi_ca_ARCACHE                                                                 |  out|    4|       m_axi|                                                                               ca|       pointer|
|m_axi_ca_ARPROT                                                                  |  out|    3|       m_axi|                                                                               ca|       pointer|
|m_axi_ca_ARQOS                                                                   |  out|    4|       m_axi|                                                                               ca|       pointer|
|m_axi_ca_ARREGION                                                                |  out|    4|       m_axi|                                                                               ca|       pointer|
|m_axi_ca_ARUSER                                                                  |  out|    1|       m_axi|                                                                               ca|       pointer|
|m_axi_ca_RVALID                                                                  |   in|    1|       m_axi|                                                                               ca|       pointer|
|m_axi_ca_RREADY                                                                  |  out|    1|       m_axi|                                                                               ca|       pointer|
|m_axi_ca_RDATA                                                                   |   in|   32|       m_axi|                                                                               ca|       pointer|
|m_axi_ca_RLAST                                                                   |   in|    1|       m_axi|                                                                               ca|       pointer|
|m_axi_ca_RID                                                                     |   in|    1|       m_axi|                                                                               ca|       pointer|
|m_axi_ca_RFIFONUM                                                                |   in|    2|       m_axi|                                                                               ca|       pointer|
|m_axi_ca_RUSER                                                                   |   in|    1|       m_axi|                                                                               ca|       pointer|
|m_axi_ca_RRESP                                                                   |   in|    2|       m_axi|                                                                               ca|       pointer|
|m_axi_ca_BVALID                                                                  |   in|    1|       m_axi|                                                                               ca|       pointer|
|m_axi_ca_BREADY                                                                  |  out|    1|       m_axi|                                                                               ca|       pointer|
|m_axi_ca_BRESP                                                                   |   in|    2|       m_axi|                                                                               ca|       pointer|
|m_axi_ca_BID                                                                     |   in|    1|       m_axi|                                                                               ca|       pointer|
|m_axi_ca_BUSER                                                                   |   in|    1|       m_axi|                                                                               ca|       pointer|
|out_r                                                                            |   in|   32|     ap_none|                                                                            out_r|        scalar|
|b0_q                                                                             |   in|   16|     ap_none|                                                                             b0_q|        scalar|
|mxm_execute_ursa_signed_char_unsigned_short_unsigned_char_unsigned_short_i_38    |   in|   20|     ap_none|    mxm_execute_ursa_signed_char_unsigned_short_unsigned_char_unsigned_short_i_38|       pointer|
|mxm_execute_ursa_signed_char_unsigned_short_unsigned_char_unsigned_short_i_37    |   in|   20|     ap_none|    mxm_execute_ursa_signed_char_unsigned_short_unsigned_char_unsigned_short_i_37|       pointer|
|mxm_execute_ursa_signed_char_unsigned_short_unsigned_char_unsigned_short_i_36    |   in|   20|     ap_none|    mxm_execute_ursa_signed_char_unsigned_short_unsigned_char_unsigned_short_i_36|       pointer|
|mxm_execute_ursa_signed_char_unsigned_short_unsigned_char_unsigned_short_i_35    |   in|   20|     ap_none|    mxm_execute_ursa_signed_char_unsigned_short_unsigned_char_unsigned_short_i_35|       pointer|
|mxm_execute_ursa_signed_char_unsigned_short_unsigned_char_unsigned_short_i_34    |   in|   20|     ap_none|    mxm_execute_ursa_signed_char_unsigned_short_unsigned_char_unsigned_short_i_34|       pointer|
|mxm_execute_ursa_signed_char_unsigned_short_unsigned_char_unsigned_short_i_33    |   in|   20|     ap_none|    mxm_execute_ursa_signed_char_unsigned_short_unsigned_char_unsigned_short_i_33|       pointer|
|mxm_execute_ursa_signed_char_unsigned_short_unsigned_char_unsigned_short_i_31    |   in|   20|     ap_none|    mxm_execute_ursa_signed_char_unsigned_short_unsigned_char_unsigned_short_i_31|       pointer|
|mxm_execute_ursa_signed_char_unsigned_short_unsigned_char_unsigned_short_i_30    |   in|   20|     ap_none|    mxm_execute_ursa_signed_char_unsigned_short_unsigned_char_unsigned_short_i_30|       pointer|
|mxm_execute_ursa_signed_char_unsigned_short_unsigned_char_unsigned_short_i_29    |   in|   20|     ap_none|    mxm_execute_ursa_signed_char_unsigned_short_unsigned_char_unsigned_short_i_29|       pointer|
|mxm_execute_ursa_signed_char_unsigned_short_unsigned_char_unsigned_short_i_28    |   in|   20|     ap_none|    mxm_execute_ursa_signed_char_unsigned_short_unsigned_char_unsigned_short_i_28|       pointer|
|mxm_execute_ursa_signed_char_unsigned_short_unsigned_char_unsigned_short_i_27    |   in|   20|     ap_none|    mxm_execute_ursa_signed_char_unsigned_short_unsigned_char_unsigned_short_i_27|       pointer|
|mxm_execute_ursa_signed_char_unsigned_short_unsigned_char_unsigned_short_i_26    |   in|   20|     ap_none|    mxm_execute_ursa_signed_char_unsigned_short_unsigned_char_unsigned_short_i_26|       pointer|
|mxm_execute_ursa_signed_char_unsigned_short_unsigned_char_unsigned_short_i_25    |   in|   20|     ap_none|    mxm_execute_ursa_signed_char_unsigned_short_unsigned_char_unsigned_short_i_25|       pointer|
|mxm_execute_ursa_signed_char_unsigned_short_unsigned_char_unsigned_short_i_24    |   in|   20|     ap_none|    mxm_execute_ursa_signed_char_unsigned_short_unsigned_char_unsigned_short_i_24|       pointer|
|mxm_execute_ursa_signed_char_unsigned_short_unsigned_char_unsigned_short_i_23    |   in|   20|     ap_none|    mxm_execute_ursa_signed_char_unsigned_short_unsigned_char_unsigned_short_i_23|       pointer|
|mxm_execute_ursa_signed_char_unsigned_short_unsigned_char_unsigned_short_i_22    |   in|   20|     ap_none|    mxm_execute_ursa_signed_char_unsigned_short_unsigned_char_unsigned_short_i_22|       pointer|
|mxm_execute_ursa_signed_char_unsigned_short_unsigned_char_unsigned_short_i_20    |   in|   20|     ap_none|    mxm_execute_ursa_signed_char_unsigned_short_unsigned_char_unsigned_short_i_20|       pointer|
|mxm_execute_ursa_signed_char_unsigned_short_unsigned_char_unsigned_short_i_19    |   in|   20|     ap_none|    mxm_execute_ursa_signed_char_unsigned_short_unsigned_char_unsigned_short_i_19|       pointer|
|mxm_execute_ursa_signed_char_unsigned_short_unsigned_char_unsigned_short_i_18    |   in|   20|     ap_none|    mxm_execute_ursa_signed_char_unsigned_short_unsigned_char_unsigned_short_i_18|       pointer|
|mxm_execute_ursa_signed_char_unsigned_short_unsigned_char_unsigned_short_i_17    |   in|   20|     ap_none|    mxm_execute_ursa_signed_char_unsigned_short_unsigned_char_unsigned_short_i_17|       pointer|
|mxm_execute_ursa_signed_char_unsigned_short_unsigned_char_unsigned_short_i_16    |   in|   20|     ap_none|    mxm_execute_ursa_signed_char_unsigned_short_unsigned_char_unsigned_short_i_16|       pointer|
|mxm_execute_ursa_signed_char_unsigned_short_unsigned_char_unsigned_short_i_15    |   in|   20|     ap_none|    mxm_execute_ursa_signed_char_unsigned_short_unsigned_char_unsigned_short_i_15|       pointer|
|mxm_execute_ursa_signed_char_unsigned_short_unsigned_char_unsigned_short_i_14    |   in|   20|     ap_none|    mxm_execute_ursa_signed_char_unsigned_short_unsigned_char_unsigned_short_i_14|       pointer|
|mxm_execute_ursa_signed_char_unsigned_short_unsigned_char_unsigned_short_i_13    |   in|   20|     ap_none|    mxm_execute_ursa_signed_char_unsigned_short_unsigned_char_unsigned_short_i_13|       pointer|
|mxm_execute_ursa_signed_char_unsigned_short_unsigned_char_unsigned_short_i_12    |   in|   20|     ap_none|    mxm_execute_ursa_signed_char_unsigned_short_unsigned_char_unsigned_short_i_12|       pointer|
|mxm_execute_ursa_signed_char_unsigned_short_unsigned_char_unsigned_short_i_11    |   in|   20|     ap_none|    mxm_execute_ursa_signed_char_unsigned_short_unsigned_char_unsigned_short_i_11|       pointer|
|mxm_execute_ursa_signed_char_unsigned_short_unsigned_char_unsigned_short_i_9     |   in|   20|     ap_none|     mxm_execute_ursa_signed_char_unsigned_short_unsigned_char_unsigned_short_i_9|       pointer|
|mxm_execute_ursa_signed_char_unsigned_short_unsigned_char_unsigned_short_i_8     |   in|   20|     ap_none|     mxm_execute_ursa_signed_char_unsigned_short_unsigned_char_unsigned_short_i_8|       pointer|
|mxm_execute_ursa_signed_char_unsigned_short_unsigned_char_unsigned_short_i_7     |   in|   20|     ap_none|     mxm_execute_ursa_signed_char_unsigned_short_unsigned_char_unsigned_short_i_7|       pointer|
|mxm_execute_ursa_signed_char_unsigned_short_unsigned_char_unsigned_short_i_6     |   in|   20|     ap_none|     mxm_execute_ursa_signed_char_unsigned_short_unsigned_char_unsigned_short_i_6|       pointer|
|mxm_execute_ursa_signed_char_unsigned_short_unsigned_char_unsigned_short_i_5     |   in|   20|     ap_none|     mxm_execute_ursa_signed_char_unsigned_short_unsigned_char_unsigned_short_i_5|       pointer|
|mxm_execute_ursa_signed_char_unsigned_short_unsigned_char_unsigned_short_i_4     |   in|   20|     ap_none|     mxm_execute_ursa_signed_char_unsigned_short_unsigned_char_unsigned_short_i_4|       pointer|
|mxm_execute_ursa_signed_char_unsigned_short_unsigned_char_unsigned_short_i_3     |   in|   20|     ap_none|     mxm_execute_ursa_signed_char_unsigned_short_unsigned_char_unsigned_short_i_3|       pointer|
|mxm_execute_ursa_signed_char_unsigned_short_unsigned_char_unsigned_short_i_2     |   in|   20|     ap_none|     mxm_execute_ursa_signed_char_unsigned_short_unsigned_char_unsigned_short_i_2|       pointer|
|mxm_execute_ursa_signed_char_unsigned_short_unsigned_char_unsigned_short_i_1     |   in|   20|     ap_none|     mxm_execute_ursa_signed_char_unsigned_short_unsigned_char_unsigned_short_i_1|       pointer|
|mxm_execute_ursa_signed_char_unsigned_short_unsigned_char_unsigned_short_i       |   in|   20|     ap_none|       mxm_execute_ursa_signed_char_unsigned_short_unsigned_char_unsigned_short_i|       pointer|
|mxm_execute_ursa_signed_char_unsigned_short_unsigned_char_unsigned_short_i_909   |   in|   20|     ap_none|   mxm_execute_ursa_signed_char_unsigned_short_unsigned_char_unsigned_short_i_909|       pointer|
|mxm_execute_ursa_signed_char_unsigned_short_unsigned_char_unsigned_short_i_908   |   in|   20|     ap_none|   mxm_execute_ursa_signed_char_unsigned_short_unsigned_char_unsigned_short_i_908|       pointer|
|mxm_execute_ursa_signed_char_unsigned_short_unsigned_char_unsigned_short_i_907   |   in|   20|     ap_none|   mxm_execute_ursa_signed_char_unsigned_short_unsigned_char_unsigned_short_i_907|       pointer|
|mxm_execute_ursa_signed_char_unsigned_short_unsigned_char_unsigned_short_i_906   |   in|   20|     ap_none|   mxm_execute_ursa_signed_char_unsigned_short_unsigned_char_unsigned_short_i_906|       pointer|
|mxm_execute_ursa_signed_char_unsigned_short_unsigned_char_unsigned_short_i_905   |   in|   20|     ap_none|   mxm_execute_ursa_signed_char_unsigned_short_unsigned_char_unsigned_short_i_905|       pointer|
|mxm_execute_ursa_signed_char_unsigned_short_unsigned_char_unsigned_short_i_904   |   in|   20|     ap_none|   mxm_execute_ursa_signed_char_unsigned_short_unsigned_char_unsigned_short_i_904|       pointer|
|mxm_execute_ursa_signed_char_unsigned_short_unsigned_char_unsigned_short_i_902   |   in|   20|     ap_none|   mxm_execute_ursa_signed_char_unsigned_short_unsigned_char_unsigned_short_i_902|       pointer|
|mxm_execute_ursa_signed_char_unsigned_short_unsigned_char_unsigned_short_i_901   |   in|   20|     ap_none|   mxm_execute_ursa_signed_char_unsigned_short_unsigned_char_unsigned_short_i_901|       pointer|
|mxm_execute_ursa_signed_char_unsigned_short_unsigned_char_unsigned_short_i_900   |   in|   20|     ap_none|   mxm_execute_ursa_signed_char_unsigned_short_unsigned_char_unsigned_short_i_900|       pointer|
|mxm_execute_ursa_signed_char_unsigned_short_unsigned_char_unsigned_short_i_899   |   in|   20|     ap_none|   mxm_execute_ursa_signed_char_unsigned_short_unsigned_char_unsigned_short_i_899|       pointer|
|mxm_execute_ursa_signed_char_unsigned_short_unsigned_char_unsigned_short_i_898   |   in|   20|     ap_none|   mxm_execute_ursa_signed_char_unsigned_short_unsigned_char_unsigned_short_i_898|       pointer|
|mxm_execute_ursa_signed_char_unsigned_short_unsigned_char_unsigned_short_i_897   |   in|   20|     ap_none|   mxm_execute_ursa_signed_char_unsigned_short_unsigned_char_unsigned_short_i_897|       pointer|
|mxm_execute_ursa_signed_char_unsigned_short_unsigned_char_unsigned_short_i_896   |   in|   20|     ap_none|   mxm_execute_ursa_signed_char_unsigned_short_unsigned_char_unsigned_short_i_896|       pointer|
|mxm_execute_ursa_signed_char_unsigned_short_unsigned_char_unsigned_short_i_895   |   in|   20|     ap_none|   mxm_execute_ursa_signed_char_unsigned_short_unsigned_char_unsigned_short_i_895|       pointer|
|mxm_execute_ursa_signed_char_unsigned_short_unsigned_char_unsigned_short_i_894   |   in|   20|     ap_none|   mxm_execute_ursa_signed_char_unsigned_short_unsigned_char_unsigned_short_i_894|       pointer|
|mxm_execute_ursa_signed_char_unsigned_short_unsigned_char_unsigned_short_i_893   |   in|   20|     ap_none|   mxm_execute_ursa_signed_char_unsigned_short_unsigned_char_unsigned_short_i_893|       pointer|
|mxm_execute_ursa_signed_char_unsigned_short_unsigned_char_unsigned_short_i_891   |   in|   20|     ap_none|   mxm_execute_ursa_signed_char_unsigned_short_unsigned_char_unsigned_short_i_891|       pointer|
|mxm_execute_ursa_signed_char_unsigned_short_unsigned_char_unsigned_short_i_890   |   in|   20|     ap_none|   mxm_execute_ursa_signed_char_unsigned_short_unsigned_char_unsigned_short_i_890|       pointer|
|mxm_execute_ursa_signed_char_unsigned_short_unsigned_char_unsigned_short_i_889   |   in|   20|     ap_none|   mxm_execute_ursa_signed_char_unsigned_short_unsigned_char_unsigned_short_i_889|       pointer|
|mxm_execute_ursa_signed_char_unsigned_short_unsigned_char_unsigned_short_i_888   |   in|   20|     ap_none|   mxm_execute_ursa_signed_char_unsigned_short_unsigned_char_unsigned_short_i_888|       pointer|
|mxm_execute_ursa_signed_char_unsigned_short_unsigned_char_unsigned_short_i_887   |   in|   20|     ap_none|   mxm_execute_ursa_signed_char_unsigned_short_unsigned_char_unsigned_short_i_887|       pointer|
|mxm_execute_ursa_signed_char_unsigned_short_unsigned_char_unsigned_short_i_886   |   in|   20|     ap_none|   mxm_execute_ursa_signed_char_unsigned_short_unsigned_char_unsigned_short_i_886|       pointer|
|mxm_execute_ursa_signed_char_unsigned_short_unsigned_char_unsigned_short_i_885   |   in|   20|     ap_none|   mxm_execute_ursa_signed_char_unsigned_short_unsigned_char_unsigned_short_i_885|       pointer|
|mxm_execute_ursa_signed_char_unsigned_short_unsigned_char_unsigned_short_i_884   |   in|   20|     ap_none|   mxm_execute_ursa_signed_char_unsigned_short_unsigned_char_unsigned_short_i_884|       pointer|
|mxm_execute_ursa_signed_char_unsigned_short_unsigned_char_unsigned_short_i_883   |   in|   20|     ap_none|   mxm_execute_ursa_signed_char_unsigned_short_unsigned_char_unsigned_short_i_883|       pointer|
|mxm_execute_ursa_signed_char_unsigned_short_unsigned_char_unsigned_short_i_882   |   in|   20|     ap_none|   mxm_execute_ursa_signed_char_unsigned_short_unsigned_char_unsigned_short_i_882|       pointer|
|mxm_execute_ursa_signed_char_unsigned_short_unsigned_char_unsigned_short_i_880   |   in|   20|     ap_none|   mxm_execute_ursa_signed_char_unsigned_short_unsigned_char_unsigned_short_i_880|       pointer|
|mxm_execute_ursa_signed_char_unsigned_short_unsigned_char_unsigned_short_i_879   |   in|   20|     ap_none|   mxm_execute_ursa_signed_char_unsigned_short_unsigned_char_unsigned_short_i_879|       pointer|
|mxm_execute_ursa_signed_char_unsigned_short_unsigned_char_unsigned_short_i_878   |   in|   20|     ap_none|   mxm_execute_ursa_signed_char_unsigned_short_unsigned_char_unsigned_short_i_878|       pointer|
|mxm_execute_ursa_signed_char_unsigned_short_unsigned_char_unsigned_short_i_877   |   in|   20|     ap_none|   mxm_execute_ursa_signed_char_unsigned_short_unsigned_char_unsigned_short_i_877|       pointer|
|mxm_execute_ursa_signed_char_unsigned_short_unsigned_char_unsigned_short_i_876   |   in|   20|     ap_none|   mxm_execute_ursa_signed_char_unsigned_short_unsigned_char_unsigned_short_i_876|       pointer|
|mxm_execute_ursa_signed_char_unsigned_short_unsigned_char_unsigned_short_i_875   |   in|   20|     ap_none|   mxm_execute_ursa_signed_char_unsigned_short_unsigned_char_unsigned_short_i_875|       pointer|
|mxm_execute_ursa_signed_char_unsigned_short_unsigned_char_unsigned_short_i_874   |   in|   20|     ap_none|   mxm_execute_ursa_signed_char_unsigned_short_unsigned_char_unsigned_short_i_874|       pointer|
|mxm_execute_ursa_signed_char_unsigned_short_unsigned_char_unsigned_short_i_873   |   in|   20|     ap_none|   mxm_execute_ursa_signed_char_unsigned_short_unsigned_char_unsigned_short_i_873|       pointer|
|mxm_execute_ursa_signed_char_unsigned_short_unsigned_char_unsigned_short_i_872   |   in|   20|     ap_none|   mxm_execute_ursa_signed_char_unsigned_short_unsigned_char_unsigned_short_i_872|       pointer|
|mxm_execute_ursa_signed_char_unsigned_short_unsigned_char_unsigned_short_i_871   |   in|   20|     ap_none|   mxm_execute_ursa_signed_char_unsigned_short_unsigned_char_unsigned_short_i_871|       pointer|
|mxm_execute_ursa_signed_char_unsigned_short_unsigned_char_unsigned_short_i_869   |   in|   20|     ap_none|   mxm_execute_ursa_signed_char_unsigned_short_unsigned_char_unsigned_short_i_869|       pointer|
|mxm_execute_ursa_signed_char_unsigned_short_unsigned_char_unsigned_short_i_868   |   in|   20|     ap_none|   mxm_execute_ursa_signed_char_unsigned_short_unsigned_char_unsigned_short_i_868|       pointer|
|mxm_execute_ursa_signed_char_unsigned_short_unsigned_char_unsigned_short_i_867   |   in|   20|     ap_none|   mxm_execute_ursa_signed_char_unsigned_short_unsigned_char_unsigned_short_i_867|       pointer|
|mxm_execute_ursa_signed_char_unsigned_short_unsigned_char_unsigned_short_i_866   |   in|   20|     ap_none|   mxm_execute_ursa_signed_char_unsigned_short_unsigned_char_unsigned_short_i_866|       pointer|
|mxm_execute_ursa_signed_char_unsigned_short_unsigned_char_unsigned_short_i_865   |   in|   20|     ap_none|   mxm_execute_ursa_signed_char_unsigned_short_unsigned_char_unsigned_short_i_865|       pointer|
|mxm_execute_ursa_signed_char_unsigned_short_unsigned_char_unsigned_short_i_864   |   in|   20|     ap_none|   mxm_execute_ursa_signed_char_unsigned_short_unsigned_char_unsigned_short_i_864|       pointer|
|mxm_execute_ursa_signed_char_unsigned_short_unsigned_char_unsigned_short_i_863   |   in|   20|     ap_none|   mxm_execute_ursa_signed_char_unsigned_short_unsigned_char_unsigned_short_i_863|       pointer|
|mxm_execute_ursa_signed_char_unsigned_short_unsigned_char_unsigned_short_i_862   |   in|   20|     ap_none|   mxm_execute_ursa_signed_char_unsigned_short_unsigned_char_unsigned_short_i_862|       pointer|
|mxm_execute_ursa_signed_char_unsigned_short_unsigned_char_unsigned_short_i_861   |   in|   20|     ap_none|   mxm_execute_ursa_signed_char_unsigned_short_unsigned_char_unsigned_short_i_861|       pointer|
|mxm_execute_ursa_signed_char_unsigned_short_unsigned_char_unsigned_short_i_860   |   in|   20|     ap_none|   mxm_execute_ursa_signed_char_unsigned_short_unsigned_char_unsigned_short_i_860|       pointer|
|mxm_execute_ursa_signed_char_unsigned_short_unsigned_char_unsigned_short_i_858   |   in|   20|     ap_none|   mxm_execute_ursa_signed_char_unsigned_short_unsigned_char_unsigned_short_i_858|       pointer|
|mxm_execute_ursa_signed_char_unsigned_short_unsigned_char_unsigned_short_i_857   |   in|   20|     ap_none|   mxm_execute_ursa_signed_char_unsigned_short_unsigned_char_unsigned_short_i_857|       pointer|
|mxm_execute_ursa_signed_char_unsigned_short_unsigned_char_unsigned_short_i_856   |   in|   20|     ap_none|   mxm_execute_ursa_signed_char_unsigned_short_unsigned_char_unsigned_short_i_856|       pointer|
|mxm_execute_ursa_signed_char_unsigned_short_unsigned_char_unsigned_short_i_855   |   in|   20|     ap_none|   mxm_execute_ursa_signed_char_unsigned_short_unsigned_char_unsigned_short_i_855|       pointer|
|mxm_execute_ursa_signed_char_unsigned_short_unsigned_char_unsigned_short_i_854   |   in|   20|     ap_none|   mxm_execute_ursa_signed_char_unsigned_short_unsigned_char_unsigned_short_i_854|       pointer|
|mxm_execute_ursa_signed_char_unsigned_short_unsigned_char_unsigned_short_i_853   |   in|   20|     ap_none|   mxm_execute_ursa_signed_char_unsigned_short_unsigned_char_unsigned_short_i_853|       pointer|
|mxm_execute_ursa_signed_char_unsigned_short_unsigned_char_unsigned_short_i_852   |   in|   20|     ap_none|   mxm_execute_ursa_signed_char_unsigned_short_unsigned_char_unsigned_short_i_852|       pointer|
|mxm_execute_ursa_signed_char_unsigned_short_unsigned_char_unsigned_short_i_851   |   in|   20|     ap_none|   mxm_execute_ursa_signed_char_unsigned_short_unsigned_char_unsigned_short_i_851|       pointer|
|mxm_execute_ursa_signed_char_unsigned_short_unsigned_char_unsigned_short_i_850   |   in|   20|     ap_none|   mxm_execute_ursa_signed_char_unsigned_short_unsigned_char_unsigned_short_i_850|       pointer|
|mxm_execute_ursa_signed_char_unsigned_short_unsigned_char_unsigned_short_i_849   |   in|   20|     ap_none|   mxm_execute_ursa_signed_char_unsigned_short_unsigned_char_unsigned_short_i_849|       pointer|
|mxm_execute_ursa_signed_char_unsigned_short_unsigned_char_unsigned_short_i_846   |   in|   20|     ap_none|   mxm_execute_ursa_signed_char_unsigned_short_unsigned_char_unsigned_short_i_846|       pointer|
|mxm_execute_ursa_signed_char_unsigned_short_unsigned_char_unsigned_short_i_845   |   in|   20|     ap_none|   mxm_execute_ursa_signed_char_unsigned_short_unsigned_char_unsigned_short_i_845|       pointer|
|mxm_execute_ursa_signed_char_unsigned_short_unsigned_char_unsigned_short_i_844   |   in|   20|     ap_none|   mxm_execute_ursa_signed_char_unsigned_short_unsigned_char_unsigned_short_i_844|       pointer|
|mxm_execute_ursa_signed_char_unsigned_short_unsigned_char_unsigned_short_i_843   |   in|   20|     ap_none|   mxm_execute_ursa_signed_char_unsigned_short_unsigned_char_unsigned_short_i_843|       pointer|
|mxm_execute_ursa_signed_char_unsigned_short_unsigned_char_unsigned_short_i_842   |   in|   20|     ap_none|   mxm_execute_ursa_signed_char_unsigned_short_unsigned_char_unsigned_short_i_842|       pointer|
|mxm_execute_ursa_signed_char_unsigned_short_unsigned_char_unsigned_short_i_841   |   in|   20|     ap_none|   mxm_execute_ursa_signed_char_unsigned_short_unsigned_char_unsigned_short_i_841|       pointer|
|mxm_execute_ursa_signed_char_unsigned_short_unsigned_char_unsigned_short_i_840   |   in|   20|     ap_none|   mxm_execute_ursa_signed_char_unsigned_short_unsigned_char_unsigned_short_i_840|       pointer|
|mxm_execute_ursa_signed_char_unsigned_short_unsigned_char_unsigned_short_i_839   |   in|   20|     ap_none|   mxm_execute_ursa_signed_char_unsigned_short_unsigned_char_unsigned_short_i_839|       pointer|
|mxm_execute_ursa_signed_char_unsigned_short_unsigned_char_unsigned_short_i_838   |   in|   20|     ap_none|   mxm_execute_ursa_signed_char_unsigned_short_unsigned_char_unsigned_short_i_838|       pointer|
|mxm_execute_ursa_signed_char_unsigned_short_unsigned_char_unsigned_short_i_837   |   in|   20|     ap_none|   mxm_execute_ursa_signed_char_unsigned_short_unsigned_char_unsigned_short_i_837|       pointer|
|mxm_execute_ursa_signed_char_unsigned_short_unsigned_char_unsigned_short_i_835   |   in|   20|     ap_none|   mxm_execute_ursa_signed_char_unsigned_short_unsigned_char_unsigned_short_i_835|       pointer|
|mxm_execute_ursa_signed_char_unsigned_short_unsigned_char_unsigned_short_i_834   |   in|   20|     ap_none|   mxm_execute_ursa_signed_char_unsigned_short_unsigned_char_unsigned_short_i_834|       pointer|
|mxm_execute_ursa_signed_char_unsigned_short_unsigned_char_unsigned_short_i_833   |   in|   20|     ap_none|   mxm_execute_ursa_signed_char_unsigned_short_unsigned_char_unsigned_short_i_833|       pointer|
|mxm_execute_ursa_signed_char_unsigned_short_unsigned_char_unsigned_short_i_832   |   in|   20|     ap_none|   mxm_execute_ursa_signed_char_unsigned_short_unsigned_char_unsigned_short_i_832|       pointer|
|mxm_execute_ursa_signed_char_unsigned_short_unsigned_char_unsigned_short_i_831   |   in|   20|     ap_none|   mxm_execute_ursa_signed_char_unsigned_short_unsigned_char_unsigned_short_i_831|       pointer|
|mxm_execute_ursa_signed_char_unsigned_short_unsigned_char_unsigned_short_i_830   |   in|   20|     ap_none|   mxm_execute_ursa_signed_char_unsigned_short_unsigned_char_unsigned_short_i_830|       pointer|
|mxm_execute_ursa_signed_char_unsigned_short_unsigned_char_unsigned_short_i_829   |   in|   20|     ap_none|   mxm_execute_ursa_signed_char_unsigned_short_unsigned_char_unsigned_short_i_829|       pointer|
|mxm_execute_ursa_signed_char_unsigned_short_unsigned_char_unsigned_short_i_828   |   in|   20|     ap_none|   mxm_execute_ursa_signed_char_unsigned_short_unsigned_char_unsigned_short_i_828|       pointer|
|mxm_execute_ursa_signed_char_unsigned_short_unsigned_char_unsigned_short_i_827   |   in|   20|     ap_none|   mxm_execute_ursa_signed_char_unsigned_short_unsigned_char_unsigned_short_i_827|       pointer|
|mxm_execute_ursa_signed_char_unsigned_short_unsigned_char_unsigned_short_i_826   |   in|   20|     ap_none|   mxm_execute_ursa_signed_char_unsigned_short_unsigned_char_unsigned_short_i_826|       pointer|
|mxm_execute_ursa_signed_char_unsigned_short_unsigned_char_unsigned_short_i_824   |   in|   20|     ap_none|   mxm_execute_ursa_signed_char_unsigned_short_unsigned_char_unsigned_short_i_824|       pointer|
|mxm_execute_ursa_signed_char_unsigned_short_unsigned_char_unsigned_short_i_823   |   in|   20|     ap_none|   mxm_execute_ursa_signed_char_unsigned_short_unsigned_char_unsigned_short_i_823|       pointer|
|mxm_execute_ursa_signed_char_unsigned_short_unsigned_char_unsigned_short_i_822   |   in|   20|     ap_none|   mxm_execute_ursa_signed_char_unsigned_short_unsigned_char_unsigned_short_i_822|       pointer|
|mxm_execute_ursa_signed_char_unsigned_short_unsigned_char_unsigned_short_i_821   |   in|   20|     ap_none|   mxm_execute_ursa_signed_char_unsigned_short_unsigned_char_unsigned_short_i_821|       pointer|
|mxm_execute_ursa_signed_char_unsigned_short_unsigned_char_unsigned_short_i_820   |   in|   20|     ap_none|   mxm_execute_ursa_signed_char_unsigned_short_unsigned_char_unsigned_short_i_820|       pointer|
|mxm_execute_ursa_signed_char_unsigned_short_unsigned_char_unsigned_short_i_819   |   in|   20|     ap_none|   mxm_execute_ursa_signed_char_unsigned_short_unsigned_char_unsigned_short_i_819|       pointer|
|mxm_execute_ursa_signed_char_unsigned_short_unsigned_char_unsigned_short_i_818   |   in|   20|     ap_none|   mxm_execute_ursa_signed_char_unsigned_short_unsigned_char_unsigned_short_i_818|       pointer|
|mxm_execute_ursa_signed_char_unsigned_short_unsigned_char_unsigned_short_i_817   |   in|   20|     ap_none|   mxm_execute_ursa_signed_char_unsigned_short_unsigned_char_unsigned_short_i_817|       pointer|
|mxm_execute_ursa_signed_char_unsigned_short_unsigned_char_unsigned_short_i_816   |   in|   20|     ap_none|   mxm_execute_ursa_signed_char_unsigned_short_unsigned_char_unsigned_short_i_816|       pointer|
|mxm_execute_ursa_signed_char_unsigned_short_unsigned_char_unsigned_short_i_815   |   in|   20|     ap_none|   mxm_execute_ursa_signed_char_unsigned_short_unsigned_char_unsigned_short_i_815|       pointer|
|mxm_execute_ursa_signed_char_unsigned_short_unsigned_char_unsigned_short_i_813   |   in|   20|     ap_none|   mxm_execute_ursa_signed_char_unsigned_short_unsigned_char_unsigned_short_i_813|       pointer|
|mxm_execute_ursa_signed_char_unsigned_short_unsigned_char_unsigned_short_i_812   |   in|   20|     ap_none|   mxm_execute_ursa_signed_char_unsigned_short_unsigned_char_unsigned_short_i_812|       pointer|
|mxm_execute_ursa_signed_char_unsigned_short_unsigned_char_unsigned_short_i_811   |   in|   20|     ap_none|   mxm_execute_ursa_signed_char_unsigned_short_unsigned_char_unsigned_short_i_811|       pointer|
|mxm_execute_ursa_signed_char_unsigned_short_unsigned_char_unsigned_short_i_810   |   in|   20|     ap_none|   mxm_execute_ursa_signed_char_unsigned_short_unsigned_char_unsigned_short_i_810|       pointer|
|mxm_execute_ursa_signed_char_unsigned_short_unsigned_char_unsigned_short_i_809   |   in|   20|     ap_none|   mxm_execute_ursa_signed_char_unsigned_short_unsigned_char_unsigned_short_i_809|       pointer|
|mxm_execute_ursa_signed_char_unsigned_short_unsigned_char_unsigned_short_i_808   |   in|   20|     ap_none|   mxm_execute_ursa_signed_char_unsigned_short_unsigned_char_unsigned_short_i_808|       pointer|
|mxm_execute_ursa_signed_char_unsigned_short_unsigned_char_unsigned_short_i_807   |   in|   20|     ap_none|   mxm_execute_ursa_signed_char_unsigned_short_unsigned_char_unsigned_short_i_807|       pointer|
|mxm_execute_ursa_signed_char_unsigned_short_unsigned_char_unsigned_short_i_806   |   in|   20|     ap_none|   mxm_execute_ursa_signed_char_unsigned_short_unsigned_char_unsigned_short_i_806|       pointer|
|mxm_execute_ursa_signed_char_unsigned_short_unsigned_char_unsigned_short_i_805   |   in|   20|     ap_none|   mxm_execute_ursa_signed_char_unsigned_short_unsigned_char_unsigned_short_i_805|       pointer|
|mxm_execute_ursa_signed_char_unsigned_short_unsigned_char_unsigned_short_i_804   |   in|   20|     ap_none|   mxm_execute_ursa_signed_char_unsigned_short_unsigned_char_unsigned_short_i_804|       pointer|
|mxm_execute_ursa_signed_char_unsigned_short_unsigned_char_unsigned_short_i_802   |   in|   20|     ap_none|   mxm_execute_ursa_signed_char_unsigned_short_unsigned_char_unsigned_short_i_802|       pointer|
|mxm_execute_ursa_signed_char_unsigned_short_unsigned_char_unsigned_short_i_801   |   in|   20|     ap_none|   mxm_execute_ursa_signed_char_unsigned_short_unsigned_char_unsigned_short_i_801|       pointer|
|mxm_execute_ursa_signed_char_unsigned_short_unsigned_char_unsigned_short_i_800   |   in|   20|     ap_none|   mxm_execute_ursa_signed_char_unsigned_short_unsigned_char_unsigned_short_i_800|       pointer|
|mxm_execute_ursa_signed_char_unsigned_short_unsigned_char_unsigned_short_i_799   |   in|   20|     ap_none|   mxm_execute_ursa_signed_char_unsigned_short_unsigned_char_unsigned_short_i_799|       pointer|
|mxm_execute_ursa_signed_char_unsigned_short_unsigned_char_unsigned_short_i_798   |   in|   20|     ap_none|   mxm_execute_ursa_signed_char_unsigned_short_unsigned_char_unsigned_short_i_798|       pointer|
|mxm_execute_ursa_signed_char_unsigned_short_unsigned_char_unsigned_short_i_797   |   in|   20|     ap_none|   mxm_execute_ursa_signed_char_unsigned_short_unsigned_char_unsigned_short_i_797|       pointer|
|mxm_execute_ursa_signed_char_unsigned_short_unsigned_char_unsigned_short_i_796   |   in|   20|     ap_none|   mxm_execute_ursa_signed_char_unsigned_short_unsigned_char_unsigned_short_i_796|       pointer|
|mxm_execute_ursa_signed_char_unsigned_short_unsigned_char_unsigned_short_i_795   |   in|   20|     ap_none|   mxm_execute_ursa_signed_char_unsigned_short_unsigned_char_unsigned_short_i_795|       pointer|
|mxm_execute_ursa_signed_char_unsigned_short_unsigned_char_unsigned_short_i_794   |   in|   20|     ap_none|   mxm_execute_ursa_signed_char_unsigned_short_unsigned_char_unsigned_short_i_794|       pointer|
|mxm_execute_ursa_signed_char_unsigned_short_unsigned_char_unsigned_short_i_793   |   in|   20|     ap_none|   mxm_execute_ursa_signed_char_unsigned_short_unsigned_char_unsigned_short_i_793|       pointer|
|mxm_execute_ursa_signed_char_unsigned_short_unsigned_char_unsigned_short_i_791   |   in|   20|     ap_none|   mxm_execute_ursa_signed_char_unsigned_short_unsigned_char_unsigned_short_i_791|       pointer|
|mxm_execute_ursa_signed_char_unsigned_short_unsigned_char_unsigned_short_i_790   |   in|   20|     ap_none|   mxm_execute_ursa_signed_char_unsigned_short_unsigned_char_unsigned_short_i_790|       pointer|
|mxm_execute_ursa_signed_char_unsigned_short_unsigned_char_unsigned_short_i_789   |   in|   20|     ap_none|   mxm_execute_ursa_signed_char_unsigned_short_unsigned_char_unsigned_short_i_789|       pointer|
|mxm_execute_ursa_signed_char_unsigned_short_unsigned_char_unsigned_short_i_788   |   in|   20|     ap_none|   mxm_execute_ursa_signed_char_unsigned_short_unsigned_char_unsigned_short_i_788|       pointer|
|mxm_execute_ursa_signed_char_unsigned_short_unsigned_char_unsigned_short_i_787   |   in|   20|     ap_none|   mxm_execute_ursa_signed_char_unsigned_short_unsigned_char_unsigned_short_i_787|       pointer|
|mxm_execute_ursa_signed_char_unsigned_short_unsigned_char_unsigned_short_i_786   |   in|   20|     ap_none|   mxm_execute_ursa_signed_char_unsigned_short_unsigned_char_unsigned_short_i_786|       pointer|
|mxm_execute_ursa_signed_char_unsigned_short_unsigned_char_unsigned_short_i_785   |   in|   20|     ap_none|   mxm_execute_ursa_signed_char_unsigned_short_unsigned_char_unsigned_short_i_785|       pointer|
|mxm_execute_ursa_signed_char_unsigned_short_unsigned_char_unsigned_short_i_784   |   in|   20|     ap_none|   mxm_execute_ursa_signed_char_unsigned_short_unsigned_char_unsigned_short_i_784|       pointer|
|mxm_execute_ursa_signed_char_unsigned_short_unsigned_char_unsigned_short_i_783   |   in|   20|     ap_none|   mxm_execute_ursa_signed_char_unsigned_short_unsigned_char_unsigned_short_i_783|       pointer|
|mxm_execute_ursa_signed_char_unsigned_short_unsigned_char_unsigned_short_i_782   |   in|   20|     ap_none|   mxm_execute_ursa_signed_char_unsigned_short_unsigned_char_unsigned_short_i_782|       pointer|
|mxm_execute_ursa_signed_char_unsigned_short_unsigned_char_unsigned_short_i_780   |   in|   20|     ap_none|   mxm_execute_ursa_signed_char_unsigned_short_unsigned_char_unsigned_short_i_780|       pointer|
|mxm_execute_ursa_signed_char_unsigned_short_unsigned_char_unsigned_short_i_779   |   in|   20|     ap_none|   mxm_execute_ursa_signed_char_unsigned_short_unsigned_char_unsigned_short_i_779|       pointer|
|mxm_execute_ursa_signed_char_unsigned_short_unsigned_char_unsigned_short_i_778   |   in|   20|     ap_none|   mxm_execute_ursa_signed_char_unsigned_short_unsigned_char_unsigned_short_i_778|       pointer|
|mxm_execute_ursa_signed_char_unsigned_short_unsigned_char_unsigned_short_i_777   |   in|   20|     ap_none|   mxm_execute_ursa_signed_char_unsigned_short_unsigned_char_unsigned_short_i_777|       pointer|
|mxm_execute_ursa_signed_char_unsigned_short_unsigned_char_unsigned_short_i_776   |   in|   20|     ap_none|   mxm_execute_ursa_signed_char_unsigned_short_unsigned_char_unsigned_short_i_776|       pointer|
|mxm_execute_ursa_signed_char_unsigned_short_unsigned_char_unsigned_short_i_775   |   in|   20|     ap_none|   mxm_execute_ursa_signed_char_unsigned_short_unsigned_char_unsigned_short_i_775|       pointer|
|mxm_execute_ursa_signed_char_unsigned_short_unsigned_char_unsigned_short_i_774   |   in|   20|     ap_none|   mxm_execute_ursa_signed_char_unsigned_short_unsigned_char_unsigned_short_i_774|       pointer|
|mxm_execute_ursa_signed_char_unsigned_short_unsigned_char_unsigned_short_i_773   |   in|   20|     ap_none|   mxm_execute_ursa_signed_char_unsigned_short_unsigned_char_unsigned_short_i_773|       pointer|
|mxm_execute_ursa_signed_char_unsigned_short_unsigned_char_unsigned_short_i_772   |   in|   20|     ap_none|   mxm_execute_ursa_signed_char_unsigned_short_unsigned_char_unsigned_short_i_772|       pointer|
|mxm_execute_ursa_signed_char_unsigned_short_unsigned_char_unsigned_short_i_771   |   in|   20|     ap_none|   mxm_execute_ursa_signed_char_unsigned_short_unsigned_char_unsigned_short_i_771|       pointer|
|mxm_execute_ursa_signed_char_unsigned_short_unsigned_char_unsigned_short_i_769   |   in|   20|     ap_none|   mxm_execute_ursa_signed_char_unsigned_short_unsigned_char_unsigned_short_i_769|       pointer|
|mxm_execute_ursa_signed_char_unsigned_short_unsigned_char_unsigned_short_i_768   |   in|   20|     ap_none|   mxm_execute_ursa_signed_char_unsigned_short_unsigned_char_unsigned_short_i_768|       pointer|
|mxm_execute_ursa_signed_char_unsigned_short_unsigned_char_unsigned_short_i_767   |   in|   20|     ap_none|   mxm_execute_ursa_signed_char_unsigned_short_unsigned_char_unsigned_short_i_767|       pointer|
|mxm_execute_ursa_signed_char_unsigned_short_unsigned_char_unsigned_short_i_766   |   in|   20|     ap_none|   mxm_execute_ursa_signed_char_unsigned_short_unsigned_char_unsigned_short_i_766|       pointer|
|mxm_execute_ursa_signed_char_unsigned_short_unsigned_char_unsigned_short_i_765   |   in|   20|     ap_none|   mxm_execute_ursa_signed_char_unsigned_short_unsigned_char_unsigned_short_i_765|       pointer|
|mxm_execute_ursa_signed_char_unsigned_short_unsigned_char_unsigned_short_i_764   |   in|   20|     ap_none|   mxm_execute_ursa_signed_char_unsigned_short_unsigned_char_unsigned_short_i_764|       pointer|
|mxm_execute_ursa_signed_char_unsigned_short_unsigned_char_unsigned_short_i_763   |   in|   20|     ap_none|   mxm_execute_ursa_signed_char_unsigned_short_unsigned_char_unsigned_short_i_763|       pointer|
|mxm_execute_ursa_signed_char_unsigned_short_unsigned_char_unsigned_short_i_762   |   in|   20|     ap_none|   mxm_execute_ursa_signed_char_unsigned_short_unsigned_char_unsigned_short_i_762|       pointer|
|mxm_execute_ursa_signed_char_unsigned_short_unsigned_char_unsigned_short_i_761   |   in|   20|     ap_none|   mxm_execute_ursa_signed_char_unsigned_short_unsigned_char_unsigned_short_i_761|       pointer|
|mxm_execute_ursa_signed_char_unsigned_short_unsigned_char_unsigned_short_i_760   |   in|   20|     ap_none|   mxm_execute_ursa_signed_char_unsigned_short_unsigned_char_unsigned_short_i_760|       pointer|
|mxm_execute_ursa_signed_char_unsigned_short_unsigned_char_unsigned_short_i_758   |   in|   20|     ap_none|   mxm_execute_ursa_signed_char_unsigned_short_unsigned_char_unsigned_short_i_758|       pointer|
|mxm_execute_ursa_signed_char_unsigned_short_unsigned_char_unsigned_short_i_757   |   in|   20|     ap_none|   mxm_execute_ursa_signed_char_unsigned_short_unsigned_char_unsigned_short_i_757|       pointer|
|mxm_execute_ursa_signed_char_unsigned_short_unsigned_char_unsigned_short_i_756   |   in|   20|     ap_none|   mxm_execute_ursa_signed_char_unsigned_short_unsigned_char_unsigned_short_i_756|       pointer|
|mxm_execute_ursa_signed_char_unsigned_short_unsigned_char_unsigned_short_i_755   |   in|   20|     ap_none|   mxm_execute_ursa_signed_char_unsigned_short_unsigned_char_unsigned_short_i_755|       pointer|
|mxm_execute_ursa_signed_char_unsigned_short_unsigned_char_unsigned_short_i_754   |   in|   20|     ap_none|   mxm_execute_ursa_signed_char_unsigned_short_unsigned_char_unsigned_short_i_754|       pointer|
|mxm_execute_ursa_signed_char_unsigned_short_unsigned_char_unsigned_short_i_753   |   in|   20|     ap_none|   mxm_execute_ursa_signed_char_unsigned_short_unsigned_char_unsigned_short_i_753|       pointer|
|mxm_execute_ursa_signed_char_unsigned_short_unsigned_char_unsigned_short_i_752   |   in|   20|     ap_none|   mxm_execute_ursa_signed_char_unsigned_short_unsigned_char_unsigned_short_i_752|       pointer|
|mxm_execute_ursa_signed_char_unsigned_short_unsigned_char_unsigned_short_i_751   |   in|   20|     ap_none|   mxm_execute_ursa_signed_char_unsigned_short_unsigned_char_unsigned_short_i_751|       pointer|
|mxm_execute_ursa_signed_char_unsigned_short_unsigned_char_unsigned_short_i_750   |   in|   20|     ap_none|   mxm_execute_ursa_signed_char_unsigned_short_unsigned_char_unsigned_short_i_750|       pointer|
|mxm_execute_ursa_signed_char_unsigned_short_unsigned_char_unsigned_short_i_749   |   in|   20|     ap_none|   mxm_execute_ursa_signed_char_unsigned_short_unsigned_char_unsigned_short_i_749|       pointer|
|mxm_execute_ursa_signed_char_unsigned_short_unsigned_char_unsigned_short_i_747   |   in|   20|     ap_none|   mxm_execute_ursa_signed_char_unsigned_short_unsigned_char_unsigned_short_i_747|       pointer|
|mxm_execute_ursa_signed_char_unsigned_short_unsigned_char_unsigned_short_i_746   |   in|   20|     ap_none|   mxm_execute_ursa_signed_char_unsigned_short_unsigned_char_unsigned_short_i_746|       pointer|
|mxm_execute_ursa_signed_char_unsigned_short_unsigned_char_unsigned_short_i_745   |   in|   20|     ap_none|   mxm_execute_ursa_signed_char_unsigned_short_unsigned_char_unsigned_short_i_745|       pointer|
|mxm_execute_ursa_signed_char_unsigned_short_unsigned_char_unsigned_short_i_744   |   in|   20|     ap_none|   mxm_execute_ursa_signed_char_unsigned_short_unsigned_char_unsigned_short_i_744|       pointer|
|mxm_execute_ursa_signed_char_unsigned_short_unsigned_char_unsigned_short_i_743   |   in|   20|     ap_none|   mxm_execute_ursa_signed_char_unsigned_short_unsigned_char_unsigned_short_i_743|       pointer|
|mxm_execute_ursa_signed_char_unsigned_short_unsigned_char_unsigned_short_i_742   |   in|   20|     ap_none|   mxm_execute_ursa_signed_char_unsigned_short_unsigned_char_unsigned_short_i_742|       pointer|
|mxm_execute_ursa_signed_char_unsigned_short_unsigned_char_unsigned_short_i_741   |   in|   20|     ap_none|   mxm_execute_ursa_signed_char_unsigned_short_unsigned_char_unsigned_short_i_741|       pointer|
|mxm_execute_ursa_signed_char_unsigned_short_unsigned_char_unsigned_short_i_740   |   in|   20|     ap_none|   mxm_execute_ursa_signed_char_unsigned_short_unsigned_char_unsigned_short_i_740|       pointer|
|mxm_execute_ursa_signed_char_unsigned_short_unsigned_char_unsigned_short_i_739   |   in|   20|     ap_none|   mxm_execute_ursa_signed_char_unsigned_short_unsigned_char_unsigned_short_i_739|       pointer|
|mxm_execute_ursa_signed_char_unsigned_short_unsigned_char_unsigned_short_i_738   |   in|   20|     ap_none|   mxm_execute_ursa_signed_char_unsigned_short_unsigned_char_unsigned_short_i_738|       pointer|
|mxm_execute_ursa_signed_char_unsigned_short_unsigned_char_unsigned_short_i_56    |   in|   20|     ap_none|    mxm_execute_ursa_signed_char_unsigned_short_unsigned_char_unsigned_short_i_56|       pointer|
|mxm_execute_ursa_signed_char_unsigned_short_unsigned_char_unsigned_short_i_73    |   in|   20|     ap_none|    mxm_execute_ursa_signed_char_unsigned_short_unsigned_char_unsigned_short_i_73|       pointer|
|mxm_execute_ursa_signed_char_unsigned_short_unsigned_char_unsigned_short_i_90    |   in|   20|     ap_none|    mxm_execute_ursa_signed_char_unsigned_short_unsigned_char_unsigned_short_i_90|       pointer|
|mxm_execute_ursa_signed_char_unsigned_short_unsigned_char_unsigned_short_i_1362  |   in|   20|     ap_none|  mxm_execute_ursa_signed_char_unsigned_short_unsigned_char_unsigned_short_i_1362|       pointer|
|mxm_execute_ursa_signed_char_unsigned_short_unsigned_char_unsigned_short_i_1345  |   in|   20|     ap_none|  mxm_execute_ursa_signed_char_unsigned_short_unsigned_char_unsigned_short_i_1345|       pointer|
|mxm_execute_ursa_signed_char_unsigned_short_unsigned_char_unsigned_short_i_1328  |   in|   20|     ap_none|  mxm_execute_ursa_signed_char_unsigned_short_unsigned_char_unsigned_short_i_1328|       pointer|
|mxm_execute_ursa_signed_char_unsigned_short_unsigned_char_unsigned_short_i_1311  |   in|   20|     ap_none|  mxm_execute_ursa_signed_char_unsigned_short_unsigned_char_unsigned_short_i_1311|       pointer|
|mxm_execute_ursa_signed_char_unsigned_short_unsigned_char_unsigned_short_i_1294  |   in|   20|     ap_none|  mxm_execute_ursa_signed_char_unsigned_short_unsigned_char_unsigned_short_i_1294|       pointer|
|mxm_execute_ursa_signed_char_unsigned_short_unsigned_char_unsigned_short_i_1277  |   in|   20|     ap_none|  mxm_execute_ursa_signed_char_unsigned_short_unsigned_char_unsigned_short_i_1277|       pointer|
|mxm_execute_ursa_signed_char_unsigned_short_unsigned_char_unsigned_short_i_1260  |   in|   20|     ap_none|  mxm_execute_ursa_signed_char_unsigned_short_unsigned_char_unsigned_short_i_1260|       pointer|
|mxm_execute_ursa_signed_char_unsigned_short_unsigned_char_unsigned_short_i_1243  |   in|   20|     ap_none|  mxm_execute_ursa_signed_char_unsigned_short_unsigned_char_unsigned_short_i_1243|       pointer|
|mxm_execute_ursa_signed_char_unsigned_short_unsigned_char_unsigned_short_i_1226  |   in|   20|     ap_none|  mxm_execute_ursa_signed_char_unsigned_short_unsigned_char_unsigned_short_i_1226|       pointer|
|mxm_execute_ursa_signed_char_unsigned_short_unsigned_char_unsigned_short_i_1209  |   in|   20|     ap_none|  mxm_execute_ursa_signed_char_unsigned_short_unsigned_char_unsigned_short_i_1209|       pointer|
|mxm_execute_ursa_signed_char_unsigned_short_unsigned_char_unsigned_short_i_1191  |   in|   20|     ap_none|  mxm_execute_ursa_signed_char_unsigned_short_unsigned_char_unsigned_short_i_1191|       pointer|
|mxm_execute_ursa_signed_char_unsigned_short_unsigned_char_unsigned_short_i_1174  |   in|   20|     ap_none|  mxm_execute_ursa_signed_char_unsigned_short_unsigned_char_unsigned_short_i_1174|       pointer|
|mxm_execute_ursa_signed_char_unsigned_short_unsigned_char_unsigned_short_i_1158  |   in|   20|     ap_none|  mxm_execute_ursa_signed_char_unsigned_short_unsigned_char_unsigned_short_i_1158|       pointer|
|mxm_execute_ursa_signed_char_unsigned_short_unsigned_char_unsigned_short_i_1142  |   in|   20|     ap_none|  mxm_execute_ursa_signed_char_unsigned_short_unsigned_char_unsigned_short_i_1142|       pointer|
|mxm_execute_ursa_signed_char_unsigned_short_unsigned_char_unsigned_short_i_1126  |   in|   20|     ap_none|  mxm_execute_ursa_signed_char_unsigned_short_unsigned_char_unsigned_short_i_1126|       pointer|
|mxm_execute_ursa_signed_char_unsigned_short_unsigned_char_unsigned_short_i_1110  |   in|   20|     ap_none|  mxm_execute_ursa_signed_char_unsigned_short_unsigned_char_unsigned_short_i_1110|       pointer|
|mxm_execute_ursa_signed_char_unsigned_short_unsigned_char_unsigned_short_i_1094  |   in|   20|     ap_none|  mxm_execute_ursa_signed_char_unsigned_short_unsigned_char_unsigned_short_i_1094|       pointer|
|mxm_execute_ursa_signed_char_unsigned_short_unsigned_char_unsigned_short_i_1078  |   in|   20|     ap_none|  mxm_execute_ursa_signed_char_unsigned_short_unsigned_char_unsigned_short_i_1078|       pointer|
|mxm_execute_ursa_signed_char_unsigned_short_unsigned_char_unsigned_short_i_1062  |   in|   20|     ap_none|  mxm_execute_ursa_signed_char_unsigned_short_unsigned_char_unsigned_short_i_1062|       pointer|
|mxm_execute_ursa_signed_char_unsigned_short_unsigned_char_unsigned_short_i_1046  |   in|   20|     ap_none|  mxm_execute_ursa_signed_char_unsigned_short_unsigned_char_unsigned_short_i_1046|       pointer|
|mxm_execute_ursa_signed_char_unsigned_short_unsigned_char_unsigned_short_i_1029  |   in|   20|     ap_none|  mxm_execute_ursa_signed_char_unsigned_short_unsigned_char_unsigned_short_i_1029|       pointer|
|mxm_execute_ursa_signed_char_unsigned_short_unsigned_char_unsigned_short_i_1013  |   in|   20|     ap_none|  mxm_execute_ursa_signed_char_unsigned_short_unsigned_char_unsigned_short_i_1013|       pointer|
|mxm_execute_ursa_signed_char_unsigned_short_unsigned_char_unsigned_short_i_997   |   in|   20|     ap_none|   mxm_execute_ursa_signed_char_unsigned_short_unsigned_char_unsigned_short_i_997|       pointer|
|mxm_execute_ursa_signed_char_unsigned_short_unsigned_char_unsigned_short_i_981   |   in|   20|     ap_none|   mxm_execute_ursa_signed_char_unsigned_short_unsigned_char_unsigned_short_i_981|       pointer|
|mxm_execute_ursa_signed_char_unsigned_short_unsigned_char_unsigned_short_i_965   |   in|   20|     ap_none|   mxm_execute_ursa_signed_char_unsigned_short_unsigned_char_unsigned_short_i_965|       pointer|
|mxm_execute_ursa_signed_char_unsigned_short_unsigned_char_unsigned_short_i_949   |   in|   20|     ap_none|   mxm_execute_ursa_signed_char_unsigned_short_unsigned_char_unsigned_short_i_949|       pointer|
|mxm_execute_ursa_signed_char_unsigned_short_unsigned_char_unsigned_short_i_933   |   in|   20|     ap_none|   mxm_execute_ursa_signed_char_unsigned_short_unsigned_char_unsigned_short_i_933|       pointer|
|mxm_execute_ursa_signed_char_unsigned_short_unsigned_char_unsigned_short_i_917   |   in|   20|     ap_none|   mxm_execute_ursa_signed_char_unsigned_short_unsigned_char_unsigned_short_i_917|       pointer|
|mxm_execute_ursa_signed_char_unsigned_short_unsigned_char_unsigned_short_i_39    |   in|   20|     ap_none|    mxm_execute_ursa_signed_char_unsigned_short_unsigned_char_unsigned_short_i_39|       pointer|
|mxm_execute_ursa_signed_char_unsigned_short_unsigned_char_unsigned_short_i_916   |   in|   20|     ap_none|   mxm_execute_ursa_signed_char_unsigned_short_unsigned_char_unsigned_short_i_916|       pointer|
|mxm_execute_ursa_signed_char_unsigned_short_unsigned_char_unsigned_short_i_915   |   in|   20|     ap_none|   mxm_execute_ursa_signed_char_unsigned_short_unsigned_char_unsigned_short_i_915|       pointer|
|mxm_execute_ursa_signed_char_unsigned_short_unsigned_char_unsigned_short_i_913   |   in|   20|     ap_none|   mxm_execute_ursa_signed_char_unsigned_short_unsigned_char_unsigned_short_i_913|       pointer|
|mxm_execute_ursa_signed_char_unsigned_short_unsigned_char_unsigned_short_i_912   |   in|   20|     ap_none|   mxm_execute_ursa_signed_char_unsigned_short_unsigned_char_unsigned_short_i_912|       pointer|
|mxm_execute_ursa_signed_char_unsigned_short_unsigned_char_unsigned_short_i_911   |   in|   20|     ap_none|   mxm_execute_ursa_signed_char_unsigned_short_unsigned_char_unsigned_short_i_911|       pointer|
|mxm_execute_ursa_signed_char_unsigned_short_unsigned_char_unsigned_short_i_910   |   in|   20|     ap_none|   mxm_execute_ursa_signed_char_unsigned_short_unsigned_char_unsigned_short_i_910|       pointer|
|mxm_execute_ursa_signed_char_unsigned_short_unsigned_char_unsigned_short_i_903   |   in|   20|     ap_none|   mxm_execute_ursa_signed_char_unsigned_short_unsigned_char_unsigned_short_i_903|       pointer|
|mxm_execute_ursa_signed_char_unsigned_short_unsigned_char_unsigned_short_i_892   |   in|   20|     ap_none|   mxm_execute_ursa_signed_char_unsigned_short_unsigned_char_unsigned_short_i_892|       pointer|
|mxm_execute_ursa_signed_char_unsigned_short_unsigned_char_unsigned_short_i_881   |   in|   20|     ap_none|   mxm_execute_ursa_signed_char_unsigned_short_unsigned_char_unsigned_short_i_881|       pointer|
|mxm_execute_ursa_signed_char_unsigned_short_unsigned_char_unsigned_short_i_870   |   in|   20|     ap_none|   mxm_execute_ursa_signed_char_unsigned_short_unsigned_char_unsigned_short_i_870|       pointer|
|mxm_execute_ursa_signed_char_unsigned_short_unsigned_char_unsigned_short_i_859   |   in|   20|     ap_none|   mxm_execute_ursa_signed_char_unsigned_short_unsigned_char_unsigned_short_i_859|       pointer|
|mxm_execute_ursa_signed_char_unsigned_short_unsigned_char_unsigned_short_i_848   |   in|   20|     ap_none|   mxm_execute_ursa_signed_char_unsigned_short_unsigned_char_unsigned_short_i_848|       pointer|
|mxm_execute_ursa_signed_char_unsigned_short_unsigned_char_unsigned_short_i_836   |   in|   20|     ap_none|   mxm_execute_ursa_signed_char_unsigned_short_unsigned_char_unsigned_short_i_836|       pointer|
|mxm_execute_ursa_signed_char_unsigned_short_unsigned_char_unsigned_short_i_825   |   in|   20|     ap_none|   mxm_execute_ursa_signed_char_unsigned_short_unsigned_char_unsigned_short_i_825|       pointer|
|mxm_execute_ursa_signed_char_unsigned_short_unsigned_char_unsigned_short_i_814   |   in|   20|     ap_none|   mxm_execute_ursa_signed_char_unsigned_short_unsigned_char_unsigned_short_i_814|       pointer|
|mxm_execute_ursa_signed_char_unsigned_short_unsigned_char_unsigned_short_i_803   |   in|   20|     ap_none|   mxm_execute_ursa_signed_char_unsigned_short_unsigned_char_unsigned_short_i_803|       pointer|
|mxm_execute_ursa_signed_char_unsigned_short_unsigned_char_unsigned_short_i_792   |   in|   20|     ap_none|   mxm_execute_ursa_signed_char_unsigned_short_unsigned_char_unsigned_short_i_792|       pointer|
|mxm_execute_ursa_signed_char_unsigned_short_unsigned_char_unsigned_short_i_781   |   in|   20|     ap_none|   mxm_execute_ursa_signed_char_unsigned_short_unsigned_char_unsigned_short_i_781|       pointer|
|mxm_execute_ursa_signed_char_unsigned_short_unsigned_char_unsigned_short_i_770   |   in|   20|     ap_none|   mxm_execute_ursa_signed_char_unsigned_short_unsigned_char_unsigned_short_i_770|       pointer|
|mxm_execute_ursa_signed_char_unsigned_short_unsigned_char_unsigned_short_i_759   |   in|   20|     ap_none|   mxm_execute_ursa_signed_char_unsigned_short_unsigned_char_unsigned_short_i_759|       pointer|
|mxm_execute_ursa_signed_char_unsigned_short_unsigned_char_unsigned_short_i_748   |   in|   20|     ap_none|   mxm_execute_ursa_signed_char_unsigned_short_unsigned_char_unsigned_short_i_748|       pointer|
|mxm_execute_ursa_signed_char_unsigned_short_unsigned_char_unsigned_short_i_737   |   in|   20|     ap_none|   mxm_execute_ursa_signed_char_unsigned_short_unsigned_char_unsigned_short_i_737|       pointer|
|mxm_execute_ursa_signed_char_unsigned_short_unsigned_char_unsigned_short_i_10    |   in|   20|     ap_none|    mxm_execute_ursa_signed_char_unsigned_short_unsigned_char_unsigned_short_i_10|       pointer|
|mxm_execute_ursa_signed_char_unsigned_short_unsigned_char_unsigned_short_i_21    |   in|   20|     ap_none|    mxm_execute_ursa_signed_char_unsigned_short_unsigned_char_unsigned_short_i_21|       pointer|
|mxm_execute_ursa_signed_char_unsigned_short_unsigned_char_unsigned_short_i_32    |   in|   20|     ap_none|    mxm_execute_ursa_signed_char_unsigned_short_unsigned_char_unsigned_short_i_32|       pointer|
|mxm_execute_ursa_signed_char_unsigned_short_unsigned_char_unsigned_short_i_91    |   in|   20|     ap_none|    mxm_execute_ursa_signed_char_unsigned_short_unsigned_char_unsigned_short_i_91|       pointer|
|mxm_execute_ursa_signed_char_unsigned_short_unsigned_char_unsigned_short_i_1208  |   in|   20|     ap_none|  mxm_execute_ursa_signed_char_unsigned_short_unsigned_char_unsigned_short_i_1208|       pointer|
|mxm_execute_ursa_signed_char_unsigned_short_unsigned_char_unsigned_short_i_1045  |   in|   20|     ap_none|  mxm_execute_ursa_signed_char_unsigned_short_unsigned_char_unsigned_short_i_1045|       pointer|
|mxm_execute_ursa_signed_char_unsigned_short_unsigned_char_unsigned_short_i_914   |   in|   20|     ap_none|   mxm_execute_ursa_signed_char_unsigned_short_unsigned_char_unsigned_short_i_914|       pointer|
|mxm_execute_ursa_signed_char_unsigned_short_unsigned_char_unsigned_short_i_847   |   in|   20|     ap_none|   mxm_execute_ursa_signed_char_unsigned_short_unsigned_char_unsigned_short_i_847|       pointer|
|mxm_execute_ursa_signed_char_unsigned_short_unsigned_char_unsigned_short_i_736   |   in|   20|     ap_none|   mxm_execute_ursa_signed_char_unsigned_short_unsigned_char_unsigned_short_i_736|       pointer|
|mxm_execute_ursa_signed_char_unsigned_short_unsigned_char_unsigned_short_i_735   |   in|   20|     ap_none|   mxm_execute_ursa_signed_char_unsigned_short_unsigned_char_unsigned_short_i_735|       pointer|
+---------------------------------------------------------------------------------+-----+-----+------------+---------------------------------------------------------------------------------+--------------+

