Copyright 1986-2022 Xilinx, Inc. All Rights Reserved. Copyright 2022-2023 Advanced Micro Devices, Inc. All Rights Reserved.
-----------------------------------------------------------------------------------------------------------------------------------------------------
| Tool Version : Vivado v.2023.2 (lin64) Build 4029153 Fri Oct 13 20:13:54 MDT 2023
| Date         : Tue Sep 15 18:30:31 2026
| Host         : pc626690 running 64-bit Ubuntu 22.04.5 LTS
| Command      : report_timing_summary -file /home/ulisses/Projects/ursa/exp/output-stationary/bitstreams/ursa_vanilla_16x16_acc20_hybrid_timing.rpt
| Design       : ursa_vanilla_hybrid_wrapper
| Device       : 7z020-clg484
| Speed File   : -1  PRODUCTION 1.12 2019-11-22
| Design State : Routed
-----------------------------------------------------------------------------------------------------------------------------------------------------

Timing Summary Report

------------------------------------------------------------------------------------------------
| Timer Settings
| --------------
------------------------------------------------------------------------------------------------

  Enable Multi Corner Analysis               :  Yes
  Enable Pessimism Removal                   :  Yes
  Pessimism Removal Resolution               :  Nearest Common Node
  Enable Input Delay Default Clock           :  No
  Enable Preset / Clear Arcs                 :  No
  Disable Flight Delays                      :  No
  Ignore I/O Paths                           :  No
  Timing Early Launch at Borrowing Latches   :  No
  Borrow Time for Max Delay Exceptions       :  Yes
  Merge Timing Exceptions                    :  Yes
  Inter-SLR Compensation                     :  Conservative

  Corner  Analyze    Analyze    
  Name    Max Paths  Min Paths  
  ------  ---------  ---------  
  Slow    Yes        Yes        
  Fast    Yes        Yes        


------------------------------------------------------------------------------------------------
| Report Methodology
| ------------------
------------------------------------------------------------------------------------------------

Rule     Severity  Description                   Violations  
-------  --------  ----------------------------  ----------  
LUTAR-1  Warning   LUT drives async reset alert  3           

Note: This report is based on the most recent report_methodology run and may not be up-to-date. Run report_methodology on the current design for the latest report.



check_timing report

Table of Contents
-----------------
1. checking no_clock (0)
2. checking constant_clock (0)
3. checking pulse_width_clock (0)
4. checking unconstrained_internal_endpoints (0)
5. checking no_input_delay (0)
6. checking no_output_delay (0)
7. checking multiple_clock (0)
8. checking generated_clocks (0)
9. checking loops (0)
10. checking partial_input_delay (0)
11. checking partial_output_delay (0)
12. checking latch_loops (0)

1. checking no_clock (0)
------------------------
 There are 0 register/latch pins with no clock.


2. checking constant_clock (0)
------------------------------
 There are 0 register/latch pins with constant_clock.


3. checking pulse_width_clock (0)
---------------------------------
 There are 0 register/latch pins which need pulse_width check


4. checking unconstrained_internal_endpoints (0)
------------------------------------------------
 There are 0 pins that are not constrained for maximum delay.

 There are 0 pins that are not constrained for maximum delay due to constant clock.


5. checking no_input_delay (0)
------------------------------
 There are 0 input ports with no input delay specified.

 There are 0 input ports with no input delay but user has a false path constraint.


6. checking no_output_delay (0)
-------------------------------
 There are 0 ports with no output delay specified.

 There are 0 ports with no output delay but user has a false path constraint

 There are 0 ports with no output delay but with a timing clock defined on it or propagating through it


7. checking multiple_clock (0)
------------------------------
 There are 0 register/latch pins with multiple clocks.


8. checking generated_clocks (0)
--------------------------------
 There are 0 generated clocks that are not connected to a clock source.


9. checking loops (0)
---------------------
 There are 0 combinational loops in the design.


10. checking partial_input_delay (0)
------------------------------------
 There are 0 input ports with partial input delay specified.


11. checking partial_output_delay (0)
-------------------------------------
 There are 0 ports with partial output delay specified.


12. checking latch_loops (0)
----------------------------
 There are 0 combinational latch loops in the design through latch input



------------------------------------------------------------------------------------------------
| Design Timing Summary
| ---------------------
------------------------------------------------------------------------------------------------

    WNS(ns)      TNS(ns)  TNS Failing Endpoints  TNS Total Endpoints      WHS(ns)      THS(ns)  THS Failing Endpoints  THS Total Endpoints     WPWS(ns)     TPWS(ns)  TPWS Failing Endpoints  TPWS Total Endpoints  
    -------      -------  ---------------------  -------------------      -------      -------  ---------------------  -------------------     --------     --------  ----------------------  --------------------  
      0.217        0.000                      0                74630        0.022        0.000                      0                74630        3.750        0.000                       0                 24178  


All user specified timing constraints are met.


------------------------------------------------------------------------------------------------
| Clock Summary
| -------------
------------------------------------------------------------------------------------------------

Clock       Waveform(ns)       Period(ns)      Frequency(MHz)
-----       ------------       ----------      --------------
clk_fpga_0  {0.000 5.000}      10.000          100.000         


------------------------------------------------------------------------------------------------
| Intra Clock Table
| -----------------
------------------------------------------------------------------------------------------------

Clock             WNS(ns)      TNS(ns)  TNS Failing Endpoints  TNS Total Endpoints      WHS(ns)      THS(ns)  THS Failing Endpoints  THS Total Endpoints     WPWS(ns)     TPWS(ns)  TPWS Failing Endpoints  TPWS Total Endpoints  
-----             -------      -------  ---------------------  -------------------      -------      -------  ---------------------  -------------------     --------     --------  ----------------------  --------------------  
clk_fpga_0          0.217        0.000                      0                74534        0.022        0.000                      0                74534        3.750        0.000                       0                 24178  


------------------------------------------------------------------------------------------------
| Inter Clock Table
| -----------------
------------------------------------------------------------------------------------------------

From Clock    To Clock          WNS(ns)      TNS(ns)  TNS Failing Endpoints  TNS Total Endpoints      WHS(ns)      THS(ns)  THS Failing Endpoints  THS Total Endpoints  
----------    --------          -------      -------  ---------------------  -------------------      -------      -------  ---------------------  -------------------  


------------------------------------------------------------------------------------------------
| Other Path Groups Table
| -----------------------
------------------------------------------------------------------------------------------------

Path Group         From Clock         To Clock               WNS(ns)      TNS(ns)  TNS Failing Endpoints  TNS Total Endpoints      WHS(ns)      THS(ns)  THS Failing Endpoints  THS Total Endpoints  
----------         ----------         --------               -------      -------  ---------------------  -------------------      -------      -------  ---------------------  -------------------  
**async_default**  clk_fpga_0         clk_fpga_0               6.361        0.000                      0                   96        0.565        0.000                      0                   96  


------------------------------------------------------------------------------------------------
| Timing Details
| --------------
------------------------------------------------------------------------------------------------


---------------------------------------------------------------------------------------------------
From Clock:  clk_fpga_0
  To Clock:  clk_fpga_0

Setup :            0  Failing Endpoints,  Worst Slack        0.217ns,  Total Violation        0.000ns
Hold  :            0  Failing Endpoints,  Worst Slack        0.022ns,  Total Violation        0.000ns
PW    :            0  Failing Endpoints,  Worst Slack        3.750ns,  Total Violation        0.000ns
---------------------------------------------------------------------------------------------------


Max Delay Paths
--------------------------------------------------------------------------------------
Slack (MET) :             0.217ns  (required time - arrival time)
  Source:                 ursa_vanilla_hybrid_i/mxm_execute_ursa_0/inst/grp_mxm_execute_ursa_Pipeline_STREAM_K_fu_1980/zext_ln183_1_cast_reg_17701_reg[1]/C
                            (rising edge-triggered cell FDRE clocked by clk_fpga_0  {rise@0.000ns fall@5.000ns period=10.000ns})
  Destination:            ursa_vanilla_hybrid_i/mxm_execute_ursa_0/inst/grp_mxm_execute_ursa_Pipeline_STREAM_K_fu_1980/row_off_reg_18097_reg[29]/D
                            (rising edge-triggered cell FDRE clocked by clk_fpga_0  {rise@0.000ns fall@5.000ns period=10.000ns})
  Path Group:             clk_fpga_0
  Path Type:              Setup (Max at Slow Process Corner)
  Requirement:            10.000ns  (clk_fpga_0 rise@10.000ns - clk_fpga_0 rise@0.000ns)
  Data Path Delay:        9.626ns  (logic 4.341ns (45.097%)  route 5.285ns (54.903%))
  Logic Levels:           14  (CARRY4=8 LUT3=2 LUT4=1 LUT5=1 LUT6=2)
  Clock Path Skew:        -0.065ns (DCD - SCD + CPR)
    Destination Clock Delay (DCD):    2.730ns = ( 12.730 - 10.000 ) 
    Source Clock Delay      (SCD):    3.025ns
    Clock Pessimism Removal (CPR):    0.230ns
  Clock Uncertainty:      0.154ns  ((TSJ^2 + TIJ^2)^1/2 + DJ) / 2 + PE
    Total System Jitter     (TSJ):    0.071ns
    Total Input Jitter      (TIJ):    0.300ns
    Discrete Jitter          (DJ):    0.000ns
    Phase Error              (PE):    0.000ns

    Location             Delay type                Incr(ns)  Path(ns)    Netlist Resource(s)
  -------------------------------------------------------------------    -------------------
                         (clock clk_fpga_0 rise edge)
                                                      0.000     0.000 r  
    PS7_X0Y0             PS7                          0.000     0.000 r  ursa_vanilla_hybrid_i/processing_system7_0/inst/PS7_i/FCLKCLK[0]
                         net (fo=1, routed)           1.193     1.193    ursa_vanilla_hybrid_i/processing_system7_0/inst/FCLK_CLK_unbuffered[0]
    BUFGCTRL_X0Y16       BUFG (Prop_bufg_I_O)         0.101     1.294 r  ursa_vanilla_hybrid_i/processing_system7_0/inst/buffer_fclk_clk_0.FCLK_CLK_0_BUFG/O
                         net (fo=24179, routed)       1.731     3.025    ursa_vanilla_hybrid_i/mxm_execute_ursa_0/inst/grp_mxm_execute_ursa_Pipeline_STREAM_K_fu_1980/ap_clk
    SLICE_X86Y16         FDRE                                         r  ursa_vanilla_hybrid_i/mxm_execute_ursa_0/inst/grp_mxm_execute_ursa_Pipeline_STREAM_K_fu_1980/zext_ln183_1_cast_reg_17701_reg[1]/C
  -------------------------------------------------------------------    -------------------
    SLICE_X86Y16         FDRE (Prop_fdre_C_Q)         0.518     3.543 r  ursa_vanilla_hybrid_i/mxm_execute_ursa_0/inst/grp_mxm_execute_ursa_Pipeline_STREAM_K_fu_1980/zext_ln183_1_cast_reg_17701_reg[1]/Q
                         net (fo=59, routed)          1.330     4.873    ursa_vanilla_hybrid_i/mxm_execute_ursa_0/inst/grp_mxm_execute_ursa_Pipeline_STREAM_K_fu_1980/mul_17s_16ns_32_1_1_U2/row_off_reg_18097_reg[27]_i_52_0
    SLICE_X88Y12         LUT6 (Prop_lut6_I0_O)        0.124     4.997 r  ursa_vanilla_hybrid_i/mxm_execute_ursa_0/inst/grp_mxm_execute_ursa_Pipeline_STREAM_K_fu_1980/mul_17s_16ns_32_1_1_U2/row_off_reg_18097[11]_i_30/O
                         net (fo=1, routed)           0.777     5.774    ursa_vanilla_hybrid_i/mxm_execute_ursa_0/inst/grp_mxm_execute_ursa_Pipeline_STREAM_K_fu_1980/mul_17s_16ns_32_1_1_U2/row_off_reg_18097[11]_i_30_n_0
    SLICE_X87Y13         CARRY4 (Prop_carry4_DI[3]_CO[3])
                                                      0.385     6.159 r  ursa_vanilla_hybrid_i/mxm_execute_ursa_0/inst/grp_mxm_execute_ursa_Pipeline_STREAM_K_fu_1980/mul_17s_16ns_32_1_1_U2/row_off_reg_18097_reg[11]_i_28/CO[3]
                         net (fo=1, routed)           0.000     6.159    ursa_vanilla_hybrid_i/mxm_execute_ursa_0/inst/grp_mxm_execute_ursa_Pipeline_STREAM_K_fu_1980/mul_17s_16ns_32_1_1_U2/row_off_reg_18097_reg[11]_i_28_n_0
    SLICE_X87Y14         CARRY4 (Prop_carry4_CI_CO[3])
                                                      0.114     6.273 r  ursa_vanilla_hybrid_i/mxm_execute_ursa_0/inst/grp_mxm_execute_ursa_Pipeline_STREAM_K_fu_1980/mul_17s_16ns_32_1_1_U2/row_off_reg_18097_reg[15]_i_33/CO[3]
                         net (fo=1, routed)           0.000     6.273    ursa_vanilla_hybrid_i/mxm_execute_ursa_0/inst/grp_mxm_execute_ursa_Pipeline_STREAM_K_fu_1980/mul_17s_16ns_32_1_1_U2/row_off_reg_18097_reg[15]_i_33_n_0
    SLICE_X87Y15         CARRY4 (Prop_carry4_CI_CO[3])
                                                      0.114     6.387 r  ursa_vanilla_hybrid_i/mxm_execute_ursa_0/inst/grp_mxm_execute_ursa_Pipeline_STREAM_K_fu_1980/mul_17s_16ns_32_1_1_U2/row_off_reg_18097_reg[19]_i_45/CO[3]
                         net (fo=1, routed)           0.000     6.387    ursa_vanilla_hybrid_i/mxm_execute_ursa_0/inst/grp_mxm_execute_ursa_Pipeline_STREAM_K_fu_1980/mul_17s_16ns_32_1_1_U2/row_off_reg_18097_reg[19]_i_45_n_0
    SLICE_X87Y16         CARRY4 (Prop_carry4_CI_O[3])
                                                      0.313     6.700 r  ursa_vanilla_hybrid_i/mxm_execute_ursa_0/inst/grp_mxm_execute_ursa_Pipeline_STREAM_K_fu_1980/mul_17s_16ns_32_1_1_U2/row_off_reg_18097_reg[23]_i_52/O[3]
                         net (fo=2, routed)           0.734     7.433    ursa_vanilla_hybrid_i/mxm_execute_ursa_0/inst/grp_mxm_execute_ursa_Pipeline_STREAM_K_fu_1980/mul_17s_16ns_32_1_1_U2/row_off_reg_18097_reg[23]_i_52_n_4
    SLICE_X83Y16         LUT3 (Prop_lut3_I2_O)        0.306     7.739 r  ursa_vanilla_hybrid_i/mxm_execute_ursa_0/inst/grp_mxm_execute_ursa_Pipeline_STREAM_K_fu_1980/mul_17s_16ns_32_1_1_U2/row_off_reg_18097[23]_i_33/O
                         net (fo=2, routed)           0.545     8.284    ursa_vanilla_hybrid_i/mxm_execute_ursa_0/inst/grp_mxm_execute_ursa_Pipeline_STREAM_K_fu_1980/mul_17s_16ns_32_1_1_U2/row_off_reg_18097[23]_i_33_n_0
    SLICE_X85Y16         LUT4 (Prop_lut4_I3_O)        0.124     8.408 r  ursa_vanilla_hybrid_i/mxm_execute_ursa_0/inst/grp_mxm_execute_ursa_Pipeline_STREAM_K_fu_1980/mul_17s_16ns_32_1_1_U2/row_off_reg_18097[23]_i_37/O
                         net (fo=1, routed)           0.000     8.408    ursa_vanilla_hybrid_i/mxm_execute_ursa_0/inst/grp_mxm_execute_ursa_Pipeline_STREAM_K_fu_1980/mul_17s_16ns_32_1_1_U2/row_off_reg_18097[23]_i_37_n_0
    SLICE_X85Y16         CARRY4 (Prop_carry4_S[0]_O[3])
                                                      0.606     9.014 r  ursa_vanilla_hybrid_i/mxm_execute_ursa_0/inst/grp_mxm_execute_ursa_Pipeline_STREAM_K_fu_1980/mul_17s_16ns_32_1_1_U2/row_off_reg_18097_reg[23]_i_15/O[3]
                         net (fo=3, routed)           0.685     9.700    ursa_vanilla_hybrid_i/mxm_execute_ursa_0/inst/grp_mxm_execute_ursa_Pipeline_STREAM_K_fu_1980/mul_17s_16ns_32_1_1_U2/row_off_reg_18097_reg[23]_i_15_n_4
    SLICE_X82Y17         LUT3 (Prop_lut3_I1_O)        0.306    10.006 r  ursa_vanilla_hybrid_i/mxm_execute_ursa_0/inst/grp_mxm_execute_ursa_Pipeline_STREAM_K_fu_1980/mul_17s_16ns_32_1_1_U2/row_off_reg_18097[23]_i_17/O
                         net (fo=2, routed)           0.466    10.472    ursa_vanilla_hybrid_i/mxm_execute_ursa_0/inst/grp_mxm_execute_ursa_Pipeline_STREAM_K_fu_1980/mul_17s_16ns_32_1_1_U2/row_off_reg_18097[23]_i_17_n_0
    SLICE_X83Y17         LUT5 (Prop_lut5_I1_O)        0.119    10.591 r  ursa_vanilla_hybrid_i/mxm_execute_ursa_0/inst/grp_mxm_execute_ursa_Pipeline_STREAM_K_fu_1980/mul_17s_16ns_32_1_1_U2/row_off_reg_18097[23]_i_5/O
                         net (fo=2, routed)           0.748    11.339    ursa_vanilla_hybrid_i/mxm_execute_ursa_0/inst/grp_mxm_execute_ursa_Pipeline_STREAM_K_fu_1980/mul_17s_16ns_32_1_1_U2/row_off_reg_18097[23]_i_5_n_0
    SLICE_X80Y17         LUT6 (Prop_lut6_I0_O)        0.332    11.671 r  ursa_vanilla_hybrid_i/mxm_execute_ursa_0/inst/grp_mxm_execute_ursa_Pipeline_STREAM_K_fu_1980/mul_17s_16ns_32_1_1_U2/row_off_reg_18097[23]_i_9/O
                         net (fo=1, routed)           0.000    11.671    ursa_vanilla_hybrid_i/mxm_execute_ursa_0/inst/grp_mxm_execute_ursa_Pipeline_STREAM_K_fu_1980/mul_17s_16ns_32_1_1_U2/row_off_reg_18097[23]_i_9_n_0
    SLICE_X80Y17         CARRY4 (Prop_carry4_S[0]_CO[3])
                                                      0.532    12.203 r  ursa_vanilla_hybrid_i/mxm_execute_ursa_0/inst/grp_mxm_execute_ursa_Pipeline_STREAM_K_fu_1980/mul_17s_16ns_32_1_1_U2/row_off_reg_18097_reg[23]_i_1/CO[3]
                         net (fo=1, routed)           0.000    12.203    ursa_vanilla_hybrid_i/mxm_execute_ursa_0/inst/grp_mxm_execute_ursa_Pipeline_STREAM_K_fu_1980/mul_17s_16ns_32_1_1_U2/row_off_reg_18097_reg[23]_i_1_n_0
    SLICE_X80Y18         CARRY4 (Prop_carry4_CI_CO[3])
                                                      0.114    12.317 r  ursa_vanilla_hybrid_i/mxm_execute_ursa_0/inst/grp_mxm_execute_ursa_Pipeline_STREAM_K_fu_1980/mul_17s_16ns_32_1_1_U2/row_off_reg_18097_reg[27]_i_1/CO[3]
                         net (fo=1, routed)           0.000    12.317    ursa_vanilla_hybrid_i/mxm_execute_ursa_0/inst/grp_mxm_execute_ursa_Pipeline_STREAM_K_fu_1980/mul_17s_16ns_32_1_1_U2/row_off_reg_18097_reg[27]_i_1_n_0
    SLICE_X80Y19         CARRY4 (Prop_carry4_CI_O[1])
                                                      0.334    12.651 r  ursa_vanilla_hybrid_i/mxm_execute_ursa_0/inst/grp_mxm_execute_ursa_Pipeline_STREAM_K_fu_1980/mul_17s_16ns_32_1_1_U2/row_off_reg_18097_reg[31]_i_2/O[1]
                         net (fo=1, routed)           0.000    12.651    ursa_vanilla_hybrid_i/mxm_execute_ursa_0/inst/grp_mxm_execute_ursa_Pipeline_STREAM_K_fu_1980/mul_17s_16ns_32_1_1_U2_n_2
    SLICE_X80Y19         FDRE                                         r  ursa_vanilla_hybrid_i/mxm_execute_ursa_0/inst/grp_mxm_execute_ursa_Pipeline_STREAM_K_fu_1980/row_off_reg_18097_reg[29]/D
  -------------------------------------------------------------------    -------------------

                         (clock clk_fpga_0 rise edge)
                                                     10.000    10.000 r  
    PS7_X0Y0             PS7                          0.000    10.000 r  ursa_vanilla_hybrid_i/processing_system7_0/inst/PS7_i/FCLKCLK[0]
                         net (fo=1, routed)           1.088    11.088    ursa_vanilla_hybrid_i/processing_system7_0/inst/FCLK_CLK_unbuffered[0]
    BUFGCTRL_X0Y16       BUFG (Prop_bufg_I_O)         0.091    11.179 r  ursa_vanilla_hybrid_i/processing_system7_0/inst/buffer_fclk_clk_0.FCLK_CLK_0_BUFG/O
                         net (fo=24179, routed)       1.551    12.731    ursa_vanilla_hybrid_i/mxm_execute_ursa_0/inst/grp_mxm_execute_ursa_Pipeline_STREAM_K_fu_1980/ap_clk
    SLICE_X80Y19         FDRE                                         r  ursa_vanilla_hybrid_i/mxm_execute_ursa_0/inst/grp_mxm_execute_ursa_Pipeline_STREAM_K_fu_1980/row_off_reg_18097_reg[29]/C
                         clock pessimism              0.230    12.960    
                         clock uncertainty           -0.154    12.806    
    SLICE_X80Y19         FDRE (Setup_fdre_C_D)        0.062    12.868    ursa_vanilla_hybrid_i/mxm_execute_ursa_0/inst/grp_mxm_execute_ursa_Pipeline_STREAM_K_fu_1980/row_off_reg_18097_reg[29]
  -------------------------------------------------------------------
                         required time                         12.868    
                         arrival time                         -12.651    
  -------------------------------------------------------------------
                         slack                                  0.217    





Min Delay Paths
--------------------------------------------------------------------------------------
Slack (MET) :             0.022ns  (arrival time - required time)
  Source:                 ursa_vanilla_hybrid_i/axi_bram_ctrl_0/U0/gext_inst.abcv4_0_ext_inst/GEN_AXI4.I_FULL_AXI/I_RD_CHNL/GEN_NO_RD_CMD_OPT.GEN_RDATA_NO_ECC.GEN_RDATA_NO_RL_NO_ECC.GEN_RDATA[22].axi_rdata_int_reg[22]/C
                            (rising edge-triggered cell FDRE clocked by clk_fpga_0  {rise@0.000ns fall@5.000ns period=10.000ns})
  Destination:            ursa_vanilla_hybrid_i/axi_interconnect_1/xbar/inst/gen_samd.crossbar_samd/gen_master_slots[0].reg_slice_mi/r.r_pipe/skid_buffer_reg[22]/D
                            (rising edge-triggered cell FDRE clocked by clk_fpga_0  {rise@0.000ns fall@5.000ns period=10.000ns})
  Path Group:             clk_fpga_0
  Path Type:              Hold (Min at Fast Process Corner)
  Requirement:            0.000ns  (clk_fpga_0 rise@0.000ns - clk_fpga_0 rise@0.000ns)
  Data Path Delay:        0.351ns  (logic 0.141ns (40.120%)  route 0.210ns (59.880%))
  Logic Levels:           0  
  Clock Path Skew:        0.259ns (DCD - SCD - CPR)
    Destination Clock Delay (DCD):    1.181ns
    Source Clock Delay      (SCD):    0.887ns
    Clock Pessimism Removal (CPR):    0.035ns

    Location             Delay type                Incr(ns)  Path(ns)    Netlist Resource(s)
  -------------------------------------------------------------------    -------------------
                         (clock clk_fpga_0 rise edge)
                                                      0.000     0.000 r  
    PS7_X0Y0             PS7                          0.000     0.000 r  ursa_vanilla_hybrid_i/processing_system7_0/inst/PS7_i/FCLKCLK[0]
                         net (fo=1, routed)           0.310     0.310    ursa_vanilla_hybrid_i/processing_system7_0/inst/FCLK_CLK_unbuffered[0]
    BUFGCTRL_X0Y16       BUFG (Prop_bufg_I_O)         0.026     0.336 r  ursa_vanilla_hybrid_i/processing_system7_0/inst/buffer_fclk_clk_0.FCLK_CLK_0_BUFG/O
                         net (fo=24179, routed)       0.551     0.887    ursa_vanilla_hybrid_i/axi_bram_ctrl_0/U0/gext_inst.abcv4_0_ext_inst/GEN_AXI4.I_FULL_AXI/I_RD_CHNL/s_axi_aclk
    SLICE_X48Y86         FDRE                                         r  ursa_vanilla_hybrid_i/axi_bram_ctrl_0/U0/gext_inst.abcv4_0_ext_inst/GEN_AXI4.I_FULL_AXI/I_RD_CHNL/GEN_NO_RD_CMD_OPT.GEN_RDATA_NO_ECC.GEN_RDATA_NO_RL_NO_ECC.GEN_RDATA[22].axi_rdata_int_reg[22]/C
  -------------------------------------------------------------------    -------------------
    SLICE_X48Y86         FDRE (Prop_fdre_C_Q)         0.141     1.028 r  ursa_vanilla_hybrid_i/axi_bram_ctrl_0/U0/gext_inst.abcv4_0_ext_inst/GEN_AXI4.I_FULL_AXI/I_RD_CHNL/GEN_NO_RD_CMD_OPT.GEN_RDATA_NO_ECC.GEN_RDATA_NO_RL_NO_ECC.GEN_RDATA[22].axi_rdata_int_reg[22]/Q
                         net (fo=2, routed)           0.210     1.238    ursa_vanilla_hybrid_i/axi_interconnect_1/xbar/inst/gen_samd.crossbar_samd/gen_master_slots[0].reg_slice_mi/r.r_pipe/m_axi_rdata[22]
    SLICE_X53Y85         FDRE                                         r  ursa_vanilla_hybrid_i/axi_interconnect_1/xbar/inst/gen_samd.crossbar_samd/gen_master_slots[0].reg_slice_mi/r.r_pipe/skid_buffer_reg[22]/D
  -------------------------------------------------------------------    -------------------

                         (clock clk_fpga_0 rise edge)
                                                      0.000     0.000 r  
    PS7_X0Y0             PS7                          0.000     0.000 r  ursa_vanilla_hybrid_i/processing_system7_0/inst/PS7_i/FCLKCLK[0]
                         net (fo=1, routed)           0.337     0.337    ursa_vanilla_hybrid_i/processing_system7_0/inst/FCLK_CLK_unbuffered[0]
    BUFGCTRL_X0Y16       BUFG (Prop_bufg_I_O)         0.029     0.366 r  ursa_vanilla_hybrid_i/processing_system7_0/inst/buffer_fclk_clk_0.FCLK_CLK_0_BUFG/O
                         net (fo=24179, routed)       0.815     1.181    ursa_vanilla_hybrid_i/axi_interconnect_1/xbar/inst/gen_samd.crossbar_samd/gen_master_slots[0].reg_slice_mi/r.r_pipe/aclk
    SLICE_X53Y85         FDRE                                         r  ursa_vanilla_hybrid_i/axi_interconnect_1/xbar/inst/gen_samd.crossbar_samd/gen_master_slots[0].reg_slice_mi/r.r_pipe/skid_buffer_reg[22]/C
                         clock pessimism             -0.035     1.146    
    SLICE_X53Y85         FDRE (Hold_fdre_C_D)         0.070     1.216    ursa_vanilla_hybrid_i/axi_interconnect_1/xbar/inst/gen_samd.crossbar_samd/gen_master_slots[0].reg_slice_mi/r.r_pipe/skid_buffer_reg[22]
  -------------------------------------------------------------------
                         required time                         -1.216    
                         arrival time                           1.238    
  -------------------------------------------------------------------
                         slack                                  0.022    





Pulse Width Checks
--------------------------------------------------------------------------------------
Clock Name:         clk_fpga_0
Waveform(ns):       { 0.000 5.000 }
Period(ns):         10.000
Sources:            { ursa_vanilla_hybrid_i/processing_system7_0/inst/PS7_i/FCLKCLK[0] }

Check Type        Corner  Lib Pin             Reference Pin  Required(ns)  Actual(ns)  Slack(ns)  Location      Pin
Min Period        n/a     RAMB18E1/CLKARDCLK  n/a            2.944         10.000      7.056      RAMB18_X3Y24  ursa_vanilla_hybrid_i/mxm_execute_ursa_0/inst/aw_m_axi_U/load_unit/buff_rdata/U_fifo_mem/mem_reg/CLKARDCLK
Low Pulse Width   Slow    RAMD32/CLK          n/a            1.250         5.000       3.750      SLICE_X26Y60  ursa_vanilla_hybrid_i/axi_interconnect_2/m00_couplers/auto_pc/inst/gen_axi4_axi3.axi3_conv_inst/USE_READ.USE_SPLIT_R.read_addr_inst/USE_R_CHANNEL.cmd_queue/inst/fifo_gen_inst/inst_fifo_gen/gconvfifo.rf/grf.rf/gntv_or_sync_fifo.mem/gdm.dm_gen.dm/RAM_reg_0_31_0_0/DP/CLK
High Pulse Width  Slow    RAMD32/CLK          n/a            1.250         5.000       3.750      SLICE_X26Y60  ursa_vanilla_hybrid_i/axi_interconnect_2/m00_couplers/auto_pc/inst/gen_axi4_axi3.axi3_conv_inst/USE_READ.USE_SPLIT_R.read_addr_inst/USE_R_CHANNEL.cmd_queue/inst/fifo_gen_inst/inst_fifo_gen/gconvfifo.rf/grf.rf/gntv_or_sync_fifo.mem/gdm.dm_gen.dm/RAM_reg_0_31_0_0/DP/CLK



---------------------------------------------------------------------------------------------------
Path Group:  **async_default**
From Clock:  clk_fpga_0
  To Clock:  clk_fpga_0

Setup :            0  Failing Endpoints,  Worst Slack        6.361ns,  Total Violation        0.000ns
Hold  :            0  Failing Endpoints,  Worst Slack        0.565ns,  Total Violation        0.000ns
---------------------------------------------------------------------------------------------------


Max Delay Paths
--------------------------------------------------------------------------------------
Slack (MET) :             6.361ns  (required time - arrival time)
  Source:                 ursa_vanilla_hybrid_i/axi_interconnect_2/m00_couplers/auto_pc/inst/gen_axi4_axi3.axi3_conv_inst/USE_WRITE.write_addr_inst/USE_BURSTS.cmd_queue/inst/fifo_gen_inst/inst_fifo_gen/gconvfifo.rf/grf.rf/rstblk/ngwrdrst.grst.g7serrst.gnsckt_wrst.rst_wr_reg2_inst/arststages_ff_reg[1]/C
                            (rising edge-triggered cell FDPE clocked by clk_fpga_0  {rise@0.000ns fall@5.000ns period=10.000ns})
  Destination:            ursa_vanilla_hybrid_i/axi_interconnect_2/m00_couplers/auto_pc/inst/gen_axi4_axi3.axi3_conv_inst/USE_WRITE.write_addr_inst/USE_BURSTS.cmd_queue/inst/fifo_gen_inst/inst_fifo_gen/gconvfifo.rf/grf.rf/gntv_or_sync_fifo.gl0.rd/rpntr/gc0.count_d1_reg[0]/CLR
                            (recovery check against rising-edge clock clk_fpga_0  {rise@0.000ns fall@5.000ns period=10.000ns})
  Path Group:             **async_default**
  Path Type:              Recovery (Max at Slow Process Corner)
  Requirement:            10.000ns  (clk_fpga_0 rise@10.000ns - clk_fpga_0 rise@0.000ns)
  Data Path Delay:        3.062ns  (logic 0.718ns (23.446%)  route 2.344ns (76.554%))
  Logic Levels:           1  (LUT3=1)
  Clock Path Skew:        -0.018ns (DCD - SCD + CPR)
    Destination Clock Delay (DCD):    2.699ns = ( 12.699 - 10.000 ) 
    Source Clock Delay      (SCD):    2.981ns
    Clock Pessimism Removal (CPR):    0.264ns
  Clock Uncertainty:      0.154ns  ((TSJ^2 + TIJ^2)^1/2 + DJ) / 2 + PE
    Total System Jitter     (TSJ):    0.071ns
    Total Input Jitter      (TIJ):    0.300ns
    Discrete Jitter          (DJ):    0.000ns
    Phase Error              (PE):    0.000ns

    Location             Delay type                Incr(ns)  Path(ns)    Netlist Resource(s)
  -------------------------------------------------------------------    -------------------
                         (clock clk_fpga_0 rise edge)
                                                      0.000     0.000 r  
    PS7_X0Y0             PS7                          0.000     0.000 r  ursa_vanilla_hybrid_i/processing_system7_0/inst/PS7_i/FCLKCLK[0]
                         net (fo=1, routed)           1.193     1.193    ursa_vanilla_hybrid_i/processing_system7_0/inst/FCLK_CLK_unbuffered[0]
    BUFGCTRL_X0Y16       BUFG (Prop_bufg_I_O)         0.101     1.294 r  ursa_vanilla_hybrid_i/processing_system7_0/inst/buffer_fclk_clk_0.FCLK_CLK_0_BUFG/O
                         net (fo=24179, routed)       1.687     2.981    ursa_vanilla_hybrid_i/axi_interconnect_2/m00_couplers/auto_pc/inst/gen_axi4_axi3.axi3_conv_inst/USE_WRITE.write_addr_inst/USE_BURSTS.cmd_queue/inst/fifo_gen_inst/inst_fifo_gen/gconvfifo.rf/grf.rf/rstblk/ngwrdrst.grst.g7serrst.gnsckt_wrst.rst_wr_reg2_inst/dest_clk
    SLICE_X29Y69         FDPE                                         r  ursa_vanilla_hybrid_i/axi_interconnect_2/m00_couplers/auto_pc/inst/gen_axi4_axi3.axi3_conv_inst/USE_WRITE.write_addr_inst/USE_BURSTS.cmd_queue/inst/fifo_gen_inst/inst_fifo_gen/gconvfifo.rf/grf.rf/rstblk/ngwrdrst.grst.g7serrst.gnsckt_wrst.rst_wr_reg2_inst/arststages_ff_reg[1]/C
  -------------------------------------------------------------------    -------------------
    SLICE_X29Y69         FDPE (Prop_fdpe_C_Q)         0.419     3.400 f  ursa_vanilla_hybrid_i/axi_interconnect_2/m00_couplers/auto_pc/inst/gen_axi4_axi3.axi3_conv_inst/USE_WRITE.write_addr_inst/USE_BURSTS.cmd_queue/inst/fifo_gen_inst/inst_fifo_gen/gconvfifo.rf/grf.rf/rstblk/ngwrdrst.grst.g7serrst.gnsckt_wrst.rst_wr_reg2_inst/arststages_ff_reg[1]/Q
                         net (fo=3, routed)           1.181     4.581    ursa_vanilla_hybrid_i/axi_interconnect_2/m00_couplers/auto_pc/inst/gen_axi4_axi3.axi3_conv_inst/USE_WRITE.write_addr_inst/USE_BURSTS.cmd_queue/inst/fifo_gen_inst/inst_fifo_gen/gconvfifo.rf/grf.rf/rstblk/ngwrdrst.rst_wr_reg2
    SLICE_X30Y63         LUT3 (Prop_lut3_I2_O)        0.299     4.880 f  ursa_vanilla_hybrid_i/axi_interconnect_2/m00_couplers/auto_pc/inst/gen_axi4_axi3.axi3_conv_inst/USE_WRITE.write_addr_inst/USE_BURSTS.cmd_queue/inst/fifo_gen_inst/inst_fifo_gen/gconvfifo.rf/grf.rf/rstblk/gpregsm1.curr_fwft_state[1]_i_2/O
                         net (fo=32, routed)          1.163     6.043    ursa_vanilla_hybrid_i/axi_interconnect_2/m00_couplers/auto_pc/inst/gen_axi4_axi3.axi3_conv_inst/USE_WRITE.write_addr_inst/USE_BURSTS.cmd_queue/inst/fifo_gen_inst/inst_fifo_gen/gconvfifo.rf/grf.rf/gntv_or_sync_fifo.gl0.rd/rpntr/gc0.count_d1_reg[4]_1
    SLICE_X31Y64         FDCE                                         f  ursa_vanilla_hybrid_i/axi_interconnect_2/m00_couplers/auto_pc/inst/gen_axi4_axi3.axi3_conv_inst/USE_WRITE.write_addr_inst/USE_BURSTS.cmd_queue/inst/fifo_gen_inst/inst_fifo_gen/gconvfifo.rf/grf.rf/gntv_or_sync_fifo.gl0.rd/rpntr/gc0.count_d1_reg[0]/CLR
  -------------------------------------------------------------------    -------------------

                         (clock clk_fpga_0 rise edge)
                                                     10.000    10.000 r  
    PS7_X0Y0             PS7                          0.000    10.000 r  ursa_vanilla_hybrid_i/processing_system7_0/inst/PS7_i/FCLKCLK[0]
                         net (fo=1, routed)           1.088    11.088    ursa_vanilla_hybrid_i/processing_system7_0/inst/FCLK_CLK_unbuffered[0]
    BUFGCTRL_X0Y16       BUFG (Prop_bufg_I_O)         0.091    11.179 r  ursa_vanilla_hybrid_i/processing_system7_0/inst/buffer_fclk_clk_0.FCLK_CLK_0_BUFG/O
                         net (fo=24179, routed)       1.520    12.699    ursa_vanilla_hybrid_i/axi_interconnect_2/m00_couplers/auto_pc/inst/gen_axi4_axi3.axi3_conv_inst/USE_WRITE.write_addr_inst/USE_BURSTS.cmd_queue/inst/fifo_gen_inst/inst_fifo_gen/gconvfifo.rf/grf.rf/gntv_or_sync_fifo.gl0.rd/rpntr/clk
    SLICE_X31Y64         FDCE                                         r  ursa_vanilla_hybrid_i/axi_interconnect_2/m00_couplers/auto_pc/inst/gen_axi4_axi3.axi3_conv_inst/USE_WRITE.write_addr_inst/USE_BURSTS.cmd_queue/inst/fifo_gen_inst/inst_fifo_gen/gconvfifo.rf/grf.rf/gntv_or_sync_fifo.gl0.rd/rpntr/gc0.count_d1_reg[0]/C
                         clock pessimism              0.264    12.963    
                         clock uncertainty           -0.154    12.809    
    SLICE_X31Y64         FDCE (Recov_fdce_C_CLR)     -0.405    12.404    ursa_vanilla_hybrid_i/axi_interconnect_2/m00_couplers/auto_pc/inst/gen_axi4_axi3.axi3_conv_inst/USE_WRITE.write_addr_inst/USE_BURSTS.cmd_queue/inst/fifo_gen_inst/inst_fifo_gen/gconvfifo.rf/grf.rf/gntv_or_sync_fifo.gl0.rd/rpntr/gc0.count_d1_reg[0]
  -------------------------------------------------------------------
                         required time                         12.404    
                         arrival time                          -6.043    
  -------------------------------------------------------------------
                         slack                                  6.361    





Min Delay Paths
--------------------------------------------------------------------------------------
Slack (MET) :             0.565ns  (arrival time - required time)
  Source:                 ursa_vanilla_hybrid_i/axi_interconnect_2/m00_couplers/auto_pc/inst/gen_axi4_axi3.axi3_conv_inst/USE_WRITE.write_addr_inst/USE_B_CHANNEL.cmd_b_queue/inst/fifo_gen_inst/inst_fifo_gen/gconvfifo.rf/grf.rf/rstblk/ngwrdrst.grst.g7serrst.gnsckt_wrst.gcc_rst.sckt_wr_rst_cc_reg[0]/C
                            (rising edge-triggered cell FDRE clocked by clk_fpga_0  {rise@0.000ns fall@5.000ns period=10.000ns})
  Destination:            ursa_vanilla_hybrid_i/axi_interconnect_2/m00_couplers/auto_pc/inst/gen_axi4_axi3.axi3_conv_inst/USE_WRITE.write_addr_inst/USE_B_CHANNEL.cmd_b_queue/inst/fifo_gen_inst/inst_fifo_gen/gconvfifo.rf/grf.rf/gntv_or_sync_fifo.gl0.rd/gr1.gr1_int.rfwft/gpregsm1.user_valid_reg/CLR
                            (removal check against rising-edge clock clk_fpga_0  {rise@0.000ns fall@5.000ns period=10.000ns})
  Path Group:             **async_default**
  Path Type:              Removal (Min at Fast Process Corner)
  Requirement:            0.000ns  (clk_fpga_0 rise@0.000ns - clk_fpga_0 rise@0.000ns)
  Data Path Delay:        0.531ns  (logic 0.186ns (35.057%)  route 0.345ns (64.943%))
  Logic Levels:           1  (LUT3=1)
  Clock Path Skew:        0.033ns (DCD - SCD - CPR)
    Destination Clock Delay (DCD):    1.209ns
    Source Clock Delay      (SCD):    0.912ns
    Clock Pessimism Removal (CPR):    0.264ns

    Location             Delay type                Incr(ns)  Path(ns)    Netlist Resource(s)
  -------------------------------------------------------------------    -------------------
                         (clock clk_fpga_0 rise edge)
                                                      0.000     0.000 r  
    PS7_X0Y0             PS7                          0.000     0.000 r  ursa_vanilla_hybrid_i/processing_system7_0/inst/PS7_i/FCLKCLK[0]
                         net (fo=1, routed)           0.310     0.310    ursa_vanilla_hybrid_i/processing_system7_0/inst/FCLK_CLK_unbuffered[0]
    BUFGCTRL_X0Y16       BUFG (Prop_bufg_I_O)         0.026     0.336 r  ursa_vanilla_hybrid_i/processing_system7_0/inst/buffer_fclk_clk_0.FCLK_CLK_0_BUFG/O
                         net (fo=24179, routed)       0.576     0.912    ursa_vanilla_hybrid_i/axi_interconnect_2/m00_couplers/auto_pc/inst/gen_axi4_axi3.axi3_conv_inst/USE_WRITE.write_addr_inst/USE_B_CHANNEL.cmd_b_queue/inst/fifo_gen_inst/inst_fifo_gen/gconvfifo.rf/grf.rf/rstblk/clk
    SLICE_X28Y56         FDRE                                         r  ursa_vanilla_hybrid_i/axi_interconnect_2/m00_couplers/auto_pc/inst/gen_axi4_axi3.axi3_conv_inst/USE_WRITE.write_addr_inst/USE_B_CHANNEL.cmd_b_queue/inst/fifo_gen_inst/inst_fifo_gen/gconvfifo.rf/grf.rf/rstblk/ngwrdrst.grst.g7serrst.gnsckt_wrst.gcc_rst.sckt_wr_rst_cc_reg[0]/C
  -------------------------------------------------------------------    -------------------
    SLICE_X28Y56         FDRE (Prop_fdre_C_Q)         0.141     1.053 f  ursa_vanilla_hybrid_i/axi_interconnect_2/m00_couplers/auto_pc/inst/gen_axi4_axi3.axi3_conv_inst/USE_WRITE.write_addr_inst/USE_B_CHANNEL.cmd_b_queue/inst/fifo_gen_inst/inst_fifo_gen/gconvfifo.rf/grf.rf/rstblk/ngwrdrst.grst.g7serrst.gnsckt_wrst.gcc_rst.sckt_wr_rst_cc_reg[0]/Q
                         net (fo=3, routed)           0.165     1.218    ursa_vanilla_hybrid_i/axi_interconnect_2/m00_couplers/auto_pc/inst/gen_axi4_axi3.axi3_conv_inst/USE_WRITE.write_addr_inst/USE_B_CHANNEL.cmd_b_queue/inst/fifo_gen_inst/inst_fifo_gen/gconvfifo.rf/grf.rf/rstblk/ngwrdrst.grst.g7serrst.gnsckt_wrst.gcc_rst.sckt_wr_rst_cc[0]
    SLICE_X26Y56         LUT3 (Prop_lut3_I1_O)        0.045     1.263 f  ursa_vanilla_hybrid_i/axi_interconnect_2/m00_couplers/auto_pc/inst/gen_axi4_axi3.axi3_conv_inst/USE_WRITE.write_addr_inst/USE_B_CHANNEL.cmd_b_queue/inst/fifo_gen_inst/inst_fifo_gen/gconvfifo.rf/grf.rf/rstblk/gpregsm1.curr_fwft_state[1]_i_2/O
                         net (fo=32, routed)          0.180     1.442    ursa_vanilla_hybrid_i/axi_interconnect_2/m00_couplers/auto_pc/inst/gen_axi4_axi3.axi3_conv_inst/USE_WRITE.write_addr_inst/USE_B_CHANNEL.cmd_b_queue/inst/fifo_gen_inst/inst_fifo_gen/gconvfifo.rf/grf.rf/gntv_or_sync_fifo.gl0.rd/gr1.gr1_int.rfwft/gpregsm1.user_valid_reg_0
    SLICE_X26Y56         FDCE                                         f  ursa_vanilla_hybrid_i/axi_interconnect_2/m00_couplers/auto_pc/inst/gen_axi4_axi3.axi3_conv_inst/USE_WRITE.write_addr_inst/USE_B_CHANNEL.cmd_b_queue/inst/fifo_gen_inst/inst_fifo_gen/gconvfifo.rf/grf.rf/gntv_or_sync_fifo.gl0.rd/gr1.gr1_int.rfwft/gpregsm1.user_valid_reg/CLR
  -------------------------------------------------------------------    -------------------

                         (clock clk_fpga_0 rise edge)
                                                      0.000     0.000 r  
    PS7_X0Y0             PS7                          0.000     0.000 r  ursa_vanilla_hybrid_i/processing_system7_0/inst/PS7_i/FCLKCLK[0]
                         net (fo=1, routed)           0.337     0.337    ursa_vanilla_hybrid_i/processing_system7_0/inst/FCLK_CLK_unbuffered[0]
    BUFGCTRL_X0Y16       BUFG (Prop_bufg_I_O)         0.029     0.366 r  ursa_vanilla_hybrid_i/processing_system7_0/inst/buffer_fclk_clk_0.FCLK_CLK_0_BUFG/O
                         net (fo=24179, routed)       0.843     1.209    ursa_vanilla_hybrid_i/axi_interconnect_2/m00_couplers/auto_pc/inst/gen_axi4_axi3.axi3_conv_inst/USE_WRITE.write_addr_inst/USE_B_CHANNEL.cmd_b_queue/inst/fifo_gen_inst/inst_fifo_gen/gconvfifo.rf/grf.rf/gntv_or_sync_fifo.gl0.rd/gr1.gr1_int.rfwft/clk
    SLICE_X26Y56         FDCE                                         r  ursa_vanilla_hybrid_i/axi_interconnect_2/m00_couplers/auto_pc/inst/gen_axi4_axi3.axi3_conv_inst/USE_WRITE.write_addr_inst/USE_B_CHANNEL.cmd_b_queue/inst/fifo_gen_inst/inst_fifo_gen/gconvfifo.rf/grf.rf/gntv_or_sync_fifo.gl0.rd/gr1.gr1_int.rfwft/gpregsm1.user_valid_reg/C
                         clock pessimism             -0.264     0.945    
    SLICE_X26Y56         FDCE (Remov_fdce_C_CLR)     -0.067     0.878    ursa_vanilla_hybrid_i/axi_interconnect_2/m00_couplers/auto_pc/inst/gen_axi4_axi3.axi3_conv_inst/USE_WRITE.write_addr_inst/USE_B_CHANNEL.cmd_b_queue/inst/fifo_gen_inst/inst_fifo_gen/gconvfifo.rf/grf.rf/gntv_or_sync_fifo.gl0.rd/gr1.gr1_int.rfwft/gpregsm1.user_valid_reg
  -------------------------------------------------------------------
                         required time                         -0.878    
                         arrival time                           1.442    
  -------------------------------------------------------------------
                         slack                                  0.565    





