Copyright 1986-2022 Xilinx, Inc. All Rights Reserved. Copyright 2022-2023 Advanced Micro Devices, Inc. All Rights Reserved.
----------------------------------------------------------------------------------------------------------------------------------------------------------
| Tool Version : Vivado v.2023.2 (lin64) Build 4029153 Fri Oct 13 20:13:54 MDT 2023
| Date         : Tue Sep 15 18:57:13 2026
| Host         : pc626690 running 64-bit Ubuntu 22.04.5 LTS
| Command      : report_timing_summary -file /home/ulisses/Projects/ursa/exp/output-stationary/bitstreams/ursa_vanilla_8x8_acc20_bram_tmr_edac_timing.rpt
| Design       : ursa_vanilla_tmr_ecc_bram_wrapper
| Device       : 7z020-clg484
| Speed File   : -1  PRODUCTION 1.12 2019-11-22
| Design State : Routed
----------------------------------------------------------------------------------------------------------------------------------------------------------

Timing Summary Report

------------------------------------------------------------------------------------------------
| Timer Settings
| --------------
------------------------------------------------------------------------------------------------

  Enable Multi Corner Analysis               :  Yes
  Enable Pessimism Removal                   :  Yes
  Pessimism Removal Resolution               :  Nearest Common Node
  Enable Input Delay Default Clock           :  No
  Enable Preset / Clear Arcs                 :  No
  Disable Flight Delays                      :  No
  Ignore I/O Paths                           :  No
  Timing Early Launch at Borrowing Latches   :  No
  Borrow Time for Max Delay Exceptions       :  Yes
  Merge Timing Exceptions                    :  Yes
  Inter-SLR Compensation                     :  Conservative

  Corner  Analyze    Analyze    
  Name    Max Paths  Min Paths  
  ------  ---------  ---------  
  Slow    Yes        Yes        
  Fast    Yes        Yes        


------------------------------------------------------------------------------------------------
| Report Methodology
| ------------------
------------------------------------------------------------------------------------------------

No report available as report_methodology has not been run prior. Run report_methodology on the current design for the summary of methodology violations.



check_timing report

Table of Contents
-----------------
1. checking no_clock (0)
2. checking constant_clock (0)
3. checking pulse_width_clock (0)
4. checking unconstrained_internal_endpoints (0)
5. checking no_input_delay (0)
6. checking no_output_delay (0)
7. checking multiple_clock (0)
8. checking generated_clocks (0)
9. checking loops (0)
10. checking partial_input_delay (0)
11. checking partial_output_delay (0)
12. checking latch_loops (0)

1. checking no_clock (0)
------------------------
 There are 0 register/latch pins with no clock.


2. checking constant_clock (0)
------------------------------
 There are 0 register/latch pins with constant_clock.


3. checking pulse_width_clock (0)
---------------------------------
 There are 0 register/latch pins which need pulse_width check


4. checking unconstrained_internal_endpoints (0)
------------------------------------------------
 There are 0 pins that are not constrained for maximum delay.

 There are 0 pins that are not constrained for maximum delay due to constant clock.


5. checking no_input_delay (0)
------------------------------
 There are 0 input ports with no input delay specified.

 There are 0 input ports with no input delay but user has a false path constraint.


6. checking no_output_delay (0)
-------------------------------
 There are 0 ports with no output delay specified.

 There are 0 ports with no output delay but user has a false path constraint

 There are 0 ports with no output delay but with a timing clock defined on it or propagating through it


7. checking multiple_clock (0)
------------------------------
 There are 0 register/latch pins with multiple clocks.


8. checking generated_clocks (0)
--------------------------------
 There are 0 generated clocks that are not connected to a clock source.


9. checking loops (0)
---------------------
 There are 0 combinational loops in the design.


10. checking partial_input_delay (0)
------------------------------------
 There are 0 input ports with partial input delay specified.


11. checking partial_output_delay (0)
-------------------------------------
 There are 0 ports with partial output delay specified.


12. checking latch_loops (0)
----------------------------
 There are 0 combinational latch loops in the design through latch input



------------------------------------------------------------------------------------------------
| Design Timing Summary
| ---------------------
------------------------------------------------------------------------------------------------

    WNS(ns)      TNS(ns)  TNS Failing Endpoints  TNS Total Endpoints      WHS(ns)      THS(ns)  THS Failing Endpoints  THS Total Endpoints     WPWS(ns)     TPWS(ns)  TPWS Failing Endpoints  TPWS Total Endpoints  
    -------      -------  ---------------------  -------------------      -------      -------  ---------------------  -------------------     --------     --------  ----------------------  --------------------  
      0.206        0.000                      0                81379        0.024        0.000                      0                81379        4.020        0.000                       0                 27287  


All user specified timing constraints are met.


------------------------------------------------------------------------------------------------
| Clock Summary
| -------------
------------------------------------------------------------------------------------------------

Clock       Waveform(ns)       Period(ns)      Frequency(MHz)
-----       ------------       ----------      --------------
clk_fpga_0  {0.000 5.000}      10.000          100.000         


------------------------------------------------------------------------------------------------
| Intra Clock Table
| -----------------
------------------------------------------------------------------------------------------------

Clock             WNS(ns)      TNS(ns)  TNS Failing Endpoints  TNS Total Endpoints      WHS(ns)      THS(ns)  THS Failing Endpoints  THS Total Endpoints     WPWS(ns)     TPWS(ns)  TPWS Failing Endpoints  TPWS Total Endpoints  
-----             -------      -------  ---------------------  -------------------      -------      -------  ---------------------  -------------------     --------     --------  ----------------------  --------------------  
clk_fpga_0          0.206        0.000                      0                81379        0.024        0.000                      0                81379        4.020        0.000                       0                 27287  


------------------------------------------------------------------------------------------------
| Inter Clock Table
| -----------------
------------------------------------------------------------------------------------------------

From Clock    To Clock          WNS(ns)      TNS(ns)  TNS Failing Endpoints  TNS Total Endpoints      WHS(ns)      THS(ns)  THS Failing Endpoints  THS Total Endpoints  
----------    --------          -------      -------  ---------------------  -------------------      -------      -------  ---------------------  -------------------  


------------------------------------------------------------------------------------------------
| Other Path Groups Table
| -----------------------
------------------------------------------------------------------------------------------------

Path Group    From Clock    To Clock          WNS(ns)      TNS(ns)  TNS Failing Endpoints  TNS Total Endpoints      WHS(ns)      THS(ns)  THS Failing Endpoints  THS Total Endpoints  
----------    ----------    --------          -------      -------  ---------------------  -------------------      -------      -------  ---------------------  -------------------  


------------------------------------------------------------------------------------------------
| Timing Details
| --------------
------------------------------------------------------------------------------------------------


---------------------------------------------------------------------------------------------------
From Clock:  clk_fpga_0
  To Clock:  clk_fpga_0

Setup :            0  Failing Endpoints,  Worst Slack        0.206ns,  Total Violation        0.000ns
Hold  :            0  Failing Endpoints,  Worst Slack        0.024ns,  Total Violation        0.000ns
PW    :            0  Failing Endpoints,  Worst Slack        4.020ns,  Total Violation        0.000ns
---------------------------------------------------------------------------------------------------


Max Delay Paths
--------------------------------------------------------------------------------------
Slack (MET) :             0.206ns  (required time - arrival time)
  Source:                 ursa_vanilla_tmr_ecc_bram_i/processing_system7_0/inst/PS7_i/MAXIGP0ACLK
                            (rising edge-triggered cell PS7 clocked by clk_fpga_0  {rise@0.000ns fall@5.000ns period=10.000ns})
  Destination:            ursa_vanilla_tmr_ecc_bram_i/axi_interconnect_0/xbar/inst/gen_samd.crossbar_samd/addr_arbiter_ar/gen_no_arbiter.s_ready_i_reg[0]/D
                            (rising edge-triggered cell FDRE clocked by clk_fpga_0  {rise@0.000ns fall@5.000ns period=10.000ns})
  Path Group:             clk_fpga_0
  Path Type:              Setup (Max at Slow Process Corner)
  Requirement:            10.000ns  (clk_fpga_0 rise@10.000ns - clk_fpga_0 rise@0.000ns)
  Data Path Delay:        9.476ns  (logic 2.658ns (28.050%)  route 6.818ns (71.950%))
  Logic Levels:           8  (LUT3=1 LUT4=1 LUT5=4 LUT6=2)
  Clock Path Skew:        -0.097ns (DCD - SCD + CPR)
    Destination Clock Delay (DCD):    2.705ns = ( 12.705 - 10.000 ) 
    Source Clock Delay      (SCD):    3.031ns
    Clock Pessimism Removal (CPR):    0.229ns
  Clock Uncertainty:      0.154ns  ((TSJ^2 + TIJ^2)^1/2 + DJ) / 2 + PE
    Total System Jitter     (TSJ):    0.071ns
    Total Input Jitter      (TIJ):    0.300ns
    Discrete Jitter          (DJ):    0.000ns
    Phase Error              (PE):    0.000ns

    Location             Delay type                Incr(ns)  Path(ns)    Netlist Resource(s)
  -------------------------------------------------------------------    -------------------
                         (clock clk_fpga_0 rise edge)
                                                      0.000     0.000 r  
    PS7_X0Y0             PS7                          0.000     0.000 r  ursa_vanilla_tmr_ecc_bram_i/processing_system7_0/inst/PS7_i/FCLKCLK[0]
                         net (fo=1, routed)           1.193     1.193    ursa_vanilla_tmr_ecc_bram_i/processing_system7_0/inst/FCLK_CLK_unbuffered[0]
    BUFGCTRL_X0Y16       BUFG (Prop_bufg_I_O)         0.101     1.294 r  ursa_vanilla_tmr_ecc_bram_i/processing_system7_0/inst/buffer_fclk_clk_0.FCLK_CLK_0_BUFG/O
                         net (fo=27287, routed)       1.737     3.031    ursa_vanilla_tmr_ecc_bram_i/processing_system7_0/inst/M_AXI_GP0_ACLK
    PS7_X0Y0             PS7                                          r  ursa_vanilla_tmr_ecc_bram_i/processing_system7_0/inst/PS7_i/MAXIGP0ACLK
  -------------------------------------------------------------------    -------------------
    PS7_X0Y0             PS7 (Prop_ps7_MAXIGP0ACLK_MAXIGP0ARADDR[19])
                                                      1.438     4.469 f  ursa_vanilla_tmr_ecc_bram_i/processing_system7_0/inst/PS7_i/MAXIGP0ARADDR[19]
                         net (fo=3, routed)           0.884     5.353    ursa_vanilla_tmr_ecc_bram_i/axi_interconnect_0/xbar/inst/gen_samd.crossbar_samd/addr_arbiter_ar/gen_no_arbiter.m_mesg_i_reg[73]_0[31]
    SLICE_X26Y93         LUT3 (Prop_lut3_I2_O)        0.124     5.477 r  ursa_vanilla_tmr_ecc_bram_i/axi_interconnect_0/xbar/inst/gen_samd.crossbar_samd/addr_arbiter_ar/gen_no_arbiter.m_target_hot_i[6]_i_2/O
                         net (fo=8, routed)           0.860     6.337    ursa_vanilla_tmr_ecc_bram_i/axi_interconnect_0/xbar/inst/gen_samd.crossbar_samd/addr_arbiter_ar/gen_no_arbiter.m_target_hot_i[6]_i_2_n_0
    SLICE_X29Y93         LUT5 (Prop_lut5_I0_O)        0.124     6.461 r  ursa_vanilla_tmr_ecc_bram_i/axi_interconnect_0/xbar/inst/gen_samd.crossbar_samd/addr_arbiter_ar/gen_no_arbiter.m_target_hot_i[1]_i_2/O
                         net (fo=3, routed)           0.728     7.188    ursa_vanilla_tmr_ecc_bram_i/axi_interconnect_0/xbar/inst/gen_samd.crossbar_samd/addr_arbiter_ar/gen_no_arbiter.m_target_hot_i[1]_i_2_n_0
    SLICE_X28Y93         LUT5 (Prop_lut5_I0_O)        0.124     7.312 r  ursa_vanilla_tmr_ecc_bram_i/axi_interconnect_0/xbar/inst/gen_samd.crossbar_samd/addr_arbiter_ar/gen_no_arbiter.m_target_hot_i[0]_i_1/O
                         net (fo=3, routed)           0.965     8.278    ursa_vanilla_tmr_ecc_bram_i/axi_interconnect_0/xbar/inst/gen_samd.crossbar_samd/addr_arbiter_ar/TARGET_HOT_I[0]
    SLICE_X29Y97         LUT6 (Prop_lut6_I1_O)        0.124     8.402 r  ursa_vanilla_tmr_ecc_bram_i/axi_interconnect_0/xbar/inst/gen_samd.crossbar_samd/addr_arbiter_ar/gen_no_arbiter.m_mesg_i[60]_i_1/O
                         net (fo=20, routed)          1.061     9.463    ursa_vanilla_tmr_ecc_bram_i/axi_interconnect_0/xbar/inst/gen_samd.crossbar_samd/gen_slave_slots[0].gen_si_read.si_transactor_ar/st_aa_arregion[0]
    SLICE_X28Y102        LUT5 (Prop_lut5_I2_O)        0.150     9.613 f  ursa_vanilla_tmr_ecc_bram_i/axi_interconnect_0/xbar/inst/gen_samd.crossbar_samd/gen_slave_slots[0].gen_si_read.si_transactor_ar/gen_no_arbiter.s_ready_i[0]_i_55/O
                         net (fo=1, routed)           0.441    10.054    ursa_vanilla_tmr_ecc_bram_i/axi_interconnect_0/xbar/inst/gen_samd.crossbar_samd/gen_slave_slots[0].gen_si_read.si_transactor_ar/gen_no_arbiter.s_ready_i[0]_i_55_n_0
    SLICE_X28Y102        LUT4 (Prop_lut4_I2_O)        0.326    10.380 f  ursa_vanilla_tmr_ecc_bram_i/axi_interconnect_0/xbar/inst/gen_samd.crossbar_samd/gen_slave_slots[0].gen_si_read.si_transactor_ar/gen_no_arbiter.s_ready_i[0]_i_18/O
                         net (fo=1, routed)           0.794    11.174    ursa_vanilla_tmr_ecc_bram_i/axi_interconnect_0/xbar/inst/gen_samd.crossbar_samd/gen_slave_slots[0].gen_si_read.si_transactor_ar/gen_no_arbiter.s_ready_i[0]_i_18_n_0
    SLICE_X29Y99         LUT5 (Prop_lut5_I2_O)        0.124    11.298 f  ursa_vanilla_tmr_ecc_bram_i/axi_interconnect_0/xbar/inst/gen_samd.crossbar_samd/gen_slave_slots[0].gen_si_read.si_transactor_ar/gen_no_arbiter.s_ready_i[0]_i_4/O
                         net (fo=2, routed)           0.439    11.737    ursa_vanilla_tmr_ecc_bram_i/axi_interconnect_0/xbar/inst/gen_samd.crossbar_samd/addr_arbiter_ar/gen_no_arbiter.m_target_hot_i_reg[0]_1
    SLICE_X28Y99         LUT6 (Prop_lut6_I4_O)        0.124    11.861 r  ursa_vanilla_tmr_ecc_bram_i/axi_interconnect_0/xbar/inst/gen_samd.crossbar_samd/addr_arbiter_ar/gen_no_arbiter.s_ready_i[0]_i_1/O
                         net (fo=8, routed)           0.646    12.507    ursa_vanilla_tmr_ecc_bram_i/axi_interconnect_0/xbar/inst/gen_samd.crossbar_samd/addr_arbiter_ar/gen_no_arbiter.s_ready_i[0]_i_1_n_0
    SLICE_X29Y99         FDRE                                         r  ursa_vanilla_tmr_ecc_bram_i/axi_interconnect_0/xbar/inst/gen_samd.crossbar_samd/addr_arbiter_ar/gen_no_arbiter.s_ready_i_reg[0]/D
  -------------------------------------------------------------------    -------------------

                         (clock clk_fpga_0 rise edge)
                                                     10.000    10.000 r  
    PS7_X0Y0             PS7                          0.000    10.000 r  ursa_vanilla_tmr_ecc_bram_i/processing_system7_0/inst/PS7_i/FCLKCLK[0]
                         net (fo=1, routed)           1.088    11.088    ursa_vanilla_tmr_ecc_bram_i/processing_system7_0/inst/FCLK_CLK_unbuffered[0]
    BUFGCTRL_X0Y16       BUFG (Prop_bufg_I_O)         0.091    11.179 r  ursa_vanilla_tmr_ecc_bram_i/processing_system7_0/inst/buffer_fclk_clk_0.FCLK_CLK_0_BUFG/O
                         net (fo=27287, routed)       1.526    12.705    ursa_vanilla_tmr_ecc_bram_i/axi_interconnect_0/xbar/inst/gen_samd.crossbar_samd/addr_arbiter_ar/aclk
    SLICE_X29Y99         FDRE                                         r  ursa_vanilla_tmr_ecc_bram_i/axi_interconnect_0/xbar/inst/gen_samd.crossbar_samd/addr_arbiter_ar/gen_no_arbiter.s_ready_i_reg[0]/C
                         clock pessimism              0.229    12.934    
                         clock uncertainty           -0.154    12.780    
    SLICE_X29Y99         FDRE (Setup_fdre_C_D)       -0.067    12.713    ursa_vanilla_tmr_ecc_bram_i/axi_interconnect_0/xbar/inst/gen_samd.crossbar_samd/addr_arbiter_ar/gen_no_arbiter.s_ready_i_reg[0]
  -------------------------------------------------------------------
                         required time                         12.713    
                         arrival time                         -12.507    
  -------------------------------------------------------------------
                         slack                                  0.206    





Min Delay Paths
--------------------------------------------------------------------------------------
Slack (MET) :             0.024ns  (arrival time - required time)
  Source:                 ursa_vanilla_tmr_ecc_bram_i/mxm_execute_ursa_2/inst/grp_mxm_execute_ursa_Pipeline_STREAM_K_fu_532/ap_phi_reg_pp0_iter1_in_a_reg_822_reg[7]/C
                            (rising edge-triggered cell FDRE clocked by clk_fpga_0  {rise@0.000ns fall@5.000ns period=10.000ns})
  Destination:            ursa_vanilla_tmr_ecc_bram_i/mxm_execute_ursa_2/inst/grp_mxm_execute_ursa_Pipeline_STREAM_K_fu_532/in_a_reg_822_reg[7]/D
                            (rising edge-triggered cell FDRE clocked by clk_fpga_0  {rise@0.000ns fall@5.000ns period=10.000ns})
  Path Group:             clk_fpga_0
  Path Type:              Hold (Min at Fast Process Corner)
  Requirement:            0.000ns  (clk_fpga_0 rise@0.000ns - clk_fpga_0 rise@0.000ns)
  Data Path Delay:        0.315ns  (logic 0.148ns (47.040%)  route 0.167ns (52.959%))
  Logic Levels:           0  
  Clock Path Skew:        0.265ns (DCD - SCD - CPR)
    Destination Clock Delay (DCD):    1.270ns
    Source Clock Delay      (SCD):    0.966ns
    Clock Pessimism Removal (CPR):    0.039ns

    Location             Delay type                Incr(ns)  Path(ns)    Netlist Resource(s)
  -------------------------------------------------------------------    -------------------
                         (clock clk_fpga_0 rise edge)
                                                      0.000     0.000 r  
    PS7_X0Y0             PS7                          0.000     0.000 r  ursa_vanilla_tmr_ecc_bram_i/processing_system7_0/inst/PS7_i/FCLKCLK[0]
                         net (fo=1, routed)           0.310     0.310    ursa_vanilla_tmr_ecc_bram_i/processing_system7_0/inst/FCLK_CLK_unbuffered[0]
    BUFGCTRL_X0Y16       BUFG (Prop_bufg_I_O)         0.026     0.336 r  ursa_vanilla_tmr_ecc_bram_i/processing_system7_0/inst/buffer_fclk_clk_0.FCLK_CLK_0_BUFG/O
                         net (fo=27287, routed)       0.630     0.966    ursa_vanilla_tmr_ecc_bram_i/mxm_execute_ursa_2/inst/grp_mxm_execute_ursa_Pipeline_STREAM_K_fu_532/ap_clk
    SLICE_X50Y115        FDRE                                         r  ursa_vanilla_tmr_ecc_bram_i/mxm_execute_ursa_2/inst/grp_mxm_execute_ursa_Pipeline_STREAM_K_fu_532/ap_phi_reg_pp0_iter1_in_a_reg_822_reg[7]/C
  -------------------------------------------------------------------    -------------------
    SLICE_X50Y115        FDRE (Prop_fdre_C_Q)         0.148     1.114 r  ursa_vanilla_tmr_ecc_bram_i/mxm_execute_ursa_2/inst/grp_mxm_execute_ursa_Pipeline_STREAM_K_fu_532/ap_phi_reg_pp0_iter1_in_a_reg_822_reg[7]/Q
                         net (fo=12, routed)          0.167     1.281    ursa_vanilla_tmr_ecc_bram_i/mxm_execute_ursa_2/inst/grp_mxm_execute_ursa_Pipeline_STREAM_K_fu_532/ap_phi_reg_pp0_iter1_in_a_reg_822_reg_n_0_[7]
    SLICE_X49Y115        FDRE                                         r  ursa_vanilla_tmr_ecc_bram_i/mxm_execute_ursa_2/inst/grp_mxm_execute_ursa_Pipeline_STREAM_K_fu_532/in_a_reg_822_reg[7]/D
  -------------------------------------------------------------------    -------------------

                         (clock clk_fpga_0 rise edge)
                                                      0.000     0.000 r  
    PS7_X0Y0             PS7                          0.000     0.000 r  ursa_vanilla_tmr_ecc_bram_i/processing_system7_0/inst/PS7_i/FCLKCLK[0]
                         net (fo=1, routed)           0.337     0.337    ursa_vanilla_tmr_ecc_bram_i/processing_system7_0/inst/FCLK_CLK_unbuffered[0]
    BUFGCTRL_X0Y16       BUFG (Prop_bufg_I_O)         0.029     0.366 r  ursa_vanilla_tmr_ecc_bram_i/processing_system7_0/inst/buffer_fclk_clk_0.FCLK_CLK_0_BUFG/O
                         net (fo=27287, routed)       0.904     1.270    ursa_vanilla_tmr_ecc_bram_i/mxm_execute_ursa_2/inst/grp_mxm_execute_ursa_Pipeline_STREAM_K_fu_532/ap_clk
    SLICE_X49Y115        FDRE                                         r  ursa_vanilla_tmr_ecc_bram_i/mxm_execute_ursa_2/inst/grp_mxm_execute_ursa_Pipeline_STREAM_K_fu_532/in_a_reg_822_reg[7]/C
                         clock pessimism             -0.039     1.231    
    SLICE_X49Y115        FDRE (Hold_fdre_C_D)         0.025     1.256    ursa_vanilla_tmr_ecc_bram_i/mxm_execute_ursa_2/inst/grp_mxm_execute_ursa_Pipeline_STREAM_K_fu_532/in_a_reg_822_reg[7]
  -------------------------------------------------------------------
                         required time                         -1.256    
                         arrival time                           1.281    
  -------------------------------------------------------------------
                         slack                                  0.024    





Pulse Width Checks
--------------------------------------------------------------------------------------
Clock Name:         clk_fpga_0
Waveform(ns):       { 0.000 5.000 }
Period(ns):         10.000
Sources:            { ursa_vanilla_tmr_ecc_bram_i/processing_system7_0/inst/PS7_i/FCLKCLK[0] }

Check Type        Corner  Lib Pin      Reference Pin  Required(ns)  Actual(ns)  Slack(ns)  Location      Pin
Min Period        n/a     DSP48E1/CLK  n/a            3.884         10.000      6.116      DSP48_X3Y27   ursa_vanilla_tmr_ecc_bram_i/mxm_execute_ursa_0/inst/bound_reg_1524_reg/CLK
Low Pulse Width   Slow    SRL16E/CLK   n/a            0.980         5.000       4.020      SLICE_X46Y84  ursa_vanilla_tmr_ecc_bram_i/axi_bram_ctrl_0/U0/gext_inst.abcv4_0_ext_inst/GEN_AXI4.I_FULL_AXI/I_WR_CHNL/BID_FIFO/FIFO_RAM[10].SRL16E_I/CLK
High Pulse Width  Slow    SRL16E/CLK   n/a            0.980         5.000       4.020      SLICE_X46Y84  ursa_vanilla_tmr_ecc_bram_i/axi_bram_ctrl_0/U0/gext_inst.abcv4_0_ext_inst/GEN_AXI4.I_FULL_AXI/I_WR_CHNL/BID_FIFO/FIFO_RAM[10].SRL16E_I/CLK



