Copyright 1986-2022 Xilinx, Inc. All Rights Reserved. Copyright 2022-2023 Advanced Micro Devices, Inc. All Rights Reserved.
------------------------------------------------------------------------------------------------------------------------------------------------
| Tool Version : Vivado v.2023.2 (lin64) Build 4029153 Fri Oct 13 20:13:54 MDT 2023
| Date         : Tue Sep 15 18:09:30 2026
| Host         : pc626690 running 64-bit Ubuntu 22.04.5 LTS
| Command      : report_timing_summary -file /home/ulisses/Projects/ursa/exp/output-stationary/bitstreams/ursa_vanilla_8x8_acc20_ocm_timing.rpt
| Design       : ursa_vanilla_ocm_wrapper
| Device       : 7z020-clg484
| Speed File   : -1  PRODUCTION 1.12 2019-11-22
| Design State : Routed
------------------------------------------------------------------------------------------------------------------------------------------------

Timing Summary Report

------------------------------------------------------------------------------------------------
| Timer Settings
| --------------
------------------------------------------------------------------------------------------------

  Enable Multi Corner Analysis               :  Yes
  Enable Pessimism Removal                   :  Yes
  Pessimism Removal Resolution               :  Nearest Common Node
  Enable Input Delay Default Clock           :  No
  Enable Preset / Clear Arcs                 :  No
  Disable Flight Delays                      :  No
  Ignore I/O Paths                           :  No
  Timing Early Launch at Borrowing Latches   :  No
  Borrow Time for Max Delay Exceptions       :  Yes
  Merge Timing Exceptions                    :  Yes
  Inter-SLR Compensation                     :  Conservative

  Corner  Analyze    Analyze    
  Name    Max Paths  Min Paths  
  ------  ---------  ---------  
  Slow    Yes        Yes        
  Fast    Yes        Yes        


------------------------------------------------------------------------------------------------
| Report Methodology
| ------------------
------------------------------------------------------------------------------------------------

Rule     Severity  Description                   Violations  
-------  --------  ----------------------------  ----------  
LUTAR-1  Warning   LUT drives async reset alert  3           

Note: This report is based on the most recent report_methodology run and may not be up-to-date. Run report_methodology on the current design for the latest report.



check_timing report

Table of Contents
-----------------
1. checking no_clock (0)
2. checking constant_clock (0)
3. checking pulse_width_clock (0)
4. checking unconstrained_internal_endpoints (0)
5. checking no_input_delay (0)
6. checking no_output_delay (0)
7. checking multiple_clock (0)
8. checking generated_clocks (0)
9. checking loops (0)
10. checking partial_input_delay (0)
11. checking partial_output_delay (0)
12. checking latch_loops (0)

1. checking no_clock (0)
------------------------
 There are 0 register/latch pins with no clock.


2. checking constant_clock (0)
------------------------------
 There are 0 register/latch pins with constant_clock.


3. checking pulse_width_clock (0)
---------------------------------
 There are 0 register/latch pins which need pulse_width check


4. checking unconstrained_internal_endpoints (0)
------------------------------------------------
 There are 0 pins that are not constrained for maximum delay.

 There are 0 pins that are not constrained for maximum delay due to constant clock.


5. checking no_input_delay (0)
------------------------------
 There are 0 input ports with no input delay specified.

 There are 0 input ports with no input delay but user has a false path constraint.


6. checking no_output_delay (0)
-------------------------------
 There are 0 ports with no output delay specified.

 There are 0 ports with no output delay but user has a false path constraint

 There are 0 ports with no output delay but with a timing clock defined on it or propagating through it


7. checking multiple_clock (0)
------------------------------
 There are 0 register/latch pins with multiple clocks.


8. checking generated_clocks (0)
--------------------------------
 There are 0 generated clocks that are not connected to a clock source.


9. checking loops (0)
---------------------
 There are 0 combinational loops in the design.


10. checking partial_input_delay (0)
------------------------------------
 There are 0 input ports with partial input delay specified.


11. checking partial_output_delay (0)
-------------------------------------
 There are 0 ports with partial output delay specified.


12. checking latch_loops (0)
----------------------------
 There are 0 combinational latch loops in the design through latch input



------------------------------------------------------------------------------------------------
| Design Timing Summary
| ---------------------
------------------------------------------------------------------------------------------------

    WNS(ns)      TNS(ns)  TNS Failing Endpoints  TNS Total Endpoints      WHS(ns)      THS(ns)  THS Failing Endpoints  THS Total Endpoints     WPWS(ns)     TPWS(ns)  TPWS Failing Endpoints  TPWS Total Endpoints  
    -------      -------  ---------------------  -------------------      -------      -------  ---------------------  -------------------     --------     --------  ----------------------  --------------------  
      0.833        0.000                      0                26034        0.033        0.000                      0                26034        3.750        0.000                       0                  8597  


All user specified timing constraints are met.


------------------------------------------------------------------------------------------------
| Clock Summary
| -------------
------------------------------------------------------------------------------------------------

Clock       Waveform(ns)       Period(ns)      Frequency(MHz)
-----       ------------       ----------      --------------
clk_fpga_0  {0.000 5.000}      10.000          100.000         


------------------------------------------------------------------------------------------------
| Intra Clock Table
| -----------------
------------------------------------------------------------------------------------------------

Clock             WNS(ns)      TNS(ns)  TNS Failing Endpoints  TNS Total Endpoints      WHS(ns)      THS(ns)  THS Failing Endpoints  THS Total Endpoints     WPWS(ns)     TPWS(ns)  TPWS Failing Endpoints  TPWS Total Endpoints  
-----             -------      -------  ---------------------  -------------------      -------      -------  ---------------------  -------------------     --------     --------  ----------------------  --------------------  
clk_fpga_0          0.833        0.000                      0                25938        0.033        0.000                      0                25938        3.750        0.000                       0                  8597  


------------------------------------------------------------------------------------------------
| Inter Clock Table
| -----------------
------------------------------------------------------------------------------------------------

From Clock    To Clock          WNS(ns)      TNS(ns)  TNS Failing Endpoints  TNS Total Endpoints      WHS(ns)      THS(ns)  THS Failing Endpoints  THS Total Endpoints  
----------    --------          -------      -------  ---------------------  -------------------      -------      -------  ---------------------  -------------------  


------------------------------------------------------------------------------------------------
| Other Path Groups Table
| -----------------------
------------------------------------------------------------------------------------------------

Path Group         From Clock         To Clock               WNS(ns)      TNS(ns)  TNS Failing Endpoints  TNS Total Endpoints      WHS(ns)      THS(ns)  THS Failing Endpoints  THS Total Endpoints  
----------         ----------         --------               -------      -------  ---------------------  -------------------      -------      -------  ---------------------  -------------------  
**async_default**  clk_fpga_0         clk_fpga_0               6.228        0.000                      0                   96        0.514        0.000                      0                   96  


------------------------------------------------------------------------------------------------
| Timing Details
| --------------
------------------------------------------------------------------------------------------------


---------------------------------------------------------------------------------------------------
From Clock:  clk_fpga_0
  To Clock:  clk_fpga_0

Setup :            0  Failing Endpoints,  Worst Slack        0.833ns,  Total Violation        0.000ns
Hold  :            0  Failing Endpoints,  Worst Slack        0.033ns,  Total Violation        0.000ns
PW    :            0  Failing Endpoints,  Worst Slack        3.750ns,  Total Violation        0.000ns
---------------------------------------------------------------------------------------------------


Max Delay Paths
--------------------------------------------------------------------------------------
Slack (MET) :             0.833ns  (required time - arrival time)
  Source:                 ursa_vanilla_ocm_i/mxm_execute_ursa_0/inst/grp_mxm_execute_ursa_Pipeline_STREAM_K_fu_532/icmp_ln207_reg_4727_reg[0]/C
                            (rising edge-triggered cell FDRE clocked by clk_fpga_0  {rise@0.000ns fall@5.000ns period=10.000ns})
  Destination:            ursa_vanilla_ocm_i/mxm_execute_ursa_0/inst/aw_m_axi_U/load_unit/fifo_rreq/U_fifo_srl/mem_reg[5][24]_srl6/D
                            (rising edge-triggered cell SRL16E clocked by clk_fpga_0  {rise@0.000ns fall@5.000ns period=10.000ns})
  Path Group:             clk_fpga_0
  Path Type:              Setup (Max at Slow Process Corner)
  Requirement:            10.000ns  (clk_fpga_0 rise@10.000ns - clk_fpga_0 rise@0.000ns)
  Data Path Delay:        8.917ns  (logic 1.560ns (17.495%)  route 7.357ns (82.505%))
  Logic Levels:           7  (LUT2=1 LUT3=2 LUT5=1 LUT6=3)
  Clock Path Skew:        -0.049ns (DCD - SCD + CPR)
    Destination Clock Delay (DCD):    2.714ns = ( 12.714 - 10.000 ) 
    Source Clock Delay      (SCD):    2.992ns
    Clock Pessimism Removal (CPR):    0.229ns
  Clock Uncertainty:      0.154ns  ((TSJ^2 + TIJ^2)^1/2 + DJ) / 2 + PE
    Total System Jitter     (TSJ):    0.071ns
    Total Input Jitter      (TIJ):    0.300ns
    Discrete Jitter          (DJ):    0.000ns
    Phase Error              (PE):    0.000ns

    Location             Delay type                Incr(ns)  Path(ns)    Netlist Resource(s)
  -------------------------------------------------------------------    -------------------
                         (clock clk_fpga_0 rise edge)
                                                      0.000     0.000 r  
    PS7_X0Y0             PS7                          0.000     0.000 r  ursa_vanilla_ocm_i/processing_system7_0/inst/PS7_i/FCLKCLK[0]
                         net (fo=1, routed)           1.193     1.193    ursa_vanilla_ocm_i/processing_system7_0/inst/FCLK_CLK_unbuffered[0]
    BUFGCTRL_X0Y16       BUFG (Prop_bufg_I_O)         0.101     1.294 r  ursa_vanilla_ocm_i/processing_system7_0/inst/buffer_fclk_clk_0.FCLK_CLK_0_BUFG/O
                         net (fo=8598, routed)        1.698     2.992    ursa_vanilla_ocm_i/mxm_execute_ursa_0/inst/grp_mxm_execute_ursa_Pipeline_STREAM_K_fu_532/ap_clk
    SLICE_X55Y70         FDRE                                         r  ursa_vanilla_ocm_i/mxm_execute_ursa_0/inst/grp_mxm_execute_ursa_Pipeline_STREAM_K_fu_532/icmp_ln207_reg_4727_reg[0]/C
  -------------------------------------------------------------------    -------------------
    SLICE_X55Y70         FDRE (Prop_fdre_C_Q)         0.456     3.448 r  ursa_vanilla_ocm_i/mxm_execute_ursa_0/inst/grp_mxm_execute_ursa_Pipeline_STREAM_K_fu_532/icmp_ln207_reg_4727_reg[0]/Q
                         net (fo=51, routed)          1.365     4.813    ursa_vanilla_ocm_i/mxm_execute_ursa_0/inst/grp_mxm_execute_ursa_Pipeline_STREAM_K_fu_532/mac_muladd_8ns_8s_20s_20_4_1_U65/mxm_execute_ursa_mac_muladd_8ns_8s_20s_20_4_1_DSP48_0_U/icmp_ln207_reg_4727
    SLICE_X51Y59         LUT2 (Prop_lut2_I1_O)        0.152     4.965 r  ursa_vanilla_ocm_i/mxm_execute_ursa_0/inst/grp_mxm_execute_ursa_Pipeline_STREAM_K_fu_532/mac_muladd_8ns_8s_20s_20_4_1_U65/mxm_execute_ursa_mac_muladd_8ns_8s_20s_20_4_1_DSP48_0_U/ap_CS_fsm[7]_i_4/O
                         net (fo=2, routed)           0.613     5.578    ursa_vanilla_ocm_i/mxm_execute_ursa_0/inst/grp_mxm_execute_ursa_Pipeline_STREAM_K_fu_532/mac_muladd_8ns_8s_20s_20_4_1_U25/mxm_execute_ursa_mac_muladd_8ns_8s_20s_20_4_1_DSP48_0_U/p_168_in
    SLICE_X50Y60         LUT6 (Prop_lut6_I4_O)        0.332     5.910 r  ursa_vanilla_ocm_i/mxm_execute_ursa_0/inst/grp_mxm_execute_ursa_Pipeline_STREAM_K_fu_532/mac_muladd_8ns_8s_20s_20_4_1_U25/mxm_execute_ursa_mac_muladd_8ns_8s_20s_20_4_1_DSP48_0_U/ap_CS_fsm[6]_i_2/O
                         net (fo=3, routed)           0.608     6.518    ursa_vanilla_ocm_i/mxm_execute_ursa_0/inst/grp_mxm_execute_ursa_Pipeline_STREAM_K_fu_532/mac_muladd_8ns_8s_20s_20_4_1_U25/mxm_execute_ursa_mac_muladd_8ns_8s_20s_20_4_1_DSP48_0_U/full_n_reg
    SLICE_X50Y60         LUT5 (Prop_lut5_I4_O)        0.124     6.642 f  ursa_vanilla_ocm_i/mxm_execute_ursa_0/inst/grp_mxm_execute_ursa_Pipeline_STREAM_K_fu_532/mac_muladd_8ns_8s_20s_20_4_1_U25/mxm_execute_ursa_mac_muladd_8ns_8s_20s_20_4_1_DSP48_0_U/p_reg_reg_i_25__8/O
                         net (fo=4, routed)           1.143     7.786    ursa_vanilla_ocm_i/mxm_execute_ursa_0/inst/grp_mxm_execute_ursa_Pipeline_STREAM_K_fu_532/mac_muladd_8ns_8s_20s_20_4_1_U25_n_23
    SLICE_X52Y74         LUT3 (Prop_lut3_I2_O)        0.124     7.910 f  ursa_vanilla_ocm_i/mxm_execute_ursa_0/inst/grp_mxm_execute_ursa_Pipeline_STREAM_K_fu_532/mem_reg[5][0]_srl6_i_12/O
                         net (fo=34, routed)          1.093     9.003    ursa_vanilla_ocm_i/mxm_execute_ursa_0/inst/grp_mxm_execute_ursa_Pipeline_STREAM_K_fu_532/m_axi_aw_ARVALID4
    SLICE_X55Y82         LUT3 (Prop_lut3_I0_O)        0.124     9.127 f  ursa_vanilla_ocm_i/mxm_execute_ursa_0/inst/grp_mxm_execute_ursa_Pipeline_STREAM_K_fu_532/mem_reg[5][0]_srl6_i_14/O
                         net (fo=32, routed)          1.196    10.323    ursa_vanilla_ocm_i/mxm_execute_ursa_0/inst/grp_mxm_execute_ursa_Pipeline_STREAM_K_fu_532/mem_reg[5][0]_srl6_i_14_n_0
    SLICE_X51Y96         LUT6 (Prop_lut6_I5_O)        0.124    10.447 r  ursa_vanilla_ocm_i/mxm_execute_ursa_0/inst/grp_mxm_execute_ursa_Pipeline_STREAM_K_fu_532/mem_reg[5][24]_srl6_i_3/O
                         net (fo=1, routed)           0.434    10.881    ursa_vanilla_ocm_i/mxm_execute_ursa_0/inst/grp_mxm_execute_ursa_Pipeline_STREAM_K_fu_532/mem_reg[5][24]_srl6_i_3_n_0
    SLICE_X53Y96         LUT6 (Prop_lut6_I1_O)        0.124    11.005 r  ursa_vanilla_ocm_i/mxm_execute_ursa_0/inst/grp_mxm_execute_ursa_Pipeline_STREAM_K_fu_532/mem_reg[5][24]_srl6_i_1/O
                         net (fo=1, routed)           0.903    11.909    ursa_vanilla_ocm_i/mxm_execute_ursa_0/inst/aw_m_axi_U/load_unit/fifo_rreq/U_fifo_srl/in[24]
    SLICE_X54Y92         SRL16E                                       r  ursa_vanilla_ocm_i/mxm_execute_ursa_0/inst/aw_m_axi_U/load_unit/fifo_rreq/U_fifo_srl/mem_reg[5][24]_srl6/D
  -------------------------------------------------------------------    -------------------

                         (clock clk_fpga_0 rise edge)
                                                     10.000    10.000 r  
    PS7_X0Y0             PS7                          0.000    10.000 r  ursa_vanilla_ocm_i/processing_system7_0/inst/PS7_i/FCLKCLK[0]
                         net (fo=1, routed)           1.088    11.088    ursa_vanilla_ocm_i/processing_system7_0/inst/FCLK_CLK_unbuffered[0]
    BUFGCTRL_X0Y16       BUFG (Prop_bufg_I_O)         0.091    11.179 r  ursa_vanilla_ocm_i/processing_system7_0/inst/buffer_fclk_clk_0.FCLK_CLK_0_BUFG/O
                         net (fo=8598, routed)        1.535    12.714    ursa_vanilla_ocm_i/mxm_execute_ursa_0/inst/aw_m_axi_U/load_unit/fifo_rreq/U_fifo_srl/ap_clk
    SLICE_X54Y92         SRL16E                                       r  ursa_vanilla_ocm_i/mxm_execute_ursa_0/inst/aw_m_axi_U/load_unit/fifo_rreq/U_fifo_srl/mem_reg[5][24]_srl6/CLK
                         clock pessimism              0.229    12.943    
                         clock uncertainty           -0.154    12.789    
    SLICE_X54Y92         SRL16E (Setup_srl16e_CLK_D)
                                                     -0.047    12.742    ursa_vanilla_ocm_i/mxm_execute_ursa_0/inst/aw_m_axi_U/load_unit/fifo_rreq/U_fifo_srl/mem_reg[5][24]_srl6
  -------------------------------------------------------------------
                         required time                         12.742    
                         arrival time                         -11.909    
  -------------------------------------------------------------------
                         slack                                  0.833    





Min Delay Paths
--------------------------------------------------------------------------------------
Slack (MET) :             0.033ns  (arrival time - required time)
  Source:                 ursa_vanilla_ocm_i/mxm_execute_ursa_0/inst/grp_mxm_execute_ursa_Pipeline_STREAM_K_fu_532/zext_ln76_cast_reg_4699_reg[4]/C
                            (rising edge-triggered cell FDRE clocked by clk_fpga_0  {rise@0.000ns fall@5.000ns period=10.000ns})
  Destination:            ursa_vanilla_ocm_i/mxm_execute_ursa_0/inst/grp_mxm_execute_ursa_Pipeline_STREAM_K_fu_532/add_ln76_15_reg_5019_reg[5]/D
                            (rising edge-triggered cell FDRE clocked by clk_fpga_0  {rise@0.000ns fall@5.000ns period=10.000ns})
  Path Group:             clk_fpga_0
  Path Type:              Hold (Min at Fast Process Corner)
  Requirement:            0.000ns  (clk_fpga_0 rise@0.000ns - clk_fpga_0 rise@0.000ns)
  Data Path Delay:        0.516ns  (logic 0.348ns (67.458%)  route 0.168ns (32.542%))
  Logic Levels:           3  (CARRY4=2 LUT2=1)
  Clock Path Skew:        0.349ns (DCD - SCD - CPR)
    Destination Clock Delay (DCD):    1.300ns
    Source Clock Delay      (SCD):    0.916ns
    Clock Pessimism Removal (CPR):    0.035ns

    Location             Delay type                Incr(ns)  Path(ns)    Netlist Resource(s)
  -------------------------------------------------------------------    -------------------
                         (clock clk_fpga_0 rise edge)
                                                      0.000     0.000 r  
    PS7_X0Y0             PS7                          0.000     0.000 r  ursa_vanilla_ocm_i/processing_system7_0/inst/PS7_i/FCLKCLK[0]
                         net (fo=1, routed)           0.310     0.310    ursa_vanilla_ocm_i/processing_system7_0/inst/FCLK_CLK_unbuffered[0]
    BUFGCTRL_X0Y16       BUFG (Prop_bufg_I_O)         0.026     0.336 r  ursa_vanilla_ocm_i/processing_system7_0/inst/buffer_fclk_clk_0.FCLK_CLK_0_BUFG/O
                         net (fo=8598, routed)        0.580     0.916    ursa_vanilla_ocm_i/mxm_execute_ursa_0/inst/grp_mxm_execute_ursa_Pipeline_STREAM_K_fu_532/ap_clk
    SLICE_X61Y99         FDRE                                         r  ursa_vanilla_ocm_i/mxm_execute_ursa_0/inst/grp_mxm_execute_ursa_Pipeline_STREAM_K_fu_532/zext_ln76_cast_reg_4699_reg[4]/C
  -------------------------------------------------------------------    -------------------
    SLICE_X61Y99         FDRE (Prop_fdre_C_Q)         0.141     1.057 r  ursa_vanilla_ocm_i/mxm_execute_ursa_0/inst/grp_mxm_execute_ursa_Pipeline_STREAM_K_fu_532/zext_ln76_cast_reg_4699_reg[4]/Q
                         net (fo=9, routed)           0.167     1.224    ursa_vanilla_ocm_i/mxm_execute_ursa_0/inst/grp_mxm_execute_ursa_Pipeline_STREAM_K_fu_532/zext_ln76_cast_reg_4699[4]
    SLICE_X58Y99         LUT2 (Prop_lut2_I1_O)        0.045     1.269 r  ursa_vanilla_ocm_i/mxm_execute_ursa_0/inst/grp_mxm_execute_ursa_Pipeline_STREAM_K_fu_532/add_ln76_15_reg_5019[4]_i_2/O
                         net (fo=1, routed)           0.000     1.269    ursa_vanilla_ocm_i/mxm_execute_ursa_0/inst/grp_mxm_execute_ursa_Pipeline_STREAM_K_fu_532/add_ln76_15_reg_5019[4]_i_2_n_0
    SLICE_X58Y99         CARRY4 (Prop_carry4_S[3]_CO[3])
                                                      0.109     1.378 r  ursa_vanilla_ocm_i/mxm_execute_ursa_0/inst/grp_mxm_execute_ursa_Pipeline_STREAM_K_fu_532/add_ln76_15_reg_5019_reg[4]_i_1/CO[3]
                         net (fo=1, routed)           0.001     1.378    ursa_vanilla_ocm_i/mxm_execute_ursa_0/inst/grp_mxm_execute_ursa_Pipeline_STREAM_K_fu_532/add_ln76_15_reg_5019_reg[4]_i_1_n_0
    SLICE_X58Y100        CARRY4 (Prop_carry4_CI_O[0])
                                                      0.053     1.431 r  ursa_vanilla_ocm_i/mxm_execute_ursa_0/inst/grp_mxm_execute_ursa_Pipeline_STREAM_K_fu_532/add_ln76_15_reg_5019_reg[8]_i_1/O[0]
                         net (fo=1, routed)           0.000     1.431    ursa_vanilla_ocm_i/mxm_execute_ursa_0/inst/grp_mxm_execute_ursa_Pipeline_STREAM_K_fu_532/add_ln76_15_fu_1820_p2[5]
    SLICE_X58Y100        FDRE                                         r  ursa_vanilla_ocm_i/mxm_execute_ursa_0/inst/grp_mxm_execute_ursa_Pipeline_STREAM_K_fu_532/add_ln76_15_reg_5019_reg[5]/D
  -------------------------------------------------------------------    -------------------

                         (clock clk_fpga_0 rise edge)
                                                      0.000     0.000 r  
    PS7_X0Y0             PS7                          0.000     0.000 r  ursa_vanilla_ocm_i/processing_system7_0/inst/PS7_i/FCLKCLK[0]
                         net (fo=1, routed)           0.337     0.337    ursa_vanilla_ocm_i/processing_system7_0/inst/FCLK_CLK_unbuffered[0]
    BUFGCTRL_X0Y16       BUFG (Prop_bufg_I_O)         0.029     0.366 r  ursa_vanilla_ocm_i/processing_system7_0/inst/buffer_fclk_clk_0.FCLK_CLK_0_BUFG/O
                         net (fo=8598, routed)        0.934     1.300    ursa_vanilla_ocm_i/mxm_execute_ursa_0/inst/grp_mxm_execute_ursa_Pipeline_STREAM_K_fu_532/ap_clk
    SLICE_X58Y100        FDRE                                         r  ursa_vanilla_ocm_i/mxm_execute_ursa_0/inst/grp_mxm_execute_ursa_Pipeline_STREAM_K_fu_532/add_ln76_15_reg_5019_reg[5]/C
                         clock pessimism             -0.035     1.265    
    SLICE_X58Y100        FDRE (Hold_fdre_C_D)         0.134     1.399    ursa_vanilla_ocm_i/mxm_execute_ursa_0/inst/grp_mxm_execute_ursa_Pipeline_STREAM_K_fu_532/add_ln76_15_reg_5019_reg[5]
  -------------------------------------------------------------------
                         required time                         -1.399    
                         arrival time                           1.431    
  -------------------------------------------------------------------
                         slack                                  0.033    





Pulse Width Checks
--------------------------------------------------------------------------------------
Clock Name:         clk_fpga_0
Waveform(ns):       { 0.000 5.000 }
Period(ns):         10.000
Sources:            { ursa_vanilla_ocm_i/processing_system7_0/inst/PS7_i/FCLKCLK[0] }

Check Type        Corner  Lib Pin      Reference Pin  Required(ns)  Actual(ns)  Slack(ns)  Location      Pin
Min Period        n/a     DSP48E1/CLK  n/a            3.884         10.000      6.116      DSP48_X3Y38   ursa_vanilla_ocm_i/mxm_execute_ursa_0/inst/bound_reg_1524_reg/CLK
Low Pulse Width   Slow    RAMD32/CLK   n/a            1.250         5.000       3.750      SLICE_X26Y57  ursa_vanilla_ocm_i/axi_interconnect_1/m00_couplers/auto_pc/inst/gen_axi4_axi3.axi3_conv_inst/USE_READ.USE_SPLIT_R.read_addr_inst/USE_R_CHANNEL.cmd_queue/inst/fifo_gen_inst/inst_fifo_gen/gconvfifo.rf/grf.rf/gntv_or_sync_fifo.mem/gdm.dm_gen.dm/RAM_reg_0_31_0_0/DP/CLK
High Pulse Width  Slow    RAMD32/CLK   n/a            1.250         5.000       3.750      SLICE_X26Y57  ursa_vanilla_ocm_i/axi_interconnect_1/m00_couplers/auto_pc/inst/gen_axi4_axi3.axi3_conv_inst/USE_READ.USE_SPLIT_R.read_addr_inst/USE_R_CHANNEL.cmd_queue/inst/fifo_gen_inst/inst_fifo_gen/gconvfifo.rf/grf.rf/gntv_or_sync_fifo.mem/gdm.dm_gen.dm/RAM_reg_0_31_0_0/DP/CLK



---------------------------------------------------------------------------------------------------
Path Group:  **async_default**
From Clock:  clk_fpga_0
  To Clock:  clk_fpga_0

Setup :            0  Failing Endpoints,  Worst Slack        6.228ns,  Total Violation        0.000ns
Hold  :            0  Failing Endpoints,  Worst Slack        0.514ns,  Total Violation        0.000ns
---------------------------------------------------------------------------------------------------


Max Delay Paths
--------------------------------------------------------------------------------------
Slack (MET) :             6.228ns  (required time - arrival time)
  Source:                 ursa_vanilla_ocm_i/axi_interconnect_1/m00_couplers/auto_pc/inst/gen_axi4_axi3.axi3_conv_inst/USE_WRITE.write_addr_inst/USE_BURSTS.cmd_queue/inst/fifo_gen_inst/inst_fifo_gen/gconvfifo.rf/grf.rf/rstblk/ngwrdrst.grst.g7serrst.gnsckt_wrst.gcc_rst.sckt_wr_rst_cc_reg[1]/C
                            (rising edge-triggered cell FDRE clocked by clk_fpga_0  {rise@0.000ns fall@5.000ns period=10.000ns})
  Destination:            ursa_vanilla_ocm_i/axi_interconnect_1/m00_couplers/auto_pc/inst/gen_axi4_axi3.axi3_conv_inst/USE_WRITE.write_addr_inst/USE_BURSTS.cmd_queue/inst/fifo_gen_inst/inst_fifo_gen/gconvfifo.rf/grf.rf/gntv_or_sync_fifo.gl0.wr/wpntr/gcc0.gc0.count_d1_reg[2]/CLR
                            (recovery check against rising-edge clock clk_fpga_0  {rise@0.000ns fall@5.000ns period=10.000ns})
  Path Group:             **async_default**
  Path Type:              Recovery (Max at Slow Process Corner)
  Requirement:            10.000ns  (clk_fpga_0 rise@10.000ns - clk_fpga_0 rise@0.000ns)
  Data Path Delay:        3.209ns  (logic 0.779ns (24.273%)  route 2.430ns (75.727%))
  Logic Levels:           1  (LUT3=1)
  Clock Path Skew:        -0.004ns (DCD - SCD + CPR)
    Destination Clock Delay (DCD):    2.693ns = ( 12.693 - 10.000 ) 
    Source Clock Delay      (SCD):    2.926ns
    Clock Pessimism Removal (CPR):    0.229ns
  Clock Uncertainty:      0.154ns  ((TSJ^2 + TIJ^2)^1/2 + DJ) / 2 + PE
    Total System Jitter     (TSJ):    0.071ns
    Total Input Jitter      (TIJ):    0.300ns
    Discrete Jitter          (DJ):    0.000ns
    Phase Error              (PE):    0.000ns

    Location             Delay type                Incr(ns)  Path(ns)    Netlist Resource(s)
  -------------------------------------------------------------------    -------------------
                         (clock clk_fpga_0 rise edge)
                                                      0.000     0.000 r  
    PS7_X0Y0             PS7                          0.000     0.000 r  ursa_vanilla_ocm_i/processing_system7_0/inst/PS7_i/FCLKCLK[0]
                         net (fo=1, routed)           1.193     1.193    ursa_vanilla_ocm_i/processing_system7_0/inst/FCLK_CLK_unbuffered[0]
    BUFGCTRL_X0Y16       BUFG (Prop_bufg_I_O)         0.101     1.294 r  ursa_vanilla_ocm_i/processing_system7_0/inst/buffer_fclk_clk_0.FCLK_CLK_0_BUFG/O
                         net (fo=8598, routed)        1.632     2.926    ursa_vanilla_ocm_i/axi_interconnect_1/m00_couplers/auto_pc/inst/gen_axi4_axi3.axi3_conv_inst/USE_WRITE.write_addr_inst/USE_BURSTS.cmd_queue/inst/fifo_gen_inst/inst_fifo_gen/gconvfifo.rf/grf.rf/rstblk/clk
    SLICE_X32Y75         FDRE                                         r  ursa_vanilla_ocm_i/axi_interconnect_1/m00_couplers/auto_pc/inst/gen_axi4_axi3.axi3_conv_inst/USE_WRITE.write_addr_inst/USE_BURSTS.cmd_queue/inst/fifo_gen_inst/inst_fifo_gen/gconvfifo.rf/grf.rf/rstblk/ngwrdrst.grst.g7serrst.gnsckt_wrst.gcc_rst.sckt_wr_rst_cc_reg[1]/C
  -------------------------------------------------------------------    -------------------
    SLICE_X32Y75         FDRE (Prop_fdre_C_Q)         0.478     3.404 f  ursa_vanilla_ocm_i/axi_interconnect_1/m00_couplers/auto_pc/inst/gen_axi4_axi3.axi3_conv_inst/USE_WRITE.write_addr_inst/USE_BURSTS.cmd_queue/inst/fifo_gen_inst/inst_fifo_gen/gconvfifo.rf/grf.rf/rstblk/ngwrdrst.grst.g7serrst.gnsckt_wrst.gcc_rst.sckt_wr_rst_cc_reg[1]/Q
                         net (fo=2, routed)           1.179     4.583    ursa_vanilla_ocm_i/axi_interconnect_1/m00_couplers/auto_pc/inst/gen_axi4_axi3.axi3_conv_inst/USE_WRITE.write_addr_inst/USE_BURSTS.cmd_queue/inst/fifo_gen_inst/inst_fifo_gen/gconvfifo.rf/grf.rf/rstblk/ngwrdrst.grst.g7serrst.gnsckt_wrst.gcc_rst.sckt_wr_rst_cc[1]
    SLICE_X26Y75         LUT3 (Prop_lut3_I0_O)        0.301     4.884 f  ursa_vanilla_ocm_i/axi_interconnect_1/m00_couplers/auto_pc/inst/gen_axi4_axi3.axi3_conv_inst/USE_WRITE.write_addr_inst/USE_BURSTS.cmd_queue/inst/fifo_gen_inst/inst_fifo_gen/gconvfifo.rf/grf.rf/rstblk/gpregsm1.curr_fwft_state[1]_i_2/O
                         net (fo=32, routed)          1.251     6.135    ursa_vanilla_ocm_i/axi_interconnect_1/m00_couplers/auto_pc/inst/gen_axi4_axi3.axi3_conv_inst/USE_WRITE.write_addr_inst/USE_BURSTS.cmd_queue/inst/fifo_gen_inst/inst_fifo_gen/gconvfifo.rf/grf.rf/gntv_or_sync_fifo.gl0.wr/wpntr/AR[0]
    SLICE_X29Y80         FDCE                                         f  ursa_vanilla_ocm_i/axi_interconnect_1/m00_couplers/auto_pc/inst/gen_axi4_axi3.axi3_conv_inst/USE_WRITE.write_addr_inst/USE_BURSTS.cmd_queue/inst/fifo_gen_inst/inst_fifo_gen/gconvfifo.rf/grf.rf/gntv_or_sync_fifo.gl0.wr/wpntr/gcc0.gc0.count_d1_reg[2]/CLR
  -------------------------------------------------------------------    -------------------

                         (clock clk_fpga_0 rise edge)
                                                     10.000    10.000 r  
    PS7_X0Y0             PS7                          0.000    10.000 r  ursa_vanilla_ocm_i/processing_system7_0/inst/PS7_i/FCLKCLK[0]
                         net (fo=1, routed)           1.088    11.088    ursa_vanilla_ocm_i/processing_system7_0/inst/FCLK_CLK_unbuffered[0]
    BUFGCTRL_X0Y16       BUFG (Prop_bufg_I_O)         0.091    11.179 r  ursa_vanilla_ocm_i/processing_system7_0/inst/buffer_fclk_clk_0.FCLK_CLK_0_BUFG/O
                         net (fo=8598, routed)        1.514    12.693    ursa_vanilla_ocm_i/axi_interconnect_1/m00_couplers/auto_pc/inst/gen_axi4_axi3.axi3_conv_inst/USE_WRITE.write_addr_inst/USE_BURSTS.cmd_queue/inst/fifo_gen_inst/inst_fifo_gen/gconvfifo.rf/grf.rf/gntv_or_sync_fifo.gl0.wr/wpntr/clk
    SLICE_X29Y80         FDCE                                         r  ursa_vanilla_ocm_i/axi_interconnect_1/m00_couplers/auto_pc/inst/gen_axi4_axi3.axi3_conv_inst/USE_WRITE.write_addr_inst/USE_BURSTS.cmd_queue/inst/fifo_gen_inst/inst_fifo_gen/gconvfifo.rf/grf.rf/gntv_or_sync_fifo.gl0.wr/wpntr/gcc0.gc0.count_d1_reg[2]/C
                         clock pessimism              0.229    12.922    
                         clock uncertainty           -0.154    12.768    
    SLICE_X29Y80         FDCE (Recov_fdce_C_CLR)     -0.405    12.363    ursa_vanilla_ocm_i/axi_interconnect_1/m00_couplers/auto_pc/inst/gen_axi4_axi3.axi3_conv_inst/USE_WRITE.write_addr_inst/USE_BURSTS.cmd_queue/inst/fifo_gen_inst/inst_fifo_gen/gconvfifo.rf/grf.rf/gntv_or_sync_fifo.gl0.wr/wpntr/gcc0.gc0.count_d1_reg[2]
  -------------------------------------------------------------------
                         required time                         12.363    
                         arrival time                          -6.135    
  -------------------------------------------------------------------
                         slack                                  6.228    





Min Delay Paths
--------------------------------------------------------------------------------------
Slack (MET) :             0.514ns  (arrival time - required time)
  Source:                 ursa_vanilla_ocm_i/axi_interconnect_1/m00_couplers/auto_pc/inst/gen_axi4_axi3.axi3_conv_inst/USE_READ.USE_SPLIT_R.read_addr_inst/USE_R_CHANNEL.cmd_queue/inst/fifo_gen_inst/inst_fifo_gen/gconvfifo.rf/grf.rf/rstblk/ngwrdrst.grst.g7serrst.gnsckt_wrst.gcc_rst.sckt_wr_rst_cc_reg[1]/C
                            (rising edge-triggered cell FDRE clocked by clk_fpga_0  {rise@0.000ns fall@5.000ns period=10.000ns})
  Destination:            ursa_vanilla_ocm_i/axi_interconnect_1/m00_couplers/auto_pc/inst/gen_axi4_axi3.axi3_conv_inst/USE_READ.USE_SPLIT_R.read_addr_inst/USE_R_CHANNEL.cmd_queue/inst/fifo_gen_inst/inst_fifo_gen/gconvfifo.rf/grf.rf/gntv_or_sync_fifo.gl0.rd/rpntr/gc0.count_d1_reg[0]/CLR
                            (removal check against rising-edge clock clk_fpga_0  {rise@0.000ns fall@5.000ns period=10.000ns})
  Path Group:             **async_default**
  Path Type:              Removal (Min at Fast Process Corner)
  Requirement:            0.000ns  (clk_fpga_0 rise@0.000ns - clk_fpga_0 rise@0.000ns)
  Data Path Delay:        0.464ns  (logic 0.209ns (45.064%)  route 0.255ns (54.936%))
  Logic Levels:           1  (LUT3=1)
  Clock Path Skew:        0.017ns (DCD - SCD - CPR)
    Destination Clock Delay (DCD):    1.209ns
    Source Clock Delay      (SCD):    0.908ns
    Clock Pessimism Removal (CPR):    0.284ns

    Location             Delay type                Incr(ns)  Path(ns)    Netlist Resource(s)
  -------------------------------------------------------------------    -------------------
                         (clock clk_fpga_0 rise edge)
                                                      0.000     0.000 r  
    PS7_X0Y0             PS7                          0.000     0.000 r  ursa_vanilla_ocm_i/processing_system7_0/inst/PS7_i/FCLKCLK[0]
                         net (fo=1, routed)           0.310     0.310    ursa_vanilla_ocm_i/processing_system7_0/inst/FCLK_CLK_unbuffered[0]
    BUFGCTRL_X0Y16       BUFG (Prop_bufg_I_O)         0.026     0.336 r  ursa_vanilla_ocm_i/processing_system7_0/inst/buffer_fclk_clk_0.FCLK_CLK_0_BUFG/O
                         net (fo=8598, routed)        0.572     0.908    ursa_vanilla_ocm_i/axi_interconnect_1/m00_couplers/auto_pc/inst/gen_axi4_axi3.axi3_conv_inst/USE_READ.USE_SPLIT_R.read_addr_inst/USE_R_CHANNEL.cmd_queue/inst/fifo_gen_inst/inst_fifo_gen/gconvfifo.rf/grf.rf/rstblk/clk
    SLICE_X26Y59         FDRE                                         r  ursa_vanilla_ocm_i/axi_interconnect_1/m00_couplers/auto_pc/inst/gen_axi4_axi3.axi3_conv_inst/USE_READ.USE_SPLIT_R.read_addr_inst/USE_R_CHANNEL.cmd_queue/inst/fifo_gen_inst/inst_fifo_gen/gconvfifo.rf/grf.rf/rstblk/ngwrdrst.grst.g7serrst.gnsckt_wrst.gcc_rst.sckt_wr_rst_cc_reg[1]/C
  -------------------------------------------------------------------    -------------------
    SLICE_X26Y59         FDRE (Prop_fdre_C_Q)         0.164     1.072 f  ursa_vanilla_ocm_i/axi_interconnect_1/m00_couplers/auto_pc/inst/gen_axi4_axi3.axi3_conv_inst/USE_READ.USE_SPLIT_R.read_addr_inst/USE_R_CHANNEL.cmd_queue/inst/fifo_gen_inst/inst_fifo_gen/gconvfifo.rf/grf.rf/rstblk/ngwrdrst.grst.g7serrst.gnsckt_wrst.gcc_rst.sckt_wr_rst_cc_reg[1]/Q
                         net (fo=1, routed)           0.114     1.186    ursa_vanilla_ocm_i/axi_interconnect_1/m00_couplers/auto_pc/inst/gen_axi4_axi3.axi3_conv_inst/USE_READ.USE_SPLIT_R.read_addr_inst/USE_R_CHANNEL.cmd_queue/inst/fifo_gen_inst/inst_fifo_gen/gconvfifo.rf/grf.rf/rstblk/ngwrdrst.grst.g7serrst.gnsckt_wrst.gcc_rst.sckt_wr_rst_cc[1]
    SLICE_X26Y57         LUT3 (Prop_lut3_I0_O)        0.045     1.231 f  ursa_vanilla_ocm_i/axi_interconnect_1/m00_couplers/auto_pc/inst/gen_axi4_axi3.axi3_conv_inst/USE_READ.USE_SPLIT_R.read_addr_inst/USE_R_CHANNEL.cmd_queue/inst/fifo_gen_inst/inst_fifo_gen/gconvfifo.rf/grf.rf/rstblk/gpregsm1.curr_fwft_state[1]_i_2/O
                         net (fo=33, routed)          0.140     1.371    ursa_vanilla_ocm_i/axi_interconnect_1/m00_couplers/auto_pc/inst/gen_axi4_axi3.axi3_conv_inst/USE_READ.USE_SPLIT_R.read_addr_inst/USE_R_CHANNEL.cmd_queue/inst/fifo_gen_inst/inst_fifo_gen/gconvfifo.rf/grf.rf/gntv_or_sync_fifo.gl0.rd/rpntr/gc0.count_d1_reg[4]_1
    SLICE_X26Y56         FDCE                                         f  ursa_vanilla_ocm_i/axi_interconnect_1/m00_couplers/auto_pc/inst/gen_axi4_axi3.axi3_conv_inst/USE_READ.USE_SPLIT_R.read_addr_inst/USE_R_CHANNEL.cmd_queue/inst/fifo_gen_inst/inst_fifo_gen/gconvfifo.rf/grf.rf/gntv_or_sync_fifo.gl0.rd/rpntr/gc0.count_d1_reg[0]/CLR
  -------------------------------------------------------------------    -------------------

                         (clock clk_fpga_0 rise edge)
                                                      0.000     0.000 r  
    PS7_X0Y0             PS7                          0.000     0.000 r  ursa_vanilla_ocm_i/processing_system7_0/inst/PS7_i/FCLKCLK[0]
                         net (fo=1, routed)           0.337     0.337    ursa_vanilla_ocm_i/processing_system7_0/inst/FCLK_CLK_unbuffered[0]
    BUFGCTRL_X0Y16       BUFG (Prop_bufg_I_O)         0.029     0.366 r  ursa_vanilla_ocm_i/processing_system7_0/inst/buffer_fclk_clk_0.FCLK_CLK_0_BUFG/O
                         net (fo=8598, routed)        0.843     1.209    ursa_vanilla_ocm_i/axi_interconnect_1/m00_couplers/auto_pc/inst/gen_axi4_axi3.axi3_conv_inst/USE_READ.USE_SPLIT_R.read_addr_inst/USE_R_CHANNEL.cmd_queue/inst/fifo_gen_inst/inst_fifo_gen/gconvfifo.rf/grf.rf/gntv_or_sync_fifo.gl0.rd/rpntr/clk
    SLICE_X26Y56         FDCE                                         r  ursa_vanilla_ocm_i/axi_interconnect_1/m00_couplers/auto_pc/inst/gen_axi4_axi3.axi3_conv_inst/USE_READ.USE_SPLIT_R.read_addr_inst/USE_R_CHANNEL.cmd_queue/inst/fifo_gen_inst/inst_fifo_gen/gconvfifo.rf/grf.rf/gntv_or_sync_fifo.gl0.rd/rpntr/gc0.count_d1_reg[0]/C
                         clock pessimism             -0.284     0.925    
    SLICE_X26Y56         FDCE (Remov_fdce_C_CLR)     -0.067     0.858    ursa_vanilla_ocm_i/axi_interconnect_1/m00_couplers/auto_pc/inst/gen_axi4_axi3.axi3_conv_inst/USE_READ.USE_SPLIT_R.read_addr_inst/USE_R_CHANNEL.cmd_queue/inst/fifo_gen_inst/inst_fifo_gen/gconvfifo.rf/grf.rf/gntv_or_sync_fifo.gl0.rd/rpntr/gc0.count_d1_reg[0]
  -------------------------------------------------------------------
                         required time                         -0.858    
                         arrival time                           1.371    
  -------------------------------------------------------------------
                         slack                                  0.514    





