Copyright 1986-2022 Xilinx, Inc. All Rights Reserved. Copyright 2022-2023 Advanced Micro Devices, Inc. All Rights Reserved.
---------------------------------------------------------------------------------------------------------------------------------------------------------------------
| Tool Version : Vivado v.2023.2 (lin64) Build 4029153 Fri Oct 13 20:13:54 MDT 2023
| Date         : Sun Aug 30 14:35:23 2026
| Host         : ulisses-thinkpad running 64-bit Ubuntu 22.04.5 LTS
| Command      : report_utilization -hierarchical -file /home/ulisses/Projects/ursa/exp/output-stationary/bitstreams/ursa_vanilla_4x4_acc20_ocm_utilization_hier.rpt
| Design       : ursa_vanilla_ocm_wrapper
| Device       : xc7z020clg484-1
| Speed File   : -1
| Design State : Routed
---------------------------------------------------------------------------------------------------------------------------------------------------------------------

Utilization Design Information

Table of Contents
-----------------
1. Utilization by Hierarchy

1. Utilization by Hierarchy
---------------------------

+-----------------------------------------------------------------------------------+---------------------------------------------------------------------------------------------------+------------+------------+---------+------+------+--------+--------+------------+
|                                      Instance                                     |                                               Module                                              | Total LUTs | Logic LUTs | LUTRAMs | SRLs |  FFs | RAMB36 | RAMB18 | DSP Blocks |
+-----------------------------------------------------------------------------------+---------------------------------------------------------------------------------------------------+------------+------------+---------+------+------+--------+--------+------------+
| ursa_vanilla_ocm_wrapper                                                          |                                                                                             (top) |       4985 |       4747 |      10 |  228 | 5443 |      0 |      3 |         23 |
|   ursa_vanilla_ocm_i                                                              |                                                                                  ursa_vanilla_ocm |       4985 |       4747 |      10 |  228 | 5443 |      0 |      3 |         23 |
|     (ursa_vanilla_ocm_i)                                                          |                                                                                  ursa_vanilla_ocm |          0 |          0 |       0 |    0 |    0 |      0 |      0 |          0 |
|     axi_interconnect_0                                                            |                                                             ursa_vanilla_ocm_axi_interconnect_0_0 |        505 |        444 |       0 |   61 |  626 |      0 |      0 |          0 |
|       s00_couplers                                                                |                                                                           s00_couplers_imp_BE5SP1 |        382 |        321 |       0 |   61 |  506 |      0 |      0 |          0 |
|         auto_pc                                                                   |                                                                        ursa_vanilla_ocm_auto_pc_0 |        382 |        321 |       0 |   61 |  506 |      0 |      0 |          0 |
|           inst                                                                    |                  ursa_vanilla_ocm_auto_pc_0_axi_protocol_converter_v2_1_29_axi_protocol_converter |        382 |        321 |       0 |   61 |  506 |      0 |      0 |          0 |
|             gen_axilite.gen_b2s_conv.axilite_b2s                                  |                                     ursa_vanilla_ocm_auto_pc_0_axi_protocol_converter_v2_1_29_b2s |        382 |        321 |       0 |   61 |  506 |      0 |      0 |          0 |
|               (gen_axilite.gen_b2s_conv.axilite_b2s)                              |                                     ursa_vanilla_ocm_auto_pc_0_axi_protocol_converter_v2_1_29_b2s |          1 |          1 |       0 |    0 |    1 |      0 |      0 |          0 |
|               RD.ar_channel_0                                                     |                          ursa_vanilla_ocm_auto_pc_0_axi_protocol_converter_v2_1_29_b2s_ar_channel |         62 |         62 |       0 |    0 |   70 |      0 |      0 |          0 |
|                 (RD.ar_channel_0)                                                 |                          ursa_vanilla_ocm_auto_pc_0_axi_protocol_converter_v2_1_29_b2s_ar_channel |          0 |          0 |       0 |    0 |   12 |      0 |      0 |          0 |
|                 ar_cmd_fsm_0                                                      |                          ursa_vanilla_ocm_auto_pc_0_axi_protocol_converter_v2_1_29_b2s_rd_cmd_fsm |         32 |         32 |       0 |    0 |    2 |      0 |      0 |          0 |
|                 cmd_translator_0                                                  |                    ursa_vanilla_ocm_auto_pc_0_axi_protocol_converter_v2_1_29_b2s_cmd_translator_1 |         30 |         30 |       0 |    0 |   56 |      0 |      0 |          0 |
|                   (cmd_translator_0)                                              |                    ursa_vanilla_ocm_auto_pc_0_axi_protocol_converter_v2_1_29_b2s_cmd_translator_1 |          1 |          1 |       0 |    0 |    3 |      0 |      0 |          0 |
|                   incr_cmd_0                                                      |                          ursa_vanilla_ocm_auto_pc_0_axi_protocol_converter_v2_1_29_b2s_incr_cmd_2 |         19 |         19 |       0 |    0 |   18 |      0 |      0 |          0 |
|                   wrap_cmd_0                                                      |                          ursa_vanilla_ocm_auto_pc_0_axi_protocol_converter_v2_1_29_b2s_wrap_cmd_3 |         10 |         10 |       0 |    0 |   35 |      0 |      0 |          0 |
|               RD.r_channel_0                                                      |                           ursa_vanilla_ocm_auto_pc_0_axi_protocol_converter_v2_1_29_b2s_r_channel |         61 |         14 |       0 |   47 |   24 |      0 |      0 |          0 |
|                 (RD.r_channel_0)                                                  |                           ursa_vanilla_ocm_auto_pc_0_axi_protocol_converter_v2_1_29_b2s_r_channel |          0 |          0 |       0 |    0 |   14 |      0 |      0 |          0 |
|                 rd_data_fifo_0                                                    |         ursa_vanilla_ocm_auto_pc_0_axi_protocol_converter_v2_1_29_b2s_simple_fifo__parameterized1 |         43 |          9 |       0 |   34 |    5 |      0 |      0 |          0 |
|                 transaction_fifo_0                                                |         ursa_vanilla_ocm_auto_pc_0_axi_protocol_converter_v2_1_29_b2s_simple_fifo__parameterized2 |         19 |          6 |       0 |   13 |    5 |      0 |      0 |          0 |
|               SI_REG                                                              |                          ursa_vanilla_ocm_auto_pc_0_axi_register_slice_v2_1_29_axi_register_slice |        157 |        157 |       0 |    0 |  320 |      0 |      0 |          0 |
|                 ar.ar_pipe                                                        |                         ursa_vanilla_ocm_auto_pc_0_axi_register_slice_v2_1_29_axic_register_slice |         57 |         57 |       0 |    0 |   97 |      0 |      0 |          0 |
|                 aw.aw_pipe                                                        |                       ursa_vanilla_ocm_auto_pc_0_axi_register_slice_v2_1_29_axic_register_slice_0 |         63 |         63 |       0 |    0 |   97 |      0 |      0 |          0 |
|                 b.b_pipe                                                          |         ursa_vanilla_ocm_auto_pc_0_axi_register_slice_v2_1_29_axic_register_slice__parameterized1 |         10 |         10 |       0 |    0 |   30 |      0 |      0 |          0 |
|                 r.r_pipe                                                          |         ursa_vanilla_ocm_auto_pc_0_axi_register_slice_v2_1_29_axic_register_slice__parameterized2 |         27 |         27 |       0 |    0 |   96 |      0 |      0 |          0 |
|               WR.aw_channel_0                                                     |                          ursa_vanilla_ocm_auto_pc_0_axi_protocol_converter_v2_1_29_b2s_aw_channel |         71 |         71 |       0 |    0 |   74 |      0 |      0 |          0 |
|                 (WR.aw_channel_0)                                                 |                          ursa_vanilla_ocm_auto_pc_0_axi_protocol_converter_v2_1_29_b2s_aw_channel |          0 |          0 |       0 |    0 |   16 |      0 |      0 |          0 |
|                 aw_cmd_fsm_0                                                      |                          ursa_vanilla_ocm_auto_pc_0_axi_protocol_converter_v2_1_29_b2s_wr_cmd_fsm |         40 |         40 |       0 |    0 |    2 |      0 |      0 |          0 |
|                 cmd_translator_0                                                  |                      ursa_vanilla_ocm_auto_pc_0_axi_protocol_converter_v2_1_29_b2s_cmd_translator |         31 |         31 |       0 |    0 |   56 |      0 |      0 |          0 |
|                   (cmd_translator_0)                                              |                      ursa_vanilla_ocm_auto_pc_0_axi_protocol_converter_v2_1_29_b2s_cmd_translator |          1 |          1 |       0 |    0 |    3 |      0 |      0 |          0 |
|                   incr_cmd_0                                                      |                            ursa_vanilla_ocm_auto_pc_0_axi_protocol_converter_v2_1_29_b2s_incr_cmd |         20 |         20 |       0 |    0 |   18 |      0 |      0 |          0 |
|                   wrap_cmd_0                                                      |                            ursa_vanilla_ocm_auto_pc_0_axi_protocol_converter_v2_1_29_b2s_wrap_cmd |         10 |         10 |       0 |    0 |   35 |      0 |      0 |          0 |
|               WR.b_channel_0                                                      |                           ursa_vanilla_ocm_auto_pc_0_axi_protocol_converter_v2_1_29_b2s_b_channel |         35 |         21 |       0 |   14 |   17 |      0 |      0 |          0 |
|                 (WR.b_channel_0)                                                  |                           ursa_vanilla_ocm_auto_pc_0_axi_protocol_converter_v2_1_29_b2s_b_channel |          8 |          8 |       0 |    0 |   13 |      0 |      0 |          0 |
|                 bid_fifo_0                                                        |                         ursa_vanilla_ocm_auto_pc_0_axi_protocol_converter_v2_1_29_b2s_simple_fifo |         21 |          9 |       0 |   12 |    2 |      0 |      0 |          0 |
|                 bresp_fifo_0                                                      |         ursa_vanilla_ocm_auto_pc_0_axi_protocol_converter_v2_1_29_b2s_simple_fifo__parameterized0 |          6 |          4 |       0 |    2 |    2 |      0 |      0 |          0 |
|       xbar                                                                        |                                                                           ursa_vanilla_ocm_xbar_0 |        123 |        123 |       0 |    0 |  120 |      0 |      0 |          0 |
|         inst                                                                      |                                         ursa_vanilla_ocm_xbar_0_axi_crossbar_v2_1_30_axi_crossbar |        123 |        123 |       0 |    0 |  120 |      0 |      0 |          0 |
|           gen_sasd.crossbar_sasd_0                                                |                                        ursa_vanilla_ocm_xbar_0_axi_crossbar_v2_1_30_crossbar_sasd |        123 |        123 |       0 |    0 |  120 |      0 |      0 |          0 |
|             (gen_sasd.crossbar_sasd_0)                                            |                                        ursa_vanilla_ocm_xbar_0_axi_crossbar_v2_1_30_crossbar_sasd |          2 |          2 |       0 |    0 |    6 |      0 |      0 |          0 |
|             addr_arbiter_inst                                                     |                                    ursa_vanilla_ocm_xbar_0_axi_crossbar_v2_1_30_addr_arbiter_sasd |         55 |         55 |       0 |    0 |   31 |      0 |      0 |          0 |
|             gen_decerr.decerr_slave_inst                                          |                                         ursa_vanilla_ocm_xbar_0_axi_crossbar_v2_1_30_decerr_slave |          9 |          9 |       0 |    0 |    4 |      0 |      0 |          0 |
|             reg_slice_r                                                           |                            ursa_vanilla_ocm_xbar_0_axi_register_slice_v2_1_29_axic_register_slice |         53 |         53 |       0 |    0 |   74 |      0 |      0 |          0 |
|             splitter_ar                                                           |                             ursa_vanilla_ocm_xbar_0_axi_crossbar_v2_1_30_splitter__parameterized0 |          2 |          2 |       0 |    0 |    2 |      0 |      0 |          0 |
|             splitter_aw                                                           |                                             ursa_vanilla_ocm_xbar_0_axi_crossbar_v2_1_30_splitter |          4 |          4 |       0 |    0 |    3 |      0 |      0 |          0 |
|     axi_interconnect_1                                                            |                                                             ursa_vanilla_ocm_axi_interconnect_1_0 |       1241 |       1170 |      10 |   61 | 1352 |      0 |      0 |          0 |
|       m00_couplers                                                                |                                                                           m00_couplers_imp_1PAZGB |        337 |        327 |      10 |    0 |  384 |      0 |      0 |          0 |
|         auto_pc                                                                   |                                                                        ursa_vanilla_ocm_auto_pc_1 |        337 |        327 |      10 |    0 |  384 |      0 |      0 |          0 |
|           (auto_pc)                                                               |                                                                        ursa_vanilla_ocm_auto_pc_1 |          0 |          0 |       0 |    0 |    0 |      0 |      0 |          0 |
|           inst                                                                    |                  ursa_vanilla_ocm_auto_pc_1_axi_protocol_converter_v2_1_29_axi_protocol_converter |        337 |        327 |      10 |    0 |  384 |      0 |      0 |          0 |
|             gen_axi4_axi3.axi3_conv_inst                                          |                               ursa_vanilla_ocm_auto_pc_1_axi_protocol_converter_v2_1_29_axi3_conv |        337 |        327 |      10 |    0 |  384 |      0 |      0 |          0 |
|               USE_READ.USE_SPLIT_R.read_addr_inst                                 |             ursa_vanilla_ocm_auto_pc_1_axi_protocol_converter_v2_1_29_a_axi3_conv__parameterized0 |        137 |        135 |       2 |    0 |  153 |      0 |      0 |          0 |
|                 (USE_READ.USE_SPLIT_R.read_addr_inst)                             |             ursa_vanilla_ocm_auto_pc_1_axi_protocol_converter_v2_1_29_a_axi3_conv__parameterized0 |         88 |         88 |       0 |    0 |  115 |      0 |      0 |          0 |
|                 USE_R_CHANNEL.cmd_queue                                           |                        ursa_vanilla_ocm_auto_pc_1_axi_data_fifo_v2_1_28_axic_fifo__parameterized1 |         51 |         49 |       2 |    0 |   38 |      0 |      0 |          0 |
|                   inst                                                            |                         ursa_vanilla_ocm_auto_pc_1_axi_data_fifo_v2_1_28_fifo_gen__parameterized1 |         51 |         49 |       2 |    0 |   38 |      0 |      0 |          0 |
|                     (inst)                                                        |                         ursa_vanilla_ocm_auto_pc_1_axi_data_fifo_v2_1_28_fifo_gen__parameterized1 |         23 |         23 |       0 |    0 |    0 |      0 |      0 |          0 |
|                     fifo_gen_inst                                                 |                                 ursa_vanilla_ocm_auto_pc_1_fifo_generator_v13_2_9__parameterized1 |         28 |         26 |       2 |    0 |   38 |      0 |      0 |          0 |
|                       inst_fifo_gen                                               |                           ursa_vanilla_ocm_auto_pc_1_fifo_generator_v13_2_9_synth__parameterized1 |         28 |         26 |       2 |    0 |   38 |      0 |      0 |          0 |
|                         gconvfifo.rf                                              |                                     ursa_vanilla_ocm_auto_pc_1_fifo_generator_top__parameterized1 |         28 |         26 |       2 |    0 |   38 |      0 |      0 |          0 |
|                           grf.rf                                                  |                                 ursa_vanilla_ocm_auto_pc_1_fifo_generator_ramfifo__parameterized1 |         28 |         26 |       2 |    0 |   38 |      0 |      0 |          0 |
|                             gntv_or_sync_fifo.gl0.rd                              |                                                             ursa_vanilla_ocm_auto_pc_1_rd_logic_7 |          9 |          9 |       0 |    0 |   20 |      0 |      0 |          0 |
|                               gr1.gr1_int.rfwft                                   |                                                             ursa_vanilla_ocm_auto_pc_1_rd_fwft_11 |          6 |          6 |       0 |    0 |    8 |      0 |      0 |          0 |
|                               grss.rsts                                           |                                                  ursa_vanilla_ocm_auto_pc_1_rd_status_flags_ss_12 |          0 |          0 |       0 |    0 |    2 |      0 |      0 |          0 |
|                               rpntr                                               |                                                         ursa_vanilla_ocm_auto_pc_1_rd_bin_cntr_13 |          3 |          3 |       0 |    0 |   10 |      0 |      0 |          0 |
|                             gntv_or_sync_fifo.gl0.wr                              |                                                             ursa_vanilla_ocm_auto_pc_1_wr_logic_8 |         12 |         12 |       0 |    0 |   12 |      0 |      0 |          0 |
|                               gwss.wsts                                           |                                                   ursa_vanilla_ocm_auto_pc_1_wr_status_flags_ss_9 |          2 |          2 |       0 |    0 |    2 |      0 |      0 |          0 |
|                               wpntr                                               |                                                         ursa_vanilla_ocm_auto_pc_1_wr_bin_cntr_10 |         11 |         11 |       0 |    0 |   10 |      0 |      0 |          0 |
|                             gntv_or_sync_fifo.mem                                 |                                                 ursa_vanilla_ocm_auto_pc_1_memory__parameterized1 |          3 |          1 |       2 |    0 |    2 |      0 |      0 |          0 |
|                               (gntv_or_sync_fifo.mem)                             |                                                 ursa_vanilla_ocm_auto_pc_1_memory__parameterized1 |          0 |          0 |       0 |    0 |    1 |      0 |      0 |          0 |
|                               gdm.dm_gen.dm                                       |                                                   ursa_vanilla_ocm_auto_pc_1_dmem__parameterized1 |          3 |          1 |       2 |    0 |    1 |      0 |      0 |          0 |
|                             rstblk                                                |                                                      ursa_vanilla_ocm_auto_pc_1_reset_blk_ramfifo |          4 |          4 |       0 |    0 |    4 |      0 |      0 |          0 |
|                               (rstblk)                                            |                                                      ursa_vanilla_ocm_auto_pc_1_reset_blk_ramfifo |          4 |          4 |       0 |    0 |    2 |      0 |      0 |          0 |
|                               ngwrdrst.grst.g7serrst.gnsckt_wrst.rst_wr_reg2_inst |                                                      ursa_vanilla_ocm_auto_pc_1_xpm_cdc_async_rst |          0 |          0 |       0 |    0 |    2 |      0 |      0 |          0 |
|               USE_WRITE.USE_SPLIT_W.write_resp_inst                               |                             ursa_vanilla_ocm_auto_pc_1_axi_protocol_converter_v2_1_29_b_downsizer |          7 |          7 |       0 |    0 |    5 |      0 |      0 |          0 |
|               USE_WRITE.write_addr_inst                                           |                             ursa_vanilla_ocm_auto_pc_1_axi_protocol_converter_v2_1_29_a_axi3_conv |        181 |        173 |       8 |    0 |  217 |      0 |      0 |          0 |
|                 (USE_WRITE.write_addr_inst)                                       |                             ursa_vanilla_ocm_auto_pc_1_axi_protocol_converter_v2_1_29_a_axi3_conv |         87 |         87 |       0 |    0 |  123 |      0 |      0 |          0 |
|                 USE_BURSTS.cmd_queue                                              |                                        ursa_vanilla_ocm_auto_pc_1_axi_data_fifo_v2_1_28_axic_fifo |         58 |         54 |       4 |    0 |   48 |      0 |      0 |          0 |
|                   inst                                                            |                                         ursa_vanilla_ocm_auto_pc_1_axi_data_fifo_v2_1_28_fifo_gen |         58 |         54 |       4 |    0 |   48 |      0 |      0 |          0 |
|                     (inst)                                                        |                                         ursa_vanilla_ocm_auto_pc_1_axi_data_fifo_v2_1_28_fifo_gen |         28 |         28 |       0 |    0 |    0 |      0 |      0 |          0 |
|                     fifo_gen_inst                                                 |                                                 ursa_vanilla_ocm_auto_pc_1_fifo_generator_v13_2_9 |         30 |         26 |       4 |    0 |   48 |      0 |      0 |          0 |
|                       inst_fifo_gen                                               |                                           ursa_vanilla_ocm_auto_pc_1_fifo_generator_v13_2_9_synth |         30 |         26 |       4 |    0 |   48 |      0 |      0 |          0 |
|                         gconvfifo.rf                                              |                                                     ursa_vanilla_ocm_auto_pc_1_fifo_generator_top |         30 |         26 |       4 |    0 |   48 |      0 |      0 |          0 |
|                           grf.rf                                                  |                                                 ursa_vanilla_ocm_auto_pc_1_fifo_generator_ramfifo |         30 |         26 |       4 |    0 |   48 |      0 |      0 |          0 |
|                             gntv_or_sync_fifo.gl0.rd                              |                                                             ursa_vanilla_ocm_auto_pc_1_rd_logic_0 |          9 |          9 |       0 |    0 |   20 |      0 |      0 |          0 |
|                               gr1.gr1_int.rfwft                                   |                                                              ursa_vanilla_ocm_auto_pc_1_rd_fwft_4 |          6 |          6 |       0 |    0 |    8 |      0 |      0 |          0 |
|                               grss.rsts                                           |                                                   ursa_vanilla_ocm_auto_pc_1_rd_status_flags_ss_5 |          0 |          0 |       0 |    0 |    2 |      0 |      0 |          0 |
|                               rpntr                                               |                                                          ursa_vanilla_ocm_auto_pc_1_rd_bin_cntr_6 |          3 |          3 |       0 |    0 |   10 |      0 |      0 |          0 |
|                             gntv_or_sync_fifo.gl0.wr                              |                                                             ursa_vanilla_ocm_auto_pc_1_wr_logic_1 |         12 |         12 |       0 |    0 |   12 |      0 |      0 |          0 |
|                               gwss.wsts                                           |                                                   ursa_vanilla_ocm_auto_pc_1_wr_status_flags_ss_2 |          2 |          2 |       0 |    0 |    2 |      0 |      0 |          0 |
|                               wpntr                                               |                                                          ursa_vanilla_ocm_auto_pc_1_wr_bin_cntr_3 |         11 |         11 |       0 |    0 |   10 |      0 |      0 |          0 |
|                             gntv_or_sync_fifo.mem                                 |                                                                 ursa_vanilla_ocm_auto_pc_1_memory |          4 |          0 |       4 |    0 |   12 |      0 |      0 |          0 |
|                               (gntv_or_sync_fifo.mem)                             |                                                                 ursa_vanilla_ocm_auto_pc_1_memory |          0 |          0 |       0 |    0 |    6 |      0 |      0 |          0 |
|                               gdm.dm_gen.dm                                       |                                                                   ursa_vanilla_ocm_auto_pc_1_dmem |          4 |          0 |       4 |    0 |    6 |      0 |      0 |          0 |
|                             rstblk                                                |                                           ursa_vanilla_ocm_auto_pc_1_reset_blk_ramfifo__xdcDup__1 |          5 |          5 |       0 |    0 |    4 |      0 |      0 |          0 |
|                               (rstblk)                                            |                                           ursa_vanilla_ocm_auto_pc_1_reset_blk_ramfifo__xdcDup__1 |          5 |          5 |       0 |    0 |    2 |      0 |      0 |          0 |
|                               ngwrdrst.grst.g7serrst.gnsckt_wrst.rst_wr_reg2_inst |                                                   ursa_vanilla_ocm_auto_pc_1_xpm_cdc_async_rst__3 |          0 |          0 |       0 |    0 |    2 |      0 |      0 |          0 |
|                 USE_B_CHANNEL.cmd_b_queue                                         |                        ursa_vanilla_ocm_auto_pc_1_axi_data_fifo_v2_1_28_axic_fifo__parameterized0 |         37 |         33 |       4 |    0 |   46 |      0 |      0 |          0 |
|                   inst                                                            |                         ursa_vanilla_ocm_auto_pc_1_axi_data_fifo_v2_1_28_fifo_gen__parameterized0 |         37 |         33 |       4 |    0 |   46 |      0 |      0 |          0 |
|                     (inst)                                                        |                         ursa_vanilla_ocm_auto_pc_1_axi_data_fifo_v2_1_28_fifo_gen__parameterized0 |          8 |          8 |       0 |    0 |    0 |      0 |      0 |          0 |
|                     fifo_gen_inst                                                 |                                 ursa_vanilla_ocm_auto_pc_1_fifo_generator_v13_2_9__parameterized0 |         29 |         25 |       4 |    0 |   46 |      0 |      0 |          0 |
|                       inst_fifo_gen                                               |                           ursa_vanilla_ocm_auto_pc_1_fifo_generator_v13_2_9_synth__parameterized0 |         29 |         25 |       4 |    0 |   46 |      0 |      0 |          0 |
|                         gconvfifo.rf                                              |                                     ursa_vanilla_ocm_auto_pc_1_fifo_generator_top__parameterized0 |         29 |         25 |       4 |    0 |   46 |      0 |      0 |          0 |
|                           grf.rf                                                  |                                 ursa_vanilla_ocm_auto_pc_1_fifo_generator_ramfifo__parameterized0 |         29 |         25 |       4 |    0 |   46 |      0 |      0 |          0 |
|                             gntv_or_sync_fifo.gl0.rd                              |                                                               ursa_vanilla_ocm_auto_pc_1_rd_logic |          8 |          8 |       0 |    0 |   20 |      0 |      0 |          0 |
|                               gr1.gr1_int.rfwft                                   |                                                                ursa_vanilla_ocm_auto_pc_1_rd_fwft |          5 |          5 |       0 |    0 |    8 |      0 |      0 |          0 |
|                               grss.rsts                                           |                                                     ursa_vanilla_ocm_auto_pc_1_rd_status_flags_ss |          0 |          0 |       0 |    0 |    2 |      0 |      0 |          0 |
|                               rpntr                                               |                                                            ursa_vanilla_ocm_auto_pc_1_rd_bin_cntr |          3 |          3 |       0 |    0 |   10 |      0 |      0 |          0 |
|                             gntv_or_sync_fifo.gl0.wr                              |                                                               ursa_vanilla_ocm_auto_pc_1_wr_logic |         12 |         12 |       0 |    0 |   12 |      0 |      0 |          0 |
|                               gwss.wsts                                           |                                                     ursa_vanilla_ocm_auto_pc_1_wr_status_flags_ss |          2 |          2 |       0 |    0 |    2 |      0 |      0 |          0 |
|                               wpntr                                               |                                                            ursa_vanilla_ocm_auto_pc_1_wr_bin_cntr |         11 |         11 |       0 |    0 |   10 |      0 |      0 |          0 |
|                             gntv_or_sync_fifo.mem                                 |                                                 ursa_vanilla_ocm_auto_pc_1_memory__parameterized0 |          4 |          0 |       4 |    0 |   10 |      0 |      0 |          0 |
|                               (gntv_or_sync_fifo.mem)                             |                                                 ursa_vanilla_ocm_auto_pc_1_memory__parameterized0 |          0 |          0 |       0 |    0 |    5 |      0 |      0 |          0 |
|                               gdm.dm_gen.dm                                       |                                                   ursa_vanilla_ocm_auto_pc_1_dmem__parameterized0 |          4 |          0 |       4 |    0 |    5 |      0 |      0 |          0 |
|                             rstblk                                                |                                           ursa_vanilla_ocm_auto_pc_1_reset_blk_ramfifo__xdcDup__2 |          5 |          5 |       0 |    0 |    4 |      0 |      0 |          0 |
|                               (rstblk)                                            |                                           ursa_vanilla_ocm_auto_pc_1_reset_blk_ramfifo__xdcDup__2 |          5 |          5 |       0 |    0 |    2 |      0 |      0 |          0 |
|                               ngwrdrst.grst.g7serrst.gnsckt_wrst.rst_wr_reg2_inst |                                                   ursa_vanilla_ocm_auto_pc_1_xpm_cdc_async_rst__4 |          0 |          0 |       0 |    0 |    2 |      0 |      0 |          0 |
|               USE_WRITE.write_data_inst                                           |                             ursa_vanilla_ocm_auto_pc_1_axi_protocol_converter_v2_1_29_w_axi3_conv |         15 |         15 |       0 |    0 |    9 |      0 |      0 |          0 |
|       s00_couplers                                                                |                                                                           s00_couplers_imp_5Y3J4D |        173 |        153 |       0 |   20 |  231 |      0 |      0 |          0 |
|         auto_us                                                                   |                                                                        ursa_vanilla_ocm_auto_us_0 |        173 |        153 |       0 |   20 |  231 |      0 |      0 |          0 |
|           inst                                                                    |                                       ursa_vanilla_ocm_auto_us_0_axi_dwidth_converter_v2_1_29_top |        173 |        153 |       0 |   20 |  231 |      0 |      0 |          0 |
|             gen_upsizer.gen_full_upsizer.axi_upsizer_inst                         |                               ursa_vanilla_ocm_auto_us_0_axi_dwidth_converter_v2_1_29_axi_upsizer |        173 |        153 |       0 |   20 |  231 |      0 |      0 |          0 |
|               USE_READ.gen_non_fifo_r_upsizer.mi_register_slice_inst              |                          ursa_vanilla_ocm_auto_us_0_axi_register_slice_v2_1_29_axi_register_slice |         36 |         36 |       0 |    0 |  132 |      0 |      0 |          0 |
|                 r.r_pipe                                                          |         ursa_vanilla_ocm_auto_us_0_axi_register_slice_v2_1_29_axic_register_slice__parameterized2 |         36 |         36 |       0 |    0 |  132 |      0 |      0 |          0 |
|               USE_READ.gen_non_fifo_r_upsizer.read_data_inst                      |                                 ursa_vanilla_ocm_auto_us_0_axi_dwidth_converter_v2_1_29_r_upsizer |         56 |         56 |       0 |    0 |   18 |      0 |      0 |          0 |
|               USE_READ.read_addr_inst                                             |                                 ursa_vanilla_ocm_auto_us_0_axi_dwidth_converter_v2_1_29_a_upsizer |         57 |         37 |       0 |   20 |   37 |      0 |      0 |          0 |
|                 (USE_READ.read_addr_inst)                                         |                                 ursa_vanilla_ocm_auto_us_0_axi_dwidth_converter_v2_1_29_a_upsizer |          0 |          0 |       0 |    0 |    1 |      0 |      0 |          0 |
|                 GEN_CMD_QUEUE.cmd_queue                                           |                 ursa_vanilla_ocm_auto_us_0_generic_baseblocks_v2_1_1_command_fifo__parameterized0 |         48 |         28 |       0 |   20 |   28 |      0 |      0 |          0 |
|                 gen_id_queue.id_queue                                             |                                 ursa_vanilla_ocm_auto_us_0_generic_baseblocks_v2_1_1_command_fifo |         10 |         10 |       0 |    0 |    8 |      0 |      0 |          0 |
|               si_register_slice_inst                                              |          ursa_vanilla_ocm_auto_us_0_axi_register_slice_v2_1_29_axi_register_slice__parameterized0 |         28 |         28 |       0 |    0 |   44 |      0 |      0 |          0 |
|                 ar.ar_pipe                                                        |                         ursa_vanilla_ocm_auto_us_0_axi_register_slice_v2_1_29_axic_register_slice |         28 |         28 |       0 |    0 |   44 |      0 |      0 |          0 |
|       s01_couplers                                                                |                                                                          s01_couplers_imp_1V9QX3U |        174 |        154 |       0 |   20 |  231 |      0 |      0 |          0 |
|         auto_us                                                                   |                                                                        ursa_vanilla_ocm_auto_us_1 |        174 |        154 |       0 |   20 |  231 |      0 |      0 |          0 |
|           inst                                                                    |                                       ursa_vanilla_ocm_auto_us_1_axi_dwidth_converter_v2_1_29_top |        174 |        154 |       0 |   20 |  231 |      0 |      0 |          0 |
|             gen_upsizer.gen_full_upsizer.axi_upsizer_inst                         |                               ursa_vanilla_ocm_auto_us_1_axi_dwidth_converter_v2_1_29_axi_upsizer |        174 |        154 |       0 |   20 |  231 |      0 |      0 |          0 |
|               USE_READ.gen_non_fifo_r_upsizer.mi_register_slice_inst              |                          ursa_vanilla_ocm_auto_us_1_axi_register_slice_v2_1_29_axi_register_slice |         36 |         36 |       0 |    0 |  132 |      0 |      0 |          0 |
|                 r.r_pipe                                                          |         ursa_vanilla_ocm_auto_us_1_axi_register_slice_v2_1_29_axic_register_slice__parameterized2 |         36 |         36 |       0 |    0 |  132 |      0 |      0 |          0 |
|               USE_READ.gen_non_fifo_r_upsizer.read_data_inst                      |                                 ursa_vanilla_ocm_auto_us_1_axi_dwidth_converter_v2_1_29_r_upsizer |         56 |         56 |       0 |    0 |   18 |      0 |      0 |          0 |
|               USE_READ.read_addr_inst                                             |                                 ursa_vanilla_ocm_auto_us_1_axi_dwidth_converter_v2_1_29_a_upsizer |         57 |         37 |       0 |   20 |   37 |      0 |      0 |          0 |
|                 (USE_READ.read_addr_inst)                                         |                                 ursa_vanilla_ocm_auto_us_1_axi_dwidth_converter_v2_1_29_a_upsizer |          0 |          0 |       0 |    0 |    1 |      0 |      0 |          0 |
|                 GEN_CMD_QUEUE.cmd_queue                                           |                 ursa_vanilla_ocm_auto_us_1_generic_baseblocks_v2_1_1_command_fifo__parameterized0 |         48 |         28 |       0 |   20 |   28 |      0 |      0 |          0 |
|                 gen_id_queue.id_queue                                             |                                 ursa_vanilla_ocm_auto_us_1_generic_baseblocks_v2_1_1_command_fifo |         10 |         10 |       0 |    0 |    8 |      0 |      0 |          0 |
|               si_register_slice_inst                                              |          ursa_vanilla_ocm_auto_us_1_axi_register_slice_v2_1_29_axi_register_slice__parameterized0 |         29 |         29 |       0 |    0 |   44 |      0 |      0 |          0 |
|                 ar.ar_pipe                                                        |                         ursa_vanilla_ocm_auto_us_1_axi_register_slice_v2_1_29_axic_register_slice |         29 |         29 |       0 |    0 |   44 |      0 |      0 |          0 |
|       s02_couplers                                                                |                                                                            s02_couplers_imp_1GFDU |        186 |        168 |       0 |   18 |  167 |      0 |      0 |          0 |
|         auto_us                                                                   |                                                                        ursa_vanilla_ocm_auto_us_2 |        186 |        168 |       0 |   18 |  167 |      0 |      0 |          0 |
|           inst                                                                    |                                       ursa_vanilla_ocm_auto_us_2_axi_dwidth_converter_v2_1_29_top |        186 |        168 |       0 |   18 |  167 |      0 |      0 |          0 |
|             gen_upsizer.gen_full_upsizer.axi_upsizer_inst                         |                               ursa_vanilla_ocm_auto_us_2_axi_dwidth_converter_v2_1_29_axi_upsizer |        186 |        168 |       0 |   18 |  167 |      0 |      0 |          0 |
|               USE_WRITE.gen_non_fifo_w_upsizer.write_data_inst                    |                                 ursa_vanilla_ocm_auto_us_2_axi_dwidth_converter_v2_1_29_w_upsizer |         33 |         33 |       0 |    0 |   90 |      0 |      0 |          0 |
|               USE_WRITE.write_addr_inst                                           |                                 ursa_vanilla_ocm_auto_us_2_axi_dwidth_converter_v2_1_29_a_upsizer |        133 |        115 |       0 |   18 |   35 |      0 |      0 |          0 |
|                 (USE_WRITE.write_addr_inst)                                       |                                 ursa_vanilla_ocm_auto_us_2_axi_dwidth_converter_v2_1_29_a_upsizer |          0 |          0 |       0 |    0 |    1 |      0 |      0 |          0 |
|                 GEN_CMD_QUEUE.cmd_queue                                           |                 ursa_vanilla_ocm_auto_us_2_generic_baseblocks_v2_1_1_command_fifo__parameterized0 |        121 |        103 |       0 |   18 |   26 |      0 |      0 |          0 |
|                 gen_id_queue.id_queue                                             |                                 ursa_vanilla_ocm_auto_us_2_generic_baseblocks_v2_1_1_command_fifo |         12 |         12 |       0 |    0 |    8 |      0 |      0 |          0 |
|               si_register_slice_inst                                              |                          ursa_vanilla_ocm_auto_us_2_axi_register_slice_v2_1_29_axi_register_slice |         22 |         22 |       0 |    0 |   42 |      0 |      0 |          0 |
|                 aw.aw_pipe                                                        |                         ursa_vanilla_ocm_auto_us_2_axi_register_slice_v2_1_29_axic_register_slice |         22 |         22 |       0 |    0 |   42 |      0 |      0 |          0 |
|       xbar                                                                        |                                                                           ursa_vanilla_ocm_xbar_1 |        372 |        369 |       0 |    3 |  339 |      0 |      0 |          0 |
|         inst                                                                      |                                         ursa_vanilla_ocm_xbar_1_axi_crossbar_v2_1_30_axi_crossbar |        372 |        369 |       0 |    3 |  339 |      0 |      0 |          0 |
|           gen_samd.crossbar_samd                                                  |                                             ursa_vanilla_ocm_xbar_1_axi_crossbar_v2_1_30_crossbar |        372 |        369 |       0 |    3 |  339 |      0 |      0 |          0 |
|             (gen_samd.crossbar_samd)                                              |                                             ursa_vanilla_ocm_xbar_1_axi_crossbar_v2_1_30_crossbar |          2 |          2 |       0 |    0 |   11 |      0 |      0 |          0 |
|             addr_arbiter_ar                                                       |                                         ursa_vanilla_ocm_xbar_1_axi_crossbar_v2_1_30_addr_arbiter |         46 |         46 |       0 |    0 |   56 |      0 |      0 |          0 |
|             addr_arbiter_aw                                                       |                                       ursa_vanilla_ocm_xbar_1_axi_crossbar_v2_1_30_addr_arbiter_0 |         42 |         42 |       0 |    0 |   50 |      0 |      0 |          0 |
|             gen_decerr_slave.decerr_slave_inst                                    |                                         ursa_vanilla_ocm_xbar_1_axi_crossbar_v2_1_30_decerr_slave |         22 |         22 |       0 |    0 |   19 |      0 |      0 |          0 |
|             gen_master_slots[0].gen_mi_write.wdata_mux_w                          |                                            ursa_vanilla_ocm_xbar_1_axi_crossbar_v2_1_30_wdata_mux |         54 |         53 |       0 |    1 |    9 |      0 |      0 |          0 |
|               gen_wmux.wmux_aw_fifo                                               |                   ursa_vanilla_ocm_xbar_1_axi_data_fifo_v2_1_28_axic_reg_srl_fifo__parameterized0 |         54 |         53 |       0 |    1 |    9 |      0 |      0 |          0 |
|                 (gen_wmux.wmux_aw_fifo)                                           |                   ursa_vanilla_ocm_xbar_1_axi_data_fifo_v2_1_28_axic_reg_srl_fifo__parameterized0 |         49 |         49 |       0 |    0 |    9 |      0 |      0 |          0 |
|                 gen_srls[0].gen_rep[0].srl_nx1                                    |                         ursa_vanilla_ocm_xbar_1_axi_data_fifo_v2_1_28_ndeep_srl__parameterized0_6 |          1 |          1 |       0 |    0 |    0 |      0 |      0 |          0 |
|                 gen_srls[0].gen_rep[1].srl_nx1                                    |                         ursa_vanilla_ocm_xbar_1_axi_data_fifo_v2_1_28_ndeep_srl__parameterized0_7 |          4 |          3 |       0 |    1 |    0 |      0 |      0 |          0 |
|             gen_master_slots[0].reg_slice_mi                                      |                             ursa_vanilla_ocm_xbar_1_axi_register_slice_v2_1_29_axi_register_slice |         82 |         82 |       0 |    0 |  141 |      0 |      0 |          0 |
|               b.b_pipe                                                            |          ursa_vanilla_ocm_xbar_1_axi_register_slice_v2_1_29_axic_register_slice__parameterized1_4 |          6 |          6 |       0 |    0 |    5 |      0 |      0 |          0 |
|               r.r_pipe                                                            |          ursa_vanilla_ocm_xbar_1_axi_register_slice_v2_1_29_axic_register_slice__parameterized2_5 |         76 |         76 |       0 |    0 |  136 |      0 |      0 |          0 |
|             gen_master_slots[1].gen_mi_write.wdata_mux_w                          |                            ursa_vanilla_ocm_xbar_1_axi_crossbar_v2_1_30_wdata_mux__parameterized0 |         14 |         13 |       0 |    1 |    8 |      0 |      0 |          0 |
|               gen_wmux.wmux_aw_fifo                                               |                   ursa_vanilla_ocm_xbar_1_axi_data_fifo_v2_1_28_axic_reg_srl_fifo__parameterized1 |         14 |         13 |       0 |    1 |    8 |      0 |      0 |          0 |
|                 (gen_wmux.wmux_aw_fifo)                                           |                   ursa_vanilla_ocm_xbar_1_axi_data_fifo_v2_1_28_axic_reg_srl_fifo__parameterized1 |          9 |          9 |       0 |    0 |    8 |      0 |      0 |          0 |
|                 gen_srls[0].gen_rep[0].srl_nx1                                    |                           ursa_vanilla_ocm_xbar_1_axi_data_fifo_v2_1_28_ndeep_srl__parameterized1 |          1 |          1 |       0 |    0 |    0 |      0 |      0 |          0 |
|                 gen_srls[0].gen_rep[1].srl_nx1                                    |                         ursa_vanilla_ocm_xbar_1_axi_data_fifo_v2_1_28_ndeep_srl__parameterized1_3 |          4 |          3 |       0 |    1 |    0 |      0 |      0 |          0 |
|             gen_master_slots[1].reg_slice_mi                                      |                           ursa_vanilla_ocm_xbar_1_axi_register_slice_v2_1_29_axi_register_slice_1 |         18 |         18 |       0 |    0 |   10 |      0 |      0 |          0 |
|               b.b_pipe                                                            |            ursa_vanilla_ocm_xbar_1_axi_register_slice_v2_1_29_axic_register_slice__parameterized1 |          6 |          6 |       0 |    0 |    4 |      0 |      0 |          0 |
|               r.r_pipe                                                            |            ursa_vanilla_ocm_xbar_1_axi_register_slice_v2_1_29_axic_register_slice__parameterized2 |         12 |         12 |       0 |    0 |    6 |      0 |      0 |          0 |
|             gen_slave_slots[0].gen_si_read.si_transactor_ar                       |                                        ursa_vanilla_ocm_xbar_1_axi_crossbar_v2_1_30_si_transactor |         25 |         25 |       0 |    0 |    7 |      0 |      0 |          0 |
|             gen_slave_slots[1].gen_si_read.si_transactor_ar                       |                        ursa_vanilla_ocm_xbar_1_axi_crossbar_v2_1_30_si_transactor__parameterized0 |         28 |         28 |       0 |    0 |    7 |      0 |      0 |          0 |
|             gen_slave_slots[2].gen_si_write.si_transactor_aw                      |                        ursa_vanilla_ocm_xbar_1_axi_crossbar_v2_1_30_si_transactor__parameterized1 |          9 |          9 |       0 |    0 |    7 |      0 |      0 |          0 |
|             gen_slave_slots[2].gen_si_write.splitter_aw_si                        |                                             ursa_vanilla_ocm_xbar_1_axi_crossbar_v2_1_30_splitter |          8 |          8 |       0 |    0 |    2 |      0 |      0 |          0 |
|             gen_slave_slots[2].gen_si_write.wdata_router_w                        |                                         ursa_vanilla_ocm_xbar_1_axi_crossbar_v2_1_30_wdata_router |         20 |         19 |       0 |    1 |   10 |      0 |      0 |          0 |
|               wrouter_aw_fifo                                                     |                                   ursa_vanilla_ocm_xbar_1_axi_data_fifo_v2_1_28_axic_reg_srl_fifo |         20 |         19 |       0 |    1 |   10 |      0 |      0 |          0 |
|                 (wrouter_aw_fifo)                                                 |                                   ursa_vanilla_ocm_xbar_1_axi_data_fifo_v2_1_28_axic_reg_srl_fifo |         16 |         16 |       0 |    0 |   10 |      0 |      0 |          0 |
|                 gen_srls[0].gen_rep[0].srl_nx1                                    |                           ursa_vanilla_ocm_xbar_1_axi_data_fifo_v2_1_28_ndeep_srl__parameterized0 |          5 |          4 |       0 |    1 |    0 |      0 |      0 |          0 |
|             splitter_aw_mi                                                        |                                           ursa_vanilla_ocm_xbar_1_axi_crossbar_v2_1_30_splitter_2 |          4 |          4 |       0 |    0 |    2 |      0 |      0 |          0 |
|     mxm_execute_ursa_0                                                            |                                                             ursa_vanilla_ocm_mxm_execute_ursa_0_0 |       3223 |       3118 |       0 |  105 | 3432 |      0 |      3 |         23 |
|       (mxm_execute_ursa_0)                                                        |                                                             ursa_vanilla_ocm_mxm_execute_ursa_0_0 |          0 |          0 |       0 |    0 |    0 |      0 |      0 |          0 |
|       inst                                                                        |                                            ursa_vanilla_ocm_mxm_execute_ursa_0_0_mxm_execute_ursa |       3223 |       3118 |       0 |  105 | 3432 |      0 |      3 |         23 |
|         (inst)                                                                    |                                            ursa_vanilla_ocm_mxm_execute_ursa_0_0_mxm_execute_ursa |         70 |         70 |       0 |    0 |  680 |      0 |      0 |          3 |
|         ap_s_axi_U                                                                |                                   ursa_vanilla_ocm_mxm_execute_ursa_0_0_mxm_execute_ursa_ap_s_axi |         87 |         87 |       0 |    0 |   87 |      0 |      0 |          0 |
|         aw_m_axi_U                                                                |                                   ursa_vanilla_ocm_mxm_execute_ursa_0_0_mxm_execute_ursa_aw_m_axi |        420 |        398 |       0 |   22 |  539 |      0 |      1 |          0 |
|           bus_read                                                                |                              ursa_vanilla_ocm_mxm_execute_ursa_0_0_mxm_execute_ursa_aw_m_axi_read |        261 |        260 |       0 |    1 |  371 |      0 |      0 |          0 |
|             fifo_burst                                                            |              ursa_vanilla_ocm_mxm_execute_ursa_0_0_mxm_execute_ursa_aw_m_axi_fifo__parameterized2 |         15 |         14 |       0 |    1 |   11 |      0 |      0 |          0 |
|               (fifo_burst)                                                        |              ursa_vanilla_ocm_mxm_execute_ursa_0_0_mxm_execute_ursa_aw_m_axi_fifo__parameterized2 |         12 |         12 |       0 |    0 |   10 |      0 |      0 |          0 |
|               U_fifo_srl                                                          |               ursa_vanilla_ocm_mxm_execute_ursa_0_0_mxm_execute_ursa_aw_m_axi_srl__parameterized1 |          3 |          2 |       0 |    1 |    1 |      0 |      0 |          0 |
|             fifo_rctl                                                             |           ursa_vanilla_ocm_mxm_execute_ursa_0_0_mxm_execute_ursa_aw_m_axi_fifo__parameterized2_31 |          8 |          8 |       0 |    0 |    7 |      0 |      0 |          0 |
|             rreq_burst_conv                                                       |   ursa_vanilla_ocm_mxm_execute_ursa_0_0_mxm_execute_ursa_aw_m_axi_burst_converter__parameterized0 |        200 |        200 |       0 |    0 |  282 |      0 |      0 |          0 |
|               (rreq_burst_conv)                                                   |   ursa_vanilla_ocm_mxm_execute_ursa_0_0_mxm_execute_ursa_aw_m_axi_burst_converter__parameterized0 |        126 |        126 |       0 |    0 |  211 |      0 |      0 |          0 |
|               rs_req                                                              |                         ursa_vanilla_ocm_mxm_execute_ursa_0_0_mxm_execute_ursa_aw_m_axi_reg_slice |         74 |         74 |       0 |    0 |   71 |      0 |      0 |          0 |
|             rs_rdata                                                              |         ursa_vanilla_ocm_mxm_execute_ursa_0_0_mxm_execute_ursa_aw_m_axi_reg_slice__parameterized2 |         38 |         38 |       0 |    0 |   71 |      0 |      0 |          0 |
|           load_unit                                                               |                              ursa_vanilla_ocm_mxm_execute_ursa_0_0_mxm_execute_ursa_aw_m_axi_load |        160 |        139 |       0 |   21 |  168 |      0 |      1 |          0 |
|             (load_unit)                                                           |                              ursa_vanilla_ocm_mxm_execute_ursa_0_0_mxm_execute_ursa_aw_m_axi_load |          0 |          0 |       0 |    0 |   71 |      0 |      0 |          0 |
|             buff_rdata                                                            |              ursa_vanilla_ocm_mxm_execute_ursa_0_0_mxm_execute_ursa_aw_m_axi_fifo__parameterized5 |         91 |         91 |       0 |    0 |   40 |      0 |      1 |          0 |
|               (buff_rdata)                                                        |              ursa_vanilla_ocm_mxm_execute_ursa_0_0_mxm_execute_ursa_aw_m_axi_fifo__parameterized5 |         37 |         37 |       0 |    0 |   31 |      0 |      0 |          0 |
|               U_fifo_mem                                                          |               ursa_vanilla_ocm_mxm_execute_ursa_0_0_mxm_execute_ursa_aw_m_axi_mem__parameterized0 |         54 |         54 |       0 |    0 |    9 |      0 |      1 |          0 |
|             bus_wide_gen.rreq_offset                                              |              ursa_vanilla_ocm_mxm_execute_ursa_0_0_mxm_execute_ursa_aw_m_axi_fifo__parameterized4 |         40 |         36 |       0 |    4 |   14 |      0 |      0 |          0 |
|               (bus_wide_gen.rreq_offset)                                          |              ursa_vanilla_ocm_mxm_execute_ursa_0_0_mxm_execute_ursa_aw_m_axi_fifo__parameterized4 |          7 |          7 |       0 |    0 |   10 |      0 |      0 |          0 |
|               U_fifo_srl                                                          |               ursa_vanilla_ocm_mxm_execute_ursa_0_0_mxm_execute_ursa_aw_m_axi_srl__parameterized3 |         33 |         29 |       0 |    4 |    4 |      0 |      0 |          0 |
|             fifo_rreq                                                             |              ursa_vanilla_ocm_mxm_execute_ursa_0_0_mxm_execute_ursa_aw_m_axi_fifo__parameterized0 |         30 |         13 |       0 |   17 |   43 |      0 |      0 |          0 |
|               (fifo_rreq)                                                         |              ursa_vanilla_ocm_mxm_execute_ursa_0_0_mxm_execute_ursa_aw_m_axi_fifo__parameterized0 |         11 |         11 |       0 |    0 |   10 |      0 |      0 |          0 |
|               U_fifo_srl                                                          |               ursa_vanilla_ocm_mxm_execute_ursa_0_0_mxm_execute_ursa_aw_m_axi_srl__parameterized0 |         19 |          2 |       0 |   17 |   33 |      0 |      0 |          0 |
|         bi_m_axi_U                                                                |                                   ursa_vanilla_ocm_mxm_execute_ursa_0_0_mxm_execute_ursa_bi_m_axi |        418 |        396 |       0 |   22 |  539 |      0 |      1 |          0 |
|           bus_read                                                                |                              ursa_vanilla_ocm_mxm_execute_ursa_0_0_mxm_execute_ursa_bi_m_axi_read |        261 |        260 |       0 |    1 |  371 |      0 |      0 |          0 |
|             fifo_burst                                                            |              ursa_vanilla_ocm_mxm_execute_ursa_0_0_mxm_execute_ursa_bi_m_axi_fifo__parameterized2 |         15 |         14 |       0 |    1 |   11 |      0 |      0 |          0 |
|               (fifo_burst)                                                        |              ursa_vanilla_ocm_mxm_execute_ursa_0_0_mxm_execute_ursa_bi_m_axi_fifo__parameterized2 |         12 |         12 |       0 |    0 |   10 |      0 |      0 |          0 |
|               U_fifo_srl                                                          |               ursa_vanilla_ocm_mxm_execute_ursa_0_0_mxm_execute_ursa_bi_m_axi_srl__parameterized1 |          3 |          2 |       0 |    1 |    1 |      0 |      0 |          0 |
|             fifo_rctl                                                             |           ursa_vanilla_ocm_mxm_execute_ursa_0_0_mxm_execute_ursa_bi_m_axi_fifo__parameterized2_30 |          8 |          8 |       0 |    0 |    7 |      0 |      0 |          0 |
|             rreq_burst_conv                                                       |   ursa_vanilla_ocm_mxm_execute_ursa_0_0_mxm_execute_ursa_bi_m_axi_burst_converter__parameterized0 |        200 |        200 |       0 |    0 |  282 |      0 |      0 |          0 |
|               (rreq_burst_conv)                                                   |   ursa_vanilla_ocm_mxm_execute_ursa_0_0_mxm_execute_ursa_bi_m_axi_burst_converter__parameterized0 |        126 |        126 |       0 |    0 |  211 |      0 |      0 |          0 |
|               rs_req                                                              |                         ursa_vanilla_ocm_mxm_execute_ursa_0_0_mxm_execute_ursa_bi_m_axi_reg_slice |         74 |         74 |       0 |    0 |   71 |      0 |      0 |          0 |
|             rs_rdata                                                              |         ursa_vanilla_ocm_mxm_execute_ursa_0_0_mxm_execute_ursa_bi_m_axi_reg_slice__parameterized2 |         38 |         38 |       0 |    0 |   71 |      0 |      0 |          0 |
|           load_unit                                                               |                              ursa_vanilla_ocm_mxm_execute_ursa_0_0_mxm_execute_ursa_bi_m_axi_load |        158 |        137 |       0 |   21 |  168 |      0 |      1 |          0 |
|             (load_unit)                                                           |                              ursa_vanilla_ocm_mxm_execute_ursa_0_0_mxm_execute_ursa_bi_m_axi_load |          0 |          0 |       0 |    0 |   71 |      0 |      0 |          0 |
|             buff_rdata                                                            |              ursa_vanilla_ocm_mxm_execute_ursa_0_0_mxm_execute_ursa_bi_m_axi_fifo__parameterized5 |         90 |         90 |       0 |    0 |   40 |      0 |      1 |          0 |
|               (buff_rdata)                                                        |              ursa_vanilla_ocm_mxm_execute_ursa_0_0_mxm_execute_ursa_bi_m_axi_fifo__parameterized5 |         37 |         37 |       0 |    0 |   31 |      0 |      0 |          0 |
|               U_fifo_mem                                                          |               ursa_vanilla_ocm_mxm_execute_ursa_0_0_mxm_execute_ursa_bi_m_axi_mem__parameterized0 |         54 |         54 |       0 |    0 |    9 |      0 |      1 |          0 |
|             bus_wide_gen.rreq_offset                                              |              ursa_vanilla_ocm_mxm_execute_ursa_0_0_mxm_execute_ursa_bi_m_axi_fifo__parameterized4 |         39 |         35 |       0 |    4 |   14 |      0 |      0 |          0 |
|               (bus_wide_gen.rreq_offset)                                          |              ursa_vanilla_ocm_mxm_execute_ursa_0_0_mxm_execute_ursa_bi_m_axi_fifo__parameterized4 |          7 |          7 |       0 |    0 |   10 |      0 |      0 |          0 |
|               U_fifo_srl                                                          |               ursa_vanilla_ocm_mxm_execute_ursa_0_0_mxm_execute_ursa_bi_m_axi_srl__parameterized3 |         32 |         28 |       0 |    4 |    4 |      0 |      0 |          0 |
|             fifo_rreq                                                             |              ursa_vanilla_ocm_mxm_execute_ursa_0_0_mxm_execute_ursa_bi_m_axi_fifo__parameterized0 |         30 |         13 |       0 |   17 |   43 |      0 |      0 |          0 |
|               (fifo_rreq)                                                         |              ursa_vanilla_ocm_mxm_execute_ursa_0_0_mxm_execute_ursa_bi_m_axi_fifo__parameterized0 |         11 |         11 |       0 |    0 |   10 |      0 |      0 |          0 |
|               U_fifo_srl                                                          |               ursa_vanilla_ocm_mxm_execute_ursa_0_0_mxm_execute_ursa_bi_m_axi_srl__parameterized0 |         19 |          2 |       0 |   17 |   33 |      0 |      0 |          0 |
|         ca_m_axi_U                                                                |                                   ursa_vanilla_ocm_mxm_execute_ursa_0_0_mxm_execute_ursa_ca_m_axi |        428 |        367 |       0 |   61 |  589 |      0 |      1 |          0 |
|           bus_write                                                               |                             ursa_vanilla_ocm_mxm_execute_ursa_0_0_mxm_execute_ursa_ca_m_axi_write |        356 |        313 |       0 |   43 |  480 |      0 |      0 |          0 |
|             (bus_write)                                                           |                             ursa_vanilla_ocm_mxm_execute_ursa_0_0_mxm_execute_ursa_ca_m_axi_write |          6 |          6 |       0 |    0 |   10 |      0 |      0 |          0 |
|             fifo_burst                                                            |              ursa_vanilla_ocm_mxm_execute_ursa_0_0_mxm_execute_ursa_ca_m_axi_fifo__parameterized4 |         22 |         18 |       0 |    4 |   14 |      0 |      0 |          0 |
|               (fifo_burst)                                                        |              ursa_vanilla_ocm_mxm_execute_ursa_0_0_mxm_execute_ursa_ca_m_axi_fifo__parameterized4 |         10 |         10 |       0 |    0 |   10 |      0 |      0 |          0 |
|               U_fifo_srl                                                          |               ursa_vanilla_ocm_mxm_execute_ursa_0_0_mxm_execute_ursa_ca_m_axi_srl__parameterized2 |         12 |          8 |       0 |    4 |    4 |      0 |      0 |          0 |
|             fifo_resp                                                             |           ursa_vanilla_ocm_mxm_execute_ursa_0_0_mxm_execute_ursa_ca_m_axi_fifo__parameterized1_28 |         14 |         13 |       0 |    1 |   11 |      0 |      0 |          0 |
|               (fifo_resp)                                                         |           ursa_vanilla_ocm_mxm_execute_ursa_0_0_mxm_execute_ursa_ca_m_axi_fifo__parameterized1_28 |         10 |         10 |       0 |    0 |   10 |      0 |      0 |          0 |
|               U_fifo_srl                                                          |            ursa_vanilla_ocm_mxm_execute_ursa_0_0_mxm_execute_ursa_ca_m_axi_srl__parameterized0_29 |          4 |          3 |       0 |    1 |    1 |      0 |      0 |          0 |
|             rs_resp                                                               |         ursa_vanilla_ocm_mxm_execute_ursa_0_0_mxm_execute_ursa_ca_m_axi_reg_slice__parameterized1 |          4 |          4 |       0 |    0 |    5 |      0 |      0 |          0 |
|             wreq_burst_conv                                                       |                   ursa_vanilla_ocm_mxm_execute_ursa_0_0_mxm_execute_ursa_ca_m_axi_burst_converter |        192 |        192 |       0 |    0 |  268 |      0 |      0 |          0 |
|               (wreq_burst_conv)                                                   |                   ursa_vanilla_ocm_mxm_execute_ursa_0_0_mxm_execute_ursa_ca_m_axi_burst_converter |        127 |        127 |       0 |    0 |  199 |      0 |      0 |          0 |
|               rs_req                                                              |                         ursa_vanilla_ocm_mxm_execute_ursa_0_0_mxm_execute_ursa_ca_m_axi_reg_slice |         65 |         65 |       0 |    0 |   69 |      0 |      0 |          0 |
|             wreq_throttle                                                         |                          ursa_vanilla_ocm_mxm_execute_ursa_0_0_mxm_execute_ursa_ca_m_axi_throttle |        118 |         80 |       0 |   38 |  172 |      0 |      0 |          0 |
|               (wreq_throttle)                                                     |                          ursa_vanilla_ocm_mxm_execute_ursa_0_0_mxm_execute_ursa_ca_m_axi_throttle |          1 |          1 |       0 |    0 |    6 |      0 |      0 |          0 |
|               data_fifo                                                           |              ursa_vanilla_ocm_mxm_execute_ursa_0_0_mxm_execute_ursa_ca_m_axi_fifo__parameterized6 |         47 |         27 |       0 |   20 |   49 |      0 |      0 |          0 |
|                 (data_fifo)                                                       |              ursa_vanilla_ocm_mxm_execute_ursa_0_0_mxm_execute_ursa_ca_m_axi_fifo__parameterized6 |         17 |         17 |       0 |    0 |   12 |      0 |      0 |          0 |
|                 U_fifo_srl                                                        |               ursa_vanilla_ocm_mxm_execute_ursa_0_0_mxm_execute_ursa_ca_m_axi_srl__parameterized4 |         31 |         11 |       0 |   20 |   37 |      0 |      0 |          0 |
|               req_fifo                                                            |              ursa_vanilla_ocm_mxm_execute_ursa_0_0_mxm_execute_ursa_ca_m_axi_fifo__parameterized5 |         30 |         12 |       0 |   18 |   44 |      0 |      0 |          0 |
|                 (req_fifo)                                                        |              ursa_vanilla_ocm_mxm_execute_ursa_0_0_mxm_execute_ursa_ca_m_axi_fifo__parameterized5 |         11 |         11 |       0 |    0 |   10 |      0 |      0 |          0 |
|                 U_fifo_srl                                                        |               ursa_vanilla_ocm_mxm_execute_ursa_0_0_mxm_execute_ursa_ca_m_axi_srl__parameterized3 |         20 |          2 |       0 |   18 |   34 |      0 |      0 |          0 |
|               rs_req                                                              |         ursa_vanilla_ocm_mxm_execute_ursa_0_0_mxm_execute_ursa_ca_m_axi_reg_slice__parameterized0 |         41 |         41 |       0 |    0 |   73 |      0 |      0 |          0 |
|           store_unit                                                              |                             ursa_vanilla_ocm_mxm_execute_ursa_0_0_mxm_execute_ursa_ca_m_axi_store |         72 |         54 |       0 |   18 |  109 |      0 |      1 |          0 |
|             (store_unit)                                                          |                             ursa_vanilla_ocm_mxm_execute_ursa_0_0_mxm_execute_ursa_ca_m_axi_store |          1 |          1 |       0 |    0 |   33 |      0 |      0 |          0 |
|             buff_wdata                                                            |              ursa_vanilla_ocm_mxm_execute_ursa_0_0_mxm_execute_ursa_ca_m_axi_fifo__parameterized0 |         13 |         13 |       0 |    0 |   20 |      0 |      1 |          0 |
|               (buff_wdata)                                                        |              ursa_vanilla_ocm_mxm_execute_ursa_0_0_mxm_execute_ursa_ca_m_axi_fifo__parameterized0 |         11 |         11 |       0 |    0 |   16 |      0 |      0 |          0 |
|               U_fifo_mem                                                          |                               ursa_vanilla_ocm_mxm_execute_ursa_0_0_mxm_execute_ursa_ca_m_axi_mem |          2 |          2 |       0 |    0 |    4 |      0 |      1 |          0 |
|             fifo_wreq                                                             |                              ursa_vanilla_ocm_mxm_execute_ursa_0_0_mxm_execute_ursa_ca_m_axi_fifo |         28 |         11 |       0 |   17 |   39 |      0 |      0 |          0 |
|               (fifo_wreq)                                                         |                              ursa_vanilla_ocm_mxm_execute_ursa_0_0_mxm_execute_ursa_ca_m_axi_fifo |          8 |          8 |       0 |    0 |    8 |      0 |      0 |          0 |
|               U_fifo_srl                                                          |                               ursa_vanilla_ocm_mxm_execute_ursa_0_0_mxm_execute_ursa_ca_m_axi_srl |         20 |          3 |       0 |   17 |   31 |      0 |      0 |          0 |
|             fifo_wrsp                                                             |              ursa_vanilla_ocm_mxm_execute_ursa_0_0_mxm_execute_ursa_ca_m_axi_fifo__parameterized1 |         17 |         16 |       0 |    1 |   11 |      0 |      0 |          0 |
|               (fifo_wrsp)                                                         |              ursa_vanilla_ocm_mxm_execute_ursa_0_0_mxm_execute_ursa_ca_m_axi_fifo__parameterized1 |          7 |          7 |       0 |    0 |   10 |      0 |      0 |          0 |
|               U_fifo_srl                                                          |               ursa_vanilla_ocm_mxm_execute_ursa_0_0_mxm_execute_ursa_ca_m_axi_srl__parameterized0 |         10 |          9 |       0 |    1 |    1 |      0 |      0 |          0 |
|             user_resp                                                             |              ursa_vanilla_ocm_mxm_execute_ursa_0_0_mxm_execute_ursa_ca_m_axi_fifo__parameterized2 |         15 |         15 |       0 |    0 |    6 |      0 |      0 |          0 |
|         control_s_axi_U                                                           |                              ursa_vanilla_ocm_mxm_execute_ursa_0_0_mxm_execute_ursa_control_s_axi |         92 |         92 |       0 |    0 |  139 |      0 |      0 |          0 |
|         grp_mxm_execute_ursa_Pipeline_VITIS_LOOP_138_3_fu_246                     | ursa_vanilla_ocm_mxm_execute_ursa_0_0_mxm_execute_ursa_mxm_execute_ursa_Pipeline_VITIS_LOOP_138_3 |       1379 |       1379 |       0 |    0 |  704 |      0 |      0 |         20 |
|           (grp_mxm_execute_ursa_Pipeline_VITIS_LOOP_138_3_fu_246)                 | ursa_vanilla_ocm_mxm_execute_ursa_0_0_mxm_execute_ursa_mxm_execute_ursa_Pipeline_VITIS_LOOP_138_3 |        871 |        871 |       0 |    0 |  702 |      0 |      0 |          4 |
|           flow_control_loop_pipe_sequential_init_U                                |     ursa_vanilla_ocm_mxm_execute_ursa_0_0_mxm_execute_ursa_flow_control_loop_pipe_sequential_init |        136 |        136 |       0 |    0 |    2 |      0 |      0 |          0 |
|           mac_muladd_8ns_8s_20s_20_4_1_U10                                        |               ursa_vanilla_ocm_mxm_execute_ursa_0_0_mxm_execute_ursa_mac_muladd_8ns_8s_20s_20_4_1 |         28 |         28 |       0 |    0 |    0 |      0 |      0 |          1 |
|             mxm_execute_ursa_mac_muladd_8ns_8s_20s_20_4_1_DSP48_0_U               |    ursa_vanilla_ocm_mxm_execute_ursa_0_0_mxm_execute_ursa_mac_muladd_8ns_8s_20s_20_4_1_DSP48_0_27 |         28 |         28 |       0 |    0 |    0 |      0 |      0 |          1 |
|           mac_muladd_8ns_8s_20s_20_4_1_U11                                        |             ursa_vanilla_ocm_mxm_execute_ursa_0_0_mxm_execute_ursa_mac_muladd_8ns_8s_20s_20_4_1_0 |         30 |         30 |       0 |    0 |    0 |      0 |      0 |          1 |
|             mxm_execute_ursa_mac_muladd_8ns_8s_20s_20_4_1_DSP48_0_U               |    ursa_vanilla_ocm_mxm_execute_ursa_0_0_mxm_execute_ursa_mac_muladd_8ns_8s_20s_20_4_1_DSP48_0_26 |         30 |         30 |       0 |    0 |    0 |      0 |      0 |          1 |
|           mac_muladd_8ns_8s_20s_20_4_1_U12                                        |             ursa_vanilla_ocm_mxm_execute_ursa_0_0_mxm_execute_ursa_mac_muladd_8ns_8s_20s_20_4_1_1 |         25 |         25 |       0 |    0 |    0 |      0 |      0 |          1 |
|             mxm_execute_ursa_mac_muladd_8ns_8s_20s_20_4_1_DSP48_0_U               |    ursa_vanilla_ocm_mxm_execute_ursa_0_0_mxm_execute_ursa_mac_muladd_8ns_8s_20s_20_4_1_DSP48_0_25 |         25 |         25 |       0 |    0 |    0 |      0 |      0 |          1 |
|           mac_muladd_8ns_8s_20s_20_4_1_U13                                        |             ursa_vanilla_ocm_mxm_execute_ursa_0_0_mxm_execute_ursa_mac_muladd_8ns_8s_20s_20_4_1_2 |         31 |         31 |       0 |    0 |    0 |      0 |      0 |          1 |
|             mxm_execute_ursa_mac_muladd_8ns_8s_20s_20_4_1_DSP48_0_U               |    ursa_vanilla_ocm_mxm_execute_ursa_0_0_mxm_execute_ursa_mac_muladd_8ns_8s_20s_20_4_1_DSP48_0_24 |         31 |         31 |       0 |    0 |    0 |      0 |      0 |          1 |
|           mac_muladd_8ns_8s_20s_20_4_1_U14                                        |             ursa_vanilla_ocm_mxm_execute_ursa_0_0_mxm_execute_ursa_mac_muladd_8ns_8s_20s_20_4_1_3 |         20 |         20 |       0 |    0 |    0 |      0 |      0 |          1 |
|             mxm_execute_ursa_mac_muladd_8ns_8s_20s_20_4_1_DSP48_0_U               |    ursa_vanilla_ocm_mxm_execute_ursa_0_0_mxm_execute_ursa_mac_muladd_8ns_8s_20s_20_4_1_DSP48_0_23 |         20 |         20 |       0 |    0 |    0 |      0 |      0 |          1 |
|           mac_muladd_8ns_8s_20s_20_4_1_U15                                        |             ursa_vanilla_ocm_mxm_execute_ursa_0_0_mxm_execute_ursa_mac_muladd_8ns_8s_20s_20_4_1_4 |         25 |         25 |       0 |    0 |    0 |      0 |      0 |          1 |
|             mxm_execute_ursa_mac_muladd_8ns_8s_20s_20_4_1_DSP48_0_U               |    ursa_vanilla_ocm_mxm_execute_ursa_0_0_mxm_execute_ursa_mac_muladd_8ns_8s_20s_20_4_1_DSP48_0_22 |         25 |         25 |       0 |    0 |    0 |      0 |      0 |          1 |
|           mac_muladd_8ns_8s_20s_20_4_1_U16                                        |             ursa_vanilla_ocm_mxm_execute_ursa_0_0_mxm_execute_ursa_mac_muladd_8ns_8s_20s_20_4_1_5 |         21 |         21 |       0 |    0 |    0 |      0 |      0 |          1 |
|             mxm_execute_ursa_mac_muladd_8ns_8s_20s_20_4_1_DSP48_0_U               |    ursa_vanilla_ocm_mxm_execute_ursa_0_0_mxm_execute_ursa_mac_muladd_8ns_8s_20s_20_4_1_DSP48_0_21 |         21 |         21 |       0 |    0 |    0 |      0 |      0 |          1 |
|           mac_muladd_8ns_8s_20s_20_4_1_U18                                        |             ursa_vanilla_ocm_mxm_execute_ursa_0_0_mxm_execute_ursa_mac_muladd_8ns_8s_20s_20_4_1_6 |         21 |         21 |       0 |    0 |    0 |      0 |      0 |          1 |
|             mxm_execute_ursa_mac_muladd_8ns_8s_20s_20_4_1_DSP48_0_U               |    ursa_vanilla_ocm_mxm_execute_ursa_0_0_mxm_execute_ursa_mac_muladd_8ns_8s_20s_20_4_1_DSP48_0_20 |         21 |         21 |       0 |    0 |    0 |      0 |      0 |          1 |
|           mac_muladd_8ns_8s_20s_20_4_1_U5                                         |             ursa_vanilla_ocm_mxm_execute_ursa_0_0_mxm_execute_ursa_mac_muladd_8ns_8s_20s_20_4_1_7 |         26 |         26 |       0 |    0 |    0 |      0 |      0 |          1 |
|             mxm_execute_ursa_mac_muladd_8ns_8s_20s_20_4_1_DSP48_0_U               |    ursa_vanilla_ocm_mxm_execute_ursa_0_0_mxm_execute_ursa_mac_muladd_8ns_8s_20s_20_4_1_DSP48_0_19 |         26 |         26 |       0 |    0 |    0 |      0 |      0 |          1 |
|           mac_muladd_8ns_8s_20s_20_4_1_U6                                         |             ursa_vanilla_ocm_mxm_execute_ursa_0_0_mxm_execute_ursa_mac_muladd_8ns_8s_20s_20_4_1_8 |         24 |         24 |       0 |    0 |    0 |      0 |      0 |          1 |
|             mxm_execute_ursa_mac_muladd_8ns_8s_20s_20_4_1_DSP48_0_U               |    ursa_vanilla_ocm_mxm_execute_ursa_0_0_mxm_execute_ursa_mac_muladd_8ns_8s_20s_20_4_1_DSP48_0_18 |         24 |         24 |       0 |    0 |    0 |      0 |      0 |          1 |
|           mac_muladd_8ns_8s_20s_20_4_1_U7                                         |             ursa_vanilla_ocm_mxm_execute_ursa_0_0_mxm_execute_ursa_mac_muladd_8ns_8s_20s_20_4_1_9 |         23 |         23 |       0 |    0 |    0 |      0 |      0 |          1 |
|             mxm_execute_ursa_mac_muladd_8ns_8s_20s_20_4_1_DSP48_0_U               |    ursa_vanilla_ocm_mxm_execute_ursa_0_0_mxm_execute_ursa_mac_muladd_8ns_8s_20s_20_4_1_DSP48_0_17 |         23 |         23 |       0 |    0 |    0 |      0 |      0 |          1 |
|           mac_muladd_8ns_8s_20s_20_4_1_U8                                         |            ursa_vanilla_ocm_mxm_execute_ursa_0_0_mxm_execute_ursa_mac_muladd_8ns_8s_20s_20_4_1_10 |         24 |         24 |       0 |    0 |    0 |      0 |      0 |          1 |
|             mxm_execute_ursa_mac_muladd_8ns_8s_20s_20_4_1_DSP48_0_U               |    ursa_vanilla_ocm_mxm_execute_ursa_0_0_mxm_execute_ursa_mac_muladd_8ns_8s_20s_20_4_1_DSP48_0_16 |         24 |         24 |       0 |    0 |    0 |      0 |      0 |          1 |
|           mac_muladd_8ns_8s_20s_20_4_1_U9                                         |            ursa_vanilla_ocm_mxm_execute_ursa_0_0_mxm_execute_ursa_mac_muladd_8ns_8s_20s_20_4_1_11 |         25 |         25 |       0 |    0 |    0 |      0 |      0 |          1 |
|             mxm_execute_ursa_mac_muladd_8ns_8s_20s_20_4_1_DSP48_0_U               |       ursa_vanilla_ocm_mxm_execute_ursa_0_0_mxm_execute_ursa_mac_muladd_8ns_8s_20s_20_4_1_DSP48_0 |         25 |         25 |       0 |    0 |    0 |      0 |      0 |          1 |
|           mac_muladd_8s_8ns_20s_20_4_1_U17                                        |               ursa_vanilla_ocm_mxm_execute_ursa_0_0_mxm_execute_ursa_mac_muladd_8s_8ns_20s_20_4_1 |         20 |         20 |       0 |    0 |    0 |      0 |      0 |          1 |
|             mxm_execute_ursa_mac_muladd_8s_8ns_20s_20_4_1_DSP48_1_U               |    ursa_vanilla_ocm_mxm_execute_ursa_0_0_mxm_execute_ursa_mac_muladd_8s_8ns_20s_20_4_1_DSP48_1_15 |         20 |         20 |       0 |    0 |    0 |      0 |      0 |          1 |
|           mac_muladd_8s_8ns_20s_20_4_1_U19                                        |            ursa_vanilla_ocm_mxm_execute_ursa_0_0_mxm_execute_ursa_mac_muladd_8s_8ns_20s_20_4_1_12 |         21 |         21 |       0 |    0 |    0 |      0 |      0 |          1 |
|             mxm_execute_ursa_mac_muladd_8s_8ns_20s_20_4_1_DSP48_1_U               |    ursa_vanilla_ocm_mxm_execute_ursa_0_0_mxm_execute_ursa_mac_muladd_8s_8ns_20s_20_4_1_DSP48_1_14 |         21 |         21 |       0 |    0 |    0 |      0 |      0 |          1 |
|           mac_muladd_8s_8ns_20s_20_4_1_U20                                        |            ursa_vanilla_ocm_mxm_execute_ursa_0_0_mxm_execute_ursa_mac_muladd_8s_8ns_20s_20_4_1_13 |         21 |         21 |       0 |    0 |    0 |      0 |      0 |          1 |
|             mxm_execute_ursa_mac_muladd_8s_8ns_20s_20_4_1_DSP48_1_U               |       ursa_vanilla_ocm_mxm_execute_ursa_0_0_mxm_execute_ursa_mac_muladd_8s_8ns_20s_20_4_1_DSP48_1 |         21 |         21 |       0 |    0 |    0 |      0 |      0 |          1 |
|         grp_sa_store_fu_343                                                       |                                   ursa_vanilla_ocm_mxm_execute_ursa_0_0_mxm_execute_ursa_sa_store |        333 |        333 |       0 |    0 |  155 |      0 |      0 |          0 |
|     proc_sys_reset_0                                                              |                                                               ursa_vanilla_ocm_proc_sys_reset_0_0 |         17 |         16 |       0 |    1 |   33 |      0 |      0 |          0 |
|       U0                                                                          |                                                ursa_vanilla_ocm_proc_sys_reset_0_0_proc_sys_reset |         17 |         16 |       0 |    1 |   33 |      0 |      0 |          0 |
|         (U0)                                                                      |                                                ursa_vanilla_ocm_proc_sys_reset_0_0_proc_sys_reset |          0 |          0 |       0 |    0 |    1 |      0 |      0 |          0 |
|         EXT_LPF                                                                   |                                                           ursa_vanilla_ocm_proc_sys_reset_0_0_lpf |          5 |          4 |       0 |    1 |   17 |      0 |      0 |          0 |
|           (EXT_LPF)                                                               |                                                           ursa_vanilla_ocm_proc_sys_reset_0_0_lpf |          2 |          1 |       0 |    1 |    9 |      0 |      0 |          0 |
|           ACTIVE_LOW_AUX.ACT_LO_AUX                                               |                                                      ursa_vanilla_ocm_proc_sys_reset_0_0_cdc_sync |          1 |          1 |       0 |    0 |    4 |      0 |      0 |          0 |
|           ACTIVE_LOW_EXT.ACT_LO_EXT                                               |                                                    ursa_vanilla_ocm_proc_sys_reset_0_0_cdc_sync_0 |          2 |          2 |       0 |    0 |    4 |      0 |      0 |          0 |
|         SEQ                                                                       |                                                  ursa_vanilla_ocm_proc_sys_reset_0_0_sequence_psr |         12 |         12 |       0 |    0 |   15 |      0 |      0 |          0 |
|           (SEQ)                                                                   |                                                  ursa_vanilla_ocm_proc_sys_reset_0_0_sequence_psr |          7 |          7 |       0 |    0 |    9 |      0 |      0 |          0 |
|           SEQ_COUNTER                                                             |                                                       ursa_vanilla_ocm_proc_sys_reset_0_0_upcnt_n |          5 |          5 |       0 |    0 |    6 |      0 |      0 |          0 |
|     processing_system7_0                                                          |                                                           ursa_vanilla_ocm_processing_system7_0_0 |          0 |          0 |       0 |    0 |    0 |      0 |      0 |          0 |
|       inst                                                                        |                ursa_vanilla_ocm_processing_system7_0_0_processing_system7_v5_5_processing_system7 |          0 |          0 |       0 |    0 |    0 |      0 |      0 |          0 |
+-----------------------------------------------------------------------------------+---------------------------------------------------------------------------------------------------+------------+------------+---------+------+------+--------+--------+------------+
* Note: The sum of lower-level cells may be larger than their parent cells total, due to cross-hierarchy LUT combining


